
:::---::: PyORBIT v11.0.1 :::---:::

Python version in use:
3.10.18 (main, Jun  5 2025, 13:14:17) [GCC 11.2.0]

reloaded_optimize:  False
reloaded_pyde:  False
reloaded_emcee:  False

number of multiprocessing threads: 16
multiprocessing method (should be fork):  fork

parameters/safe_reload flag (must be True for tinygp):  False

Opening:  RVdata

Adding common model of planet:  b
Adding common model of planet:  c
Adding common model of planet:  d
Using orbital model:  keplerian
Using orbital parametrization:  Eastman2013

Using orbital model:  keplerian
Using orbital parametrization:  Eastman2013

Using orbital model:  keplerian
Using orbital parametrization:  Eastman2013


====================================================================================================
     Ids, spaces (s), boundaries (b) and priors (p) of the sampler parameters     
====================================================================================================

----- dataset:  RVdata
jitter_0      id:  15  s:Linear      b:[      0.0009,      13.2000]   p:Uniform   []
offset_0      id:  16  s:Linear      b:[  -9995.2560,   10015.1650]   p:Uniform   []
offset_1      id:  17  s:Linear      b:[  -9995.2560,   10015.1650]   p:Uniform   []
offset_2      id:  18  s:Linear      b:[  -9995.2560,   10015.1650]   p:Uniform   []
offset_3      id:  19  s:Linear      b:[  -9995.2560,   10015.1650]   p:Uniform   []

----- common model:  b
P             id:   0  s:Log_Base2   b:[      0.3785,       6.6439]   p:Uniform   []
K             id:   1  s:Log_Base2   b:[     -9.9658,       3.3219]   p:Uniform   []
sre_coso      id:   2  s:Linear      b:[     -1.0000,       1.0000]   p:Uniform   []
sre_sino      id:   3  s:Linear      b:[     -1.0000,       1.0000]   p:Uniform   []
mean_long     id:   4  s:Linear      b:[      0.0000,     360.0000]   p:Uniform   []
e             derived (no id, space, bound)                           p:Gaussian   [0.    0.098]
omega         derived (no id, space, bound)                           p:Uniform   [0.0, 360.0]

----- common model:  c
P             id:   5  s:Log_Base2   b:[      0.3785,       6.6439]   p:Uniform   []
K             id:   6  s:Log_Base2   b:[     -9.9658,       3.3219]   p:Uniform   []
sre_coso      id:   7  s:Linear      b:[     -1.0000,       1.0000]   p:Uniform   []
sre_sino      id:   8  s:Linear      b:[     -1.0000,       1.0000]   p:Uniform   []
mean_long     id:   9  s:Linear      b:[      0.0000,     360.0000]   p:Uniform   []
e             derived (no id, space, bound)                           p:Gaussian   [0.    0.098]
omega         derived (no id, space, bound)                           p:Uniform   [0.0, 360.0]

----- common model:  d
P             id:  10  s:Log_Base2   b:[      0.3785,       6.6439]   p:Uniform   []
K             id:  11  s:Log_Base2   b:[     -9.9658,       3.3219]   p:Uniform   []
sre_coso      id:  12  s:Linear      b:[     -1.0000,       1.0000]   p:Uniform   []
sre_sino      id:  13  s:Linear      b:[     -1.0000,       1.0000]   p:Uniform   []
mean_long     id:  14  s:Linear      b:[      0.0000,     360.0000]   p:Uniform   []
e             derived (no id, space, bound)                           p:Gaussian   [0.    0.098]
omega         derived (no id, space, bound)                           p:Uniform   [0.0, 360.0]

----- common model:  star_parameters
mass          derived (no id, space, bound)                           p:Gaussian   [1.e+00 1.e-06]
radius        derived (no id, space, bound)                           p:Gaussian   [1.e+00 1.e-06]
density       derived (no id, space, bound)                           p:Gaussian   [1.e+00 1.e-06]

Include priors:  True

Reference Time Tref:  59334.700184

Dimensions =  20
Nwalkers =  80

Using threading pool for PyDE: True
PyDE running
Boundaries redefined after PyDE output
PyDE completed, it took          6.4 seconds

====================================================================================================
     Starting point of the sample/optimization routines    
====================================================================================================

----- dataset:  RVdata
jitter_0        15      1.380535 [    0.0009,    13.2000]
offset_0        16      8.623381 [-9995.2560, 10015.1650]
offset_1        17     10.443409 [-9995.2560, 10015.1650]
offset_2        18      9.717625 [-9995.2560, 10015.1650]
offset_3        19      9.670236 [-9995.2560, 10015.1650]

----- common model:  b
P                0      3.995558 [    0.3785,     6.6439]
K                1     -0.378032 [   -9.9658,     3.3219]
sre_coso         2      0.223054 [   -1.0000,     1.0000]
sre_sino         3      0.281273 [   -1.0000,     1.0000]
mean_long        4    333.566015 [  153.5660,   513.5660]

----- common model:  c
P                5      6.643804 [    0.3785,     6.6439]
K                6      0.273227 [   -9.9658,     3.3219]
sre_coso         7      0.402626 [   -1.0000,     1.0000]
sre_sino         8      0.057340 [   -1.0000,     1.0000]
mean_long        9      9.231497 [ -170.7685,   189.2315]

----- common model:  d
P               10      3.699368 [    0.3785,     6.6439]
K               11     -0.270997 [   -9.9658,     3.3219]
sre_coso        12      0.212752 [   -1.0000,     1.0000]
sre_sino        13     -0.206797 [   -1.0000,     1.0000]
mean_long       14    179.045114 [   -0.9549,   359.0451]

----- common model:  star_parameters

====================================================================================================
     Starting point projected onto the model parameter space     
====================================================================================================

----- dataset:  RVdata
jitter_0              1.380535 
offset_0              8.623381 
offset_1             10.443409 
offset_2              9.717625 
offset_3              9.670236 


----- common model:  b
P                    15.950815 
K                     0.769487 
mean_long           333.566015 
e                     0.128868 
omega                51.584977 

----- common model:  c
P                    99.996395 
K                     1.208508 
mean_long             9.231497 
e                     0.165396 
omega                 8.105273 

----- common model:  d
P                    12.990344 
K                     0.828746 
mean_long           179.045114 
e                     0.088028 
omega               -44.186861 

----- common model:  star_parameters

====================================================================================================
     Derived parameters obtained from starting point     
====================================================================================================

----- common model:  b
Inclination fixed to 90 deg!
a_Rs                 26.654540 
M_Mj                  0.009449 
M_Me                  3.003841 
Tc                59339.481843 
a_AU_(M)              0.124010 
a_AU_(rho,R)          0.124010 

----- common model:  c
Inclination fixed to 90 deg!
a_Rs                 90.623037 
M_Mj                  0.027214 
M_Me                  8.651227 
Tc                59352.035702 
a_AU_(M)              0.421626 
a_AU_(rho,R)          0.421621 

----- common model:  d
Inclination fixed to 90 deg!
a_Rs                 23.244999 
M_Mj                  0.009546 
M_Me                  3.034756 
Tc                59344.204046 
a_AU_(M)              0.108147 
a_AU_(rho,R)          0.108147 


====================================================================================================
     Statistics on the log-likelihood     
====================================================================================================

 LN probability:  -658.401943 

====================================================================================================
     ------------------------------------------------------------------------------------------     
====================================================================================================



*************************************************************

Running emcee

emcee version:  3.1.6
Using threading pool for emcee: True


Computing the autocorrelation time of the chains

The chains are more than 50 times longer than the ACF, the estimate can be trusted

Reference thinning used in the analysis: 100
Maximum value of the integrated ACF: 5
Step length used in the analysis: 5*nthin = 500

Convergence criteria: less than 1% variation in ACF after 50 times the integrated ACF
At least 50*ACF after convergence, 100*ACF would be ideal
Negative values: not converged yet

   sampler parameter              |    ACF   | ACF*nthin | converged at | nsteps/ACF | to 100*ACF
                                  |          |           |              |            | 
   RVdata_jitter_0                |    4.11  |      411  |    24000     |      63    |   15095 
   RVdata_offset_0                |    4.22  |      422  |    25000     |      59    |   17175 
   RVdata_offset_1                |    4.31  |      431  |    25000     |      58    |   18064 
   RVdata_offset_2                |    4.34  |      434  |    24000     |      60    |   17406 
   RVdata_offset_3                |    4.40  |      440  |    25000     |      57    |   18984 
   b_P                            |    4.33  |      433  |    24500     |      59    |   17782 
   b_K                            |    4.84  |      484  |    27000     |      47    |   25450 
   b_sre_coso                     |    4.71  |      471  |    26000     |      51    |   23120 
   b_sre_sino                     |    4.39  |      439  |    24000     |      59    |   17876 
   b_mean_long                    |    4.36  |      436  |    24500     |      58    |   18100 
   c_P                            |    5.59  |      559  |    32500     |      31    |   38430 
   c_K                            |    4.47  |      447  |    25000     |      56    |   19681 
   c_sre_coso                     |    4.51  |      451  |    25000     |      55    |   20112 
   c_sre_sino                     |    4.85  |      485  |    27000     |      47    |   25465 
   c_mean_long                    |    4.62  |      462  |    26000     |      52    |   22230 
   d_P                            |    4.80  |      480  |    27500     |      47    |   25487 
   d_K                            |    4.39  |      439  |    25500     |      56    |   19364 
   d_sre_coso                     |    4.53  |      453  |    25500     |      54    |   20821 
   d_sre_sino                     |    4.50  |      450  |    24500     |      57    |   19487 
   d_mean_long                    |    4.73  |      473  |    27000     |      49    |   24277 

All the chains have converged, but PyORBIT should keep running for about:
3011 more steps to reach 50*ACF,
21220 more steps to reach 100*ACF
Suggested value for burnin: 25725

Check the documentation for the correct interpretation of these results:
https://pyorbit.readthedocs.io/running_pyorbit/terminal_output/#autocorrelation-analysis

====================================================================================================
     Statistics on the posterior of the sampler parameters     
====================================================================================================

----- dataset:  RVdata
jitter_0        15         1.433       -0.056        0.061   (15-84 p)   [    0.0009,    13.2000]
offset_0        16          8.56        -0.15         0.14   (15-84 p)   [-9995.2560, 10015.1650]
offset_1        17         10.31        -0.29         0.29   (15-84 p)   [-9995.2560, 10015.1650]
offset_2        18          9.69        -0.16         0.16   (15-84 p)   [-9995.2560, 10015.1650]
offset_3        19          9.60        -0.17         0.17   (15-84 p)   [-9995.2560, 10015.1650]

----- common model:  b
P                0         4.013       -0.027        0.028   (15-84 p)   [    0.3785,     6.6439]
K                1         -0.54        -0.30         0.25   (15-84 p)   [   -9.9658,     3.3219]
sre_coso         2          0.09        -0.22         0.19   (15-84 p)   [   -1.0000,     1.0000]
sre_sino         3          0.07        -0.23         0.22   (15-84 p)   [   -1.0000,     1.0000]
mean_long        4           344          -20           20   (15-84 p)   [  153.5660,   513.5660]

----- common model:  c
P                5         6.606       -0.056        0.028   (15-84 p)   [    0.3785,     6.6439]
K                6          0.08        -0.21         0.19   (15-84 p)   [   -9.9658,     3.3219]
sre_coso         7          0.21        -0.25         0.18   (15-84 p)   [   -1.0000,     1.0000]
sre_sino         8          0.06        -0.17         0.16   (15-84 p)   [   -1.0000,     1.0000]
mean_long        9           2.3         -9.2          8.2   (15-84 p)   [ -170.7685,   189.2315]

----- common model:  d
P               10         3.709       -0.025        0.028   (15-84 p)   [    0.3785,     6.6439]
K               11         -0.50        -0.31         0.25   (15-84 p)   [   -9.9658,     3.3219]
sre_coso        12          0.04        -0.21         0.20   (15-84 p)   [   -1.0000,     1.0000]
sre_sino        13         -0.05        -0.19         0.21   (15-84 p)   [   -1.0000,     1.0000]
mean_long       14           189          -27           27   (15-84 p)   [   -0.9549,   359.0451]

----- common model:  star_parameters

====================================================================================================
     Statistics on the model parameters obtained from the posteriors samples     
====================================================================================================

----- dataset:  RVdata
jitter_0                 1.433       -0.056        0.061    (15-84 p)
offset_0                  8.56        -0.15         0.14    (15-84 p)
offset_1                 10.31        -0.29         0.29    (15-84 p)
offset_2                  9.69        -0.16         0.16    (15-84 p)
offset_3                  9.60        -0.17         0.17    (15-84 p)


----- common model:  b
P                        16.15        -0.30         0.31    (15-84 p)
K                         0.69        -0.13         0.13    (15-84 p)
mean_long                  344          -20           20    (15-84 p)
e                        0.075       -0.053        0.081    (15-84 p)
omega                       26         -110           76    (15-84 p)

----- common model:  c
P                         97.4         -3.7          1.9    (15-84 p)
K                         1.06        -0.14         0.15    (15-84 p)
mean_long                  2.3         -9.2          8.2    (15-84 p)
e                        0.089       -0.062        0.093    (15-84 p)
omega                       13          -53           60    (15-84 p)

----- common model:  d
P                        13.08        -0.22         0.26    (15-84 p)
K                         0.71        -0.14         0.14    (15-84 p)
mean_long                  189          -27           27    (15-84 p)
e                        0.061       -0.043        0.068    (15-84 p)
omega                      -24          -94          125    (15-84 p)

----- common model:  star_parameters

====================================================================================================
     Statistics on the derived parameters obtained from the posteriors samples     
====================================================================================================

----- common model:  b
Inclination fixed to 90 deg!
Computing planetary mass under the approximation M_planet << M_star (threshold at 30.0 Me)
a_Rs                     26.87        -0.33         0.34    (15-84 p)
M_Mj                    0.0085      -0.0016       0.0016    (15-84 p)
M_Me                      2.71        -0.51         0.50    (15-84 p)
Tc                    59339.31        -0.82         0.78    (15-84 p)
a_AU_(M)                0.1250      -0.0016       0.0016    (15-84 p)
a_AU_(rho,R)            0.1250      -0.0016       0.0016    (15-84 p)

----- common model:  c
Inclination fixed to 90 deg!
Computing planetary mass under the approximation M_planet << M_star (threshold at 30.0 Me)
a_Rs                      89.0         -2.3          1.2    (15-84 p)
M_Mj                    0.0237      -0.0032       0.0033    (15-84 p)
M_Me                       7.5         -1.0          1.1    (15-84 p)
Tc                     59356.4         -3.9          3.2    (15-84 p)
a_AU_(M)                0.4142       -0.011       0.0055    (15-84 p)
a_AU_(rho,R)            0.4142       -0.011       0.0055    (15-84 p)

----- common model:  d
Inclination fixed to 90 deg!
Computing planetary mass under the approximation M_planet << M_star (threshold at 30.0 Me)
a_Rs                     23.35        -0.27         0.31    (15-84 p)
M_Mj                    0.0082      -0.0016       0.0016    (15-84 p)
M_Me                      2.60        -0.50         0.50    (15-84 p)
Tc                    59344.11        -0.90         0.89    (15-84 p)
a_AU_(M)                0.1087      -0.0012       0.0014    (15-84 p)
a_AU_(rho,R)            0.1087      -0.0012       0.0014    (15-84 p)


====================================================================================================
     ------------------------------------------------------------------------------------------     
====================================================================================================



emcee completed


:::---::: PyORBIT v11.0.1 :::---:::

Python version in use:
3.10.18 (main, Jun  5 2025, 13:14:17) [GCC 11.2.0]
LaTeX disabled by default

Using orbital model:  keplerian
Using orbital parametrization:  Eastman2013

Using orbital model:  keplerian
Using orbital parametrization:  Eastman2013

Using orbital model:  keplerian
Using orbital parametrization:  Eastman2013


### PyORBIT version used in the analysis:  11.0.1

 emcee version:  3.1.6

 Reference Time Tref: 59334.700184

 Data points:322
 Dimensions: 20
 Nwalkers:   80
 Steps:      50000


Number of samplings: 24000

Recomputing ln-prior, it may take a while...

ln-probability   distribution:   -668.95       -3.69      2.90 (15-84 p) 
ln-prior         distribution:    -95.48       -1.89      0.98 (15-84 p) 
ln-likelihood    distribution:   -573.16       -3.68      3.20 (15-84 p) 


*** Information criteria using the likelihood distribution

 BIC from distribution  (using likelihood)  =   1261.81     -6.40    7.35 (15-84 p)
 AIC from distribution  (using likelihood)  =   1186.32     -6.40    7.35 (15-84 p)
 AICc from distribution (using likelihood)  =   1189.11     -6.40    7.35 (15-84 p)


*** Information criteria using the median parameter set

 ln_probability of Median solution =   -660.91
 ln_priors of Median solution      =    -94.11
 ln_likelihood of Median solution  =   -566.79

 Median BIC  (using likelihood) =   1249.08
 Median AIC  (using likelihood) =   1173.59
 Median AICc (using likelihood) =   1176.38


*** Information criteria using the MAP parameter set

 ln_probability of MAP solution =   -660.83
 ln_priors of MAP solution      =    -97.07
 ln_likelihood of MAP solution  =   -563.77

 MAP BIC  (using likelihood)    =   1243.03
 MAP AIC  (using likelihood)    =   1167.54
 MAP AICc (using likelihood)    =   1170.33

 AICc suggested over AIC because NDATA ( 322 ) < 40 * NDIM ( 20 )

****************************************************************************************************


Computing the autocorrelation time of the chains

The chains are more than 50 times longer than the ACF, the estimate can be trusted

Reference thinning used in the analysis: 100
Maximum value of the integrated ACF: 5
Step length used in the analysis: 5*nthin = 500

Convergence criteria: less than 1% variation in ACF after 50 times the integrated ACF
At least 50*ACF after convergence, 100*ACF would be ideal
Negative values: not converged yet

   sampler parameter              |    ACF   | ACF*nthin | converged at | nsteps/ACF | to 100*ACF
                                  |          |           |              |            | 
   RVdata_jitter_0                |    4.11  |      411  |    24000     |      63    |   15095 
   RVdata_offset_0                |    4.22  |      422  |    25000     |      59    |   17175 
   RVdata_offset_1                |    4.31  |      431  |    25000     |      58    |   18064 
   RVdata_offset_2                |    4.34  |      434  |    24000     |      60    |   17406 
   RVdata_offset_3                |    4.40  |      440  |    25000     |      57    |   18984 
   b_P                            |    4.33  |      433  |    24500     |      59    |   17782 
   b_K                            |    4.84  |      484  |    27000     |      47    |   25450 
   b_sre_coso                     |    4.71  |      471  |    26000     |      51    |   23120 
   b_sre_sino                     |    4.39  |      439  |    24000     |      59    |   17876 
   b_mean_long                    |    4.36  |      436  |    24500     |      58    |   18100 
   c_P                            |    5.59  |      559  |    32500     |      31    |   38430 
   c_K                            |    4.47  |      447  |    25000     |      56    |   19681 
   c_sre_coso                     |    4.51  |      451  |    25000     |      55    |   20112 
   c_sre_sino                     |    4.85  |      485  |    27000     |      47    |   25465 
   c_mean_long                    |    4.62  |      462  |    26000     |      52    |   22230 
   d_P                            |    4.80  |      480  |    27500     |      47    |   25487 
   d_K                            |    4.39  |      439  |    25500     |      56    |   19364 
   d_sre_coso                     |    4.53  |      453  |    25500     |      54    |   20821 
   d_sre_sino                     |    4.50  |      450  |    24500     |      57    |   19487 
   d_mean_long                    |    4.73  |      473  |    27000     |      49    |   24277 

All the chains have converged, but PyORBIT should keep running for about:
3011 more steps to reach 50*ACF,
21220 more steps to reach 100*ACF
Suggested value for burnin: 25725

Check the documentation for the correct interpretation of these results:
https://pyorbit.readthedocs.io/running_pyorbit/terminal_output/#autocorrelation-analysis

 Plotting the ACF... 


====================================================================================================
     Ids, spaces (s), boundaries (b) and priors (p) of the sampler parameters     
====================================================================================================

----- dataset:  RVdata
jitter_0      id:  15  s:Linear      b:[      0.0009,      13.2000]   p:Uniform   []
offset_0      id:  16  s:Linear      b:[  -9995.2560,   10015.1650]   p:Uniform   []
offset_1      id:  17  s:Linear      b:[  -9995.2560,   10015.1650]   p:Uniform   []
offset_2      id:  18  s:Linear      b:[  -9995.2560,   10015.1650]   p:Uniform   []
offset_3      id:  19  s:Linear      b:[  -9995.2560,   10015.1650]   p:Uniform   []

----- common model:  b
P             id:   0  s:Log_Base2   b:[      0.3785,       6.6439]   p:Uniform   []
K             id:   1  s:Log_Base2   b:[     -9.9658,       3.3219]   p:Uniform   []
sre_coso      id:   2  s:Linear      b:[     -1.0000,       1.0000]   p:Uniform   []
sre_sino      id:   3  s:Linear      b:[     -1.0000,       1.0000]   p:Uniform   []
mean_long     id:   4  s:Linear      b:[    153.5660,     513.5660]   p:Uniform   []
e             derived (no id, space, bound)                           p:Gaussian   [0.    0.098]
omega         derived (no id, space, bound)                           p:Uniform   [0.0, 360.0]

----- common model:  c
P             id:   5  s:Log_Base2   b:[      0.3785,       6.6439]   p:Uniform   []
K             id:   6  s:Log_Base2   b:[     -9.9658,       3.3219]   p:Uniform   []
sre_coso      id:   7  s:Linear      b:[     -1.0000,       1.0000]   p:Uniform   []
sre_sino      id:   8  s:Linear      b:[     -1.0000,       1.0000]   p:Uniform   []
mean_long     id:   9  s:Linear      b:[   -170.7685,     189.2315]   p:Uniform   []
e             derived (no id, space, bound)                           p:Gaussian   [0.    0.098]
omega         derived (no id, space, bound)                           p:Uniform   [0.0, 360.0]

----- common model:  d
P             id:  10  s:Log_Base2   b:[      0.3785,       6.6439]   p:Uniform   []
K             id:  11  s:Log_Base2   b:[     -9.9658,       3.3219]   p:Uniform   []
sre_coso      id:  12  s:Linear      b:[     -1.0000,       1.0000]   p:Uniform   []
sre_sino      id:  13  s:Linear      b:[     -1.0000,       1.0000]   p:Uniform   []
mean_long     id:  14  s:Linear      b:[     -0.9549,     359.0451]   p:Uniform   []
e             derived (no id, space, bound)                           p:Gaussian   [0.    0.098]
omega         derived (no id, space, bound)                           p:Uniform   [0.0, 360.0]

----- common model:  star_parameters
mass          derived (no id, space, bound)                           p:Gaussian   [1.e+00 1.e-06]
radius        derived (no id, space, bound)                           p:Gaussian   [1.e+00 1.e-06]
density       derived (no id, space, bound)                           p:Gaussian   [1.e+00 1.e-06]


****************************************************************************************************
****************************************************************************************************

 Confidence intervals (median value, 34.135th percentile from the median on the left and right side)

====================================================================================================
     Statistics on the posterior of the sampler parameters     
====================================================================================================

----- dataset:  RVdata
jitter_0        15         1.433       -0.056        0.061   (15-84 p)   [    0.0009,    13.2000]
offset_0        16          8.56        -0.15         0.14   (15-84 p)   [-9995.2560, 10015.1650]
offset_1        17         10.31        -0.29         0.29   (15-84 p)   [-9995.2560, 10015.1650]
offset_2        18          9.69        -0.16         0.16   (15-84 p)   [-9995.2560, 10015.1650]
offset_3        19          9.60        -0.17         0.17   (15-84 p)   [-9995.2560, 10015.1650]

----- common model:  b
P                0         4.013       -0.027        0.028   (15-84 p)   [    0.3785,     6.6439]
K                1         -0.54        -0.30         0.25   (15-84 p)   [   -9.9658,     3.3219]
sre_coso         2          0.09        -0.22         0.19   (15-84 p)   [   -1.0000,     1.0000]
sre_sino         3          0.07        -0.23         0.22   (15-84 p)   [   -1.0000,     1.0000]
mean_long        4           344          -20           20   (15-84 p)   [  153.5660,   513.5660]

----- common model:  c
P                5         6.606       -0.056        0.028   (15-84 p)   [    0.3785,     6.6439]
K                6          0.08        -0.21         0.19   (15-84 p)   [   -9.9658,     3.3219]
sre_coso         7          0.21        -0.25         0.18   (15-84 p)   [   -1.0000,     1.0000]
sre_sino         8          0.06        -0.17         0.16   (15-84 p)   [   -1.0000,     1.0000]
mean_long        9           2.3         -9.2          8.2   (15-84 p)   [ -170.7685,   189.2315]

----- common model:  d
P               10         3.709       -0.025        0.028   (15-84 p)   [    0.3785,     6.6439]
K               11         -0.50        -0.31         0.25   (15-84 p)   [   -9.9658,     3.3219]
sre_coso        12          0.04        -0.21         0.20   (15-84 p)   [   -1.0000,     1.0000]
sre_sino        13         -0.05        -0.19         0.21   (15-84 p)   [   -1.0000,     1.0000]
mean_long       14           189          -27           27   (15-84 p)   [   -0.9549,   359.0451]

----- common model:  star_parameters

====================================================================================================
     Statistics on the model parameters obtained from the posteriors samples     
====================================================================================================

----- dataset:  RVdata
jitter_0                 1.433       -0.056        0.061    (15-84 p)
offset_0                  8.56        -0.15         0.14    (15-84 p)
offset_1                 10.31        -0.29         0.29    (15-84 p)
offset_2                  9.69        -0.16         0.16    (15-84 p)
offset_3                  9.60        -0.17         0.17    (15-84 p)


----- common model:  b
P                        16.15        -0.30         0.31    (15-84 p)
K                         0.69        -0.13         0.13    (15-84 p)
mean_long                  344          -20           20    (15-84 p)
e                        0.075       -0.053        0.081    (15-84 p)
omega                       40          -94           90    (15-84 p)

----- common model:  c
P                         97.4         -3.7          1.9    (15-84 p)
K                         1.06        -0.14         0.15    (15-84 p)
mean_long                  2.3         -9.2          8.2    (15-84 p)
e                        0.089       -0.062        0.093    (15-84 p)
omega                       13          -52           61    (15-84 p)

----- common model:  d
P                        13.08        -0.22         0.26    (15-84 p)
K                         0.71        -0.14         0.14    (15-84 p)
mean_long                  189          -27           27    (15-84 p)
e                        0.061       -0.043        0.068    (15-84 p)
omega                      -62         -114           97    (15-84 p)

----- common model:  star_parameters

====================================================================================================
     Statistics on the derived parameters obtained from the posteriors samples     
====================================================================================================

----- common model:  b
Inclination fixed to 90 deg!
Computing planetary mass under the approximation M_planet << M_star (threshold at 30.0 Me)
a_Rs                     26.87        -0.33         0.34    (15-84 p)
M_Mj                    0.0085      -0.0016       0.0016    (15-84 p)
M_Me                      2.71        -0.51         0.50    (15-84 p)
Tc                    59339.31        -0.82         0.78    (15-84 p)
a_AU_(M)                0.1250      -0.0016       0.0016    (15-84 p)
a_AU_(rho,R)            0.1250      -0.0016       0.0016    (15-84 p)

----- common model:  c
Inclination fixed to 90 deg!
Computing planetary mass under the approximation M_planet << M_star (threshold at 30.0 Me)
a_Rs                      89.0         -2.3          1.2    (15-84 p)
M_Mj                    0.0237      -0.0032       0.0033    (15-84 p)
M_Me                       7.5         -1.0          1.1    (15-84 p)
Tc                     59356.4         -3.9          3.2    (15-84 p)
a_AU_(M)                0.4142       -0.011       0.0055    (15-84 p)
a_AU_(rho,R)            0.4142       -0.011       0.0055    (15-84 p)

----- common model:  d
Inclination fixed to 90 deg!
Computing planetary mass under the approximation M_planet << M_star (threshold at 30.0 Me)
a_Rs                     23.35        -0.27         0.31    (15-84 p)
M_Mj                    0.0082      -0.0016       0.0016    (15-84 p)
M_Me                      2.60        -0.50         0.50    (15-84 p)
Tc                    59344.11        -0.90         0.89    (15-84 p)
a_AU_(M)                0.1087      -0.0012       0.0014    (15-84 p)
a_AU_(rho,R)            0.1087      -0.0012       0.0014    (15-84 p)


====================================================================================================
     ------------------------------------------------------------------------------------------     
====================================================================================================



****************************************************************************************************

 Parameters corresponding to the Maximum a Posteriori probability ( -660.8349231518438 )

====================================================================================================
     Statistics on the posterior of the sampler parameters     
====================================================================================================

----- dataset:  RVdata
jitter_0        15      1.384422 [    0.0009,    13.2000]
offset_0        16      8.576660 [-9995.2560, 10015.1650]
offset_1        17     10.385048 [-9995.2560, 10015.1650]
offset_2        18      9.604491 [-9995.2560, 10015.1650]
offset_3        19      9.730785 [-9995.2560, 10015.1650]

----- common model:  b
P                0      4.008752 [    0.3785,     6.6439]
K                1     -0.475966 [   -9.9658,     3.3219]
sre_coso         2      0.238852 [   -1.0000,     1.0000]
sre_sino         3      0.258206 [   -1.0000,     1.0000]
mean_long        4    340.170378 [  153.5660,   513.5660]

----- common model:  c
P                5      6.640726 [    0.3785,     6.6439]
K                6      0.236985 [   -9.9658,     3.3219]
sre_coso         7      0.452229 [   -1.0000,     1.0000]
sre_sino         8      0.025088 [   -1.0000,     1.0000]
mean_long        9     10.635637 [ -170.7685,   189.2315]

----- common model:  d
P               10      3.704874 [    0.3785,     6.6439]
K               11     -0.483450 [   -9.9658,     3.3219]
sre_coso        12      0.050801 [   -1.0000,     1.0000]
sre_sino        13     -0.199085 [   -1.0000,     1.0000]
mean_long       14    172.287948 [   -0.9549,   359.0451]

----- common model:  star_parameters

====================================================================================================
     Statistics on the model parameters obtained from the posteriors samples     
====================================================================================================

----- dataset:  RVdata
jitter_0              1.384422 
offset_0              8.576660 
offset_1             10.385048 
offset_2              9.604491 
offset_3              9.730785 


----- common model:  b
P                    16.097355 
K                     0.718985 
mean_long           340.170378 
e                     0.123720 
omega                47.229753 

----- common model:  c
P                    99.783242 
K                     1.178527 
mean_long            10.635637 
e                     0.205140 
omega                 3.175294 

----- common model:  d
P                    13.040014 
K                     0.715265 
mean_long           172.287948 
e                     0.042216 
omega               -75.685276 

----- common model:  star_parameters

====================================================================================================
     Statistics on the derived parameters obtained from the posteriors samples     
====================================================================================================

----- common model:  b
Inclination fixed to 90 deg!
a_Rs                 26.817499 
M_Mj                  0.008862 
M_Me                  2.817129 
Tc                59339.208859 
a_AU_(M)              0.124769 
a_AU_(rho,R)          0.124768 

----- common model:  c
Inclination fixed to 90 deg!
a_Rs                 90.494195 
M_Mj                  0.026319 
M_Me                  8.366547 
Tc                59350.292628 
a_AU_(M)              0.421027 
a_AU_(rho,R)          0.421022 

----- common model:  d
Inclination fixed to 90 deg!
a_Rs                 23.304228 
M_Mj                  0.008274 
M_Me                  2.630414 
Tc                59344.714852 
a_AU_(M)              0.108423 
a_AU_(rho,R)          0.108422 


====================================================================================================
     ------------------------------------------------------------------------------------------     
====================================================================================================



****************************************************************************************************

 Parameters corresponding to the sample closest to the median values ( -662.9329839512855 )

====================================================================================================
     Statistics on the posterior of the sampler parameters     
====================================================================================================

----- dataset:  RVdata
jitter_0        15      1.458467 [    0.0009,    13.2000]
offset_0        16      8.671534 [-9995.2560, 10015.1650]
offset_1        17     10.219355 [-9995.2560, 10015.1650]
offset_2        18      9.733601 [-9995.2560, 10015.1650]
offset_3        19      9.623435 [-9995.2560, 10015.1650]

----- common model:  b
P                0      3.997882 [    0.3785,     6.6439]
K                1     -0.495897 [   -9.9658,     3.3219]
sre_coso         2      0.115966 [   -1.0000,     1.0000]
sre_sino         3      0.208161 [   -1.0000,     1.0000]
mean_long        4    345.731043 [  153.5660,   513.5660]

----- common model:  c
P                5      6.574092 [    0.3785,     6.6439]
K                6      0.125591 [   -9.9658,     3.3219]
sre_coso         7      0.216764 [   -1.0000,     1.0000]
sre_sino         8     -0.006045 [   -1.0000,     1.0000]
mean_long        9     -3.196244 [ -170.7685,   189.2315]

----- common model:  d
P               10      3.705774 [    0.3785,     6.6439]
K               11     -0.140652 [   -9.9658,     3.3219]
sre_coso        12     -0.027859 [   -1.0000,     1.0000]
sre_sino        13     -0.080385 [   -1.0000,     1.0000]
mean_long       14    187.196913 [   -0.9549,   359.0451]

----- common model:  star_parameters

====================================================================================================
     Statistics on the model parameters obtained from the posteriors samples     
====================================================================================================

----- dataset:  RVdata
jitter_0              1.458467 
offset_0              8.671534 
offset_1             10.219355 
offset_2              9.733601 
offset_3              9.623435 


----- common model:  b
P                    15.976528 
K                     0.709121 
mean_long           345.731043 
e                     0.056779 
omega                60.877839 

----- common model:  c
P                    95.279356 
K                     1.090955 
mean_long            -3.196244 
e                     0.047023 
omega                -1.597485 

----- common model:  d
P                    13.048159 
K                     0.907109 
mean_long           187.196913 
e                     0.007238 
omega              -109.114727 

----- common model:  star_parameters

====================================================================================================
     Statistics on the derived parameters obtained from the posteriors samples     
====================================================================================================

----- common model:  b
Inclination fixed to 90 deg!
a_Rs                 26.683246 
M_Mj                  0.008772 
M_Me                  2.788461 
Tc                59339.192114 
a_AU_(M)              0.124143 
a_AU_(rho,R)          0.124143 

----- common model:  c
Inclination fixed to 90 deg!
a_Rs                 87.750439 
M_Mj                  0.024485 
M_Me                  7.783631 
Tc                59357.939496 
a_AU_(M)              0.408260 
a_AU_(rho,R)          0.408256 

----- common model:  d
Inclination fixed to 90 deg!
a_Rs                 23.313912 
M_Mj                  0.010505 
M_Me                  3.339510 
Tc                59344.235346 
a_AU_(M)              0.108468 
a_AU_(rho,R)          0.108467 


====================================================================================================
     ------------------------------------------------------------------------------------------     
====================================================================================================



****************************************************************************************************

Inclination fixed to 90 deg!
Inclination fixed to 90 deg!
Inclination fixed to 90 deg!
Note: stellar density derived from stellar mass and radius

Inclination fixed to 90 deg!
Inclination fixed to 90 deg!
Inclination fixed to 90 deg!
Inclination fixed to 90 deg!
Inclination fixed to 90 deg!
Inclination fixed to 90 deg!
 Plot FLAT chain 

****************************************************************************************************

Plotting full_correlation plot with pygtc

****************************************************************************************************

 Plotting the chains... 

****************************************************************************************************

 Plotting the Gelman-Rubin traces... 

     Gelman-Rubin:    15     1.004412 RVdata_jitter_0 
     Gelman-Rubin:    16     1.003924 RVdata_offset_0 
     Gelman-Rubin:    17     1.003921 RVdata_offset_1 
     Gelman-Rubin:    18     1.004047 RVdata_offset_2 
     Gelman-Rubin:    19     1.003476 RVdata_offset_3 
     Gelman-Rubin:     0     1.002994 b_P 
     Gelman-Rubin:     1     1.004427 b_K 
     Gelman-Rubin:     2     1.004213 b_sre_coso 
     Gelman-Rubin:     3     1.003189 b_sre_sino 
     Gelman-Rubin:     4     1.003330 b_mean_long 
     Gelman-Rubin:     5     1.006444 c_P 
     Gelman-Rubin:     6     1.004085 c_K 
     Gelman-Rubin:     7     1.005025 c_sre_coso 
     Gelman-Rubin:     8     1.005418 c_sre_sino 
     Gelman-Rubin:     9     1.004524 c_mean_long 
     Gelman-Rubin:    10     1.002966 d_P 
     Gelman-Rubin:    11     1.004376 d_K 
     Gelman-Rubin:    12     1.003688 d_sre_coso 
     Gelman-Rubin:    13     1.004070 d_sre_sino 
     Gelman-Rubin:    14     1.002659 d_mean_long 

****************************************************************************************************

Plotting the common models corner plots
     Common model:  b
     Common model:  c
     Common model:  d
     Common model:  star_parameters

****************************************************************************************************

Plotting the dataset + models corner plots 

     Dataset:  RVdata     model:  radial_velocities_b  corner plot  starting 
     Dataset:  RVdata     model:  radial_velocities_b  corner plot  done 
     Dataset:  RVdata     model:  radial_velocities_c  corner plot  starting 
     Dataset:  RVdata     model:  radial_velocities_c  corner plot  done 
     Dataset:  RVdata     model:  radial_velocities_d  corner plot  starting 
     Dataset:  RVdata     model:  radial_velocities_d  corner plot  done 

****************************************************************************************************

 Saving the planet parameter samplings to files (with plots)

****************************************************************************************************

 Saving all the parameter samplings to files (with plots)

****************************************************************************************************

 Computing the models for plot/data writing 
 Writing the plots 
 Writing the   data files 
 Writing the  MAP_ data files 
 Writing the  sampleMED_ data files 

****************************************************************************************************

