
:::---::: PyORBIT v11.0.1 :::---:::

Python version in use:
3.10.18 (main, Jun  5 2025, 13:14:17) [GCC 11.2.0]

reloaded_optimize:  False
reloaded_pyde:  False
reloaded_emcee:  False

number of multiprocessing threads: 16
multiprocessing method (should be fork):  fork

parameters/safe_reload flag (must be True for tinygp):  False

Opening:  RVdata
Opening:  FWHMdata
Opening:  Contrastdata

Adding common model of planet:  b
Adding common model of planet:  c
Using orbital model:  keplerian
Using orbital parametrization:  Eastman2013

Using orbital model:  keplerian
Using orbital parametrization:  Eastman2013

gp_multidimensional  S+LEAF model, number of harmonics: 4

GP model: gp_multidimensional  hyperparameters_condition:    True
GP model: gp_multidimensional  rotation_decay_condition:     True

====================================================================================================
     Ids, spaces (s), boundaries (b) and priors (p) of the sampler parameters     
====================================================================================================

----- dataset:  RVdata
jitter_0      id:  13  s:Linear      b:[      0.0009,      13.3000]   p:Uniform   []
offset_0      id:  14  s:Linear      b:[  -9997.8210,   10017.2110]   p:Uniform   []
offset_1      id:  15  s:Linear      b:[  -9997.8210,   10017.2110]   p:Uniform   []
offset_2      id:  16  s:Linear      b:[  -9997.8210,   10017.2110]   p:Uniform   []
offset_3      id:  17  s:Linear      b:[  -9997.8210,   10017.2110]   p:Uniform   []

----- dataset: RVdata                    ----- model: gp_multidimensional           
rot_amp       id:  18  s:Linear      b:[      0.0000,      10.0000]   p:Uniform   []
con_amp       id:  19  s:Linear      b:[    -20.0000,      20.0000]   p:Uniform   []

----- dataset:  FWHMdata
jitter_0      id:  20  s:Linear      b:[      0.0500,     500.0000]   p:Uniform   []
offset_0      id:  21  s:Linear      b:[  -3319.7439,   16948.1456]   p:Uniform   []
offset_1      id:  22  s:Linear      b:[  -3319.7439,   16948.1456]   p:Uniform   []
offset_2      id:  23  s:Linear      b:[  -3319.7439,   16948.1456]   p:Uniform   []
offset_3      id:  24  s:Linear      b:[  -3319.7439,   16948.1456]   p:Uniform   []

----- dataset: FWHMdata                  ----- model: gp_multidimensional           
rot_amp       id:  25  s:Linear      b:[    -10.0000,      10.0000]   p:Uniform   []
con_amp       id:  26  s:Linear      b:[    -20.0000,      20.0000]   p:Uniform   []

----- dataset:  Contrastdata
jitter_0      id:  27  s:Linear      b:[      1.3000,   13000.0000]   p:Uniform   []
offset_0      id:  28  s:Linear      b:[-468110.1377, -343008.9918]   p:Uniform   []
offset_1      id:  29  s:Linear      b:[-468110.1377, -343008.9918]   p:Uniform   []
offset_2      id:  30  s:Linear      b:[-468110.1377, -343008.9918]   p:Uniform   []
offset_3      id:  31  s:Linear      b:[-468110.1377, -343008.9918]   p:Uniform   []

----- dataset: Contrastdata              ----- model: gp_multidimensional           
rot_amp       id:  32  s:Linear      b:[    -10.0000,      10.0000]   p:Uniform   []
con_amp       id:  33  s:Linear      b:[    -20.0000,      20.0000]   p:Uniform   []

----- common model:  b
P             id:   0  s:Log_Base2   b:[      0.3785,       6.6439]   p:Uniform   []
K             id:   1  s:Log_Base2   b:[     -9.9658,       3.3219]   p:Uniform   []
sre_coso      id:   2  s:Linear      b:[     -1.0000,       1.0000]   p:Uniform   []
sre_sino      id:   3  s:Linear      b:[     -1.0000,       1.0000]   p:Uniform   []
mean_long     id:   4  s:Linear      b:[      0.0000,     360.0000]   p:Uniform   []
e             derived (no id, space, bound)                           p:Gaussian   [0.    0.098]
omega         derived (no id, space, bound)                           p:Uniform   [0.0, 360.0]

----- common model:  c
P             id:   5  s:Log_Base2   b:[      0.3785,       6.6439]   p:Uniform   []
K             id:   6  s:Log_Base2   b:[     -9.9658,       3.3219]   p:Uniform   []
sre_coso      id:   7  s:Linear      b:[     -1.0000,       1.0000]   p:Uniform   []
sre_sino      id:   8  s:Linear      b:[     -1.0000,       1.0000]   p:Uniform   []
mean_long     id:   9  s:Linear      b:[      0.0000,     360.0000]   p:Uniform   []
e             derived (no id, space, bound)                           p:Gaussian   [0.    0.098]
omega         derived (no id, space, bound)                           p:Uniform   [0.0, 360.0]

----- common model:  activity
Prot          id:  10  s:Linear      b:[     20.0000,      35.0000]   p:Gaussian   [28.   0.5]
Pdec          id:  11  s:Linear      b:[     30.0000,    1000.0000]   p:Uniform   []
Oamp          id:  12  s:Log_Base2   b:[     -6.6439,       0.0000]   p:Gaussian   [0.35  0.035]

----- common model:  star_parameters
mass          derived (no id, space, bound)                           p:Gaussian   [1.e+00 1.e-06]
radius        derived (no id, space, bound)                           p:Gaussian   [1.e+00 1.e-06]
density       derived (no id, space, bound)                           p:Gaussian   [1.e+00 1.e-06]

Include priors:  True

Reference Time Tref:  59334.700184

Dimensions =  34
Nwalkers =  136

Using threading pool for PyDE: True
PyDE running
Boundaries redefined after PyDE output
PyDE completed, it took        120.3 seconds

====================================================================================================
     Starting point of the sample/optimization routines    
====================================================================================================

----- dataset:  RVdata
jitter_0        13      1.135937 [    0.0009,    13.3000]
offset_0        14      8.056686 [-9997.8210, 10017.2110]
offset_1        15      9.907737 [-9997.8210, 10017.2110]
offset_2        16      9.458976 [-9997.8210, 10017.2110]
offset_3        17      9.336799 [-9997.8210, 10017.2110]

----- dataset: RVdata                    ----- model: gp_multidimensional           
rot_amp         18      4.640790 [    0.0000,    10.0000]
con_amp         19      1.384100 [  -20.0000,    20.0000]

----- dataset:  FWHMdata
jitter_0        20      0.052042 [    0.0500,   500.0000]
offset_0        21   6694.719931 [-3319.7439, 16948.1456]
offset_1        22   6938.704261 [-3319.7439, 16948.1456]
offset_2        23   6858.291496 [-3319.7439, 16948.1456]
offset_3        24   6896.473351 [-3319.7439, 16948.1456]

----- dataset: FWHMdata                  ----- model: gp_multidimensional           
rot_amp         25      0.223142 [  -10.0000,    10.0000]
con_amp         26     -1.801540 [  -20.0000,    20.0000]

----- dataset:  Contrastdata
jitter_0        27    180.346327 [    1.3000, 13000.0000]
offset_0        28  -353760.232560 [-468110.1377, -343008.9918]
offset_1        29  -433629.489391 [-468110.1377, -343008.9918]
offset_2        30  -457680.711637 [-468110.1377, -343008.9918]
offset_3        31  -362683.363811 [-468110.1377, -343008.9918]

----- dataset: Contrastdata              ----- model: gp_multidimensional           
rot_amp         32      9.979041 [  -10.0000,    10.0000]
con_amp         33    -19.999195 [  -20.0000,    20.0000]

----- common model:  b
P                0      4.675188 [    0.3785,     6.6439]
K                1      1.119450 [   -9.9658,     3.3219]
sre_coso         2      0.180529 [   -1.0000,     1.0000]
sre_sino         3     -0.318155 [   -1.0000,     1.0000]
mean_long        4     49.253471 [ -130.7465,   229.2535]

----- common model:  c
P                5      0.482779 [    0.3785,     6.6439]
K                6     -0.245763 [   -9.9658,     3.3219]
sre_coso         7     -0.306990 [   -1.0000,     1.0000]
sre_sino         8     -0.227178 [   -1.0000,     1.0000]
mean_long        9    321.569422 [  141.5694,   501.5694]

----- common model:  activity
Prot            10     28.335813 [   20.0000,    35.0000]
Pdec            11     30.004437 [   30.0000,  1000.0000]
Oamp            12     -1.307178 [   -6.6439,     0.0000]

----- common model:  star_parameters

====================================================================================================
     Starting point projected onto the model parameter space     
====================================================================================================

----- dataset:  RVdata
jitter_0              1.135937 
offset_0              8.056686 
offset_1              9.907737 
offset_2              9.458976 
offset_3              9.336799 


----- dataset: RVdata                    ----- model: gp_multidimensional           
rot_amp               4.640790 
con_amp               1.384100 

----- dataset:  FWHMdata
jitter_0              0.052042 
offset_0           6694.719931 
offset_1           6938.704261 
offset_2           6858.291496 
offset_3           6896.473351 


----- dataset: FWHMdata                  ----- model: gp_multidimensional           
rot_amp               0.223142 
con_amp              -1.801540 

----- dataset:  Contrastdata
jitter_0            180.346327 
offset_0        -353760.232560 
offset_1        -433629.489391 
offset_2        -457680.711637 
offset_3        -362683.363811 


----- dataset: Contrastdata              ----- model: gp_multidimensional           
rot_amp               9.979041 
con_amp             -19.999195 

----- common model:  b
P                    25.548882 
K                     2.172641 
mean_long            49.253471 
e                     0.133813 
omega               -60.428319 

----- common model:  c
P                     1.397433 
K                     0.843370 
mean_long           321.569422 
e                     0.145853 
omega              -143.497954 

----- common model:  activity
Prot                 28.335813 
Pdec                 30.004437 
Oamp                  0.404111 

----- common model:  star_parameters

====================================================================================================
     Derived parameters obtained from starting point     
====================================================================================================

----- common model:  b
Inclination fixed to 90 deg!
a_Rs                 36.489203 
M_Mj                  0.031196 
M_Me                  9.916972 
Tc                59337.004399 
a_AU_(M)              0.169767 
a_AU_(rho,R)          0.169765 

----- common model:  c
Inclination fixed to 90 deg!
a_Rs                  5.257791 
M_Mj                  0.004589 
M_Me                  1.458734 
Tc                59335.254345 
a_AU_(M)              0.024462 
a_AU_(rho,R)          0.024462 


====================================================================================================
     Statistics on the log-likelihood     
====================================================================================================

 LN probability: -3355.881249 

====================================================================================================
     ------------------------------------------------------------------------------------------     
====================================================================================================



*************************************************************

Running emcee

emcee version:  3.1.6
Using threading pool for emcee: True

Saving temporary steps


Computing the autocorrelation time of the chains

***** WARNING ******
The integrated autocorrelation time cannot be reliably estimated
likely the chains are too short, and ACF analysis is not fully reliable
emcee.autocorr.integrated_time tolerance lowered to 20
If you still get a warning, you should drop these results entirely
Chains too short to apply convergence criteria
They should be at least 300*nthin = 45000

====================================================================================================
     Statistics on the posterior of the sampler parameters     
====================================================================================================

----- dataset:  RVdata
jitter_0        13         1.163       -0.051        0.056   (15-84 p)   [    0.0009,    13.3000]
offset_0        14          8.35        -0.79         0.83   (15-84 p)   [-9997.8210, 10017.2110]
offset_1        15         10.18        -0.82         0.88   (15-84 p)   [-9997.8210, 10017.2110]
offset_2        16          9.76        -0.78         0.84   (15-84 p)   [-9997.8210, 10017.2110]
offset_3        17          9.60        -0.76         0.83   (15-84 p)   [-9997.8210, 10017.2110]

----- dataset: RVdata                    ----- model: gp_multidimensional           
rot_amp         18           5.5         -1.5          1.7   (15-84 p)   [    0.0000,    10.0000]
con_amp         19          1.70        -0.27         0.37   (15-84 p)   [  -20.0000,    20.0000]

----- dataset:  FWHMdata
jitter_0        20          0.32        -0.19         0.30   (15-84 p)   [    0.0500,   500.0000]
offset_0        21        6694.4         -1.2          1.1   (15-84 p)   [-3319.7439, 16948.1456]
offset_1        22        6938.4         -1.5          1.4   (15-84 p)   [-3319.7439, 16948.1456]
offset_2        23        6858.0         -1.2          1.2   (15-84 p)   [-3319.7439, 16948.1456]
offset_3        24        6896.3         -1.2          1.1   (15-84 p)   [-3319.7439, 16948.1456]

----- dataset: FWHMdata                  ----- model: gp_multidimensional           
rot_amp         25           0.4         -2.1          2.1   (15-84 p)   [  -10.0000,    10.0000]
con_amp         26         -2.16        -0.47         0.36   (15-84 p)   [  -20.0000,    20.0000]

----- dataset:  Contrastdata
jitter_0        27           190          -13           13   (15-84 p)   [    1.3000, 13000.0000]
offset_0        28       -353760          -27           26   (15-84 p)   [-468110.1377, -343008.9918]
offset_1        29       -433627          -47           48   (15-84 p)   [-468110.1377, -343008.9918]
offset_2        30       -457680          -26           26   (15-84 p)   [-468110.1377, -343008.9918]
offset_3        31       -362680          -27           28   (15-84 p)   [-468110.1377, -343008.9918]

----- dataset: Contrastdata              ----- model: gp_multidimensional           
rot_amp         32           1.8         -7.3          6.0   (15-84 p)   [  -10.0000,    10.0000]
con_amp         33        -19.38        -0.46          1.1   (15-84 p)   [  -20.0000,    20.0000]

----- common model:  b
P                0         4.692       -0.052        0.051   (15-84 p)   [    0.3785,     6.6439]
K                1          0.96        -0.44         0.33   (15-84 p)   [   -9.9658,     3.3219]
sre_coso         2          0.05        -0.22         0.21   (15-84 p)   [   -1.0000,     1.0000]
sre_sino         3         -0.13        -0.21         0.24   (15-84 p)   [   -1.0000,     1.0000]
mean_long        4            53          -22           24   (15-84 p)   [ -130.7465,   229.2535]

----- common model:  c
P                5        0.4822      -0.0022       0.0020   (15-84 p)   [    0.3785,     6.6439]
K                6         -0.38        -0.30         0.26   (15-84 p)   [   -9.9658,     3.3219]
sre_coso         7         -0.13        -0.21         0.26   (15-84 p)   [   -1.0000,     1.0000]
sre_sino         8         -0.17        -0.16         0.21   (15-84 p)   [   -1.0000,     1.0000]
mean_long        9           319          -17           18   (15-84 p)   [  141.5694,   501.5694]

----- common model:  activity
Prot            10         28.28        -0.37         0.38   (15-84 p)   [   20.0000,    35.0000]
Pdec            11          32.6         -1.9          3.7   (15-84 p)   [   30.0000,  1000.0000]
Oamp            12         -1.31        -0.12         0.10   (15-84 p)   [   -6.6439,     0.0000]

----- common model:  star_parameters

====================================================================================================
     Statistics on the model parameters obtained from the posteriors samples     
====================================================================================================

----- dataset:  RVdata
jitter_0                 1.163       -0.051        0.056    (15-84 p)
offset_0                  8.35        -0.79         0.83    (15-84 p)
offset_1                 10.18        -0.82         0.88    (15-84 p)
offset_2                  9.76        -0.78         0.84    (15-84 p)
offset_3                  9.60        -0.76         0.83    (15-84 p)


----- dataset: RVdata                    ----- model: gp_multidimensional           
rot_amp                    5.5         -1.5          1.7    (15-84 p)
con_amp                   1.70        -0.27         0.37    (15-84 p)

----- dataset:  FWHMdata
jitter_0                  0.32        -0.19         0.30    (15-84 p)
offset_0                6694.4         -1.2          1.1    (15-84 p)
offset_1                6938.4         -1.5          1.4    (15-84 p)
offset_2                6858.0         -1.2          1.2    (15-84 p)
offset_3                6896.3         -1.2          1.1    (15-84 p)


----- dataset: FWHMdata                  ----- model: gp_multidimensional           
rot_amp                    0.4         -2.1          2.1    (15-84 p)
con_amp                  -2.16        -0.47         0.36    (15-84 p)

----- dataset:  Contrastdata
jitter_0                   190          -13           13    (15-84 p)
offset_0               -353760          -27           26    (15-84 p)
offset_1               -433627          -47           48    (15-84 p)
offset_2               -457680          -26           26    (15-84 p)
offset_3               -362680          -27           28    (15-84 p)


----- dataset: Contrastdata              ----- model: gp_multidimensional           
rot_amp                    1.8         -7.3          6.0    (15-84 p)
con_amp                 -19.38        -0.46          1.1    (15-84 p)

----- common model:  b
P                        25.84        -0.92         0.93    (15-84 p)
K                         1.95        -0.52         0.51    (15-84 p)
mean_long                   53          -22           24    (15-84 p)
e                        0.084       -0.059        0.086    (15-84 p)
omega                      -50          -68          125    (15-84 p)

----- common model:  c
P                       1.3968      -0.0021       0.0019    (15-84 p)
K                         0.77        -0.14         0.15    (15-84 p)
mean_long                  319          -17           18    (15-84 p)
e                        0.106       -0.072        0.088    (15-84 p)
omega                     -100          -53          160    (15-84 p)

----- common model:  activity
Prot                     28.28        -0.37         0.38    (15-84 p)
Pdec                      32.6         -1.9          3.7    (15-84 p)
Oamp                     0.402       -0.032        0.030    (15-84 p)

----- common model:  star_parameters

====================================================================================================
     Statistics on the derived parameters obtained from the posteriors samples     
====================================================================================================

----- common model:  b
Inclination fixed to 90 deg!
Computing planetary mass under the approximation M_planet << M_star (threshold at 30.0 Me)
a_Rs                     36.77        -0.88         0.88    (15-84 p)
M_Mj                    0.0282      -0.0075       0.0073    (15-84 p)
M_Me                       9.0         -2.4          2.3    (15-84 p)
Tc                     59337.6         -1.6          2.2    (15-84 p)
a_AU_(M)                0.1711      -0.0041       0.0041    (15-84 p)
a_AU_(rho,R)            0.1711      -0.0041       0.0041    (15-84 p)

----- common model:  c
Inclination fixed to 90 deg!
Computing planetary mass under the approximation M_planet << M_star (threshold at 30.0 Me)
a_Rs                    5.2563      -0.0053       0.0049    (15-84 p)
M_Mj                   0.00418     -0.00078      0.00079    (15-84 p)
M_Me                      1.33        -0.25         0.25    (15-84 p)
Tc                   59335.229       -0.075        0.072    (15-84 p)
a_AU_(M)              0.024455    -0.000025     0.000023    (15-84 p)
a_AU_(rho,R)          0.024455    -0.000025     0.000023    (15-84 p)


====================================================================================================
     ------------------------------------------------------------------------------------------     
====================================================================================================



15000.0   steps completed, average lnprob:,  -3375.124511364711


Computing the autocorrelation time of the chains

***** WARNING ******
The integrated autocorrelation time cannot be reliably estimated
likely the chains are too short, and ACF analysis is not fully reliable
emcee.autocorr.integrated_time tolerance lowered to 20
If you still get a warning, you should drop these results entirely

Reference thinning used in the analysis: 150
Maximum value of the integrated ACF: 8
Step length used in the analysis: 8*nthin = 1200

Convergence criteria: less than 1% variation in ACF after 20 times the integrated ACF
At least 50*ACF after convergence, 100*ACF would be ideal
Negative values: not converged yet

   sampler parameter              |    ACF   | ACF*nthin | converged at | nsteps/ACF | to 100*ACF
                                  |          |           |              |            | 
   RVdata_jitter_0                |    6.47  |      970  |       -1     |      -1    |   97955 
   RVdata_offset_0                |    6.83  |     1025  |       -1     |      -1    |  103518 
   RVdata_offset_1                |    6.58  |      986  |       -1     |      -1    |   99620 
   RVdata_offset_2                |    6.79  |     1018  |       -1     |      -1    |  102847 
   RVdata_offset_3                |    6.74  |     1011  |       -1     |      -1    |  102119 
   RVdata_gp_multidimensional_rot_amp |    6.55  |      982  |       -1     |      -1    |   99217 
   RVdata_gp_multidimensional_con_amp |    6.83  |     1025  |       -1     |      -1    |  103511 
   FWHMdata_jitter_0              |    6.98  |     1047  |       -1     |      -1    |  105777 
   FWHMdata_offset_0              |    6.67  |     1001  |       -1     |      -1    |  101104 
   FWHMdata_offset_1              |    6.48  |      972  |       -1     |      -1    |   98200 
   FWHMdata_offset_2              |    6.40  |      960  |       -1     |      -1    |   96994 
   FWHMdata_offset_3              |    6.57  |      986  |       -1     |      -1    |   99559 
   FWHMdata_gp_multidimensional_rot_amp |    6.83  |     1024  |       -1     |      -1    |  103435 
   FWHMdata_gp_multidimensional_con_amp |    6.34  |      951  |       -1     |      -1    |   96058 
   Contrastdata_jitter_0          |    6.64  |      995  |       -1     |      -1    |  100545 
   Contrastdata_offset_0          |    6.57  |      985  |       -1     |      -1    |   99532 
   Contrastdata_offset_1          |    6.28  |      942  |       -1     |      -1    |   95182 
   Contrastdata_offset_2          |    6.06  |      908  |       -1     |      -1    |   91756 
   Contrastdata_offset_3          |    6.13  |      920  |       -1     |      -1    |   92942 
   Contrastdata_gp_multidimensional_rot_amp |    7.48  |     1123  |       -1     |      -1    |  113380 
   Contrastdata_gp_multidimensional_con_amp |    8.26  |     1239  |       -1     |      -1    |  125165 
   b_P                            |    6.87  |     1030  |       -1     |      -1    |  104069 
   b_K                            |    6.52  |      978  |       -1     |      -1    |   98817 
   b_sre_coso                     |    6.59  |      989  |       -1     |      -1    |   99899 
   b_sre_sino                     |    6.36  |      954  |       -1     |      -1    |   96363 
   b_mean_long                    |    6.33  |      949  |       -1     |      -1    |   95867 
   c_P                            |    6.25  |      938  |       -1     |      -1    |   94742 
   c_K                            |    5.97  |      896  |       -1     |      -1    |   90469 
   c_sre_coso                     |    6.45  |      967  |       -1     |      -1    |   97687 
   c_sre_sino                     |    6.22  |      933  |       -1     |      -1    |   94273 
   c_mean_long                    |    6.16  |      924  |       -1     |      -1    |   93347 
   activity_Prot                  |    6.10  |      914  |       -1     |      -1    |   92354 
   activity_Pdec                  |    7.54  |     1131  |       -1     |      -1    |  114204 
   activity_Oamp                  |    6.14  |      920  |       -1     |      -1    |   92950 

    34 chains have not converged yet, keep going 

Check the documentation for the correct interpretation of these results:
https://pyorbit.readthedocs.io/running_pyorbit/terminal_output/#autocorrelation-analysis

====================================================================================================
     Statistics on the posterior of the sampler parameters     
====================================================================================================

----- dataset:  RVdata
jitter_0        13         1.163       -0.052        0.056   (15-84 p)   [    0.0009,    13.3000]
offset_0        14          8.36        -0.79         0.82   (15-84 p)   [-9997.8210, 10017.2110]
offset_1        15         10.20        -0.84         0.86   (15-84 p)   [-9997.8210, 10017.2110]
offset_2        16          9.78        -0.79         0.83   (15-84 p)   [-9997.8210, 10017.2110]
offset_3        17          9.62        -0.79         0.82   (15-84 p)   [-9997.8210, 10017.2110]

----- dataset: RVdata                    ----- model: gp_multidimensional           
rot_amp         18           5.5         -1.5          1.7   (15-84 p)   [    0.0000,    10.0000]
con_amp         19          1.72        -0.28         0.37   (15-84 p)   [  -20.0000,    20.0000]

----- dataset:  FWHMdata
jitter_0        20          0.32        -0.19         0.31   (15-84 p)   [    0.0500,   500.0000]
offset_0        21        6694.4         -1.2          1.1   (15-84 p)   [-3319.7439, 16948.1456]
offset_1        22        6938.4         -1.5          1.5   (15-84 p)   [-3319.7439, 16948.1456]
offset_2        23        6858.0         -1.2          1.1   (15-84 p)   [-3319.7439, 16948.1456]
offset_3        24        6896.2         -1.2          1.1   (15-84 p)   [-3319.7439, 16948.1456]

----- dataset: FWHMdata                  ----- model: gp_multidimensional           
rot_amp         25           0.5         -2.1          2.1   (15-84 p)   [  -10.0000,    10.0000]
con_amp         26         -2.19        -0.46         0.37   (15-84 p)   [  -20.0000,    20.0000]

----- dataset:  Contrastdata
jitter_0        27           190          -12           12   (15-84 p)   [    1.3000, 13000.0000]
offset_0        28       -353762          -26           26   (15-84 p)   [-468110.1377, -343008.9918]
offset_1        29       -433627          -48           49   (15-84 p)   [-468110.1377, -343008.9918]
offset_2        30       -457680          -27           27   (15-84 p)   [-468110.1377, -343008.9918]
offset_3        31       -362681          -27           27   (15-84 p)   [-468110.1377, -343008.9918]

----- dataset: Contrastdata              ----- model: gp_multidimensional           
rot_amp         32           1.3         -7.4          6.1   (15-84 p)   [  -10.0000,    10.0000]
con_amp         33        -19.34        -0.50          1.2   (15-84 p)   [  -20.0000,    20.0000]

----- common model:  b
P                0         4.693       -0.053        0.053   (15-84 p)   [    0.3785,     6.6439]
K                1          0.97        -0.43         0.33   (15-84 p)   [   -9.9658,     3.3219]
sre_coso         2          0.04        -0.22         0.21   (15-84 p)   [   -1.0000,     1.0000]
sre_sino         3         -0.12        -0.21         0.24   (15-84 p)   [   -1.0000,     1.0000]
mean_long        4            54          -22           24   (15-84 p)   [ -130.7465,   229.2535]

----- common model:  c
P                5        0.4822      -0.0021       0.0019   (15-84 p)   [    0.3785,     6.6439]
K                6         -0.39        -0.30         0.26   (15-84 p)   [   -9.9658,     3.3219]
sre_coso         7         -0.13        -0.21         0.24   (15-84 p)   [   -1.0000,     1.0000]
sre_sino         8         -0.16        -0.17         0.21   (15-84 p)   [   -1.0000,     1.0000]
mean_long        9           319          -17           17   (15-84 p)   [  141.5694,   501.5694]

----- common model:  activity
Prot            10         28.27        -0.39         0.39   (15-84 p)   [   20.0000,    35.0000]
Pdec            11          32.6         -1.9          3.5   (15-84 p)   [   30.0000,  1000.0000]
Oamp            12         -1.32        -0.11         0.11   (15-84 p)   [   -6.6439,     0.0000]

----- common model:  star_parameters

====================================================================================================
     Statistics on the model parameters obtained from the posteriors samples     
====================================================================================================

----- dataset:  RVdata
jitter_0                 1.163       -0.052        0.056    (15-84 p)
offset_0                  8.36        -0.79         0.82    (15-84 p)
offset_1                 10.20        -0.84         0.86    (15-84 p)
offset_2                  9.78        -0.79         0.83    (15-84 p)
offset_3                  9.62        -0.79         0.82    (15-84 p)


----- dataset: RVdata                    ----- model: gp_multidimensional           
rot_amp                    5.5         -1.5          1.7    (15-84 p)
con_amp                   1.72        -0.28         0.37    (15-84 p)

----- dataset:  FWHMdata
jitter_0                  0.32        -0.19         0.31    (15-84 p)
offset_0                6694.4         -1.2          1.1    (15-84 p)
offset_1                6938.4         -1.5          1.5    (15-84 p)
offset_2                6858.0         -1.2          1.1    (15-84 p)
offset_3                6896.2         -1.2          1.1    (15-84 p)


----- dataset: FWHMdata                  ----- model: gp_multidimensional           
rot_amp                    0.5         -2.1          2.1    (15-84 p)
con_amp                  -2.19        -0.46         0.37    (15-84 p)

----- dataset:  Contrastdata
jitter_0                   190          -12           12    (15-84 p)
offset_0               -353762          -26           26    (15-84 p)
offset_1               -433627          -48           49    (15-84 p)
offset_2               -457680          -27           27    (15-84 p)
offset_3               -362681          -27           27    (15-84 p)


----- dataset: Contrastdata              ----- model: gp_multidimensional           
rot_amp                    1.3         -7.4          6.1    (15-84 p)
con_amp                 -19.34        -0.50          1.2    (15-84 p)

----- common model:  b
P                        25.86        -0.93         0.96    (15-84 p)
K                         1.96        -0.51         0.51    (15-84 p)
mean_long                   54          -22           24    (15-84 p)
e                        0.082       -0.058        0.088    (15-84 p)
omega                      -49          -71          126    (15-84 p)

----- common model:  c
P                       1.3969      -0.0021       0.0019    (15-84 p)
K                         0.77        -0.14         0.15    (15-84 p)
mean_long                  319          -17           17    (15-84 p)
e                        0.103       -0.071        0.086    (15-84 p)
omega                      -99          -55          180    (15-84 p)

----- common model:  activity
Prot                     28.27        -0.39         0.39    (15-84 p)
Pdec                      32.6         -1.9          3.5    (15-84 p)
Oamp                     0.400       -0.031        0.031    (15-84 p)

----- common model:  star_parameters

====================================================================================================
     Statistics on the derived parameters obtained from the posteriors samples     
====================================================================================================

----- common model:  b
Inclination fixed to 90 deg!
Computing planetary mass under the approximation M_planet << M_star (threshold at 30.0 Me)
a_Rs                     36.78        -0.89         0.90    (15-84 p)
M_Mj                    0.0284      -0.0074       0.0074    (15-84 p)
M_Me                       9.0         -2.3          2.3    (15-84 p)
Tc                     59337.5         -1.6          2.2    (15-84 p)
a_AU_(M)                0.1711      -0.0041       0.0042    (15-84 p)
a_AU_(rho,R)            0.1711      -0.0041       0.0042    (15-84 p)

----- common model:  c
Inclination fixed to 90 deg!
Computing planetary mass under the approximation M_planet << M_star (threshold at 30.0 Me)
a_Rs                    5.2563      -0.0052       0.0047    (15-84 p)
M_Mj                   0.00417     -0.00078      0.00081    (15-84 p)
M_Me                      1.33        -0.25         0.26    (15-84 p)
Tc                   59335.232       -0.076        0.074    (15-84 p)
a_AU_(M)              0.024455    -0.000024     0.000022    (15-84 p)
a_AU_(rho,R)          0.024455    -0.000024     0.000022    (15-84 p)


====================================================================================================
     ------------------------------------------------------------------------------------------     
====================================================================================================



30000.0   steps completed, average lnprob:,  -3374.493753646376


Computing the autocorrelation time of the chains

***** WARNING ******
The integrated autocorrelation time cannot be reliably estimated
likely the chains are too short, and ACF analysis is not fully reliable
emcee.autocorr.integrated_time tolerance lowered to 20
If you still get a warning, you should drop these results entirely

Reference thinning used in the analysis: 150
Maximum value of the integrated ACF: 9
Step length used in the analysis: 9*nthin = 1350

Convergence criteria: less than 1% variation in ACF after 20 times the integrated ACF
At least 50*ACF after convergence, 100*ACF would be ideal
Negative values: not converged yet

   sampler parameter              |    ACF   | ACF*nthin | converged at | nsteps/ACF | to 100*ACF
                                  |          |           |              |            | 
   RVdata_jitter_0                |    6.86  |     1028  |    39150     |       6    |   96986 
   RVdata_offset_0                |    7.57  |     1136  |    41850     |       3    |  110433 
   RVdata_offset_1                |    7.18  |     1077  |    41850     |       3    |  104595 
   RVdata_offset_2                |    7.49  |     1123  |       -1     |      -1    |  113443 
   RVdata_offset_3                |    7.54  |     1131  |       -1     |      -1    |  114237 
   RVdata_gp_multidimensional_rot_amp |    7.31  |     1096  |    35100     |       9    |   99692 
   RVdata_gp_multidimensional_con_amp |    7.87  |     1181  |    39150     |       5    |  112240 
   FWHMdata_jitter_0              |    7.72  |     1158  |    43200     |       2    |  113953 
   FWHMdata_offset_0              |    7.51  |     1127  |    41850     |       3    |  109564 
   FWHMdata_offset_1              |    7.18  |     1077  |    41850     |       3    |  104594 
   FWHMdata_offset_2              |    7.38  |     1106  |       -1     |      -1    |  111735 
   FWHMdata_offset_3              |    7.57  |     1135  |       -1     |      -1    |  114682 
   FWHMdata_gp_multidimensional_rot_amp |    7.30  |     1095  |    35100     |       9    |   99628 
   FWHMdata_gp_multidimensional_con_amp |    7.40  |     1110  |    39150     |       5    |  105106 
   Contrastdata_jitter_0          |    7.36  |     1104  |    43200     |       2    |  108596 
   Contrastdata_offset_0          |    7.01  |     1052  |    37800     |       7    |   98002 
   Contrastdata_offset_1          |    7.34  |     1101  |       -1     |      -1    |  111192 
   Contrastdata_offset_2          |    6.77  |     1015  |    39150     |       6    |   95663 
   Contrastdata_offset_3          |    6.69  |     1003  |    35100     |      10    |   90435 
   Contrastdata_gp_multidimensional_rot_amp |    8.03  |     1204  |    32400     |      10    |  107842 
   Contrastdata_gp_multidimensional_con_amp |    9.63  |     1444  |    36450     |       6    |  135873 
   b_P                            |    8.15  |     1223  |       -1     |      -1    |  123520 
   b_K                            |    7.97  |     1195  |       -1     |      -1    |  120733 
   b_sre_coso                     |    7.35  |     1103  |    40500     |       4    |  105793 
   b_sre_sino                     |    7.24  |     1086  |    33750     |      10    |   97347 
   b_mean_long                    |    7.58  |     1137  |       -1     |      -1    |  114839 
   c_P                            |    6.80  |     1020  |    37800     |       7    |   94835 
   c_K                            |    6.80  |     1020  |    40500     |       4    |   97455 
   c_sre_coso                     |    7.30  |     1094  |    43200     |       2    |  107644 
   c_sre_sino                     |    7.33  |     1100  |    33750     |      10    |   98731 
   c_mean_long                    |    6.96  |     1044  |    37800     |       7    |   97224 
   activity_Prot                  |    6.90  |     1035  |    41850     |       3    |  100321 
   activity_Pdec                  |    8.63  |     1295  |    44550     |       0    |  129040 
   activity_Oamp                  |    6.93  |     1039  |    37800     |       7    |   96680 

     8 chains have not converged yet, keep going 

Check the documentation for the correct interpretation of these results:
https://pyorbit.readthedocs.io/running_pyorbit/terminal_output/#autocorrelation-analysis

====================================================================================================
     Statistics on the posterior of the sampler parameters     
====================================================================================================

----- dataset:  RVdata
jitter_0        13         1.164       -0.052        0.056   (15-84 p)   [    0.0009,    13.3000]
offset_0        14          8.37        -0.81         0.81   (15-84 p)   [-9997.8210, 10017.2110]
offset_1        15         10.20        -0.84         0.86   (15-84 p)   [-9997.8210, 10017.2110]
offset_2        16          9.78        -0.81         0.82   (15-84 p)   [-9997.8210, 10017.2110]
offset_3        17          9.62        -0.80         0.82   (15-84 p)   [-9997.8210, 10017.2110]

----- dataset: RVdata                    ----- model: gp_multidimensional           
rot_amp         18           5.4         -1.5          1.7   (15-84 p)   [    0.0000,    10.0000]
con_amp         19          1.72        -0.29         0.37   (15-84 p)   [  -20.0000,    20.0000]

----- dataset:  FWHMdata
jitter_0        20          0.32        -0.19         0.31   (15-84 p)   [    0.0500,   500.0000]
offset_0        21        6694.4         -1.2          1.1   (15-84 p)   [-3319.7439, 16948.1456]
offset_1        22        6938.4         -1.5          1.5   (15-84 p)   [-3319.7439, 16948.1456]
offset_2        23        6858.0         -1.2          1.1   (15-84 p)   [-3319.7439, 16948.1456]
offset_3        24        6896.2         -1.2          1.2   (15-84 p)   [-3319.7439, 16948.1456]

----- dataset: FWHMdata                  ----- model: gp_multidimensional           
rot_amp         25           0.5         -2.0          2.1   (15-84 p)   [  -10.0000,    10.0000]
con_amp         26         -2.19        -0.47         0.37   (15-84 p)   [  -20.0000,    20.0000]

----- dataset:  Contrastdata
jitter_0        27           190          -12           13   (15-84 p)   [    1.3000, 13000.0000]
offset_0        28       -353761          -26           25   (15-84 p)   [-468110.1377, -343008.9918]
offset_1        29       -433626          -48           49   (15-84 p)   [-468110.1377, -343008.9918]
offset_2        30       -457680          -27           27   (15-84 p)   [-468110.1377, -343008.9918]
offset_3        31       -362681          -27           27   (15-84 p)   [-468110.1377, -343008.9918]

----- dataset: Contrastdata              ----- model: gp_multidimensional           
rot_amp         32           1.3         -7.4          6.2   (15-84 p)   [  -10.0000,    10.0000]
con_amp         33        -19.34        -0.50          1.1   (15-84 p)   [  -20.0000,    20.0000]

----- common model:  b
P                0         4.693       -0.054        0.054   (15-84 p)   [    0.3785,     6.6439]
K                1          0.97        -0.44         0.33   (15-84 p)   [   -9.9658,     3.3219]
sre_coso         2          0.04        -0.22         0.21   (15-84 p)   [   -1.0000,     1.0000]
sre_sino         3         -0.13        -0.20         0.24   (15-84 p)   [   -1.0000,     1.0000]
mean_long        4            54          -23           24   (15-84 p)   [ -130.7465,   229.2535]

----- common model:  c
P                5        0.4822      -0.0021       0.0019   (15-84 p)   [    0.3785,     6.6439]
K                6         -0.39        -0.30         0.26   (15-84 p)   [   -9.9658,     3.3219]
sre_coso         7         -0.13        -0.21         0.24   (15-84 p)   [   -1.0000,     1.0000]
sre_sino         8         -0.17        -0.17         0.21   (15-84 p)   [   -1.0000,     1.0000]
mean_long        9           319          -17           17   (15-84 p)   [  141.5694,   501.5694]

----- common model:  activity
Prot            10         28.26        -0.38         0.39   (15-84 p)   [   20.0000,    35.0000]
Pdec            11          32.6         -1.9          3.6   (15-84 p)   [   30.0000,  1000.0000]
Oamp            12         -1.32        -0.12         0.11   (15-84 p)   [   -6.6439,     0.0000]

----- common model:  star_parameters

====================================================================================================
     Statistics on the model parameters obtained from the posteriors samples     
====================================================================================================

----- dataset:  RVdata
jitter_0                 1.164       -0.052        0.056    (15-84 p)
offset_0                  8.37        -0.81         0.81    (15-84 p)
offset_1                 10.20        -0.84         0.86    (15-84 p)
offset_2                  9.78        -0.81         0.82    (15-84 p)
offset_3                  9.62        -0.80         0.82    (15-84 p)


----- dataset: RVdata                    ----- model: gp_multidimensional           
rot_amp                    5.4         -1.5          1.7    (15-84 p)
con_amp                   1.72        -0.29         0.37    (15-84 p)

----- dataset:  FWHMdata
jitter_0                  0.32        -0.19         0.31    (15-84 p)
offset_0                6694.4         -1.2          1.1    (15-84 p)
offset_1                6938.4         -1.5          1.5    (15-84 p)
offset_2                6858.0         -1.2          1.1    (15-84 p)
offset_3                6896.2         -1.2          1.2    (15-84 p)


----- dataset: FWHMdata                  ----- model: gp_multidimensional           
rot_amp                    0.5         -2.0          2.1    (15-84 p)
con_amp                  -2.19        -0.47         0.37    (15-84 p)

----- dataset:  Contrastdata
jitter_0                   190          -12           13    (15-84 p)
offset_0               -353761          -26           25    (15-84 p)
offset_1               -433626          -48           49    (15-84 p)
offset_2               -457680          -27           27    (15-84 p)
offset_3               -362681          -27           27    (15-84 p)


----- dataset: Contrastdata              ----- model: gp_multidimensional           
rot_amp                    1.3         -7.4          6.2    (15-84 p)
con_amp                 -19.34        -0.50          1.1    (15-84 p)

----- common model:  b
P                        25.86        -0.96         0.99    (15-84 p)
K                         1.96        -0.51         0.51    (15-84 p)
mean_long                   54          -23           24    (15-84 p)
e                        0.083       -0.058        0.087    (15-84 p)
omega                      -51          -70          122    (15-84 p)

----- common model:  c
P                       1.3968      -0.0021       0.0019    (15-84 p)
K                         0.76        -0.15         0.15    (15-84 p)
mean_long                  319          -17           17    (15-84 p)
e                        0.104       -0.072        0.087    (15-84 p)
omega                     -101          -52          171    (15-84 p)

----- common model:  activity
Prot                     28.26        -0.38         0.39    (15-84 p)
Pdec                      32.6         -1.9          3.6    (15-84 p)
Oamp                     0.400       -0.031        0.031    (15-84 p)

----- common model:  star_parameters

====================================================================================================
     Statistics on the derived parameters obtained from the posteriors samples     
====================================================================================================

----- common model:  b
Inclination fixed to 90 deg!
Computing planetary mass under the approximation M_planet << M_star (threshold at 30.0 Me)
a_Rs                     36.79        -0.91         0.94    (15-84 p)
M_Mj                    0.0283      -0.0074       0.0074    (15-84 p)
M_Me                       9.0         -2.4          2.3    (15-84 p)
Tc                     59337.6         -1.6          2.3    (15-84 p)
a_AU_(M)                0.1712      -0.0042       0.0044    (15-84 p)
a_AU_(rho,R)            0.1712      -0.0042       0.0044    (15-84 p)

----- common model:  c
Inclination fixed to 90 deg!
Computing planetary mass under the approximation M_planet << M_star (threshold at 30.0 Me)
a_Rs                    5.2563      -0.0052       0.0047    (15-84 p)
M_Mj                   0.00417     -0.00079      0.00081    (15-84 p)
M_Me                      1.32        -0.25         0.26    (15-84 p)
Tc                   59335.231       -0.076        0.073    (15-84 p)
a_AU_(M)              0.024455    -0.000024     0.000022    (15-84 p)
a_AU_(rho,R)          0.024455    -0.000024     0.000022    (15-84 p)


====================================================================================================
     ------------------------------------------------------------------------------------------     
====================================================================================================



45000.0   steps completed, average lnprob:,  -3374.953259755619


Computing the autocorrelation time of the chains

***** WARNING ******
The integrated autocorrelation time cannot be reliably estimated
likely the chains are too short, and ACF analysis is not fully reliable
emcee.autocorr.integrated_time tolerance lowered to 20
If you still get a warning, you should drop these results entirely

Reference thinning used in the analysis: 150
Maximum value of the integrated ACF: 10
Step length used in the analysis: 10*nthin = 1500

Convergence criteria: less than 1% variation in ACF after 20 times the integrated ACF
At least 50*ACF after convergence, 100*ACF would be ideal
Negative values: not converged yet

   sampler parameter              |    ACF   | ACF*nthin | converged at | nsteps/ACF | to 100*ACF
                                  |          |           |              |            | 
   RVdata_jitter_0                |    7.12  |     1068  |    39000     |      20    |   85767 
   RVdata_offset_0                |    8.17  |     1225  |    40500     |      16    |  103038 
   RVdata_offset_1                |    7.80  |     1170  |    51000     |       8    |  107961 
   RVdata_offset_2                |    8.07  |     1211  |    48000     |      10    |  109104 
   RVdata_offset_3                |    8.12  |     1218  |    43500     |      14    |  105336 
   RVdata_gp_multidimensional_rot_amp |    7.77  |     1165  |    42000     |      15    |   98524 
   RVdata_gp_multidimensional_con_amp |    8.78  |     1316  |    55500     |       3    |  127134 
   FWHMdata_jitter_0              |    8.39  |     1259  |    40500     |      15    |  106361 
   FWHMdata_offset_0              |    8.03  |     1204  |    42000     |      15    |  102420 
   FWHMdata_offset_1              |    7.78  |     1167  |    42000     |      15    |   98734 
   FWHMdata_offset_2              |    8.14  |     1222  |    42000     |      15    |  104160 
   FWHMdata_offset_3              |    8.14  |     1221  |    46500     |      11    |  108633 
   FWHMdata_gp_multidimensional_rot_amp |    7.98  |     1197  |    51000     |       8    |  110655 
   FWHMdata_gp_multidimensional_con_amp |    8.22  |     1234  |    42000     |      15    |  105369 
   Contrastdata_jitter_0          |    7.98  |     1196  |    46500     |      11    |  106134 
   Contrastdata_offset_0          |    7.27  |     1091  |    37500     |      21    |   86618 
   Contrastdata_offset_1          |    7.64  |     1146  |    52500     |       7    |  107148 
   Contrastdata_offset_2          |    7.24  |     1086  |    42000     |      17    |   90609 
   Contrastdata_offset_3          |    7.15  |     1073  |    43500     |      15    |   90816 
   Contrastdata_gp_multidimensional_rot_amp |    8.61  |     1292  |    37500     |      17    |  106686 
   Contrastdata_gp_multidimensional_con_amp |   10.19  |     1528  |    48000     |       8    |  140823 
   b_P                            |    9.19  |     1378  |    55500     |       3    |  133288 
   b_K                            |    9.30  |     1396  |       -1     |      -1    |  140954 
   b_sre_coso                     |    7.89  |     1184  |    46500     |      11    |  104884 
   b_sre_sino                     |    7.74  |     1161  |    42000     |      16    |   98056 
   b_mean_long                    |    8.57  |     1286  |    51000     |       7    |  119595 
   c_P                            |    7.37  |     1106  |    37500     |      20    |   88057 
   c_K                            |    7.63  |     1144  |    46500     |      12    |  100908 
   c_sre_coso                     |    7.79  |     1168  |    43500     |      14    |  100349 
   c_sre_sino                     |    7.63  |     1145  |    42000     |      16    |   96468 
   c_mean_long                    |    7.38  |     1107  |    42000     |      16    |   92679 
   activity_Prot                  |    7.29  |     1094  |    48000     |      11    |   97380 
   activity_Pdec                  |    9.47  |     1421  |    45000     |      11    |  127092 
   activity_Oamp                  |    7.55  |     1133  |    37500     |      20    |   90765 

     1 chains have not converged yet, keep going 

Check the documentation for the correct interpretation of these results:
https://pyorbit.readthedocs.io/running_pyorbit/terminal_output/#autocorrelation-analysis

====================================================================================================
     Statistics on the posterior of the sampler parameters     
====================================================================================================

----- dataset:  RVdata
jitter_0        13         1.164       -0.052        0.056   (15-84 p)   [    0.0009,    13.3000]
offset_0        14          8.38        -0.80         0.82   (15-84 p)   [-9997.8210, 10017.2110]
offset_1        15         10.21        -0.83         0.87   (15-84 p)   [-9997.8210, 10017.2110]
offset_2        16          9.79        -0.79         0.83   (15-84 p)   [-9997.8210, 10017.2110]
offset_3        17          9.64        -0.79         0.82   (15-84 p)   [-9997.8210, 10017.2110]

----- dataset: RVdata                    ----- model: gp_multidimensional           
rot_amp         18           5.4         -1.5          1.7   (15-84 p)   [    0.0000,    10.0000]
con_amp         19          1.71        -0.28         0.38   (15-84 p)   [  -20.0000,    20.0000]

----- dataset:  FWHMdata
jitter_0        20          0.33        -0.20         0.31   (15-84 p)   [    0.0500,   500.0000]
offset_0        21        6694.4         -1.2          1.1   (15-84 p)   [-3319.7439, 16948.1456]
offset_1        22        6938.4         -1.5          1.5   (15-84 p)   [-3319.7439, 16948.1456]
offset_2        23        6857.9         -1.1          1.1   (15-84 p)   [-3319.7439, 16948.1456]
offset_3        24        6896.2         -1.2          1.2   (15-84 p)   [-3319.7439, 16948.1456]

----- dataset: FWHMdata                  ----- model: gp_multidimensional           
rot_amp         25           0.5         -2.0          2.1   (15-84 p)   [  -10.0000,    10.0000]
con_amp         26         -2.17        -0.47         0.37   (15-84 p)   [  -20.0000,    20.0000]

----- dataset:  Contrastdata
jitter_0        27           190          -12           13   (15-84 p)   [    1.3000, 13000.0000]
offset_0        28       -353761          -25           25   (15-84 p)   [-468110.1377, -343008.9918]
offset_1        29       -433627          -48           48   (15-84 p)   [-468110.1377, -343008.9918]
offset_2        30       -457681          -27           27   (15-84 p)   [-468110.1377, -343008.9918]
offset_3        31       -362681          -27           27   (15-84 p)   [-468110.1377, -343008.9918]

----- dataset: Contrastdata              ----- model: gp_multidimensional           
rot_amp         32           1.4         -7.5          6.1   (15-84 p)   [  -10.0000,    10.0000]
con_amp         33        -19.35        -0.49          1.1   (15-84 p)   [  -20.0000,    20.0000]

----- common model:  b
P                0         4.692       -0.054        0.055   (15-84 p)   [    0.3785,     6.6439]
K                1          0.96        -0.44         0.33   (15-84 p)   [   -9.9658,     3.3219]
sre_coso         2          0.04        -0.22         0.21   (15-84 p)   [   -1.0000,     1.0000]
sre_sino         3         -0.13        -0.20         0.23   (15-84 p)   [   -1.0000,     1.0000]
mean_long        4            54          -23           24   (15-84 p)   [ -130.7465,   229.2535]

----- common model:  c
P                5        0.4822      -0.0021       0.0020   (15-84 p)   [    0.3785,     6.6439]
K                6         -0.40        -0.30         0.26   (15-84 p)   [   -9.9658,     3.3219]
sre_coso         7         -0.13        -0.21         0.24   (15-84 p)   [   -1.0000,     1.0000]
sre_sino         8         -0.16        -0.17         0.21   (15-84 p)   [   -1.0000,     1.0000]
mean_long        9           319          -17           18   (15-84 p)   [  141.5694,   501.5694]

----- common model:  activity
Prot            10         28.27        -0.38         0.39   (15-84 p)   [   20.0000,    35.0000]
Pdec            11          32.7         -1.9          3.7   (15-84 p)   [   30.0000,  1000.0000]
Oamp            12         -1.32        -0.11         0.11   (15-84 p)   [   -6.6439,     0.0000]

----- common model:  star_parameters

====================================================================================================
     Statistics on the model parameters obtained from the posteriors samples     
====================================================================================================

----- dataset:  RVdata
jitter_0                 1.164       -0.052        0.056    (15-84 p)
offset_0                  8.38        -0.80         0.82    (15-84 p)
offset_1                 10.21        -0.83         0.87    (15-84 p)
offset_2                  9.79        -0.79         0.83    (15-84 p)
offset_3                  9.64        -0.79         0.82    (15-84 p)


----- dataset: RVdata                    ----- model: gp_multidimensional           
rot_amp                    5.4         -1.5          1.7    (15-84 p)
con_amp                   1.71        -0.28         0.38    (15-84 p)

----- dataset:  FWHMdata
jitter_0                  0.33        -0.20         0.31    (15-84 p)
offset_0                6694.4         -1.2          1.1    (15-84 p)
offset_1                6938.4         -1.5          1.5    (15-84 p)
offset_2                6857.9         -1.1          1.1    (15-84 p)
offset_3                6896.2         -1.2          1.2    (15-84 p)


----- dataset: FWHMdata                  ----- model: gp_multidimensional           
rot_amp                    0.5         -2.0          2.1    (15-84 p)
con_amp                  -2.17        -0.47         0.37    (15-84 p)

----- dataset:  Contrastdata
jitter_0                   190          -12           13    (15-84 p)
offset_0               -353761          -25           25    (15-84 p)
offset_1               -433627          -48           48    (15-84 p)
offset_2               -457681          -27           27    (15-84 p)
offset_3               -362681          -27           27    (15-84 p)


----- dataset: Contrastdata              ----- model: gp_multidimensional           
rot_amp                    1.4         -7.5          6.1    (15-84 p)
con_amp                 -19.35        -0.49          1.1    (15-84 p)

----- common model:  b
P                        25.86        -0.95          1.0    (15-84 p)
K                         1.95        -0.51         0.51    (15-84 p)
mean_long                   54          -23           24    (15-84 p)
e                        0.082       -0.058        0.087    (15-84 p)
omega                      -51          -70          125    (15-84 p)

----- common model:  c
P                       1.3969      -0.0020       0.0019    (15-84 p)
K                         0.76        -0.14         0.15    (15-84 p)
mean_long                  319          -17           18    (15-84 p)
e                        0.103       -0.071        0.088    (15-84 p)
omega                     -101          -53          170    (15-84 p)

----- common model:  activity
Prot                     28.27        -0.38         0.39    (15-84 p)
Pdec                      32.7         -1.9          3.7    (15-84 p)
Oamp                     0.400       -0.030        0.031    (15-84 p)

----- common model:  star_parameters

====================================================================================================
     Statistics on the derived parameters obtained from the posteriors samples     
====================================================================================================

----- common model:  b
Inclination fixed to 90 deg!
Computing planetary mass under the approximation M_planet << M_star (threshold at 30.0 Me)
a_Rs                     36.78        -0.91         0.95    (15-84 p)
M_Mj                    0.0282      -0.0074       0.0074    (15-84 p)
M_Me                       9.0         -2.4          2.4    (15-84 p)
Tc                     59337.6         -1.6          2.3    (15-84 p)
a_AU_(M)                0.1711      -0.0042       0.0044    (15-84 p)
a_AU_(rho,R)            0.1711      -0.0042       0.0044    (15-84 p)

----- common model:  c
Inclination fixed to 90 deg!
Computing planetary mass under the approximation M_planet << M_star (threshold at 30.0 Me)
a_Rs                    5.2564      -0.0051       0.0048    (15-84 p)
M_Mj                   0.00414     -0.00078      0.00081    (15-84 p)
M_Me                      1.32        -0.25         0.26    (15-84 p)
Tc                   59335.230       -0.076        0.074    (15-84 p)
a_AU_(M)              0.024455    -0.000024     0.000022    (15-84 p)
a_AU_(rho,R)          0.024455    -0.000024     0.000022    (15-84 p)


====================================================================================================
     ------------------------------------------------------------------------------------------     
====================================================================================================



60000.0   steps completed, average lnprob:,  -3374.6578334650303


emcee completed


:::---::: PyORBIT v11.0.1 :::---:::

Python version in use:
3.10.18 (main, Jun  5 2025, 13:14:17) [GCC 11.2.0]
LaTeX disabled by default

Using orbital model:  keplerian
Using orbital parametrization:  Eastman2013

Using orbital model:  keplerian
Using orbital parametrization:  Eastman2013

gp_multidimensional  S+LEAF model, number of harmonics: 4

GP model: gp_multidimensional  hyperparameters_condition:    True
GP model: gp_multidimensional  rotation_decay_condition:     True

### PyORBIT version used in the analysis:  11.0.1

 emcee version:  3.1.6

 Reference Time Tref: 59334.700184

 Data points:834
 Dimensions: 34
 Nwalkers:   136
 Steps:      60000


Number of samplings: 40800

Recomputing ln-prior, it may take a while...

ln-probability   distribution:  -3374.70       -4.94      4.15 (15-84 p) 
ln-prior         distribution:   -206.23       -2.39      1.68 (15-84 p) 
ln-likelihood    distribution:  -3168.16       -5.21      4.49 (15-84 p) 


*** Information criteria using the likelihood distribution

 BIC from distribution  (using likelihood)  =   6565.01     -8.98   10.42 (15-84 p)
 AIC from distribution  (using likelihood)  =   6404.32     -8.98   10.42 (15-84 p)
 AICc from distribution (using likelihood)  =   6407.30     -8.98   10.42 (15-84 p)


*** Information criteria using the median parameter set

 ln_probability of Median solution =  -3360.13
 ln_priors of Median solution      =   -204.34
 ln_likelihood of Median solution  =  -3155.79

 Median BIC  (using likelihood) =   6540.28
 Median AIC  (using likelihood) =   6379.59
 Median AICc (using likelihood) =   6382.56


*** Information criteria using the MAP parameter set

 ln_probability of MAP solution =  -3362.67
 ln_priors of MAP solution      =   -205.63
 ln_likelihood of MAP solution  =  -3157.04

 MAP BIC  (using likelihood)    =   6542.78
 MAP AIC  (using likelihood)    =   6382.08
 MAP AICc (using likelihood)    =   6385.06

 AICc suggested over AIC because NDATA ( 834 ) < 40 * NDIM ( 34 )

****************************************************************************************************


Computing the autocorrelation time of the chains

***** WARNING ******
The integrated autocorrelation time cannot be reliably estimated
likely the chains are too short, and ACF analysis is not fully reliable
emcee.autocorr.integrated_time tolerance lowered to 20
If you still get a warning, you should drop these results entirely

Reference thinning used in the analysis: 150
Maximum value of the integrated ACF: 10
Step length used in the analysis: 10*nthin = 1500

Convergence criteria: less than 1% variation in ACF after 20 times the integrated ACF
At least 50*ACF after convergence, 100*ACF would be ideal
Negative values: not converged yet

   sampler parameter              |    ACF   | ACF*nthin | converged at | nsteps/ACF | to 100*ACF
                                  |          |           |              |            | 
   RVdata_jitter_0                |    7.12  |     1068  |    39000     |      20    |   85767 
   RVdata_offset_0                |    8.17  |     1225  |    40500     |      16    |  103038 
   RVdata_offset_1                |    7.80  |     1170  |    51000     |       8    |  107961 
   RVdata_offset_2                |    8.07  |     1211  |    48000     |      10    |  109104 
   RVdata_offset_3                |    8.12  |     1218  |    43500     |      14    |  105336 
   RVdata_gp_multidimensional_rot_amp |    7.77  |     1165  |    42000     |      15    |   98524 
   RVdata_gp_multidimensional_con_amp |    8.78  |     1316  |    55500     |       3    |  127134 
   FWHMdata_jitter_0              |    8.39  |     1259  |    40500     |      15    |  106361 
   FWHMdata_offset_0              |    8.03  |     1204  |    42000     |      15    |  102420 
   FWHMdata_offset_1              |    7.78  |     1167  |    42000     |      15    |   98734 
   FWHMdata_offset_2              |    8.14  |     1222  |    42000     |      15    |  104160 
   FWHMdata_offset_3              |    8.14  |     1221  |    46500     |      11    |  108633 
   FWHMdata_gp_multidimensional_rot_amp |    7.98  |     1197  |    51000     |       8    |  110655 
   FWHMdata_gp_multidimensional_con_amp |    8.22  |     1234  |    42000     |      15    |  105369 
   Contrastdata_jitter_0          |    7.98  |     1196  |    46500     |      11    |  106134 
   Contrastdata_offset_0          |    7.27  |     1091  |    37500     |      21    |   86618 
   Contrastdata_offset_1          |    7.64  |     1146  |    52500     |       7    |  107148 
   Contrastdata_offset_2          |    7.24  |     1086  |    42000     |      17    |   90609 
   Contrastdata_offset_3          |    7.15  |     1073  |    43500     |      15    |   90816 
   Contrastdata_gp_multidimensional_rot_amp |    8.61  |     1292  |    37500     |      17    |  106686 
   Contrastdata_gp_multidimensional_con_amp |   10.19  |     1528  |    48000     |       8    |  140823 
   b_P                            |    9.19  |     1378  |    55500     |       3    |  133288 
   b_K                            |    9.30  |     1396  |       -1     |      -1    |  140954 
   b_sre_coso                     |    7.89  |     1184  |    46500     |      11    |  104884 
   b_sre_sino                     |    7.74  |     1161  |    42000     |      16    |   98056 
   b_mean_long                    |    8.57  |     1286  |    51000     |       7    |  119595 
   c_P                            |    7.37  |     1106  |    37500     |      20    |   88057 
   c_K                            |    7.63  |     1144  |    46500     |      12    |  100908 
   c_sre_coso                     |    7.79  |     1168  |    43500     |      14    |  100349 
   c_sre_sino                     |    7.63  |     1145  |    42000     |      16    |   96468 
   c_mean_long                    |    7.38  |     1107  |    42000     |      16    |   92679 
   activity_Prot                  |    7.29  |     1094  |    48000     |      11    |   97380 
   activity_Pdec                  |    9.47  |     1421  |    45000     |      11    |  127092 
   activity_Oamp                  |    7.55  |     1133  |    37500     |      20    |   90765 

     1 chains have not converged yet, keep going 

Check the documentation for the correct interpretation of these results:
https://pyorbit.readthedocs.io/running_pyorbit/terminal_output/#autocorrelation-analysis

 Plotting the ACF... 


====================================================================================================
     Ids, spaces (s), boundaries (b) and priors (p) of the sampler parameters     
====================================================================================================

----- dataset:  RVdata
jitter_0      id:  13  s:Linear      b:[      0.0009,      13.3000]   p:Uniform   []
offset_0      id:  14  s:Linear      b:[  -9997.8210,   10017.2110]   p:Uniform   []
offset_1      id:  15  s:Linear      b:[  -9997.8210,   10017.2110]   p:Uniform   []
offset_2      id:  16  s:Linear      b:[  -9997.8210,   10017.2110]   p:Uniform   []
offset_3      id:  17  s:Linear      b:[  -9997.8210,   10017.2110]   p:Uniform   []

----- dataset: RVdata                    ----- model: gp_multidimensional           
rot_amp       id:  18  s:Linear      b:[      0.0000,      10.0000]   p:Uniform   []
con_amp       id:  19  s:Linear      b:[    -20.0000,      20.0000]   p:Uniform   []

----- dataset:  FWHMdata
jitter_0      id:  20  s:Linear      b:[      0.0500,     500.0000]   p:Uniform   []
offset_0      id:  21  s:Linear      b:[  -3319.7439,   16948.1456]   p:Uniform   []
offset_1      id:  22  s:Linear      b:[  -3319.7439,   16948.1456]   p:Uniform   []
offset_2      id:  23  s:Linear      b:[  -3319.7439,   16948.1456]   p:Uniform   []
offset_3      id:  24  s:Linear      b:[  -3319.7439,   16948.1456]   p:Uniform   []

----- dataset: FWHMdata                  ----- model: gp_multidimensional           
rot_amp       id:  25  s:Linear      b:[    -10.0000,      10.0000]   p:Uniform   []
con_amp       id:  26  s:Linear      b:[    -20.0000,      20.0000]   p:Uniform   []

----- dataset:  Contrastdata
jitter_0      id:  27  s:Linear      b:[      1.3000,   13000.0000]   p:Uniform   []
offset_0      id:  28  s:Linear      b:[-468110.1377, -343008.9918]   p:Uniform   []
offset_1      id:  29  s:Linear      b:[-468110.1377, -343008.9918]   p:Uniform   []
offset_2      id:  30  s:Linear      b:[-468110.1377, -343008.9918]   p:Uniform   []
offset_3      id:  31  s:Linear      b:[-468110.1377, -343008.9918]   p:Uniform   []

----- dataset: Contrastdata              ----- model: gp_multidimensional           
rot_amp       id:  32  s:Linear      b:[    -10.0000,      10.0000]   p:Uniform   []
con_amp       id:  33  s:Linear      b:[    -20.0000,      20.0000]   p:Uniform   []

----- common model:  b
P             id:   0  s:Log_Base2   b:[      0.3785,       6.6439]   p:Uniform   []
K             id:   1  s:Log_Base2   b:[     -9.9658,       3.3219]   p:Uniform   []
sre_coso      id:   2  s:Linear      b:[     -1.0000,       1.0000]   p:Uniform   []
sre_sino      id:   3  s:Linear      b:[     -1.0000,       1.0000]   p:Uniform   []
mean_long     id:   4  s:Linear      b:[   -130.7465,     229.2535]   p:Uniform   []
e             derived (no id, space, bound)                           p:Gaussian   [0.    0.098]
omega         derived (no id, space, bound)                           p:Uniform   [0.0, 360.0]

----- common model:  c
P             id:   5  s:Log_Base2   b:[      0.3785,       6.6439]   p:Uniform   []
K             id:   6  s:Log_Base2   b:[     -9.9658,       3.3219]   p:Uniform   []
sre_coso      id:   7  s:Linear      b:[     -1.0000,       1.0000]   p:Uniform   []
sre_sino      id:   8  s:Linear      b:[     -1.0000,       1.0000]   p:Uniform   []
mean_long     id:   9  s:Linear      b:[    141.5694,     501.5694]   p:Uniform   []
e             derived (no id, space, bound)                           p:Gaussian   [0.    0.098]
omega         derived (no id, space, bound)                           p:Uniform   [0.0, 360.0]

----- common model:  activity
Prot          id:  10  s:Linear      b:[     20.0000,      35.0000]   p:Gaussian   [28.   0.5]
Pdec          id:  11  s:Linear      b:[     30.0000,    1000.0000]   p:Uniform   []
Oamp          id:  12  s:Log_Base2   b:[     -6.6439,       0.0000]   p:Gaussian   [0.35  0.035]

----- common model:  star_parameters
mass          derived (no id, space, bound)                           p:Gaussian   [1.e+00 1.e-06]
radius        derived (no id, space, bound)                           p:Gaussian   [1.e+00 1.e-06]
density       derived (no id, space, bound)                           p:Gaussian   [1.e+00 1.e-06]


****************************************************************************************************
****************************************************************************************************

 Confidence intervals (median value, 34.135th percentile from the median on the left and right side)

====================================================================================================
     Statistics on the posterior of the sampler parameters     
====================================================================================================

----- dataset:  RVdata
jitter_0        13         1.164       -0.052        0.056   (15-84 p)   [    0.0009,    13.3000]
offset_0        14          8.38        -0.80         0.82   (15-84 p)   [-9997.8210, 10017.2110]
offset_1        15         10.21        -0.83         0.87   (15-84 p)   [-9997.8210, 10017.2110]
offset_2        16          9.79        -0.79         0.83   (15-84 p)   [-9997.8210, 10017.2110]
offset_3        17          9.64        -0.79         0.82   (15-84 p)   [-9997.8210, 10017.2110]

----- dataset: RVdata                    ----- model: gp_multidimensional           
rot_amp         18           5.4         -1.5          1.7   (15-84 p)   [    0.0000,    10.0000]
con_amp         19          1.71        -0.28         0.38   (15-84 p)   [  -20.0000,    20.0000]

----- dataset:  FWHMdata
jitter_0        20          0.33        -0.20         0.31   (15-84 p)   [    0.0500,   500.0000]
offset_0        21        6694.4         -1.2          1.1   (15-84 p)   [-3319.7439, 16948.1456]
offset_1        22        6938.4         -1.5          1.5   (15-84 p)   [-3319.7439, 16948.1456]
offset_2        23        6857.9         -1.1          1.1   (15-84 p)   [-3319.7439, 16948.1456]
offset_3        24        6896.2         -1.2          1.2   (15-84 p)   [-3319.7439, 16948.1456]

----- dataset: FWHMdata                  ----- model: gp_multidimensional           
rot_amp         25           0.5         -2.0          2.1   (15-84 p)   [  -10.0000,    10.0000]
con_amp         26         -2.17        -0.47         0.37   (15-84 p)   [  -20.0000,    20.0000]

----- dataset:  Contrastdata
jitter_0        27           190          -12           13   (15-84 p)   [    1.3000, 13000.0000]
offset_0        28       -353761          -25           25   (15-84 p)   [-468110.1377, -343008.9918]
offset_1        29       -433627          -48           48   (15-84 p)   [-468110.1377, -343008.9918]
offset_2        30       -457681          -27           27   (15-84 p)   [-468110.1377, -343008.9918]
offset_3        31       -362681          -27           27   (15-84 p)   [-468110.1377, -343008.9918]

----- dataset: Contrastdata              ----- model: gp_multidimensional           
rot_amp         32           1.4         -7.5          6.1   (15-84 p)   [  -10.0000,    10.0000]
con_amp         33        -19.35        -0.49          1.1   (15-84 p)   [  -20.0000,    20.0000]

----- common model:  b
P                0         4.692       -0.054        0.055   (15-84 p)   [    0.3785,     6.6439]
K                1          0.96        -0.44         0.33   (15-84 p)   [   -9.9658,     3.3219]
sre_coso         2          0.04        -0.22         0.21   (15-84 p)   [   -1.0000,     1.0000]
sre_sino         3         -0.13        -0.20         0.23   (15-84 p)   [   -1.0000,     1.0000]
mean_long        4            54          -23           24   (15-84 p)   [ -130.7465,   229.2535]

----- common model:  c
P                5        0.4822      -0.0021       0.0020   (15-84 p)   [    0.3785,     6.6439]
K                6         -0.40        -0.30         0.26   (15-84 p)   [   -9.9658,     3.3219]
sre_coso         7         -0.13        -0.21         0.24   (15-84 p)   [   -1.0000,     1.0000]
sre_sino         8         -0.16        -0.17         0.21   (15-84 p)   [   -1.0000,     1.0000]
mean_long        9           319          -17           18   (15-84 p)   [  141.5694,   501.5694]

----- common model:  activity
Prot            10         28.27        -0.38         0.39   (15-84 p)   [   20.0000,    35.0000]
Pdec            11          32.7         -1.9          3.7   (15-84 p)   [   30.0000,  1000.0000]
Oamp            12         -1.32        -0.11         0.11   (15-84 p)   [   -6.6439,     0.0000]

----- common model:  star_parameters

====================================================================================================
     Statistics on the model parameters obtained from the posteriors samples     
====================================================================================================

----- dataset:  RVdata
jitter_0                 1.164       -0.052        0.056    (15-84 p)
offset_0                  8.38        -0.80         0.82    (15-84 p)
offset_1                 10.21        -0.83         0.87    (15-84 p)
offset_2                  9.79        -0.79         0.83    (15-84 p)
offset_3                  9.64        -0.79         0.82    (15-84 p)


----- dataset: RVdata                    ----- model: gp_multidimensional           
rot_amp                    5.4         -1.5          1.7    (15-84 p)
con_amp                   1.71        -0.28         0.38    (15-84 p)

----- dataset:  FWHMdata
jitter_0                  0.33        -0.20         0.31    (15-84 p)
offset_0                6694.4         -1.2          1.1    (15-84 p)
offset_1                6938.4         -1.5          1.5    (15-84 p)
offset_2                6857.9         -1.1          1.1    (15-84 p)
offset_3                6896.2         -1.2          1.2    (15-84 p)


----- dataset: FWHMdata                  ----- model: gp_multidimensional           
rot_amp                    0.5         -2.0          2.1    (15-84 p)
con_amp                  -2.17        -0.47         0.37    (15-84 p)

----- dataset:  Contrastdata
jitter_0                   190          -12           13    (15-84 p)
offset_0               -353761          -25           25    (15-84 p)
offset_1               -433627          -48           48    (15-84 p)
offset_2               -457681          -27           27    (15-84 p)
offset_3               -362681          -27           27    (15-84 p)


----- dataset: Contrastdata              ----- model: gp_multidimensional           
rot_amp                    1.4         -7.5          6.1    (15-84 p)
con_amp                 -19.35        -0.49          1.1    (15-84 p)

----- common model:  b
P                        25.86        -0.95          1.0    (15-84 p)
K                         1.95        -0.51         0.51    (15-84 p)
mean_long                   54          -23           24    (15-84 p)
e                        0.082       -0.058        0.087    (15-84 p)
omega                      -61          -75          102    (15-84 p)

----- common model:  c
P                       1.3969      -0.0020       0.0019    (15-84 p)
K                         0.76        -0.14         0.15    (15-84 p)
mean_long                  319          -17           18    (15-84 p)
e                        0.103       -0.071        0.088    (15-84 p)
omega                     -132          -56           65    (15-84 p)

----- common model:  activity
Prot                     28.27        -0.38         0.39    (15-84 p)
Pdec                      32.7         -1.9          3.7    (15-84 p)
Oamp                     0.400       -0.030        0.031    (15-84 p)

----- common model:  star_parameters

====================================================================================================
     Statistics on the derived parameters obtained from the posteriors samples     
====================================================================================================

----- common model:  b
Inclination fixed to 90 deg!
Computing planetary mass under the approximation M_planet << M_star (threshold at 30.0 Me)
a_Rs                     36.78        -0.91         0.95    (15-84 p)
M_Mj                    0.0282      -0.0074       0.0074    (15-84 p)
M_Me                       9.0         -2.4          2.4    (15-84 p)
Tc                     59337.6         -1.6          2.3    (15-84 p)
a_AU_(M)                0.1711      -0.0042       0.0044    (15-84 p)
a_AU_(rho,R)            0.1711      -0.0042       0.0044    (15-84 p)

----- common model:  c
Inclination fixed to 90 deg!
Computing planetary mass under the approximation M_planet << M_star (threshold at 30.0 Me)
a_Rs                    5.2564      -0.0051       0.0048    (15-84 p)
M_Mj                   0.00414     -0.00078      0.00081    (15-84 p)
M_Me                      1.32        -0.25         0.26    (15-84 p)
Tc                   59335.230       -0.076        0.074    (15-84 p)
a_AU_(M)              0.024455    -0.000024     0.000022    (15-84 p)
a_AU_(rho,R)          0.024455    -0.000024     0.000022    (15-84 p)


====================================================================================================
     ------------------------------------------------------------------------------------------     
====================================================================================================



****************************************************************************************************

 Parameters corresponding to the Maximum a Posteriori probability ( -3362.6696821976816 )

====================================================================================================
     Statistics on the posterior of the sampler parameters     
====================================================================================================

----- dataset:  RVdata
jitter_0        13      1.167653 [    0.0009,    13.3000]
offset_0        14      8.870830 [-9997.8210, 10017.2110]
offset_1        15     10.559686 [-9997.8210, 10017.2110]
offset_2        16     10.241626 [-9997.8210, 10017.2110]
offset_3        17     10.142264 [-9997.8210, 10017.2110]

----- dataset: RVdata                    ----- model: gp_multidimensional           
rot_amp         18      5.680050 [    0.0000,    10.0000]
con_amp         19      1.796405 [  -20.0000,    20.0000]

----- dataset:  FWHMdata
jitter_0        20      0.066668 [    0.0500,   500.0000]
offset_0        21   6694.087591 [-3319.7439, 16948.1456]
offset_1        22   6937.601432 [-3319.7439, 16948.1456]
offset_2        23   6857.658942 [-3319.7439, 16948.1456]
offset_3        24   6895.366890 [-3319.7439, 16948.1456]

----- dataset: FWHMdata                  ----- model: gp_multidimensional           
rot_amp         25     -0.435314 [  -10.0000,    10.0000]
con_amp         26     -2.175438 [  -20.0000,    20.0000]

----- dataset:  Contrastdata
jitter_0        27    195.733662 [    1.3000, 13000.0000]
offset_0        28  -353790.483381 [-468110.1377, -343008.9918]
offset_1        29  -433609.916424 [-468110.1377, -343008.9918]
offset_2        30  -457687.590568 [-468110.1377, -343008.9918]
offset_3        31  -362663.435642 [-468110.1377, -343008.9918]

----- dataset: Contrastdata              ----- model: gp_multidimensional           
rot_amp         32      8.322859 [  -10.0000,    10.0000]
con_amp         33    -19.726452 [  -20.0000,    20.0000]

----- common model:  b
P                0      4.706731 [    0.3785,     6.6439]
K                1      1.398336 [   -9.9658,     3.3219]
sre_coso         2      0.145123 [   -1.0000,     1.0000]
sre_sino         3     -0.076662 [   -1.0000,     1.0000]
mean_long        4     49.183459 [ -130.7465,   229.2535]

----- common model:  c
P                5      0.483076 [    0.3785,     6.6439]
K                6     -0.267210 [   -9.9658,     3.3219]
sre_coso         7     -0.328890 [   -1.0000,     1.0000]
sre_sino         8     -0.151081 [   -1.0000,     1.0000]
mean_long        9    314.808518 [  141.5694,   501.5694]

----- common model:  activity
Prot            10     28.245516 [   20.0000,    35.0000]
Pdec            11     30.685740 [   30.0000,  1000.0000]
Oamp            12     -1.283171 [   -6.6439,     0.0000]

----- common model:  star_parameters

====================================================================================================
     Statistics on the model parameters obtained from the posteriors samples     
====================================================================================================

----- dataset:  RVdata
jitter_0              1.167653 
offset_0              8.870830 
offset_1             10.559686 
offset_2             10.241626 
offset_3             10.142264 


----- dataset: RVdata                    ----- model: gp_multidimensional           
rot_amp               5.680050 
con_amp               1.796405 

----- dataset:  FWHMdata
jitter_0              0.066668 
offset_0           6694.087591 
offset_1           6937.601432 
offset_2           6857.658942 
offset_3           6895.366890 


----- dataset: FWHMdata                  ----- model: gp_multidimensional           
rot_amp              -0.435314 
con_amp              -2.175438 

----- dataset:  Contrastdata
jitter_0            195.733662 
offset_0        -353790.483381 
offset_1        -433609.916424 
offset_2        -457687.590568 
offset_3        -362663.435642 


----- dataset: Contrastdata              ----- model: gp_multidimensional           
rot_amp               8.322859 
con_amp             -19.726452 

----- common model:  b
P                    26.113637 
K                     2.635975 
mean_long            49.183459 
e                     0.026938 
omega               -27.845587 

----- common model:  c
P                     1.397720 
K                     0.830925 
mean_long           314.808518 
e                     0.130994 
omega              -155.327484 

----- common model:  activity
Prot                 28.245516 
Pdec                 30.685740 
Oamp                  0.410891 

----- common model:  star_parameters

====================================================================================================
     Statistics on the derived parameters obtained from the posteriors samples     
====================================================================================================

----- common model:  b
Inclination fixed to 90 deg!
a_Rs                 37.024887 
M_Mj                  0.038458 
M_Me                 12.225475 
Tc                59337.461077 
a_AU_(M)              0.172260 
a_AU_(rho,R)          0.172257 

----- common model:  c
Inclination fixed to 90 deg!
a_Rs                  5.258515 
M_Mj                  0.004531 
M_Me                  1.440325 
Tc                59335.280154 
a_AU_(M)              0.024465 
a_AU_(rho,R)          0.024465 


====================================================================================================
     ------------------------------------------------------------------------------------------     
====================================================================================================



****************************************************************************************************

 Parameters corresponding to the sample closest to the median values ( -3369.0294085112687 )

====================================================================================================
     Statistics on the posterior of the sampler parameters     
====================================================================================================

----- dataset:  RVdata
jitter_0        13      1.135527 [    0.0009,    13.3000]
offset_0        14      8.080268 [-9997.8210, 10017.2110]
offset_1        15     10.368091 [-9997.8210, 10017.2110]
offset_2        16      9.659711 [-9997.8210, 10017.2110]
offset_3        17      9.293757 [-9997.8210, 10017.2110]

----- dataset: RVdata                    ----- model: gp_multidimensional           
rot_amp         18      5.424973 [    0.0000,    10.0000]
con_amp         19      1.256967 [  -20.0000,    20.0000]

----- dataset:  FWHMdata
jitter_0        20      0.420827 [    0.0500,   500.0000]
offset_0        21   6694.970662 [-3319.7439, 16948.1456]
offset_1        22   6937.936737 [-3319.7439, 16948.1456]
offset_2        23   6857.835104 [-3319.7439, 16948.1456]
offset_3        24   6895.644145 [-3319.7439, 16948.1456]

----- dataset: FWHMdata                  ----- model: gp_multidimensional           
rot_amp         25     -1.772521 [  -10.0000,    10.0000]
con_amp         26     -2.078394 [  -20.0000,    20.0000]

----- dataset:  Contrastdata
jitter_0        27    182.512458 [    1.3000, 13000.0000]
offset_0        28  -353756.269722 [-468110.1377, -343008.9918]
offset_1        29  -433612.938928 [-468110.1377, -343008.9918]
offset_2        30  -457674.142254 [-468110.1377, -343008.9918]
offset_3        31  -362690.935363 [-468110.1377, -343008.9918]

----- dataset: Contrastdata              ----- model: gp_multidimensional           
rot_amp         32     -0.116054 [  -10.0000,    10.0000]
con_amp         33    -19.033747 [  -20.0000,    20.0000]

----- common model:  b
P                0      4.640372 [    0.3785,     6.6439]
K                1      0.005055 [   -9.9658,     3.3219]
sre_coso         2      0.009273 [   -1.0000,     1.0000]
sre_sino         3     -0.016389 [   -1.0000,     1.0000]
mean_long        4     32.893172 [ -130.7465,   229.2535]

----- common model:  c
P                5      0.480811 [    0.3785,     6.6439]
K                6     -0.529136 [   -9.9658,     3.3219]
sre_coso         7     -0.072439 [   -1.0000,     1.0000]
sre_sino         8     -0.240288 [   -1.0000,     1.0000]
mean_long        9    303.611121 [  141.5694,   501.5694]

----- common model:  activity
Prot            10     28.109039 [   20.0000,    35.0000]
Pdec            11     31.053553 [   30.0000,  1000.0000]
Oamp            12     -1.349987 [   -6.6439,     0.0000]

----- common model:  star_parameters

====================================================================================================
     Statistics on the model parameters obtained from the posteriors samples     
====================================================================================================

----- dataset:  RVdata
jitter_0              1.135527 
offset_0              8.080268 
offset_1             10.368091 
offset_2              9.659711 
offset_3              9.293757 


----- dataset: RVdata                    ----- model: gp_multidimensional           
rot_amp               5.424973 
con_amp               1.256967 

----- dataset:  FWHMdata
jitter_0              0.420827 
offset_0           6694.970662 
offset_1           6937.936737 
offset_2           6857.835104 
offset_3           6895.644145 


----- dataset: FWHMdata                  ----- model: gp_multidimensional           
rot_amp              -1.772521 
con_amp              -2.078394 

----- dataset:  Contrastdata
jitter_0            182.512458 
offset_0        -353756.269722 
offset_1        -433612.938928 
offset_2        -457674.142254 
offset_3        -362690.935363 


----- dataset: Contrastdata              ----- model: gp_multidimensional           
rot_amp              -0.116054 
con_amp             -19.033747 

----- common model:  b
P                    24.939688 
K                     1.003510 
mean_long            32.893172 
e                     0.000355 
omega               -60.499873 

----- common model:  c
P                     1.395528 
K                     0.692970 
mean_long           303.611121 
e                     0.062986 
omega              -106.776330 

----- common model:  activity
Prot                 28.109039 
Pdec                 31.053553 
Oamp                  0.392296 

----- common model:  star_parameters

====================================================================================================
     Statistics on the derived parameters obtained from the posteriors samples     
====================================================================================================

----- common model:  b
Inclination fixed to 90 deg!
a_Rs                 35.906830 
M_Mj                  0.014423 
M_Me                  4.584990 
Tc                59338.654982 
a_AU_(M)              0.167057 
a_AU_(rho,R)          0.167055 

----- common model:  c
Inclination fixed to 90 deg!
a_Rs                  5.253013 
M_Mj                  0.003802 
M_Me                  1.208596 
Tc                59335.276111 
a_AU_(M)              0.024440 
a_AU_(rho,R)          0.024439 


====================================================================================================
     ------------------------------------------------------------------------------------------     
====================================================================================================



****************************************************************************************************

Inclination fixed to 90 deg!
Inclination fixed to 90 deg!
Note: stellar density derived from stellar mass and radius

Inclination fixed to 90 deg!
Inclination fixed to 90 deg!
Inclination fixed to 90 deg!
Inclination fixed to 90 deg!
 Plot FLAT chain 

****************************************************************************************************

 Skipping full correlation plot due to the high number of parameters
 To avoid this behaviour, set the keyword parameters:force_full_correlation_plot to True

****************************************************************************************************

 Plotting the chains... 

****************************************************************************************************

 Plotting the Gelman-Rubin traces... 

     Gelman-Rubin:    13     1.012121 RVdata_jitter_0 
     Gelman-Rubin:    14     1.011313 RVdata_offset_0 
     Gelman-Rubin:    15     1.011894 RVdata_offset_1 
     Gelman-Rubin:    16     1.011393 RVdata_offset_2 
     Gelman-Rubin:    17     1.010699 RVdata_offset_3 
     Gelman-Rubin:    18     1.014094 RVdata_gp_multidimensional_rot_amp 
     Gelman-Rubin:    19     1.012680 RVdata_gp_multidimensional_con_amp 
     Gelman-Rubin:    20     1.012863 FWHMdata_jitter_0 
     Gelman-Rubin:    21     1.010138 FWHMdata_offset_0 
     Gelman-Rubin:    22     1.011725 FWHMdata_offset_1 
     Gelman-Rubin:    23     1.011102 FWHMdata_offset_2 
     Gelman-Rubin:    24     1.011443 FWHMdata_offset_3 
     Gelman-Rubin:    25     1.011346 FWHMdata_gp_multidimensional_rot_amp 
     Gelman-Rubin:    26     1.013067 FWHMdata_gp_multidimensional_con_amp 
     Gelman-Rubin:    27     1.011122 Contrastdata_jitter_0 
     Gelman-Rubin:    28     1.009125 Contrastdata_offset_0 
     Gelman-Rubin:    29     1.011284 Contrastdata_offset_1 
     Gelman-Rubin:    30     1.009855 Contrastdata_offset_2 
     Gelman-Rubin:    31     1.011888 Contrastdata_offset_3 
     Gelman-Rubin:    32     1.012211 Contrastdata_gp_multidimensional_rot_amp 
     Gelman-Rubin:    33     1.015515 Contrastdata_gp_multidimensional_con_amp 
     Gelman-Rubin:     0     1.204069 b_P 
     Gelman-Rubin:     1     1.272310 b_K 
     Gelman-Rubin:     2     1.011760 b_sre_coso 
     Gelman-Rubin:     3     1.011897 b_sre_sino 
     Gelman-Rubin:     4     1.022983 b_mean_long 
     Gelman-Rubin:     5     1.013275 c_P 
     Gelman-Rubin:     6     1.011305 c_K 
     Gelman-Rubin:     7     1.010439 c_sre_coso 
     Gelman-Rubin:     8     1.013588 c_sre_sino 
     Gelman-Rubin:     9     1.012132 c_mean_long 
     Gelman-Rubin:    10     1.010245 activity_Prot 
     Gelman-Rubin:    11     1.016128 activity_Pdec 
     Gelman-Rubin:    12     1.009716 activity_Oamp 

****************************************************************************************************

Plotting the common models corner plots
     Common model:  b
     Common model:  c
     Common model:  activity
     Common model:  star_parameters

****************************************************************************************************

Plotting the dataset + models corner plots 

     Dataset:  RVdata     model:  gp_multidimensional  corner plot  starting 
     Dataset:  RVdata     model:  gp_multidimensional  corner plot  done 
     Dataset:  RVdata     model:  radial_velocities_b  corner plot  starting 
     Dataset:  RVdata     model:  radial_velocities_b  corner plot  done 
     Dataset:  RVdata     model:  radial_velocities_c  corner plot  starting 
     Dataset:  RVdata     model:  radial_velocities_c  corner plot  done 
     Dataset:  FWHMdata     model:  gp_multidimensional  corner plot  starting 
     Dataset:  FWHMdata     model:  gp_multidimensional  corner plot  done 
     Dataset:  Contrastdata     model:  gp_multidimensional  corner plot  starting 
     Dataset:  Contrastdata     model:  gp_multidimensional  corner plot  done 

****************************************************************************************************

 Saving the planet parameter samplings to files (with plots)

****************************************************************************************************

 Saving all the parameter samplings to files (with plots)

****************************************************************************************************

 Computing the models for plot/data writing 
     Splitting the plot array to allow GP prediction of extended datasets, it may take a while...
     # 56 chunks of 100 times each
     Check the documentation if the code is taking too long or if it crashes...
     Splitting the plot array to allow GP prediction of extended datasets, it may take a while...
     # 34 chunks of 100 times each
     Check the documentation if the code is taking too long or if it crashes...
     Splitting the plot array to allow GP prediction of extended datasets, it may take a while...
     # 34 chunks of 100 times each
     Check the documentation if the code is taking too long or if it crashes...
     Splitting the plot array to allow GP prediction of extended datasets, it may take a while...
     # 56 chunks of 100 times each
     Check the documentation if the code is taking too long or if it crashes...
     Splitting the plot array to allow GP prediction of extended datasets, it may take a while...
     # 34 chunks of 100 times each
     Check the documentation if the code is taking too long or if it crashes...
     Splitting the plot array to allow GP prediction of extended datasets, it may take a while...
     # 34 chunks of 100 times each
     Check the documentation if the code is taking too long or if it crashes...
     Splitting the plot array to allow GP prediction of extended datasets, it may take a while...
     # 56 chunks of 100 times each
     Check the documentation if the code is taking too long or if it crashes...
     Splitting the plot array to allow GP prediction of extended datasets, it may take a while...
     # 34 chunks of 100 times each
     Check the documentation if the code is taking too long or if it crashes...
     Splitting the plot array to allow GP prediction of extended datasets, it may take a while...
     # 34 chunks of 100 times each
     Check the documentation if the code is taking too long or if it crashes...
 Writing the plots 
 Writing the   data files 
 Writing the  MAP_ data files 
 Writing the  sampleMED_ data files 

****************************************************************************************************

