
:::---::: PyORBIT v11.0.1 :::---:::

Python version in use:
3.10.18 (main, Jun  5 2025, 13:14:17) [GCC 11.2.0]

reloaded_optimize:  False
reloaded_pyde:  False
reloaded_emcee:  False

number of multiprocessing threads: 16
multiprocessing method (should be fork):  fork

parameters/safe_reload flag (must be True for tinygp):  False

Opening:  RVdata_expres
Opening:  RVdata_harps
Opening:  RVdata_neid
Opening:  FIESTAdata_expres_mode1
Opening:  FIESTAdata_expres_mode2
Opening:  FIESTAdata_harps_mode1
Opening:  FIESTAdata_harps_mode2
Opening:  FIESTAdata_harpsn_mode1
Opening:  FIESTAdata_harpsn_mode2
Opening:  FIESTAdata_neid_mode1
Opening:  FIESTAdata_neid_mode2

gp_multidimensional  S+LEAF model, number of harmonics: 4

GP model: gp_multidimensional  hyperparameters_condition:    True
GP model: gp_multidimensional  rotation_decay_condition:     True

====================================================================================================
     Ids, spaces (s), boundaries (b) and priors (p) of the sampler parameters     
====================================================================================================

----- dataset:  RVdata_expres
jitter_0      id:   3  s:Linear      b:[      0.0010,      11.3000]   p:Uniform   []
offset_0      id:   4  s:Linear      b:[  -9996.0180,   10013.1110]   p:Uniform   []

----- dataset: RVdata_expres             ----- model: gp_multidimensional           
rot_amp       id:   5  s:Linear      b:[      0.0000,      10.0000]   p:Uniform   []
con_amp       id:   6  s:Linear      b:[    -20.0000,      20.0000]   p:Uniform   []

----- dataset:  RVdata_harps
jitter_0      id:   7  s:Linear      b:[      0.0009,      12.3000]   p:Uniform   []
offset_0      id:   8  s:Linear      b:[  -9994.7575,   10013.5517]   p:Uniform   []
offset_1      id:   9  s:Linear      b:[  -9994.7575,   10013.5517]   p:Uniform   []

----- dataset: RVdata_harps              ----- model: gp_multidimensional           
rot_amp       id:  10  s:Linear      b:[      0.0000,      10.0000]   p:Uniform   []
con_amp       id:  11  s:Linear      b:[    -20.0000,      20.0000]   p:Uniform   []

----- dataset:  RVdata_neid
jitter_0      id:  12  s:Linear      b:[      0.0011,      12.4000]   p:Uniform   []
offset_0      id:  13  s:Linear      b:[  -9993.6596,   10013.3284]   p:Uniform   []

----- dataset: RVdata_neid               ----- model: gp_multidimensional           
rot_amp       id:  14  s:Linear      b:[      0.0000,      10.0000]   p:Uniform   []
con_amp       id:  15  s:Linear      b:[    -20.0000,      20.0000]   p:Uniform   []

----- dataset:  FIESTAdata_expres_mode1
jitter_0      id:  16  s:Linear      b:[      0.0017,      18.2825]   p:Uniform   []
offset_0      id:  17  s:Linear      b:[ -10002.6013,   10002.0224]   p:Uniform   []

----- dataset: FIESTAdata_expres_mode1   ----- model: gp_multidimensional           
rot_amp       id:  18  s:Linear      b:[    -10.0000,      10.0000]   p:Uniform   []
con_amp       id:  19  s:Linear      b:[    -20.0000,      20.0000]   p:Uniform   []

----- dataset:  FIESTAdata_expres_mode2
jitter_0      id:  20  s:Linear      b:[      0.0019,      21.0049]   p:Uniform   []
offset_0      id:  21  s:Linear      b:[ -10002.9297,   10002.8006]   p:Uniform   []

----- dataset: FIESTAdata_expres_mode2   ----- model: gp_multidimensional           
rot_amp       id:  22  s:Linear      b:[    -10.0000,      10.0000]   p:Uniform   []
con_amp       id:  23  s:Linear      b:[    -20.0000,      20.0000]   p:Uniform   []

----- dataset:  FIESTAdata_harps_mode1
jitter_0      id:  24  s:Linear      b:[      0.0013,      13.9588]   p:Uniform   []
offset_0      id:  25  s:Linear      b:[ -10002.5645,   10001.7123]   p:Uniform   []

----- dataset: FIESTAdata_harps_mode1    ----- model: gp_multidimensional           
rot_amp       id:  26  s:Linear      b:[    -10.0000,      10.0000]   p:Uniform   []
con_amp       id:  27  s:Linear      b:[    -20.0000,      20.0000]   p:Uniform   []

----- dataset:  FIESTAdata_harps_mode2
jitter_0      id:  28  s:Linear      b:[      0.0016,      16.5396]   p:Uniform   []
offset_0      id:  29  s:Linear      b:[ -10002.4432,   10002.7051]   p:Uniform   []

----- dataset: FIESTAdata_harps_mode2    ----- model: gp_multidimensional           
rot_amp       id:  30  s:Linear      b:[    -10.0000,      10.0000]   p:Uniform   []
con_amp       id:  31  s:Linear      b:[    -20.0000,      20.0000]   p:Uniform   []

----- dataset:  FIESTAdata_harpsn_mode1
jitter_0      id:  32  s:Linear      b:[      0.0010,      12.1192]   p:Uniform   []
offset_0      id:  33  s:Linear      b:[ -10003.2293,   10002.7554]   p:Uniform   []

----- dataset: FIESTAdata_harpsn_mode1   ----- model: gp_multidimensional           
rot_amp       id:  34  s:Linear      b:[    -10.0000,      10.0000]   p:Uniform   []
con_amp       id:  35  s:Linear      b:[    -20.0000,      20.0000]   p:Uniform   []

----- dataset:  FIESTAdata_harpsn_mode2
jitter_0      id:  36  s:Linear      b:[      0.0011,      14.0371]   p:Uniform   []
offset_0      id:  37  s:Linear      b:[ -10004.1665,   10004.3199]   p:Uniform   []

----- dataset: FIESTAdata_harpsn_mode2   ----- model: gp_multidimensional           
rot_amp       id:  38  s:Linear      b:[    -10.0000,      10.0000]   p:Uniform   []
con_amp       id:  39  s:Linear      b:[    -20.0000,      20.0000]   p:Uniform   []

----- dataset:  FIESTAdata_neid_mode1
jitter_0      id:  40  s:Linear      b:[      0.0017,      19.3323]   p:Uniform   []
offset_0      id:  41  s:Linear      b:[ -10002.0275,   10002.5405]   p:Uniform   []

----- dataset: FIESTAdata_neid_mode1     ----- model: gp_multidimensional           
rot_amp       id:  42  s:Linear      b:[    -10.0000,      10.0000]   p:Uniform   []
con_amp       id:  43  s:Linear      b:[    -20.0000,      20.0000]   p:Uniform   []

----- dataset:  FIESTAdata_neid_mode2
jitter_0      id:  44  s:Linear      b:[      0.0020,      23.3654]   p:Uniform   []
offset_0      id:  45  s:Linear      b:[ -10004.1574,   10003.2539]   p:Uniform   []

----- dataset: FIESTAdata_neid_mode2     ----- model: gp_multidimensional           
rot_amp       id:  46  s:Linear      b:[    -10.0000,      10.0000]   p:Uniform   []
con_amp       id:  47  s:Linear      b:[    -20.0000,      20.0000]   p:Uniform   []

----- common model:  activity
Prot          id:   0  s:Linear      b:[     20.0000,      35.0000]   p:Gaussian   [28.   0.5]
Pdec          id:   1  s:Linear      b:[     30.0000,    1000.0000]   p:Uniform   []
Oamp          id:   2  s:Log_Base2   b:[     -6.6439,       0.0000]   p:Gaussian   [0.35  0.035]

----- common model:  star_parameters
mass          derived (no id, space, bound)                           p:Gaussian   [1.e+00 1.e-06]
radius        derived (no id, space, bound)                           p:Gaussian   [1.e+00 1.e-06]
density       derived (no id, space, bound)                           p:Gaussian   [1.e+00 1.e-06]

Include priors:  True

Reference Time Tref:  59334.700184

Dimensions =  48
Nwalkers =  192

Using threading pool for PyDE: True
PyDE running
Boundaries redefined after PyDE output
PyDE completed, it took        193.2 seconds

====================================================================================================
     Starting point of the sample/optimization routines    
====================================================================================================

----- dataset:  RVdata_expres
jitter_0         3      1.210050 [    0.0010,    11.3000]
offset_0         4      8.438256 [-9996.0180, 10013.1110]

----- dataset: RVdata_expres             ----- model: gp_multidimensional           
rot_amp          5      0.001081 [    0.0000,    10.0000]
con_amp          6      1.173236 [  -20.0000,    20.0000]

----- dataset:  RVdata_harps
jitter_0         7      1.500664 [    0.0009,    12.3000]
offset_0         8      9.355140 [-9994.7575, 10013.5517]
offset_1         9      9.975288 [-9994.7575, 10013.5517]

----- dataset: RVdata_harps              ----- model: gp_multidimensional           
rot_amp         10      0.000768 [    0.0000,    10.0000]
con_amp         11      0.503859 [  -20.0000,    20.0000]

----- dataset:  RVdata_neid
jitter_0        12      1.365194 [    0.0011,    12.4000]
offset_0        13      9.634573 [-9993.6596, 10013.3284]

----- dataset: RVdata_neid               ----- model: gp_multidimensional           
rot_amp         14      1.036920 [    0.0000,    10.0000]
con_amp         15      0.503945 [  -20.0000,    20.0000]

----- dataset:  FIESTAdata_expres_mode1
jitter_0        16      0.847202 [    0.0017,    18.2825]
offset_0        17      0.005007 [-10002.6013, 10002.0224]

----- dataset: FIESTAdata_expres_mode1   ----- model: gp_multidimensional           
rot_amp         18      1.785255 [  -10.0000,    10.0000]
con_amp         19     -0.240916 [  -20.0000,    20.0000]

----- dataset:  FIESTAdata_expres_mode2
jitter_0        20      1.161217 [    0.0019,    21.0049]
offset_0        21     -0.011010 [-10002.9297, 10002.8006]

----- dataset: FIESTAdata_expres_mode2   ----- model: gp_multidimensional           
rot_amp         22     -2.270519 [  -10.0000,    10.0000]
con_amp         23      0.020047 [  -20.0000,    20.0000]

----- dataset:  FIESTAdata_harps_mode1
jitter_0        24      0.815487 [    0.0013,    13.9588]
offset_0        25     -0.970160 [-10002.5645, 10001.7123]

----- dataset: FIESTAdata_harps_mode1    ----- model: gp_multidimensional           
rot_amp         26     -1.143910 [  -10.0000,    10.0000]
con_amp         27     -1.540030 [  -20.0000,    20.0000]

----- dataset:  FIESTAdata_harps_mode2
jitter_0        28      0.960651 [    0.0016,    16.5396]
offset_0        29      0.937445 [-10002.4432, 10002.7051]

----- dataset: FIESTAdata_harps_mode2    ----- model: gp_multidimensional           
rot_amp         30      0.417578 [  -10.0000,    10.0000]
con_amp         31      1.753775 [  -20.0000,    20.0000]

----- dataset:  FIESTAdata_harpsn_mode1
jitter_0        32      1.191663 [    0.0010,    12.1192]
offset_0        33     -0.057004 [-10003.2293, 10002.7554]

----- dataset: FIESTAdata_harpsn_mode1   ----- model: gp_multidimensional           
rot_amp         34      0.602663 [  -10.0000,    10.0000]
con_amp         35     -0.072721 [  -20.0000,    20.0000]

----- dataset:  FIESTAdata_harpsn_mode2
jitter_0        36      1.546684 [    0.0011,    14.0371]
offset_0        37      0.100890 [-10004.1665, 10004.3199]

----- dataset: FIESTAdata_harpsn_mode2   ----- model: gp_multidimensional           
rot_amp         38     -0.940449 [  -10.0000,    10.0000]
con_amp         39      0.038991 [  -20.0000,    20.0000]

----- dataset:  FIESTAdata_neid_mode1
jitter_0        40      0.848804 [    0.0017,    19.3323]
offset_0        41      0.017440 [-10002.0275, 10002.5405]

----- dataset: FIESTAdata_neid_mode1     ----- model: gp_multidimensional           
rot_amp         42     -0.135630 [  -10.0000,    10.0000]
con_amp         43      0.132355 [  -20.0000,    20.0000]

----- dataset:  FIESTAdata_neid_mode2
jitter_0        44      1.291840 [    0.0020,    23.3654]
offset_0        45     -0.024411 [-10004.1574, 10003.2539]

----- dataset: FIESTAdata_neid_mode2     ----- model: gp_multidimensional           
rot_amp         46      0.272769 [  -10.0000,    10.0000]
con_amp         47     -0.154935 [  -20.0000,    20.0000]

----- common model:  activity
Prot             0     28.032150 [   20.0000,    35.0000]
Pdec             1     30.128418 [   30.0000,  1000.0000]
Oamp             2     -1.635177 [   -6.6439,     0.0000]

----- common model:  star_parameters

====================================================================================================
     Starting point projected onto the model parameter space     
====================================================================================================

----- dataset:  RVdata_expres
jitter_0              1.210050 
offset_0              8.438256 


----- dataset: RVdata_expres             ----- model: gp_multidimensional           
rot_amp               0.001081 
con_amp               1.173236 

----- dataset:  RVdata_harps
jitter_0              1.500664 
offset_0              9.355140 
offset_1              9.975288 


----- dataset: RVdata_harps              ----- model: gp_multidimensional           
rot_amp               0.000768 
con_amp               0.503859 

----- dataset:  RVdata_neid
jitter_0              1.365194 
offset_0              9.634573 


----- dataset: RVdata_neid               ----- model: gp_multidimensional           
rot_amp               1.036920 
con_amp               0.503945 

----- dataset:  FIESTAdata_expres_mode1
jitter_0              0.847202 
offset_0              0.005007 


----- dataset: FIESTAdata_expres_mode1   ----- model: gp_multidimensional           
rot_amp               1.785255 
con_amp              -0.240916 

----- dataset:  FIESTAdata_expres_mode2
jitter_0              1.161217 
offset_0             -0.011010 


----- dataset: FIESTAdata_expres_mode2   ----- model: gp_multidimensional           
rot_amp              -2.270519 
con_amp               0.020047 

----- dataset:  FIESTAdata_harps_mode1
jitter_0              0.815487 
offset_0             -0.970160 


----- dataset: FIESTAdata_harps_mode1    ----- model: gp_multidimensional           
rot_amp              -1.143910 
con_amp              -1.540030 

----- dataset:  FIESTAdata_harps_mode2
jitter_0              0.960651 
offset_0              0.937445 


----- dataset: FIESTAdata_harps_mode2    ----- model: gp_multidimensional           
rot_amp               0.417578 
con_amp               1.753775 

----- dataset:  FIESTAdata_harpsn_mode1
jitter_0              1.191663 
offset_0             -0.057004 


----- dataset: FIESTAdata_harpsn_mode1   ----- model: gp_multidimensional           
rot_amp               0.602663 
con_amp              -0.072721 

----- dataset:  FIESTAdata_harpsn_mode2
jitter_0              1.546684 
offset_0              0.100890 


----- dataset: FIESTAdata_harpsn_mode2   ----- model: gp_multidimensional           
rot_amp              -0.940449 
con_amp               0.038991 

----- dataset:  FIESTAdata_neid_mode1
jitter_0              0.848804 
offset_0              0.017440 


----- dataset: FIESTAdata_neid_mode1     ----- model: gp_multidimensional           
rot_amp              -0.135630 
con_amp               0.132355 

----- dataset:  FIESTAdata_neid_mode2
jitter_0              1.291840 
offset_0             -0.024411 


----- dataset: FIESTAdata_neid_mode2     ----- model: gp_multidimensional           
rot_amp               0.272769 
con_amp              -0.154935 

----- common model:  activity
Prot                 28.032150 
Pdec                 30.128418 
Oamp                  0.321931 

----- common model:  star_parameters

====================================================================================================
     Derived parameters obtained from starting point     
====================================================================================================


====================================================================================================
     Statistics on the log-likelihood     
====================================================================================================

 LN probability: -1797.146886 

====================================================================================================
     ------------------------------------------------------------------------------------------     
====================================================================================================



*************************************************************

Running emcee

emcee version:  3.1.6
Using threading pool for emcee: True

Saving temporary steps


Computing the autocorrelation time of the chains

***** WARNING ******
The integrated autocorrelation time cannot be reliably estimated
likely the chains are too short, and ACF analysis is not fully reliable
emcee.autocorr.integrated_time tolerance lowered to 20
If you still get a warning, you should drop these results entirely
Chains too short to apply convergence criteria
They should be at least 22400*nthin = 224000

====================================================================================================
     Statistics on the posterior of the sampler parameters     
====================================================================================================

----- dataset:  RVdata_expres
jitter_0         3          1.40        -0.11         0.12   (15-84 p)   [    0.0010,    11.3000]
offset_0         4           9.6         -2.8          3.0   (15-84 p)   [-9996.0180, 10013.1110]

----- dataset: RVdata_expres             ----- model: gp_multidimensional           
rot_amp          5           1.7         -1.3          2.4   (15-84 p)   [    0.0000,    10.0000]
con_amp          6           7.3         -1.8          2.3   (15-84 p)   [  -20.0000,    20.0000]

----- dataset:  RVdata_harps
jitter_0         7          1.43        -0.10         0.11   (15-84 p)   [    0.0009,    12.3000]
offset_0         8          10.3         -2.1          2.4   (15-84 p)   [-9994.7575, 10013.5517]
offset_1         9          10.9         -2.1          2.4   (15-84 p)   [-9994.7575, 10013.5517]

----- dataset: RVdata_harps              ----- model: gp_multidimensional           
rot_amp         10           2.3         -1.6          2.9   (15-84 p)   [    0.0000,    10.0000]
con_amp         11           5.6         -1.7          2.0   (15-84 p)   [  -20.0000,    20.0000]

----- dataset:  RVdata_neid
jitter_0        12          1.46        -0.11         0.13   (15-84 p)   [    0.0011,    12.4000]
offset_0        13          9.92        -0.92          1.2   (15-84 p)   [-9993.6596, 10013.3284]

----- dataset: RVdata_neid               ----- model: gp_multidimensional           
rot_amp         14           5.1         -2.7          2.9   (15-84 p)   [    0.0000,    10.0000]
con_amp         15           2.6         -1.4          1.6   (15-84 p)   [  -20.0000,    20.0000]

----- dataset:  FIESTAdata_expres_mode1
jitter_0        16         0.874       -0.066        0.070   (15-84 p)   [    0.0017,    18.2825]
offset_0        17          -0.5         -1.4          1.2   (15-84 p)   [-10002.6013, 10002.0224]

----- dataset: FIESTAdata_expres_mode1   ----- model: gp_multidimensional           
rot_amp         18           7.9         -1.9          1.5   (15-84 p)   [  -10.0000,    10.0000]
con_amp         19          -3.2         -1.5          1.1   (15-84 p)   [  -20.0000,    20.0000]

----- dataset:  FIESTAdata_expres_mode2
jitter_0        20         1.221       -0.081        0.097   (15-84 p)   [    0.0019,    21.0049]
offset_0        21          0.26        -0.64          1.1   (15-84 p)   [-10002.9297, 10002.8006]

----- dataset: FIESTAdata_expres_mode2   ----- model: gp_multidimensional           
rot_amp         22         -8.88        -0.83          1.5   (15-84 p)   [  -10.0000,    10.0000]
con_amp         23           2.1         -1.3          1.7   (15-84 p)   [  -20.0000,    20.0000]

----- dataset:  FIESTAdata_harps_mode1
jitter_0        24          0.96        -0.16         0.23   (15-84 p)   [    0.0013,    13.9588]
offset_0        25          -2.2         -5.0          4.2   (15-84 p)   [-10002.5645, 10001.7123]

----- dataset: FIESTAdata_harps_mode1    ----- model: gp_multidimensional           
rot_amp         26          -2.9         -5.0          7.3   (15-84 p)   [  -10.0000,    10.0000]
con_amp         27         -11.6         -4.7          4.2   (15-84 p)   [  -20.0000,    20.0000]

----- dataset:  FIESTAdata_harps_mode2
jitter_0        28          1.07        -0.19         0.26   (15-84 p)   [    0.0016,    16.5396]
offset_0        29           2.6         -5.0          5.1   (15-84 p)   [-10002.4432, 10002.7051]

----- dataset: FIESTAdata_harps_mode2    ----- model: gp_multidimensional           
rot_amp         30           1.0         -6.7          5.9   (15-84 p)   [  -10.0000,    10.0000]
con_amp         31          13.4         -4.3          4.1   (15-84 p)   [  -20.0000,    20.0000]

----- dataset:  FIESTAdata_harpsn_mode1
jitter_0        32         1.228       -0.086        0.100   (15-84 p)   [    0.0010,    12.1192]
offset_0        33         -0.05        -0.39         0.32   (15-84 p)   [-10003.2293, 10002.7554]

----- dataset: FIESTAdata_harpsn_mode1   ----- model: gp_multidimensional           
rot_amp         34           3.2         -2.6          2.9   (15-84 p)   [  -10.0000,    10.0000]
con_amp         35         -0.31         -1.1         0.96   (15-84 p)   [  -20.0000,    20.0000]

----- dataset:  FIESTAdata_harpsn_mode2
jitter_0        36          1.58        -0.11         0.13   (15-84 p)   [    0.0011,    14.0371]
offset_0        37          0.08        -0.43         0.41   (15-84 p)   [-10004.1665, 10004.3199]

----- dataset: FIESTAdata_harpsn_mode2   ----- model: gp_multidimensional           
rot_amp         38          -4.8         -3.0          3.1   (15-84 p)   [  -10.0000,    10.0000]
con_amp         39           0.1         -1.2          1.3   (15-84 p)   [  -20.0000,    20.0000]

----- dataset:  FIESTAdata_neid_mode1
jitter_0        40         0.879       -0.065        0.075   (15-84 p)   [    0.0017,    19.3323]
offset_0        41          0.09        -0.31         0.49   (15-84 p)   [-10002.0275, 10002.5405]

----- dataset: FIESTAdata_neid_mode1     ----- model: gp_multidimensional           
rot_amp         42          -0.7         -1.8          1.9   (15-84 p)   [  -10.0000,    10.0000]
con_amp         43          0.79        -0.80         0.94   (15-84 p)   [  -20.0000,    20.0000]

----- dataset:  FIESTAdata_neid_mode2
jitter_0        44         1.324       -0.096         0.12   (15-84 p)   [    0.0020,    23.3654]
offset_0        45         -0.05        -0.51         0.40   (15-84 p)   [-10004.1574, 10003.2539]

----- dataset: FIESTAdata_neid_mode2     ----- model: gp_multidimensional           
rot_amp         46           2.2         -2.8          2.7   (15-84 p)   [  -10.0000,    10.0000]
con_amp         47          -0.7         -1.3          1.2   (15-84 p)   [  -20.0000,    20.0000]

----- common model:  activity
Prot             0         28.14        -0.25         0.27   (15-84 p)   [   20.0000,    35.0000]
Pdec             1           580         -249          266   (15-84 p)   [   30.0000,  1000.0000]
Oamp             2         -1.44        -0.16         0.13   (15-84 p)   [   -6.6439,     0.0000]

----- common model:  star_parameters

====================================================================================================
     Statistics on the model parameters obtained from the posteriors samples     
====================================================================================================

----- dataset:  RVdata_expres
jitter_0                  1.40        -0.11         0.12    (15-84 p)
offset_0                   9.6         -2.8          3.0    (15-84 p)


----- dataset: RVdata_expres             ----- model: gp_multidimensional           
rot_amp                    1.7         -1.3          2.4    (15-84 p)
con_amp                    7.3         -1.8          2.3    (15-84 p)

----- dataset:  RVdata_harps
jitter_0                  1.43        -0.10         0.11    (15-84 p)
offset_0                  10.3         -2.1          2.4    (15-84 p)
offset_1                  10.9         -2.1          2.4    (15-84 p)


----- dataset: RVdata_harps              ----- model: gp_multidimensional           
rot_amp                    2.3         -1.6          2.9    (15-84 p)
con_amp                    5.6         -1.7          2.0    (15-84 p)

----- dataset:  RVdata_neid
jitter_0                  1.46        -0.11         0.13    (15-84 p)
offset_0                  9.92        -0.92          1.2    (15-84 p)


----- dataset: RVdata_neid               ----- model: gp_multidimensional           
rot_amp                    5.1         -2.7          2.9    (15-84 p)
con_amp                    2.6         -1.4          1.6    (15-84 p)

----- dataset:  FIESTAdata_expres_mode1
jitter_0                 0.874       -0.066        0.070    (15-84 p)
offset_0                  -0.5         -1.4          1.2    (15-84 p)


----- dataset: FIESTAdata_expres_mode1   ----- model: gp_multidimensional           
rot_amp                    7.9         -1.9          1.5    (15-84 p)
con_amp                   -3.2         -1.5          1.1    (15-84 p)

----- dataset:  FIESTAdata_expres_mode2
jitter_0                 1.221       -0.081        0.097    (15-84 p)
offset_0                  0.26        -0.64          1.1    (15-84 p)


----- dataset: FIESTAdata_expres_mode2   ----- model: gp_multidimensional           
rot_amp                  -8.88        -0.83          1.5    (15-84 p)
con_amp                    2.1         -1.3          1.7    (15-84 p)

----- dataset:  FIESTAdata_harps_mode1
jitter_0                  0.96        -0.16         0.23    (15-84 p)
offset_0                  -2.2         -5.0          4.2    (15-84 p)


----- dataset: FIESTAdata_harps_mode1    ----- model: gp_multidimensional           
rot_amp                   -2.9         -5.0          7.3    (15-84 p)
con_amp                  -11.6         -4.7          4.2    (15-84 p)

----- dataset:  FIESTAdata_harps_mode2
jitter_0                  1.07        -0.19         0.26    (15-84 p)
offset_0                   2.6         -5.0          5.1    (15-84 p)


----- dataset: FIESTAdata_harps_mode2    ----- model: gp_multidimensional           
rot_amp                    1.0         -6.7          5.9    (15-84 p)
con_amp                   13.4         -4.3          4.1    (15-84 p)

----- dataset:  FIESTAdata_harpsn_mode1
jitter_0                 1.228       -0.086        0.100    (15-84 p)
offset_0                 -0.05        -0.39         0.32    (15-84 p)


----- dataset: FIESTAdata_harpsn_mode1   ----- model: gp_multidimensional           
rot_amp                    3.2         -2.6          2.9    (15-84 p)
con_amp                  -0.31         -1.1         0.96    (15-84 p)

----- dataset:  FIESTAdata_harpsn_mode2
jitter_0                  1.58        -0.11         0.13    (15-84 p)
offset_0                  0.08        -0.43         0.41    (15-84 p)


----- dataset: FIESTAdata_harpsn_mode2   ----- model: gp_multidimensional           
rot_amp                   -4.8         -3.0          3.1    (15-84 p)
con_amp                    0.1         -1.2          1.3    (15-84 p)

----- dataset:  FIESTAdata_neid_mode1
jitter_0                 0.879       -0.065        0.075    (15-84 p)
offset_0                  0.09        -0.31         0.49    (15-84 p)


----- dataset: FIESTAdata_neid_mode1     ----- model: gp_multidimensional           
rot_amp                   -0.7         -1.8          1.9    (15-84 p)
con_amp                   0.79        -0.80         0.94    (15-84 p)

----- dataset:  FIESTAdata_neid_mode2
jitter_0                 1.324       -0.096         0.12    (15-84 p)
offset_0                 -0.05        -0.51         0.40    (15-84 p)


----- dataset: FIESTAdata_neid_mode2     ----- model: gp_multidimensional           
rot_amp                    2.2         -2.8          2.7    (15-84 p)
con_amp                   -0.7         -1.3          1.2    (15-84 p)

----- common model:  activity
Prot                     28.14        -0.25         0.27    (15-84 p)
Pdec                       580         -249          266    (15-84 p)
Oamp                     0.368       -0.039        0.036    (15-84 p)

----- common model:  star_parameters

====================================================================================================
     Statistics on the derived parameters obtained from the posteriors samples     
====================================================================================================


====================================================================================================
     ------------------------------------------------------------------------------------------     
====================================================================================================



35000.0   steps completed, average lnprob:,  -1837.9207716740207


Computing the autocorrelation time of the chains

***** WARNING ******
The integrated autocorrelation time cannot be reliably estimated
likely the chains are too short, and ACF analysis is not fully reliable
emcee.autocorr.integrated_time tolerance lowered to 20
If you still get a warning, you should drop these results entirely
Chains too short to apply convergence criteria
They should be at least 36600*nthin = 366000

====================================================================================================
     Statistics on the posterior of the sampler parameters     
====================================================================================================

----- dataset:  RVdata_expres
jitter_0         3          1.40        -0.10         0.12   (15-84 p)   [    0.0010,    11.3000]
offset_0         4           9.7         -3.2          3.4   (15-84 p)   [-9996.0180, 10013.1110]

----- dataset: RVdata_expres             ----- model: gp_multidimensional           
rot_amp          5           1.9         -1.4          2.7   (15-84 p)   [    0.0000,    10.0000]
con_amp          6           7.5         -1.9          2.5   (15-84 p)   [  -20.0000,    20.0000]

----- dataset:  RVdata_harps
jitter_0         7          1.43        -0.10         0.11   (15-84 p)   [    0.0009,    12.3000]
offset_0         8          10.3         -2.3          2.6   (15-84 p)   [-9994.7575, 10013.5517]
offset_1         9          10.9         -2.4          2.7   (15-84 p)   [-9994.7575, 10013.5517]

----- dataset: RVdata_harps              ----- model: gp_multidimensional           
rot_amp         10           2.8         -1.9          3.1   (15-84 p)   [    0.0000,    10.0000]
con_amp         11           5.7         -1.7          2.1   (15-84 p)   [  -20.0000,    20.0000]

----- dataset:  RVdata_neid
jitter_0        12          1.47        -0.11         0.12   (15-84 p)   [    0.0011,    12.4000]
offset_0        13          9.90        -0.98          1.4   (15-84 p)   [-9993.6596, 10013.3284]

----- dataset: RVdata_neid               ----- model: gp_multidimensional           
rot_amp         14           5.2         -2.7          2.8   (15-84 p)   [    0.0000,    10.0000]
con_amp         15           2.6         -1.4          1.6   (15-84 p)   [  -20.0000,    20.0000]

----- dataset:  FIESTAdata_expres_mode1
jitter_0        16         0.871       -0.063        0.070   (15-84 p)   [    0.0017,    18.2825]
offset_0        17          -0.5         -1.6          1.4   (15-84 p)   [-10002.6013, 10002.0224]

----- dataset: FIESTAdata_expres_mode1   ----- model: gp_multidimensional           
rot_amp         18           7.8         -1.9          1.5   (15-84 p)   [  -10.0000,    10.0000]
con_amp         19          -3.3         -1.6          1.1   (15-84 p)   [  -20.0000,    20.0000]

----- dataset:  FIESTAdata_expres_mode2
jitter_0        20         1.227       -0.083        0.099   (15-84 p)   [    0.0019,    21.0049]
offset_0        21          0.27        -0.77          1.3   (15-84 p)   [-10002.9297, 10002.8006]

----- dataset: FIESTAdata_expres_mode2   ----- model: gp_multidimensional           
rot_amp         22         -8.84        -0.86          1.5   (15-84 p)   [  -10.0000,    10.0000]
con_amp         23           2.3         -1.3          1.8   (15-84 p)   [  -20.0000,    20.0000]

----- dataset:  FIESTAdata_harps_mode1
jitter_0        24          0.96        -0.17         0.24   (15-84 p)   [    0.0013,    13.9588]
offset_0        25          -2.3         -5.7          4.7   (15-84 p)   [-10002.5645, 10001.7123]

----- dataset: FIESTAdata_harps_mode1    ----- model: gp_multidimensional           
rot_amp         26          -2.9         -5.0          7.4   (15-84 p)   [  -10.0000,    10.0000]
con_amp         27         -12.2         -4.4          4.2   (15-84 p)   [  -20.0000,    20.0000]

----- dataset:  FIESTAdata_harps_mode2
jitter_0        28          1.07        -0.19         0.26   (15-84 p)   [    0.0016,    16.5396]
offset_0        29           2.6         -5.4          5.9   (15-84 p)   [-10002.4432, 10002.7051]

----- dataset: FIESTAdata_harps_mode2    ----- model: gp_multidimensional           
rot_amp         30           1.2         -6.9          5.9   (15-84 p)   [  -10.0000,    10.0000]
con_amp         31          13.7         -4.4          4.0   (15-84 p)   [  -20.0000,    20.0000]

----- dataset:  FIESTAdata_harpsn_mode1
jitter_0        32         1.227       -0.086        0.098   (15-84 p)   [    0.0010,    12.1192]
offset_0        33         -0.07        -0.46         0.33   (15-84 p)   [-10003.2293, 10002.7554]

----- dataset: FIESTAdata_harpsn_mode1   ----- model: gp_multidimensional           
rot_amp         34           3.3         -2.7          2.9   (15-84 p)   [  -10.0000,    10.0000]
con_amp         35         -0.35         -1.1         0.99   (15-84 p)   [  -20.0000,    20.0000]

----- dataset:  FIESTAdata_harpsn_mode2
jitter_0        36          1.59        -0.11         0.13   (15-84 p)   [    0.0011,    14.0371]
offset_0        37          0.07        -0.47         0.48   (15-84 p)   [-10004.1665, 10004.3199]

----- dataset: FIESTAdata_harpsn_mode2   ----- model: gp_multidimensional           
rot_amp         38          -4.8         -3.1          3.3   (15-84 p)   [  -10.0000,    10.0000]
con_amp         39           0.2         -1.3          1.4   (15-84 p)   [  -20.0000,    20.0000]

----- dataset:  FIESTAdata_neid_mode1
jitter_0        40         0.876       -0.064        0.077   (15-84 p)   [    0.0017,    19.3323]
offset_0        41          0.07        -0.31         0.53   (15-84 p)   [-10002.0275, 10002.5405]

----- dataset: FIESTAdata_neid_mode1     ----- model: gp_multidimensional           
rot_amp         42          -0.6         -1.8          1.9   (15-84 p)   [  -10.0000,    10.0000]
con_amp         43          0.77        -0.82         0.97   (15-84 p)   [  -20.0000,    20.0000]

----- dataset:  FIESTAdata_neid_mode2
jitter_0        44         1.324       -0.098         0.12   (15-84 p)   [    0.0020,    23.3654]
offset_0        45         -0.07        -0.60         0.43   (15-84 p)   [-10004.1574, 10003.2539]

----- dataset: FIESTAdata_neid_mode2     ----- model: gp_multidimensional           
rot_amp         46           2.1         -2.9          2.8   (15-84 p)   [  -10.0000,    10.0000]
con_amp         47          -0.7         -1.4          1.3   (15-84 p)   [  -20.0000,    20.0000]

----- common model:  activity
Prot             0         28.14        -0.24         0.27   (15-84 p)   [   20.0000,    35.0000]
Pdec             1           631         -254          245   (15-84 p)   [   30.0000,  1000.0000]
Oamp             2         -1.45        -0.15         0.14   (15-84 p)   [   -6.6439,     0.0000]

----- common model:  star_parameters

====================================================================================================
     Statistics on the model parameters obtained from the posteriors samples     
====================================================================================================

----- dataset:  RVdata_expres
jitter_0                  1.40        -0.10         0.12    (15-84 p)
offset_0                   9.7         -3.2          3.4    (15-84 p)


----- dataset: RVdata_expres             ----- model: gp_multidimensional           
rot_amp                    1.9         -1.4          2.7    (15-84 p)
con_amp                    7.5         -1.9          2.5    (15-84 p)

----- dataset:  RVdata_harps
jitter_0                  1.43        -0.10         0.11    (15-84 p)
offset_0                  10.3         -2.3          2.6    (15-84 p)
offset_1                  10.9         -2.4          2.7    (15-84 p)


----- dataset: RVdata_harps              ----- model: gp_multidimensional           
rot_amp                    2.8         -1.9          3.1    (15-84 p)
con_amp                    5.7         -1.7          2.1    (15-84 p)

----- dataset:  RVdata_neid
jitter_0                  1.47        -0.11         0.12    (15-84 p)
offset_0                  9.90        -0.98          1.4    (15-84 p)


----- dataset: RVdata_neid               ----- model: gp_multidimensional           
rot_amp                    5.2         -2.7          2.8    (15-84 p)
con_amp                    2.6         -1.4          1.6    (15-84 p)

----- dataset:  FIESTAdata_expres_mode1
jitter_0                 0.871       -0.063        0.070    (15-84 p)
offset_0                  -0.5         -1.6          1.4    (15-84 p)


----- dataset: FIESTAdata_expres_mode1   ----- model: gp_multidimensional           
rot_amp                    7.8         -1.9          1.5    (15-84 p)
con_amp                   -3.3         -1.6          1.1    (15-84 p)

----- dataset:  FIESTAdata_expres_mode2
jitter_0                 1.227       -0.083        0.099    (15-84 p)
offset_0                  0.27        -0.77          1.3    (15-84 p)


----- dataset: FIESTAdata_expres_mode2   ----- model: gp_multidimensional           
rot_amp                  -8.84        -0.86          1.5    (15-84 p)
con_amp                    2.3         -1.3          1.8    (15-84 p)

----- dataset:  FIESTAdata_harps_mode1
jitter_0                  0.96        -0.17         0.24    (15-84 p)
offset_0                  -2.3         -5.7          4.7    (15-84 p)


----- dataset: FIESTAdata_harps_mode1    ----- model: gp_multidimensional           
rot_amp                   -2.9         -5.0          7.4    (15-84 p)
con_amp                  -12.2         -4.4          4.2    (15-84 p)

----- dataset:  FIESTAdata_harps_mode2
jitter_0                  1.07        -0.19         0.26    (15-84 p)
offset_0                   2.6         -5.4          5.9    (15-84 p)


----- dataset: FIESTAdata_harps_mode2    ----- model: gp_multidimensional           
rot_amp                    1.2         -6.9          5.9    (15-84 p)
con_amp                   13.7         -4.4          4.0    (15-84 p)

----- dataset:  FIESTAdata_harpsn_mode1
jitter_0                 1.227       -0.086        0.098    (15-84 p)
offset_0                 -0.07        -0.46         0.33    (15-84 p)


----- dataset: FIESTAdata_harpsn_mode1   ----- model: gp_multidimensional           
rot_amp                    3.3         -2.7          2.9    (15-84 p)
con_amp                  -0.35         -1.1         0.99    (15-84 p)

----- dataset:  FIESTAdata_harpsn_mode2
jitter_0                  1.59        -0.11         0.13    (15-84 p)
offset_0                  0.07        -0.47         0.48    (15-84 p)


----- dataset: FIESTAdata_harpsn_mode2   ----- model: gp_multidimensional           
rot_amp                   -4.8         -3.1          3.3    (15-84 p)
con_amp                    0.2         -1.3          1.4    (15-84 p)

----- dataset:  FIESTAdata_neid_mode1
jitter_0                 0.876       -0.064        0.077    (15-84 p)
offset_0                  0.07        -0.31         0.53    (15-84 p)


----- dataset: FIESTAdata_neid_mode1     ----- model: gp_multidimensional           
rot_amp                   -0.6         -1.8          1.9    (15-84 p)
con_amp                   0.77        -0.82         0.97    (15-84 p)

----- dataset:  FIESTAdata_neid_mode2
jitter_0                 1.324       -0.098         0.12    (15-84 p)
offset_0                 -0.07        -0.60         0.43    (15-84 p)


----- dataset: FIESTAdata_neid_mode2     ----- model: gp_multidimensional           
rot_amp                    2.1         -2.9          2.8    (15-84 p)
con_amp                   -0.7         -1.4          1.3    (15-84 p)

----- common model:  activity
Prot                     28.14        -0.24         0.27    (15-84 p)
Pdec                       631         -254          245    (15-84 p)
Oamp                     0.367       -0.036        0.036    (15-84 p)

----- common model:  star_parameters

====================================================================================================
     Statistics on the derived parameters obtained from the posteriors samples     
====================================================================================================


====================================================================================================
     ------------------------------------------------------------------------------------------     
====================================================================================================



70000.0   steps completed, average lnprob:,  -1839.807108564176


emcee completed


:::---::: PyORBIT v11.0.1 :::---:::

Python version in use:
3.10.18 (main, Jun  5 2025, 13:14:17) [GCC 11.2.0]
LaTeX disabled by default

gp_multidimensional  S+LEAF model, number of harmonics: 4

GP model: gp_multidimensional  hyperparameters_condition:    True
GP model: gp_multidimensional  rotation_decay_condition:     True

### PyORBIT version used in the analysis:  11.0.1

 emcee version:  3.1.6

 Reference Time Tref: 59334.700184

 Data points:969
 Dimensions: 48
 Nwalkers:   192
 Steps:      70000


Number of samplings: 1056000

Recomputing ln-prior, it may take a while...

ln-probability   distribution:  -1839.08       -6.54      5.66 (15-84 p) 
ln-prior         distribution:   -225.57       -1.07      0.40 (15-84 p) 
ln-likelihood    distribution:  -1613.16       -6.52      5.60 (15-84 p) 


*** Information criteria using the likelihood distribution

 BIC from distribution  (using likelihood)  =   3556.39    -11.20   13.04 (15-84 p)
 AIC from distribution  (using likelihood)  =   3322.33    -11.20   13.04 (15-84 p)
 AICc from distribution (using likelihood)  =   3327.44    -11.20   13.04 (15-84 p)


*** Information criteria using the median parameter set

 ln_probability of Median solution =  -1818.28
 ln_priors of Median solution      =   -225.21
 ln_likelihood of Median solution  =  -1593.07

 Median BIC  (using likelihood) =   3516.20
 Median AIC  (using likelihood) =   3282.14
 Median AICc (using likelihood) =   3287.25


*** Information criteria using the MAP parameter set

 ln_probability of MAP solution =  -1818.75
 ln_priors of MAP solution      =   -225.61
 ln_likelihood of MAP solution  =  -1593.14

 MAP BIC  (using likelihood)    =   3516.35
 MAP AIC  (using likelihood)    =   3282.29
 MAP AICc (using likelihood)    =   3287.40

 AICc suggested over AIC because NDATA ( 969 ) < 40 * NDIM ( 48 )

****************************************************************************************************


Computing the autocorrelation time of the chains

***** WARNING ******
The integrated autocorrelation time cannot be reliably estimated
likely the chains are too short, and ACF analysis is not fully reliable
emcee.autocorr.integrated_time tolerance lowered to 20
If you still get a warning, you should drop these results entirely
Chains too short to apply convergence criteria
They should be at least 36600*nthin = 366000

 ACF computation failed, no plot will be generated 


====================================================================================================
     Ids, spaces (s), boundaries (b) and priors (p) of the sampler parameters     
====================================================================================================

----- dataset:  RVdata_expres
jitter_0      id:   3  s:Linear      b:[      0.0010,      11.3000]   p:Uniform   []
offset_0      id:   4  s:Linear      b:[  -9996.0180,   10013.1110]   p:Uniform   []

----- dataset: RVdata_expres             ----- model: gp_multidimensional           
rot_amp       id:   5  s:Linear      b:[      0.0000,      10.0000]   p:Uniform   []
con_amp       id:   6  s:Linear      b:[    -20.0000,      20.0000]   p:Uniform   []

----- dataset:  RVdata_harps
jitter_0      id:   7  s:Linear      b:[      0.0009,      12.3000]   p:Uniform   []
offset_0      id:   8  s:Linear      b:[  -9994.7575,   10013.5517]   p:Uniform   []
offset_1      id:   9  s:Linear      b:[  -9994.7575,   10013.5517]   p:Uniform   []

----- dataset: RVdata_harps              ----- model: gp_multidimensional           
rot_amp       id:  10  s:Linear      b:[      0.0000,      10.0000]   p:Uniform   []
con_amp       id:  11  s:Linear      b:[    -20.0000,      20.0000]   p:Uniform   []

----- dataset:  RVdata_neid
jitter_0      id:  12  s:Linear      b:[      0.0011,      12.4000]   p:Uniform   []
offset_0      id:  13  s:Linear      b:[  -9993.6596,   10013.3284]   p:Uniform   []

----- dataset: RVdata_neid               ----- model: gp_multidimensional           
rot_amp       id:  14  s:Linear      b:[      0.0000,      10.0000]   p:Uniform   []
con_amp       id:  15  s:Linear      b:[    -20.0000,      20.0000]   p:Uniform   []

----- dataset:  FIESTAdata_expres_mode1
jitter_0      id:  16  s:Linear      b:[      0.0017,      18.2825]   p:Uniform   []
offset_0      id:  17  s:Linear      b:[ -10002.6013,   10002.0224]   p:Uniform   []

----- dataset: FIESTAdata_expres_mode1   ----- model: gp_multidimensional           
rot_amp       id:  18  s:Linear      b:[    -10.0000,      10.0000]   p:Uniform   []
con_amp       id:  19  s:Linear      b:[    -20.0000,      20.0000]   p:Uniform   []

----- dataset:  FIESTAdata_expres_mode2
jitter_0      id:  20  s:Linear      b:[      0.0019,      21.0049]   p:Uniform   []
offset_0      id:  21  s:Linear      b:[ -10002.9297,   10002.8006]   p:Uniform   []

----- dataset: FIESTAdata_expres_mode2   ----- model: gp_multidimensional           
rot_amp       id:  22  s:Linear      b:[    -10.0000,      10.0000]   p:Uniform   []
con_amp       id:  23  s:Linear      b:[    -20.0000,      20.0000]   p:Uniform   []

----- dataset:  FIESTAdata_harps_mode1
jitter_0      id:  24  s:Linear      b:[      0.0013,      13.9588]   p:Uniform   []
offset_0      id:  25  s:Linear      b:[ -10002.5645,   10001.7123]   p:Uniform   []

----- dataset: FIESTAdata_harps_mode1    ----- model: gp_multidimensional           
rot_amp       id:  26  s:Linear      b:[    -10.0000,      10.0000]   p:Uniform   []
con_amp       id:  27  s:Linear      b:[    -20.0000,      20.0000]   p:Uniform   []

----- dataset:  FIESTAdata_harps_mode2
jitter_0      id:  28  s:Linear      b:[      0.0016,      16.5396]   p:Uniform   []
offset_0      id:  29  s:Linear      b:[ -10002.4432,   10002.7051]   p:Uniform   []

----- dataset: FIESTAdata_harps_mode2    ----- model: gp_multidimensional           
rot_amp       id:  30  s:Linear      b:[    -10.0000,      10.0000]   p:Uniform   []
con_amp       id:  31  s:Linear      b:[    -20.0000,      20.0000]   p:Uniform   []

----- dataset:  FIESTAdata_harpsn_mode1
jitter_0      id:  32  s:Linear      b:[      0.0010,      12.1192]   p:Uniform   []
offset_0      id:  33  s:Linear      b:[ -10003.2293,   10002.7554]   p:Uniform   []

----- dataset: FIESTAdata_harpsn_mode1   ----- model: gp_multidimensional           
rot_amp       id:  34  s:Linear      b:[    -10.0000,      10.0000]   p:Uniform   []
con_amp       id:  35  s:Linear      b:[    -20.0000,      20.0000]   p:Uniform   []

----- dataset:  FIESTAdata_harpsn_mode2
jitter_0      id:  36  s:Linear      b:[      0.0011,      14.0371]   p:Uniform   []
offset_0      id:  37  s:Linear      b:[ -10004.1665,   10004.3199]   p:Uniform   []

----- dataset: FIESTAdata_harpsn_mode2   ----- model: gp_multidimensional           
rot_amp       id:  38  s:Linear      b:[    -10.0000,      10.0000]   p:Uniform   []
con_amp       id:  39  s:Linear      b:[    -20.0000,      20.0000]   p:Uniform   []

----- dataset:  FIESTAdata_neid_mode1
jitter_0      id:  40  s:Linear      b:[      0.0017,      19.3323]   p:Uniform   []
offset_0      id:  41  s:Linear      b:[ -10002.0275,   10002.5405]   p:Uniform   []

----- dataset: FIESTAdata_neid_mode1     ----- model: gp_multidimensional           
rot_amp       id:  42  s:Linear      b:[    -10.0000,      10.0000]   p:Uniform   []
con_amp       id:  43  s:Linear      b:[    -20.0000,      20.0000]   p:Uniform   []

----- dataset:  FIESTAdata_neid_mode2
jitter_0      id:  44  s:Linear      b:[      0.0020,      23.3654]   p:Uniform   []
offset_0      id:  45  s:Linear      b:[ -10004.1574,   10003.2539]   p:Uniform   []

----- dataset: FIESTAdata_neid_mode2     ----- model: gp_multidimensional           
rot_amp       id:  46  s:Linear      b:[    -10.0000,      10.0000]   p:Uniform   []
con_amp       id:  47  s:Linear      b:[    -20.0000,      20.0000]   p:Uniform   []

----- common model:  activity
Prot          id:   0  s:Linear      b:[     20.0000,      35.0000]   p:Gaussian   [28.   0.5]
Pdec          id:   1  s:Linear      b:[     30.0000,    1000.0000]   p:Uniform   []
Oamp          id:   2  s:Log_Base2   b:[     -6.6439,       0.0000]   p:Gaussian   [0.35  0.035]

----- common model:  star_parameters
mass          derived (no id, space, bound)                           p:Gaussian   [1.e+00 1.e-06]
radius        derived (no id, space, bound)                           p:Gaussian   [1.e+00 1.e-06]
density       derived (no id, space, bound)                           p:Gaussian   [1.e+00 1.e-06]


****************************************************************************************************
****************************************************************************************************

 Confidence intervals (median value, 34.135th percentile from the median on the left and right side)

====================================================================================================
     Statistics on the posterior of the sampler parameters     
====================================================================================================

----- dataset:  RVdata_expres
jitter_0         3          1.40        -0.10         0.12   (15-84 p)   [    0.0010,    11.3000]
offset_0         4           9.7         -3.2          3.4   (15-84 p)   [-9996.0180, 10013.1110]

----- dataset: RVdata_expres             ----- model: gp_multidimensional           
rot_amp          5           1.9         -1.4          2.7   (15-84 p)   [    0.0000,    10.0000]
con_amp          6           7.5         -1.9          2.5   (15-84 p)   [  -20.0000,    20.0000]

----- dataset:  RVdata_harps
jitter_0         7          1.43        -0.10         0.11   (15-84 p)   [    0.0009,    12.3000]
offset_0         8          10.3         -2.3          2.6   (15-84 p)   [-9994.7575, 10013.5517]
offset_1         9          10.9         -2.4          2.7   (15-84 p)   [-9994.7575, 10013.5517]

----- dataset: RVdata_harps              ----- model: gp_multidimensional           
rot_amp         10           2.8         -1.9          3.1   (15-84 p)   [    0.0000,    10.0000]
con_amp         11           5.7         -1.7          2.1   (15-84 p)   [  -20.0000,    20.0000]

----- dataset:  RVdata_neid
jitter_0        12          1.47        -0.11         0.12   (15-84 p)   [    0.0011,    12.4000]
offset_0        13          9.90        -0.98          1.4   (15-84 p)   [-9993.6596, 10013.3284]

----- dataset: RVdata_neid               ----- model: gp_multidimensional           
rot_amp         14           5.2         -2.7          2.8   (15-84 p)   [    0.0000,    10.0000]
con_amp         15           2.6         -1.4          1.6   (15-84 p)   [  -20.0000,    20.0000]

----- dataset:  FIESTAdata_expres_mode1
jitter_0        16         0.871       -0.063        0.070   (15-84 p)   [    0.0017,    18.2825]
offset_0        17          -0.5         -1.6          1.4   (15-84 p)   [-10002.6013, 10002.0224]

----- dataset: FIESTAdata_expres_mode1   ----- model: gp_multidimensional           
rot_amp         18           7.8         -1.9          1.5   (15-84 p)   [  -10.0000,    10.0000]
con_amp         19          -3.3         -1.6          1.1   (15-84 p)   [  -20.0000,    20.0000]

----- dataset:  FIESTAdata_expres_mode2
jitter_0        20         1.227       -0.083        0.099   (15-84 p)   [    0.0019,    21.0049]
offset_0        21          0.27        -0.77          1.3   (15-84 p)   [-10002.9297, 10002.8006]

----- dataset: FIESTAdata_expres_mode2   ----- model: gp_multidimensional           
rot_amp         22         -8.84        -0.86          1.5   (15-84 p)   [  -10.0000,    10.0000]
con_amp         23           2.3         -1.3          1.8   (15-84 p)   [  -20.0000,    20.0000]

----- dataset:  FIESTAdata_harps_mode1
jitter_0        24          0.96        -0.17         0.24   (15-84 p)   [    0.0013,    13.9588]
offset_0        25          -2.3         -5.7          4.7   (15-84 p)   [-10002.5645, 10001.7123]

----- dataset: FIESTAdata_harps_mode1    ----- model: gp_multidimensional           
rot_amp         26          -2.9         -5.0          7.4   (15-84 p)   [  -10.0000,    10.0000]
con_amp         27         -12.2         -4.4          4.2   (15-84 p)   [  -20.0000,    20.0000]

----- dataset:  FIESTAdata_harps_mode2
jitter_0        28          1.07        -0.19         0.26   (15-84 p)   [    0.0016,    16.5396]
offset_0        29           2.6         -5.4          5.9   (15-84 p)   [-10002.4432, 10002.7051]

----- dataset: FIESTAdata_harps_mode2    ----- model: gp_multidimensional           
rot_amp         30           1.2         -6.9          5.9   (15-84 p)   [  -10.0000,    10.0000]
con_amp         31          13.7         -4.4          4.0   (15-84 p)   [  -20.0000,    20.0000]

----- dataset:  FIESTAdata_harpsn_mode1
jitter_0        32         1.227       -0.086        0.098   (15-84 p)   [    0.0010,    12.1192]
offset_0        33         -0.07        -0.46         0.33   (15-84 p)   [-10003.2293, 10002.7554]

----- dataset: FIESTAdata_harpsn_mode1   ----- model: gp_multidimensional           
rot_amp         34           3.3         -2.7          2.9   (15-84 p)   [  -10.0000,    10.0000]
con_amp         35         -0.35         -1.1         0.99   (15-84 p)   [  -20.0000,    20.0000]

----- dataset:  FIESTAdata_harpsn_mode2
jitter_0        36          1.59        -0.11         0.13   (15-84 p)   [    0.0011,    14.0371]
offset_0        37          0.07        -0.47         0.48   (15-84 p)   [-10004.1665, 10004.3199]

----- dataset: FIESTAdata_harpsn_mode2   ----- model: gp_multidimensional           
rot_amp         38          -4.8         -3.1          3.3   (15-84 p)   [  -10.0000,    10.0000]
con_amp         39           0.2         -1.3          1.4   (15-84 p)   [  -20.0000,    20.0000]

----- dataset:  FIESTAdata_neid_mode1
jitter_0        40         0.876       -0.064        0.077   (15-84 p)   [    0.0017,    19.3323]
offset_0        41          0.07        -0.31         0.53   (15-84 p)   [-10002.0275, 10002.5405]

----- dataset: FIESTAdata_neid_mode1     ----- model: gp_multidimensional           
rot_amp         42          -0.6         -1.8          1.9   (15-84 p)   [  -10.0000,    10.0000]
con_amp         43          0.77        -0.82         0.97   (15-84 p)   [  -20.0000,    20.0000]

----- dataset:  FIESTAdata_neid_mode2
jitter_0        44         1.324       -0.098         0.12   (15-84 p)   [    0.0020,    23.3654]
offset_0        45         -0.07        -0.60         0.43   (15-84 p)   [-10004.1574, 10003.2539]

----- dataset: FIESTAdata_neid_mode2     ----- model: gp_multidimensional           
rot_amp         46           2.1         -2.9          2.8   (15-84 p)   [  -10.0000,    10.0000]
con_amp         47          -0.7         -1.4          1.3   (15-84 p)   [  -20.0000,    20.0000]

----- common model:  activity
Prot             0         28.14        -0.24         0.27   (15-84 p)   [   20.0000,    35.0000]
Pdec             1           631         -254          245   (15-84 p)   [   30.0000,  1000.0000]
Oamp             2         -1.45        -0.15         0.14   (15-84 p)   [   -6.6439,     0.0000]

----- common model:  star_parameters

====================================================================================================
     Statistics on the model parameters obtained from the posteriors samples     
====================================================================================================

----- dataset:  RVdata_expres
jitter_0                  1.40        -0.10         0.12    (15-84 p)
offset_0                   9.7         -3.2          3.4    (15-84 p)


----- dataset: RVdata_expres             ----- model: gp_multidimensional           
rot_amp                    1.9         -1.4          2.7    (15-84 p)
con_amp                    7.5         -1.9          2.5    (15-84 p)

----- dataset:  RVdata_harps
jitter_0                  1.43        -0.10         0.11    (15-84 p)
offset_0                  10.3         -2.3          2.6    (15-84 p)
offset_1                  10.9         -2.4          2.7    (15-84 p)


----- dataset: RVdata_harps              ----- model: gp_multidimensional           
rot_amp                    2.8         -1.9          3.1    (15-84 p)
con_amp                    5.7         -1.7          2.1    (15-84 p)

----- dataset:  RVdata_neid
jitter_0                  1.47        -0.11         0.12    (15-84 p)
offset_0                  9.90        -0.98          1.4    (15-84 p)


----- dataset: RVdata_neid               ----- model: gp_multidimensional           
rot_amp                    5.2         -2.7          2.8    (15-84 p)
con_amp                    2.6         -1.4          1.6    (15-84 p)

----- dataset:  FIESTAdata_expres_mode1
jitter_0                 0.871       -0.063        0.070    (15-84 p)
offset_0                  -0.5         -1.6          1.4    (15-84 p)


----- dataset: FIESTAdata_expres_mode1   ----- model: gp_multidimensional           
rot_amp                    7.8         -1.9          1.5    (15-84 p)
con_amp                   -3.3         -1.6          1.1    (15-84 p)

----- dataset:  FIESTAdata_expres_mode2
jitter_0                 1.227       -0.083        0.099    (15-84 p)
offset_0                  0.27        -0.77          1.3    (15-84 p)


----- dataset: FIESTAdata_expres_mode2   ----- model: gp_multidimensional           
rot_amp                  -8.84        -0.86          1.5    (15-84 p)
con_amp                    2.3         -1.3          1.8    (15-84 p)

----- dataset:  FIESTAdata_harps_mode1
jitter_0                  0.96        -0.17         0.24    (15-84 p)
offset_0                  -2.3         -5.7          4.7    (15-84 p)


----- dataset: FIESTAdata_harps_mode1    ----- model: gp_multidimensional           
rot_amp                   -2.9         -5.0          7.4    (15-84 p)
con_amp                  -12.2         -4.4          4.2    (15-84 p)

----- dataset:  FIESTAdata_harps_mode2
jitter_0                  1.07        -0.19         0.26    (15-84 p)
offset_0                   2.6         -5.4          5.9    (15-84 p)


----- dataset: FIESTAdata_harps_mode2    ----- model: gp_multidimensional           
rot_amp                    1.2         -6.9          5.9    (15-84 p)
con_amp                   13.7         -4.4          4.0    (15-84 p)

----- dataset:  FIESTAdata_harpsn_mode1
jitter_0                 1.227       -0.086        0.098    (15-84 p)
offset_0                 -0.07        -0.46         0.33    (15-84 p)


----- dataset: FIESTAdata_harpsn_mode1   ----- model: gp_multidimensional           
rot_amp                    3.3         -2.7          2.9    (15-84 p)
con_amp                  -0.35         -1.1         0.99    (15-84 p)

----- dataset:  FIESTAdata_harpsn_mode2
jitter_0                  1.59        -0.11         0.13    (15-84 p)
offset_0                  0.07        -0.47         0.48    (15-84 p)


----- dataset: FIESTAdata_harpsn_mode2   ----- model: gp_multidimensional           
rot_amp                   -4.8         -3.1          3.3    (15-84 p)
con_amp                    0.2         -1.3          1.4    (15-84 p)

----- dataset:  FIESTAdata_neid_mode1
jitter_0                 0.876       -0.064        0.077    (15-84 p)
offset_0                  0.07        -0.31         0.53    (15-84 p)


----- dataset: FIESTAdata_neid_mode1     ----- model: gp_multidimensional           
rot_amp                   -0.6         -1.8          1.9    (15-84 p)
con_amp                   0.77        -0.82         0.97    (15-84 p)

----- dataset:  FIESTAdata_neid_mode2
jitter_0                 1.324       -0.098         0.12    (15-84 p)
offset_0                 -0.07        -0.60         0.43    (15-84 p)


----- dataset: FIESTAdata_neid_mode2     ----- model: gp_multidimensional           
rot_amp                    2.1         -2.9          2.8    (15-84 p)
con_amp                   -0.7         -1.4          1.3    (15-84 p)

----- common model:  activity
Prot                     28.14        -0.24         0.27    (15-84 p)
Pdec                       631         -254          245    (15-84 p)
Oamp                     0.367       -0.036        0.036    (15-84 p)

----- common model:  star_parameters

====================================================================================================
     Statistics on the derived parameters obtained from the posteriors samples     
====================================================================================================


====================================================================================================
     ------------------------------------------------------------------------------------------     
====================================================================================================



****************************************************************************************************

 Parameters corresponding to the Maximum a Posteriori probability ( -1818.7549715801883 )

====================================================================================================
     Statistics on the posterior of the sampler parameters     
====================================================================================================

----- dataset:  RVdata_expres
jitter_0         3      1.373455 [    0.0010,    11.3000]
offset_0         4      9.233337 [-9996.0180, 10013.1110]

----- dataset: RVdata_expres             ----- model: gp_multidimensional           
rot_amp          5      1.120435 [    0.0000,    10.0000]
con_amp          6      3.310651 [  -20.0000,    20.0000]

----- dataset:  RVdata_harps
jitter_0         7      1.531453 [    0.0009,    12.3000]
offset_0         8     10.001562 [-9994.7575, 10013.5517]
offset_1         9     10.992660 [-9994.7575, 10013.5517]

----- dataset: RVdata_harps              ----- model: gp_multidimensional           
rot_amp         10      1.157995 [    0.0000,    10.0000]
con_amp         11      2.118798 [  -20.0000,    20.0000]

----- dataset:  RVdata_neid
jitter_0        12      1.580875 [    0.0011,    12.4000]
offset_0        13     10.038030 [-9993.6596, 10013.3284]

----- dataset: RVdata_neid               ----- model: gp_multidimensional           
rot_amp         14      1.654703 [    0.0000,    10.0000]
con_amp         15      1.102358 [  -20.0000,    20.0000]

----- dataset:  FIESTAdata_expres_mode1
jitter_0        16      0.838076 [    0.0017,    18.2825]
offset_0        17     -0.425989 [-10002.6013, 10002.0224]

----- dataset: FIESTAdata_expres_mode1   ----- model: gp_multidimensional           
rot_amp         18      3.862440 [  -10.0000,    10.0000]
con_amp         19     -1.357762 [  -20.0000,    20.0000]

----- dataset:  FIESTAdata_expres_mode2
jitter_0        20      1.168639 [    0.0019,    21.0049]
offset_0        21      0.472426 [-10002.9297, 10002.8006]

----- dataset: FIESTAdata_expres_mode2   ----- model: gp_multidimensional           
rot_amp         22     -5.090375 [  -10.0000,    10.0000]
con_amp         23      1.203026 [  -20.0000,    20.0000]

----- dataset:  FIESTAdata_harps_mode1
jitter_0        24      0.704648 [    0.0013,    13.9588]
offset_0        25     -3.521830 [-10002.5645, 10001.7123]

----- dataset: FIESTAdata_harps_mode1    ----- model: gp_multidimensional           
rot_amp         26     -6.168725 [  -10.0000,    10.0000]
con_amp         27     -8.350999 [  -20.0000,    20.0000]

----- dataset:  FIESTAdata_harps_mode2
jitter_0        28      1.103262 [    0.0016,    16.5396]
offset_0        29      2.960575 [-10002.4432, 10002.7051]

----- dataset: FIESTAdata_harps_mode2    ----- model: gp_multidimensional           
rot_amp         30     -3.619569 [  -10.0000,    10.0000]
con_amp         31      8.027424 [  -20.0000,    20.0000]

----- dataset:  FIESTAdata_harpsn_mode1
jitter_0        32      1.324524 [    0.0010,    12.1192]
offset_0        33     -0.087781 [-10003.2293, 10002.7554]

----- dataset: FIESTAdata_harpsn_mode1   ----- model: gp_multidimensional           
rot_amp         34      0.589177 [  -10.0000,    10.0000]
con_amp         35     -0.336926 [  -20.0000,    20.0000]

----- dataset:  FIESTAdata_harpsn_mode2
jitter_0        36      1.608539 [    0.0011,    14.0371]
offset_0        37      0.115571 [-10004.1665, 10004.3199]

----- dataset: FIESTAdata_harpsn_mode2   ----- model: gp_multidimensional           
rot_amp         38     -2.756982 [  -10.0000,    10.0000]
con_amp         39      0.093503 [  -20.0000,    20.0000]

----- dataset:  FIESTAdata_neid_mode1
jitter_0        40      0.812503 [    0.0017,    19.3323]
offset_0        41      0.110327 [-10002.0275, 10002.5405]

----- dataset: FIESTAdata_neid_mode1     ----- model: gp_multidimensional           
rot_amp         42     -0.945786 [  -10.0000,    10.0000]
con_amp         43      0.239933 [  -20.0000,    20.0000]

----- dataset:  FIESTAdata_neid_mode2
jitter_0        44      1.219876 [    0.0020,    23.3654]
offset_0        45     -0.398695 [-10004.1574, 10003.2539]

----- dataset: FIESTAdata_neid_mode2     ----- model: gp_multidimensional           
rot_amp         46      1.944610 [  -10.0000,    10.0000]
con_amp         47     -0.736282 [  -20.0000,    20.0000]

----- common model:  activity
Prot             0     28.344289 [   20.0000,    35.0000]
Pdec             1    635.349472 [   30.0000,  1000.0000]
Oamp             2     -1.404648 [   -6.6439,     0.0000]

----- common model:  star_parameters

====================================================================================================
     Statistics on the model parameters obtained from the posteriors samples     
====================================================================================================

----- dataset:  RVdata_expres
jitter_0              1.373455 
offset_0              9.233337 


----- dataset: RVdata_expres             ----- model: gp_multidimensional           
rot_amp               1.120435 
con_amp               3.310651 

----- dataset:  RVdata_harps
jitter_0              1.531453 
offset_0             10.001562 
offset_1             10.992660 


----- dataset: RVdata_harps              ----- model: gp_multidimensional           
rot_amp               1.157995 
con_amp               2.118798 

----- dataset:  RVdata_neid
jitter_0              1.580875 
offset_0             10.038030 


----- dataset: RVdata_neid               ----- model: gp_multidimensional           
rot_amp               1.654703 
con_amp               1.102358 

----- dataset:  FIESTAdata_expres_mode1
jitter_0              0.838076 
offset_0             -0.425989 


----- dataset: FIESTAdata_expres_mode1   ----- model: gp_multidimensional           
rot_amp               3.862440 
con_amp              -1.357762 

----- dataset:  FIESTAdata_expres_mode2
jitter_0              1.168639 
offset_0              0.472426 


----- dataset: FIESTAdata_expres_mode2   ----- model: gp_multidimensional           
rot_amp              -5.090375 
con_amp               1.203026 

----- dataset:  FIESTAdata_harps_mode1
jitter_0              0.704648 
offset_0             -3.521830 


----- dataset: FIESTAdata_harps_mode1    ----- model: gp_multidimensional           
rot_amp              -6.168725 
con_amp              -8.350999 

----- dataset:  FIESTAdata_harps_mode2
jitter_0              1.103262 
offset_0              2.960575 


----- dataset: FIESTAdata_harps_mode2    ----- model: gp_multidimensional           
rot_amp              -3.619569 
con_amp               8.027424 

----- dataset:  FIESTAdata_harpsn_mode1
jitter_0              1.324524 
offset_0             -0.087781 


----- dataset: FIESTAdata_harpsn_mode1   ----- model: gp_multidimensional           
rot_amp               0.589177 
con_amp              -0.336926 

----- dataset:  FIESTAdata_harpsn_mode2
jitter_0              1.608539 
offset_0              0.115571 


----- dataset: FIESTAdata_harpsn_mode2   ----- model: gp_multidimensional           
rot_amp              -2.756982 
con_amp               0.093503 

----- dataset:  FIESTAdata_neid_mode1
jitter_0              0.812503 
offset_0              0.110327 


----- dataset: FIESTAdata_neid_mode1     ----- model: gp_multidimensional           
rot_amp              -0.945786 
con_amp               0.239933 

----- dataset:  FIESTAdata_neid_mode2
jitter_0              1.219876 
offset_0             -0.398695 


----- dataset: FIESTAdata_neid_mode2     ----- model: gp_multidimensional           
rot_amp               1.944610 
con_amp              -0.736282 

----- common model:  activity
Prot                 28.344289 
Pdec                635.349472 
Oamp                  0.377710 

----- common model:  star_parameters

====================================================================================================
     Statistics on the derived parameters obtained from the posteriors samples     
====================================================================================================


====================================================================================================
     ------------------------------------------------------------------------------------------     
====================================================================================================



****************************************************************************************************

 Parameters corresponding to the sample closest to the median values ( -1826.8724841571423 )

====================================================================================================
     Statistics on the posterior of the sampler parameters     
====================================================================================================

----- dataset:  RVdata_expres
jitter_0         3      1.453259 [    0.0010,    11.3000]
offset_0         4      8.824428 [-9996.0180, 10013.1110]

----- dataset: RVdata_expres             ----- model: gp_multidimensional           
rot_amp          5      0.973365 [    0.0000,    10.0000]
con_amp          6      7.781157 [  -20.0000,    20.0000]

----- dataset:  RVdata_harps
jitter_0         7      1.327325 [    0.0009,    12.3000]
offset_0         8      9.694246 [-9994.7575, 10013.5517]
offset_1         9     10.070642 [-9994.7575, 10013.5517]

----- dataset: RVdata_harps              ----- model: gp_multidimensional           
rot_amp         10      3.154797 [    0.0000,    10.0000]
con_amp         11      5.785845 [  -20.0000,    20.0000]

----- dataset:  RVdata_neid
jitter_0        12      1.379791 [    0.0011,    12.4000]
offset_0        13      9.823171 [-9993.6596, 10013.3284]

----- dataset: RVdata_neid               ----- model: gp_multidimensional           
rot_amp         14      3.878392 [    0.0000,    10.0000]
con_amp         15      2.422416 [  -20.0000,    20.0000]

----- dataset:  FIESTAdata_expres_mode1
jitter_0        16      0.837756 [    0.0017,    18.2825]
offset_0        17     -0.201963 [-10002.6013, 10002.0224]

----- dataset: FIESTAdata_expres_mode1   ----- model: gp_multidimensional           
rot_amp         18      8.789968 [  -10.0000,    10.0000]
con_amp         19     -3.650906 [  -20.0000,    20.0000]

----- dataset:  FIESTAdata_expres_mode2
jitter_0        20      1.207382 [    0.0019,    21.0049]
offset_0        21     -0.107663 [-10002.9297, 10002.8006]

----- dataset: FIESTAdata_expres_mode2   ----- model: gp_multidimensional           
rot_amp         22     -8.288155 [  -10.0000,    10.0000]
con_amp         23      0.876183 [  -20.0000,    20.0000]

----- dataset:  FIESTAdata_harps_mode1
jitter_0        24      0.812786 [    0.0013,    13.9588]
offset_0        25     -0.925706 [-10002.5645, 10001.7123]

----- dataset: FIESTAdata_harps_mode1    ----- model: gp_multidimensional           
rot_amp         26     -4.409373 [  -10.0000,    10.0000]
con_amp         27    -10.528466 [  -20.0000,    20.0000]

----- dataset:  FIESTAdata_harps_mode2
jitter_0        28      1.011938 [    0.0016,    16.5396]
offset_0        29      1.027573 [-10002.4432, 10002.7051]

----- dataset: FIESTAdata_harps_mode2    ----- model: gp_multidimensional           
rot_amp         30      1.075893 [  -10.0000,    10.0000]
con_amp         31     14.808067 [  -20.0000,    20.0000]

----- dataset:  FIESTAdata_harpsn_mode1
jitter_0        32      1.204683 [    0.0010,    12.1192]
offset_0        33     -0.314696 [-10003.2293, 10002.7554]

----- dataset: FIESTAdata_harpsn_mode1   ----- model: gp_multidimensional           
rot_amp         34      3.039920 [  -10.0000,    10.0000]
con_amp         35     -0.634603 [  -20.0000,    20.0000]

----- dataset:  FIESTAdata_harpsn_mode2
jitter_0        36      1.615188 [    0.0011,    14.0371]
offset_0        37     -0.205006 [-10004.1665, 10004.3199]

----- dataset: FIESTAdata_harpsn_mode2   ----- model: gp_multidimensional           
rot_amp         38     -6.610134 [  -10.0000,    10.0000]
con_amp         39     -1.409694 [  -20.0000,    20.0000]

----- dataset:  FIESTAdata_neid_mode1
jitter_0        40      0.922761 [    0.0017,    19.3323]
offset_0        41      0.300117 [-10002.0275, 10002.5405]

----- dataset: FIESTAdata_neid_mode1     ----- model: gp_multidimensional           
rot_amp         42     -1.286295 [  -10.0000,    10.0000]
con_amp         43      1.354793 [  -20.0000,    20.0000]

----- dataset:  FIESTAdata_neid_mode2
jitter_0        44      1.280179 [    0.0020,    23.3654]
offset_0        45     -0.032420 [-10004.1574, 10003.2539]

----- dataset: FIESTAdata_neid_mode2     ----- model: gp_multidimensional           
rot_amp         46      1.540889 [  -10.0000,    10.0000]
con_amp         47     -0.945908 [  -20.0000,    20.0000]

----- common model:  activity
Prot             0     28.058405 [   20.0000,    35.0000]
Pdec             1    537.348874 [   30.0000,  1000.0000]
Oamp             2     -1.475466 [   -6.6439,     0.0000]

----- common model:  star_parameters

====================================================================================================
     Statistics on the model parameters obtained from the posteriors samples     
====================================================================================================

----- dataset:  RVdata_expres
jitter_0              1.453259 
offset_0              8.824428 


----- dataset: RVdata_expres             ----- model: gp_multidimensional           
rot_amp               0.973365 
con_amp               7.781157 

----- dataset:  RVdata_harps
jitter_0              1.327325 
offset_0              9.694246 
offset_1             10.070642 


----- dataset: RVdata_harps              ----- model: gp_multidimensional           
rot_amp               3.154797 
con_amp               5.785845 

----- dataset:  RVdata_neid
jitter_0              1.379791 
offset_0              9.823171 


----- dataset: RVdata_neid               ----- model: gp_multidimensional           
rot_amp               3.878392 
con_amp               2.422416 

----- dataset:  FIESTAdata_expres_mode1
jitter_0              0.837756 
offset_0             -0.201963 


----- dataset: FIESTAdata_expres_mode1   ----- model: gp_multidimensional           
rot_amp               8.789968 
con_amp              -3.650906 

----- dataset:  FIESTAdata_expres_mode2
jitter_0              1.207382 
offset_0             -0.107663 


----- dataset: FIESTAdata_expres_mode2   ----- model: gp_multidimensional           
rot_amp              -8.288155 
con_amp               0.876183 

----- dataset:  FIESTAdata_harps_mode1
jitter_0              0.812786 
offset_0             -0.925706 


----- dataset: FIESTAdata_harps_mode1    ----- model: gp_multidimensional           
rot_amp              -4.409373 
con_amp             -10.528466 

----- dataset:  FIESTAdata_harps_mode2
jitter_0              1.011938 
offset_0              1.027573 


----- dataset: FIESTAdata_harps_mode2    ----- model: gp_multidimensional           
rot_amp               1.075893 
con_amp              14.808067 

----- dataset:  FIESTAdata_harpsn_mode1
jitter_0              1.204683 
offset_0             -0.314696 


----- dataset: FIESTAdata_harpsn_mode1   ----- model: gp_multidimensional           
rot_amp               3.039920 
con_amp              -0.634603 

----- dataset:  FIESTAdata_harpsn_mode2
jitter_0              1.615188 
offset_0             -0.205006 


----- dataset: FIESTAdata_harpsn_mode2   ----- model: gp_multidimensional           
rot_amp              -6.610134 
con_amp              -1.409694 

----- dataset:  FIESTAdata_neid_mode1
jitter_0              0.922761 
offset_0              0.300117 


----- dataset: FIESTAdata_neid_mode1     ----- model: gp_multidimensional           
rot_amp              -1.286295 
con_amp               1.354793 

----- dataset:  FIESTAdata_neid_mode2
jitter_0              1.280179 
offset_0             -0.032420 


----- dataset: FIESTAdata_neid_mode2     ----- model: gp_multidimensional           
rot_amp               1.540889 
con_amp              -0.945908 

----- common model:  activity
Prot                 28.058405 
Pdec                537.348874 
Oamp                  0.359617 

----- common model:  star_parameters

====================================================================================================
     Statistics on the derived parameters obtained from the posteriors samples     
====================================================================================================


====================================================================================================
     ------------------------------------------------------------------------------------------     
====================================================================================================



****************************************************************************************************

Note: stellar density derived from stellar mass and radius

 Plot FLAT chain 

****************************************************************************************************

 Skipping full correlation plot due to the high number of parameters
 To avoid this behaviour, set the keyword parameters:force_full_correlation_plot to True

****************************************************************************************************

 Plotting the chains... 

****************************************************************************************************

 Plotting the Gelman-Rubin traces... 

     Gelman-Rubin:     3     1.049876 RVdata_expres_jitter_0 
     Gelman-Rubin:     4     1.628918 RVdata_expres_offset_0 
     Gelman-Rubin:     5     1.076488 RVdata_expres_gp_multidimensional_rot_amp 
     Gelman-Rubin:     6     1.090041 RVdata_expres_gp_multidimensional_con_amp 
     Gelman-Rubin:     7     1.051441 RVdata_harps_jitter_0 
     Gelman-Rubin:     8     1.577281 RVdata_harps_offset_0 
     Gelman-Rubin:     9     1.559320 RVdata_harps_offset_1 
     Gelman-Rubin:    10     1.056152 RVdata_harps_gp_multidimensional_rot_amp 
     Gelman-Rubin:    11     1.086544 RVdata_harps_gp_multidimensional_con_amp 
     Gelman-Rubin:    12     1.061748 RVdata_neid_jitter_0 
     Gelman-Rubin:    13     1.451929 RVdata_neid_offset_0 
     Gelman-Rubin:    14     1.051477 RVdata_neid_gp_multidimensional_rot_amp 
     Gelman-Rubin:    15     1.088744 RVdata_neid_gp_multidimensional_con_amp 
     Gelman-Rubin:    16     1.061146 FIESTAdata_expres_mode1_jitter_0 
     Gelman-Rubin:    17     1.493548 FIESTAdata_expres_mode1_offset_0 
     Gelman-Rubin:    18     1.051167 FIESTAdata_expres_mode1_gp_multidimensional_rot_amp 
     Gelman-Rubin:    19     1.086095 FIESTAdata_expres_mode1_gp_multidimensional_con_amp 
     Gelman-Rubin:    20     1.083223 FIESTAdata_expres_mode2_jitter_0 
     Gelman-Rubin:    21     1.382794 FIESTAdata_expres_mode2_offset_0 
     Gelman-Rubin:    22     1.043963 FIESTAdata_expres_mode2_gp_multidimensional_rot_amp 
     Gelman-Rubin:    23     1.106408 FIESTAdata_expres_mode2_gp_multidimensional_con_amp 
     Gelman-Rubin:    24     1.069992 FIESTAdata_harps_mode1_jitter_0 
     Gelman-Rubin:    25     1.576838 FIESTAdata_harps_mode1_offset_0 
     Gelman-Rubin:    26     1.057116 FIESTAdata_harps_mode1_gp_multidimensional_rot_amp 
     Gelman-Rubin:    27     1.058874 FIESTAdata_harps_mode1_gp_multidimensional_con_amp 
     Gelman-Rubin:    28     1.061060 FIESTAdata_harps_mode2_jitter_0 
     Gelman-Rubin:    29     1.584063 FIESTAdata_harps_mode2_offset_0 
     Gelman-Rubin:    30     1.058711 FIESTAdata_harps_mode2_gp_multidimensional_rot_amp 
     Gelman-Rubin:    31     1.061422 FIESTAdata_harps_mode2_gp_multidimensional_con_amp 
     Gelman-Rubin:    32     1.054125 FIESTAdata_harpsn_mode1_jitter_0 
     Gelman-Rubin:    33     1.146401 FIESTAdata_harpsn_mode1_offset_0 
     Gelman-Rubin:    34     1.067698 FIESTAdata_harpsn_mode1_gp_multidimensional_rot_amp 
     Gelman-Rubin:    35     1.085551 FIESTAdata_harpsn_mode1_gp_multidimensional_con_amp 
     Gelman-Rubin:    36     1.059685 FIESTAdata_harpsn_mode2_jitter_0 
     Gelman-Rubin:    37     1.188869 FIESTAdata_harpsn_mode2_offset_0 
     Gelman-Rubin:    38     1.065857 FIESTAdata_harpsn_mode2_gp_multidimensional_rot_amp 
     Gelman-Rubin:    39     1.092810 FIESTAdata_harpsn_mode2_gp_multidimensional_con_amp 
     Gelman-Rubin:    40     1.057581 FIESTAdata_neid_mode1_jitter_0 
     Gelman-Rubin:    41     1.268333 FIESTAdata_neid_mode1_offset_0 
     Gelman-Rubin:    42     1.070543 FIESTAdata_neid_mode1_gp_multidimensional_rot_amp 
     Gelman-Rubin:    43     1.097612 FIESTAdata_neid_mode1_gp_multidimensional_con_amp 
     Gelman-Rubin:    44     1.066302 FIESTAdata_neid_mode2_jitter_0 
     Gelman-Rubin:    45     1.182385 FIESTAdata_neid_mode2_offset_0 
     Gelman-Rubin:    46     1.052512 FIESTAdata_neid_mode2_gp_multidimensional_rot_amp 
     Gelman-Rubin:    47     1.086502 FIESTAdata_neid_mode2_gp_multidimensional_con_amp 
     Gelman-Rubin:     0     1.050779 activity_Prot 
     Gelman-Rubin:     1     1.040448 activity_Pdec 
     Gelman-Rubin:     2     1.055773 activity_Oamp 

****************************************************************************************************

Plotting the common models corner plots
     Common model:  activity
     Common model:  star_parameters

****************************************************************************************************

Plotting the dataset + models corner plots 

     Dataset:  RVdata_expres     model:  gp_multidimensional  corner plot  starting 
     Dataset:  RVdata_expres     model:  gp_multidimensional  corner plot  done 
     Dataset:  RVdata_harps     model:  gp_multidimensional  corner plot  starting 
     Dataset:  RVdata_harps     model:  gp_multidimensional  corner plot  done 
     Dataset:  RVdata_neid     model:  gp_multidimensional  corner plot  starting 
     Dataset:  RVdata_neid     model:  gp_multidimensional  corner plot  done 
     Dataset:  FIESTAdata_expres_mode1     model:  gp_multidimensional  corner plot  starting 
     Dataset:  FIESTAdata_expres_mode1     model:  gp_multidimensional  corner plot  done 
     Dataset:  FIESTAdata_expres_mode2     model:  gp_multidimensional  corner plot  starting 
     Dataset:  FIESTAdata_expres_mode2     model:  gp_multidimensional  corner plot  done 
     Dataset:  FIESTAdata_harps_mode1     model:  gp_multidimensional  corner plot  starting 
     Dataset:  FIESTAdata_harps_mode1     model:  gp_multidimensional  corner plot  done 
     Dataset:  FIESTAdata_harps_mode2     model:  gp_multidimensional  corner plot  starting 
     Dataset:  FIESTAdata_harps_mode2     model:  gp_multidimensional  corner plot  done 
     Dataset:  FIESTAdata_harpsn_mode1     model:  gp_multidimensional  corner plot  starting 
     Dataset:  FIESTAdata_harpsn_mode1     model:  gp_multidimensional  corner plot  done 
     Dataset:  FIESTAdata_harpsn_mode2     model:  gp_multidimensional  corner plot  starting 
     Dataset:  FIESTAdata_harpsn_mode2     model:  gp_multidimensional  corner plot  done 
     Dataset:  FIESTAdata_neid_mode1     model:  gp_multidimensional  corner plot  starting 
     Dataset:  FIESTAdata_neid_mode1     model:  gp_multidimensional  corner plot  done 
     Dataset:  FIESTAdata_neid_mode2     model:  gp_multidimensional  corner plot  starting 
     Dataset:  FIESTAdata_neid_mode2     model:  gp_multidimensional  corner plot  done 

****************************************************************************************************

 Saving the planet parameter samplings to files (with plots)

****************************************************************************************************

 Saving all the parameter samplings to files (with plots)

****************************************************************************************************

 Computing the models for plot/data writing 
     Splitting the plot array to allow GP prediction of extended datasets, it may take a while...
     # 21 chunks of 87 times each
     Check the documentation if the code is taking too long or if it crashes...
     Splitting the plot array to allow GP prediction of extended datasets, it may take a while...
     # 21 chunks of 87 times each
     Check the documentation if the code is taking too long or if it crashes...
     Splitting the plot array to allow GP prediction of extended datasets, it may take a while...
     # 21 chunks of 87 times each
     Check the documentation if the code is taking too long or if it crashes...
     Splitting the plot array to allow GP prediction of extended datasets, it may take a while...
     # 17 chunks of 87 times each
     Check the documentation if the code is taking too long or if it crashes...
     Splitting the plot array to allow GP prediction of extended datasets, it may take a while...
     # 17 chunks of 87 times each
     Check the documentation if the code is taking too long or if it crashes...
     Splitting the plot array to allow GP prediction of extended datasets, it may take a while...
     # 3 chunks of 87 times each
     Check the documentation if the code is taking too long or if it crashes...
     Splitting the plot array to allow GP prediction of extended datasets, it may take a while...
     # 3 chunks of 87 times each
     Check the documentation if the code is taking too long or if it crashes...
     Splitting the plot array to allow GP prediction of extended datasets, it may take a while...
     # 14 chunks of 87 times each
     Check the documentation if the code is taking too long or if it crashes...
     Splitting the plot array to allow GP prediction of extended datasets, it may take a while...
     # 14 chunks of 87 times each
     Check the documentation if the code is taking too long or if it crashes...
     Splitting the plot array to allow GP prediction of extended datasets, it may take a while...
     # 13 chunks of 87 times each
     Check the documentation if the code is taking too long or if it crashes...
     Splitting the plot array to allow GP prediction of extended datasets, it may take a while...
     # 13 chunks of 87 times each
     Check the documentation if the code is taking too long or if it crashes...
     Splitting the plot array to allow GP prediction of extended datasets, it may take a while...
     # 21 chunks of 87 times each
     Check the documentation if the code is taking too long or if it crashes...
     Splitting the plot array to allow GP prediction of extended datasets, it may take a while...
     # 21 chunks of 87 times each
     Check the documentation if the code is taking too long or if it crashes...
     Splitting the plot array to allow GP prediction of extended datasets, it may take a while...
     # 21 chunks of 87 times each
     Check the documentation if the code is taking too long or if it crashes...
     Splitting the plot array to allow GP prediction of extended datasets, it may take a while...
     # 17 chunks of 87 times each
     Check the documentation if the code is taking too long or if it crashes...
     Splitting the plot array to allow GP prediction of extended datasets, it may take a while...
     # 17 chunks of 87 times each
     Check the documentation if the code is taking too long or if it crashes...
     Splitting the plot array to allow GP prediction of extended datasets, it may take a while...
     # 3 chunks of 87 times each
     Check the documentation if the code is taking too long or if it crashes...
     Splitting the plot array to allow GP prediction of extended datasets, it may take a while...
     # 3 chunks of 87 times each
     Check the documentation if the code is taking too long or if it crashes...
     Splitting the plot array to allow GP prediction of extended datasets, it may take a while...
     # 14 chunks of 87 times each
     Check the documentation if the code is taking too long or if it crashes...
     Splitting the plot array to allow GP prediction of extended datasets, it may take a while...
     # 14 chunks of 87 times each
     Check the documentation if the code is taking too long or if it crashes...
     Splitting the plot array to allow GP prediction of extended datasets, it may take a while...
     # 13 chunks of 87 times each
     Check the documentation if the code is taking too long or if it crashes...
     Splitting the plot array to allow GP prediction of extended datasets, it may take a while...
     # 13 chunks of 87 times each
     Check the documentation if the code is taking too long or if it crashes...
     Splitting the plot array to allow GP prediction of extended datasets, it may take a while...
     # 21 chunks of 87 times each
     Check the documentation if the code is taking too long or if it crashes...
     Splitting the plot array to allow GP prediction of extended datasets, it may take a while...
     # 21 chunks of 87 times each
     Check the documentation if the code is taking too long or if it crashes...
     Splitting the plot array to allow GP prediction of extended datasets, it may take a while...
     # 21 chunks of 87 times each
     Check the documentation if the code is taking too long or if it crashes...
     Splitting the plot array to allow GP prediction of extended datasets, it may take a while...
     # 17 chunks of 87 times each
     Check the documentation if the code is taking too long or if it crashes...
     Splitting the plot array to allow GP prediction of extended datasets, it may take a while...
     # 17 chunks of 87 times each
     Check the documentation if the code is taking too long or if it crashes...
     Splitting the plot array to allow GP prediction of extended datasets, it may take a while...
     # 3 chunks of 87 times each
     Check the documentation if the code is taking too long or if it crashes...
     Splitting the plot array to allow GP prediction of extended datasets, it may take a while...
     # 3 chunks of 87 times each
     Check the documentation if the code is taking too long or if it crashes...
     Splitting the plot array to allow GP prediction of extended datasets, it may take a while...
     # 14 chunks of 87 times each
     Check the documentation if the code is taking too long or if it crashes...
     Splitting the plot array to allow GP prediction of extended datasets, it may take a while...
     # 14 chunks of 87 times each
     Check the documentation if the code is taking too long or if it crashes...
     Splitting the plot array to allow GP prediction of extended datasets, it may take a while...
     # 13 chunks of 87 times each
     Check the documentation if the code is taking too long or if it crashes...
     Splitting the plot array to allow GP prediction of extended datasets, it may take a while...
     # 13 chunks of 87 times each
     Check the documentation if the code is taking too long or if it crashes...
 Writing the plots 
 Writing the   data files 
 Writing the  MAP_ data files 
 Writing the  sampleMED_ data files 

****************************************************************************************************

