
PyORBIT v10.9.1

Python version in use:
3.10.16 (main, Dec 11 2024, 10:24:41) [Clang 14.0.6 ]
 LaTeX disabled by default
Using orbital model:  keplerian
Using orbital parametrization:  Eastman2013


 emcee version:  3.1.6

 Reference Time Tref: 59332.189797

 Dimensions: 17
 Nwalkers:   68
 Steps:      50000


Recomputing ln-prior, it may take a while...

ln-probability distribution:   -515.05       -3.54      2.75 (15-84 p) 
ln-prior       distribution:    -84.61       -0.20      0.24 (15-84 p) 
ln-likelihood  distribution:   -430.43       -3.55      2.76 (15-84 p) 


*** Information criteria using the likelihood distribution

 BIC from distribution  (using likelihood)  =    952.25     -5.52    7.10 (15-84 p)
 AIC from distribution  (using likelihood)  =    894.87     -5.52    7.10 (15-84 p)
 AICc from distribution (using likelihood)  =    897.96     -5.52    7.10 (15-84 p)


*** Information criteria using the median parameter set

 Median ln_probability =   -508.39
 Median ln_priors      =    -84.39
 Median ln_likelihood  =   -424.01

 Median BIC  (using likelihood) =    939.39
 Median AIC  (using likelihood) =    882.01
 Median AICc (using likelihood) =    885.11


*** Information criteria using the MAP parameter set

 MAP ln_priors     =   -506.86
 MAP ln_priors     =    -84.68
 MAP ln_likelihood =   -422.18

 MAP BIC  (using likelihood)    =    935.74
 MAP AIC  (using likelihood)    =    878.36
 MAP AICc (using likelihood)    =    881.45

 AICc suggested over AIC because NDATA ( 216 ) < 40 * NDIM ( 17 )

****************************************************************************************************


Computing the autocorrelation time of the chains

The chains are more than 50 times longer than the ACF, the estimate can be trusted

Reference thinning used in the analysis: 100
Maximum value of the integrated ACF: 8
Step length used in the analysis: 8*nthin = 800

Convergence criteria: less than 1% variation in ACF after 50 times the integrated ACF
At least 50*ACF after convergence, 100*ACF would be ideal
Negative values: not converged yet

   sampler parameter              |    ACF   | ACF*nthin | converged at | nsteps/ACF | to 100*ACF
                                  |          |           |              |            | 
   ESSP_EXPRES_jitter_0           |    5.59  |      559  |    36800     |      24    |   42733 
   ESSP_EXPRES_offset_0           |    5.46  |      546  |    31200     |      34    |   35804 
   ESSP_EXPRES_gp_multidimensional_con_amp |    5.10  |      510  |    28800     |      42    |   29758 
   ESSP_BIS_EXPRES_jitter_0       |    4.98  |      498  |    31200     |      38    |   30969 
   ESSP_BIS_EXPRES_offset_0       |    5.36  |      536  |    31200     |      35    |   34811 
   ESSP_BIS_EXPRES_gp_multidimensional_con_amp |    4.39  |      439  |    29600     |      47    |   23461 
   ESSP_FIESTA1_EXPRES_jitter_0   |    5.23  |      523  |    29600     |      39    |   31948 
   ESSP_FIESTA1_EXPRES_offset_0   |    5.39  |      539  |    31200     |      35    |   35097 
   ESSP_FIESTA1_EXPRES_gp_multidimensional_con_amp |    4.82  |      482  |    31200     |      39    |   29390 
   b_P                            |    5.34  |      534  |    31200     |      35    |   34584 
   b_K                            |    6.28  |      628  |    36800     |      21    |   49555 
   b_sre_coso                     |    8.60  |      860  |    48000     |       2    |   83960 
   b_sre_sino                     |    6.06  |      606  |    33600     |      27    |   44234 
   b_mean_long                    |    5.59  |      559  |    31200     |      34    |   37073 
   activity_Prot                  |    6.89  |      689  |    40800     |      13    |   59724 
   activity_Pdec                  |    5.35  |      535  |    33600     |      31    |   37107 
   activity_Oamp                  |    5.49  |      549  |    32000     |      33    |   36914 

All the chains have converged, but PyORBIT should keep running for about:
11621 more steps to reach 50*ACF,
39831 more steps to reach 100*ACF
Suggested value for burnin: 33412

Check the documentation for the correct interpretation of these results:
https://pyorbit.readthedocs.io/running_pyorbit/terminal_output/#autocorrelation-analysis

 Plotting the ACF... 


====================================================================================================
     Ids, spaces (s), boundaries (b) and priors (p) of the sampler parameters     
====================================================================================================

----- dataset:  ESSP_EXPRES
jitter_0      id:   8  s:Linear      b:[      0.0017,      18.9000]   p:Uniform   []
offset_0      id:   9  s:Linear      b:[ -10004.1700,   10004.5630]   p:Uniform   []

----- dataset: ESSP_EXPRES               ----- model: gp_multidimensional           
con_amp       id:  10  s:Linear      b:[   -500.0000,     500.0000]   p:Uniform   []
rot_amp       derived (no id, space, bound)                           p:None   []

----- dataset:  ESSP_BIS_EXPRES
jitter_0      id:  11  s:Linear      b:[      0.0095,      95.0000]   p:Uniform   []
offset_0      id:  12  s:Linear      b:[ -10007.9920,   10006.5920]   p:Uniform   []

----- dataset: ESSP_BIS_EXPRES           ----- model: gp_multidimensional           
con_amp       id:  13  s:Linear      b:[   -500.0000,     500.0000]   p:Uniform   []
rot_amp       derived (no id, space, bound)                           p:None   []

----- dataset:  ESSP_FIESTA1_EXPRES
jitter_0      id:  14  s:Linear      b:[      0.0077,      77.7000]   p:Uniform   []
offset_0      id:  15  s:Linear      b:[ -10004.9930,   10004.7140]   p:Uniform   []

----- dataset: ESSP_FIESTA1_EXPRES       ----- model: gp_multidimensional           
con_amp       id:  16  s:Linear      b:[   -500.0000,     500.0000]   p:Uniform   []
rot_amp       derived (no id, space, bound)                           p:None   []

----- common model:  b
P             id:   0  s:Log_Base2   b:[      0.5850,       3.3219]   p:Gaussian   [2.9 0.5]
K             id:   1  s:Log_Base2   b:[     -3.3219,       2.0000]   p:Uniform   []
sre_coso      id:   2  s:Linear      b:[     -1.0000,       1.0000]   p:Uniform   []
sre_sino      id:   3  s:Linear      b:[     -1.0000,       1.0000]   p:Uniform   []
mean_long     id:   4  s:Linear      b:[    -83.2858,     276.7142]   p:Uniform   []
e             derived (no id, space, bound)                           p:Uniform   [0.  0.5]
omega         derived (no id, space, bound)                           p:Uniform   [0.0, 360.0]

----- common model:  activity
Prot          id:   5  s:Linear      b:[     20.0000,      35.0000]   p:Gaussian   [28.  5.]
Pdec          id:   6  s:Linear      b:[     30.0000,    1000.0000]   p:Uniform   []
Oamp          id:   7  s:Log_Base2   b:[     -6.6439,       0.0000]   p:Uniform   []

----- common model:  star_parameters
mass          derived (no id, space, bound)                           p:Gaussian   [1.e+00 1.e-10]


****************************************************************************************************
****************************************************************************************************

 Confidence intervals (median value, 34.135th percentile from the median on the left and right side)

====================================================================================================
     Statistics on the posterior of the sampler parameters     
====================================================================================================

----- dataset:  ESSP_EXPRES
jitter_0         8          1.15        -0.11         0.12   (15-84 p)   [    0.0017,    18.9000]
offset_0         9         -0.08        -0.23         0.22   (15-84 p)   [-10004.1700, 10004.5630]

----- dataset: ESSP_EXPRES               ----- model: gp_multidimensional           
con_amp         10          0.69        -0.22         0.25   (15-84 p)   [ -500.0000,   500.0000]

----- dataset:  ESSP_BIS_EXPRES
jitter_0        11          1.24        -0.22         0.26   (15-84 p)   [    0.0095,    95.0000]
offset_0        12          0.19        -0.70         0.70   (15-84 p)   [-10007.9920, 10006.5920]

----- dataset: ESSP_BIS_EXPRES           ----- model: gp_multidimensional           
con_amp         13         -3.14        -0.66         0.53   (15-84 p)   [ -500.0000,   500.0000]

----- dataset:  ESSP_FIESTA1_EXPRES
jitter_0        14          1.86        -0.17         0.20   (15-84 p)   [    0.0077,    77.7000]
offset_0        15         -0.00        -0.24         0.25   (15-84 p)   [-10004.9930, 10004.7140]

----- dataset: ESSP_FIESTA1_EXPRES       ----- model: gp_multidimensional           
con_amp         16         -0.07        -0.29         0.29   (15-84 p)   [ -500.0000,   500.0000]

----- common model:  b
P                0        1.5195      -0.0062       0.0069   (15-84 p)   [    0.5850,     3.3219]
K                1          1.40        -0.22         0.22   (15-84 p)   [   -3.3219,     2.0000]
sre_coso         2        -0.508       -0.094         0.14   (15-84 p)   [   -1.0000,     1.0000]
sre_sino         3          0.03        -0.23         0.17   (15-84 p)   [   -1.0000,     1.0000]
mean_long        4          99.9         -9.2           10   (15-84 p)   [  -83.2858,   276.7142]

----- common model:  activity
Prot             5          26.6         -2.9          4.9   (15-84 p)   [   20.0000,    35.0000]
Pdec             6           526         -332          322   (15-84 p)   [   30.0000,  1000.0000]
Oamp             7         -5.56        -0.76          1.0   (15-84 p)   [   -6.6439,     0.0000]

----- common model:  star_parameters

====================================================================================================
     Statistics on the model parameters obtained from the posteriors samples     
====================================================================================================

----- dataset:  ESSP_EXPRES
jitter_0                  1.15        -0.11         0.12    (15-84 p)
offset_0                 -0.08        -0.23         0.22    (15-84 p)


----- dataset: ESSP_EXPRES               ----- model: gp_multidimensional           
rot_amp                   0.00                              [fixed]
con_amp                   0.69        -0.22         0.25    (15-84 p)

----- dataset:  ESSP_BIS_EXPRES
jitter_0                  1.24        -0.22         0.26    (15-84 p)
offset_0                  0.19        -0.70         0.70    (15-84 p)


----- dataset: ESSP_BIS_EXPRES           ----- model: gp_multidimensional           
rot_amp                   0.00                              [fixed]
con_amp                  -3.14        -0.66         0.53    (15-84 p)

----- dataset:  ESSP_FIESTA1_EXPRES
jitter_0                  1.86        -0.17         0.20    (15-84 p)
offset_0                 -0.00        -0.24         0.25    (15-84 p)


----- dataset: ESSP_FIESTA1_EXPRES       ----- model: gp_multidimensional           
rot_amp                   0.00                              [fixed]
con_amp                  -0.07        -0.29         0.29    (15-84 p)

----- common model:  b
P                        2.867       -0.012        0.014    (15-84 p)
K                         2.64        -0.37         0.44    (15-84 p)
mean_long                 99.9         -9.2           10    (15-84 p)
e                        0.293        -0.10        0.098    (15-84 p)
omega                      177          -19           27    (15-84 p)

----- common model:  activity
Prot                      26.6         -2.9          4.9    (15-84 p)
Pdec                       526         -332          322    (15-84 p)
Oamp                    0.0211      -0.0087        0.022    (15-84 p)

----- common model:  star_parameters

====================================================================================================
     Statistics on the derived parameters obtained from the posteriors samples     
====================================================================================================

----- common model:  b
Inclination fixed to 90 deg!
Computing planetary mass under the approximation M_planet << M_star (threshold at 30.0 Me)
M_Mj                    0.0176      -0.0023       0.0024    (15-84 p)
M_Me                      5.60        -0.72         0.77    (15-84 p)
Tc                    59332.39        -0.11         0.13    (15-84 p)
a_AU_(M)               0.03950     -0.00011      0.00013    (15-84 p)


====================================================================================================
     ------------------------------------------------------------------------------------------     
====================================================================================================



****************************************************************************************************

 Parameters corresponding to the Maximum a Posteriori probability ( -506.8585462939325 )

====================================================================================================
     Statistics on the posterior of the sampler parameters     
====================================================================================================

----- dataset:  ESSP_EXPRES
jitter_0         8      1.118171 [    0.0017,    18.9000]
offset_0         9     -0.089991 [-10004.1700, 10004.5630]

----- dataset: ESSP_EXPRES               ----- model: gp_multidimensional           
con_amp         10      0.713206 [ -500.0000,   500.0000]

----- dataset:  ESSP_BIS_EXPRES
jitter_0        11      1.213867 [    0.0095,    95.0000]
offset_0        12     -0.077094 [-10007.9920, 10006.5920]

----- dataset: ESSP_BIS_EXPRES           ----- model: gp_multidimensional           
con_amp         13     -3.208360 [ -500.0000,   500.0000]

----- dataset:  ESSP_FIESTA1_EXPRES
jitter_0        14      1.856166 [    0.0077,    77.7000]
offset_0        15      0.155678 [-10004.9930, 10004.7140]

----- dataset: ESSP_FIESTA1_EXPRES       ----- model: gp_multidimensional           
con_amp         16     -0.224947 [ -500.0000,   500.0000]

----- common model:  b
P                0      1.513270 [    0.5850,     3.3219]
K                1      1.600282 [   -3.3219,     2.0000]
sre_coso         2     -0.608369 [   -1.0000,     1.0000]
sre_sino         3      0.177752 [   -1.0000,     1.0000]
mean_long        4     90.599670 [  -83.2858,   276.7142]

----- common model:  activity
Prot             5     23.933165 [   20.0000,    35.0000]
Pdec             6    818.758626 [   30.0000,  1000.0000]
Oamp             7     -6.283025 [   -6.6439,     0.0000]

----- common model:  star_parameters

====================================================================================================
     Statistics on the model parameters obtained from the posteriors samples     
====================================================================================================

----- dataset:  ESSP_EXPRES
jitter_0              1.118171 
offset_0             -0.089991 


----- dataset: ESSP_EXPRES               ----- model: gp_multidimensional           
rot_amp                   0.00 
con_amp               0.713206 

----- dataset:  ESSP_BIS_EXPRES
jitter_0              1.213867 
offset_0             -0.077094 


----- dataset: ESSP_BIS_EXPRES           ----- model: gp_multidimensional           
rot_amp                   0.00 
con_amp              -3.208360 

----- dataset:  ESSP_FIESTA1_EXPRES
jitter_0              1.856166 
offset_0              0.155678 


----- dataset: ESSP_FIESTA1_EXPRES       ----- model: gp_multidimensional           
rot_amp                   0.00 
con_amp              -0.224947 

----- common model:  b
P                     2.854564 
K                     3.032025 
mean_long            90.599670 
e                     0.401709 
omega               163.712823 

----- common model:  activity
Prot                 23.933165 
Pdec                818.758626 
Oamp                  0.012842 

----- common model:  star_parameters

====================================================================================================
     Statistics on the derived parameters obtained from the posteriors samples     
====================================================================================================

----- common model:  b
Inclination fixed to 90 deg!
M_Mj                  0.019376 
M_Me                  6.159597 
Tc                59332.499910 
a_AU_(M)              0.039382 


====================================================================================================
     ------------------------------------------------------------------------------------------     
====================================================================================================



****************************************************************************************************

 Parameters corresponding to the sample closest to the median values ( -510.04673522361867 )

====================================================================================================
     Statistics on the posterior of the sampler parameters     
====================================================================================================

----- dataset:  ESSP_EXPRES
jitter_0         8      1.126315 [    0.0017,    18.9000]
offset_0         9     -0.138102 [-10004.1700, 10004.5630]

----- dataset: ESSP_EXPRES               ----- model: gp_multidimensional           
con_amp         10      0.831965 [ -500.0000,   500.0000]

----- dataset:  ESSP_BIS_EXPRES
jitter_0        11      1.156676 [    0.0095,    95.0000]
offset_0        12     -0.074927 [-10007.9920, 10006.5920]

----- dataset: ESSP_BIS_EXPRES           ----- model: gp_multidimensional           
con_amp         13     -2.709120 [ -500.0000,   500.0000]

----- dataset:  ESSP_FIESTA1_EXPRES
jitter_0        14      1.799663 [    0.0077,    77.7000]
offset_0        15     -0.103008 [-10004.9930, 10004.7140]

----- dataset: ESSP_FIESTA1_EXPRES       ----- model: gp_multidimensional           
con_amp         16     -0.098116 [ -500.0000,   500.0000]

----- common model:  b
P                0      1.517765 [    0.5850,     3.3219]
K                1      1.480629 [   -3.3219,     2.0000]
sre_coso         2     -0.545374 [   -1.0000,     1.0000]
sre_sino         3     -0.005156 [   -1.0000,     1.0000]
mean_long        4     96.176794 [  -83.2858,   276.7142]

----- common model:  activity
Prot             5     27.542974 [   20.0000,    35.0000]
Pdec             6    620.255991 [   30.0000,  1000.0000]
Oamp             7     -5.770828 [   -6.6439,     0.0000]

----- common model:  star_parameters

====================================================================================================
     Statistics on the model parameters obtained from the posteriors samples     
====================================================================================================

----- dataset:  ESSP_EXPRES
jitter_0              1.126315 
offset_0             -0.138102 


----- dataset: ESSP_EXPRES               ----- model: gp_multidimensional           
rot_amp                   0.00 
con_amp               0.831965 

----- dataset:  ESSP_BIS_EXPRES
jitter_0              1.156676 
offset_0             -0.074927 


----- dataset: ESSP_BIS_EXPRES           ----- model: gp_multidimensional           
rot_amp                   0.00 
con_amp              -2.709120 

----- dataset:  ESSP_FIESTA1_EXPRES
jitter_0              1.799663 
offset_0             -0.103008 


----- dataset: ESSP_FIESTA1_EXPRES       ----- model: gp_multidimensional           
rot_amp                   0.00 
con_amp              -0.098116 

----- common model:  b
P                     2.863471 
K                     2.790704 
mean_long            96.176794 
e                     0.297459 
omega              -179.458331 

----- common model:  activity
Prot                 27.542974 
Pdec                620.255991 
Oamp                  0.018315 

----- common model:  star_parameters

====================================================================================================
     Statistics on the derived parameters obtained from the posteriors samples     
====================================================================================================

----- common model:  b
Inclination fixed to 90 deg!
M_Mj                  0.018612 
M_Me                  5.916727 
Tc                59332.408287 
a_AU_(M)              0.039464 


====================================================================================================
     ------------------------------------------------------------------------------------------     
====================================================================================================



****************************************************************************************************

Inclination fixed to 90 deg!
 *** Please provide a prior on stellar mass, radius or density *** 

Inclination fixed to 90 deg!
Inclination fixed to 90 deg!
 Plot FLAT chain 

****************************************************************************************************

Plotting full_correlation plot with pygtc

****************************************************************************************************

 Plotting the chains... 

****************************************************************************************************

 Plotting the Gelman-Rubin traces... 

     Gelman-Rubin:     8     1.005969 ESSP_EXPRES_jitter_0 
     Gelman-Rubin:     9     1.005269 ESSP_EXPRES_offset_0 
     Gelman-Rubin:    10     1.227763 ESSP_EXPRES_gp_multidimensional_con_amp 
     Gelman-Rubin:    11     1.007806 ESSP_BIS_EXPRES_jitter_0 
     Gelman-Rubin:    12     1.005693 ESSP_BIS_EXPRES_offset_0 
     Gelman-Rubin:    13     1.546534 ESSP_BIS_EXPRES_gp_multidimensional_con_amp 
     Gelman-Rubin:    14     1.004785 ESSP_FIESTA1_EXPRES_jitter_0 
     Gelman-Rubin:    15     1.003928 ESSP_FIESTA1_EXPRES_offset_0 
     Gelman-Rubin:    16     1.007957 ESSP_FIESTA1_EXPRES_gp_multidimensional_con_amp 
     Gelman-Rubin:     0     1.005214 b_P 
     Gelman-Rubin:     1     1.007487 b_K 
     Gelman-Rubin:     2     1.011074 b_sre_coso 
     Gelman-Rubin:     3     1.006913 b_sre_sino 
     Gelman-Rubin:     4     1.005465 b_mean_long 
     Gelman-Rubin:     5     1.005568 activity_Prot 
     Gelman-Rubin:     6     1.007550 activity_Pdec 
     Gelman-Rubin:     7     1.005637 activity_Oamp 

****************************************************************************************************

Plotting the common models corner plots
     Common model:  b
     Common model:  activity
     Common model:  star_parameters

****************************************************************************************************

Plotting the dataset + models corner plots 

     Dataset:  ESSP_EXPRES     model:  gp_multidimensional  corner plot  starting 
     Dataset:  ESSP_EXPRES     model:  gp_multidimensional  corner plot  done 
     Dataset:  ESSP_EXPRES     model:  radial_velocities_b  corner plot  starting 
     Dataset:  ESSP_EXPRES     model:  radial_velocities_b  corner plot  done 
     Dataset:  ESSP_BIS_EXPRES     model:  gp_multidimensional  corner plot  starting 
     Dataset:  ESSP_BIS_EXPRES     model:  gp_multidimensional  corner plot  done 
     Dataset:  ESSP_FIESTA1_EXPRES     model:  gp_multidimensional  corner plot  starting 
     Dataset:  ESSP_FIESTA1_EXPRES     model:  gp_multidimensional  corner plot  done 

****************************************************************************************************

 Saving the planet parameter samplings to files (with plots)

****************************************************************************************************

 Saving all the parameter samplings to files (with plots)

****************************************************************************************************

 Computing the models for plot/data writing 
     computing GP prediction for the whole temporal range, it may take a while...
     computing GP prediction for the whole temporal range, it may take a while...
     computing GP prediction for the whole temporal range, it may take a while...
     computing GP prediction for the whole temporal range, it may take a while...
     computing GP prediction for the whole temporal range, it may take a while...
     computing GP prediction for the whole temporal range, it may take a while...
     computing GP prediction for the whole temporal range, it may take a while...
     computing GP prediction for the whole temporal range, it may take a while...
     computing GP prediction for the whole temporal range, it may take a while...
 Writing the plots 
 Writing the   data files 
 Writing the  MAP_ data files 
 Writing the  sampleMED_ data files 

****************************************************************************************************

