
:::---::: PyORBIT v11.0.1 :::---:::

Python version in use:
3.10.18 (main, Jun  5 2025, 13:14:17) [GCC 11.2.0]

reloaded_optimize:  False
reloaded_pyde:  False
reloaded_emcee:  False

number of multiprocessing threads: 16
multiprocessing method (should be fork):  fork

parameters/safe_reload flag (must be True for tinygp):  False

Opening:  RVdata
Opening:  BISdata
Opening:  FWHMdata

Adding common model of planet:  b
Adding common model of planet:  c
Using orbital model:  keplerian
Using orbital parametrization:  Eastman2013

Using orbital model:  keplerian
Using orbital parametrization:  Eastman2013

gp_multidimensional  S+LEAF model, number of harmonics: 4

GP model: gp_multidimensional  hyperparameters_condition:    True
GP model: gp_multidimensional  rotation_decay_condition:     True

====================================================================================================
     Ids, spaces (s), boundaries (b) and priors (p) of the sampler parameters     
====================================================================================================

----- dataset:  RVdata
jitter_0      id:  13  s:Linear      b:[      0.0009,      13.3000]   p:Uniform   []
offset_0      id:  14  s:Linear      b:[  -9995.9140,   10015.5990]   p:Uniform   []
offset_1      id:  15  s:Linear      b:[  -9995.9140,   10015.5990]   p:Uniform   []
offset_2      id:  16  s:Linear      b:[  -9995.9140,   10015.5990]   p:Uniform   []
offset_3      id:  17  s:Linear      b:[  -9995.9140,   10015.5990]   p:Uniform   []

----- dataset: RVdata                    ----- model: gp_multidimensional           
rot_amp       id:  18  s:Linear      b:[      0.0000,      10.0000]   p:Uniform   []
con_amp       id:  19  s:Linear      b:[    -20.0000,      20.0000]   p:Uniform   []

----- dataset:  BISdata
jitter_0      id:  20  s:Linear      b:[      0.0095,      95.0000]   p:Uniform   []
offset_0      id:  21  s:Linear      b:[ -10078.4667,    9962.7167]   p:Uniform   []
offset_1      id:  22  s:Linear      b:[ -10078.4667,    9962.7167]   p:Uniform   []
offset_2      id:  23  s:Linear      b:[ -10078.4667,    9962.7167]   p:Uniform   []
offset_3      id:  24  s:Linear      b:[ -10078.4667,    9962.7167]   p:Uniform   []

----- dataset: BISdata                   ----- model: gp_multidimensional           
rot_amp       id:  25  s:Linear      b:[    -10.0000,      10.0000]   p:Uniform   []
con_amp       id:  26  s:Linear      b:[    -20.0000,      20.0000]   p:Uniform   []

----- dataset:  FWHMdata
jitter_0      id:  27  s:Linear      b:[      0.0500,     500.0000]   p:Uniform   []
offset_0      id:  28  s:Linear      b:[  -3316.4638,   16948.3677]   p:Uniform   []
offset_1      id:  29  s:Linear      b:[  -3316.4638,   16948.3677]   p:Uniform   []
offset_2      id:  30  s:Linear      b:[  -3316.4638,   16948.3677]   p:Uniform   []
offset_3      id:  31  s:Linear      b:[  -3316.4638,   16948.3677]   p:Uniform   []

----- dataset: FWHMdata                  ----- model: gp_multidimensional           
rot_amp       id:  32  s:Linear      b:[    -10.0000,      10.0000]   p:Uniform   []
con_amp       id:  33  s:Linear      b:[    -20.0000,      20.0000]   p:Uniform   []

----- common model:  b
P             id:   0  s:Log_Base2   b:[      0.3785,       6.6439]   p:Uniform   []
K             id:   1  s:Log_Base2   b:[     -9.9658,       3.3219]   p:Uniform   []
sre_coso      id:   2  s:Linear      b:[     -1.0000,       1.0000]   p:Uniform   []
sre_sino      id:   3  s:Linear      b:[     -1.0000,       1.0000]   p:Uniform   []
mean_long     id:   4  s:Linear      b:[      0.0000,     360.0000]   p:Uniform   []
e             derived (no id, space, bound)                           p:Gaussian   [0.    0.098]
omega         derived (no id, space, bound)                           p:Uniform   [0.0, 360.0]

----- common model:  c
P             id:   5  s:Log_Base2   b:[      0.3785,       6.6439]   p:Uniform   []
K             id:   6  s:Log_Base2   b:[     -9.9658,       3.3219]   p:Uniform   []
sre_coso      id:   7  s:Linear      b:[     -1.0000,       1.0000]   p:Uniform   []
sre_sino      id:   8  s:Linear      b:[     -1.0000,       1.0000]   p:Uniform   []
mean_long     id:   9  s:Linear      b:[      0.0000,     360.0000]   p:Uniform   []
e             derived (no id, space, bound)                           p:Gaussian   [0.    0.098]
omega         derived (no id, space, bound)                           p:Uniform   [0.0, 360.0]

----- common model:  activity
Prot          id:  10  s:Linear      b:[     20.0000,      35.0000]   p:Gaussian   [28.   0.5]
Pdec          id:  11  s:Linear      b:[     30.0000,    1000.0000]   p:Uniform   []
Oamp          id:  12  s:Log_Base2   b:[     -6.6439,       0.0000]   p:Gaussian   [0.35  0.035]

----- common model:  star_parameters
mass          derived (no id, space, bound)                           p:Gaussian   [1.e+00 1.e-06]
radius        derived (no id, space, bound)                           p:Gaussian   [1.e+00 1.e-06]
density       derived (no id, space, bound)                           p:Gaussian   [1.e+00 1.e-06]

Include priors:  True

Reference Time Tref:  59334.700184

Dimensions =  34
Nwalkers =  136

Using threading pool for PyDE: True
PyDE running
Boundaries redefined after PyDE output
PyDE completed, it took         98.7 seconds

====================================================================================================
     Starting point of the sample/optimization routines    
====================================================================================================

----- dataset:  RVdata
jitter_0        13      1.232885 [    0.0009,    13.3000]
offset_0        14      8.762790 [-9995.9140, 10015.5990]
offset_1        15     11.110280 [-9995.9140, 10015.5990]
offset_2        16     10.210285 [-9995.9140, 10015.5990]
offset_3        17      9.722936 [-9995.9140, 10015.5990]

----- dataset: RVdata                    ----- model: gp_multidimensional           
rot_amp         18      4.837737 [    0.0000,    10.0000]
con_amp         19      0.625142 [  -20.0000,    20.0000]

----- dataset:  BISdata
jitter_0        20      1.867924 [    0.0095,    95.0000]
offset_0        21    -73.638153 [-10078.4667,  9962.7167]
offset_1        22    -43.582922 [-10078.4667,  9962.7167]
offset_2        23    -51.985261 [-10078.4667,  9962.7167]
offset_3        24    -59.571783 [-10078.4667,  9962.7167]

----- dataset: BISdata                   ----- model: gp_multidimensional           
rot_amp         25      0.853964 [  -10.0000,    10.0000]
con_amp         26      0.301639 [  -20.0000,    20.0000]

----- dataset:  FWHMdata
jitter_0        27      0.052743 [    0.0500,   500.0000]
offset_0        28   6693.937828 [-3316.4638, 16948.3677]
offset_1        29   6940.842325 [-3316.4638, 16948.3677]
offset_2        30   6857.385489 [-3316.4638, 16948.3677]
offset_3        31   6896.450668 [-3316.4638, 16948.3677]

----- dataset: FWHMdata                  ----- model: gp_multidimensional           
rot_amp         32      1.806866 [  -10.0000,    10.0000]
con_amp         33     -3.264397 [  -20.0000,    20.0000]

----- common model:  b
P                0      1.036240 [    0.3785,     6.6439]
K                1     -0.665531 [   -9.9658,     3.3219]
sre_coso         2     -0.187166 [   -1.0000,     1.0000]
sre_sino         3      0.364878 [   -1.0000,     1.0000]
mean_long        4    236.134736 [   56.1347,   416.1347]

----- common model:  c
P                5      1.542460 [    0.3785,     6.6439]
K                6      1.200169 [   -9.9658,     3.3219]
sre_coso         7     -0.237330 [   -1.0000,     1.0000]
sre_sino         8     -0.015369 [   -1.0000,     1.0000]
mean_long        9    195.336187 [   15.3362,   375.3362]

----- common model:  activity
Prot            10     27.934198 [   20.0000,    35.0000]
Pdec            11     30.002410 [   30.0000,  1000.0000]
Oamp            12     -1.297805 [   -6.6439,     0.0000]

----- common model:  star_parameters

====================================================================================================
     Starting point projected onto the model parameter space     
====================================================================================================

----- dataset:  RVdata
jitter_0              1.232885 
offset_0              8.762790 
offset_1             11.110280 
offset_2             10.210285 
offset_3              9.722936 


----- dataset: RVdata                    ----- model: gp_multidimensional           
rot_amp               4.837737 
con_amp               0.625142 

----- dataset:  BISdata
jitter_0              1.867924 
offset_0            -73.638153 
offset_1            -43.582922 
offset_2            -51.985261 
offset_3            -59.571783 


----- dataset: BISdata                   ----- model: gp_multidimensional           
rot_amp               0.853964 
con_amp               0.301639 

----- dataset:  FWHMdata
jitter_0              0.052743 
offset_0           6693.937828 
offset_1           6940.842325 
offset_2           6857.385489 
offset_3           6896.450668 


----- dataset: FWHMdata                  ----- model: gp_multidimensional           
rot_amp               1.806866 
con_amp              -3.264397 

----- common model:  b
P                     2.050875 
K                     0.630457 
mean_long           236.134736 
e                     0.168167 
omega               117.155731 

----- common model:  c
P                     2.912907 
K                     2.297666 
mean_long           195.336187 
e                     0.056562 
omega              -176.294935 

----- common model:  activity
Prot                 27.934198 
Pdec                 30.002410 
Oamp                  0.406745 

----- common model:  star_parameters

====================================================================================================
     Derived parameters obtained from starting point     
====================================================================================================

----- common model:  b
Inclination fixed to 90 deg!
a_Rs                  6.790082 
M_Mj                  0.003884 
M_Me                  1.234778 
Tc                59335.963484 
a_AU_(M)              0.031591 
a_AU_(rho,R)          0.031591 

----- common model:  c
Inclination fixed to 90 deg!
a_Rs                  8.579596 
M_Mj                  0.016117 
M_Me                  5.123342 
Tc                59336.813223 
a_AU_(M)              0.039917 
a_AU_(rho,R)          0.039916 


====================================================================================================
     Statistics on the log-likelihood     
====================================================================================================

 LN probability: -2110.168285 

====================================================================================================
     ------------------------------------------------------------------------------------------     
====================================================================================================



*************************************************************

Running emcee

emcee version:  3.1.6
Using threading pool for emcee: True

Saving temporary steps


Computing the autocorrelation time of the chains

***** WARNING ******
The integrated autocorrelation time cannot be reliably estimated
likely the chains are too short, and ACF analysis is not fully reliable
emcee.autocorr.integrated_time tolerance lowered to 20
If you still get a warning, you should drop these results entirely
Chains too short to apply convergence criteria
They should be at least 350*nthin = 52500

====================================================================================================
     Statistics on the posterior of the sampler parameters     
====================================================================================================

----- dataset:  RVdata
jitter_0        13         1.276       -0.056        0.062   (15-84 p)   [    0.0009,    13.3000]
offset_0        14          8.86        -0.42         0.46   (15-84 p)   [-9995.9140, 10015.5990]
offset_1        15         11.20        -0.51         0.55   (15-84 p)   [-9995.9140, 10015.5990]
offset_2        16         10.34        -0.44         0.47   (15-84 p)   [-9995.9140, 10015.5990]
offset_3        17          9.83        -0.44         0.47   (15-84 p)   [-9995.9140, 10015.5990]

----- dataset: RVdata                    ----- model: gp_multidimensional           
rot_amp         18           6.7         -1.4          1.7   (15-84 p)   [    0.0000,    10.0000]
con_amp         19          0.90        -0.25         0.33   (15-84 p)   [  -20.0000,    20.0000]

----- dataset:  BISdata
jitter_0        20         1.900       -0.099         0.10   (15-84 p)   [    0.0095,    95.0000]
offset_0        21        -73.59        -0.30         0.31   (15-84 p)   [-10078.4667,  9962.7167]
offset_1        22        -43.56        -0.50         0.53   (15-84 p)   [-10078.4667,  9962.7167]
offset_2        23        -51.96        -0.30         0.33   (15-84 p)   [-10078.4667,  9962.7167]
offset_3        24        -59.55        -0.31         0.33   (15-84 p)   [-10078.4667,  9962.7167]

----- dataset: BISdata                   ----- model: gp_multidimensional           
rot_amp         25           1.2         -1.0          1.1   (15-84 p)   [  -10.0000,    10.0000]
con_amp         26          0.39        -0.20         0.23   (15-84 p)   [  -20.0000,    20.0000]

----- dataset:  FWHMdata
jitter_0        27          0.31        -0.19         0.29   (15-84 p)   [    0.0500,   500.0000]
offset_0        28        6693.4         -2.2          2.1   (15-84 p)   [-3316.4638, 16948.3677]
offset_1        29        6940.3         -2.5          2.3   (15-84 p)   [-3316.4638, 16948.3677]
offset_2        30        6856.9         -2.3          2.1   (15-84 p)   [-3316.4638, 16948.3677]
offset_3        31        6895.9         -2.2          2.1   (15-84 p)   [-3316.4638, 16948.3677]

----- dataset: FWHMdata                  ----- model: gp_multidimensional           
rot_amp         32           2.5         -3.2          3.2   (15-84 p)   [  -10.0000,    10.0000]
con_amp         33         -4.55         -1.3         0.95   (15-84 p)   [  -20.0000,    20.0000]

----- common model:  b
P                0        1.0364      -0.0047       0.0043   (15-84 p)   [    0.3785,     6.6439]
K                1         -0.99        -0.55         0.38   (15-84 p)   [   -9.9658,     3.3219]
sre_coso         2         -0.06        -0.22         0.23   (15-84 p)   [   -1.0000,     1.0000]
sre_sino         3          0.08        -0.24         0.23   (15-84 p)   [   -1.0000,     1.0000]
mean_long        4           240          -32           32   (15-84 p)   [   56.1347,   416.1347]

----- common model:  c
P                5        1.5426      -0.0014       0.0014   (15-84 p)   [    0.3785,     6.6439]
K                6         1.169       -0.095        0.090   (15-84 p)   [   -9.9658,     3.3219]
sre_coso         7         -0.15        -0.12         0.17   (15-84 p)   [   -1.0000,     1.0000]
sre_sino         8         -0.03        -0.16         0.16   (15-84 p)   [   -1.0000,     1.0000]
mean_long        9         196.4         -6.4          6.3   (15-84 p)   [   15.3362,   375.3362]

----- common model:  activity
Prot            10         27.93        -0.52         0.53   (15-84 p)   [   20.0000,    35.0000]
Pdec            11          33.0         -2.2          4.7   (15-84 p)   [   30.0000,  1000.0000]
Oamp            12         -1.29        -0.12         0.11   (15-84 p)   [   -6.6439,     0.0000]

----- common model:  star_parameters

====================================================================================================
     Statistics on the model parameters obtained from the posteriors samples     
====================================================================================================

----- dataset:  RVdata
jitter_0                 1.276       -0.056        0.062    (15-84 p)
offset_0                  8.86        -0.42         0.46    (15-84 p)
offset_1                 11.20        -0.51         0.55    (15-84 p)
offset_2                 10.34        -0.44         0.47    (15-84 p)
offset_3                  9.83        -0.44         0.47    (15-84 p)


----- dataset: RVdata                    ----- model: gp_multidimensional           
rot_amp                    6.7         -1.4          1.7    (15-84 p)
con_amp                   0.90        -0.25         0.33    (15-84 p)

----- dataset:  BISdata
jitter_0                 1.900       -0.099         0.10    (15-84 p)
offset_0                -73.59        -0.30         0.31    (15-84 p)
offset_1                -43.56        -0.50         0.53    (15-84 p)
offset_2                -51.96        -0.30         0.33    (15-84 p)
offset_3                -59.55        -0.31         0.33    (15-84 p)


----- dataset: BISdata                   ----- model: gp_multidimensional           
rot_amp                    1.2         -1.0          1.1    (15-84 p)
con_amp                   0.39        -0.20         0.23    (15-84 p)

----- dataset:  FWHMdata
jitter_0                  0.31        -0.19         0.29    (15-84 p)
offset_0                6693.4         -2.2          2.1    (15-84 p)
offset_1                6940.3         -2.5          2.3    (15-84 p)
offset_2                6856.9         -2.3          2.1    (15-84 p)
offset_3                6895.9         -2.2          2.1    (15-84 p)


----- dataset: FWHMdata                  ----- model: gp_multidimensional           
rot_amp                    2.5         -3.2          3.2    (15-84 p)
con_amp                  -4.55         -1.3         0.95    (15-84 p)

----- common model:  b
P                       2.0510      -0.0067       0.0062    (15-84 p)
K                         0.50        -0.16         0.15    (15-84 p)
mean_long                  240          -32           32    (15-84 p)
e                        0.085       -0.059        0.090    (15-84 p)
omega                       54         -177           85    (15-84 p)

----- common model:  c
P                       2.9132      -0.0028       0.0028    (15-84 p)
K                         2.25        -0.14         0.15    (15-84 p)
mean_long                196.4         -6.4          6.3    (15-84 p)
e                        0.053       -0.037        0.048    (15-84 p)
omega                      -74          -82          228    (15-84 p)

----- common model:  activity
Prot                     27.93        -0.52         0.53    (15-84 p)
Pdec                      33.0         -2.2          4.7    (15-84 p)
Oamp                     0.408       -0.032        0.032    (15-84 p)

----- common model:  star_parameters

====================================================================================================
     Statistics on the derived parameters obtained from the posteriors samples     
====================================================================================================

----- common model:  b
Inclination fixed to 90 deg!
Computing planetary mass under the approximation M_planet << M_star (threshold at 30.0 Me)
a_Rs                     6.790       -0.015        0.014    (15-84 p)
M_Mj                   0.00313     -0.00099      0.00093    (15-84 p)
M_Me                      1.00        -0.32         0.30    (15-84 p)
Tc                    59335.91        -0.20         0.18    (15-84 p)
a_AU_(M)              0.031593    -0.000069     0.000063    (15-84 p)
a_AU_(rho,R)          0.031592    -0.000069     0.000063    (15-84 p)

----- common model:  c
Inclination fixed to 90 deg!
Computing planetary mass under the approximation M_planet << M_star (threshold at 30.0 Me)
a_Rs                    8.5802      -0.0054       0.0055    (15-84 p)
M_Mj                    0.0158      -0.0010       0.0010    (15-84 p)
M_Me                      5.01        -0.32         0.32    (15-84 p)
Tc                   59336.786       -0.058        0.062    (15-84 p)
a_AU_(M)              0.039919    -0.000025     0.000026    (15-84 p)
a_AU_(rho,R)          0.039919    -0.000025     0.000026    (15-84 p)


====================================================================================================
     ------------------------------------------------------------------------------------------     
====================================================================================================



15000.0   steps completed, average lnprob:,  -2129.800447364609


Computing the autocorrelation time of the chains

***** WARNING ******
The integrated autocorrelation time cannot be reliably estimated
likely the chains are too short, and ACF analysis is not fully reliable
emcee.autocorr.integrated_time tolerance lowered to 20
If you still get a warning, you should drop these results entirely

Reference thinning used in the analysis: 150
Maximum value of the integrated ACF: 8
Step length used in the analysis: 8*nthin = 1200

Convergence criteria: less than 1% variation in ACF after 20 times the integrated ACF
At least 50*ACF after convergence, 100*ACF would be ideal
Negative values: not converged yet

   sampler parameter              |    ACF   | ACF*nthin | converged at | nsteps/ACF | to 100*ACF
                                  |          |           |              |            | 
   RVdata_jitter_0                |    5.91  |      887  |       -1     |      -1    |   89597 
   RVdata_offset_0                |    7.22  |     1083  |       -1     |      -1    |  109375 
   RVdata_offset_1                |    6.73  |     1010  |       -1     |      -1    |  102025 
   RVdata_offset_2                |    7.11  |     1066  |       -1     |      -1    |  107675 
   RVdata_offset_3                |    7.11  |     1066  |       -1     |      -1    |  107689 
   RVdata_gp_multidimensional_rot_amp |    7.35  |     1103  |       -1     |      -1    |  111423 
   RVdata_gp_multidimensional_con_amp |    6.86  |     1030  |       -1     |      -1    |  103981 
   BISdata_jitter_0               |    5.69  |      854  |       -1     |      -1    |   86213 
   BISdata_offset_0               |    6.30  |      944  |       -1     |      -1    |   95389 
   BISdata_offset_1               |    5.90  |      884  |       -1     |      -1    |   89334 
   BISdata_offset_2               |    6.00  |      900  |       -1     |      -1    |   90855 
   BISdata_offset_3               |    6.38  |      956  |       -1     |      -1    |   96602 
   BISdata_gp_multidimensional_rot_amp |    5.87  |      880  |       -1     |      -1    |   88915 
   BISdata_gp_multidimensional_con_amp |    6.71  |     1006  |       -1     |      -1    |  101583 
   FWHMdata_jitter_0              |    6.39  |      958  |       -1     |      -1    |   96801 
   FWHMdata_offset_0              |    7.29  |     1093  |       -1     |      -1    |  110399 
   FWHMdata_offset_1              |    6.54  |      982  |       -1     |      -1    |   99134 
   FWHMdata_offset_2              |    7.06  |     1059  |       -1     |      -1    |  106933 
   FWHMdata_offset_3              |    6.93  |     1040  |       -1     |      -1    |  105016 
   FWHMdata_gp_multidimensional_rot_amp |    5.75  |      863  |       -1     |      -1    |   87121 
   FWHMdata_gp_multidimensional_con_amp |    7.18  |     1077  |       -1     |      -1    |  108792 
   b_P                            |    7.16  |     1075  |       -1     |      -1    |  108546 
   b_K                            |    7.06  |     1060  |       -1     |      -1    |  107021 
   b_sre_coso                     |    5.83  |      875  |       -1     |      -1    |   88390 
   b_sre_sino                     |    6.32  |      948  |       -1     |      -1    |   95757 
   b_mean_long                    |    6.96  |     1045  |       -1     |      -1    |  105519 
   c_P                            |    5.23  |      785  |       -1     |      -1    |   79272 
   c_K                            |    5.56  |      834  |       -1     |      -1    |   84201 
   c_sre_coso                     |    6.26  |      939  |       -1     |      -1    |   94793 
   c_sre_sino                     |    6.11  |      916  |       -1     |      -1    |   92540 
   c_mean_long                    |    5.35  |      803  |       -1     |      -1    |   81120 
   activity_Prot                  |    5.41  |      812  |       -1     |      -1    |   82000 
   activity_Pdec                  |    8.93  |     1339  |       -1     |      -1    |  135258 
   activity_Oamp                  |    5.33  |      799  |       -1     |      -1    |   80722 

    34 chains have not converged yet, keep going 

Check the documentation for the correct interpretation of these results:
https://pyorbit.readthedocs.io/running_pyorbit/terminal_output/#autocorrelation-analysis

====================================================================================================
     Statistics on the posterior of the sampler parameters     
====================================================================================================

----- dataset:  RVdata
jitter_0        13         1.277       -0.056        0.061   (15-84 p)   [    0.0009,    13.3000]
offset_0        14          8.88        -0.43         0.50   (15-84 p)   [-9995.9140, 10015.5990]
offset_1        15         11.21        -0.51         0.58   (15-84 p)   [-9995.9140, 10015.5990]
offset_2        16         10.34        -0.43         0.51   (15-84 p)   [-9995.9140, 10015.5990]
offset_3        17          9.85        -0.44         0.50   (15-84 p)   [-9995.9140, 10015.5990]

----- dataset: RVdata                    ----- model: gp_multidimensional           
rot_amp         18           6.8         -1.4          1.6   (15-84 p)   [    0.0000,    10.0000]
con_amp         19          0.90        -0.24         0.31   (15-84 p)   [  -20.0000,    20.0000]

----- dataset:  BISdata
jitter_0        20         1.898       -0.097         0.10   (15-84 p)   [    0.0095,    95.0000]
offset_0        21        -73.59        -0.29         0.31   (15-84 p)   [-10078.4667,  9962.7167]
offset_1        22        -43.55        -0.51         0.53   (15-84 p)   [-10078.4667,  9962.7167]
offset_2        23        -51.95        -0.30         0.33   (15-84 p)   [-10078.4667,  9962.7167]
offset_3        24        -59.53        -0.30         0.34   (15-84 p)   [-10078.4667,  9962.7167]

----- dataset: BISdata                   ----- model: gp_multidimensional           
rot_amp         25           1.1         -1.0          1.1   (15-84 p)   [  -10.0000,    10.0000]
con_amp         26          0.39        -0.19         0.23   (15-84 p)   [  -20.0000,    20.0000]

----- dataset:  FWHMdata
jitter_0        27          0.34        -0.20         0.30   (15-84 p)   [    0.0500,   500.0000]
offset_0        28        6693.3         -2.4          2.2   (15-84 p)   [-3316.4638, 16948.3677]
offset_1        29        6940.3         -2.5          2.3   (15-84 p)   [-3316.4638, 16948.3677]
offset_2        30        6856.8         -2.4          2.1   (15-84 p)   [-3316.4638, 16948.3677]
offset_3        31        6895.9         -2.4          2.1   (15-84 p)   [-3316.4638, 16948.3677]

----- dataset: FWHMdata                  ----- model: gp_multidimensional           
rot_amp         32           2.6         -3.2          3.3   (15-84 p)   [  -10.0000,    10.0000]
con_amp         33         -4.53         -1.3         0.95   (15-84 p)   [  -20.0000,    20.0000]

----- common model:  b
P                0        1.0362      -0.0048       0.0045   (15-84 p)   [    0.3785,     6.6439]
K                1         -0.97        -0.58         0.38   (15-84 p)   [   -9.9658,     3.3219]
sre_coso         2         -0.08        -0.22         0.24   (15-84 p)   [   -1.0000,     1.0000]
sre_sino         3          0.09        -0.24         0.22   (15-84 p)   [   -1.0000,     1.0000]
mean_long        4           240          -32           33   (15-84 p)   [   56.1347,   416.1347]

----- common model:  c
P                5        1.5426      -0.0014       0.0014   (15-84 p)   [    0.3785,     6.6439]
K                6         1.170       -0.091        0.090   (15-84 p)   [   -9.9658,     3.3219]
sre_coso         7         -0.14        -0.13         0.16   (15-84 p)   [   -1.0000,     1.0000]
sre_sino         8         -0.01        -0.16         0.16   (15-84 p)   [   -1.0000,     1.0000]
mean_long        9         196.3         -6.4          6.3   (15-84 p)   [   15.3362,   375.3362]

----- common model:  activity
Prot            10         27.96        -0.54         0.52   (15-84 p)   [   20.0000,    35.0000]
Pdec            11          33.4         -2.6          5.2   (15-84 p)   [   30.0000,  1000.0000]
Oamp            12         -1.30        -0.12         0.11   (15-84 p)   [   -6.6439,     0.0000]

----- common model:  star_parameters

====================================================================================================
     Statistics on the model parameters obtained from the posteriors samples     
====================================================================================================

----- dataset:  RVdata
jitter_0                 1.277       -0.056        0.061    (15-84 p)
offset_0                  8.88        -0.43         0.50    (15-84 p)
offset_1                 11.21        -0.51         0.58    (15-84 p)
offset_2                 10.34        -0.43         0.51    (15-84 p)
offset_3                  9.85        -0.44         0.50    (15-84 p)


----- dataset: RVdata                    ----- model: gp_multidimensional           
rot_amp                    6.8         -1.4          1.6    (15-84 p)
con_amp                   0.90        -0.24         0.31    (15-84 p)

----- dataset:  BISdata
jitter_0                 1.898       -0.097         0.10    (15-84 p)
offset_0                -73.59        -0.29         0.31    (15-84 p)
offset_1                -43.55        -0.51         0.53    (15-84 p)
offset_2                -51.95        -0.30         0.33    (15-84 p)
offset_3                -59.53        -0.30         0.34    (15-84 p)


----- dataset: BISdata                   ----- model: gp_multidimensional           
rot_amp                    1.1         -1.0          1.1    (15-84 p)
con_amp                   0.39        -0.19         0.23    (15-84 p)

----- dataset:  FWHMdata
jitter_0                  0.34        -0.20         0.30    (15-84 p)
offset_0                6693.3         -2.4          2.2    (15-84 p)
offset_1                6940.3         -2.5          2.3    (15-84 p)
offset_2                6856.8         -2.4          2.1    (15-84 p)
offset_3                6895.9         -2.4          2.1    (15-84 p)


----- dataset: FWHMdata                  ----- model: gp_multidimensional           
rot_amp                    2.6         -3.2          3.3    (15-84 p)
con_amp                  -4.53         -1.3         0.95    (15-84 p)

----- common model:  b
P                       2.0509      -0.0068       0.0064    (15-84 p)
K                         0.51        -0.17         0.15    (15-84 p)
mean_long                  240          -32           33    (15-84 p)
e                        0.088       -0.062        0.090    (15-84 p)
omega                       63         -187           78    (15-84 p)

----- common model:  c
P                       2.9131      -0.0027       0.0028    (15-84 p)
K                         2.25        -0.14         0.14    (15-84 p)
mean_long                196.3         -6.4          6.3    (15-84 p)
e                        0.052       -0.036        0.046    (15-84 p)
omega                      -43         -112          197    (15-84 p)

----- common model:  activity
Prot                     27.96        -0.54         0.52    (15-84 p)
Pdec                      33.4         -2.6          5.2    (15-84 p)
Oamp                     0.407       -0.032        0.033    (15-84 p)

----- common model:  star_parameters

====================================================================================================
     Statistics on the derived parameters obtained from the posteriors samples     
====================================================================================================

----- common model:  b
Inclination fixed to 90 deg!
Computing planetary mass under the approximation M_planet << M_star (threshold at 30.0 Me)
a_Rs                     6.790       -0.015        0.014    (15-84 p)
M_Mj                   0.00316      -0.0010      0.00095    (15-84 p)
M_Me                      1.00        -0.33         0.30    (15-84 p)
Tc                    59335.91        -0.20         0.18    (15-84 p)
a_AU_(M)              0.031591    -0.000069     0.000066    (15-84 p)
a_AU_(rho,R)          0.031591    -0.000069     0.000066    (15-84 p)

----- common model:  c
Inclination fixed to 90 deg!
Computing planetary mass under the approximation M_planet << M_star (threshold at 30.0 Me)
a_Rs                    8.5800      -0.0054       0.0055    (15-84 p)
M_Mj                   0.01577     -0.00097       0.0010    (15-84 p)
M_Me                      5.01        -0.31         0.32    (15-84 p)
Tc                   59336.786       -0.058        0.062    (15-84 p)
a_AU_(M)              0.039919    -0.000025     0.000026    (15-84 p)
a_AU_(rho,R)          0.039918    -0.000025     0.000026    (15-84 p)


====================================================================================================
     ------------------------------------------------------------------------------------------     
====================================================================================================



30000.0   steps completed, average lnprob:,  -2129.3425152639975


Computing the autocorrelation time of the chains

***** WARNING ******
The integrated autocorrelation time cannot be reliably estimated
likely the chains are too short, and ACF analysis is not fully reliable
emcee.autocorr.integrated_time tolerance lowered to 20
If you still get a warning, you should drop these results entirely

Reference thinning used in the analysis: 150
Maximum value of the integrated ACF: 9
Step length used in the analysis: 9*nthin = 1350

Convergence criteria: less than 1% variation in ACF after 20 times the integrated ACF
At least 50*ACF after convergence, 100*ACF would be ideal
Negative values: not converged yet

   sampler parameter              |    ACF   | ACF*nthin | converged at | nsteps/ACF | to 100*ACF
                                  |          |           |              |            | 
   RVdata_jitter_0                |    7.10  |     1066  |       -1     |      -1    |  107628 
   RVdata_offset_0                |    8.78  |     1316  |       -1     |      -1    |  132954 
   RVdata_offset_1                |    8.42  |     1263  |       -1     |      -1    |  127517 
   RVdata_offset_2                |    8.54  |     1281  |       -1     |      -1    |  129390 
   RVdata_offset_3                |    8.49  |     1274  |       -1     |      -1    |  128657 
   RVdata_gp_multidimensional_rot_amp |    7.95  |     1193  |    33750     |       9    |  108072 
   RVdata_gp_multidimensional_con_amp |    8.52  |     1278  |       -1     |      -1    |  129086 
   BISdata_jitter_0               |    6.70  |     1005  |    40500     |       4    |   95985 
   BISdata_offset_0               |    7.58  |     1137  |    37800     |       6    |  106494 
   BISdata_offset_1               |    6.74  |     1011  |    41850     |       3    |   97975 
   BISdata_offset_2               |    7.19  |     1078  |       -1     |      -1    |  108926 
   BISdata_offset_3               |    7.66  |     1148  |       -1     |      -1    |  115996 
   BISdata_gp_multidimensional_rot_amp |    6.77  |     1016  |       -1     |      -1    |  102591 
   BISdata_gp_multidimensional_con_amp |    7.88  |     1182  |    37800     |       6    |  111016 
   FWHMdata_jitter_0              |    7.61  |     1141  |    35100     |       9    |  104199 
   FWHMdata_offset_0              |    8.59  |     1288  |       -1     |      -1    |  130067 
   FWHMdata_offset_1              |    7.95  |     1193  |       -1     |      -1    |  120504 
   FWHMdata_offset_2              |    8.40  |     1260  |       -1     |      -1    |  127229 
   FWHMdata_offset_3              |    8.46  |     1269  |    40500     |       4    |  122374 
   FWHMdata_gp_multidimensional_rot_amp |    6.98  |     1047  |       -1     |      -1    |  105768 
   FWHMdata_gp_multidimensional_con_amp |    8.58  |     1287  |       -1     |      -1    |  129947 
   b_P                            |    9.72  |     1458  |       -1     |      -1    |  147286 
   b_K                            |    8.81  |     1322  |       -1     |      -1    |  133517 
   b_sre_coso                     |    6.98  |     1047  |       -1     |      -1    |  105762 
   b_sre_sino                     |    7.04  |     1056  |    31050     |      13    |   91604 
   b_mean_long                    |    8.84  |     1325  |       -1     |      -1    |  133870 
   c_P                            |    6.34  |      951  |    39150     |       6    |   89229 
   c_K                            |    6.92  |     1038  |       -1     |      -1    |  104820 
   c_sre_coso                     |    7.18  |     1077  |    40500     |       4    |  103159 
   c_sre_sino                     |    7.04  |     1056  |    37800     |       7    |   98365 
   c_mean_long                    |    6.37  |      956  |    29700     |      16    |   80305 
   activity_Prot                  |    6.45  |      967  |    40500     |       5    |   92234 
   activity_Pdec                  |    9.75  |     1462  |    37800     |       5    |  139048 
   activity_Oamp                  |    6.34  |      951  |       -1     |      -1    |   96066 

    20 chains have not converged yet, keep going 

Check the documentation for the correct interpretation of these results:
https://pyorbit.readthedocs.io/running_pyorbit/terminal_output/#autocorrelation-analysis

====================================================================================================
     Statistics on the posterior of the sampler parameters     
====================================================================================================

----- dataset:  RVdata
jitter_0        13         1.277       -0.056        0.061   (15-84 p)   [    0.0009,    13.3000]
offset_0        14          8.87        -0.42         0.50   (15-84 p)   [-9995.9140, 10015.5990]
offset_1        15         11.21        -0.51         0.60   (15-84 p)   [-9995.9140, 10015.5990]
offset_2        16         10.34        -0.43         0.51   (15-84 p)   [-9995.9140, 10015.5990]
offset_3        17          9.84        -0.44         0.51   (15-84 p)   [-9995.9140, 10015.5990]

----- dataset: RVdata                    ----- model: gp_multidimensional           
rot_amp         18           6.8         -1.4          1.7   (15-84 p)   [    0.0000,    10.0000]
con_amp         19          0.90        -0.24         0.31   (15-84 p)   [  -20.0000,    20.0000]

----- dataset:  BISdata
jitter_0        20         1.896       -0.096         0.10   (15-84 p)   [    0.0095,    95.0000]
offset_0        21        -73.59        -0.29         0.32   (15-84 p)   [-10078.4667,  9962.7167]
offset_1        22        -43.55        -0.51         0.53   (15-84 p)   [-10078.4667,  9962.7167]
offset_2        23        -51.94        -0.30         0.34   (15-84 p)   [-10078.4667,  9962.7167]
offset_3        24        -59.53        -0.30         0.35   (15-84 p)   [-10078.4667,  9962.7167]

----- dataset: BISdata                   ----- model: gp_multidimensional           
rot_amp         25           1.1         -1.0          1.1   (15-84 p)   [  -10.0000,    10.0000]
con_amp         26          0.39        -0.19         0.24   (15-84 p)   [  -20.0000,    20.0000]

----- dataset:  FWHMdata
jitter_0        27          0.32        -0.19         0.30   (15-84 p)   [    0.0500,   500.0000]
offset_0        28        6693.3         -2.4          2.1   (15-84 p)   [-3316.4638, 16948.3677]
offset_1        29        6940.2         -2.5          2.3   (15-84 p)   [-3316.4638, 16948.3677]
offset_2        30        6856.8         -2.4          2.1   (15-84 p)   [-3316.4638, 16948.3677]
offset_3        31        6895.8         -2.4          2.2   (15-84 p)   [-3316.4638, 16948.3677]

----- dataset: FWHMdata                  ----- model: gp_multidimensional           
rot_amp         32           2.5         -3.2          3.3   (15-84 p)   [  -10.0000,    10.0000]
con_amp         33         -4.55         -1.3         0.95   (15-84 p)   [  -20.0000,    20.0000]

----- common model:  b
P                0        1.0362      -0.0051       0.0046   (15-84 p)   [    0.3785,     6.6439]
K                1         -0.98        -0.60         0.38   (15-84 p)   [   -9.9658,     3.3219]
sre_coso         2         -0.07        -0.22         0.24   (15-84 p)   [   -1.0000,     1.0000]
sre_sino         3          0.09        -0.24         0.22   (15-84 p)   [   -1.0000,     1.0000]
mean_long        4           240          -32           35   (15-84 p)   [   56.1347,   416.1347]

----- common model:  c
P                5        1.5426      -0.0013       0.0014   (15-84 p)   [    0.3785,     6.6439]
K                6         1.171       -0.096        0.089   (15-84 p)   [   -9.9658,     3.3219]
sre_coso         7         -0.14        -0.13         0.17   (15-84 p)   [   -1.0000,     1.0000]
sre_sino         8         -0.02        -0.16         0.16   (15-84 p)   [   -1.0000,     1.0000]
mean_long        9         196.3         -6.4          6.4   (15-84 p)   [   15.3362,   375.3362]

----- common model:  activity
Prot            10         27.95        -0.54         0.52   (15-84 p)   [   20.0000,    35.0000]
Pdec            11          33.4         -2.6          5.3   (15-84 p)   [   30.0000,  1000.0000]
Oamp            12         -1.30        -0.12         0.11   (15-84 p)   [   -6.6439,     0.0000]

----- common model:  star_parameters

====================================================================================================
     Statistics on the model parameters obtained from the posteriors samples     
====================================================================================================

----- dataset:  RVdata
jitter_0                 1.277       -0.056        0.061    (15-84 p)
offset_0                  8.87        -0.42         0.50    (15-84 p)
offset_1                 11.21        -0.51         0.60    (15-84 p)
offset_2                 10.34        -0.43         0.51    (15-84 p)
offset_3                  9.84        -0.44         0.51    (15-84 p)


----- dataset: RVdata                    ----- model: gp_multidimensional           
rot_amp                    6.8         -1.4          1.7    (15-84 p)
con_amp                   0.90        -0.24         0.31    (15-84 p)

----- dataset:  BISdata
jitter_0                 1.896       -0.096         0.10    (15-84 p)
offset_0                -73.59        -0.29         0.32    (15-84 p)
offset_1                -43.55        -0.51         0.53    (15-84 p)
offset_2                -51.94        -0.30         0.34    (15-84 p)
offset_3                -59.53        -0.30         0.35    (15-84 p)


----- dataset: BISdata                   ----- model: gp_multidimensional           
rot_amp                    1.1         -1.0          1.1    (15-84 p)
con_amp                   0.39        -0.19         0.24    (15-84 p)

----- dataset:  FWHMdata
jitter_0                  0.32        -0.19         0.30    (15-84 p)
offset_0                6693.3         -2.4          2.1    (15-84 p)
offset_1                6940.2         -2.5          2.3    (15-84 p)
offset_2                6856.8         -2.4          2.1    (15-84 p)
offset_3                6895.8         -2.4          2.2    (15-84 p)


----- dataset: FWHMdata                  ----- model: gp_multidimensional           
rot_amp                    2.5         -3.2          3.3    (15-84 p)
con_amp                  -4.55         -1.3         0.95    (15-84 p)

----- common model:  b
P                       2.0508      -0.0073       0.0066    (15-84 p)
K                         0.51        -0.17         0.15    (15-84 p)
mean_long                  240          -32           35    (15-84 p)
e                        0.087       -0.061        0.090    (15-84 p)
omega                       62         -182           80    (15-84 p)

----- common model:  c
P                       2.9132      -0.0027       0.0028    (15-84 p)
K                         2.25        -0.14         0.14    (15-84 p)
mean_long                196.3         -6.4          6.4    (15-84 p)
e                        0.052       -0.036        0.047    (15-84 p)
omega                      -48         -108          201    (15-84 p)

----- common model:  activity
Prot                     27.95        -0.54         0.52    (15-84 p)
Pdec                      33.4         -2.6          5.3    (15-84 p)
Oamp                     0.407       -0.032        0.033    (15-84 p)

----- common model:  star_parameters

====================================================================================================
     Statistics on the derived parameters obtained from the posteriors samples     
====================================================================================================

----- common model:  b
Inclination fixed to 90 deg!
Computing planetary mass under the approximation M_planet << M_star (threshold at 30.0 Me)
a_Rs                     6.790       -0.016        0.014    (15-84 p)
M_Mj                   0.00315      -0.0011      0.00094    (15-84 p)
M_Me                      1.00        -0.34         0.30    (15-84 p)
Tc                    59335.91        -0.21         0.18    (15-84 p)
a_AU_(M)              0.031590    -0.000075     0.000067    (15-84 p)
a_AU_(rho,R)          0.031590    -0.000075     0.000067    (15-84 p)

----- common model:  c
Inclination fixed to 90 deg!
Computing planetary mass under the approximation M_planet << M_star (threshold at 30.0 Me)
a_Rs                    8.5801      -0.0053       0.0055    (15-84 p)
M_Mj                    0.0158      -0.0010       0.0010    (15-84 p)
M_Me                      5.01        -0.32         0.32    (15-84 p)
Tc                   59336.786       -0.059        0.062    (15-84 p)
a_AU_(M)              0.039919    -0.000025     0.000025    (15-84 p)
a_AU_(rho,R)          0.039919    -0.000025     0.000025    (15-84 p)


====================================================================================================
     ------------------------------------------------------------------------------------------     
====================================================================================================



45000.0   steps completed, average lnprob:,  -2129.7926040132165


Computing the autocorrelation time of the chains

***** WARNING ******
The integrated autocorrelation time cannot be reliably estimated
likely the chains are too short, and ACF analysis is not fully reliable
emcee.autocorr.integrated_time tolerance lowered to 20
If you still get a warning, you should drop these results entirely

Reference thinning used in the analysis: 150
Maximum value of the integrated ACF: 16
Step length used in the analysis: 16*nthin = 2400

Convergence criteria: less than 1% variation in ACF after 20 times the integrated ACF
At least 50*ACF after convergence, 100*ACF would be ideal
Negative values: not converged yet

   sampler parameter              |    ACF   | ACF*nthin | converged at | nsteps/ACF | to 100*ACF
                                  |          |           |              |            | 
   RVdata_jitter_0                |    9.28  |     1392  |       -1     |      -1    |  140567 
   RVdata_offset_0                |   11.19  |     1678  |       -1     |      -1    |  169516 
   RVdata_offset_1                |   10.34  |     1551  |       -1     |      -1    |  156617 
   RVdata_offset_2                |   10.99  |     1649  |       -1     |      -1    |  166574 
   RVdata_offset_3                |   10.76  |     1615  |       -1     |      -1    |  163087 
   RVdata_gp_multidimensional_rot_amp |    9.43  |     1414  |       -1     |      -1    |  142860 
   RVdata_gp_multidimensional_con_amp |   10.25  |     1537  |       -1     |      -1    |  155253 
   BISdata_jitter_0               |    8.36  |     1253  |       -1     |      -1    |  126590 
   BISdata_offset_0               |    9.37  |     1406  |       -1     |      -1    |  141992 
   BISdata_offset_1               |    8.22  |     1232  |       -1     |      -1    |  124461 
   BISdata_offset_2               |    8.93  |     1339  |       -1     |      -1    |  135266 
   BISdata_offset_3               |    9.37  |     1405  |       -1     |      -1    |  141937 
   BISdata_gp_multidimensional_rot_amp |    8.31  |     1247  |       -1     |      -1    |  125904 
   BISdata_gp_multidimensional_con_amp |    9.99  |     1499  |       -1     |      -1    |  151381 
   FWHMdata_jitter_0              |    9.39  |     1409  |       -1     |      -1    |  142263 
   FWHMdata_offset_0              |   11.12  |     1668  |       -1     |      -1    |  168440 
   FWHMdata_offset_1              |   10.31  |     1547  |       -1     |      -1    |  156243 
   FWHMdata_offset_2              |   11.12  |     1668  |       -1     |      -1    |  168493 
   FWHMdata_offset_3              |   11.12  |     1668  |       -1     |      -1    |  168445 
   FWHMdata_gp_multidimensional_rot_amp |    8.75  |     1312  |       -1     |      -1    |  132493 
   FWHMdata_gp_multidimensional_con_amp |   10.14  |     1521  |       -1     |      -1    |  153602 
   b_P                            |   15.07  |     2260  |       -1     |      -1    |  228246 
   b_K                            |   16.05  |     2407  |       -1     |      -1    |  243125 
   b_sre_coso                     |    8.88  |     1332  |       -1     |      -1    |  134539 
   b_sre_sino                     |    8.77  |     1316  |       -1     |      -1    |  132913 
   b_mean_long                    |   14.37  |     2155  |       -1     |      -1    |  217648 
   c_P                            |    8.15  |     1222  |       -1     |      -1    |  123419 
   c_K                            |    9.15  |     1373  |       -1     |      -1    |  138693 
   c_sre_coso                     |    8.47  |     1271  |       -1     |      -1    |  128394 
   c_sre_sino                     |    8.83  |     1324  |       -1     |      -1    |  133746 
   c_mean_long                    |    8.80  |     1320  |       -1     |      -1    |  133316 
   activity_Prot                  |    7.76  |     1164  |       -1     |      -1    |  117610 
   activity_Pdec                  |   10.92  |     1638  |       -1     |      -1    |  165422 
   activity_Oamp                  |    7.77  |     1166  |       -1     |      -1    |  117747 

    34 chains have not converged yet, keep going 

Check the documentation for the correct interpretation of these results:
https://pyorbit.readthedocs.io/running_pyorbit/terminal_output/#autocorrelation-analysis

====================================================================================================
     Statistics on the posterior of the sampler parameters     
====================================================================================================

----- dataset:  RVdata
jitter_0        13         1.279       -0.057        0.062   (15-84 p)   [    0.0009,    13.3000]
offset_0        14          8.87        -0.44         0.51   (15-84 p)   [-9995.9140, 10015.5990]
offset_1        15         11.20        -0.52         0.59   (15-84 p)   [-9995.9140, 10015.5990]
offset_2        16         10.34        -0.44         0.52   (15-84 p)   [-9995.9140, 10015.5990]
offset_3        17          9.84        -0.44         0.52   (15-84 p)   [-9995.9140, 10015.5990]

----- dataset: RVdata                    ----- model: gp_multidimensional           
rot_amp         18           6.8         -1.4          1.6   (15-84 p)   [    0.0000,    10.0000]
con_amp         19          0.90        -0.24         0.32   (15-84 p)   [  -20.0000,    20.0000]

----- dataset:  BISdata
jitter_0        20         1.898       -0.096         0.10   (15-84 p)   [    0.0095,    95.0000]
offset_0        21        -73.59        -0.29         0.32   (15-84 p)   [-10078.4667,  9962.7167]
offset_1        22        -43.54        -0.51         0.52   (15-84 p)   [-10078.4667,  9962.7167]
offset_2        23        -51.95        -0.30         0.33   (15-84 p)   [-10078.4667,  9962.7167]
offset_3        24        -59.54        -0.30         0.34   (15-84 p)   [-10078.4667,  9962.7167]

----- dataset: BISdata                   ----- model: gp_multidimensional           
rot_amp         25           1.2         -1.0          1.1   (15-84 p)   [  -10.0000,    10.0000]
con_amp         26          0.39        -0.19         0.24   (15-84 p)   [  -20.0000,    20.0000]

----- dataset:  FWHMdata
jitter_0        27          0.32        -0.19         0.30   (15-84 p)   [    0.0500,   500.0000]
offset_0        28        6693.3         -2.4          2.2   (15-84 p)   [-3316.4638, 16948.3677]
offset_1        29        6940.3         -2.6          2.4   (15-84 p)   [-3316.4638, 16948.3677]
offset_2        30        6856.8         -2.4          2.2   (15-84 p)   [-3316.4638, 16948.3677]
offset_3        31        6895.9         -2.4          2.2   (15-84 p)   [-3316.4638, 16948.3677]

----- dataset: FWHMdata                  ----- model: gp_multidimensional           
rot_amp         32           2.5         -3.2          3.3   (15-84 p)   [  -10.0000,    10.0000]
con_amp         33         -4.57         -1.3         0.95   (15-84 p)   [  -20.0000,    20.0000]

----- common model:  b
P                0        1.0362      -0.0060       0.0054   (15-84 p)   [    0.3785,     6.6439]
K                1         -1.00        -0.71         0.40   (15-84 p)   [   -9.9658,     3.3219]
sre_coso         2         -0.07        -0.21         0.24   (15-84 p)   [   -1.0000,     1.0000]
sre_sino         3          0.09        -0.24         0.22   (15-84 p)   [   -1.0000,     1.0000]
mean_long        4           241          -35           38   (15-84 p)   [   56.1347,   416.1347]

----- common model:  c
P                5        1.5426      -0.0014       0.0014   (15-84 p)   [    0.3785,     6.6439]
K                6         1.168       -0.098        0.090   (15-84 p)   [   -9.9658,     3.3219]
sre_coso         7         -0.14        -0.12         0.17   (15-84 p)   [   -1.0000,     1.0000]
sre_sino         8         -0.02        -0.16         0.16   (15-84 p)   [   -1.0000,     1.0000]
mean_long        9         196.4         -6.5          6.5   (15-84 p)   [   15.3362,   375.3362]

----- common model:  activity
Prot            10         27.96        -0.54         0.52   (15-84 p)   [   20.0000,    35.0000]
Pdec            11          33.5         -2.6          5.3   (15-84 p)   [   30.0000,  1000.0000]
Oamp            12         -1.30        -0.12         0.11   (15-84 p)   [   -6.6439,     0.0000]

----- common model:  star_parameters

====================================================================================================
     Statistics on the model parameters obtained from the posteriors samples     
====================================================================================================

----- dataset:  RVdata
jitter_0                 1.279       -0.057        0.062    (15-84 p)
offset_0                  8.87        -0.44         0.51    (15-84 p)
offset_1                 11.20        -0.52         0.59    (15-84 p)
offset_2                 10.34        -0.44         0.52    (15-84 p)
offset_3                  9.84        -0.44         0.52    (15-84 p)


----- dataset: RVdata                    ----- model: gp_multidimensional           
rot_amp                    6.8         -1.4          1.6    (15-84 p)
con_amp                   0.90        -0.24         0.32    (15-84 p)

----- dataset:  BISdata
jitter_0                 1.898       -0.096         0.10    (15-84 p)
offset_0                -73.59        -0.29         0.32    (15-84 p)
offset_1                -43.54        -0.51         0.52    (15-84 p)
offset_2                -51.95        -0.30         0.33    (15-84 p)
offset_3                -59.54        -0.30         0.34    (15-84 p)


----- dataset: BISdata                   ----- model: gp_multidimensional           
rot_amp                    1.2         -1.0          1.1    (15-84 p)
con_amp                   0.39        -0.19         0.24    (15-84 p)

----- dataset:  FWHMdata
jitter_0                  0.32        -0.19         0.30    (15-84 p)
offset_0                6693.3         -2.4          2.2    (15-84 p)
offset_1                6940.3         -2.6          2.4    (15-84 p)
offset_2                6856.8         -2.4          2.2    (15-84 p)
offset_3                6895.9         -2.4          2.2    (15-84 p)


----- dataset: FWHMdata                  ----- model: gp_multidimensional           
rot_amp                    2.5         -3.2          3.3    (15-84 p)
con_amp                  -4.57         -1.3         0.95    (15-84 p)

----- common model:  b
P                       2.0509      -0.0085       0.0077    (15-84 p)
K                         0.50        -0.19         0.16    (15-84 p)
mean_long                  241          -35           38    (15-84 p)
e                        0.086       -0.060        0.089    (15-84 p)
omega                       63         -181           79    (15-84 p)

----- common model:  c
P                       2.9131      -0.0027       0.0028    (15-84 p)
K                         2.25        -0.15         0.14    (15-84 p)
mean_long                196.4         -6.5          6.5    (15-84 p)
e                        0.052       -0.037        0.048    (15-84 p)
omega                      -59          -96          212    (15-84 p)

----- common model:  activity
Prot                     27.96        -0.54         0.52    (15-84 p)
Pdec                      33.5         -2.6          5.3    (15-84 p)
Oamp                     0.407       -0.032        0.033    (15-84 p)

----- common model:  star_parameters

====================================================================================================
     Statistics on the derived parameters obtained from the posteriors samples     
====================================================================================================

----- common model:  b
Inclination fixed to 90 deg!
Computing planetary mass under the approximation M_planet << M_star (threshold at 30.0 Me)
a_Rs                     6.790       -0.019        0.017    (15-84 p)
M_Mj                   0.00311      -0.0012      0.00097    (15-84 p)
M_Me                      0.99        -0.38         0.31    (15-84 p)
Tc                    59335.90        -0.23         0.20    (15-84 p)
a_AU_(M)              0.031591    -0.000088     0.000079    (15-84 p)
a_AU_(rho,R)          0.031591    -0.000088     0.000079    (15-84 p)

----- common model:  c
Inclination fixed to 90 deg!
Computing planetary mass under the approximation M_planet << M_star (threshold at 30.0 Me)
a_Rs                    8.5800      -0.0054       0.0055    (15-84 p)
M_Mj                    0.0157      -0.0010       0.0010    (15-84 p)
M_Me                      5.01        -0.33         0.32    (15-84 p)
Tc                   59336.786       -0.060        0.062    (15-84 p)
a_AU_(M)              0.039919    -0.000025     0.000025    (15-84 p)
a_AU_(rho,R)          0.039918    -0.000025     0.000025    (15-84 p)


====================================================================================================
     ------------------------------------------------------------------------------------------     
====================================================================================================



60000.0   steps completed, average lnprob:,  -2132.2898530650655


emcee completed


:::---::: PyORBIT v11.0.1 :::---:::

Python version in use:
3.10.18 (main, Jun  5 2025, 13:14:17) [GCC 11.2.0]
LaTeX disabled by default

Using orbital model:  keplerian
Using orbital parametrization:  Eastman2013

Using orbital model:  keplerian
Using orbital parametrization:  Eastman2013

gp_multidimensional  S+LEAF model, number of harmonics: 4

GP model: gp_multidimensional  hyperparameters_condition:    True
GP model: gp_multidimensional  rotation_decay_condition:     True

### PyORBIT version used in the analysis:  11.0.1

 emcee version:  3.1.6

 Reference Time Tref: 59334.700184

 Data points:861
 Dimensions: 34
 Nwalkers:   136
 Steps:      60000


Number of samplings: 40800

Recomputing ln-prior, it may take a while...

ln-probability   distribution:  -2130.06       -5.55      4.47 (15-84 p) 
ln-prior         distribution:   -193.78       -2.45      1.62 (15-84 p) 
ln-likelihood    distribution:  -1935.96       -5.76      4.84 (15-84 p) 


*** Information criteria using the likelihood distribution

 BIC from distribution  (using likelihood)  =   4101.70     -9.68   11.51 (15-84 p)
 AIC from distribution  (using likelihood)  =   3939.93     -9.68   11.51 (15-84 p)
 AICc from distribution (using likelihood)  =   3942.81     -9.68   11.51 (15-84 p)


*** Information criteria using the median parameter set

 ln_probability of Median solution =  -2114.45
 ln_priors of Median solution      =   -192.16
 ln_likelihood of Median solution  =  -1922.29

 Median BIC  (using likelihood) =   4074.35
 Median AIC  (using likelihood) =   3912.57
 Median AICc (using likelihood) =   3915.45


*** Information criteria using the MAP parameter set

 ln_probability of MAP solution =  -2116.33
 ln_priors of MAP solution      =   -194.70
 ln_likelihood of MAP solution  =  -1921.64

 MAP BIC  (using likelihood)    =   4073.05
 MAP AIC  (using likelihood)    =   3911.28
 MAP AICc (using likelihood)    =   3914.16

 AICc suggested over AIC because NDATA ( 861 ) < 40 * NDIM ( 34 )

****************************************************************************************************


Computing the autocorrelation time of the chains

***** WARNING ******
The integrated autocorrelation time cannot be reliably estimated
likely the chains are too short, and ACF analysis is not fully reliable
emcee.autocorr.integrated_time tolerance lowered to 20
If you still get a warning, you should drop these results entirely

Reference thinning used in the analysis: 150
Maximum value of the integrated ACF: 16
Step length used in the analysis: 16*nthin = 2400

Convergence criteria: less than 1% variation in ACF after 20 times the integrated ACF
At least 50*ACF after convergence, 100*ACF would be ideal
Negative values: not converged yet

   sampler parameter              |    ACF   | ACF*nthin | converged at | nsteps/ACF | to 100*ACF
                                  |          |           |              |            | 
   RVdata_jitter_0                |    9.28  |     1392  |       -1     |      -1    |  140567 
   RVdata_offset_0                |   11.19  |     1678  |       -1     |      -1    |  169516 
   RVdata_offset_1                |   10.34  |     1551  |       -1     |      -1    |  156617 
   RVdata_offset_2                |   10.99  |     1649  |       -1     |      -1    |  166574 
   RVdata_offset_3                |   10.76  |     1615  |       -1     |      -1    |  163087 
   RVdata_gp_multidimensional_rot_amp |    9.43  |     1414  |       -1     |      -1    |  142860 
   RVdata_gp_multidimensional_con_amp |   10.25  |     1537  |       -1     |      -1    |  155253 
   BISdata_jitter_0               |    8.36  |     1253  |       -1     |      -1    |  126590 
   BISdata_offset_0               |    9.37  |     1406  |       -1     |      -1    |  141992 
   BISdata_offset_1               |    8.22  |     1232  |       -1     |      -1    |  124461 
   BISdata_offset_2               |    8.93  |     1339  |       -1     |      -1    |  135266 
   BISdata_offset_3               |    9.37  |     1405  |       -1     |      -1    |  141937 
   BISdata_gp_multidimensional_rot_amp |    8.31  |     1247  |       -1     |      -1    |  125904 
   BISdata_gp_multidimensional_con_amp |    9.99  |     1499  |       -1     |      -1    |  151381 
   FWHMdata_jitter_0              |    9.39  |     1409  |       -1     |      -1    |  142263 
   FWHMdata_offset_0              |   11.12  |     1668  |       -1     |      -1    |  168440 
   FWHMdata_offset_1              |   10.31  |     1547  |       -1     |      -1    |  156243 
   FWHMdata_offset_2              |   11.12  |     1668  |       -1     |      -1    |  168493 
   FWHMdata_offset_3              |   11.12  |     1668  |       -1     |      -1    |  168445 
   FWHMdata_gp_multidimensional_rot_amp |    8.75  |     1312  |       -1     |      -1    |  132493 
   FWHMdata_gp_multidimensional_con_amp |   10.14  |     1521  |       -1     |      -1    |  153602 
   b_P                            |   15.07  |     2260  |       -1     |      -1    |  228246 
   b_K                            |   16.05  |     2407  |       -1     |      -1    |  243125 
   b_sre_coso                     |    8.88  |     1332  |       -1     |      -1    |  134539 
   b_sre_sino                     |    8.77  |     1316  |       -1     |      -1    |  132913 
   b_mean_long                    |   14.37  |     2155  |       -1     |      -1    |  217648 
   c_P                            |    8.15  |     1222  |       -1     |      -1    |  123419 
   c_K                            |    9.15  |     1373  |       -1     |      -1    |  138693 
   c_sre_coso                     |    8.47  |     1271  |       -1     |      -1    |  128394 
   c_sre_sino                     |    8.83  |     1324  |       -1     |      -1    |  133746 
   c_mean_long                    |    8.80  |     1320  |       -1     |      -1    |  133316 
   activity_Prot                  |    7.76  |     1164  |       -1     |      -1    |  117610 
   activity_Pdec                  |   10.92  |     1638  |       -1     |      -1    |  165422 
   activity_Oamp                  |    7.77  |     1166  |       -1     |      -1    |  117747 

    34 chains have not converged yet, keep going 

Check the documentation for the correct interpretation of these results:
https://pyorbit.readthedocs.io/running_pyorbit/terminal_output/#autocorrelation-analysis

 Plotting the ACF... 


====================================================================================================
     Ids, spaces (s), boundaries (b) and priors (p) of the sampler parameters     
====================================================================================================

----- dataset:  RVdata
jitter_0      id:  13  s:Linear      b:[      0.0009,      13.3000]   p:Uniform   []
offset_0      id:  14  s:Linear      b:[  -9995.9140,   10015.5990]   p:Uniform   []
offset_1      id:  15  s:Linear      b:[  -9995.9140,   10015.5990]   p:Uniform   []
offset_2      id:  16  s:Linear      b:[  -9995.9140,   10015.5990]   p:Uniform   []
offset_3      id:  17  s:Linear      b:[  -9995.9140,   10015.5990]   p:Uniform   []

----- dataset: RVdata                    ----- model: gp_multidimensional           
rot_amp       id:  18  s:Linear      b:[      0.0000,      10.0000]   p:Uniform   []
con_amp       id:  19  s:Linear      b:[    -20.0000,      20.0000]   p:Uniform   []

----- dataset:  BISdata
jitter_0      id:  20  s:Linear      b:[      0.0095,      95.0000]   p:Uniform   []
offset_0      id:  21  s:Linear      b:[ -10078.4667,    9962.7167]   p:Uniform   []
offset_1      id:  22  s:Linear      b:[ -10078.4667,    9962.7167]   p:Uniform   []
offset_2      id:  23  s:Linear      b:[ -10078.4667,    9962.7167]   p:Uniform   []
offset_3      id:  24  s:Linear      b:[ -10078.4667,    9962.7167]   p:Uniform   []

----- dataset: BISdata                   ----- model: gp_multidimensional           
rot_amp       id:  25  s:Linear      b:[    -10.0000,      10.0000]   p:Uniform   []
con_amp       id:  26  s:Linear      b:[    -20.0000,      20.0000]   p:Uniform   []

----- dataset:  FWHMdata
jitter_0      id:  27  s:Linear      b:[      0.0500,     500.0000]   p:Uniform   []
offset_0      id:  28  s:Linear      b:[  -3316.4638,   16948.3677]   p:Uniform   []
offset_1      id:  29  s:Linear      b:[  -3316.4638,   16948.3677]   p:Uniform   []
offset_2      id:  30  s:Linear      b:[  -3316.4638,   16948.3677]   p:Uniform   []
offset_3      id:  31  s:Linear      b:[  -3316.4638,   16948.3677]   p:Uniform   []

----- dataset: FWHMdata                  ----- model: gp_multidimensional           
rot_amp       id:  32  s:Linear      b:[    -10.0000,      10.0000]   p:Uniform   []
con_amp       id:  33  s:Linear      b:[    -20.0000,      20.0000]   p:Uniform   []

----- common model:  b
P             id:   0  s:Log_Base2   b:[      0.3785,       6.6439]   p:Uniform   []
K             id:   1  s:Log_Base2   b:[     -9.9658,       3.3219]   p:Uniform   []
sre_coso      id:   2  s:Linear      b:[     -1.0000,       1.0000]   p:Uniform   []
sre_sino      id:   3  s:Linear      b:[     -1.0000,       1.0000]   p:Uniform   []
mean_long     id:   4  s:Linear      b:[     56.1347,     416.1347]   p:Uniform   []
e             derived (no id, space, bound)                           p:Gaussian   [0.    0.098]
omega         derived (no id, space, bound)                           p:Uniform   [0.0, 360.0]

----- common model:  c
P             id:   5  s:Log_Base2   b:[      0.3785,       6.6439]   p:Uniform   []
K             id:   6  s:Log_Base2   b:[     -9.9658,       3.3219]   p:Uniform   []
sre_coso      id:   7  s:Linear      b:[     -1.0000,       1.0000]   p:Uniform   []
sre_sino      id:   8  s:Linear      b:[     -1.0000,       1.0000]   p:Uniform   []
mean_long     id:   9  s:Linear      b:[     15.3362,     375.3362]   p:Uniform   []
e             derived (no id, space, bound)                           p:Gaussian   [0.    0.098]
omega         derived (no id, space, bound)                           p:Uniform   [0.0, 360.0]

----- common model:  activity
Prot          id:  10  s:Linear      b:[     20.0000,      35.0000]   p:Gaussian   [28.   0.5]
Pdec          id:  11  s:Linear      b:[     30.0000,    1000.0000]   p:Uniform   []
Oamp          id:  12  s:Log_Base2   b:[     -6.6439,       0.0000]   p:Gaussian   [0.35  0.035]

----- common model:  star_parameters
mass          derived (no id, space, bound)                           p:Gaussian   [1.e+00 1.e-06]
radius        derived (no id, space, bound)                           p:Gaussian   [1.e+00 1.e-06]
density       derived (no id, space, bound)                           p:Gaussian   [1.e+00 1.e-06]


****************************************************************************************************
****************************************************************************************************

 Confidence intervals (median value, 34.135th percentile from the median on the left and right side)

====================================================================================================
     Statistics on the posterior of the sampler parameters     
====================================================================================================

----- dataset:  RVdata
jitter_0        13         1.279       -0.057        0.062   (15-84 p)   [    0.0009,    13.3000]
offset_0        14          8.87        -0.44         0.51   (15-84 p)   [-9995.9140, 10015.5990]
offset_1        15         11.20        -0.52         0.59   (15-84 p)   [-9995.9140, 10015.5990]
offset_2        16         10.34        -0.44         0.52   (15-84 p)   [-9995.9140, 10015.5990]
offset_3        17          9.84        -0.44         0.52   (15-84 p)   [-9995.9140, 10015.5990]

----- dataset: RVdata                    ----- model: gp_multidimensional           
rot_amp         18           6.8         -1.4          1.6   (15-84 p)   [    0.0000,    10.0000]
con_amp         19          0.90        -0.24         0.32   (15-84 p)   [  -20.0000,    20.0000]

----- dataset:  BISdata
jitter_0        20         1.898       -0.096         0.10   (15-84 p)   [    0.0095,    95.0000]
offset_0        21        -73.59        -0.29         0.32   (15-84 p)   [-10078.4667,  9962.7167]
offset_1        22        -43.54        -0.51         0.52   (15-84 p)   [-10078.4667,  9962.7167]
offset_2        23        -51.95        -0.30         0.33   (15-84 p)   [-10078.4667,  9962.7167]
offset_3        24        -59.54        -0.30         0.34   (15-84 p)   [-10078.4667,  9962.7167]

----- dataset: BISdata                   ----- model: gp_multidimensional           
rot_amp         25           1.2         -1.0          1.1   (15-84 p)   [  -10.0000,    10.0000]
con_amp         26          0.39        -0.19         0.24   (15-84 p)   [  -20.0000,    20.0000]

----- dataset:  FWHMdata
jitter_0        27          0.32        -0.19         0.30   (15-84 p)   [    0.0500,   500.0000]
offset_0        28        6693.3         -2.4          2.2   (15-84 p)   [-3316.4638, 16948.3677]
offset_1        29        6940.3         -2.6          2.4   (15-84 p)   [-3316.4638, 16948.3677]
offset_2        30        6856.8         -2.4          2.2   (15-84 p)   [-3316.4638, 16948.3677]
offset_3        31        6895.9         -2.4          2.2   (15-84 p)   [-3316.4638, 16948.3677]

----- dataset: FWHMdata                  ----- model: gp_multidimensional           
rot_amp         32           2.5         -3.2          3.3   (15-84 p)   [  -10.0000,    10.0000]
con_amp         33         -4.57         -1.3         0.95   (15-84 p)   [  -20.0000,    20.0000]

----- common model:  b
P                0        1.0362      -0.0060       0.0054   (15-84 p)   [    0.3785,     6.6439]
K                1         -1.00        -0.71         0.40   (15-84 p)   [   -9.9658,     3.3219]
sre_coso         2         -0.07        -0.21         0.24   (15-84 p)   [   -1.0000,     1.0000]
sre_sino         3          0.09        -0.24         0.22   (15-84 p)   [   -1.0000,     1.0000]
mean_long        4           241          -35           38   (15-84 p)   [   56.1347,   416.1347]

----- common model:  c
P                5        1.5426      -0.0014       0.0014   (15-84 p)   [    0.3785,     6.6439]
K                6         1.168       -0.098        0.090   (15-84 p)   [   -9.9658,     3.3219]
sre_coso         7         -0.14        -0.12         0.17   (15-84 p)   [   -1.0000,     1.0000]
sre_sino         8         -0.02        -0.16         0.16   (15-84 p)   [   -1.0000,     1.0000]
mean_long        9         196.4         -6.5          6.5   (15-84 p)   [   15.3362,   375.3362]

----- common model:  activity
Prot            10         27.96        -0.54         0.52   (15-84 p)   [   20.0000,    35.0000]
Pdec            11          33.5         -2.6          5.3   (15-84 p)   [   30.0000,  1000.0000]
Oamp            12         -1.30        -0.12         0.11   (15-84 p)   [   -6.6439,     0.0000]

----- common model:  star_parameters

====================================================================================================
     Statistics on the model parameters obtained from the posteriors samples     
====================================================================================================

----- dataset:  RVdata
jitter_0                 1.279       -0.057        0.062    (15-84 p)
offset_0                  8.87        -0.44         0.51    (15-84 p)
offset_1                 11.20        -0.52         0.59    (15-84 p)
offset_2                 10.34        -0.44         0.52    (15-84 p)
offset_3                  9.84        -0.44         0.52    (15-84 p)


----- dataset: RVdata                    ----- model: gp_multidimensional           
rot_amp                    6.8         -1.4          1.6    (15-84 p)
con_amp                   0.90        -0.24         0.32    (15-84 p)

----- dataset:  BISdata
jitter_0                 1.898       -0.096         0.10    (15-84 p)
offset_0                -73.59        -0.29         0.32    (15-84 p)
offset_1                -43.54        -0.51         0.52    (15-84 p)
offset_2                -51.95        -0.30         0.33    (15-84 p)
offset_3                -59.54        -0.30         0.34    (15-84 p)


----- dataset: BISdata                   ----- model: gp_multidimensional           
rot_amp                    1.2         -1.0          1.1    (15-84 p)
con_amp                   0.39        -0.19         0.24    (15-84 p)

----- dataset:  FWHMdata
jitter_0                  0.32        -0.19         0.30    (15-84 p)
offset_0                6693.3         -2.4          2.2    (15-84 p)
offset_1                6940.3         -2.6          2.4    (15-84 p)
offset_2                6856.8         -2.4          2.2    (15-84 p)
offset_3                6895.9         -2.4          2.2    (15-84 p)


----- dataset: FWHMdata                  ----- model: gp_multidimensional           
rot_amp                    2.5         -3.2          3.3    (15-84 p)
con_amp                  -4.57         -1.3         0.95    (15-84 p)

----- common model:  b
P                       2.0509      -0.0085       0.0077    (15-84 p)
K                         0.50        -0.19         0.16    (15-84 p)
mean_long                  241          -35           38    (15-84 p)
e                        0.086       -0.060        0.089    (15-84 p)
omega                      142          -78          115    (15-84 p)

----- common model:  c
P                       2.9131      -0.0027       0.0028    (15-84 p)
K                         2.25        -0.15         0.14    (15-84 p)
mean_long                196.4         -6.5          6.5    (15-84 p)
e                        0.052       -0.037        0.048    (15-84 p)
omega                     -167          -63           67    (15-84 p)

----- common model:  activity
Prot                     27.96        -0.54         0.52    (15-84 p)
Pdec                      33.5         -2.6          5.3    (15-84 p)
Oamp                     0.407       -0.032        0.033    (15-84 p)

----- common model:  star_parameters

====================================================================================================
     Statistics on the derived parameters obtained from the posteriors samples     
====================================================================================================

----- common model:  b
Inclination fixed to 90 deg!
Computing planetary mass under the approximation M_planet << M_star (threshold at 30.0 Me)
a_Rs                     6.790       -0.019        0.017    (15-84 p)
M_Mj                   0.00311      -0.0012      0.00097    (15-84 p)
M_Me                      0.99        -0.38         0.31    (15-84 p)
Tc                    59335.90        -0.23         0.20    (15-84 p)
a_AU_(M)              0.031591    -0.000088     0.000079    (15-84 p)
a_AU_(rho,R)          0.031591    -0.000088     0.000079    (15-84 p)

----- common model:  c
Inclination fixed to 90 deg!
Computing planetary mass under the approximation M_planet << M_star (threshold at 30.0 Me)
a_Rs                    8.5800      -0.0054       0.0055    (15-84 p)
M_Mj                    0.0157      -0.0010       0.0010    (15-84 p)
M_Me                      5.01        -0.33         0.32    (15-84 p)
Tc                   59336.786       -0.060        0.062    (15-84 p)
a_AU_(M)              0.039919    -0.000025     0.000025    (15-84 p)
a_AU_(rho,R)          0.039918    -0.000025     0.000025    (15-84 p)


====================================================================================================
     ------------------------------------------------------------------------------------------     
====================================================================================================



****************************************************************************************************

 Parameters corresponding to the Maximum a Posteriori probability ( -2116.3340615661823 )

====================================================================================================
     Statistics on the posterior of the sampler parameters     
====================================================================================================

----- dataset:  RVdata
jitter_0        13      1.208516 [    0.0009,    13.3000]
offset_0        14      9.140546 [-9995.9140, 10015.5990]
offset_1        15     11.857444 [-9995.9140, 10015.5990]
offset_2        16     10.771688 [-9995.9140, 10015.5990]
offset_3        17     10.142884 [-9995.9140, 10015.5990]

----- dataset: RVdata                    ----- model: gp_multidimensional           
rot_amp         18      5.676193 [    0.0000,    10.0000]
con_amp         19      0.843493 [  -20.0000,    20.0000]

----- dataset:  BISdata
jitter_0        20      1.809588 [    0.0095,    95.0000]
offset_0        21    -73.449678 [-10078.4667,  9962.7167]
offset_1        22    -43.580999 [-10078.4667,  9962.7167]
offset_2        23    -52.023099 [-10078.4667,  9962.7167]
offset_3        24    -59.557684 [-10078.4667,  9962.7167]

----- dataset: BISdata                   ----- model: gp_multidimensional           
rot_amp         25      1.207957 [  -10.0000,    10.0000]
con_amp         26      0.258117 [  -20.0000,    20.0000]

----- dataset:  FWHMdata
jitter_0        27      0.176344 [    0.0500,   500.0000]
offset_0        28   6692.586453 [-3316.4638, 16948.3677]
offset_1        29   6940.052456 [-3316.4638, 16948.3677]
offset_2        30   6856.143579 [-3316.4638, 16948.3677]
offset_3        31   6895.013819 [-3316.4638, 16948.3677]

----- dataset: FWHMdata                  ----- model: gp_multidimensional           
rot_amp         32      6.479922 [  -10.0000,    10.0000]
con_amp         33     -3.298184 [  -20.0000,    20.0000]

----- common model:  b
P                0      1.033862 [    0.3785,     6.6439]
K                1     -0.631613 [   -9.9658,     3.3219]
sre_coso         2     -0.417527 [   -1.0000,     1.0000]
sre_sino         3      0.036962 [   -1.0000,     1.0000]
mean_long        4    236.983777 [   56.1347,   416.1347]

----- common model:  c
P                5      1.540962 [    0.3785,     6.6439]
K                6      1.279090 [   -9.9658,     3.3219]
sre_coso         7     -0.143106 [   -1.0000,     1.0000]
sre_sino         8     -0.167711 [   -1.0000,     1.0000]
mean_long        9    189.859230 [   15.3362,   375.3362]

----- common model:  activity
Prot            10     28.218299 [   20.0000,    35.0000]
Pdec            11     32.288489 [   30.0000,  1000.0000]
Oamp            12     -1.248348 [   -6.6439,     0.0000]

----- common model:  star_parameters

====================================================================================================
     Statistics on the model parameters obtained from the posteriors samples     
====================================================================================================

----- dataset:  RVdata
jitter_0              1.208516 
offset_0              9.140546 
offset_1             11.857444 
offset_2             10.771688 
offset_3             10.142884 


----- dataset: RVdata                    ----- model: gp_multidimensional           
rot_amp               5.676193 
con_amp               0.843493 

----- dataset:  BISdata
jitter_0              1.809588 
offset_0            -73.449678 
offset_1            -43.580999 
offset_2            -52.023099 
offset_3            -59.557684 


----- dataset: BISdata                   ----- model: gp_multidimensional           
rot_amp               1.207957 
con_amp               0.258117 

----- dataset:  FWHMdata
jitter_0              0.176344 
offset_0           6692.586453 
offset_1           6940.052456 
offset_2           6856.143579 
offset_3           6895.013819 


----- dataset: FWHMdata                  ----- model: gp_multidimensional           
rot_amp               6.479922 
con_amp              -3.298184 

----- common model:  b
P                     2.047498 
K                     0.645454 
mean_long           236.983777 
e                     0.175695 
omega               174.940969 

----- common model:  c
P                     2.909885 
K                     2.426859 
mean_long           189.859230 
e                     0.048606 
omega              -130.473877 

----- common model:  activity
Prot                 28.218299 
Pdec                 32.288489 
Oamp                  0.420930 

----- common model:  star_parameters

====================================================================================================
     Statistics on the derived parameters obtained from the posteriors samples     
====================================================================================================

----- common model:  b
Inclination fixed to 90 deg!
a_Rs                  6.782645 
M_Mj                  0.003969 
M_Me                  1.261776 
Tc                59336.023887 
a_AU_(M)              0.031556 
a_AU_(rho,R)          0.031556 

----- common model:  c
Inclination fixed to 90 deg!
a_Rs                  8.573665 
M_Mj                  0.017024 
M_Me                  5.411828 
Tc                59336.832955 
a_AU_(M)              0.039889 
a_AU_(rho,R)          0.039889 


====================================================================================================
     ------------------------------------------------------------------------------------------     
====================================================================================================



****************************************************************************************************

 Parameters corresponding to the sample closest to the median values ( -2124.069307237524 )

====================================================================================================
     Statistics on the posterior of the sampler parameters     
====================================================================================================

----- dataset:  RVdata
jitter_0        13      1.251578 [    0.0009,    13.3000]
offset_0        14      8.972571 [-9995.9140, 10015.5990]
offset_1        15     11.133781 [-9995.9140, 10015.5990]
offset_2        16     10.444801 [-9995.9140, 10015.5990]
offset_3        17      9.874183 [-9995.9140, 10015.5990]

----- dataset: RVdata                    ----- model: gp_multidimensional           
rot_amp         18      6.512871 [    0.0000,    10.0000]
con_amp         19      1.111844 [  -20.0000,    20.0000]

----- dataset:  BISdata
jitter_0        20      1.770717 [    0.0095,    95.0000]
offset_0        21    -73.643577 [-10078.4667,  9962.7167]
offset_1        22    -43.505882 [-10078.4667,  9962.7167]
offset_2        23    -52.074545 [-10078.4667,  9962.7167]
offset_3        24    -59.680244 [-10078.4667,  9962.7167]

----- dataset: BISdata                   ----- model: gp_multidimensional           
rot_amp         25      1.650439 [  -10.0000,    10.0000]
con_amp         26      0.379108 [  -20.0000,    20.0000]

----- dataset:  FWHMdata
jitter_0        27      0.343538 [    0.0500,   500.0000]
offset_0        28   6694.223904 [-3316.4638, 16948.3677]
offset_1        29   6938.921498 [-3316.4638, 16948.3677]
offset_2        30   6858.770333 [-3316.4638, 16948.3677]
offset_3        31   6896.302996 [-3316.4638, 16948.3677]

----- dataset: FWHMdata                  ----- model: gp_multidimensional           
rot_amp         32      2.462887 [  -10.0000,    10.0000]
con_amp         33     -4.611388 [  -20.0000,    20.0000]

----- common model:  b
P                0      1.035901 [    0.3785,     6.6439]
K                1     -1.246917 [   -9.9658,     3.3219]
sre_coso         2     -0.064569 [   -1.0000,     1.0000]
sre_sino         3      0.145769 [   -1.0000,     1.0000]
mean_long        4    235.237113 [   56.1347,   416.1347]

----- common model:  c
P                5      1.541391 [    0.3785,     6.6439]
K                6      1.161625 [   -9.9658,     3.3219]
sre_coso         7     -0.067354 [   -1.0000,     1.0000]
sre_sino         8      0.024122 [   -1.0000,     1.0000]
mean_long        9    193.434813 [   15.3362,   375.3362]

----- common model:  activity
Prot            10     28.293551 [   20.0000,    35.0000]
Pdec            11     35.312190 [   30.0000,  1000.0000]
Oamp            12     -1.314623 [   -6.6439,     0.0000]

----- common model:  star_parameters

====================================================================================================
     Statistics on the model parameters obtained from the posteriors samples     
====================================================================================================

----- dataset:  RVdata
jitter_0              1.251578 
offset_0              8.972571 
offset_1             11.133781 
offset_2             10.444801 
offset_3              9.874183 


----- dataset: RVdata                    ----- model: gp_multidimensional           
rot_amp               6.512871 
con_amp               1.111844 

----- dataset:  BISdata
jitter_0              1.770717 
offset_0            -73.643577 
offset_1            -43.505882 
offset_2            -52.074545 
offset_3            -59.680244 


----- dataset: BISdata                   ----- model: gp_multidimensional           
rot_amp               1.650439 
con_amp               0.379108 

----- dataset:  FWHMdata
jitter_0              0.343538 
offset_0           6694.223904 
offset_1           6938.921498 
offset_2           6858.770333 
offset_3           6896.302996 


----- dataset: FWHMdata                  ----- model: gp_multidimensional           
rot_amp               2.462887 
con_amp              -4.611388 

----- common model:  b
P                     2.050393 
K                     0.421348 
mean_long           235.237113 
e                     0.025418 
omega               113.890951 

----- common model:  c
P                     2.910751 
K                     2.237092 
mean_long           193.434813 
e                     0.005118 
omega               160.295695 

----- common model:  activity
Prot                 28.293551 
Pdec                 35.312190 
Oamp                  0.402030 

----- common model:  star_parameters

====================================================================================================
     Statistics on the derived parameters obtained from the posteriors samples     
====================================================================================================

----- common model:  b
Inclination fixed to 90 deg!
a_Rs                  6.789020 
M_Mj                  0.002632 
M_Me                  0.836814 
Tc                59335.929977 
a_AU_(M)              0.031586 
a_AU_(rho,R)          0.031586 

----- common model:  c
Inclination fixed to 90 deg!
a_Rs                  8.575358 
M_Mj                  0.015713 
M_Me                  4.994973 
Tc                59336.779080 
a_AU_(M)              0.039897 
a_AU_(rho,R)          0.039897 


====================================================================================================
     ------------------------------------------------------------------------------------------     
====================================================================================================



****************************************************************************************************

Inclination fixed to 90 deg!
Inclination fixed to 90 deg!
Note: stellar density derived from stellar mass and radius

Inclination fixed to 90 deg!
Inclination fixed to 90 deg!
Inclination fixed to 90 deg!
Inclination fixed to 90 deg!
 Plot FLAT chain 

****************************************************************************************************

 Skipping full correlation plot due to the high number of parameters
 To avoid this behaviour, set the keyword parameters:force_full_correlation_plot to True

****************************************************************************************************

 Plotting the chains... 

****************************************************************************************************

 Plotting the Gelman-Rubin traces... 

     Gelman-Rubin:    13     1.016008 RVdata_jitter_0 
     Gelman-Rubin:    14     1.019395 RVdata_offset_0 
     Gelman-Rubin:    15     1.017079 RVdata_offset_1 
     Gelman-Rubin:    16     1.021023 RVdata_offset_2 
     Gelman-Rubin:    17     1.018054 RVdata_offset_3 
     Gelman-Rubin:    18     1.013328 RVdata_gp_multidimensional_rot_amp 
     Gelman-Rubin:    19     1.024110 RVdata_gp_multidimensional_con_amp 
     Gelman-Rubin:    20     1.011319 BISdata_jitter_0 
     Gelman-Rubin:    21     1.015517 BISdata_offset_0 
     Gelman-Rubin:    22     1.013642 BISdata_offset_1 
     Gelman-Rubin:    23     1.014528 BISdata_offset_2 
     Gelman-Rubin:    24     1.014683 BISdata_offset_3 
     Gelman-Rubin:    25     1.013944 BISdata_gp_multidimensional_rot_amp 
     Gelman-Rubin:    26     1.017250 BISdata_gp_multidimensional_con_amp 
     Gelman-Rubin:    27     1.013358 FWHMdata_jitter_0 
     Gelman-Rubin:    28     1.018318 FWHMdata_offset_0 
     Gelman-Rubin:    29     1.016399 FWHMdata_offset_1 
     Gelman-Rubin:    30     1.017809 FWHMdata_offset_2 
     Gelman-Rubin:    31     1.018704 FWHMdata_offset_3 
     Gelman-Rubin:    32     1.013621 FWHMdata_gp_multidimensional_rot_amp 
     Gelman-Rubin:    33     1.014015 FWHMdata_gp_multidimensional_con_amp 
     Gelman-Rubin:     0     1.055305 b_P 
     Gelman-Rubin:     1     1.147018 b_K 
     Gelman-Rubin:     2     1.015203 b_sre_coso 
     Gelman-Rubin:     3     1.015311 b_sre_sino 
     Gelman-Rubin:     4     1.054491 b_mean_long 
     Gelman-Rubin:     5     1.013999 c_P 
     Gelman-Rubin:     6     1.018026 c_K 
     Gelman-Rubin:     7     1.011420 c_sre_coso 
     Gelman-Rubin:     8     1.013556 c_sre_sino 
     Gelman-Rubin:     9     1.014737 c_mean_long 
     Gelman-Rubin:    10     1.010651 activity_Prot 
     Gelman-Rubin:    11     1.018833 activity_Pdec 
     Gelman-Rubin:    12     1.010655 activity_Oamp 

****************************************************************************************************

Plotting the common models corner plots
     Common model:  b
     Common model:  c
     Common model:  activity
     Common model:  star_parameters

****************************************************************************************************

Plotting the dataset + models corner plots 

     Dataset:  RVdata     model:  gp_multidimensional  corner plot  starting 
     Dataset:  RVdata     model:  gp_multidimensional  corner plot  done 
     Dataset:  RVdata     model:  radial_velocities_b  corner plot  starting 
     Dataset:  RVdata     model:  radial_velocities_b  corner plot  done 
     Dataset:  RVdata     model:  radial_velocities_c  corner plot  starting 
     Dataset:  RVdata     model:  radial_velocities_c  corner plot  done 
     Dataset:  BISdata     model:  gp_multidimensional  corner plot  starting 
     Dataset:  BISdata     model:  gp_multidimensional  corner plot  done 
     Dataset:  FWHMdata     model:  gp_multidimensional  corner plot  starting 
     Dataset:  FWHMdata     model:  gp_multidimensional  corner plot  done 

****************************************************************************************************

 Saving the planet parameter samplings to files (with plots)

****************************************************************************************************

 Saving all the parameter samplings to files (with plots)

****************************************************************************************************

 Computing the models for plot/data writing 
     Splitting the plot array to allow GP prediction of extended datasets, it may take a while...
     # 58 chunks of 100 times each
     Check the documentation if the code is taking too long or if it crashes...
     Splitting the plot array to allow GP prediction of extended datasets, it may take a while...
     # 35 chunks of 100 times each
     Check the documentation if the code is taking too long or if it crashes...
     Splitting the plot array to allow GP prediction of extended datasets, it may take a while...
     # 35 chunks of 100 times each
     Check the documentation if the code is taking too long or if it crashes...
     Splitting the plot array to allow GP prediction of extended datasets, it may take a while...
     # 58 chunks of 100 times each
     Check the documentation if the code is taking too long or if it crashes...
     Splitting the plot array to allow GP prediction of extended datasets, it may take a while...
     # 35 chunks of 100 times each
     Check the documentation if the code is taking too long or if it crashes...
     Splitting the plot array to allow GP prediction of extended datasets, it may take a while...
     # 35 chunks of 100 times each
     Check the documentation if the code is taking too long or if it crashes...
     Splitting the plot array to allow GP prediction of extended datasets, it may take a while...
     # 58 chunks of 100 times each
     Check the documentation if the code is taking too long or if it crashes...
     Splitting the plot array to allow GP prediction of extended datasets, it may take a while...
     # 35 chunks of 100 times each
     Check the documentation if the code is taking too long or if it crashes...
     Splitting the plot array to allow GP prediction of extended datasets, it may take a while...
     # 35 chunks of 100 times each
     Check the documentation if the code is taking too long or if it crashes...
 Writing the plots 
 Writing the   data files 
 Writing the  MAP_ data files 
 Writing the  sampleMED_ data files 

****************************************************************************************************

