
:::---::: PyORBIT v11.0.1 :::---:::

Python version in use:
3.10.18 (main, Jun  5 2025, 13:14:17) [GCC 11.2.0]

reloaded_optimize:  False
reloaded_pyde:  False
reloaded_emcee:  False

number of multiprocessing threads: 16
multiprocessing method (should be fork):  fork

parameters/safe_reload flag (must be True for tinygp):  False

Opening:  RVdata

Adding common model of planet:  b
Adding common model of planet:  c
Adding common model of planet:  d
Using orbital model:  keplerian
Using orbital parametrization:  Eastman2013

Using orbital model:  keplerian
Using orbital parametrization:  Eastman2013

Using orbital model:  keplerian
Using orbital parametrization:  Eastman2013


====================================================================================================
     Ids, spaces (s), boundaries (b) and priors (p) of the sampler parameters     
====================================================================================================

----- dataset:  RVdata
jitter_0      id:  15  s:Linear      b:[      0.0009,      13.3000]   p:Uniform   []
offset_0      id:  16  s:Linear      b:[  -9997.8210,   10017.2110]   p:Uniform   []
offset_1      id:  17  s:Linear      b:[  -9997.8210,   10017.2110]   p:Uniform   []
offset_2      id:  18  s:Linear      b:[  -9997.8210,   10017.2110]   p:Uniform   []
offset_3      id:  19  s:Linear      b:[  -9997.8210,   10017.2110]   p:Uniform   []

----- common model:  b
P             id:   0  s:Log_Base2   b:[      0.3785,       6.6439]   p:Uniform   []
K             id:   1  s:Log_Base2   b:[     -9.9658,       3.3219]   p:Uniform   []
sre_coso      id:   2  s:Linear      b:[     -1.0000,       1.0000]   p:Uniform   []
sre_sino      id:   3  s:Linear      b:[     -1.0000,       1.0000]   p:Uniform   []
mean_long     id:   4  s:Linear      b:[      0.0000,     360.0000]   p:Uniform   []
e             derived (no id, space, bound)                           p:Gaussian   [0.    0.098]
omega         derived (no id, space, bound)                           p:Uniform   [0.0, 360.0]

----- common model:  c
P             id:   5  s:Log_Base2   b:[      0.3785,       6.6439]   p:Uniform   []
K             id:   6  s:Log_Base2   b:[     -9.9658,       3.3219]   p:Uniform   []
sre_coso      id:   7  s:Linear      b:[     -1.0000,       1.0000]   p:Uniform   []
sre_sino      id:   8  s:Linear      b:[     -1.0000,       1.0000]   p:Uniform   []
mean_long     id:   9  s:Linear      b:[      0.0000,     360.0000]   p:Uniform   []
e             derived (no id, space, bound)                           p:Gaussian   [0.    0.098]
omega         derived (no id, space, bound)                           p:Uniform   [0.0, 360.0]

----- common model:  d
P             id:  10  s:Log_Base2   b:[      0.3785,       6.6439]   p:Uniform   []
K             id:  11  s:Log_Base2   b:[     -9.9658,       3.3219]   p:Uniform   []
sre_coso      id:  12  s:Linear      b:[     -1.0000,       1.0000]   p:Uniform   []
sre_sino      id:  13  s:Linear      b:[     -1.0000,       1.0000]   p:Uniform   []
mean_long     id:  14  s:Linear      b:[      0.0000,     360.0000]   p:Uniform   []
e             derived (no id, space, bound)                           p:Gaussian   [0.    0.098]
omega         derived (no id, space, bound)                           p:Uniform   [0.0, 360.0]

----- common model:  star_parameters
mass          derived (no id, space, bound)                           p:Gaussian   [1.e+00 1.e-06]
radius        derived (no id, space, bound)                           p:Gaussian   [1.e+00 1.e-06]
density       derived (no id, space, bound)                           p:Gaussian   [1.e+00 1.e-06]

Include priors:  True

Reference Time Tref:  59334.700184

Dimensions =  20
Nwalkers =  80

Using threading pool for PyDE: True
PyDE running
Boundaries redefined after PyDE output
PyDE completed, it took          8.7 seconds

====================================================================================================
     Starting point of the sample/optimization routines    
====================================================================================================

----- dataset:  RVdata
jitter_0        15      1.371425 [    0.0009,    13.3000]
offset_0        16      7.781841 [-9997.8210, 10017.2110]
offset_1        17      9.656844 [-9997.8210, 10017.2110]
offset_2        18      9.276030 [-9997.8210, 10017.2110]
offset_3        19      9.022961 [-9997.8210, 10017.2110]

----- common model:  b
P                0      6.643749 [    0.3785,     6.6439]
K                1      2.236298 [   -9.9658,     3.3219]
sre_coso         2      0.312337 [   -1.0000,     1.0000]
sre_sino         3     -0.611911 [   -1.0000,     1.0000]
mean_long        4    326.510101 [  146.5101,   506.5101]

----- common model:  c
P                5      3.641218 [    0.3785,     6.6439]
K                6      0.318361 [   -9.9658,     3.3219]
sre_coso         7     -0.169013 [   -1.0000,     1.0000]
sre_sino         8      0.016194 [   -1.0000,     1.0000]
mean_long        9    118.211073 [  -61.7889,   298.2111]

----- common model:  d
P               10      5.323997 [    0.3785,     6.6439]
K               11      0.225645 [   -9.9658,     3.3219]
sre_coso        12      0.365106 [   -1.0000,     1.0000]
sre_sino        13      0.149773 [   -1.0000,     1.0000]
mean_long       14     71.620513 [ -108.3795,   251.6205]

----- common model:  star_parameters

====================================================================================================
     Starting point projected onto the model parameter space     
====================================================================================================

----- dataset:  RVdata
jitter_0              1.371425 
offset_0              7.781841 
offset_1              9.656844 
offset_2              9.276030 
offset_3              9.022961 


----- common model:  b
P                    99.992566 
K                     4.711865 
mean_long           326.510101 
e                     0.471989 
omega               -62.958931 

----- common model:  c
P                    12.477164 
K                     1.246913 
mean_long           118.211073 
e                     0.028828 
omega               174.526826 

----- common model:  d
P                    40.057396 
K                     1.169300 
mean_long            71.620513 
e                     0.155734 
omega                22.304398 

----- common model:  star_parameters

====================================================================================================
     Derived parameters obtained from starting point     
====================================================================================================

----- common model:  b
Inclination fixed to 90 deg!
a_Rs                 90.620706 
M_Mj                  0.094852 
M_Me                 30.153035 
Tc                59359.165333 
a_AU_(M)              0.421625 
a_AU_(rho,R)          0.421611 

----- common model:  c
Inclination fixed to 90 deg!
a_Rs                 22.628690 
M_Mj                  0.014221 
M_Me                  4.520788 
Tc                59346.313306 
a_AU_(M)              0.105280 
a_AU_(rho,R)          0.105280 

----- common model:  d
Inclination fixed to 90 deg!
a_Rs                 49.246016 
M_Mj                  0.019441 
M_Me                  6.180307 
Tc                59334.992507 
a_AU_(M)              0.229118 
a_AU_(rho,R)          0.229116 


====================================================================================================
     Statistics on the log-likelihood     
====================================================================================================

 LN probability:  -589.977872 

====================================================================================================
     ------------------------------------------------------------------------------------------     
====================================================================================================



*************************************************************

Running emcee

emcee version:  3.1.6
Using threading pool for emcee: True


Computing the autocorrelation time of the chains

The chains are more than 50 times longer than the ACF, the estimate can be trusted

Reference thinning used in the analysis: 100
Maximum value of the integrated ACF: 5
Step length used in the analysis: 5*nthin = 500

Convergence criteria: less than 1% variation in ACF after 50 times the integrated ACF
At least 50*ACF after convergence, 100*ACF would be ideal
Negative values: not converged yet

   sampler parameter              |    ACF   | ACF*nthin | converged at | nsteps/ACF | to 100*ACF
                                  |          |           |              |            | 
   RVdata_jitter_0                |    4.31  |      431  |    24500     |      59    |   17608 
   RVdata_offset_0                |    4.38  |      438  |    24500     |      58    |   18333 
   RVdata_offset_1                |    4.15  |      415  |    24500     |      62    |   15954 
   RVdata_offset_2                |    4.54  |      454  |    25000     |      55    |   20421 
   RVdata_offset_3                |    4.44  |      444  |    25000     |      56    |   19366 
   b_P                            |    5.32  |      532  |    30000     |      38    |   33219 
   b_K                            |    4.73  |      473  |    27500     |      48    |   24778 
   b_sre_coso                     |    4.98  |      498  |    27500     |      45    |   27257 
   b_sre_sino                     |    4.22  |      422  |    24000     |      62    |   16232 
   b_mean_long                    |    4.88  |      488  |    26500     |      48    |   25305 
   c_P                            |    4.67  |      467  |    26000     |      51    |   22708 
   c_K                            |    4.46  |      446  |    25500     |      55    |   20084 
   c_sre_coso                     |    4.58  |      458  |    25500     |      54    |   21264 
   c_sre_sino                     |    4.43  |      443  |    25000     |      56    |   19278 
   c_mean_long                    |    4.58  |      458  |    27000     |      50    |   22811 
   d_P                            |    4.82  |      482  |    28000     |      46    |   26241 
   d_K                            |    4.71  |      471  |    27000     |      49    |   24100 
   d_sre_coso                     |    5.05  |      505  |    28000     |      44    |   28467 
   d_sre_sino                     |    4.74  |      474  |    27000     |      48    |   24435 
   d_mean_long                    |    4.54  |      454  |    25500     |      54    |   20910 

All the chains have converged, but PyORBIT should keep running for about:
2206 more steps to reach 50*ACF,
22439 more steps to reach 100*ACF
Suggested value for burnin: 26175

Check the documentation for the correct interpretation of these results:
https://pyorbit.readthedocs.io/running_pyorbit/terminal_output/#autocorrelation-analysis

====================================================================================================
     Statistics on the posterior of the sampler parameters     
====================================================================================================

----- dataset:  RVdata
jitter_0        15         1.417       -0.061        0.068   (15-84 p)   [    0.0009,    13.3000]
offset_0        16          7.68        -0.17         0.17   (15-84 p)   [-9997.8210, 10017.2110]
offset_1        17          9.54        -0.33         0.32   (15-84 p)   [-9997.8210, 10017.2110]
offset_2        18          9.17        -0.18         0.18   (15-84 p)   [-9997.8210, 10017.2110]
offset_3        19          8.94        -0.18         0.18   (15-84 p)   [-9997.8210, 10017.2110]

----- common model:  b
P                0         6.627       -0.022        0.012   (15-84 p)   [    0.3785,     6.6439]
K                1          2.21        -0.10         0.11   (15-84 p)   [   -9.9658,     3.3219]
sre_coso         2         0.344       -0.070        0.062   (15-84 p)   [   -1.0000,     1.0000]
sre_sino         3        -0.607       -0.036        0.039   (15-84 p)   [   -1.0000,     1.0000]
mean_long        4         323.8         -4.0          3.5   (15-84 p)   [  146.5101,   506.5101]

----- common model:  c
P                5         3.640       -0.016        0.017   (15-84 p)   [    0.3785,     6.6439]
K                6          0.29        -0.18         0.16   (15-84 p)   [   -9.9658,     3.3219]
sre_coso         7         -0.06        -0.19         0.20   (15-84 p)   [   -1.0000,     1.0000]
sre_sino         8         -0.01        -0.17         0.18   (15-84 p)   [   -1.0000,     1.0000]
mean_long        9           115          -18           17   (15-84 p)   [  -61.7889,   298.2111]

----- common model:  d
P               10         5.319       -0.067        0.074   (15-84 p)   [    0.3785,     6.6439]
K               11          0.10        -0.28         0.24   (15-84 p)   [   -9.9658,     3.3219]
sre_coso        12          0.20        -0.25         0.19   (15-84 p)   [   -1.0000,     1.0000]
sre_sino        13          0.10        -0.21         0.18   (15-84 p)   [   -1.0000,     1.0000]
mean_long       14            73          -20           20   (15-84 p)   [ -108.3795,   251.6205]

----- common model:  star_parameters

====================================================================================================
     Statistics on the model parameters obtained from the posteriors samples     
====================================================================================================

----- dataset:  RVdata
jitter_0                 1.417       -0.061        0.068    (15-84 p)
offset_0                  7.68        -0.17         0.17    (15-84 p)
offset_1                  9.54        -0.33         0.32    (15-84 p)
offset_2                  9.17        -0.18         0.18    (15-84 p)
offset_3                  8.94        -0.18         0.18    (15-84 p)


----- common model:  b
P                        98.84         -1.5         0.86    (15-84 p)
K                         4.63        -0.32         0.37    (15-84 p)
mean_long                323.8         -4.0          3.5    (15-84 p)
e                        0.489       -0.060        0.058    (15-84 p)
omega                    -60.6         -5.4          4.9    (15-84 p)

----- common model:  c
P                        12.46        -0.14         0.15    (15-84 p)
K                         1.22        -0.14         0.14    (15-84 p)
mean_long                  115          -18           17    (15-84 p)
e                        0.052       -0.037        0.058    (15-84 p)
omega                       -6         -136          143    (15-84 p)

----- common model:  d
P                         39.9         -1.8          2.1    (15-84 p)
K                         1.08        -0.19         0.19    (15-84 p)
mean_long                   73          -20           20    (15-84 p)
e                        0.108       -0.074        0.094    (15-84 p)
omega                       24          -54           62    (15-84 p)

----- common model:  star_parameters

====================================================================================================
     Statistics on the derived parameters obtained from the posteriors samples     
====================================================================================================

----- common model:  b
Inclination fixed to 90 deg!
Computing planetary mass under the approximation M_planet << M_star (threshold at 30.0 Me)
a_Rs                     89.93        -0.92         0.52    (15-84 p)
M_Mj                    0.0916      -0.0043       0.0046    (15-84 p)
M_Me                      29.1         -1.4          1.5    (15-84 p)
Tc                     59358.4         -3.3          3.3    (15-84 p)
a_AU_(M)                0.4184      -0.0043       0.0024    (15-84 p)
a_AU_(rho,R)            0.4184      -0.0043       0.0024    (15-84 p)

----- common model:  c
Inclination fixed to 90 deg!
Computing planetary mass under the approximation M_planet << M_star (threshold at 30.0 Me)
a_Rs                     22.61        -0.17         0.18    (15-84 p)
M_Mj                    0.0139      -0.0016       0.0016    (15-84 p)
M_Me                      4.42        -0.52         0.51    (15-84 p)
Tc                    59346.24        -0.70         0.46    (15-84 p)
a_AU_(M)               0.10520     -0.00080      0.00082    (15-84 p)
a_AU_(rho,R)           0.10520     -0.00080      0.00082    (15-84 p)

----- common model:  d
Inclination fixed to 90 deg!
Computing planetary mass under the approximation M_planet << M_star (threshold at 30.0 Me)
a_Rs                      49.1         -1.5          1.7    (15-84 p)
M_Mj                    0.0179      -0.0031       0.0032    (15-84 p)
M_Me                      5.69        -0.99          1.0    (15-84 p)
Tc                     59338.1         -2.3           37    (15-84 p)
a_AU_(M)                0.2286      -0.0070       0.0079    (15-84 p)
a_AU_(rho,R)            0.2286      -0.0070       0.0079    (15-84 p)


====================================================================================================
     ------------------------------------------------------------------------------------------     
====================================================================================================



emcee completed


:::---::: PyORBIT v11.0.1 :::---:::

Python version in use:
3.10.18 (main, Jun  5 2025, 13:14:17) [GCC 11.2.0]
LaTeX disabled by default

Using orbital model:  keplerian
Using orbital parametrization:  Eastman2013

Using orbital model:  keplerian
Using orbital parametrization:  Eastman2013

Using orbital model:  keplerian
Using orbital parametrization:  Eastman2013


### PyORBIT version used in the analysis:  11.0.1

 emcee version:  3.1.6

 Reference Time Tref: 59334.700184

 Data points:278
 Dimensions: 20
 Nwalkers:   80
 Steps:      50000


Number of samplings: 24000

Recomputing ln-prior, it may take a while...

ln-probability   distribution:   -599.64       -3.43      2.82 (15-84 p) 
ln-prior         distribution:   -107.73       -3.46      3.05 (15-84 p) 
ln-likelihood    distribution:   -491.76       -4.63      4.09 (15-84 p) 


*** Information criteria using the likelihood distribution

 BIC from distribution  (using likelihood)  =   1096.07     -8.18    9.27 (15-84 p)
 AIC from distribution  (using likelihood)  =   1023.52     -8.18    9.27 (15-84 p)
 AICc from distribution (using likelihood)  =   1026.79     -8.18    9.27 (15-84 p)


*** Information criteria using the median parameter set

 ln_probability of Median solution =   -591.69
 ln_priors of Median solution      =   -106.46
 ln_likelihood of Median solution  =   -485.23

 Median BIC  (using likelihood) =   1083.01
 Median AIC  (using likelihood) =   1010.45
 Median AICc (using likelihood) =   1013.72


*** Information criteria using the MAP parameter set

 ln_probability of MAP solution =   -591.98
 ln_priors of MAP solution      =   -110.83
 ln_likelihood of MAP solution  =   -481.15

 MAP BIC  (using likelihood)    =   1074.86
 MAP AIC  (using likelihood)    =   1002.30
 MAP AICc (using likelihood)    =   1005.57

 AICc suggested over AIC because NDATA ( 278 ) < 40 * NDIM ( 20 )

****************************************************************************************************


Computing the autocorrelation time of the chains

The chains are more than 50 times longer than the ACF, the estimate can be trusted

Reference thinning used in the analysis: 100
Maximum value of the integrated ACF: 5
Step length used in the analysis: 5*nthin = 500

Convergence criteria: less than 1% variation in ACF after 50 times the integrated ACF
At least 50*ACF after convergence, 100*ACF would be ideal
Negative values: not converged yet

   sampler parameter              |    ACF   | ACF*nthin | converged at | nsteps/ACF | to 100*ACF
                                  |          |           |              |            | 
   RVdata_jitter_0                |    4.31  |      431  |    24500     |      59    |   17608 
   RVdata_offset_0                |    4.38  |      438  |    24500     |      58    |   18333 
   RVdata_offset_1                |    4.15  |      415  |    24500     |      62    |   15954 
   RVdata_offset_2                |    4.54  |      454  |    25000     |      55    |   20421 
   RVdata_offset_3                |    4.44  |      444  |    25000     |      56    |   19366 
   b_P                            |    5.32  |      532  |    30000     |      38    |   33219 
   b_K                            |    4.73  |      473  |    27500     |      48    |   24778 
   b_sre_coso                     |    4.98  |      498  |    27500     |      45    |   27257 
   b_sre_sino                     |    4.22  |      422  |    24000     |      62    |   16232 
   b_mean_long                    |    4.88  |      488  |    26500     |      48    |   25305 
   c_P                            |    4.67  |      467  |    26000     |      51    |   22708 
   c_K                            |    4.46  |      446  |    25500     |      55    |   20084 
   c_sre_coso                     |    4.58  |      458  |    25500     |      54    |   21264 
   c_sre_sino                     |    4.43  |      443  |    25000     |      56    |   19278 
   c_mean_long                    |    4.58  |      458  |    27000     |      50    |   22811 
   d_P                            |    4.82  |      482  |    28000     |      46    |   26241 
   d_K                            |    4.71  |      471  |    27000     |      49    |   24100 
   d_sre_coso                     |    5.05  |      505  |    28000     |      44    |   28467 
   d_sre_sino                     |    4.74  |      474  |    27000     |      48    |   24435 
   d_mean_long                    |    4.54  |      454  |    25500     |      54    |   20910 

All the chains have converged, but PyORBIT should keep running for about:
2206 more steps to reach 50*ACF,
22439 more steps to reach 100*ACF
Suggested value for burnin: 26175

Check the documentation for the correct interpretation of these results:
https://pyorbit.readthedocs.io/running_pyorbit/terminal_output/#autocorrelation-analysis

 Plotting the ACF... 


====================================================================================================
     Ids, spaces (s), boundaries (b) and priors (p) of the sampler parameters     
====================================================================================================

----- dataset:  RVdata
jitter_0      id:  15  s:Linear      b:[      0.0009,      13.3000]   p:Uniform   []
offset_0      id:  16  s:Linear      b:[  -9997.8210,   10017.2110]   p:Uniform   []
offset_1      id:  17  s:Linear      b:[  -9997.8210,   10017.2110]   p:Uniform   []
offset_2      id:  18  s:Linear      b:[  -9997.8210,   10017.2110]   p:Uniform   []
offset_3      id:  19  s:Linear      b:[  -9997.8210,   10017.2110]   p:Uniform   []

----- common model:  b
P             id:   0  s:Log_Base2   b:[      0.3785,       6.6439]   p:Uniform   []
K             id:   1  s:Log_Base2   b:[     -9.9658,       3.3219]   p:Uniform   []
sre_coso      id:   2  s:Linear      b:[     -1.0000,       1.0000]   p:Uniform   []
sre_sino      id:   3  s:Linear      b:[     -1.0000,       1.0000]   p:Uniform   []
mean_long     id:   4  s:Linear      b:[    146.5101,     506.5101]   p:Uniform   []
e             derived (no id, space, bound)                           p:Gaussian   [0.    0.098]
omega         derived (no id, space, bound)                           p:Uniform   [0.0, 360.0]

----- common model:  c
P             id:   5  s:Log_Base2   b:[      0.3785,       6.6439]   p:Uniform   []
K             id:   6  s:Log_Base2   b:[     -9.9658,       3.3219]   p:Uniform   []
sre_coso      id:   7  s:Linear      b:[     -1.0000,       1.0000]   p:Uniform   []
sre_sino      id:   8  s:Linear      b:[     -1.0000,       1.0000]   p:Uniform   []
mean_long     id:   9  s:Linear      b:[    -61.7889,     298.2111]   p:Uniform   []
e             derived (no id, space, bound)                           p:Gaussian   [0.    0.098]
omega         derived (no id, space, bound)                           p:Uniform   [0.0, 360.0]

----- common model:  d
P             id:  10  s:Log_Base2   b:[      0.3785,       6.6439]   p:Uniform   []
K             id:  11  s:Log_Base2   b:[     -9.9658,       3.3219]   p:Uniform   []
sre_coso      id:  12  s:Linear      b:[     -1.0000,       1.0000]   p:Uniform   []
sre_sino      id:  13  s:Linear      b:[     -1.0000,       1.0000]   p:Uniform   []
mean_long     id:  14  s:Linear      b:[   -108.3795,     251.6205]   p:Uniform   []
e             derived (no id, space, bound)                           p:Gaussian   [0.    0.098]
omega         derived (no id, space, bound)                           p:Uniform   [0.0, 360.0]

----- common model:  star_parameters
mass          derived (no id, space, bound)                           p:Gaussian   [1.e+00 1.e-06]
radius        derived (no id, space, bound)                           p:Gaussian   [1.e+00 1.e-06]
density       derived (no id, space, bound)                           p:Gaussian   [1.e+00 1.e-06]


****************************************************************************************************
****************************************************************************************************

 Confidence intervals (median value, 34.135th percentile from the median on the left and right side)

====================================================================================================
     Statistics on the posterior of the sampler parameters     
====================================================================================================

----- dataset:  RVdata
jitter_0        15         1.417       -0.061        0.068   (15-84 p)   [    0.0009,    13.3000]
offset_0        16          7.68        -0.17         0.17   (15-84 p)   [-9997.8210, 10017.2110]
offset_1        17          9.54        -0.33         0.32   (15-84 p)   [-9997.8210, 10017.2110]
offset_2        18          9.17        -0.18         0.18   (15-84 p)   [-9997.8210, 10017.2110]
offset_3        19          8.94        -0.18         0.18   (15-84 p)   [-9997.8210, 10017.2110]

----- common model:  b
P                0         6.627       -0.022        0.012   (15-84 p)   [    0.3785,     6.6439]
K                1          2.21        -0.10         0.11   (15-84 p)   [   -9.9658,     3.3219]
sre_coso         2         0.344       -0.070        0.062   (15-84 p)   [   -1.0000,     1.0000]
sre_sino         3        -0.607       -0.036        0.039   (15-84 p)   [   -1.0000,     1.0000]
mean_long        4         323.8         -4.0          3.5   (15-84 p)   [  146.5101,   506.5101]

----- common model:  c
P                5         3.640       -0.016        0.017   (15-84 p)   [    0.3785,     6.6439]
K                6          0.29        -0.18         0.16   (15-84 p)   [   -9.9658,     3.3219]
sre_coso         7         -0.06        -0.19         0.20   (15-84 p)   [   -1.0000,     1.0000]
sre_sino         8         -0.01        -0.17         0.18   (15-84 p)   [   -1.0000,     1.0000]
mean_long        9           115          -18           17   (15-84 p)   [  -61.7889,   298.2111]

----- common model:  d
P               10         5.319       -0.067        0.074   (15-84 p)   [    0.3785,     6.6439]
K               11          0.10        -0.28         0.24   (15-84 p)   [   -9.9658,     3.3219]
sre_coso        12          0.20        -0.25         0.19   (15-84 p)   [   -1.0000,     1.0000]
sre_sino        13          0.10        -0.21         0.18   (15-84 p)   [   -1.0000,     1.0000]
mean_long       14            73          -20           20   (15-84 p)   [ -108.3795,   251.6205]

----- common model:  star_parameters

====================================================================================================
     Statistics on the model parameters obtained from the posteriors samples     
====================================================================================================

----- dataset:  RVdata
jitter_0                 1.417       -0.061        0.068    (15-84 p)
offset_0                  7.68        -0.17         0.17    (15-84 p)
offset_1                  9.54        -0.33         0.32    (15-84 p)
offset_2                  9.17        -0.18         0.18    (15-84 p)
offset_3                  8.94        -0.18         0.18    (15-84 p)


----- common model:  b
P                        98.84         -1.5         0.86    (15-84 p)
K                         4.63        -0.32         0.37    (15-84 p)
mean_long                323.8         -4.0          3.5    (15-84 p)
e                        0.489       -0.060        0.058    (15-84 p)
omega                    -60.6         -5.4          4.9    (15-84 p)

----- common model:  c
P                        12.46        -0.14         0.15    (15-84 p)
K                         1.22        -0.14         0.14    (15-84 p)
mean_long                  115          -18           17    (15-84 p)
e                        0.052       -0.037        0.058    (15-84 p)
omega                      181         -113          100    (15-84 p)

----- common model:  d
P                         39.9         -1.8          2.1    (15-84 p)
K                         1.08        -0.19         0.19    (15-84 p)
mean_long                   73          -20           20    (15-84 p)
e                        0.108       -0.074        0.094    (15-84 p)
omega                       26          -52           64    (15-84 p)

----- common model:  star_parameters

====================================================================================================
     Statistics on the derived parameters obtained from the posteriors samples     
====================================================================================================

----- common model:  b
Inclination fixed to 90 deg!
Computing planetary mass under the approximation M_planet << M_star (threshold at 30.0 Me)
a_Rs                     89.93        -0.92         0.52    (15-84 p)
M_Mj                    0.0916      -0.0043       0.0046    (15-84 p)
M_Me                      29.1         -1.4          1.5    (15-84 p)
Tc                     59358.4         -3.3          3.3    (15-84 p)
a_AU_(M)                0.4184      -0.0043       0.0024    (15-84 p)
a_AU_(rho,R)            0.4184      -0.0043       0.0024    (15-84 p)

----- common model:  c
Inclination fixed to 90 deg!
Computing planetary mass under the approximation M_planet << M_star (threshold at 30.0 Me)
a_Rs                     22.61        -0.17         0.18    (15-84 p)
M_Mj                    0.0139      -0.0016       0.0016    (15-84 p)
M_Me                      4.42        -0.52         0.51    (15-84 p)
Tc                    59346.24        -0.70         0.46    (15-84 p)
a_AU_(M)               0.10520     -0.00080      0.00082    (15-84 p)
a_AU_(rho,R)           0.10520     -0.00080      0.00082    (15-84 p)

----- common model:  d
Inclination fixed to 90 deg!
Computing planetary mass under the approximation M_planet << M_star (threshold at 30.0 Me)
a_Rs                      49.1         -1.5          1.7    (15-84 p)
M_Mj                    0.0179      -0.0031       0.0032    (15-84 p)
M_Me                      5.69        -0.99          1.0    (15-84 p)
Tc                     59338.1         -2.3           37    (15-84 p)
a_AU_(M)                0.2286      -0.0070       0.0079    (15-84 p)
a_AU_(rho,R)            0.2286      -0.0070       0.0079    (15-84 p)


====================================================================================================
     ------------------------------------------------------------------------------------------     
====================================================================================================



****************************************************************************************************

 Parameters corresponding to the Maximum a Posteriori probability ( -591.976895467009 )

====================================================================================================
     Statistics on the posterior of the sampler parameters     
====================================================================================================

----- dataset:  RVdata
jitter_0        15      1.409798 [    0.0009,    13.3000]
offset_0        16      7.734950 [-9997.8210, 10017.2110]
offset_1        17      9.351868 [-9997.8210, 10017.2110]
offset_2        18      9.322899 [-9997.8210, 10017.2110]
offset_3        19      9.030231 [-9997.8210, 10017.2110]

----- common model:  b
P                0      6.617809 [    0.3785,     6.6439]
K                1      2.327517 [   -9.9658,     3.3219]
sre_coso         2      0.362358 [   -1.0000,     1.0000]
sre_sino         3     -0.636714 [   -1.0000,     1.0000]
mean_long        4    324.399546 [  146.5101,   506.5101]

----- common model:  c
P                5      3.639849 [    0.3785,     6.6439]
K                6      0.321286 [   -9.9658,     3.3219]
sre_coso         7     -0.228974 [   -1.0000,     1.0000]
sre_sino         8      0.013571 [   -1.0000,     1.0000]
mean_long        9    116.198059 [  -61.7889,   298.2111]

----- common model:  d
P               10      5.396875 [    0.3785,     6.6439]
K               11      0.286987 [   -9.9658,     3.3219]
sre_coso        12      0.412395 [   -1.0000,     1.0000]
sre_sino        13      0.100818 [   -1.0000,     1.0000]
mean_long       14     94.336813 [ -108.3795,   251.6205]

----- common model:  star_parameters

====================================================================================================
     Statistics on the model parameters obtained from the posteriors samples     
====================================================================================================

----- dataset:  RVdata
jitter_0              1.409798 
offset_0              7.734950 
offset_1              9.351868 
offset_2              9.322899 
offset_3              9.030231 


----- common model:  b
P                    98.210761 
K                     5.019408 
mean_long           324.399546 
e                     0.536707 
omega               -60.355517 

----- common model:  c
P                    12.465328 
K                     1.249444 
mean_long           116.198059 
e                     0.052613 
omega               176.608098 

----- common model:  d
P                    42.132900 
K                     1.220090 
mean_long            94.336813 
e                     0.180234 
omega                13.737694 

----- common model:  star_parameters

====================================================================================================
     Statistics on the derived parameters obtained from the posteriors samples     
====================================================================================================

----- common model:  b
Inclination fixed to 90 deg!
a_Rs                 89.541077 
M_Mj                  0.096129 
M_Me                 30.558900 
Tc                59356.450501 
a_AU_(M)              0.416601 
a_AU_(rho,R)          0.416587 

----- common model:  c
Inclination fixed to 90 deg!
a_Rs                 22.614386 
M_Mj                  0.014232 
M_Me                  4.524136 
Tc                59346.466194 
a_AU_(M)              0.105214 
a_AU_(rho,R)          0.105213 

----- common model:  d
Inclination fixed to 90 deg!
a_Rs                 50.932777 
M_Mj                  0.020543 
M_Me                  6.530543 
Tc                59374.062300 
a_AU_(M)              0.236965 
a_AU_(rho,R)          0.236963 


====================================================================================================
     ------------------------------------------------------------------------------------------     
====================================================================================================



****************************************************************************************************

 Parameters corresponding to the sample closest to the median values ( -592.7201193839703 )

====================================================================================================
     Statistics on the posterior of the sampler parameters     
====================================================================================================

----- dataset:  RVdata
jitter_0        15      1.461403 [    0.0009,    13.3000]
offset_0        16      7.663054 [-9997.8210, 10017.2110]
offset_1        17      9.710573 [-9997.8210, 10017.2110]
offset_2        18      9.246086 [-9997.8210, 10017.2110]
offset_3        19      9.014359 [-9997.8210, 10017.2110]

----- common model:  b
P                0      6.623459 [    0.3785,     6.6439]
K                1      2.186378 [   -9.9658,     3.3219]
sre_coso         2      0.325450 [   -1.0000,     1.0000]
sre_sino         3     -0.617992 [   -1.0000,     1.0000]
mean_long        4    322.892363 [  146.5101,   506.5101]

----- common model:  c
P                5      3.637594 [    0.3785,     6.6439]
K                6      0.374960 [   -9.9658,     3.3219]
sre_coso         7      0.006536 [   -1.0000,     1.0000]
sre_sino         8     -0.082615 [   -1.0000,     1.0000]
mean_long        9    114.455591 [  -61.7889,   298.2111]

----- common model:  d
P               10      5.311860 [    0.3785,     6.6439]
K               11      0.081226 [   -9.9658,     3.3219]
sre_coso        12      0.196986 [   -1.0000,     1.0000]
sre_sino        13      0.221984 [   -1.0000,     1.0000]
mean_long       14     67.588157 [ -108.3795,   251.6205]

----- common model:  star_parameters

====================================================================================================
     Statistics on the model parameters obtained from the posteriors samples     
====================================================================================================

----- dataset:  RVdata
jitter_0              1.461403 
offset_0              7.663054 
offset_1              9.710573 
offset_2              9.246086 
offset_3              9.014359 


----- common model:  b
P                    98.596150 
K                     4.551612 
mean_long           322.892363 
e                     0.487831 
omega               -62.227575 

----- common model:  c
P                    12.445863 
K                     1.296804 
mean_long           114.455591 
e                     0.006868 
omega               -85.476651 

----- common model:  d
P                    39.721833 
K                     1.057917 
mean_long            67.588157 
e                     0.088080 
omega                48.414541 

----- common model:  star_parameters

====================================================================================================
     Statistics on the derived parameters obtained from the posteriors samples     
====================================================================================================

----- common model:  b
Inclination fixed to 90 deg!
a_Rs                 89.775144 
M_Mj                  0.090301 
M_Me                 28.706222 
Tc                59359.124562 
a_AU_(M)              0.417689 
a_AU_(rho,R)          0.417676 

----- common model:  c
Inclination fixed to 90 deg!
a_Rs                 22.590872 
M_Mj                  0.014783 
M_Me                  4.699575 
Tc                59346.298415 
a_AU_(M)              0.105104 
a_AU_(rho,R)          0.105103 

----- common model:  d
Inclination fixed to 90 deg!
a_Rs                 48.970751 
M_Mj                  0.017688 
M_Me                  5.622865 
Tc                59336.469286 
a_AU_(M)              0.227836 
a_AU_(rho,R)          0.227835 


====================================================================================================
     ------------------------------------------------------------------------------------------     
====================================================================================================



****************************************************************************************************

Inclination fixed to 90 deg!
Inclination fixed to 90 deg!
Inclination fixed to 90 deg!
Note: stellar density derived from stellar mass and radius

Inclination fixed to 90 deg!
Inclination fixed to 90 deg!
Inclination fixed to 90 deg!
Inclination fixed to 90 deg!
Inclination fixed to 90 deg!
Inclination fixed to 90 deg!
 Plot FLAT chain 

****************************************************************************************************

Plotting full_correlation plot with pygtc

****************************************************************************************************

 Plotting the chains... 

****************************************************************************************************

 Plotting the Gelman-Rubin traces... 

     Gelman-Rubin:    15     1.003531 RVdata_jitter_0 
     Gelman-Rubin:    16     1.002490 RVdata_offset_0 
     Gelman-Rubin:    17     1.003689 RVdata_offset_1 
     Gelman-Rubin:    18     1.004031 RVdata_offset_2 
     Gelman-Rubin:    19     1.002712 RVdata_offset_3 
     Gelman-Rubin:     0     1.002789 b_P 
     Gelman-Rubin:     1     1.005039 b_K 
     Gelman-Rubin:     2     1.005881 b_sre_coso 
     Gelman-Rubin:     3     1.004274 b_sre_sino 
     Gelman-Rubin:     4     1.004484 b_mean_long 
     Gelman-Rubin:     5     1.003399 c_P 
     Gelman-Rubin:     6     1.004598 c_K 
     Gelman-Rubin:     7     1.003094 c_sre_coso 
     Gelman-Rubin:     8     1.002369 c_sre_sino 
     Gelman-Rubin:     9     1.003134 c_mean_long 
     Gelman-Rubin:    10     1.004656 d_P 
     Gelman-Rubin:    11     1.004279 d_K 
     Gelman-Rubin:    12     1.004317 d_sre_coso 
     Gelman-Rubin:    13     1.003875 d_sre_sino 
     Gelman-Rubin:    14     1.004201 d_mean_long 

****************************************************************************************************

Plotting the common models corner plots
     Common model:  b
     Common model:  c
     Common model:  d
     Common model:  star_parameters

****************************************************************************************************

Plotting the dataset + models corner plots 

     Dataset:  RVdata     model:  radial_velocities_b  corner plot  starting 
     Dataset:  RVdata     model:  radial_velocities_b  corner plot  done 
     Dataset:  RVdata     model:  radial_velocities_c  corner plot  starting 
     Dataset:  RVdata     model:  radial_velocities_c  corner plot  done 
     Dataset:  RVdata     model:  radial_velocities_d  corner plot  starting 
     Dataset:  RVdata     model:  radial_velocities_d  corner plot  done 

****************************************************************************************************

 Saving the planet parameter samplings to files (with plots)

****************************************************************************************************

 Saving all the parameter samplings to files (with plots)

****************************************************************************************************

 Computing the models for plot/data writing 
 Writing the plots 
 Writing the   data files 
 Writing the  MAP_ data files 
 Writing the  sampleMED_ data files 

****************************************************************************************************

