
:::---::: PyORBIT v11.0.1 :::---:::

Python version in use:
3.10.18 (main, Jun  5 2025, 13:14:17) [GCC 11.2.0]

reloaded_optimize:  False
reloaded_pyde:  False
reloaded_emcee:  False

number of multiprocessing threads: 16
multiprocessing method (should be fork):  fork

parameters/safe_reload flag (must be True for tinygp):  False

Opening:  RVdata_expres
Opening:  RVdata_harps
Opening:  RVdata_neid
Opening:  FIESTAdata_expres_mode1
Opening:  FIESTAdata_expres_mode2
Opening:  FIESTAdata_harps_mode1
Opening:  FIESTAdata_harps_mode2
Opening:  FIESTAdata_harpsn_mode1
Opening:  FIESTAdata_harpsn_mode2
Opening:  FIESTAdata_neid_mode1
Opening:  FIESTAdata_neid_mode2

gp_multidimensional  S+LEAF model, number of harmonics: 4

GP model: gp_multidimensional  hyperparameters_condition:    True
GP model: gp_multidimensional  rotation_decay_condition:     True

====================================================================================================
     Ids, spaces (s), boundaries (b) and priors (p) of the sampler parameters     
====================================================================================================

----- dataset:  RVdata_expres
jitter_0      id:   3  s:Linear      b:[      0.0010,      11.5000]   p:Uniform   []
offset_0      id:   4  s:Linear      b:[  -9995.6770,   10013.1550]   p:Uniform   []

----- dataset: RVdata_expres             ----- model: gp_multidimensional           
rot_amp       id:   5  s:Linear      b:[      0.0000,      10.0000]   p:Uniform   []
con_amp       id:   6  s:Linear      b:[    -20.0000,      20.0000]   p:Uniform   []

----- dataset:  RVdata_harps
jitter_0      id:   7  s:Linear      b:[      0.0010,      13.3000]   p:Uniform   []
offset_0      id:   8  s:Linear      b:[  -9995.1415,   10014.3487]   p:Uniform   []
offset_1      id:   9  s:Linear      b:[  -9995.1415,   10014.3487]   p:Uniform   []

----- dataset: RVdata_harps              ----- model: gp_multidimensional           
rot_amp       id:  10  s:Linear      b:[      0.0000,      10.0000]   p:Uniform   []
con_amp       id:  11  s:Linear      b:[    -20.0000,      20.0000]   p:Uniform   []

----- dataset:  RVdata_neid
jitter_0      id:  12  s:Linear      b:[      0.0010,      12.2000]   p:Uniform   []
offset_0      id:  13  s:Linear      b:[  -9993.8466,   10013.8014]   p:Uniform   []

----- dataset: RVdata_neid               ----- model: gp_multidimensional           
rot_amp       id:  14  s:Linear      b:[      0.0000,      10.0000]   p:Uniform   []
con_amp       id:  15  s:Linear      b:[    -20.0000,      20.0000]   p:Uniform   []

----- dataset:  FIESTAdata_expres_mode1
jitter_0      id:  16  s:Linear      b:[      0.0017,      18.8925]   p:Uniform   []
offset_0      id:  17  s:Linear      b:[ -10002.1949,   10002.5098]   p:Uniform   []

----- dataset: FIESTAdata_expres_mode1   ----- model: gp_multidimensional           
rot_amp       id:  18  s:Linear      b:[    -10.0000,      10.0000]   p:Uniform   []
con_amp       id:  19  s:Linear      b:[    -20.0000,      20.0000]   p:Uniform   []

----- dataset:  FIESTAdata_expres_mode2
jitter_0      id:  20  s:Linear      b:[      0.0019,      21.6249]   p:Uniform   []
offset_0      id:  21  s:Linear      b:[ -10003.5675,   10002.6832]   p:Uniform   []

----- dataset: FIESTAdata_expres_mode2   ----- model: gp_multidimensional           
rot_amp       id:  22  s:Linear      b:[    -10.0000,      10.0000]   p:Uniform   []
con_amp       id:  23  s:Linear      b:[    -20.0000,      20.0000]   p:Uniform   []

----- dataset:  FIESTAdata_harps_mode1
jitter_0      id:  24  s:Linear      b:[      0.0013,      15.1367]   p:Uniform   []
offset_0      id:  25  s:Linear      b:[ -10001.7714,   10001.4046]   p:Uniform   []

----- dataset: FIESTAdata_harps_mode1    ----- model: gp_multidimensional           
rot_amp       id:  26  s:Linear      b:[    -10.0000,      10.0000]   p:Uniform   []
con_amp       id:  27  s:Linear      b:[    -20.0000,      20.0000]   p:Uniform   []

----- dataset:  FIESTAdata_harps_mode2
jitter_0      id:  28  s:Linear      b:[      0.0016,      17.8506]   p:Uniform   []
offset_0      id:  29  s:Linear      b:[ -10002.5532,   10002.9102]   p:Uniform   []

----- dataset: FIESTAdata_harps_mode2    ----- model: gp_multidimensional           
rot_amp       id:  30  s:Linear      b:[    -10.0000,      10.0000]   p:Uniform   []
con_amp       id:  31  s:Linear      b:[    -20.0000,      20.0000]   p:Uniform   []

----- dataset:  FIESTAdata_harpsn_mode1
jitter_0      id:  32  s:Linear      b:[      0.0011,      12.1542]   p:Uniform   []
offset_0      id:  33  s:Linear      b:[ -10003.4464,   10004.1108]   p:Uniform   []

----- dataset: FIESTAdata_harpsn_mode1   ----- model: gp_multidimensional           
rot_amp       id:  34  s:Linear      b:[    -10.0000,      10.0000]   p:Uniform   []
con_amp       id:  35  s:Linear      b:[    -20.0000,      20.0000]   p:Uniform   []

----- dataset:  FIESTAdata_harpsn_mode2
jitter_0      id:  36  s:Linear      b:[      0.0013,      14.0766]   p:Uniform   []
offset_0      id:  37  s:Linear      b:[ -10004.6195,   10004.1281]   p:Uniform   []

----- dataset: FIESTAdata_harpsn_mode2   ----- model: gp_multidimensional           
rot_amp       id:  38  s:Linear      b:[    -10.0000,      10.0000]   p:Uniform   []
con_amp       id:  39  s:Linear      b:[    -20.0000,      20.0000]   p:Uniform   []

----- dataset:  FIESTAdata_neid_mode1
jitter_0      id:  40  s:Linear      b:[      0.0016,      19.1169]   p:Uniform   []
offset_0      id:  41  s:Linear      b:[ -10002.3634,   10001.6978]   p:Uniform   []

----- dataset: FIESTAdata_neid_mode1     ----- model: gp_multidimensional           
rot_amp       id:  42  s:Linear      b:[    -10.0000,      10.0000]   p:Uniform   []
con_amp       id:  43  s:Linear      b:[    -20.0000,      20.0000]   p:Uniform   []

----- dataset:  FIESTAdata_neid_mode2
jitter_0      id:  44  s:Linear      b:[      0.0020,      23.0831]   p:Uniform   []
offset_0      id:  45  s:Linear      b:[ -10002.5311,   10003.2840]   p:Uniform   []

----- dataset: FIESTAdata_neid_mode2     ----- model: gp_multidimensional           
rot_amp       id:  46  s:Linear      b:[    -10.0000,      10.0000]   p:Uniform   []
con_amp       id:  47  s:Linear      b:[    -20.0000,      20.0000]   p:Uniform   []

----- common model:  activity
Prot          id:   0  s:Linear      b:[     20.0000,      35.0000]   p:Gaussian   [28.   0.5]
Pdec          id:   1  s:Linear      b:[     30.0000,    1000.0000]   p:Uniform   []
Oamp          id:   2  s:Log_Base2   b:[     -6.6439,       0.0000]   p:Gaussian   [0.35  0.035]

----- common model:  star_parameters
mass          derived (no id, space, bound)                           p:Gaussian   [1.e+00 1.e-06]
radius        derived (no id, space, bound)                           p:Gaussian   [1.e+00 1.e-06]
density       derived (no id, space, bound)                           p:Gaussian   [1.e+00 1.e-06]

Include priors:  True

Reference Time Tref:  59334.700184

Dimensions =  48
Nwalkers =  192

Using threading pool for PyDE: True
PyDE running
Boundaries redefined after PyDE output
PyDE completed, it took        221.2 seconds

====================================================================================================
     Starting point of the sample/optimization routines    
====================================================================================================

----- dataset:  RVdata_expres
jitter_0         3      1.781926 [    0.0010,    11.5000]
offset_0         4      9.293210 [-9995.6770, 10013.1550]

----- dataset: RVdata_expres             ----- model: gp_multidimensional           
rot_amp          5      2.234942 [    0.0000,    10.0000]
con_amp          6      2.067732 [  -20.0000,    20.0000]

----- dataset:  RVdata_harps
jitter_0         7      1.267321 [    0.0010,    13.3000]
offset_0         8      9.947180 [-9995.1415, 10014.3487]
offset_1         9     10.874277 [-9995.1415, 10014.3487]

----- dataset: RVdata_harps              ----- model: gp_multidimensional           
rot_amp         10      2.233224 [    0.0000,    10.0000]
con_amp         11      1.382152 [  -20.0000,    20.0000]

----- dataset:  RVdata_neid
jitter_0        12      1.387918 [    0.0010,    12.2000]
offset_0        13     10.512114 [-9993.8466, 10013.8014]

----- dataset: RVdata_neid               ----- model: gp_multidimensional           
rot_amp         14      5.462500 [    0.0000,    10.0000]
con_amp         15      1.385615 [  -20.0000,    20.0000]

----- dataset:  FIESTAdata_expres_mode1
jitter_0        16      0.704970 [    0.0017,    18.8925]
offset_0        17      0.043515 [-10002.1949, 10002.5098]

----- dataset: FIESTAdata_expres_mode1   ----- model: gp_multidimensional           
rot_amp         18     -6.327779 [  -10.0000,    10.0000]
con_amp         19     -0.283741 [  -20.0000,    20.0000]

----- dataset:  FIESTAdata_expres_mode2
jitter_0        20      1.122931 [    0.0019,    21.6249]
offset_0        21     -0.108191 [-10003.5675, 10002.6832]

----- dataset: FIESTAdata_expres_mode2   ----- model: gp_multidimensional           
rot_amp         22      7.652960 [  -10.0000,    10.0000]
con_amp         23      0.195138 [  -20.0000,    20.0000]

----- dataset:  FIESTAdata_harps_mode1
jitter_0        24      0.660585 [    0.0013,    15.1367]
offset_0        25      0.660187 [-10001.7714, 10001.4046]

----- dataset: FIESTAdata_harps_mode1    ----- model: gp_multidimensional           
rot_amp         26     -7.445943 [  -10.0000,    10.0000]
con_amp         27      0.262334 [  -20.0000,    20.0000]

----- dataset:  FIESTAdata_harps_mode2
jitter_0        28      1.084303 [    0.0016,    17.8506]
offset_0        29     -0.988462 [-10002.5532, 10002.9102]

----- dataset: FIESTAdata_harps_mode2    ----- model: gp_multidimensional           
rot_amp         30      9.890728 [  -10.0000,    10.0000]
con_amp         31      0.331334 [  -20.0000,    20.0000]

----- dataset:  FIESTAdata_harpsn_mode1
jitter_0        32      1.350040 [    0.0011,    12.1542]
offset_0        33      0.232265 [-10003.4464, 10004.1108]

----- dataset: FIESTAdata_harpsn_mode1   ----- model: gp_multidimensional           
rot_amp         34     -4.304732 [  -10.0000,    10.0000]
con_amp         35      0.491967 [  -20.0000,    20.0000]

----- dataset:  FIESTAdata_harpsn_mode2
jitter_0        36      1.646712 [    0.0013,    14.0766]
offset_0        37     -0.323176 [-10004.6195, 10004.1281]

----- dataset: FIESTAdata_harpsn_mode2   ----- model: gp_multidimensional           
rot_amp         38      4.870046 [  -10.0000,    10.0000]
con_amp         39     -0.672426 [  -20.0000,    20.0000]

----- dataset:  FIESTAdata_neid_mode1
jitter_0        40      0.843096 [    0.0016,    19.1169]
offset_0        41     -0.051315 [-10002.3634, 10001.6978]

----- dataset: FIESTAdata_neid_mode1     ----- model: gp_multidimensional           
rot_amp         42      2.006117 [  -10.0000,    10.0000]
con_amp         43     -0.089939 [  -20.0000,    20.0000]

----- dataset:  FIESTAdata_neid_mode2
jitter_0        44      1.298041 [    0.0020,    23.0831]
offset_0        45      0.031222 [-10002.5311, 10003.2840]

----- dataset: FIESTAdata_neid_mode2     ----- model: gp_multidimensional           
rot_amp         46     -2.941540 [  -10.0000,    10.0000]
con_amp         47      0.019684 [  -20.0000,    20.0000]

----- common model:  activity
Prot             0     28.250094 [   20.0000,    35.0000]
Pdec             1     30.001276 [   30.0000,  1000.0000]
Oamp             2     -1.364289 [   -6.6439,     0.0000]

----- common model:  star_parameters

====================================================================================================
     Starting point projected onto the model parameter space     
====================================================================================================

----- dataset:  RVdata_expres
jitter_0              1.781926 
offset_0              9.293210 


----- dataset: RVdata_expres             ----- model: gp_multidimensional           
rot_amp               2.234942 
con_amp               2.067732 

----- dataset:  RVdata_harps
jitter_0              1.267321 
offset_0              9.947180 
offset_1             10.874277 


----- dataset: RVdata_harps              ----- model: gp_multidimensional           
rot_amp               2.233224 
con_amp               1.382152 

----- dataset:  RVdata_neid
jitter_0              1.387918 
offset_0             10.512114 


----- dataset: RVdata_neid               ----- model: gp_multidimensional           
rot_amp               5.462500 
con_amp               1.385615 

----- dataset:  FIESTAdata_expres_mode1
jitter_0              0.704970 
offset_0              0.043515 


----- dataset: FIESTAdata_expres_mode1   ----- model: gp_multidimensional           
rot_amp              -6.327779 
con_amp              -0.283741 

----- dataset:  FIESTAdata_expres_mode2
jitter_0              1.122931 
offset_0             -0.108191 


----- dataset: FIESTAdata_expres_mode2   ----- model: gp_multidimensional           
rot_amp               7.652960 
con_amp               0.195138 

----- dataset:  FIESTAdata_harps_mode1
jitter_0              0.660585 
offset_0              0.660187 


----- dataset: FIESTAdata_harps_mode1    ----- model: gp_multidimensional           
rot_amp              -7.445943 
con_amp               0.262334 

----- dataset:  FIESTAdata_harps_mode2
jitter_0              1.084303 
offset_0             -0.988462 


----- dataset: FIESTAdata_harps_mode2    ----- model: gp_multidimensional           
rot_amp               9.890728 
con_amp               0.331334 

----- dataset:  FIESTAdata_harpsn_mode1
jitter_0              1.350040 
offset_0              0.232265 


----- dataset: FIESTAdata_harpsn_mode1   ----- model: gp_multidimensional           
rot_amp              -4.304732 
con_amp               0.491967 

----- dataset:  FIESTAdata_harpsn_mode2
jitter_0              1.646712 
offset_0             -0.323176 


----- dataset: FIESTAdata_harpsn_mode2   ----- model: gp_multidimensional           
rot_amp               4.870046 
con_amp              -0.672426 

----- dataset:  FIESTAdata_neid_mode1
jitter_0              0.843096 
offset_0             -0.051315 


----- dataset: FIESTAdata_neid_mode1     ----- model: gp_multidimensional           
rot_amp               2.006117 
con_amp              -0.089939 

----- dataset:  FIESTAdata_neid_mode2
jitter_0              1.298041 
offset_0              0.031222 


----- dataset: FIESTAdata_neid_mode2     ----- model: gp_multidimensional           
rot_amp              -2.941540 
con_amp               0.019684 

----- common model:  activity
Prot                 28.250094 
Pdec                 30.001276 
Oamp                  0.388426 

----- common model:  star_parameters

====================================================================================================
     Derived parameters obtained from starting point     
====================================================================================================


====================================================================================================
     Statistics on the log-likelihood     
====================================================================================================

 LN probability: -1631.172315 

====================================================================================================
     ------------------------------------------------------------------------------------------     
====================================================================================================



*************************************************************

Running emcee

emcee version:  3.1.6
Using threading pool for emcee: True

Saving temporary steps


Computing the autocorrelation time of the chains

***** WARNING ******
The integrated autocorrelation time cannot be reliably estimated
likely the chains are too short, and ACF analysis is not fully reliable
emcee.autocorr.integrated_time tolerance lowered to 20
If you still get a warning, you should drop these results entirely
Chains too short to apply convergence criteria
They should be at least 19450*nthin = 194500

====================================================================================================
     Statistics on the posterior of the sampler parameters     
====================================================================================================

----- dataset:  RVdata_expres
jitter_0         3          1.39        -0.28         0.37   (15-84 p)   [    0.0010,    11.5000]
offset_0         4           9.7         -2.1          2.2   (15-84 p)   [-9995.6770, 10013.1550]

----- dataset: RVdata_expres             ----- model: gp_multidimensional           
rot_amp          5           5.1         -2.9          3.0   (15-84 p)   [    0.0000,    10.0000]
con_amp          6           5.4         -2.1          2.9   (15-84 p)   [  -20.0000,    20.0000]

----- dataset:  RVdata_harps
jitter_0         7         1.266       -0.093         0.10   (15-84 p)   [    0.0010,    13.3000]
offset_0         8          10.1         -1.2          1.3   (15-84 p)   [-9995.1415, 10014.3487]
offset_1         9          11.3         -1.3          1.3   (15-84 p)   [-9995.1415, 10014.3487]

----- dataset: RVdata_harps              ----- model: gp_multidimensional           
rot_amp         10           2.0         -1.5          2.7   (15-84 p)   [    0.0000,    10.0000]
con_amp         11          3.11        -0.93          1.4   (15-84 p)   [  -20.0000,    20.0000]

----- dataset:  RVdata_neid
jitter_0        12          1.34        -0.13         0.14   (15-84 p)   [    0.0010,    12.2000]
offset_0        13          10.8         -1.3          1.4   (15-84 p)   [-9993.8466, 10013.8014]

----- dataset: RVdata_neid               ----- model: gp_multidimensional           
rot_amp         14           5.9         -3.7          2.6   (15-84 p)   [    0.0000,    10.0000]
con_amp         15           3.5         -1.3          2.0   (15-84 p)   [  -20.0000,    20.0000]

----- dataset:  FIESTAdata_expres_mode1
jitter_0        16          0.90        -0.14         0.14   (15-84 p)   [    0.0017,    18.8925]
offset_0        17          0.02        -0.20         0.19   (15-84 p)   [-10002.1949, 10002.5098]

----- dataset: FIESTAdata_expres_mode1   ----- model: gp_multidimensional           
rot_amp         18          -5.5         -3.0           11   (15-84 p)   [  -10.0000,    10.0000]
con_amp         19         -0.24        -0.36         0.60   (15-84 p)   [  -20.0000,    20.0000]

----- dataset:  FIESTAdata_expres_mode2
jitter_0        20          1.30        -0.15         0.18   (15-84 p)   [    0.0019,    21.6249]
offset_0        21         -0.04        -0.23         0.23   (15-84 p)   [-10003.5675, 10002.6832]

----- dataset: FIESTAdata_expres_mode2   ----- model: gp_multidimensional           
rot_amp         22           5.5          -14          3.5   (15-84 p)   [  -10.0000,    10.0000]
con_amp         23         -0.02        -0.72         0.47   (15-84 p)   [  -20.0000,    20.0000]

----- dataset:  FIESTAdata_harps_mode1
jitter_0        24          0.84        -0.14         0.18   (15-84 p)   [    0.0013,    15.1367]
offset_0        25          0.21        -0.72         0.57   (15-84 p)   [-10001.7714, 10001.4046]

----- dataset: FIESTAdata_harps_mode1    ----- model: gp_multidimensional           
rot_amp         26          -3.8         -4.4          4.5   (15-84 p)   [  -10.0000,    10.0000]
con_amp         27          -1.3         -1.8          1.3   (15-84 p)   [  -20.0000,    20.0000]

----- dataset:  FIESTAdata_harps_mode2
jitter_0        28          1.33        -0.24         0.32   (15-84 p)   [    0.0016,    17.8506]
offset_0        29          -0.2         -1.3          1.6   (15-84 p)   [-10002.5532, 10002.9102]

----- dataset: FIESTAdata_harps_mode2    ----- model: gp_multidimensional           
rot_amp         30           4.0         -6.0          4.1   (15-84 p)   [  -10.0000,    10.0000]
con_amp         31           3.5         -2.0          3.0   (15-84 p)   [  -20.0000,    20.0000]

----- dataset:  FIESTAdata_harpsn_mode1
jitter_0        32          1.31        -0.13         0.16   (15-84 p)   [    0.0011,    12.1542]
offset_0        33          0.07        -0.34         0.50   (15-84 p)   [-10003.4464, 10004.1108]

----- dataset: FIESTAdata_harpsn_mode1   ----- model: gp_multidimensional           
rot_amp         34          -6.8         -2.4           14   (15-84 p)   [  -10.0000,    10.0000]
con_amp         35          0.79        -0.60         0.51   (15-84 p)   [  -20.0000,    20.0000]

----- dataset:  FIESTAdata_harpsn_mode2
jitter_0        36          1.64        -0.16         0.18   (15-84 p)   [    0.0013,    14.0766]
offset_0        37         -0.09        -0.64         0.40   (15-84 p)   [-10004.6195, 10004.1281]

----- dataset: FIESTAdata_harpsn_mode2   ----- model: gp_multidimensional           
rot_amp         38           7.0          -15          2.3   (15-84 p)   [  -10.0000,    10.0000]
con_amp         39         -0.97        -0.66         0.75   (15-84 p)   [  -20.0000,    20.0000]

----- dataset:  FIESTAdata_neid_mode1
jitter_0        40         0.887       -0.080        0.085   (15-84 p)   [    0.0016,    19.1169]
offset_0        41          0.02        -0.19         0.19   (15-84 p)   [-10002.3634, 10001.6978]

----- dataset: FIESTAdata_neid_mode1     ----- model: gp_multidimensional           
rot_amp         42           2.1         -2.7          1.8   (15-84 p)   [  -10.0000,    10.0000]
con_amp         43          0.05        -0.37         0.45   (15-84 p)   [  -20.0000,    20.0000]

----- dataset:  FIESTAdata_neid_mode2
jitter_0        44          1.31        -0.11         0.13   (15-84 p)   [    0.0020,    23.0831]
offset_0        45         -0.10        -0.35         0.28   (15-84 p)   [-10002.5311, 10003.2840]

----- dataset: FIESTAdata_neid_mode2     ----- model: gp_multidimensional           
rot_amp         46          -3.4         -2.8          3.6   (15-84 p)   [  -10.0000,    10.0000]
con_amp         47         -0.37        -0.96         0.55   (15-84 p)   [  -20.0000,    20.0000]

----- common model:  activity
Prot             0         27.80         -1.3         0.64   (15-84 p)   [   20.0000,    35.0000]
Pdec             1          31.6         -1.2          2.8   (15-84 p)   [   30.0000,  1000.0000]
Oamp             2         -1.45        -0.21         0.15   (15-84 p)   [   -6.6439,     0.0000]

----- common model:  star_parameters

====================================================================================================
     Statistics on the model parameters obtained from the posteriors samples     
====================================================================================================

----- dataset:  RVdata_expres
jitter_0                  1.39        -0.28         0.37    (15-84 p)
offset_0                   9.7         -2.1          2.2    (15-84 p)


----- dataset: RVdata_expres             ----- model: gp_multidimensional           
rot_amp                    5.1         -2.9          3.0    (15-84 p)
con_amp                    5.4         -2.1          2.9    (15-84 p)

----- dataset:  RVdata_harps
jitter_0                 1.266       -0.093         0.10    (15-84 p)
offset_0                  10.1         -1.2          1.3    (15-84 p)
offset_1                  11.3         -1.3          1.3    (15-84 p)


----- dataset: RVdata_harps              ----- model: gp_multidimensional           
rot_amp                    2.0         -1.5          2.7    (15-84 p)
con_amp                   3.11        -0.93          1.4    (15-84 p)

----- dataset:  RVdata_neid
jitter_0                  1.34        -0.13         0.14    (15-84 p)
offset_0                  10.8         -1.3          1.4    (15-84 p)


----- dataset: RVdata_neid               ----- model: gp_multidimensional           
rot_amp                    5.9         -3.7          2.6    (15-84 p)
con_amp                    3.5         -1.3          2.0    (15-84 p)

----- dataset:  FIESTAdata_expres_mode1
jitter_0                  0.90        -0.14         0.14    (15-84 p)
offset_0                  0.02        -0.20         0.19    (15-84 p)


----- dataset: FIESTAdata_expres_mode1   ----- model: gp_multidimensional           
rot_amp                   -5.5         -3.0           11    (15-84 p)
con_amp                  -0.24        -0.36         0.60    (15-84 p)

----- dataset:  FIESTAdata_expres_mode2
jitter_0                  1.30        -0.15         0.18    (15-84 p)
offset_0                 -0.04        -0.23         0.23    (15-84 p)


----- dataset: FIESTAdata_expres_mode2   ----- model: gp_multidimensional           
rot_amp                    5.5          -14          3.5    (15-84 p)
con_amp                  -0.02        -0.72         0.47    (15-84 p)

----- dataset:  FIESTAdata_harps_mode1
jitter_0                  0.84        -0.14         0.18    (15-84 p)
offset_0                  0.21        -0.72         0.57    (15-84 p)


----- dataset: FIESTAdata_harps_mode1    ----- model: gp_multidimensional           
rot_amp                   -3.8         -4.4          4.5    (15-84 p)
con_amp                   -1.3         -1.8          1.3    (15-84 p)

----- dataset:  FIESTAdata_harps_mode2
jitter_0                  1.33        -0.24         0.32    (15-84 p)
offset_0                  -0.2         -1.3          1.6    (15-84 p)


----- dataset: FIESTAdata_harps_mode2    ----- model: gp_multidimensional           
rot_amp                    4.0         -6.0          4.1    (15-84 p)
con_amp                    3.5         -2.0          3.0    (15-84 p)

----- dataset:  FIESTAdata_harpsn_mode1
jitter_0                  1.31        -0.13         0.16    (15-84 p)
offset_0                  0.07        -0.34         0.50    (15-84 p)


----- dataset: FIESTAdata_harpsn_mode1   ----- model: gp_multidimensional           
rot_amp                   -6.8         -2.4           14    (15-84 p)
con_amp                   0.79        -0.60         0.51    (15-84 p)

----- dataset:  FIESTAdata_harpsn_mode2
jitter_0                  1.64        -0.16         0.18    (15-84 p)
offset_0                 -0.09        -0.64         0.40    (15-84 p)


----- dataset: FIESTAdata_harpsn_mode2   ----- model: gp_multidimensional           
rot_amp                    7.0          -15          2.3    (15-84 p)
con_amp                  -0.97        -0.66         0.75    (15-84 p)

----- dataset:  FIESTAdata_neid_mode1
jitter_0                 0.887       -0.080        0.085    (15-84 p)
offset_0                  0.02        -0.19         0.19    (15-84 p)


----- dataset: FIESTAdata_neid_mode1     ----- model: gp_multidimensional           
rot_amp                    2.1         -2.7          1.8    (15-84 p)
con_amp                   0.05        -0.37         0.45    (15-84 p)

----- dataset:  FIESTAdata_neid_mode2
jitter_0                  1.31        -0.11         0.13    (15-84 p)
offset_0                 -0.10        -0.35         0.28    (15-84 p)


----- dataset: FIESTAdata_neid_mode2     ----- model: gp_multidimensional           
rot_amp                   -3.4         -2.8          3.6    (15-84 p)
con_amp                  -0.37        -0.96         0.55    (15-84 p)

----- common model:  activity
Prot                     27.80         -1.3         0.64    (15-84 p)
Pdec                      31.6         -1.2          2.8    (15-84 p)
Oamp                     0.367       -0.049        0.040    (15-84 p)

----- common model:  star_parameters

====================================================================================================
     Statistics on the derived parameters obtained from the posteriors samples     
====================================================================================================


====================================================================================================
     ------------------------------------------------------------------------------------------     
====================================================================================================



35000.0   steps completed, average lnprob:,  -1640.9781278856067


Computing the autocorrelation time of the chains

***** WARNING ******
The integrated autocorrelation time cannot be reliably estimated
likely the chains are too short, and ACF analysis is not fully reliable
emcee.autocorr.integrated_time tolerance lowered to 20
If you still get a warning, you should drop these results entirely
Chains too short to apply convergence criteria
They should be at least 42150*nthin = 421500

====================================================================================================
     Statistics on the posterior of the sampler parameters     
====================================================================================================

----- dataset:  RVdata_expres
jitter_0         3          1.35        -0.19         0.34   (15-84 p)   [    0.0010,    11.5000]
offset_0         4           9.7         -2.0          2.1   (15-84 p)   [-9995.6770, 10013.1550]

----- dataset: RVdata_expres             ----- model: gp_multidimensional           
rot_amp          5           5.2         -2.5          2.5   (15-84 p)   [    0.0000,    10.0000]
con_amp          6           5.5         -1.9          1.8   (15-84 p)   [  -20.0000,    20.0000]

----- dataset:  RVdata_harps
jitter_0         7         1.283       -0.097         0.11   (15-84 p)   [    0.0010,    13.3000]
offset_0         8          10.0         -1.1          1.3   (15-84 p)   [-9995.1415, 10014.3487]
offset_1         9          11.3         -1.2          1.2   (15-84 p)   [-9995.1415, 10014.3487]

----- dataset: RVdata_harps              ----- model: gp_multidimensional           
rot_amp         10           2.9         -2.2          2.0   (15-84 p)   [    0.0000,    10.0000]
con_amp         11          3.08        -0.81          1.0   (15-84 p)   [  -20.0000,    20.0000]

----- dataset:  RVdata_neid
jitter_0        12          1.33        -0.12         0.14   (15-84 p)   [    0.0010,    12.2000]
offset_0        13          10.8         -1.3          1.4   (15-84 p)   [-9993.8466, 10013.8014]

----- dataset: RVdata_neid               ----- model: gp_multidimensional           
rot_amp         14           3.7         -2.7          4.2   (15-84 p)   [    0.0000,    10.0000]
con_amp         15           3.7         -1.3          1.3   (15-84 p)   [  -20.0000,    20.0000]

----- dataset:  FIESTAdata_expres_mode1
jitter_0        16          0.83        -0.10         0.16   (15-84 p)   [    0.0017,    18.8925]
offset_0        17          0.01        -0.20         0.19   (15-84 p)   [-10002.1949, 10002.5098]

----- dataset: FIESTAdata_expres_mode1   ----- model: gp_multidimensional           
rot_amp         18           1.6         -9.5          6.5   (15-84 p)   [  -10.0000,    10.0000]
con_amp         19          0.09        -0.57         0.62   (15-84 p)   [  -20.0000,    20.0000]

----- dataset:  FIESTAdata_expres_mode2
jitter_0        20          1.18        -0.18         0.24   (15-84 p)   [    0.0019,    21.6249]
offset_0        21         -0.05        -0.27         0.26   (15-84 p)   [-10003.5675, 10002.6832]

----- dataset: FIESTAdata_expres_mode2   ----- model: gp_multidimensional           
rot_amp         22          -5.4         -4.3           14   (15-84 p)   [  -10.0000,    10.0000]
con_amp         23         -0.41        -0.74         0.74   (15-84 p)   [  -20.0000,    20.0000]

----- dataset:  FIESTAdata_harps_mode1
jitter_0        24          0.80        -0.14         0.18   (15-84 p)   [    0.0013,    15.1367]
offset_0        25          0.17        -0.82         0.66   (15-84 p)   [-10001.7714, 10001.4046]

----- dataset: FIESTAdata_harps_mode1    ----- model: gp_multidimensional           
rot_amp         26          -2.6         -4.9          2.4   (15-84 p)   [  -10.0000,    10.0000]
con_amp         27          -2.0         -1.3          1.7   (15-84 p)   [  -20.0000,    20.0000]

----- dataset:  FIESTAdata_harps_mode2
jitter_0        28          1.22        -0.25         0.33   (15-84 p)   [    0.0016,    17.8506]
offset_0        29          -0.1         -1.4          1.7   (15-84 p)   [-10002.5532, 10002.9102]

----- dataset: FIESTAdata_harps_mode2    ----- model: gp_multidimensional           
rot_amp         30           4.5         -4.1          3.3   (15-84 p)   [  -10.0000,    10.0000]
con_amp         31           4.3         -2.5          2.2   (15-84 p)   [  -20.0000,    20.0000]

----- dataset:  FIESTAdata_harpsn_mode1
jitter_0        32          1.24        -0.13         0.16   (15-84 p)   [    0.0011,    12.1542]
offset_0        33          0.04        -0.35         0.48   (15-84 p)   [-10003.4464, 10004.1108]

----- dataset: FIESTAdata_harpsn_mode1   ----- model: gp_multidimensional           
rot_amp         34           4.0          -13          4.7   (15-84 p)   [  -10.0000,    10.0000]
con_amp         35          0.91        -0.53         0.52   (15-84 p)   [  -20.0000,    20.0000]

----- dataset:  FIESTAdata_harpsn_mode2
jitter_0        36          1.57        -0.15         0.18   (15-84 p)   [    0.0013,    14.0766]
offset_0        37         -0.07        -0.59         0.42   (15-84 p)   [-10004.6195, 10004.1281]

----- dataset: FIESTAdata_harpsn_mode2   ----- model: gp_multidimensional           
rot_amp         38          -4.7         -4.4           14   (15-84 p)   [  -10.0000,    10.0000]
con_amp         39         -1.12        -0.57         0.61   (15-84 p)   [  -20.0000,    20.0000]

----- dataset:  FIESTAdata_neid_mode1
jitter_0        40         0.886       -0.076        0.085   (15-84 p)   [    0.0016,    19.1169]
offset_0        41          0.04        -0.18         0.20   (15-84 p)   [-10002.3634, 10001.6978]

----- dataset: FIESTAdata_neid_mode1     ----- model: gp_multidimensional           
rot_amp         42           1.0         -1.9          2.2   (15-84 p)   [  -10.0000,    10.0000]
con_amp         43          0.20        -0.41         0.48   (15-84 p)   [  -20.0000,    20.0000]

----- dataset:  FIESTAdata_neid_mode2
jitter_0        44          1.32        -0.11         0.13   (15-84 p)   [    0.0020,    23.0831]
offset_0        45         -0.11        -0.39         0.30   (15-84 p)   [-10002.5311, 10003.2840]

----- dataset: FIESTAdata_neid_mode2     ----- model: gp_multidimensional           
rot_amp         46          -2.4         -3.1          2.5   (15-84 p)   [  -10.0000,    10.0000]
con_amp         47         -0.67        -0.84         0.76   (15-84 p)   [  -20.0000,    20.0000]

----- common model:  activity
Prot             0          27.0         -1.4          1.3   (15-84 p)   [   20.0000,    35.0000]
Pdec             1         31.12        -0.86          2.5   (15-84 p)   [   30.0000,  1000.0000]
Oamp             2         -1.57        -0.24         0.23   (15-84 p)   [   -6.6439,     0.0000]

----- common model:  star_parameters

====================================================================================================
     Statistics on the model parameters obtained from the posteriors samples     
====================================================================================================

----- dataset:  RVdata_expres
jitter_0                  1.35        -0.19         0.34    (15-84 p)
offset_0                   9.7         -2.0          2.1    (15-84 p)


----- dataset: RVdata_expres             ----- model: gp_multidimensional           
rot_amp                    5.2         -2.5          2.5    (15-84 p)
con_amp                    5.5         -1.9          1.8    (15-84 p)

----- dataset:  RVdata_harps
jitter_0                 1.283       -0.097         0.11    (15-84 p)
offset_0                  10.0         -1.1          1.3    (15-84 p)
offset_1                  11.3         -1.2          1.2    (15-84 p)


----- dataset: RVdata_harps              ----- model: gp_multidimensional           
rot_amp                    2.9         -2.2          2.0    (15-84 p)
con_amp                   3.08        -0.81          1.0    (15-84 p)

----- dataset:  RVdata_neid
jitter_0                  1.33        -0.12         0.14    (15-84 p)
offset_0                  10.8         -1.3          1.4    (15-84 p)


----- dataset: RVdata_neid               ----- model: gp_multidimensional           
rot_amp                    3.7         -2.7          4.2    (15-84 p)
con_amp                    3.7         -1.3          1.3    (15-84 p)

----- dataset:  FIESTAdata_expres_mode1
jitter_0                  0.83        -0.10         0.16    (15-84 p)
offset_0                  0.01        -0.20         0.19    (15-84 p)


----- dataset: FIESTAdata_expres_mode1   ----- model: gp_multidimensional           
rot_amp                    1.6         -9.5          6.5    (15-84 p)
con_amp                   0.09        -0.57         0.62    (15-84 p)

----- dataset:  FIESTAdata_expres_mode2
jitter_0                  1.18        -0.18         0.24    (15-84 p)
offset_0                 -0.05        -0.27         0.26    (15-84 p)


----- dataset: FIESTAdata_expres_mode2   ----- model: gp_multidimensional           
rot_amp                   -5.4         -4.3           14    (15-84 p)
con_amp                  -0.41        -0.74         0.74    (15-84 p)

----- dataset:  FIESTAdata_harps_mode1
jitter_0                  0.80        -0.14         0.18    (15-84 p)
offset_0                  0.17        -0.82         0.66    (15-84 p)


----- dataset: FIESTAdata_harps_mode1    ----- model: gp_multidimensional           
rot_amp                   -2.6         -4.9          2.4    (15-84 p)
con_amp                   -2.0         -1.3          1.7    (15-84 p)

----- dataset:  FIESTAdata_harps_mode2
jitter_0                  1.22        -0.25         0.33    (15-84 p)
offset_0                  -0.1         -1.4          1.7    (15-84 p)


----- dataset: FIESTAdata_harps_mode2    ----- model: gp_multidimensional           
rot_amp                    4.5         -4.1          3.3    (15-84 p)
con_amp                    4.3         -2.5          2.2    (15-84 p)

----- dataset:  FIESTAdata_harpsn_mode1
jitter_0                  1.24        -0.13         0.16    (15-84 p)
offset_0                  0.04        -0.35         0.48    (15-84 p)


----- dataset: FIESTAdata_harpsn_mode1   ----- model: gp_multidimensional           
rot_amp                    4.0          -13          4.7    (15-84 p)
con_amp                   0.91        -0.53         0.52    (15-84 p)

----- dataset:  FIESTAdata_harpsn_mode2
jitter_0                  1.57        -0.15         0.18    (15-84 p)
offset_0                 -0.07        -0.59         0.42    (15-84 p)


----- dataset: FIESTAdata_harpsn_mode2   ----- model: gp_multidimensional           
rot_amp                   -4.7         -4.4           14    (15-84 p)
con_amp                  -1.12        -0.57         0.61    (15-84 p)

----- dataset:  FIESTAdata_neid_mode1
jitter_0                 0.886       -0.076        0.085    (15-84 p)
offset_0                  0.04        -0.18         0.20    (15-84 p)


----- dataset: FIESTAdata_neid_mode1     ----- model: gp_multidimensional           
rot_amp                    1.0         -1.9          2.2    (15-84 p)
con_amp                   0.20        -0.41         0.48    (15-84 p)

----- dataset:  FIESTAdata_neid_mode2
jitter_0                  1.32        -0.11         0.13    (15-84 p)
offset_0                 -0.11        -0.39         0.30    (15-84 p)


----- dataset: FIESTAdata_neid_mode2     ----- model: gp_multidimensional           
rot_amp                   -2.4         -3.1          2.5    (15-84 p)
con_amp                  -0.67        -0.84         0.76    (15-84 p)

----- common model:  activity
Prot                      27.0         -1.4          1.3    (15-84 p)
Pdec                     31.12        -0.86          2.5    (15-84 p)
Oamp                     0.336       -0.052        0.059    (15-84 p)

----- common model:  star_parameters

====================================================================================================
     Statistics on the derived parameters obtained from the posteriors samples     
====================================================================================================


====================================================================================================
     ------------------------------------------------------------------------------------------     
====================================================================================================



70000.0   steps completed, average lnprob:,  -1622.9667822418312


emcee completed


:::---::: PyORBIT v11.0.1 :::---:::

Python version in use:
3.10.18 (main, Jun  5 2025, 13:14:17) [GCC 11.2.0]
LaTeX disabled by default

gp_multidimensional  S+LEAF model, number of harmonics: 4

GP model: gp_multidimensional  hyperparameters_condition:    True
GP model: gp_multidimensional  rotation_decay_condition:     True

### PyORBIT version used in the analysis:  11.0.1

 emcee version:  3.1.6

 Reference Time Tref: 59334.700184

 Data points:840
 Dimensions: 48
 Nwalkers:   192
 Steps:      70000


Number of samplings: 1056000

Recomputing ln-prior, it may take a while...

ln-probability   distribution:  -1650.25      -13.50     32.44 (15-84 p) 
ln-prior         distribution:   -229.26       -8.85      3.39 (15-84 p) 
ln-likelihood    distribution:  -1423.38      -13.63     43.19 (15-84 p) 


*** Information criteria using the likelihood distribution

 BIC from distribution  (using likelihood)  =   3169.95    -86.37   27.25 (15-84 p)
 AIC from distribution  (using likelihood)  =   2942.75    -86.37   27.25 (15-84 p)
 AICc from distribution (using likelihood)  =   2948.70    -86.37   27.25 (15-84 p)


*** Information criteria using the median parameter set

 ln_probability of Median solution =  -1634.94
 ln_priors of Median solution      =   -227.28
 ln_likelihood of Median solution  =  -1407.66

 Median BIC  (using likelihood) =   3138.52
 Median AIC  (using likelihood) =   2911.32
 Median AICc (using likelihood) =   2917.27


*** Information criteria using the MAP parameter set

 ln_probability of MAP solution =  -1601.60
 ln_priors of MAP solution      =   -239.86
 ln_likelihood of MAP solution  =  -1361.74

 MAP BIC  (using likelihood)    =   3046.69
 MAP AIC  (using likelihood)    =   2819.48
 MAP AICc (using likelihood)    =   2825.43

 AICc suggested over AIC because NDATA ( 840 ) < 40 * NDIM ( 48 )

****************************************************************************************************


Computing the autocorrelation time of the chains

***** WARNING ******
The integrated autocorrelation time cannot be reliably estimated
likely the chains are too short, and ACF analysis is not fully reliable
emcee.autocorr.integrated_time tolerance lowered to 20
If you still get a warning, you should drop these results entirely
Chains too short to apply convergence criteria
They should be at least 42150*nthin = 421500

 ACF computation failed, no plot will be generated 


====================================================================================================
     Ids, spaces (s), boundaries (b) and priors (p) of the sampler parameters     
====================================================================================================

----- dataset:  RVdata_expres
jitter_0      id:   3  s:Linear      b:[      0.0010,      11.5000]   p:Uniform   []
offset_0      id:   4  s:Linear      b:[  -9995.6770,   10013.1550]   p:Uniform   []

----- dataset: RVdata_expres             ----- model: gp_multidimensional           
rot_amp       id:   5  s:Linear      b:[      0.0000,      10.0000]   p:Uniform   []
con_amp       id:   6  s:Linear      b:[    -20.0000,      20.0000]   p:Uniform   []

----- dataset:  RVdata_harps
jitter_0      id:   7  s:Linear      b:[      0.0010,      13.3000]   p:Uniform   []
offset_0      id:   8  s:Linear      b:[  -9995.1415,   10014.3487]   p:Uniform   []
offset_1      id:   9  s:Linear      b:[  -9995.1415,   10014.3487]   p:Uniform   []

----- dataset: RVdata_harps              ----- model: gp_multidimensional           
rot_amp       id:  10  s:Linear      b:[      0.0000,      10.0000]   p:Uniform   []
con_amp       id:  11  s:Linear      b:[    -20.0000,      20.0000]   p:Uniform   []

----- dataset:  RVdata_neid
jitter_0      id:  12  s:Linear      b:[      0.0010,      12.2000]   p:Uniform   []
offset_0      id:  13  s:Linear      b:[  -9993.8466,   10013.8014]   p:Uniform   []

----- dataset: RVdata_neid               ----- model: gp_multidimensional           
rot_amp       id:  14  s:Linear      b:[      0.0000,      10.0000]   p:Uniform   []
con_amp       id:  15  s:Linear      b:[    -20.0000,      20.0000]   p:Uniform   []

----- dataset:  FIESTAdata_expres_mode1
jitter_0      id:  16  s:Linear      b:[      0.0017,      18.8925]   p:Uniform   []
offset_0      id:  17  s:Linear      b:[ -10002.1949,   10002.5098]   p:Uniform   []

----- dataset: FIESTAdata_expres_mode1   ----- model: gp_multidimensional           
rot_amp       id:  18  s:Linear      b:[    -10.0000,      10.0000]   p:Uniform   []
con_amp       id:  19  s:Linear      b:[    -20.0000,      20.0000]   p:Uniform   []

----- dataset:  FIESTAdata_expres_mode2
jitter_0      id:  20  s:Linear      b:[      0.0019,      21.6249]   p:Uniform   []
offset_0      id:  21  s:Linear      b:[ -10003.5675,   10002.6832]   p:Uniform   []

----- dataset: FIESTAdata_expres_mode2   ----- model: gp_multidimensional           
rot_amp       id:  22  s:Linear      b:[    -10.0000,      10.0000]   p:Uniform   []
con_amp       id:  23  s:Linear      b:[    -20.0000,      20.0000]   p:Uniform   []

----- dataset:  FIESTAdata_harps_mode1
jitter_0      id:  24  s:Linear      b:[      0.0013,      15.1367]   p:Uniform   []
offset_0      id:  25  s:Linear      b:[ -10001.7714,   10001.4046]   p:Uniform   []

----- dataset: FIESTAdata_harps_mode1    ----- model: gp_multidimensional           
rot_amp       id:  26  s:Linear      b:[    -10.0000,      10.0000]   p:Uniform   []
con_amp       id:  27  s:Linear      b:[    -20.0000,      20.0000]   p:Uniform   []

----- dataset:  FIESTAdata_harps_mode2
jitter_0      id:  28  s:Linear      b:[      0.0016,      17.8506]   p:Uniform   []
offset_0      id:  29  s:Linear      b:[ -10002.5532,   10002.9102]   p:Uniform   []

----- dataset: FIESTAdata_harps_mode2    ----- model: gp_multidimensional           
rot_amp       id:  30  s:Linear      b:[    -10.0000,      10.0000]   p:Uniform   []
con_amp       id:  31  s:Linear      b:[    -20.0000,      20.0000]   p:Uniform   []

----- dataset:  FIESTAdata_harpsn_mode1
jitter_0      id:  32  s:Linear      b:[      0.0011,      12.1542]   p:Uniform   []
offset_0      id:  33  s:Linear      b:[ -10003.4464,   10004.1108]   p:Uniform   []

----- dataset: FIESTAdata_harpsn_mode1   ----- model: gp_multidimensional           
rot_amp       id:  34  s:Linear      b:[    -10.0000,      10.0000]   p:Uniform   []
con_amp       id:  35  s:Linear      b:[    -20.0000,      20.0000]   p:Uniform   []

----- dataset:  FIESTAdata_harpsn_mode2
jitter_0      id:  36  s:Linear      b:[      0.0013,      14.0766]   p:Uniform   []
offset_0      id:  37  s:Linear      b:[ -10004.6195,   10004.1281]   p:Uniform   []

----- dataset: FIESTAdata_harpsn_mode2   ----- model: gp_multidimensional           
rot_amp       id:  38  s:Linear      b:[    -10.0000,      10.0000]   p:Uniform   []
con_amp       id:  39  s:Linear      b:[    -20.0000,      20.0000]   p:Uniform   []

----- dataset:  FIESTAdata_neid_mode1
jitter_0      id:  40  s:Linear      b:[      0.0016,      19.1169]   p:Uniform   []
offset_0      id:  41  s:Linear      b:[ -10002.3634,   10001.6978]   p:Uniform   []

----- dataset: FIESTAdata_neid_mode1     ----- model: gp_multidimensional           
rot_amp       id:  42  s:Linear      b:[    -10.0000,      10.0000]   p:Uniform   []
con_amp       id:  43  s:Linear      b:[    -20.0000,      20.0000]   p:Uniform   []

----- dataset:  FIESTAdata_neid_mode2
jitter_0      id:  44  s:Linear      b:[      0.0020,      23.0831]   p:Uniform   []
offset_0      id:  45  s:Linear      b:[ -10002.5311,   10003.2840]   p:Uniform   []

----- dataset: FIESTAdata_neid_mode2     ----- model: gp_multidimensional           
rot_amp       id:  46  s:Linear      b:[    -10.0000,      10.0000]   p:Uniform   []
con_amp       id:  47  s:Linear      b:[    -20.0000,      20.0000]   p:Uniform   []

----- common model:  activity
Prot          id:   0  s:Linear      b:[     20.0000,      35.0000]   p:Gaussian   [28.   0.5]
Pdec          id:   1  s:Linear      b:[     30.0000,    1000.0000]   p:Uniform   []
Oamp          id:   2  s:Log_Base2   b:[     -6.6439,       0.0000]   p:Gaussian   [0.35  0.035]

----- common model:  star_parameters
mass          derived (no id, space, bound)                           p:Gaussian   [1.e+00 1.e-06]
radius        derived (no id, space, bound)                           p:Gaussian   [1.e+00 1.e-06]
density       derived (no id, space, bound)                           p:Gaussian   [1.e+00 1.e-06]


****************************************************************************************************
****************************************************************************************************

 Confidence intervals (median value, 34.135th percentile from the median on the left and right side)

====================================================================================================
     Statistics on the posterior of the sampler parameters     
====================================================================================================

----- dataset:  RVdata_expres
jitter_0         3          1.35        -0.19         0.34   (15-84 p)   [    0.0010,    11.5000]
offset_0         4           9.7         -2.0          2.1   (15-84 p)   [-9995.6770, 10013.1550]

----- dataset: RVdata_expres             ----- model: gp_multidimensional           
rot_amp          5           5.2         -2.5          2.5   (15-84 p)   [    0.0000,    10.0000]
con_amp          6           5.5         -1.9          1.8   (15-84 p)   [  -20.0000,    20.0000]

----- dataset:  RVdata_harps
jitter_0         7         1.283       -0.097         0.11   (15-84 p)   [    0.0010,    13.3000]
offset_0         8          10.0         -1.1          1.3   (15-84 p)   [-9995.1415, 10014.3487]
offset_1         9          11.3         -1.2          1.2   (15-84 p)   [-9995.1415, 10014.3487]

----- dataset: RVdata_harps              ----- model: gp_multidimensional           
rot_amp         10           2.9         -2.2          2.0   (15-84 p)   [    0.0000,    10.0000]
con_amp         11          3.08        -0.81          1.0   (15-84 p)   [  -20.0000,    20.0000]

----- dataset:  RVdata_neid
jitter_0        12          1.33        -0.12         0.14   (15-84 p)   [    0.0010,    12.2000]
offset_0        13          10.8         -1.3          1.4   (15-84 p)   [-9993.8466, 10013.8014]

----- dataset: RVdata_neid               ----- model: gp_multidimensional           
rot_amp         14           3.7         -2.7          4.2   (15-84 p)   [    0.0000,    10.0000]
con_amp         15           3.7         -1.3          1.3   (15-84 p)   [  -20.0000,    20.0000]

----- dataset:  FIESTAdata_expres_mode1
jitter_0        16          0.83        -0.10         0.16   (15-84 p)   [    0.0017,    18.8925]
offset_0        17          0.01        -0.20         0.19   (15-84 p)   [-10002.1949, 10002.5098]

----- dataset: FIESTAdata_expres_mode1   ----- model: gp_multidimensional           
rot_amp         18           1.6         -9.5          6.5   (15-84 p)   [  -10.0000,    10.0000]
con_amp         19          0.09        -0.57         0.62   (15-84 p)   [  -20.0000,    20.0000]

----- dataset:  FIESTAdata_expres_mode2
jitter_0        20          1.18        -0.18         0.24   (15-84 p)   [    0.0019,    21.6249]
offset_0        21         -0.05        -0.27         0.26   (15-84 p)   [-10003.5675, 10002.6832]

----- dataset: FIESTAdata_expres_mode2   ----- model: gp_multidimensional           
rot_amp         22          -5.4         -4.3           14   (15-84 p)   [  -10.0000,    10.0000]
con_amp         23         -0.41        -0.74         0.74   (15-84 p)   [  -20.0000,    20.0000]

----- dataset:  FIESTAdata_harps_mode1
jitter_0        24          0.80        -0.14         0.18   (15-84 p)   [    0.0013,    15.1367]
offset_0        25          0.17        -0.82         0.66   (15-84 p)   [-10001.7714, 10001.4046]

----- dataset: FIESTAdata_harps_mode1    ----- model: gp_multidimensional           
rot_amp         26          -2.6         -4.9          2.4   (15-84 p)   [  -10.0000,    10.0000]
con_amp         27          -2.0         -1.3          1.7   (15-84 p)   [  -20.0000,    20.0000]

----- dataset:  FIESTAdata_harps_mode2
jitter_0        28          1.22        -0.25         0.33   (15-84 p)   [    0.0016,    17.8506]
offset_0        29          -0.1         -1.4          1.7   (15-84 p)   [-10002.5532, 10002.9102]

----- dataset: FIESTAdata_harps_mode2    ----- model: gp_multidimensional           
rot_amp         30           4.5         -4.1          3.3   (15-84 p)   [  -10.0000,    10.0000]
con_amp         31           4.3         -2.5          2.2   (15-84 p)   [  -20.0000,    20.0000]

----- dataset:  FIESTAdata_harpsn_mode1
jitter_0        32          1.24        -0.13         0.16   (15-84 p)   [    0.0011,    12.1542]
offset_0        33          0.04        -0.35         0.48   (15-84 p)   [-10003.4464, 10004.1108]

----- dataset: FIESTAdata_harpsn_mode1   ----- model: gp_multidimensional           
rot_amp         34           4.0          -13          4.7   (15-84 p)   [  -10.0000,    10.0000]
con_amp         35          0.91        -0.53         0.52   (15-84 p)   [  -20.0000,    20.0000]

----- dataset:  FIESTAdata_harpsn_mode2
jitter_0        36          1.57        -0.15         0.18   (15-84 p)   [    0.0013,    14.0766]
offset_0        37         -0.07        -0.59         0.42   (15-84 p)   [-10004.6195, 10004.1281]

----- dataset: FIESTAdata_harpsn_mode2   ----- model: gp_multidimensional           
rot_amp         38          -4.7         -4.4           14   (15-84 p)   [  -10.0000,    10.0000]
con_amp         39         -1.12        -0.57         0.61   (15-84 p)   [  -20.0000,    20.0000]

----- dataset:  FIESTAdata_neid_mode1
jitter_0        40         0.886       -0.076        0.085   (15-84 p)   [    0.0016,    19.1169]
offset_0        41          0.04        -0.18         0.20   (15-84 p)   [-10002.3634, 10001.6978]

----- dataset: FIESTAdata_neid_mode1     ----- model: gp_multidimensional           
rot_amp         42           1.0         -1.9          2.2   (15-84 p)   [  -10.0000,    10.0000]
con_amp         43          0.20        -0.41         0.48   (15-84 p)   [  -20.0000,    20.0000]

----- dataset:  FIESTAdata_neid_mode2
jitter_0        44          1.32        -0.11         0.13   (15-84 p)   [    0.0020,    23.0831]
offset_0        45         -0.11        -0.39         0.30   (15-84 p)   [-10002.5311, 10003.2840]

----- dataset: FIESTAdata_neid_mode2     ----- model: gp_multidimensional           
rot_amp         46          -2.4         -3.1          2.5   (15-84 p)   [  -10.0000,    10.0000]
con_amp         47         -0.67        -0.84         0.76   (15-84 p)   [  -20.0000,    20.0000]

----- common model:  activity
Prot             0          27.0         -1.4          1.3   (15-84 p)   [   20.0000,    35.0000]
Pdec             1         31.12        -0.86          2.5   (15-84 p)   [   30.0000,  1000.0000]
Oamp             2         -1.57        -0.24         0.23   (15-84 p)   [   -6.6439,     0.0000]

----- common model:  star_parameters

====================================================================================================
     Statistics on the model parameters obtained from the posteriors samples     
====================================================================================================

----- dataset:  RVdata_expres
jitter_0                  1.35        -0.19         0.34    (15-84 p)
offset_0                   9.7         -2.0          2.1    (15-84 p)


----- dataset: RVdata_expres             ----- model: gp_multidimensional           
rot_amp                    5.2         -2.5          2.5    (15-84 p)
con_amp                    5.5         -1.9          1.8    (15-84 p)

----- dataset:  RVdata_harps
jitter_0                 1.283       -0.097         0.11    (15-84 p)
offset_0                  10.0         -1.1          1.3    (15-84 p)
offset_1                  11.3         -1.2          1.2    (15-84 p)


----- dataset: RVdata_harps              ----- model: gp_multidimensional           
rot_amp                    2.9         -2.2          2.0    (15-84 p)
con_amp                   3.08        -0.81          1.0    (15-84 p)

----- dataset:  RVdata_neid
jitter_0                  1.33        -0.12         0.14    (15-84 p)
offset_0                  10.8         -1.3          1.4    (15-84 p)


----- dataset: RVdata_neid               ----- model: gp_multidimensional           
rot_amp                    3.7         -2.7          4.2    (15-84 p)
con_amp                    3.7         -1.3          1.3    (15-84 p)

----- dataset:  FIESTAdata_expres_mode1
jitter_0                  0.83        -0.10         0.16    (15-84 p)
offset_0                  0.01        -0.20         0.19    (15-84 p)


----- dataset: FIESTAdata_expres_mode1   ----- model: gp_multidimensional           
rot_amp                    1.6         -9.5          6.5    (15-84 p)
con_amp                   0.09        -0.57         0.62    (15-84 p)

----- dataset:  FIESTAdata_expres_mode2
jitter_0                  1.18        -0.18         0.24    (15-84 p)
offset_0                 -0.05        -0.27         0.26    (15-84 p)


----- dataset: FIESTAdata_expres_mode2   ----- model: gp_multidimensional           
rot_amp                   -5.4         -4.3           14    (15-84 p)
con_amp                  -0.41        -0.74         0.74    (15-84 p)

----- dataset:  FIESTAdata_harps_mode1
jitter_0                  0.80        -0.14         0.18    (15-84 p)
offset_0                  0.17        -0.82         0.66    (15-84 p)


----- dataset: FIESTAdata_harps_mode1    ----- model: gp_multidimensional           
rot_amp                   -2.6         -4.9          2.4    (15-84 p)
con_amp                   -2.0         -1.3          1.7    (15-84 p)

----- dataset:  FIESTAdata_harps_mode2
jitter_0                  1.22        -0.25         0.33    (15-84 p)
offset_0                  -0.1         -1.4          1.7    (15-84 p)


----- dataset: FIESTAdata_harps_mode2    ----- model: gp_multidimensional           
rot_amp                    4.5         -4.1          3.3    (15-84 p)
con_amp                    4.3         -2.5          2.2    (15-84 p)

----- dataset:  FIESTAdata_harpsn_mode1
jitter_0                  1.24        -0.13         0.16    (15-84 p)
offset_0                  0.04        -0.35         0.48    (15-84 p)


----- dataset: FIESTAdata_harpsn_mode1   ----- model: gp_multidimensional           
rot_amp                    4.0          -13          4.7    (15-84 p)
con_amp                   0.91        -0.53         0.52    (15-84 p)

----- dataset:  FIESTAdata_harpsn_mode2
jitter_0                  1.57        -0.15         0.18    (15-84 p)
offset_0                 -0.07        -0.59         0.42    (15-84 p)


----- dataset: FIESTAdata_harpsn_mode2   ----- model: gp_multidimensional           
rot_amp                   -4.7         -4.4           14    (15-84 p)
con_amp                  -1.12        -0.57         0.61    (15-84 p)

----- dataset:  FIESTAdata_neid_mode1
jitter_0                 0.886       -0.076        0.085    (15-84 p)
offset_0                  0.04        -0.18         0.20    (15-84 p)


----- dataset: FIESTAdata_neid_mode1     ----- model: gp_multidimensional           
rot_amp                    1.0         -1.9          2.2    (15-84 p)
con_amp                   0.20        -0.41         0.48    (15-84 p)

----- dataset:  FIESTAdata_neid_mode2
jitter_0                  1.32        -0.11         0.13    (15-84 p)
offset_0                 -0.11        -0.39         0.30    (15-84 p)


----- dataset: FIESTAdata_neid_mode2     ----- model: gp_multidimensional           
rot_amp                   -2.4         -3.1          2.5    (15-84 p)
con_amp                  -0.67        -0.84         0.76    (15-84 p)

----- common model:  activity
Prot                      27.0         -1.4          1.3    (15-84 p)
Pdec                     31.12        -0.86          2.5    (15-84 p)
Oamp                     0.336       -0.052        0.059    (15-84 p)

----- common model:  star_parameters

====================================================================================================
     Statistics on the derived parameters obtained from the posteriors samples     
====================================================================================================


====================================================================================================
     ------------------------------------------------------------------------------------------     
====================================================================================================



****************************************************************************************************

 Parameters corresponding to the Maximum a Posteriori probability ( -1601.60237730792 )

====================================================================================================
     Statistics on the posterior of the sampler parameters     
====================================================================================================

----- dataset:  RVdata_expres
jitter_0         3      1.199673 [    0.0010,    11.5000]
offset_0         4      9.819918 [-9995.6770, 10013.1550]

----- dataset: RVdata_expres             ----- model: gp_multidimensional           
rot_amp          5      5.044059 [    0.0000,    10.0000]
con_amp          6      4.819765 [  -20.0000,    20.0000]

----- dataset:  RVdata_harps
jitter_0         7      1.315977 [    0.0010,    13.3000]
offset_0         8      9.866361 [-9995.1415, 10014.3487]
offset_1         9     11.450368 [-9995.1415, 10014.3487]

----- dataset: RVdata_harps              ----- model: gp_multidimensional           
rot_amp         10      4.346704 [    0.0000,    10.0000]
con_amp         11      2.669857 [  -20.0000,    20.0000]

----- dataset:  RVdata_neid
jitter_0        12      1.346445 [    0.0010,    12.2000]
offset_0        13     10.646844 [-9993.8466, 10013.8014]

----- dataset: RVdata_neid               ----- model: gp_multidimensional           
rot_amp         14      2.309691 [    0.0000,    10.0000]
con_amp         15      3.350730 [  -20.0000,    20.0000]

----- dataset:  FIESTAdata_expres_mode1
jitter_0        16      0.711508 [    0.0017,    18.8925]
offset_0        17     -0.062413 [-10002.1949, 10002.5098]

----- dataset: FIESTAdata_expres_mode1   ----- model: gp_multidimensional           
rot_amp         18      7.255232 [  -10.0000,    10.0000]
con_amp         19      0.306583 [  -20.0000,    20.0000]

----- dataset:  FIESTAdata_expres_mode2
jitter_0        20      1.037032 [    0.0019,    21.6249]
offset_0        21     -0.006144 [-10003.5675, 10002.6832]

----- dataset: FIESTAdata_expres_mode2   ----- model: gp_multidimensional           
rot_amp         22     -9.535929 [  -10.0000,    10.0000]
con_amp         23     -0.772658 [  -20.0000,    20.0000]

----- dataset:  FIESTAdata_harps_mode1
jitter_0        24      0.648735 [    0.0013,    15.1367]
offset_0        25     -0.042939 [-10001.7714, 10001.4046]

----- dataset: FIESTAdata_harps_mode1    ----- model: gp_multidimensional           
rot_amp         26     -1.820649 [  -10.0000,    10.0000]
con_amp         27     -2.230822 [  -20.0000,    20.0000]

----- dataset:  FIESTAdata_harps_mode2
jitter_0        28      1.107994 [    0.0016,    17.8506]
offset_0        29      0.163871 [-10002.5532, 10002.9102]

----- dataset: FIESTAdata_harps_mode2    ----- model: gp_multidimensional           
rot_amp         30      4.433158 [  -10.0000,    10.0000]
con_amp         31      4.517610 [  -20.0000,    20.0000]

----- dataset:  FIESTAdata_harpsn_mode1
jitter_0        32      1.215855 [    0.0011,    12.1542]
offset_0        33     -0.303513 [-10003.4464, 10004.1108]

----- dataset: FIESTAdata_harpsn_mode1   ----- model: gp_multidimensional           
rot_amp         34      6.881217 [  -10.0000,    10.0000]
con_amp         35      0.485554 [  -20.0000,    20.0000]

----- dataset:  FIESTAdata_harpsn_mode2
jitter_0        36      1.647395 [    0.0013,    14.0766]
offset_0        37      0.048852 [-10004.6195, 10004.1281]

----- dataset: FIESTAdata_harpsn_mode2   ----- model: gp_multidimensional           
rot_amp         38     -8.424696 [  -10.0000,    10.0000]
con_amp         39     -0.986634 [  -20.0000,    20.0000]

----- dataset:  FIESTAdata_neid_mode1
jitter_0        40      0.902668 [    0.0016,    19.1169]
offset_0        41      0.026731 [-10002.3634, 10001.6978]

----- dataset: FIESTAdata_neid_mode1     ----- model: gp_multidimensional           
rot_amp         42     -0.173381 [  -10.0000,    10.0000]
con_amp         43      0.246405 [  -20.0000,    20.0000]

----- dataset:  FIESTAdata_neid_mode2
jitter_0        44      1.314531 [    0.0020,    23.0831]
offset_0        45     -0.104438 [-10002.5311, 10003.2840]

----- dataset: FIESTAdata_neid_mode2     ----- model: gp_multidimensional           
rot_amp         46     -1.365930 [  -10.0000,    10.0000]
con_amp         47     -0.569220 [  -20.0000,    20.0000]

----- common model:  activity
Prot             0     25.442677 [   20.0000,    35.0000]
Pdec             1     30.141434 [   30.0000,  1000.0000]
Oamp             2     -1.782920 [   -6.6439,     0.0000]

----- common model:  star_parameters

====================================================================================================
     Statistics on the model parameters obtained from the posteriors samples     
====================================================================================================

----- dataset:  RVdata_expres
jitter_0              1.199673 
offset_0              9.819918 


----- dataset: RVdata_expres             ----- model: gp_multidimensional           
rot_amp               5.044059 
con_amp               4.819765 

----- dataset:  RVdata_harps
jitter_0              1.315977 
offset_0              9.866361 
offset_1             11.450368 


----- dataset: RVdata_harps              ----- model: gp_multidimensional           
rot_amp               4.346704 
con_amp               2.669857 

----- dataset:  RVdata_neid
jitter_0              1.346445 
offset_0             10.646844 


----- dataset: RVdata_neid               ----- model: gp_multidimensional           
rot_amp               2.309691 
con_amp               3.350730 

----- dataset:  FIESTAdata_expres_mode1
jitter_0              0.711508 
offset_0             -0.062413 


----- dataset: FIESTAdata_expres_mode1   ----- model: gp_multidimensional           
rot_amp               7.255232 
con_amp               0.306583 

----- dataset:  FIESTAdata_expres_mode2
jitter_0              1.037032 
offset_0             -0.006144 


----- dataset: FIESTAdata_expres_mode2   ----- model: gp_multidimensional           
rot_amp              -9.535929 
con_amp              -0.772658 

----- dataset:  FIESTAdata_harps_mode1
jitter_0              0.648735 
offset_0             -0.042939 


----- dataset: FIESTAdata_harps_mode1    ----- model: gp_multidimensional           
rot_amp              -1.820649 
con_amp              -2.230822 

----- dataset:  FIESTAdata_harps_mode2
jitter_0              1.107994 
offset_0              0.163871 


----- dataset: FIESTAdata_harps_mode2    ----- model: gp_multidimensional           
rot_amp               4.433158 
con_amp               4.517610 

----- dataset:  FIESTAdata_harpsn_mode1
jitter_0              1.215855 
offset_0             -0.303513 


----- dataset: FIESTAdata_harpsn_mode1   ----- model: gp_multidimensional           
rot_amp               6.881217 
con_amp               0.485554 

----- dataset:  FIESTAdata_harpsn_mode2
jitter_0              1.647395 
offset_0              0.048852 


----- dataset: FIESTAdata_harpsn_mode2   ----- model: gp_multidimensional           
rot_amp              -8.424696 
con_amp              -0.986634 

----- dataset:  FIESTAdata_neid_mode1
jitter_0              0.902668 
offset_0              0.026731 


----- dataset: FIESTAdata_neid_mode1     ----- model: gp_multidimensional           
rot_amp              -0.173381 
con_amp               0.246405 

----- dataset:  FIESTAdata_neid_mode2
jitter_0              1.314531 
offset_0             -0.104438 


----- dataset: FIESTAdata_neid_mode2     ----- model: gp_multidimensional           
rot_amp              -1.365930 
con_amp              -0.569220 

----- common model:  activity
Prot                 25.442677 
Pdec                 30.141434 
Oamp                  0.290595 

----- common model:  star_parameters

====================================================================================================
     Statistics on the derived parameters obtained from the posteriors samples     
====================================================================================================


====================================================================================================
     ------------------------------------------------------------------------------------------     
====================================================================================================



****************************************************************************************************

 Parameters corresponding to the sample closest to the median values ( -1633.130219079515 )

====================================================================================================
     Statistics on the posterior of the sampler parameters     
====================================================================================================

----- dataset:  RVdata_expres
jitter_0         3      1.143559 [    0.0010,    11.5000]
offset_0         4     10.757993 [-9995.6770, 10013.1550]

----- dataset: RVdata_expres             ----- model: gp_multidimensional           
rot_amp          5      5.195338 [    0.0000,    10.0000]
con_amp          6      7.909707 [  -20.0000,    20.0000]

----- dataset:  RVdata_harps
jitter_0         7      1.395941 [    0.0010,    13.3000]
offset_0         8     10.443732 [-9995.1415, 10014.3487]
offset_1         9     12.084529 [-9995.1415, 10014.3487]

----- dataset: RVdata_harps              ----- model: gp_multidimensional           
rot_amp         10      3.235869 [    0.0000,    10.0000]
con_amp         11      4.098953 [  -20.0000,    20.0000]

----- dataset:  RVdata_neid
jitter_0        12      1.437179 [    0.0010,    12.2000]
offset_0        13     11.413369 [-9993.8466, 10013.8014]

----- dataset: RVdata_neid               ----- model: gp_multidimensional           
rot_amp         14      4.251459 [    0.0000,    10.0000]
con_amp         15      5.113123 [  -20.0000,    20.0000]

----- dataset:  FIESTAdata_expres_mode1
jitter_0        16      0.903870 [    0.0017,    18.8925]
offset_0        17      0.039385 [-10002.1949, 10002.5098]

----- dataset: FIESTAdata_expres_mode1   ----- model: gp_multidimensional           
rot_amp         18      3.919480 [  -10.0000,    10.0000]
con_amp         19      0.297123 [  -20.0000,    20.0000]

----- dataset:  FIESTAdata_expres_mode2
jitter_0        20      1.286656 [    0.0019,    21.6249]
offset_0        21     -0.090623 [-10003.5675, 10002.6832]

----- dataset: FIESTAdata_expres_mode2   ----- model: gp_multidimensional           
rot_amp         22     -5.510619 [  -10.0000,    10.0000]
con_amp         23     -0.833485 [  -20.0000,    20.0000]

----- dataset:  FIESTAdata_harps_mode1
jitter_0        24      0.753007 [    0.0013,    15.1367]
offset_0        25     -0.230032 [-10001.7714, 10001.4046]

----- dataset: FIESTAdata_harps_mode1    ----- model: gp_multidimensional           
rot_amp         26     -2.537355 [  -10.0000,    10.0000]
con_amp         27     -2.599663 [  -20.0000,    20.0000]

----- dataset:  FIESTAdata_harps_mode2
jitter_0        28      1.096004 [    0.0016,    17.8506]
offset_0        29      0.699443 [-10002.5532, 10002.9102]

----- dataset: FIESTAdata_harps_mode2    ----- model: gp_multidimensional           
rot_amp         30      4.450084 [  -10.0000,    10.0000]
con_amp         31      4.918126 [  -20.0000,    20.0000]

----- dataset:  FIESTAdata_harpsn_mode1
jitter_0        32      1.254928 [    0.0011,    12.1542]
offset_0        33      0.032036 [-10003.4464, 10004.1108]

----- dataset: FIESTAdata_harpsn_mode1   ----- model: gp_multidimensional           
rot_amp         34      3.187430 [  -10.0000,    10.0000]
con_amp         35      0.241866 [  -20.0000,    20.0000]

----- dataset:  FIESTAdata_harpsn_mode2
jitter_0        36      1.654508 [    0.0013,    14.0766]
offset_0        37     -0.087761 [-10004.6195, 10004.1281]

----- dataset: FIESTAdata_harpsn_mode2   ----- model: gp_multidimensional           
rot_amp         38     -5.169237 [  -10.0000,    10.0000]
con_amp         39     -1.143961 [  -20.0000,    20.0000]

----- dataset:  FIESTAdata_neid_mode1
jitter_0        40      0.864703 [    0.0016,    19.1169]
offset_0        41      0.180815 [-10002.3634, 10001.6978]

----- dataset: FIESTAdata_neid_mode1     ----- model: gp_multidimensional           
rot_amp         42     -0.011859 [  -10.0000,    10.0000]
con_amp         43      0.662811 [  -20.0000,    20.0000]

----- dataset:  FIESTAdata_neid_mode2
jitter_0        44      1.279770 [    0.0020,    23.0831]
offset_0        45     -0.292229 [-10002.5311, 10003.2840]

----- dataset: FIESTAdata_neid_mode2     ----- model: gp_multidimensional           
rot_amp         46     -1.383572 [  -10.0000,    10.0000]
con_amp         47     -1.143713 [  -20.0000,    20.0000]

----- common model:  activity
Prot             0     26.819758 [   20.0000,    35.0000]
Pdec             1     32.404355 [   30.0000,  1000.0000]
Oamp             2     -1.510219 [   -6.6439,     0.0000]

----- common model:  star_parameters

====================================================================================================
     Statistics on the model parameters obtained from the posteriors samples     
====================================================================================================

----- dataset:  RVdata_expres
jitter_0              1.143559 
offset_0             10.757993 


----- dataset: RVdata_expres             ----- model: gp_multidimensional           
rot_amp               5.195338 
con_amp               7.909707 

----- dataset:  RVdata_harps
jitter_0              1.395941 
offset_0             10.443732 
offset_1             12.084529 


----- dataset: RVdata_harps              ----- model: gp_multidimensional           
rot_amp               3.235869 
con_amp               4.098953 

----- dataset:  RVdata_neid
jitter_0              1.437179 
offset_0             11.413369 


----- dataset: RVdata_neid               ----- model: gp_multidimensional           
rot_amp               4.251459 
con_amp               5.113123 

----- dataset:  FIESTAdata_expres_mode1
jitter_0              0.903870 
offset_0              0.039385 


----- dataset: FIESTAdata_expres_mode1   ----- model: gp_multidimensional           
rot_amp               3.919480 
con_amp               0.297123 

----- dataset:  FIESTAdata_expres_mode2
jitter_0              1.286656 
offset_0             -0.090623 


----- dataset: FIESTAdata_expres_mode2   ----- model: gp_multidimensional           
rot_amp              -5.510619 
con_amp              -0.833485 

----- dataset:  FIESTAdata_harps_mode1
jitter_0              0.753007 
offset_0             -0.230032 


----- dataset: FIESTAdata_harps_mode1    ----- model: gp_multidimensional           
rot_amp              -2.537355 
con_amp              -2.599663 

----- dataset:  FIESTAdata_harps_mode2
jitter_0              1.096004 
offset_0              0.699443 


----- dataset: FIESTAdata_harps_mode2    ----- model: gp_multidimensional           
rot_amp               4.450084 
con_amp               4.918126 

----- dataset:  FIESTAdata_harpsn_mode1
jitter_0              1.254928 
offset_0              0.032036 


----- dataset: FIESTAdata_harpsn_mode1   ----- model: gp_multidimensional           
rot_amp               3.187430 
con_amp               0.241866 

----- dataset:  FIESTAdata_harpsn_mode2
jitter_0              1.654508 
offset_0             -0.087761 


----- dataset: FIESTAdata_harpsn_mode2   ----- model: gp_multidimensional           
rot_amp              -5.169237 
con_amp              -1.143961 

----- dataset:  FIESTAdata_neid_mode1
jitter_0              0.864703 
offset_0              0.180815 


----- dataset: FIESTAdata_neid_mode1     ----- model: gp_multidimensional           
rot_amp              -0.011859 
con_amp               0.662811 

----- dataset:  FIESTAdata_neid_mode2
jitter_0              1.279770 
offset_0             -0.292229 


----- dataset: FIESTAdata_neid_mode2     ----- model: gp_multidimensional           
rot_amp              -1.383572 
con_amp              -1.143713 

----- common model:  activity
Prot                 26.819758 
Pdec                 32.404355 
Oamp                  0.351058 

----- common model:  star_parameters

====================================================================================================
     Statistics on the derived parameters obtained from the posteriors samples     
====================================================================================================


====================================================================================================
     ------------------------------------------------------------------------------------------     
====================================================================================================



****************************************************************************************************

Note: stellar density derived from stellar mass and radius

 Plot FLAT chain 

****************************************************************************************************

 Skipping full correlation plot due to the high number of parameters
 To avoid this behaviour, set the keyword parameters:force_full_correlation_plot to True

****************************************************************************************************

 Plotting the chains... 

****************************************************************************************************

 Plotting the Gelman-Rubin traces... 

     Gelman-Rubin:     3     1.136439 RVdata_expres_jitter_0 
     Gelman-Rubin:     4     1.195068 RVdata_expres_offset_0 
     Gelman-Rubin:     5     1.064993 RVdata_expres_gp_multidimensional_rot_amp 
     Gelman-Rubin:     6     1.126550 RVdata_expres_gp_multidimensional_con_amp 
     Gelman-Rubin:     7     1.045221 RVdata_harps_jitter_0 
     Gelman-Rubin:     8     1.195273 RVdata_harps_offset_0 
     Gelman-Rubin:     9     1.186281 RVdata_harps_offset_1 
     Gelman-Rubin:    10     1.129690 RVdata_harps_gp_multidimensional_rot_amp 
     Gelman-Rubin:    11     1.097077 RVdata_harps_gp_multidimensional_con_amp 
     Gelman-Rubin:    12     1.063401 RVdata_neid_jitter_0 
     Gelman-Rubin:    13     1.182414 RVdata_neid_offset_0 
     Gelman-Rubin:    14     1.158717 RVdata_neid_gp_multidimensional_rot_amp 
     Gelman-Rubin:    15     1.128707 RVdata_neid_gp_multidimensional_con_amp 
     Gelman-Rubin:    16     1.049282 FIESTAdata_expres_mode1_jitter_0 
     Gelman-Rubin:    17     1.101380 FIESTAdata_expres_mode1_offset_0 
     Gelman-Rubin:    18     1.231120 FIESTAdata_expres_mode1_gp_multidimensional_rot_amp 
     Gelman-Rubin:    19     1.164727 FIESTAdata_expres_mode1_gp_multidimensional_con_amp 
     Gelman-Rubin:    20     1.078077 FIESTAdata_expres_mode2_jitter_0 
     Gelman-Rubin:    21     1.104109 FIESTAdata_expres_mode2_offset_0 
     Gelman-Rubin:    22     1.244805 FIESTAdata_expres_mode2_gp_multidimensional_rot_amp 
     Gelman-Rubin:    23     1.160106 FIESTAdata_expres_mode2_gp_multidimensional_con_amp 
     Gelman-Rubin:    24     1.061535 FIESTAdata_harps_mode1_jitter_0 
     Gelman-Rubin:    25     1.147686 FIESTAdata_harps_mode1_offset_0 
     Gelman-Rubin:    26     1.125615 FIESTAdata_harps_mode1_gp_multidimensional_rot_amp 
     Gelman-Rubin:    27     1.165105 FIESTAdata_harps_mode1_gp_multidimensional_con_amp 
     Gelman-Rubin:    28     1.095281 FIESTAdata_harps_mode2_jitter_0 
     Gelman-Rubin:    29     1.171339 FIESTAdata_harps_mode2_offset_0 
     Gelman-Rubin:    30     1.068731 FIESTAdata_harps_mode2_gp_multidimensional_rot_amp 
     Gelman-Rubin:    31     1.162196 FIESTAdata_harps_mode2_gp_multidimensional_con_amp 
     Gelman-Rubin:    32     1.054639 FIESTAdata_harpsn_mode1_jitter_0 
     Gelman-Rubin:    33     1.159064 FIESTAdata_harpsn_mode1_offset_0 
     Gelman-Rubin:    34     1.232860 FIESTAdata_harpsn_mode1_gp_multidimensional_rot_amp 
     Gelman-Rubin:    35     1.057169 FIESTAdata_harpsn_mode1_gp_multidimensional_con_amp 
     Gelman-Rubin:    36     1.043072 FIESTAdata_harpsn_mode2_jitter_0 
     Gelman-Rubin:    37     1.170738 FIESTAdata_harpsn_mode2_offset_0 
     Gelman-Rubin:    38     1.242483 FIESTAdata_harpsn_mode2_gp_multidimensional_rot_amp 
     Gelman-Rubin:    39     1.056908 FIESTAdata_harpsn_mode2_gp_multidimensional_con_amp 
     Gelman-Rubin:    40     1.042315 FIESTAdata_neid_mode1_jitter_0 
     Gelman-Rubin:    41     1.094732 FIESTAdata_neid_mode1_offset_0 
     Gelman-Rubin:    42     1.126615 FIESTAdata_neid_mode1_gp_multidimensional_rot_amp 
     Gelman-Rubin:    43     1.114513 FIESTAdata_neid_mode1_gp_multidimensional_con_amp 
     Gelman-Rubin:    44     1.053746 FIESTAdata_neid_mode2_jitter_0 
     Gelman-Rubin:    45     1.105157 FIESTAdata_neid_mode2_offset_0 
     Gelman-Rubin:    46     1.128261 FIESTAdata_neid_mode2_gp_multidimensional_rot_amp 
     Gelman-Rubin:    47     1.153795 FIESTAdata_neid_mode2_gp_multidimensional_con_amp 
     Gelman-Rubin:     0     1.171063 activity_Prot 
     Gelman-Rubin:     1     1.086334 activity_Pdec 
     Gelman-Rubin:     2     1.121320 activity_Oamp 

****************************************************************************************************

Plotting the common models corner plots
     Common model:  activity
     Common model:  star_parameters

****************************************************************************************************

Plotting the dataset + models corner plots 

     Dataset:  RVdata_expres     model:  gp_multidimensional  corner plot  starting 
     Dataset:  RVdata_expres     model:  gp_multidimensional  corner plot  done 
     Dataset:  RVdata_harps     model:  gp_multidimensional  corner plot  starting 
     Dataset:  RVdata_harps     model:  gp_multidimensional  corner plot  done 
     Dataset:  RVdata_neid     model:  gp_multidimensional  corner plot  starting 
     Dataset:  RVdata_neid     model:  gp_multidimensional  corner plot  done 
     Dataset:  FIESTAdata_expres_mode1     model:  gp_multidimensional  corner plot  starting 
     Dataset:  FIESTAdata_expres_mode1     model:  gp_multidimensional  corner plot  done 
     Dataset:  FIESTAdata_expres_mode2     model:  gp_multidimensional  corner plot  starting 
     Dataset:  FIESTAdata_expres_mode2     model:  gp_multidimensional  corner plot  done 
     Dataset:  FIESTAdata_harps_mode1     model:  gp_multidimensional  corner plot  starting 
     Dataset:  FIESTAdata_harps_mode1     model:  gp_multidimensional  corner plot  done 
     Dataset:  FIESTAdata_harps_mode2     model:  gp_multidimensional  corner plot  starting 
     Dataset:  FIESTAdata_harps_mode2     model:  gp_multidimensional  corner plot  done 
     Dataset:  FIESTAdata_harpsn_mode1     model:  gp_multidimensional  corner plot  starting 
     Dataset:  FIESTAdata_harpsn_mode1     model:  gp_multidimensional  corner plot  done 
     Dataset:  FIESTAdata_harpsn_mode2     model:  gp_multidimensional  corner plot  starting 
     Dataset:  FIESTAdata_harpsn_mode2     model:  gp_multidimensional  corner plot  done 
     Dataset:  FIESTAdata_neid_mode1     model:  gp_multidimensional  corner plot  starting 
     Dataset:  FIESTAdata_neid_mode1     model:  gp_multidimensional  corner plot  done 
     Dataset:  FIESTAdata_neid_mode2     model:  gp_multidimensional  corner plot  starting 
     Dataset:  FIESTAdata_neid_mode2     model:  gp_multidimensional  corner plot  done 

****************************************************************************************************

 Saving the planet parameter samplings to files (with plots)

****************************************************************************************************

 Saving all the parameter samplings to files (with plots)

****************************************************************************************************

 Computing the models for plot/data writing 
     Splitting the plot array to allow GP prediction of extended datasets, it may take a while...
     # 24 chunks of 75 times each
     Check the documentation if the code is taking too long or if it crashes...
     Splitting the plot array to allow GP prediction of extended datasets, it may take a while...
     # 24 chunks of 75 times each
     Check the documentation if the code is taking too long or if it crashes...
     Splitting the plot array to allow GP prediction of extended datasets, it may take a while...
     # 24 chunks of 75 times each
     Check the documentation if the code is taking too long or if it crashes...
     Splitting the plot array to allow GP prediction of extended datasets, it may take a while...
     # 17 chunks of 75 times each
     Check the documentation if the code is taking too long or if it crashes...
     Splitting the plot array to allow GP prediction of extended datasets, it may take a while...
     # 17 chunks of 75 times each
     Check the documentation if the code is taking too long or if it crashes...
     Splitting the plot array to allow GP prediction of extended datasets, it may take a while...
     # 4 chunks of 75 times each
     Check the documentation if the code is taking too long or if it crashes...
     Splitting the plot array to allow GP prediction of extended datasets, it may take a while...
     # 4 chunks of 75 times each
     Check the documentation if the code is taking too long or if it crashes...
     Splitting the plot array to allow GP prediction of extended datasets, it may take a while...
     # 15 chunks of 75 times each
     Check the documentation if the code is taking too long or if it crashes...
     Splitting the plot array to allow GP prediction of extended datasets, it may take a while...
     # 15 chunks of 75 times each
     Check the documentation if the code is taking too long or if it crashes...
     Splitting the plot array to allow GP prediction of extended datasets, it may take a while...
     # 14 chunks of 75 times each
     Check the documentation if the code is taking too long or if it crashes...
     Splitting the plot array to allow GP prediction of extended datasets, it may take a while...
     # 14 chunks of 75 times each
     Check the documentation if the code is taking too long or if it crashes...
     Splitting the plot array to allow GP prediction of extended datasets, it may take a while...
     # 24 chunks of 75 times each
     Check the documentation if the code is taking too long or if it crashes...
     Splitting the plot array to allow GP prediction of extended datasets, it may take a while...
     # 24 chunks of 75 times each
     Check the documentation if the code is taking too long or if it crashes...
     Splitting the plot array to allow GP prediction of extended datasets, it may take a while...
     # 24 chunks of 75 times each
     Check the documentation if the code is taking too long or if it crashes...
     Splitting the plot array to allow GP prediction of extended datasets, it may take a while...
     # 17 chunks of 75 times each
     Check the documentation if the code is taking too long or if it crashes...
     Splitting the plot array to allow GP prediction of extended datasets, it may take a while...
     # 17 chunks of 75 times each
     Check the documentation if the code is taking too long or if it crashes...
     Splitting the plot array to allow GP prediction of extended datasets, it may take a while...
     # 4 chunks of 75 times each
     Check the documentation if the code is taking too long or if it crashes...
     Splitting the plot array to allow GP prediction of extended datasets, it may take a while...
     # 4 chunks of 75 times each
     Check the documentation if the code is taking too long or if it crashes...
     Splitting the plot array to allow GP prediction of extended datasets, it may take a while...
     # 15 chunks of 75 times each
     Check the documentation if the code is taking too long or if it crashes...
     Splitting the plot array to allow GP prediction of extended datasets, it may take a while...
     # 15 chunks of 75 times each
     Check the documentation if the code is taking too long or if it crashes...
     Splitting the plot array to allow GP prediction of extended datasets, it may take a while...
     # 14 chunks of 75 times each
     Check the documentation if the code is taking too long or if it crashes...
     Splitting the plot array to allow GP prediction of extended datasets, it may take a while...
     # 14 chunks of 75 times each
     Check the documentation if the code is taking too long or if it crashes...
     Splitting the plot array to allow GP prediction of extended datasets, it may take a while...
     # 24 chunks of 75 times each
     Check the documentation if the code is taking too long or if it crashes...
     Splitting the plot array to allow GP prediction of extended datasets, it may take a while...
     # 24 chunks of 75 times each
     Check the documentation if the code is taking too long or if it crashes...
     Splitting the plot array to allow GP prediction of extended datasets, it may take a while...
     # 24 chunks of 75 times each
     Check the documentation if the code is taking too long or if it crashes...
     Splitting the plot array to allow GP prediction of extended datasets, it may take a while...
     # 17 chunks of 75 times each
     Check the documentation if the code is taking too long or if it crashes...
     Splitting the plot array to allow GP prediction of extended datasets, it may take a while...
     # 17 chunks of 75 times each
     Check the documentation if the code is taking too long or if it crashes...
     Splitting the plot array to allow GP prediction of extended datasets, it may take a while...
     # 4 chunks of 75 times each
     Check the documentation if the code is taking too long or if it crashes...
     Splitting the plot array to allow GP prediction of extended datasets, it may take a while...
     # 4 chunks of 75 times each
     Check the documentation if the code is taking too long or if it crashes...
     Splitting the plot array to allow GP prediction of extended datasets, it may take a while...
     # 15 chunks of 75 times each
     Check the documentation if the code is taking too long or if it crashes...
     Splitting the plot array to allow GP prediction of extended datasets, it may take a while...
     # 15 chunks of 75 times each
     Check the documentation if the code is taking too long or if it crashes...
     Splitting the plot array to allow GP prediction of extended datasets, it may take a while...
     # 14 chunks of 75 times each
     Check the documentation if the code is taking too long or if it crashes...
     Splitting the plot array to allow GP prediction of extended datasets, it may take a while...
     # 14 chunks of 75 times each
     Check the documentation if the code is taking too long or if it crashes...
 Writing the plots 
 Writing the   data files 
 Writing the  MAP_ data files 
 Writing the  sampleMED_ data files 

****************************************************************************************************

