
:::---::: PyORBIT v11.0.1 :::---:::

Python version in use:
3.10.18 (main, Jun  5 2025, 13:14:17) [GCC 11.2.0]

reloaded_optimize:  False
reloaded_pyde:  False
reloaded_emcee:  False

number of multiprocessing threads: 16
multiprocessing method (should be fork):  fork

parameters/safe_reload flag (must be True for tinygp):  False

Opening:  RVdata

Adding common model of planet:  b
Adding common model of planet:  c
Using orbital model:  keplerian
Using orbital parametrization:  Eastman2013

Using orbital model:  keplerian
Using orbital parametrization:  Eastman2013


====================================================================================================
     Ids, spaces (s), boundaries (b) and priors (p) of the sampler parameters     
====================================================================================================

----- dataset:  RVdata
jitter_0      id:  10  s:Linear      b:[      0.0009,      13.3000]   p:Uniform   []
offset_0      id:  11  s:Linear      b:[  -9997.8210,   10017.2110]   p:Uniform   []
offset_1      id:  12  s:Linear      b:[  -9997.8210,   10017.2110]   p:Uniform   []
offset_2      id:  13  s:Linear      b:[  -9997.8210,   10017.2110]   p:Uniform   []
offset_3      id:  14  s:Linear      b:[  -9997.8210,   10017.2110]   p:Uniform   []

----- common model:  b
P             id:   0  s:Log_Base2   b:[      0.3785,       6.6439]   p:Uniform   []
K             id:   1  s:Log_Base2   b:[     -9.9658,       3.3219]   p:Uniform   []
sre_coso      id:   2  s:Linear      b:[     -1.0000,       1.0000]   p:Uniform   []
sre_sino      id:   3  s:Linear      b:[     -1.0000,       1.0000]   p:Uniform   []
mean_long     id:   4  s:Linear      b:[      0.0000,     360.0000]   p:Uniform   []
e             derived (no id, space, bound)                           p:Gaussian   [0.    0.098]
omega         derived (no id, space, bound)                           p:Uniform   [0.0, 360.0]

----- common model:  c
P             id:   5  s:Log_Base2   b:[      0.3785,       6.6439]   p:Uniform   []
K             id:   6  s:Log_Base2   b:[     -9.9658,       3.3219]   p:Uniform   []
sre_coso      id:   7  s:Linear      b:[     -1.0000,       1.0000]   p:Uniform   []
sre_sino      id:   8  s:Linear      b:[     -1.0000,       1.0000]   p:Uniform   []
mean_long     id:   9  s:Linear      b:[      0.0000,     360.0000]   p:Uniform   []
e             derived (no id, space, bound)                           p:Gaussian   [0.    0.098]
omega         derived (no id, space, bound)                           p:Uniform   [0.0, 360.0]

----- common model:  star_parameters
mass          derived (no id, space, bound)                           p:Gaussian   [1.e+00 1.e-06]
radius        derived (no id, space, bound)                           p:Gaussian   [1.e+00 1.e-06]
density       derived (no id, space, bound)                           p:Gaussian   [1.e+00 1.e-06]

Include priors:  True

Reference Time Tref:  59334.700184

Dimensions =  15
Nwalkers =  60

Using threading pool for PyDE: True
PyDE running
Boundaries redefined after PyDE output
PyDE completed, it took          3.6 seconds

====================================================================================================
     Starting point of the sample/optimization routines    
====================================================================================================

----- dataset:  RVdata
jitter_0        10      1.477604 [    0.0009,    13.3000]
offset_0        11      7.563481 [-9997.8210, 10017.2110]
offset_1        12      9.684182 [-9997.8210, 10017.2110]
offset_2        13      9.027822 [-9997.8210, 10017.2110]
offset_3        14      8.965652 [-9997.8210, 10017.2110]

----- common model:  b
P                0      6.643831 [    0.3785,     6.6439]
K                1      2.184240 [   -9.9658,     3.3219]
sre_coso         2      0.458995 [   -1.0000,     1.0000]
sre_sino         3     -0.551313 [   -1.0000,     1.0000]
mean_long        4    330.375394 [  150.3754,   510.3754]

----- common model:  c
P                5      3.628793 [    0.3785,     6.6439]
K                6      0.176111 [   -9.9658,     3.3219]
sre_coso         7     -0.014361 [   -1.0000,     1.0000]
sre_sino         8      0.207578 [   -1.0000,     1.0000]
mean_long        9    108.303087 [  -71.6969,   288.3031]

----- common model:  star_parameters

====================================================================================================
     Starting point projected onto the model parameter space     
====================================================================================================

----- dataset:  RVdata
jitter_0              1.477604 
offset_0              7.563481 
offset_1              9.684182 
offset_2              9.027822 
offset_3              8.965652 


----- common model:  b
P                    99.998259 
K                     4.544874 
mean_long           330.375394 
e                     0.514623 
omega               -50.221001 

----- common model:  c
P                    12.370167 
K                     1.129834 
mean_long           108.303087 
e                     0.043295 
omega                93.957524 

----- common model:  star_parameters

====================================================================================================
     Derived parameters obtained from starting point     
====================================================================================================

----- common model:  b
Inclination fixed to 90 deg!
a_Rs                 90.624208 
M_Mj                  0.088982 
M_Me                 28.286854 
Tc                59353.444223 
a_AU_(M)              0.421640 
a_AU_(rho,R)          0.421627 

----- common model:  c
Inclination fixed to 90 deg!
a_Rs                 22.499184 
M_Mj                  0.012842 
M_Me                  4.082424 
Tc                59346.452823 
a_AU_(M)              0.104677 
a_AU_(rho,R)          0.104677 


====================================================================================================
     Statistics on the log-likelihood     
====================================================================================================

 LN probability:  -594.205798 

====================================================================================================
     ------------------------------------------------------------------------------------------     
====================================================================================================



*************************************************************

Running emcee

emcee version:  3.1.6
Using threading pool for emcee: True


Computing the autocorrelation time of the chains

The chains are more than 50 times longer than the ACF, the estimate can be trusted

Reference thinning used in the analysis: 100
Maximum value of the integrated ACF: 3
Step length used in the analysis: 3*nthin = 300

Convergence criteria: less than 1% variation in ACF after 50 times the integrated ACF
At least 50*ACF after convergence, 100*ACF would be ideal
Negative values: not converged yet

   sampler parameter              |    ACF   | ACF*nthin | converged at | nsteps/ACF | to 100*ACF
                                  |          |           |              |            | 
   RVdata_jitter_0                |    2.41  |      241  |    14700     |     146    |       0 
   RVdata_offset_0                |    2.66  |      266  |    15900     |     128    |       0 
   RVdata_offset_1                |    2.60  |      260  |    15000     |     135    |       0 
   RVdata_offset_2                |    2.78  |      278  |    15300     |     125    |       0 
   RVdata_offset_3                |    2.64  |      264  |    14700     |     134    |       0 
   b_P                            |    3.55  |      355  |    19800     |      85    |    5279 
   b_K                            |    2.75  |      275  |    16200     |     123    |       0 
   b_sre_coso                     |    2.58  |      258  |    15300     |     134    |       0 
   b_sre_sino                     |    2.80  |      280  |    15300     |     124    |       0 
   b_mean_long                    |    2.94  |      294  |    16500     |     114    |       0 
   c_P                            |    2.86  |      286  |    15900     |     119    |       0 
   c_K                            |    2.64  |      264  |    15600     |     130    |       0 
   c_sre_coso                     |    2.86  |      286  |    16200     |     118    |       0 
   c_sre_sino                     |    2.97  |      297  |    18000     |     108    |       0 
   c_mean_long                    |    2.89  |      289  |    16200     |     117    |       0 

All the chains are longer than 50*ACF, but some are shorter than 100*ACF
PyORBIT should keep running for about 5279 more steps to reach 100*ACF
Suggested value for burnin: 16040

Check the documentation for the correct interpretation of these results:
https://pyorbit.readthedocs.io/running_pyorbit/terminal_output/#autocorrelation-analysis

====================================================================================================
     Statistics on the posterior of the sampler parameters     
====================================================================================================

----- dataset:  RVdata
jitter_0        10         1.510       -0.064        0.068   (15-84 p)   [    0.0009,    13.3000]
offset_0        11          7.51        -0.17         0.17   (15-84 p)   [-9997.8210, 10017.2110]
offset_1        12          9.62        -0.34         0.35   (15-84 p)   [-9997.8210, 10017.2110]
offset_2        13          8.98        -0.17         0.17   (15-84 p)   [-9997.8210, 10017.2110]
offset_3        14          8.93        -0.18         0.18   (15-84 p)   [-9997.8210, 10017.2110]

----- common model:  b
P                0        6.6337       -0.015       0.0075   (15-84 p)   [    0.3785,     6.6439]
K                1         2.188       -0.077        0.080   (15-84 p)   [   -9.9658,     3.3219]
sre_coso         2         0.467       -0.046        0.045   (15-84 p)   [   -1.0000,     1.0000]
sre_sino         3        -0.560       -0.035        0.037   (15-84 p)   [   -1.0000,     1.0000]
mean_long        4         328.5         -3.1          3.1   (15-84 p)   [  150.3754,   510.3754]

----- common model:  c
P                5         3.629       -0.015        0.016   (15-84 p)   [    0.3785,     6.6439]
K                6          0.13        -0.20         0.18   (15-84 p)   [   -9.9658,     3.3219]
sre_coso         7         -0.02        -0.19         0.19   (15-84 p)   [   -1.0000,     1.0000]
sre_sino         8          0.06        -0.20         0.18   (15-84 p)   [   -1.0000,     1.0000]
mean_long        9           108          -17           17   (15-84 p)   [  -71.6969,   288.3031]

----- common model:  star_parameters

====================================================================================================
     Statistics on the model parameters obtained from the posteriors samples     
====================================================================================================

----- dataset:  RVdata
jitter_0                 1.510       -0.064        0.068    (15-84 p)
offset_0                  7.51        -0.17         0.17    (15-84 p)
offset_1                  9.62        -0.34         0.35    (15-84 p)
offset_2                  8.98        -0.17         0.17    (15-84 p)
offset_3                  8.93        -0.18         0.18    (15-84 p)


----- common model:  b
P                        99.30         -1.0         0.52    (15-84 p)
K                         4.56        -0.24         0.26    (15-84 p)
mean_long                328.5         -3.1          3.1    (15-84 p)
e                        0.533       -0.040        0.040    (15-84 p)
omega                    -50.2         -4.0          4.0    (15-84 p)

----- common model:  c
P                        12.37        -0.13         0.14    (15-84 p)
K                         1.09        -0.14         0.14    (15-84 p)
mean_long                  108          -17           17    (15-84 p)
e                        0.056       -0.039        0.060    (15-84 p)
omega                       39         -161           93    (15-84 p)

----- common model:  star_parameters

====================================================================================================
     Statistics on the derived parameters obtained from the posteriors samples     
====================================================================================================

----- common model:  b
Inclination fixed to 90 deg!
Computing planetary mass under the approximation M_planet << M_star (threshold at 30.0 Me)
a_Rs                     90.20        -0.62         0.31    (15-84 p)
M_Mj                    0.0876      -0.0036       0.0037    (15-84 p)
M_Me                      27.9         -1.1          1.2    (15-84 p)
Tc                     59353.1         -2.4          2.4    (15-84 p)
a_AU_(M)                0.4197      -0.0029       0.0015    (15-84 p)
a_AU_(rho,R)            0.4197      -0.0029       0.0015    (15-84 p)

----- common model:  c
Inclination fixed to 90 deg!
Computing planetary mass under the approximation M_planet << M_star (threshold at 30.0 Me)
a_Rs                     22.50        -0.16         0.17    (15-84 p)
M_Mj                    0.0124      -0.0016       0.0016    (15-84 p)
M_Me                      3.95        -0.51         0.51    (15-84 p)
Tc                    59346.25          -11         0.45    (15-84 p)
a_AU_(M)               0.10469     -0.00074      0.00078    (15-84 p)
a_AU_(rho,R)           0.10469     -0.00074      0.00078    (15-84 p)


====================================================================================================
     ------------------------------------------------------------------------------------------     
====================================================================================================



emcee completed


:::---::: PyORBIT v11.0.1 :::---:::

Python version in use:
3.10.18 (main, Jun  5 2025, 13:14:17) [GCC 11.2.0]
LaTeX disabled by default

Using orbital model:  keplerian
Using orbital parametrization:  Eastman2013

Using orbital model:  keplerian
Using orbital parametrization:  Eastman2013


### PyORBIT version used in the analysis:  11.0.1

 emcee version:  3.1.6

 Reference Time Tref: 59334.700184

 Data points:278
 Dimensions: 15
 Nwalkers:   60
 Steps:      50000


Number of samplings: 18000

Recomputing ln-prior, it may take a while...

ln-probability   distribution:   -601.37       -3.03      2.35 (15-84 p) 
ln-prior         distribution:    -91.90       -2.33      2.18 (15-84 p) 
ln-likelihood    distribution:   -509.32       -3.64      2.79 (15-84 p) 


*** Information criteria using the likelihood distribution

 BIC from distribution  (using likelihood)  =   1103.06     -5.57    7.28 (15-84 p)
 AIC from distribution  (using likelihood)  =   1048.64     -5.57    7.28 (15-84 p)
 AICc from distribution (using likelihood)  =   1050.47     -5.57    7.28 (15-84 p)


*** Information criteria using the median parameter set

 ln_probability of Median solution =   -595.08
 ln_priors of Median solution      =    -91.48
 ln_likelihood of Median solution  =   -503.60

 Median BIC  (using likelihood) =   1091.61
 Median AIC  (using likelihood) =   1037.19
 Median AICc (using likelihood) =   1039.03


*** Information criteria using the MAP parameter set

 ln_probability of MAP solution =   -595.31
 ln_priors of MAP solution      =    -91.19
 ln_likelihood of MAP solution  =   -504.12

 MAP BIC  (using likelihood)    =   1092.65
 MAP AIC  (using likelihood)    =   1038.24
 MAP AICc (using likelihood)    =   1040.07

 AICc suggested over AIC because NDATA ( 278 ) < 40 * NDIM ( 15 )

****************************************************************************************************


Computing the autocorrelation time of the chains

The chains are more than 50 times longer than the ACF, the estimate can be trusted

Reference thinning used in the analysis: 100
Maximum value of the integrated ACF: 3
Step length used in the analysis: 3*nthin = 300

Convergence criteria: less than 1% variation in ACF after 50 times the integrated ACF
At least 50*ACF after convergence, 100*ACF would be ideal
Negative values: not converged yet

   sampler parameter              |    ACF   | ACF*nthin | converged at | nsteps/ACF | to 100*ACF
                                  |          |           |              |            | 
   RVdata_jitter_0                |    2.41  |      241  |    14700     |     146    |       0 
   RVdata_offset_0                |    2.66  |      266  |    15900     |     128    |       0 
   RVdata_offset_1                |    2.60  |      260  |    15000     |     135    |       0 
   RVdata_offset_2                |    2.78  |      278  |    15300     |     125    |       0 
   RVdata_offset_3                |    2.64  |      264  |    14700     |     134    |       0 
   b_P                            |    3.55  |      355  |    19800     |      85    |    5279 
   b_K                            |    2.75  |      275  |    16200     |     123    |       0 
   b_sre_coso                     |    2.58  |      258  |    15300     |     134    |       0 
   b_sre_sino                     |    2.80  |      280  |    15300     |     124    |       0 
   b_mean_long                    |    2.94  |      294  |    16500     |     114    |       0 
   c_P                            |    2.86  |      286  |    15900     |     119    |       0 
   c_K                            |    2.64  |      264  |    15600     |     130    |       0 
   c_sre_coso                     |    2.86  |      286  |    16200     |     118    |       0 
   c_sre_sino                     |    2.97  |      297  |    18000     |     108    |       0 
   c_mean_long                    |    2.89  |      289  |    16200     |     117    |       0 

All the chains are longer than 50*ACF, but some are shorter than 100*ACF
PyORBIT should keep running for about 5279 more steps to reach 100*ACF
Suggested value for burnin: 16040

Check the documentation for the correct interpretation of these results:
https://pyorbit.readthedocs.io/running_pyorbit/terminal_output/#autocorrelation-analysis

 Plotting the ACF... 


====================================================================================================
     Ids, spaces (s), boundaries (b) and priors (p) of the sampler parameters     
====================================================================================================

----- dataset:  RVdata
jitter_0      id:  10  s:Linear      b:[      0.0009,      13.3000]   p:Uniform   []
offset_0      id:  11  s:Linear      b:[  -9997.8210,   10017.2110]   p:Uniform   []
offset_1      id:  12  s:Linear      b:[  -9997.8210,   10017.2110]   p:Uniform   []
offset_2      id:  13  s:Linear      b:[  -9997.8210,   10017.2110]   p:Uniform   []
offset_3      id:  14  s:Linear      b:[  -9997.8210,   10017.2110]   p:Uniform   []

----- common model:  b
P             id:   0  s:Log_Base2   b:[      0.3785,       6.6439]   p:Uniform   []
K             id:   1  s:Log_Base2   b:[     -9.9658,       3.3219]   p:Uniform   []
sre_coso      id:   2  s:Linear      b:[     -1.0000,       1.0000]   p:Uniform   []
sre_sino      id:   3  s:Linear      b:[     -1.0000,       1.0000]   p:Uniform   []
mean_long     id:   4  s:Linear      b:[    150.3754,     510.3754]   p:Uniform   []
e             derived (no id, space, bound)                           p:Gaussian   [0.    0.098]
omega         derived (no id, space, bound)                           p:Uniform   [0.0, 360.0]

----- common model:  c
P             id:   5  s:Log_Base2   b:[      0.3785,       6.6439]   p:Uniform   []
K             id:   6  s:Log_Base2   b:[     -9.9658,       3.3219]   p:Uniform   []
sre_coso      id:   7  s:Linear      b:[     -1.0000,       1.0000]   p:Uniform   []
sre_sino      id:   8  s:Linear      b:[     -1.0000,       1.0000]   p:Uniform   []
mean_long     id:   9  s:Linear      b:[    -71.6969,     288.3031]   p:Uniform   []
e             derived (no id, space, bound)                           p:Gaussian   [0.    0.098]
omega         derived (no id, space, bound)                           p:Uniform   [0.0, 360.0]

----- common model:  star_parameters
mass          derived (no id, space, bound)                           p:Gaussian   [1.e+00 1.e-06]
radius        derived (no id, space, bound)                           p:Gaussian   [1.e+00 1.e-06]
density       derived (no id, space, bound)                           p:Gaussian   [1.e+00 1.e-06]


****************************************************************************************************
****************************************************************************************************

 Confidence intervals (median value, 34.135th percentile from the median on the left and right side)

====================================================================================================
     Statistics on the posterior of the sampler parameters     
====================================================================================================

----- dataset:  RVdata
jitter_0        10         1.510       -0.064        0.068   (15-84 p)   [    0.0009,    13.3000]
offset_0        11          7.51        -0.17         0.17   (15-84 p)   [-9997.8210, 10017.2110]
offset_1        12          9.62        -0.34         0.35   (15-84 p)   [-9997.8210, 10017.2110]
offset_2        13          8.98        -0.17         0.17   (15-84 p)   [-9997.8210, 10017.2110]
offset_3        14          8.93        -0.18         0.18   (15-84 p)   [-9997.8210, 10017.2110]

----- common model:  b
P                0        6.6337       -0.015       0.0075   (15-84 p)   [    0.3785,     6.6439]
K                1         2.188       -0.077        0.080   (15-84 p)   [   -9.9658,     3.3219]
sre_coso         2         0.467       -0.046        0.045   (15-84 p)   [   -1.0000,     1.0000]
sre_sino         3        -0.560       -0.035        0.037   (15-84 p)   [   -1.0000,     1.0000]
mean_long        4         328.5         -3.1          3.1   (15-84 p)   [  150.3754,   510.3754]

----- common model:  c
P                5         3.629       -0.015        0.016   (15-84 p)   [    0.3785,     6.6439]
K                6          0.13        -0.20         0.18   (15-84 p)   [   -9.9658,     3.3219]
sre_coso         7         -0.02        -0.19         0.19   (15-84 p)   [   -1.0000,     1.0000]
sre_sino         8          0.06        -0.20         0.18   (15-84 p)   [   -1.0000,     1.0000]
mean_long        9           108          -17           17   (15-84 p)   [  -71.6969,   288.3031]

----- common model:  star_parameters

====================================================================================================
     Statistics on the model parameters obtained from the posteriors samples     
====================================================================================================

----- dataset:  RVdata
jitter_0                 1.510       -0.064        0.068    (15-84 p)
offset_0                  7.51        -0.17         0.17    (15-84 p)
offset_1                  9.62        -0.34         0.35    (15-84 p)
offset_2                  8.98        -0.17         0.17    (15-84 p)
offset_3                  8.93        -0.18         0.18    (15-84 p)


----- common model:  b
P                        99.30         -1.0         0.52    (15-84 p)
K                         4.56        -0.24         0.26    (15-84 p)
mean_long                328.5         -3.1          3.1    (15-84 p)
e                        0.533       -0.040        0.040    (15-84 p)
omega                    -50.2         -4.0          4.0    (15-84 p)

----- common model:  c
P                        12.37        -0.13         0.14    (15-84 p)
K                         1.09        -0.14         0.14    (15-84 p)
mean_long                  108          -17           17    (15-84 p)
e                        0.056       -0.039        0.060    (15-84 p)
omega                       83         -124           95    (15-84 p)

----- common model:  star_parameters

====================================================================================================
     Statistics on the derived parameters obtained from the posteriors samples     
====================================================================================================

----- common model:  b
Inclination fixed to 90 deg!
Computing planetary mass under the approximation M_planet << M_star (threshold at 30.0 Me)
a_Rs                     90.20        -0.62         0.31    (15-84 p)
M_Mj                    0.0876      -0.0036       0.0037    (15-84 p)
M_Me                      27.9         -1.1          1.2    (15-84 p)
Tc                     59353.1         -2.4          2.4    (15-84 p)
a_AU_(M)                0.4197      -0.0029       0.0015    (15-84 p)
a_AU_(rho,R)            0.4197      -0.0029       0.0015    (15-84 p)

----- common model:  c
Inclination fixed to 90 deg!
Computing planetary mass under the approximation M_planet << M_star (threshold at 30.0 Me)
a_Rs                     22.50        -0.16         0.17    (15-84 p)
M_Mj                    0.0124      -0.0016       0.0016    (15-84 p)
M_Me                      3.95        -0.51         0.51    (15-84 p)
Tc                    59346.25          -11         0.45    (15-84 p)
a_AU_(M)               0.10469     -0.00074      0.00078    (15-84 p)
a_AU_(rho,R)           0.10469     -0.00074      0.00078    (15-84 p)


====================================================================================================
     ------------------------------------------------------------------------------------------     
====================================================================================================



****************************************************************************************************

 Parameters corresponding to the Maximum a Posteriori probability ( -595.3136689267498 )

====================================================================================================
     Statistics on the posterior of the sampler parameters     
====================================================================================================

----- dataset:  RVdata
jitter_0        10      1.467586 [    0.0009,    13.3000]
offset_0        11      7.528977 [-9997.8210, 10017.2110]
offset_1        12      9.453434 [-9997.8210, 10017.2110]
offset_2        13      9.017048 [-9997.8210, 10017.2110]
offset_3        14      9.041125 [-9997.8210, 10017.2110]

----- common model:  b
P                0      6.643071 [    0.3785,     6.6439]
K                1      2.204085 [   -9.9658,     3.3219]
sre_coso         2      0.460626 [   -1.0000,     1.0000]
sre_sino         3     -0.558900 [   -1.0000,     1.0000]
mean_long        4    330.081134 [  150.3754,   510.3754]

----- common model:  c
P                5      3.622173 [    0.3785,     6.6439]
K                6      0.089029 [   -9.9658,     3.3219]
sre_coso         7      0.129944 [   -1.0000,     1.0000]
sre_sino         8      0.186725 [   -1.0000,     1.0000]
mean_long        9    100.063791 [  -71.6969,   288.3031]

----- common model:  star_parameters

====================================================================================================
     Statistics on the model parameters obtained from the posteriors samples     
====================================================================================================

----- dataset:  RVdata
jitter_0              1.467586 
offset_0              7.528977 
offset_1              9.453434 
offset_2              9.017048 
offset_3              9.041125 


----- common model:  b
P                    99.945587 
K                     4.607822 
mean_long           330.081134 
e                     0.524546 
omega               -50.505850 

----- common model:  c
P                    12.313535 
K                     1.063654 
mean_long           100.063791 
e                     0.051752 
omega                55.165425 

----- common model:  star_parameters

====================================================================================================
     Statistics on the derived parameters obtained from the posteriors samples     
====================================================================================================

----- common model:  b
Inclination fixed to 90 deg!
a_Rs                 90.592567 
M_Mj                  0.089564 
M_Me                 28.471832 
Tc                59353.191523 
a_AU_(M)              0.421492 
a_AU_(rho,R)          0.421479 

----- common model:  c
Inclination fixed to 90 deg!
a_Rs                 22.430436 
M_Mj                  0.012067 
M_Me                  3.835879 
Tc                59346.557236 
a_AU_(M)              0.104358 
a_AU_(rho,R)          0.104357 


====================================================================================================
     ------------------------------------------------------------------------------------------     
====================================================================================================



****************************************************************************************************

 Parameters corresponding to the sample closest to the median values ( -596.0393693566534 )

====================================================================================================
     Statistics on the posterior of the sampler parameters     
====================================================================================================

----- dataset:  RVdata
jitter_0        10      1.489373 [    0.0009,    13.3000]
offset_0        11      7.613782 [-9997.8210, 10017.2110]
offset_1        12      9.666148 [-9997.8210, 10017.2110]
offset_2        13      9.043846 [-9997.8210, 10017.2110]
offset_3        14      8.827851 [-9997.8210, 10017.2110]

----- common model:  b
P                0      6.634180 [    0.3785,     6.6439]
K                1      2.244239 [   -9.9658,     3.3219]
sre_coso         2      0.478750 [   -1.0000,     1.0000]
sre_sino         3     -0.566539 [   -1.0000,     1.0000]
mean_long        4    328.951435 [  150.3754,   510.3754]

----- common model:  c
P                5      3.628157 [    0.3785,     6.6439]
K                6      0.139674 [   -9.9658,     3.3219]
sre_coso         7      0.020434 [   -1.0000,     1.0000]
sre_sino         8      0.160797 [   -1.0000,     1.0000]
mean_long        9    108.726242 [  -71.6969,   288.3031]

----- common model:  star_parameters

====================================================================================================
     Statistics on the model parameters obtained from the posteriors samples     
====================================================================================================

----- dataset:  RVdata
jitter_0              1.489373 
offset_0              7.613782 
offset_1              9.666148 
offset_2              9.043846 
offset_3              8.827851 


----- common model:  b
P                    99.331534 
K                     4.737872 
mean_long           328.951435 
e                     0.550168 
omega               -49.800713 

----- common model:  c
P                    12.364717 
K                     1.101656 
mean_long           108.726242 
e                     0.026273 
omega                82.757537 

----- common model:  star_parameters

====================================================================================================
     Statistics on the derived parameters obtained from the posteriors samples     
====================================================================================================

----- common model:  b
Inclination fixed to 90 deg!
a_Rs                 90.220988 
M_Mj                  0.090140 
M_Me                 28.655038 
Tc                59352.239211 
a_AU_(M)              0.419764 
a_AU_(rho,R)          0.419751 

----- common model:  c
Inclination fixed to 90 deg!
a_Rs                 22.492551 
M_Mj                  0.012527 
M_Me                  3.982385 
Tc                59346.408936 
a_AU_(M)              0.104647 
a_AU_(rho,R)          0.104646 


====================================================================================================
     ------------------------------------------------------------------------------------------     
====================================================================================================



****************************************************************************************************

Inclination fixed to 90 deg!
Inclination fixed to 90 deg!
Note: stellar density derived from stellar mass and radius

Inclination fixed to 90 deg!
Inclination fixed to 90 deg!
Inclination fixed to 90 deg!
Inclination fixed to 90 deg!
 Plot FLAT chain 

****************************************************************************************************

Plotting full_correlation plot with pygtc

****************************************************************************************************

 Plotting the chains... 

****************************************************************************************************

 Plotting the Gelman-Rubin traces... 

     Gelman-Rubin:    10     1.002237 RVdata_jitter_0 
     Gelman-Rubin:    11     1.001595 RVdata_offset_0 
     Gelman-Rubin:    12     1.001247 RVdata_offset_1 
     Gelman-Rubin:    13     1.001239 RVdata_offset_2 
     Gelman-Rubin:    14     1.003027 RVdata_offset_3 
     Gelman-Rubin:     0     1.001786 b_P 
     Gelman-Rubin:     1     1.002314 b_K 
     Gelman-Rubin:     2     1.001696 b_sre_coso 
     Gelman-Rubin:     3     1.002455 b_sre_sino 
     Gelman-Rubin:     4     1.001571 b_mean_long 
     Gelman-Rubin:     5     1.002180 c_P 
     Gelman-Rubin:     6     1.001289 c_K 
     Gelman-Rubin:     7     1.001140 c_sre_coso 
     Gelman-Rubin:     8     1.001760 c_sre_sino 
     Gelman-Rubin:     9     1.002509 c_mean_long 

****************************************************************************************************

Plotting the common models corner plots
     Common model:  b
     Common model:  c
     Common model:  star_parameters

****************************************************************************************************

Plotting the dataset + models corner plots 

     Dataset:  RVdata     model:  radial_velocities_b  corner plot  starting 
     Dataset:  RVdata     model:  radial_velocities_b  corner plot  done 
     Dataset:  RVdata     model:  radial_velocities_c  corner plot  starting 
     Dataset:  RVdata     model:  radial_velocities_c  corner plot  done 

****************************************************************************************************

 Saving the planet parameter samplings to files (with plots)

****************************************************************************************************

 Saving all the parameter samplings to files (with plots)

****************************************************************************************************

 Computing the models for plot/data writing 
 Writing the plots 
 Writing the   data files 
 Writing the  MAP_ data files 
 Writing the  sampleMED_ data files 

****************************************************************************************************

