
:::---::: PyORBIT v11.0.1 :::---:::

Python version in use:
3.10.18 (main, Jun  5 2025, 13:14:17) [GCC 11.2.0]

reloaded_optimize:  False
reloaded_pyde:  False
reloaded_emcee:  False

number of multiprocessing threads: 16
multiprocessing method (should be fork):  fork

parameters/safe_reload flag (must be True for tinygp):  False

Opening:  RVdata
Opening:  BISdata
Opening:  FWHMdata

Adding common model of planet:  b
Adding common model of planet:  c
Adding common model of planet:  d
Using orbital model:  keplerian
Using orbital parametrization:  Eastman2013

Using orbital model:  keplerian
Using orbital parametrization:  Eastman2013

Using orbital model:  keplerian
Using orbital parametrization:  Eastman2013

gp_multidimensional  S+LEAF model, number of harmonics: 4

GP model: gp_multidimensional  hyperparameters_condition:    True
GP model: gp_multidimensional  rotation_decay_condition:     True

====================================================================================================
     Ids, spaces (s), boundaries (b) and priors (p) of the sampler parameters     
====================================================================================================

----- dataset:  RVdata
jitter_0      id:  18  s:Linear      b:[      0.0009,      12.9000]   p:Uniform   []
offset_0      id:  19  s:Linear      b:[  -9995.1400,   10014.6000]   p:Uniform   []
offset_1      id:  20  s:Linear      b:[  -9995.1400,   10014.6000]   p:Uniform   []
offset_2      id:  21  s:Linear      b:[  -9995.1400,   10014.6000]   p:Uniform   []
offset_3      id:  22  s:Linear      b:[  -9995.1400,   10014.6000]   p:Uniform   []

----- dataset: RVdata                    ----- model: gp_multidimensional           
rot_amp       id:  23  s:Linear      b:[      0.0000,      10.0000]   p:Uniform   []
con_amp       id:  24  s:Linear      b:[    -20.0000,      20.0000]   p:Uniform   []

----- dataset:  BISdata
jitter_0      id:  25  s:Linear      b:[      0.0095,      95.0000]   p:Uniform   []
offset_0      id:  26  s:Linear      b:[ -10078.6333,    9960.6500]   p:Uniform   []
offset_1      id:  27  s:Linear      b:[ -10078.6333,    9960.6500]   p:Uniform   []
offset_2      id:  28  s:Linear      b:[ -10078.6333,    9960.6500]   p:Uniform   []
offset_3      id:  29  s:Linear      b:[ -10078.6333,    9960.6500]   p:Uniform   []

----- dataset: BISdata                   ----- model: gp_multidimensional           
rot_amp       id:  30  s:Linear      b:[    -10.0000,      10.0000]   p:Uniform   []
con_amp       id:  31  s:Linear      b:[    -20.0000,      20.0000]   p:Uniform   []

----- dataset:  FWHMdata
jitter_0      id:  32  s:Linear      b:[      0.0500,     500.0000]   p:Uniform   []
offset_0      id:  33  s:Linear      b:[  -3318.5370,   16947.4824]   p:Uniform   []
offset_1      id:  34  s:Linear      b:[  -3318.5370,   16947.4824]   p:Uniform   []
offset_2      id:  35  s:Linear      b:[  -3318.5370,   16947.4824]   p:Uniform   []
offset_3      id:  36  s:Linear      b:[  -3318.5370,   16947.4824]   p:Uniform   []

----- dataset: FWHMdata                  ----- model: gp_multidimensional           
rot_amp       id:  37  s:Linear      b:[    -10.0000,      10.0000]   p:Uniform   []
con_amp       id:  38  s:Linear      b:[    -20.0000,      20.0000]   p:Uniform   []

----- common model:  b
P             id:   0  s:Log_Base2   b:[      0.3785,       6.6439]   p:Uniform   []
K             id:   1  s:Log_Base2   b:[     -9.9658,       3.3219]   p:Uniform   []
sre_coso      id:   2  s:Linear      b:[     -1.0000,       1.0000]   p:Uniform   []
sre_sino      id:   3  s:Linear      b:[     -1.0000,       1.0000]   p:Uniform   []
mean_long     id:   4  s:Linear      b:[      0.0000,     360.0000]   p:Uniform   []
e             derived (no id, space, bound)                           p:Gaussian   [0.    0.098]
omega         derived (no id, space, bound)                           p:Uniform   [0.0, 360.0]

----- common model:  c
P             id:   5  s:Log_Base2   b:[      0.3785,       6.6439]   p:Uniform   []
K             id:   6  s:Log_Base2   b:[     -9.9658,       3.3219]   p:Uniform   []
sre_coso      id:   7  s:Linear      b:[     -1.0000,       1.0000]   p:Uniform   []
sre_sino      id:   8  s:Linear      b:[     -1.0000,       1.0000]   p:Uniform   []
mean_long     id:   9  s:Linear      b:[      0.0000,     360.0000]   p:Uniform   []
e             derived (no id, space, bound)                           p:Gaussian   [0.    0.098]
omega         derived (no id, space, bound)                           p:Uniform   [0.0, 360.0]

----- common model:  d
P             id:  10  s:Log_Base2   b:[      0.3785,       6.6439]   p:Uniform   []
K             id:  11  s:Log_Base2   b:[     -9.9658,       3.3219]   p:Uniform   []
sre_coso      id:  12  s:Linear      b:[     -1.0000,       1.0000]   p:Uniform   []
sre_sino      id:  13  s:Linear      b:[     -1.0000,       1.0000]   p:Uniform   []
mean_long     id:  14  s:Linear      b:[      0.0000,     360.0000]   p:Uniform   []
e             derived (no id, space, bound)                           p:Gaussian   [0.    0.098]
omega         derived (no id, space, bound)                           p:Uniform   [0.0, 360.0]

----- common model:  activity
Prot          id:  15  s:Linear      b:[     20.0000,      35.0000]   p:Gaussian   [28.   0.5]
Pdec          id:  16  s:Linear      b:[     30.0000,    1000.0000]   p:Uniform   []
Oamp          id:  17  s:Log_Base2   b:[     -6.6439,       0.0000]   p:Gaussian   [0.35  0.035]

----- common model:  star_parameters
mass          derived (no id, space, bound)                           p:Gaussian   [1.e+00 1.e-06]
radius        derived (no id, space, bound)                           p:Gaussian   [1.e+00 1.e-06]
density       derived (no id, space, bound)                           p:Gaussian   [1.e+00 1.e-06]

Include priors:  True

Reference Time Tref:  59334.700184

Dimensions =  39
Nwalkers =  156

Using threading pool for PyDE: True
PyDE running
Boundaries redefined after PyDE output
PyDE completed, it took        134.4 seconds

====================================================================================================
     Starting point of the sample/optimization routines    
====================================================================================================

----- dataset:  RVdata
jitter_0        18      1.127216 [    0.0009,    12.9000]
offset_0        19      8.964754 [-9995.1400, 10014.6000]
offset_1        20     10.983268 [-9995.1400, 10014.6000]
offset_2        21      9.788751 [-9995.1400, 10014.6000]
offset_3        22     10.109888 [-9995.1400, 10014.6000]

----- dataset: RVdata                    ----- model: gp_multidimensional           
rot_amp         23      3.714273 [    0.0000,    10.0000]
con_amp         24      0.893882 [  -20.0000,    20.0000]

----- dataset:  BISdata
jitter_0        25      1.922479 [    0.0095,    95.0000]
offset_0        26    -73.721461 [-10078.6333,  9960.6500]
offset_1        27    -43.781464 [-10078.6333,  9960.6500]
offset_2        28    -52.579676 [-10078.6333,  9960.6500]
offset_3        29    -59.800448 [-10078.6333,  9960.6500]

----- dataset: BISdata                   ----- model: gp_multidimensional           
rot_amp         30      2.878893 [  -10.0000,    10.0000]
con_amp         31     -0.071021 [  -20.0000,    20.0000]

----- dataset:  FWHMdata
jitter_0        32      0.051629 [    0.0500,   500.0000]
offset_0        33   6692.730124 [-3318.5370, 16947.4824]
offset_1        34   6940.171989 [-3318.5370, 16947.4824]
offset_2        35   6856.586745 [-3318.5370, 16947.4824]
offset_3        36   6897.557377 [-3318.5370, 16947.4824]

----- dataset: FWHMdata                  ----- model: gp_multidimensional           
rot_amp         37      2.512878 [  -10.0000,    10.0000]
con_amp         38     -4.048307 [  -20.0000,    20.0000]

----- common model:  b
P                0      1.305375 [    0.3785,     6.6439]
K                1      0.469224 [   -9.9658,     3.3219]
sre_coso         2     -0.219539 [   -1.0000,     1.0000]
sre_sino         3      0.093773 [   -1.0000,     1.0000]
mean_long        4     68.210050 [ -111.7900,   248.2100]

----- common model:  c
P                5      1.431096 [    0.3785,     6.6439]
K                6     -0.319918 [   -9.9658,     3.3219]
sre_coso         7     -0.037519 [   -1.0000,     1.0000]
sre_sino         8     -0.309181 [   -1.0000,     1.0000]
mean_long        9    259.056803 [   79.0568,   439.0568]

----- common model:  d
P               10      4.833407 [    0.3785,     6.6439]
K               11      0.347768 [   -9.9658,     3.3219]
sre_coso        12     -0.222554 [   -1.0000,     1.0000]
sre_sino        13      0.234807 [   -1.0000,     1.0000]
mean_long       14     41.340929 [ -138.6591,   221.3409]

----- common model:  activity
Prot            15     27.683837 [   20.0000,    35.0000]
Pdec            16     30.001988 [   30.0000,  1000.0000]
Oamp            17     -1.356139 [   -6.6439,     0.0000]

----- common model:  star_parameters

====================================================================================================
     Starting point projected onto the model parameter space     
====================================================================================================

----- dataset:  RVdata
jitter_0              1.127216 
offset_0              8.964754 
offset_1             10.983268 
offset_2              9.788751 
offset_3             10.109888 


----- dataset: RVdata                    ----- model: gp_multidimensional           
rot_amp               3.714273 
con_amp               0.893882 

----- dataset:  BISdata
jitter_0              1.922479 
offset_0            -73.721461 
offset_1            -43.781464 
offset_2            -52.579676 
offset_3            -59.800448 


----- dataset: BISdata                   ----- model: gp_multidimensional           
rot_amp               2.878893 
con_amp              -0.071021 

----- dataset:  FWHMdata
jitter_0              0.051629 
offset_0           6692.730124 
offset_1           6940.171989 
offset_2           6856.586745 
offset_3           6897.557377 


----- dataset: FWHMdata                  ----- model: gp_multidimensional           
rot_amp               2.512878 
con_amp              -4.048307 

----- common model:  b
P                     2.471480 
K                     1.384365 
mean_long            68.210050 
e                     0.056991 
omega               156.870861 

----- common model:  c
P                     2.696516 
K                     0.801116 
mean_long           259.056803 
e                     0.097000 
omega               -96.919013 

----- common model:  d
P                    28.510216 
K                     1.272590 
mean_long            41.340929 
e                     0.104665 
omega               133.465448 

----- common model:  activity
Prot                 27.683837 
Pdec                 30.001988 
Oamp                  0.390626 

----- common model:  star_parameters

====================================================================================================
     Derived parameters obtained from starting point     
====================================================================================================

----- common model:  b
Inclination fixed to 90 deg!
a_Rs                  7.689319 
M_Mj                  0.009192 
M_Me                  2.922231 
Tc                59334.890307 
a_AU_(M)              0.035774 
a_AU_(rho,R)          0.035774 

----- common model:  c
Inclination fixed to 90 deg!
a_Rs                  8.149263 
M_Mj                  0.005459 
M_Me                  1.735510 
Tc                59336.141215 
a_AU_(M)              0.037914 
a_AU_(rho,R)          0.037914 

----- common model:  d
Inclination fixed to 90 deg!
a_Rs                 39.256931 
M_Mj                  0.019020 
M_Me                  6.046229 
Tc                59339.171172 
a_AU_(M)              0.182643 
a_AU_(rho,R)          0.182642 


====================================================================================================
     Statistics on the log-likelihood     
====================================================================================================

 LN probability: -1801.110729 

====================================================================================================
     ------------------------------------------------------------------------------------------     
====================================================================================================



*************************************************************

Running emcee

emcee version:  3.1.6
Using threading pool for emcee: True

Saving temporary steps


Computing the autocorrelation time of the chains

***** WARNING ******
The integrated autocorrelation time cannot be reliably estimated
likely the chains are too short, and ACF analysis is not fully reliable
emcee.autocorr.integrated_time tolerance lowered to 20
If you still get a warning, you should drop these results entirely
Chains too short to apply convergence criteria
They should be at least 500*nthin = 75000

====================================================================================================
     Statistics on the posterior of the sampler parameters     
====================================================================================================

----- dataset:  RVdata
jitter_0        18         1.167       -0.059        0.064   (15-84 p)   [    0.0009,    12.9000]
offset_0        19          9.18        -0.49         0.55   (15-84 p)   [-9995.1400, 10014.6000]
offset_1        20         11.14        -0.61         0.66   (15-84 p)   [-9995.1400, 10014.6000]
offset_2        21         10.02        -0.52         0.55   (15-84 p)   [-9995.1400, 10014.6000]
offset_3        22         10.36        -0.52         0.56   (15-84 p)   [-9995.1400, 10014.6000]

----- dataset: RVdata                    ----- model: gp_multidimensional           
rot_amp         23           6.0         -2.1          2.2   (15-84 p)   [    0.0000,    10.0000]
con_amp         24          1.03        -0.26         0.32   (15-84 p)   [  -20.0000,    20.0000]

----- dataset:  BISdata
jitter_0        25          1.97        -0.11         0.12   (15-84 p)   [    0.0095,    95.0000]
offset_0        26        -73.71        -0.27         0.26   (15-84 p)   [-10078.6333,  9960.6500]
offset_1        27        -43.78        -0.61         0.61   (15-84 p)   [-10078.6333,  9960.6500]
offset_2        28        -52.59        -0.30         0.31   (15-84 p)   [-10078.6333,  9960.6500]
offset_3        29        -59.76        -0.33         0.33   (15-84 p)   [-10078.6333,  9960.6500]

----- dataset: BISdata                   ----- model: gp_multidimensional           
rot_amp         30           3.4         -1.4          1.5   (15-84 p)   [  -10.0000,    10.0000]
con_amp         31         -0.07        -0.22         0.21   (15-84 p)   [  -20.0000,    20.0000]

----- dataset:  FWHMdata
jitter_0        32          0.32        -0.19         0.34   (15-84 p)   [    0.0500,   500.0000]
offset_0        33        6692.2         -2.5          2.2   (15-84 p)   [-3318.5370, 16947.4824]
offset_1        34        6939.4         -2.7          2.7   (15-84 p)   [-3318.5370, 16947.4824]
offset_2        35        6856.2         -2.5          2.3   (15-84 p)   [-3318.5370, 16947.4824]
offset_3        36        6897.1         -2.5          2.3   (15-84 p)   [-3318.5370, 16947.4824]

----- dataset: FWHMdata                  ----- model: gp_multidimensional           
rot_amp         37           4.9         -4.6          3.4   (15-84 p)   [  -10.0000,    10.0000]
con_amp         38          -4.8         -1.4          1.0   (15-84 p)   [  -20.0000,    20.0000]

----- common model:  b
P                0        1.3063      -0.0025       0.0025   (15-84 p)   [    0.3785,     6.6439]
K                1          0.40        -0.20         0.18   (15-84 p)   [   -9.9658,     3.3219]
sre_coso         2         -0.02        -0.20         0.21   (15-84 p)   [   -1.0000,     1.0000]
sre_sino         3          0.05        -0.17         0.17   (15-84 p)   [   -1.0000,     1.0000]
mean_long        4            73          -11           12   (15-84 p)   [ -111.7900,   248.2100]

----- common model:  c
P                5        1.4293      -0.0062       0.0053   (15-84 p)   [    0.3785,     6.6439]
K                6         -0.61        -0.51         0.35   (15-84 p)   [   -9.9658,     3.3219]
sre_coso         7         -0.01        -0.21         0.21   (15-84 p)   [   -1.0000,     1.0000]
sre_sino         8         -0.11        -0.20         0.22   (15-84 p)   [   -1.0000,     1.0000]
mean_long        9           257          -23           22   (15-84 p)   [   79.0568,   439.0568]

----- common model:  d
P               10         4.832       -0.063        0.065   (15-84 p)   [    0.3785,     6.6439]
K               11          0.05        -0.64         0.38   (15-84 p)   [   -9.9658,     3.3219]
sre_coso        12         -0.09        -0.21         0.22   (15-84 p)   [   -1.0000,     1.0000]
sre_sino        13          0.06        -0.23         0.21   (15-84 p)   [   -1.0000,     1.0000]
mean_long       14            47          -23           27   (15-84 p)   [ -138.6591,   221.3409]

----- common model:  activity
Prot            15         27.93        -0.54         0.59   (15-84 p)   [   20.0000,    35.0000]
Pdec            16          31.7         -1.3          3.3   (15-84 p)   [   30.0000,  1000.0000]
Oamp            17         -1.32        -0.12         0.11   (15-84 p)   [   -6.6439,     0.0000]

----- common model:  star_parameters

====================================================================================================
     Statistics on the model parameters obtained from the posteriors samples     
====================================================================================================

----- dataset:  RVdata
jitter_0                 1.167       -0.059        0.064    (15-84 p)
offset_0                  9.18        -0.49         0.55    (15-84 p)
offset_1                 11.14        -0.61         0.66    (15-84 p)
offset_2                 10.02        -0.52         0.55    (15-84 p)
offset_3                 10.36        -0.52         0.56    (15-84 p)


----- dataset: RVdata                    ----- model: gp_multidimensional           
rot_amp                    6.0         -2.1          2.2    (15-84 p)
con_amp                   1.03        -0.26         0.32    (15-84 p)

----- dataset:  BISdata
jitter_0                  1.97        -0.11         0.12    (15-84 p)
offset_0                -73.71        -0.27         0.26    (15-84 p)
offset_1                -43.78        -0.61         0.61    (15-84 p)
offset_2                -52.59        -0.30         0.31    (15-84 p)
offset_3                -59.76        -0.33         0.33    (15-84 p)


----- dataset: BISdata                   ----- model: gp_multidimensional           
rot_amp                    3.4         -1.4          1.5    (15-84 p)
con_amp                  -0.07        -0.22         0.21    (15-84 p)

----- dataset:  FWHMdata
jitter_0                  0.32        -0.19         0.34    (15-84 p)
offset_0                6692.2         -2.5          2.2    (15-84 p)
offset_1                6939.4         -2.7          2.7    (15-84 p)
offset_2                6856.2         -2.5          2.3    (15-84 p)
offset_3                6897.1         -2.5          2.3    (15-84 p)


----- dataset: FWHMdata                  ----- model: gp_multidimensional           
rot_amp                    4.9         -4.6          3.4    (15-84 p)
con_amp                   -4.8         -1.4          1.0    (15-84 p)

----- common model:  b
P                       2.4731      -0.0043       0.0043    (15-84 p)
K                         1.32        -0.17         0.17    (15-84 p)
mean_long                   73          -11           12    (15-84 p)
e                        0.053       -0.038        0.059    (15-84 p)
omega                       31         -158          105    (15-84 p)

----- common model:  c
P                       2.6932       -0.012       0.0099    (15-84 p)
K                         0.66        -0.19         0.18    (15-84 p)
mean_long                  257          -23           22    (15-84 p)
e                        0.075       -0.053        0.077    (15-84 p)
omega                      -59          -73          149    (15-84 p)

----- common model:  d
P                         28.5         -1.2          1.3    (15-84 p)
K                         1.04        -0.37         0.31    (15-84 p)
mean_long                   47          -23           27    (15-84 p)
e                        0.076       -0.054        0.081    (15-84 p)
omega                       55         -181           91    (15-84 p)

----- common model:  activity
Prot                     27.93        -0.54         0.59    (15-84 p)
Pdec                      31.7         -1.3          3.3    (15-84 p)
Oamp                     0.400       -0.033        0.032    (15-84 p)

----- common model:  star_parameters

====================================================================================================
     Statistics on the derived parameters obtained from the posteriors samples     
====================================================================================================

----- common model:  b
Inclination fixed to 90 deg!
Computing planetary mass under the approximation M_planet << M_star (threshold at 30.0 Me)
a_Rs                    7.6926      -0.0088       0.0089    (15-84 p)
M_Mj                    0.0088      -0.0011       0.0012    (15-84 p)
M_Me                      2.79        -0.36         0.37    (15-84 p)
Tc                   59334.850       -0.088         0.14    (15-84 p)
a_AU_(M)              0.035790    -0.000041     0.000041    (15-84 p)
a_AU_(rho,R)          0.035790    -0.000041     0.000041    (15-84 p)

----- common model:  c
Inclination fixed to 90 deg!
Computing planetary mass under the approximation M_planet << M_star (threshold at 30.0 Me)
a_Rs                     8.143       -0.023        0.020    (15-84 p)
M_Mj                    0.0045      -0.0013       0.0012    (15-84 p)
M_Me                      1.42        -0.42         0.39    (15-84 p)
Tc                    59336.15        -0.19         0.18    (15-84 p)
a_AU_(M)              0.037883     -0.00011     0.000093    (15-84 p)
a_AU_(rho,R)          0.037883     -0.00011     0.000093    (15-84 p)

----- common model:  d
Inclination fixed to 90 deg!
Computing planetary mass under the approximation M_planet << M_star (threshold at 30.0 Me)
a_Rs                      39.2         -1.1          1.2    (15-84 p)
M_Mj                    0.0155      -0.0056       0.0046    (15-84 p)
M_Me                       4.9         -1.8          1.5    (15-84 p)
Tc                     59338.8         -1.9          1.9    (15-84 p)
a_AU_(M)                0.1826      -0.0053       0.0056    (15-84 p)
a_AU_(rho,R)            0.1826      -0.0053       0.0056    (15-84 p)


====================================================================================================
     ------------------------------------------------------------------------------------------     
====================================================================================================



15000.0   steps completed, average lnprob:,  -1822.9637457694316


Computing the autocorrelation time of the chains

***** WARNING ******
The integrated autocorrelation time cannot be reliably estimated
likely the chains are too short, and ACF analysis is not fully reliable
emcee.autocorr.integrated_time tolerance lowered to 20
If you still get a warning, you should drop these results entirely
Chains too short to apply convergence criteria
They should be at least 600*nthin = 90000

====================================================================================================
     Statistics on the posterior of the sampler parameters     
====================================================================================================

----- dataset:  RVdata
jitter_0        18         1.168       -0.060        0.066   (15-84 p)   [    0.0009,    12.9000]
offset_0        19          9.19        -0.50         0.56   (15-84 p)   [-9995.1400, 10014.6000]
offset_1        20         11.17        -0.63         0.69   (15-84 p)   [-9995.1400, 10014.6000]
offset_2        21         10.01        -0.53         0.58   (15-84 p)   [-9995.1400, 10014.6000]
offset_3        22         10.36        -0.53         0.58   (15-84 p)   [-9995.1400, 10014.6000]

----- dataset: RVdata                    ----- model: gp_multidimensional           
rot_amp         23           6.2         -2.2          2.1   (15-84 p)   [    0.0000,    10.0000]
con_amp         24          1.07        -0.29         0.39   (15-84 p)   [  -20.0000,    20.0000]

----- dataset:  BISdata
jitter_0        25          1.97        -0.11         0.12   (15-84 p)   [    0.0095,    95.0000]
offset_0        26        -73.73        -0.27         0.27   (15-84 p)   [-10078.6333,  9960.6500]
offset_1        27        -43.74        -0.63         0.59   (15-84 p)   [-10078.6333,  9960.6500]
offset_2        28        -52.59        -0.31         0.32   (15-84 p)   [-10078.6333,  9960.6500]
offset_3        29        -59.78        -0.33         0.33   (15-84 p)   [-10078.6333,  9960.6500]

----- dataset: BISdata                   ----- model: gp_multidimensional           
rot_amp         30           3.5         -1.4          1.7   (15-84 p)   [  -10.0000,    10.0000]
con_amp         31         -0.08        -0.23         0.22   (15-84 p)   [  -20.0000,    20.0000]

----- dataset:  FWHMdata
jitter_0        32          0.34        -0.21         0.32   (15-84 p)   [    0.0500,   500.0000]
offset_0        33        6692.2         -2.6          2.3   (15-84 p)   [-3318.5370, 16947.4824]
offset_1        34        6939.3         -2.7          2.6   (15-84 p)   [-3318.5370, 16947.4824]
offset_2        35        6856.1         -2.6          2.3   (15-84 p)   [-3318.5370, 16947.4824]
offset_3        36        6897.1         -2.6          2.4   (15-84 p)   [-3318.5370, 16947.4824]

----- dataset: FWHMdata                  ----- model: gp_multidimensional           
rot_amp         37           4.7         -4.7          3.6   (15-84 p)   [  -10.0000,    10.0000]
con_amp         38          -5.0         -1.5          1.1   (15-84 p)   [  -20.0000,    20.0000]

----- common model:  b
P                0        1.3063      -0.0025       0.0025   (15-84 p)   [    0.3785,     6.6439]
K                1          0.40        -0.19         0.18   (15-84 p)   [   -9.9658,     3.3219]
sre_coso         2         -0.02        -0.20         0.20   (15-84 p)   [   -1.0000,     1.0000]
sre_sino         3          0.04        -0.18         0.17   (15-84 p)   [   -1.0000,     1.0000]
mean_long        4            73          -11           11   (15-84 p)   [ -111.7900,   248.2100]

----- common model:  c
P                5        1.4295      -0.0063       0.0053   (15-84 p)   [    0.3785,     6.6439]
K                6         -0.62        -0.51         0.36   (15-84 p)   [   -9.9658,     3.3219]
sre_coso         7         -0.02        -0.21         0.22   (15-84 p)   [   -1.0000,     1.0000]
sre_sino         8         -0.11        -0.19         0.22   (15-84 p)   [   -1.0000,     1.0000]
mean_long        9           257          -22           22   (15-84 p)   [   79.0568,   439.0568]

----- common model:  d
P               10         4.834       -0.068        0.063   (15-84 p)   [    0.3785,     6.6439]
K               11          0.09        -0.63         0.35   (15-84 p)   [   -9.9658,     3.3219]
sre_coso        12         -0.08        -0.21         0.22   (15-84 p)   [   -1.0000,     1.0000]
sre_sino        13          0.07        -0.22         0.20   (15-84 p)   [   -1.0000,     1.0000]
mean_long       14            47          -23           27   (15-84 p)   [ -138.6591,   221.3409]

----- common model:  activity
Prot            15         27.94        -0.57         0.64   (15-84 p)   [   20.0000,    35.0000]
Pdec            16          32.8         -2.1          4.7   (15-84 p)   [   30.0000,  1000.0000]
Oamp            17         -1.33        -0.13         0.12   (15-84 p)   [   -6.6439,     0.0000]

----- common model:  star_parameters

====================================================================================================
     Statistics on the model parameters obtained from the posteriors samples     
====================================================================================================

----- dataset:  RVdata
jitter_0                 1.168       -0.060        0.066    (15-84 p)
offset_0                  9.19        -0.50         0.56    (15-84 p)
offset_1                 11.17        -0.63         0.69    (15-84 p)
offset_2                 10.01        -0.53         0.58    (15-84 p)
offset_3                 10.36        -0.53         0.58    (15-84 p)


----- dataset: RVdata                    ----- model: gp_multidimensional           
rot_amp                    6.2         -2.2          2.1    (15-84 p)
con_amp                   1.07        -0.29         0.39    (15-84 p)

----- dataset:  BISdata
jitter_0                  1.97        -0.11         0.12    (15-84 p)
offset_0                -73.73        -0.27         0.27    (15-84 p)
offset_1                -43.74        -0.63         0.59    (15-84 p)
offset_2                -52.59        -0.31         0.32    (15-84 p)
offset_3                -59.78        -0.33         0.33    (15-84 p)


----- dataset: BISdata                   ----- model: gp_multidimensional           
rot_amp                    3.5         -1.4          1.7    (15-84 p)
con_amp                  -0.08        -0.23         0.22    (15-84 p)

----- dataset:  FWHMdata
jitter_0                  0.34        -0.21         0.32    (15-84 p)
offset_0                6692.2         -2.6          2.3    (15-84 p)
offset_1                6939.3         -2.7          2.6    (15-84 p)
offset_2                6856.1         -2.6          2.3    (15-84 p)
offset_3                6897.1         -2.6          2.4    (15-84 p)


----- dataset: FWHMdata                  ----- model: gp_multidimensional           
rot_amp                    4.7         -4.7          3.6    (15-84 p)
con_amp                   -5.0         -1.5          1.1    (15-84 p)

----- common model:  b
P                       2.4731      -0.0043       0.0043    (15-84 p)
K                         1.32        -0.17         0.17    (15-84 p)
mean_long                   73          -11           11    (15-84 p)
e                        0.052       -0.037        0.059    (15-84 p)
omega                       29         -158          106    (15-84 p)

----- common model:  c
P                       2.6935       -0.012       0.0099    (15-84 p)
K                         0.65        -0.19         0.19    (15-84 p)
mean_long                  257          -22           22    (15-84 p)
e                        0.074       -0.052        0.078    (15-84 p)
omega                      -60          -76          154    (15-84 p)

----- common model:  d
P                         28.5         -1.3          1.3    (15-84 p)
K                         1.06        -0.38         0.29    (15-84 p)
mean_long                   47          -23           27    (15-84 p)
e                        0.074       -0.053        0.081    (15-84 p)
omega                       58         -189           88    (15-84 p)

----- common model:  activity
Prot                     27.94        -0.57         0.64    (15-84 p)
Pdec                      32.8         -2.1          4.7    (15-84 p)
Oamp                     0.397       -0.033        0.033    (15-84 p)

----- common model:  star_parameters

====================================================================================================
     Statistics on the derived parameters obtained from the posteriors samples     
====================================================================================================

----- common model:  b
Inclination fixed to 90 deg!
Computing planetary mass under the approximation M_planet << M_star (threshold at 30.0 Me)
a_Rs                    7.6926      -0.0090       0.0088    (15-84 p)
M_Mj                    0.0088      -0.0011       0.0012    (15-84 p)
M_Me                      2.78        -0.35         0.37    (15-84 p)
Tc                   59334.843       -0.084         0.13    (15-84 p)
a_AU_(M)              0.035790    -0.000042     0.000041    (15-84 p)
a_AU_(rho,R)          0.035790    -0.000042     0.000041    (15-84 p)

----- common model:  c
Inclination fixed to 90 deg!
Computing planetary mass under the approximation M_planet << M_star (threshold at 30.0 Me)
a_Rs                     8.143       -0.024        0.020    (15-84 p)
M_Mj                    0.0044      -0.0013       0.0013    (15-84 p)
M_Me                      1.41        -0.42         0.40    (15-84 p)
Tc                    59336.15        -0.18         0.18    (15-84 p)
a_AU_(M)              0.037886     -0.00011     0.000093    (15-84 p)
a_AU_(rho,R)          0.037886     -0.00011     0.000093    (15-84 p)

----- common model:  d
Inclination fixed to 90 deg!
Computing planetary mass under the approximation M_planet << M_star (threshold at 30.0 Me)
a_Rs                      39.3         -1.2          1.2    (15-84 p)
M_Mj                    0.0159      -0.0056       0.0043    (15-84 p)
M_Me                       5.0         -1.8          1.4    (15-84 p)
Tc                     59338.7         -1.9          1.9    (15-84 p)
a_AU_(M)                0.1827      -0.0057       0.0054    (15-84 p)
a_AU_(rho,R)            0.1827      -0.0057       0.0054    (15-84 p)


====================================================================================================
     ------------------------------------------------------------------------------------------     
====================================================================================================



30000.0   steps completed, average lnprob:,  -1822.2108636146786


Computing the autocorrelation time of the chains

***** WARNING ******
The integrated autocorrelation time cannot be reliably estimated
likely the chains are too short, and ACF analysis is not fully reliable
emcee.autocorr.integrated_time tolerance lowered to 20
If you still get a warning, you should drop these results entirely

Reference thinning used in the analysis: 150
Maximum value of the integrated ACF: 14
Step length used in the analysis: 14*nthin = 2100

Convergence criteria: less than 1% variation in ACF after 20 times the integrated ACF
At least 50*ACF after convergence, 100*ACF would be ideal
Negative values: not converged yet

   sampler parameter              |    ACF   | ACF*nthin | converged at | nsteps/ACF | to 100*ACF
                                  |          |           |              |            | 
   RVdata_jitter_0                |    8.37  |     1256  |       -1     |      -1    |  126855 
   RVdata_offset_0                |   10.66  |     1598  |       -1     |      -1    |  161433 
   RVdata_offset_1                |   10.53  |     1580  |       -1     |      -1    |  159570 
   RVdata_offset_2                |   10.69  |     1603  |       -1     |      -1    |  161900 
   RVdata_offset_3                |   10.69  |     1604  |       -1     |      -1    |  161955 
   RVdata_gp_multidimensional_rot_amp |    9.22  |     1383  |       -1     |      -1    |  139702 
   RVdata_gp_multidimensional_con_amp |   11.35  |     1702  |       -1     |      -1    |  171879 
   BISdata_jitter_0               |    8.25  |     1237  |       -1     |      -1    |  124976 
   BISdata_offset_0               |    9.12  |     1368  |       -1     |      -1    |  138168 
   BISdata_offset_1               |    8.59  |     1288  |       -1     |      -1    |  130097 
   BISdata_offset_2               |    8.64  |     1297  |       -1     |      -1    |  130957 
   BISdata_offset_3               |    8.78  |     1317  |       -1     |      -1    |  132969 
   BISdata_gp_multidimensional_rot_amp |    9.19  |     1379  |       -1     |      -1    |  139296 
   BISdata_gp_multidimensional_con_amp |    9.80  |     1470  |       -1     |      -1    |  148426 
   FWHMdata_jitter_0              |    9.07  |     1361  |       -1     |      -1    |  137483 
   FWHMdata_offset_0              |   10.93  |     1639  |       -1     |      -1    |  165520 
   FWHMdata_offset_1              |   10.60  |     1590  |       -1     |      -1    |  160611 
   FWHMdata_offset_2              |   11.14  |     1671  |       -1     |      -1    |  168801 
   FWHMdata_offset_3              |   10.84  |     1626  |       -1     |      -1    |  164182 
   FWHMdata_gp_multidimensional_rot_amp |    9.75  |     1463  |       -1     |      -1    |  147755 
   FWHMdata_gp_multidimensional_con_amp |   11.39  |     1709  |       -1     |      -1    |  172573 
   b_P                            |    8.55  |     1282  |       -1     |      -1    |  129459 
   b_K                            |    8.47  |     1270  |       -1     |      -1    |  128318 
   b_sre_coso                     |    8.92  |     1338  |       -1     |      -1    |  135145 
   b_sre_sino                     |    8.53  |     1279  |       -1     |      -1    |  129199 
   b_mean_long                    |    8.73  |     1309  |       -1     |      -1    |  132248 
   c_P                            |   11.14  |     1672  |       -1     |      -1    |  168833 
   c_K                            |   10.07  |     1511  |       -1     |      -1    |  152620 
   c_sre_coso                     |    8.71  |     1307  |       -1     |      -1    |  131975 
   c_sre_sino                     |    8.71  |     1307  |       -1     |      -1    |  131995 
   c_mean_long                    |   10.47  |     1571  |       -1     |      -1    |  158637 
   d_P                            |   10.84  |     1626  |       -1     |      -1    |  164208 
   d_K                            |   12.69  |     1903  |       -1     |      -1    |  192237 
   d_sre_coso                     |    8.67  |     1300  |       -1     |      -1    |  131331 
   d_sre_sino                     |    8.45  |     1267  |       -1     |      -1    |  127966 
   d_mean_long                    |   10.48  |     1572  |       -1     |      -1    |  158731 
   activity_Prot                  |    8.81  |     1322  |       -1     |      -1    |  133537 
   activity_Pdec                  |   14.13  |     2120  |       -1     |      -1    |  214118 
   activity_Oamp                  |    8.59  |     1288  |       -1     |      -1    |  130126 

    39 chains have not converged yet, keep going 

Check the documentation for the correct interpretation of these results:
https://pyorbit.readthedocs.io/running_pyorbit/terminal_output/#autocorrelation-analysis

====================================================================================================
     Statistics on the posterior of the sampler parameters     
====================================================================================================

----- dataset:  RVdata
jitter_0        18         1.168       -0.059        0.065   (15-84 p)   [    0.0009,    12.9000]
offset_0        19          9.20        -0.51         0.57   (15-84 p)   [-9995.1400, 10014.6000]
offset_1        20         11.16        -0.62         0.70   (15-84 p)   [-9995.1400, 10014.6000]
offset_2        21         10.02        -0.53         0.59   (15-84 p)   [-9995.1400, 10014.6000]
offset_3        22         10.37        -0.53         0.60   (15-84 p)   [-9995.1400, 10014.6000]

----- dataset: RVdata                    ----- model: gp_multidimensional           
rot_amp         23           6.2         -2.2          2.1   (15-84 p)   [    0.0000,    10.0000]
con_amp         24          1.08        -0.29         0.39   (15-84 p)   [  -20.0000,    20.0000]

----- dataset:  BISdata
jitter_0        25          1.97        -0.11         0.12   (15-84 p)   [    0.0095,    95.0000]
offset_0        26        -73.73        -0.27         0.26   (15-84 p)   [-10078.6333,  9960.6500]
offset_1        27        -43.76        -0.62         0.59   (15-84 p)   [-10078.6333,  9960.6500]
offset_2        28        -52.59        -0.31         0.31   (15-84 p)   [-10078.6333,  9960.6500]
offset_3        29        -59.79        -0.33         0.32   (15-84 p)   [-10078.6333,  9960.6500]

----- dataset: BISdata                   ----- model: gp_multidimensional           
rot_amp         30           3.5         -1.4          1.7   (15-84 p)   [  -10.0000,    10.0000]
con_amp         31         -0.08        -0.24         0.22   (15-84 p)   [  -20.0000,    20.0000]

----- dataset:  FWHMdata
jitter_0        32          0.34        -0.21         0.32   (15-84 p)   [    0.0500,   500.0000]
offset_0        33        6692.2         -2.6          2.3   (15-84 p)   [-3318.5370, 16947.4824]
offset_1        34        6939.3         -2.8          2.7   (15-84 p)   [-3318.5370, 16947.4824]
offset_2        35        6856.1         -2.6          2.4   (15-84 p)   [-3318.5370, 16947.4824]
offset_3        36        6897.1         -2.6          2.4   (15-84 p)   [-3318.5370, 16947.4824]

----- dataset: FWHMdata                  ----- model: gp_multidimensional           
rot_amp         37           4.7         -4.8          3.6   (15-84 p)   [  -10.0000,    10.0000]
con_amp         38          -5.0         -1.5          1.1   (15-84 p)   [  -20.0000,    20.0000]

----- common model:  b
P                0        1.3063      -0.0025       0.0025   (15-84 p)   [    0.3785,     6.6439]
K                1          0.39        -0.20         0.18   (15-84 p)   [   -9.9658,     3.3219]
sre_coso         2         -0.02        -0.20         0.21   (15-84 p)   [   -1.0000,     1.0000]
sre_sino         3          0.05        -0.18         0.17   (15-84 p)   [   -1.0000,     1.0000]
mean_long        4            74          -11           11   (15-84 p)   [ -111.7900,   248.2100]

----- common model:  c
P                5        1.4294      -0.0068       0.0054   (15-84 p)   [    0.3785,     6.6439]
K                6         -0.63        -0.54         0.37   (15-84 p)   [   -9.9658,     3.3219]
sre_coso         7         -0.01        -0.21         0.21   (15-84 p)   [   -1.0000,     1.0000]
sre_sino         8         -0.12        -0.19         0.22   (15-84 p)   [   -1.0000,     1.0000]
mean_long        9           257          -23           22   (15-84 p)   [   79.0568,   439.0568]

----- common model:  d
P               10         4.832       -0.071        0.063   (15-84 p)   [    0.3785,     6.6439]
K               11          0.08        -0.66         0.35   (15-84 p)   [   -9.9658,     3.3219]
sre_coso        12         -0.08        -0.21         0.22   (15-84 p)   [   -1.0000,     1.0000]
sre_sino        13          0.07        -0.22         0.20   (15-84 p)   [   -1.0000,     1.0000]
mean_long       14            47          -23           27   (15-84 p)   [ -138.6591,   221.3409]

----- common model:  activity
Prot            15         27.93        -0.57         0.62   (15-84 p)   [   20.0000,    35.0000]
Pdec            16          32.9         -2.1          4.8   (15-84 p)   [   30.0000,  1000.0000]
Oamp            17         -1.33        -0.13         0.11   (15-84 p)   [   -6.6439,     0.0000]

----- common model:  star_parameters

====================================================================================================
     Statistics on the model parameters obtained from the posteriors samples     
====================================================================================================

----- dataset:  RVdata
jitter_0                 1.168       -0.059        0.065    (15-84 p)
offset_0                  9.20        -0.51         0.57    (15-84 p)
offset_1                 11.16        -0.62         0.70    (15-84 p)
offset_2                 10.02        -0.53         0.59    (15-84 p)
offset_3                 10.37        -0.53         0.60    (15-84 p)


----- dataset: RVdata                    ----- model: gp_multidimensional           
rot_amp                    6.2         -2.2          2.1    (15-84 p)
con_amp                   1.08        -0.29         0.39    (15-84 p)

----- dataset:  BISdata
jitter_0                  1.97        -0.11         0.12    (15-84 p)
offset_0                -73.73        -0.27         0.26    (15-84 p)
offset_1                -43.76        -0.62         0.59    (15-84 p)
offset_2                -52.59        -0.31         0.31    (15-84 p)
offset_3                -59.79        -0.33         0.32    (15-84 p)


----- dataset: BISdata                   ----- model: gp_multidimensional           
rot_amp                    3.5         -1.4          1.7    (15-84 p)
con_amp                  -0.08        -0.24         0.22    (15-84 p)

----- dataset:  FWHMdata
jitter_0                  0.34        -0.21         0.32    (15-84 p)
offset_0                6692.2         -2.6          2.3    (15-84 p)
offset_1                6939.3         -2.8          2.7    (15-84 p)
offset_2                6856.1         -2.6          2.4    (15-84 p)
offset_3                6897.1         -2.6          2.4    (15-84 p)


----- dataset: FWHMdata                  ----- model: gp_multidimensional           
rot_amp                    4.7         -4.8          3.6    (15-84 p)
con_amp                   -5.0         -1.5          1.1    (15-84 p)

----- common model:  b
P                       2.4730      -0.0043       0.0042    (15-84 p)
K                         1.31        -0.17         0.17    (15-84 p)
mean_long                   74          -11           11    (15-84 p)
e                        0.053       -0.038        0.059    (15-84 p)
omega                       29         -157          107    (15-84 p)

----- common model:  c
P                        2.693       -0.013        0.010    (15-84 p)
K                         0.65        -0.20         0.19    (15-84 p)
mean_long                  257          -23           22    (15-84 p)
e                        0.075       -0.053        0.078    (15-84 p)
omega                      -59          -74          146    (15-84 p)

----- common model:  d
P                         28.5         -1.4          1.3    (15-84 p)
K                         1.06        -0.39         0.29    (15-84 p)
mean_long                   47          -23           27    (15-84 p)
e                        0.076       -0.054        0.083    (15-84 p)
omega                       57         -186           88    (15-84 p)

----- common model:  activity
Prot                     27.93        -0.57         0.62    (15-84 p)
Pdec                      32.9         -2.1          4.8    (15-84 p)
Oamp                     0.397       -0.033        0.033    (15-84 p)

----- common model:  star_parameters

====================================================================================================
     Statistics on the derived parameters obtained from the posteriors samples     
====================================================================================================

----- common model:  b
Inclination fixed to 90 deg!
Computing planetary mass under the approximation M_planet << M_star (threshold at 30.0 Me)
a_Rs                    7.6925      -0.0090       0.0088    (15-84 p)
M_Mj                    0.0087      -0.0011       0.0011    (15-84 p)
M_Me                      2.77        -0.35         0.36    (15-84 p)
Tc                   59334.843       -0.083         0.13    (15-84 p)
a_AU_(M)              0.035789    -0.000042     0.000041    (15-84 p)
a_AU_(rho,R)          0.035789    -0.000042     0.000041    (15-84 p)

----- common model:  c
Inclination fixed to 90 deg!
Computing planetary mass under the approximation M_planet << M_star (threshold at 30.0 Me)
a_Rs                     8.143       -0.025        0.020    (15-84 p)
M_Mj                    0.0044      -0.0014       0.0013    (15-84 p)
M_Me                      1.40        -0.43         0.41    (15-84 p)
Tc                    59336.15        -0.19         0.19    (15-84 p)
a_AU_(M)              0.037885     -0.00012     0.000095    (15-84 p)
a_AU_(rho,R)          0.037884     -0.00012     0.000095    (15-84 p)

----- common model:  d
Inclination fixed to 90 deg!
Computing planetary mass under the approximation M_planet << M_star (threshold at 30.0 Me)
a_Rs                      39.2         -1.3          1.1    (15-84 p)
M_Mj                    0.0158      -0.0058       0.0044    (15-84 p)
M_Me                       5.0         -1.9          1.4    (15-84 p)
Tc                     59338.8         -1.9          1.9    (15-84 p)
a_AU_(M)                0.1825      -0.0059       0.0053    (15-84 p)
a_AU_(rho,R)            0.1825      -0.0059       0.0053    (15-84 p)


====================================================================================================
     ------------------------------------------------------------------------------------------     
====================================================================================================



45000.0   steps completed, average lnprob:,  -1824.0774740785018


Computing the autocorrelation time of the chains

***** WARNING ******
The integrated autocorrelation time cannot be reliably estimated
likely the chains are too short, and ACF analysis is not fully reliable
emcee.autocorr.integrated_time tolerance lowered to 20
If you still get a warning, you should drop these results entirely
Chains too short to apply convergence criteria
They should be at least 1000*nthin = 150000

====================================================================================================
     Statistics on the posterior of the sampler parameters     
====================================================================================================

----- dataset:  RVdata
jitter_0        18         1.168       -0.060        0.066   (15-84 p)   [    0.0009,    12.9000]
offset_0        19          9.20        -0.50         0.56   (15-84 p)   [-9995.1400, 10014.6000]
offset_1        20         11.15        -0.61         0.68   (15-84 p)   [-9995.1400, 10014.6000]
offset_2        21         10.03        -0.53         0.57   (15-84 p)   [-9995.1400, 10014.6000]
offset_3        22         10.37        -0.52         0.58   (15-84 p)   [-9995.1400, 10014.6000]

----- dataset: RVdata                    ----- model: gp_multidimensional           
rot_amp         23           6.3         -2.2          2.1   (15-84 p)   [    0.0000,    10.0000]
con_amp         24          1.06        -0.28         0.38   (15-84 p)   [  -20.0000,    20.0000]

----- dataset:  BISdata
jitter_0        25          1.97        -0.11         0.12   (15-84 p)   [    0.0095,    95.0000]
offset_0        26        -73.73        -0.27         0.26   (15-84 p)   [-10078.6333,  9960.6500]
offset_1        27        -43.76        -0.62         0.60   (15-84 p)   [-10078.6333,  9960.6500]
offset_2        28        -52.60        -0.31         0.31   (15-84 p)   [-10078.6333,  9960.6500]
offset_3        29        -59.79        -0.33         0.32   (15-84 p)   [-10078.6333,  9960.6500]

----- dataset: BISdata                   ----- model: gp_multidimensional           
rot_amp         30           3.4         -1.4          1.7   (15-84 p)   [  -10.0000,    10.0000]
con_amp         31         -0.07        -0.24         0.22   (15-84 p)   [  -20.0000,    20.0000]

----- dataset:  FWHMdata
jitter_0        32          0.34        -0.21         0.33   (15-84 p)   [    0.0500,   500.0000]
offset_0        33        6692.2         -2.5          2.3   (15-84 p)   [-3318.5370, 16947.4824]
offset_1        34        6939.3         -2.7          2.6   (15-84 p)   [-3318.5370, 16947.4824]
offset_2        35        6856.1         -2.6          2.3   (15-84 p)   [-3318.5370, 16947.4824]
offset_3        36        6897.1         -2.6          2.3   (15-84 p)   [-3318.5370, 16947.4824]

----- dataset: FWHMdata                  ----- model: gp_multidimensional           
rot_amp         37           4.9         -4.8          3.5   (15-84 p)   [  -10.0000,    10.0000]
con_amp         38          -4.9         -1.5          1.1   (15-84 p)   [  -20.0000,    20.0000]

----- common model:  b
P                0        1.3063      -0.0025       0.0025   (15-84 p)   [    0.3785,     6.6439]
K                1          0.39        -0.20         0.18   (15-84 p)   [   -9.9658,     3.3219]
sre_coso         2         -0.01        -0.20         0.21   (15-84 p)   [   -1.0000,     1.0000]
sre_sino         3          0.05        -0.18         0.16   (15-84 p)   [   -1.0000,     1.0000]
mean_long        4            73          -11           11   (15-84 p)   [ -111.7900,   248.2100]

----- common model:  c
P                5        1.4292      -0.0070       0.0055   (15-84 p)   [    0.3785,     6.6439]
K                6         -0.63        -0.56         0.37   (15-84 p)   [   -9.9658,     3.3219]
sre_coso         7         -0.01        -0.21         0.21   (15-84 p)   [   -1.0000,     1.0000]
sre_sino         8         -0.11        -0.19         0.22   (15-84 p)   [   -1.0000,     1.0000]
mean_long        9           257          -24           22   (15-84 p)   [   79.0568,   439.0568]

----- common model:  d
P               10         4.830       -0.083        0.067   (15-84 p)   [    0.3785,     6.6439]
K               11          0.06        -0.86         0.37   (15-84 p)   [   -9.9658,     3.3219]
sre_coso        12         -0.08        -0.21         0.23   (15-84 p)   [   -1.0000,     1.0000]
sre_sino        13          0.06        -0.22         0.21   (15-84 p)   [   -1.0000,     1.0000]
mean_long       14            47          -24           29   (15-84 p)   [ -138.6591,   221.3409]

----- common model:  activity
Prot            15         27.94        -0.58         0.61   (15-84 p)   [   20.0000,    35.0000]
Pdec            16          32.8         -2.1          4.5   (15-84 p)   [   30.0000,  1000.0000]
Oamp            17         -1.33        -0.12         0.11   (15-84 p)   [   -6.6439,     0.0000]

----- common model:  star_parameters

====================================================================================================
     Statistics on the model parameters obtained from the posteriors samples     
====================================================================================================

----- dataset:  RVdata
jitter_0                 1.168       -0.060        0.066    (15-84 p)
offset_0                  9.20        -0.50         0.56    (15-84 p)
offset_1                 11.15        -0.61         0.68    (15-84 p)
offset_2                 10.03        -0.53         0.57    (15-84 p)
offset_3                 10.37        -0.52         0.58    (15-84 p)


----- dataset: RVdata                    ----- model: gp_multidimensional           
rot_amp                    6.3         -2.2          2.1    (15-84 p)
con_amp                   1.06        -0.28         0.38    (15-84 p)

----- dataset:  BISdata
jitter_0                  1.97        -0.11         0.12    (15-84 p)
offset_0                -73.73        -0.27         0.26    (15-84 p)
offset_1                -43.76        -0.62         0.60    (15-84 p)
offset_2                -52.60        -0.31         0.31    (15-84 p)
offset_3                -59.79        -0.33         0.32    (15-84 p)


----- dataset: BISdata                   ----- model: gp_multidimensional           
rot_amp                    3.4         -1.4          1.7    (15-84 p)
con_amp                  -0.07        -0.24         0.22    (15-84 p)

----- dataset:  FWHMdata
jitter_0                  0.34        -0.21         0.33    (15-84 p)
offset_0                6692.2         -2.5          2.3    (15-84 p)
offset_1                6939.3         -2.7          2.6    (15-84 p)
offset_2                6856.1         -2.6          2.3    (15-84 p)
offset_3                6897.1         -2.6          2.3    (15-84 p)


----- dataset: FWHMdata                  ----- model: gp_multidimensional           
rot_amp                    4.9         -4.8          3.5    (15-84 p)
con_amp                   -4.9         -1.5          1.1    (15-84 p)

----- common model:  b
P                       2.4730      -0.0043       0.0042    (15-84 p)
K                         1.31        -0.17         0.17    (15-84 p)
mean_long                   73          -11           11    (15-84 p)
e                        0.054       -0.038        0.059    (15-84 p)
omega                       32         -155          103    (15-84 p)

----- common model:  c
P                        2.693       -0.013        0.010    (15-84 p)
K                         0.65        -0.21         0.19    (15-84 p)
mean_long                  257          -24           22    (15-84 p)
e                        0.074       -0.052        0.078    (15-84 p)
omega                      -58          -75          147    (15-84 p)

----- common model:  d
P                         28.4         -1.6          1.4    (15-84 p)
K                         1.04        -0.47         0.31    (15-84 p)
mean_long                   47          -24           29    (15-84 p)
e                        0.076       -0.054        0.082    (15-84 p)
omega                       53         -183           92    (15-84 p)

----- common model:  activity
Prot                     27.94        -0.58         0.61    (15-84 p)
Pdec                      32.8         -2.1          4.5    (15-84 p)
Oamp                     0.398       -0.033        0.032    (15-84 p)

----- common model:  star_parameters

====================================================================================================
     Statistics on the derived parameters obtained from the posteriors samples     
====================================================================================================

----- common model:  b
Inclination fixed to 90 deg!
Computing planetary mass under the approximation M_planet << M_star (threshold at 30.0 Me)
a_Rs                    7.6925      -0.0090       0.0088    (15-84 p)
M_Mj                    0.0087      -0.0011       0.0011    (15-84 p)
M_Me                      2.77        -0.35         0.36    (15-84 p)
Tc                   59334.844       -0.084         0.13    (15-84 p)
a_AU_(M)              0.035789    -0.000042     0.000041    (15-84 p)
a_AU_(rho,R)          0.035789    -0.000042     0.000041    (15-84 p)

----- common model:  c
Inclination fixed to 90 deg!
Computing planetary mass under the approximation M_planet << M_star (threshold at 30.0 Me)
a_Rs                     8.142       -0.026        0.021    (15-84 p)
M_Mj                    0.0044      -0.0014       0.0013    (15-84 p)
M_Me                      1.40        -0.45         0.41    (15-84 p)
Tc                    59336.15        -0.18         0.19    (15-84 p)
a_AU_(M)              0.037881     -0.00012     0.000096    (15-84 p)
a_AU_(rho,R)          0.037881     -0.00012     0.000096    (15-84 p)

----- common model:  d
Inclination fixed to 90 deg!
Computing planetary mass under the approximation M_planet << M_star (threshold at 30.0 Me)
a_Rs                      39.2         -1.5          1.2    (15-84 p)
M_Mj                    0.0155      -0.0070       0.0046    (15-84 p)
M_Me                       4.9         -2.2          1.5    (15-84 p)
Tc                     59338.8         -1.9          2.1    (15-84 p)
a_AU_(M)                0.1824      -0.0068       0.0057    (15-84 p)
a_AU_(rho,R)            0.1824      -0.0068       0.0057    (15-84 p)


====================================================================================================
     ------------------------------------------------------------------------------------------     
====================================================================================================



60000.0   steps completed, average lnprob:,  -1824.7821095138413


emcee completed


:::---::: PyORBIT v11.0.1 :::---:::

Python version in use:
3.10.18 (main, Jun  5 2025, 13:14:17) [GCC 11.2.0]
LaTeX disabled by default

Using orbital model:  keplerian
Using orbital parametrization:  Eastman2013

Using orbital model:  keplerian
Using orbital parametrization:  Eastman2013

Using orbital model:  keplerian
Using orbital parametrization:  Eastman2013

gp_multidimensional  S+LEAF model, number of harmonics: 4

GP model: gp_multidimensional  hyperparameters_condition:    True
GP model: gp_multidimensional  rotation_decay_condition:     True

### PyORBIT version used in the analysis:  11.0.1

 emcee version:  3.1.6

 Reference Time Tref: 59334.700184

 Data points:720
 Dimensions: 39
 Nwalkers:   156
 Steps:      60000


Number of samplings: 46800

Recomputing ln-prior, it may take a while...

ln-probability   distribution:  -1823.17       -5.71      4.80 (15-84 p) 
ln-prior         distribution:   -211.32       -2.40      1.66 (15-84 p) 
ln-likelihood    distribution:  -1611.48       -5.73      4.77 (15-84 p) 


*** Information criteria using the likelihood distribution

 BIC from distribution  (using likelihood)  =   3479.54     -9.54   11.46 (15-84 p)
 AIC from distribution  (using likelihood)  =   3300.95     -9.54   11.46 (15-84 p)
 AICc from distribution (using likelihood)  =   3305.54     -9.54   11.46 (15-84 p)


*** Information criteria using the median parameter set

 ln_probability of Median solution =  -1805.76
 ln_priors of Median solution      =   -209.01
 ln_likelihood of Median solution  =  -1596.75

 Median BIC  (using likelihood) =   3450.08
 Median AIC  (using likelihood) =   3271.49
 Median AICc (using likelihood) =   3276.08


*** Information criteria using the MAP parameter set

 ln_probability of MAP solution =  -1808.62
 ln_priors of MAP solution      =   -210.00
 ln_likelihood of MAP solution  =  -1598.63

 MAP BIC  (using likelihood)    =   3453.84
 MAP AIC  (using likelihood)    =   3275.25
 MAP AICc (using likelihood)    =   3279.84

 AICc suggested over AIC because NDATA ( 720 ) < 40 * NDIM ( 39 )

****************************************************************************************************


Computing the autocorrelation time of the chains

***** WARNING ******
The integrated autocorrelation time cannot be reliably estimated
likely the chains are too short, and ACF analysis is not fully reliable
emcee.autocorr.integrated_time tolerance lowered to 20
If you still get a warning, you should drop these results entirely
Chains too short to apply convergence criteria
They should be at least 1000*nthin = 150000

 ACF computation failed, no plot will be generated 


====================================================================================================
     Ids, spaces (s), boundaries (b) and priors (p) of the sampler parameters     
====================================================================================================

----- dataset:  RVdata
jitter_0      id:  18  s:Linear      b:[      0.0009,      12.9000]   p:Uniform   []
offset_0      id:  19  s:Linear      b:[  -9995.1400,   10014.6000]   p:Uniform   []
offset_1      id:  20  s:Linear      b:[  -9995.1400,   10014.6000]   p:Uniform   []
offset_2      id:  21  s:Linear      b:[  -9995.1400,   10014.6000]   p:Uniform   []
offset_3      id:  22  s:Linear      b:[  -9995.1400,   10014.6000]   p:Uniform   []

----- dataset: RVdata                    ----- model: gp_multidimensional           
rot_amp       id:  23  s:Linear      b:[      0.0000,      10.0000]   p:Uniform   []
con_amp       id:  24  s:Linear      b:[    -20.0000,      20.0000]   p:Uniform   []

----- dataset:  BISdata
jitter_0      id:  25  s:Linear      b:[      0.0095,      95.0000]   p:Uniform   []
offset_0      id:  26  s:Linear      b:[ -10078.6333,    9960.6500]   p:Uniform   []
offset_1      id:  27  s:Linear      b:[ -10078.6333,    9960.6500]   p:Uniform   []
offset_2      id:  28  s:Linear      b:[ -10078.6333,    9960.6500]   p:Uniform   []
offset_3      id:  29  s:Linear      b:[ -10078.6333,    9960.6500]   p:Uniform   []

----- dataset: BISdata                   ----- model: gp_multidimensional           
rot_amp       id:  30  s:Linear      b:[    -10.0000,      10.0000]   p:Uniform   []
con_amp       id:  31  s:Linear      b:[    -20.0000,      20.0000]   p:Uniform   []

----- dataset:  FWHMdata
jitter_0      id:  32  s:Linear      b:[      0.0500,     500.0000]   p:Uniform   []
offset_0      id:  33  s:Linear      b:[  -3318.5370,   16947.4824]   p:Uniform   []
offset_1      id:  34  s:Linear      b:[  -3318.5370,   16947.4824]   p:Uniform   []
offset_2      id:  35  s:Linear      b:[  -3318.5370,   16947.4824]   p:Uniform   []
offset_3      id:  36  s:Linear      b:[  -3318.5370,   16947.4824]   p:Uniform   []

----- dataset: FWHMdata                  ----- model: gp_multidimensional           
rot_amp       id:  37  s:Linear      b:[    -10.0000,      10.0000]   p:Uniform   []
con_amp       id:  38  s:Linear      b:[    -20.0000,      20.0000]   p:Uniform   []

----- common model:  b
P             id:   0  s:Log_Base2   b:[      0.3785,       6.6439]   p:Uniform   []
K             id:   1  s:Log_Base2   b:[     -9.9658,       3.3219]   p:Uniform   []
sre_coso      id:   2  s:Linear      b:[     -1.0000,       1.0000]   p:Uniform   []
sre_sino      id:   3  s:Linear      b:[     -1.0000,       1.0000]   p:Uniform   []
mean_long     id:   4  s:Linear      b:[   -111.7900,     248.2100]   p:Uniform   []
e             derived (no id, space, bound)                           p:Gaussian   [0.    0.098]
omega         derived (no id, space, bound)                           p:Uniform   [0.0, 360.0]

----- common model:  c
P             id:   5  s:Log_Base2   b:[      0.3785,       6.6439]   p:Uniform   []
K             id:   6  s:Log_Base2   b:[     -9.9658,       3.3219]   p:Uniform   []
sre_coso      id:   7  s:Linear      b:[     -1.0000,       1.0000]   p:Uniform   []
sre_sino      id:   8  s:Linear      b:[     -1.0000,       1.0000]   p:Uniform   []
mean_long     id:   9  s:Linear      b:[     79.0568,     439.0568]   p:Uniform   []
e             derived (no id, space, bound)                           p:Gaussian   [0.    0.098]
omega         derived (no id, space, bound)                           p:Uniform   [0.0, 360.0]

----- common model:  d
P             id:  10  s:Log_Base2   b:[      0.3785,       6.6439]   p:Uniform   []
K             id:  11  s:Log_Base2   b:[     -9.9658,       3.3219]   p:Uniform   []
sre_coso      id:  12  s:Linear      b:[     -1.0000,       1.0000]   p:Uniform   []
sre_sino      id:  13  s:Linear      b:[     -1.0000,       1.0000]   p:Uniform   []
mean_long     id:  14  s:Linear      b:[   -138.6591,     221.3409]   p:Uniform   []
e             derived (no id, space, bound)                           p:Gaussian   [0.    0.098]
omega         derived (no id, space, bound)                           p:Uniform   [0.0, 360.0]

----- common model:  activity
Prot          id:  15  s:Linear      b:[     20.0000,      35.0000]   p:Gaussian   [28.   0.5]
Pdec          id:  16  s:Linear      b:[     30.0000,    1000.0000]   p:Uniform   []
Oamp          id:  17  s:Log_Base2   b:[     -6.6439,       0.0000]   p:Gaussian   [0.35  0.035]

----- common model:  star_parameters
mass          derived (no id, space, bound)                           p:Gaussian   [1.e+00 1.e-06]
radius        derived (no id, space, bound)                           p:Gaussian   [1.e+00 1.e-06]
density       derived (no id, space, bound)                           p:Gaussian   [1.e+00 1.e-06]


****************************************************************************************************
****************************************************************************************************

 Confidence intervals (median value, 34.135th percentile from the median on the left and right side)

====================================================================================================
     Statistics on the posterior of the sampler parameters     
====================================================================================================

----- dataset:  RVdata
jitter_0        18         1.168       -0.060        0.066   (15-84 p)   [    0.0009,    12.9000]
offset_0        19          9.20        -0.50         0.56   (15-84 p)   [-9995.1400, 10014.6000]
offset_1        20         11.15        -0.61         0.68   (15-84 p)   [-9995.1400, 10014.6000]
offset_2        21         10.03        -0.53         0.57   (15-84 p)   [-9995.1400, 10014.6000]
offset_3        22         10.37        -0.52         0.58   (15-84 p)   [-9995.1400, 10014.6000]

----- dataset: RVdata                    ----- model: gp_multidimensional           
rot_amp         23           6.3         -2.2          2.1   (15-84 p)   [    0.0000,    10.0000]
con_amp         24          1.06        -0.28         0.38   (15-84 p)   [  -20.0000,    20.0000]

----- dataset:  BISdata
jitter_0        25          1.97        -0.11         0.12   (15-84 p)   [    0.0095,    95.0000]
offset_0        26        -73.73        -0.27         0.26   (15-84 p)   [-10078.6333,  9960.6500]
offset_1        27        -43.76        -0.62         0.60   (15-84 p)   [-10078.6333,  9960.6500]
offset_2        28        -52.60        -0.31         0.31   (15-84 p)   [-10078.6333,  9960.6500]
offset_3        29        -59.79        -0.33         0.32   (15-84 p)   [-10078.6333,  9960.6500]

----- dataset: BISdata                   ----- model: gp_multidimensional           
rot_amp         30           3.4         -1.4          1.7   (15-84 p)   [  -10.0000,    10.0000]
con_amp         31         -0.07        -0.24         0.22   (15-84 p)   [  -20.0000,    20.0000]

----- dataset:  FWHMdata
jitter_0        32          0.34        -0.21         0.33   (15-84 p)   [    0.0500,   500.0000]
offset_0        33        6692.2         -2.5          2.3   (15-84 p)   [-3318.5370, 16947.4824]
offset_1        34        6939.3         -2.7          2.6   (15-84 p)   [-3318.5370, 16947.4824]
offset_2        35        6856.1         -2.6          2.3   (15-84 p)   [-3318.5370, 16947.4824]
offset_3        36        6897.1         -2.6          2.3   (15-84 p)   [-3318.5370, 16947.4824]

----- dataset: FWHMdata                  ----- model: gp_multidimensional           
rot_amp         37           4.9         -4.8          3.5   (15-84 p)   [  -10.0000,    10.0000]
con_amp         38          -4.9         -1.5          1.1   (15-84 p)   [  -20.0000,    20.0000]

----- common model:  b
P                0        1.3063      -0.0025       0.0025   (15-84 p)   [    0.3785,     6.6439]
K                1          0.39        -0.20         0.18   (15-84 p)   [   -9.9658,     3.3219]
sre_coso         2         -0.01        -0.20         0.21   (15-84 p)   [   -1.0000,     1.0000]
sre_sino         3          0.05        -0.18         0.16   (15-84 p)   [   -1.0000,     1.0000]
mean_long        4            73          -11           11   (15-84 p)   [ -111.7900,   248.2100]

----- common model:  c
P                5        1.4292      -0.0070       0.0055   (15-84 p)   [    0.3785,     6.6439]
K                6         -0.63        -0.56         0.37   (15-84 p)   [   -9.9658,     3.3219]
sre_coso         7         -0.01        -0.21         0.21   (15-84 p)   [   -1.0000,     1.0000]
sre_sino         8         -0.11        -0.19         0.22   (15-84 p)   [   -1.0000,     1.0000]
mean_long        9           257          -24           22   (15-84 p)   [   79.0568,   439.0568]

----- common model:  d
P               10         4.830       -0.083        0.067   (15-84 p)   [    0.3785,     6.6439]
K               11          0.06        -0.86         0.37   (15-84 p)   [   -9.9658,     3.3219]
sre_coso        12         -0.08        -0.21         0.23   (15-84 p)   [   -1.0000,     1.0000]
sre_sino        13          0.06        -0.22         0.21   (15-84 p)   [   -1.0000,     1.0000]
mean_long       14            47          -24           29   (15-84 p)   [ -138.6591,   221.3409]

----- common model:  activity
Prot            15         27.94        -0.58         0.61   (15-84 p)   [   20.0000,    35.0000]
Pdec            16          32.8         -2.1          4.5   (15-84 p)   [   30.0000,  1000.0000]
Oamp            17         -1.33        -0.12         0.11   (15-84 p)   [   -6.6439,     0.0000]

----- common model:  star_parameters

====================================================================================================
     Statistics on the model parameters obtained from the posteriors samples     
====================================================================================================

----- dataset:  RVdata
jitter_0                 1.168       -0.060        0.066    (15-84 p)
offset_0                  9.20        -0.50         0.56    (15-84 p)
offset_1                 11.15        -0.61         0.68    (15-84 p)
offset_2                 10.03        -0.53         0.57    (15-84 p)
offset_3                 10.37        -0.52         0.58    (15-84 p)


----- dataset: RVdata                    ----- model: gp_multidimensional           
rot_amp                    6.3         -2.2          2.1    (15-84 p)
con_amp                   1.06        -0.28         0.38    (15-84 p)

----- dataset:  BISdata
jitter_0                  1.97        -0.11         0.12    (15-84 p)
offset_0                -73.73        -0.27         0.26    (15-84 p)
offset_1                -43.76        -0.62         0.60    (15-84 p)
offset_2                -52.60        -0.31         0.31    (15-84 p)
offset_3                -59.79        -0.33         0.32    (15-84 p)


----- dataset: BISdata                   ----- model: gp_multidimensional           
rot_amp                    3.4         -1.4          1.7    (15-84 p)
con_amp                  -0.07        -0.24         0.22    (15-84 p)

----- dataset:  FWHMdata
jitter_0                  0.34        -0.21         0.33    (15-84 p)
offset_0                6692.2         -2.5          2.3    (15-84 p)
offset_1                6939.3         -2.7          2.6    (15-84 p)
offset_2                6856.1         -2.6          2.3    (15-84 p)
offset_3                6897.1         -2.6          2.3    (15-84 p)


----- dataset: FWHMdata                  ----- model: gp_multidimensional           
rot_amp                    4.9         -4.8          3.5    (15-84 p)
con_amp                   -4.9         -1.5          1.1    (15-84 p)

----- common model:  b
P                       2.4730      -0.0043       0.0042    (15-84 p)
K                         1.31        -0.17         0.17    (15-84 p)
mean_long                   73          -11           11    (15-84 p)
e                        0.054       -0.038        0.059    (15-84 p)
omega                        6         -164          102    (15-84 p)

----- common model:  c
P                        2.693       -0.013        0.010    (15-84 p)
K                         0.65        -0.21         0.19    (15-84 p)
mean_long                  257          -24           22    (15-84 p)
e                        0.074       -0.052        0.078    (15-84 p)
omega                      -88          -84           94    (15-84 p)

----- common model:  d
P                         28.4         -1.6          1.4    (15-84 p)
K                         1.04        -0.47         0.31    (15-84 p)
mean_long                   47          -24           29    (15-84 p)
e                        0.076       -0.054        0.082    (15-84 p)
omega                     -157          -80          172    (15-84 p)

----- common model:  activity
Prot                     27.94        -0.58         0.61    (15-84 p)
Pdec                      32.8         -2.1          4.5    (15-84 p)
Oamp                     0.398       -0.033        0.032    (15-84 p)

----- common model:  star_parameters

====================================================================================================
     Statistics on the derived parameters obtained from the posteriors samples     
====================================================================================================

----- common model:  b
Inclination fixed to 90 deg!
Computing planetary mass under the approximation M_planet << M_star (threshold at 30.0 Me)
a_Rs                    7.6925      -0.0090       0.0088    (15-84 p)
M_Mj                    0.0087      -0.0011       0.0011    (15-84 p)
M_Me                      2.77        -0.35         0.36    (15-84 p)
Tc                   59334.844       -0.084         0.13    (15-84 p)
a_AU_(M)              0.035789    -0.000042     0.000041    (15-84 p)
a_AU_(rho,R)          0.035789    -0.000042     0.000041    (15-84 p)

----- common model:  c
Inclination fixed to 90 deg!
Computing planetary mass under the approximation M_planet << M_star (threshold at 30.0 Me)
a_Rs                     8.142       -0.026        0.021    (15-84 p)
M_Mj                    0.0044      -0.0014       0.0013    (15-84 p)
M_Me                      1.40        -0.45         0.41    (15-84 p)
Tc                    59336.15        -0.18         0.19    (15-84 p)
a_AU_(M)              0.037881     -0.00012     0.000096    (15-84 p)
a_AU_(rho,R)          0.037881     -0.00012     0.000096    (15-84 p)

----- common model:  d
Inclination fixed to 90 deg!
Computing planetary mass under the approximation M_planet << M_star (threshold at 30.0 Me)
a_Rs                      39.2         -1.5          1.2    (15-84 p)
M_Mj                    0.0155      -0.0070       0.0046    (15-84 p)
M_Me                       4.9         -2.2          1.5    (15-84 p)
Tc                     59338.8         -1.9          2.1    (15-84 p)
a_AU_(M)                0.1824      -0.0068       0.0057    (15-84 p)
a_AU_(rho,R)            0.1824      -0.0068       0.0057    (15-84 p)


====================================================================================================
     ------------------------------------------------------------------------------------------     
====================================================================================================



****************************************************************************************************

 Parameters corresponding to the Maximum a Posteriori probability ( -1808.6228958109855 )

====================================================================================================
     Statistics on the posterior of the sampler parameters     
====================================================================================================

----- dataset:  RVdata
jitter_0        18      1.137322 [    0.0009,    12.9000]
offset_0        19      8.614084 [-9995.1400, 10014.6000]
offset_1        20     10.665957 [-9995.1400, 10014.6000]
offset_2        21      9.466196 [-9995.1400, 10014.6000]
offset_3        22      9.666501 [-9995.1400, 10014.6000]

----- dataset: RVdata                    ----- model: gp_multidimensional           
rot_amp         23      5.454632 [    0.0000,    10.0000]
con_amp         24      0.967579 [  -20.0000,    20.0000]

----- dataset:  BISdata
jitter_0        25      1.962695 [    0.0095,    95.0000]
offset_0        26    -73.755554 [-10078.6333,  9960.6500]
offset_1        27    -43.804338 [-10078.6333,  9960.6500]
offset_2        28    -52.468829 [-10078.6333,  9960.6500]
offset_3        29    -59.440601 [-10078.6333,  9960.6500]

----- dataset: BISdata                   ----- model: gp_multidimensional           
rot_amp         30      3.402588 [  -10.0000,    10.0000]
con_amp         31     -0.058200 [  -20.0000,    20.0000]

----- dataset:  FWHMdata
jitter_0        32      0.377996 [    0.0500,   500.0000]
offset_0        33   6694.933066 [-3318.5370, 16947.4824]
offset_1        34   6941.664238 [-3318.5370, 16947.4824]
offset_2        35   6857.681376 [-3318.5370, 16947.4824]
offset_3        36   6898.896359 [-3318.5370, 16947.4824]

----- dataset: FWHMdata                  ----- model: gp_multidimensional           
rot_amp         37      3.739079 [  -10.0000,    10.0000]
con_amp         38     -3.731559 [  -20.0000,    20.0000]

----- common model:  b
P                0      1.307947 [    0.3785,     6.6439]
K                1      0.402625 [   -9.9658,     3.3219]
sre_coso         2      0.106006 [   -1.0000,     1.0000]
sre_sino         3     -0.050070 [   -1.0000,     1.0000]
mean_long        4     75.043360 [ -111.7900,   248.2100]

----- common model:  c
P                5      1.432515 [    0.3785,     6.6439]
K                6     -0.288608 [   -9.9658,     3.3219]
sre_coso         7      0.038125 [   -1.0000,     1.0000]
sre_sino         8     -0.154125 [   -1.0000,     1.0000]
mean_long        9    262.465596 [   79.0568,   439.0568]

----- common model:  d
P               10      4.838454 [    0.3785,     6.6439]
K               11      0.269286 [   -9.9658,     3.3219]
sre_coso        12     -0.008443 [   -1.0000,     1.0000]
sre_sino        13     -0.068793 [   -1.0000,     1.0000]
mean_long       14     58.849833 [ -138.6591,   221.3409]

----- common model:  activity
Prot            15     27.642428 [   20.0000,    35.0000]
Pdec            16     30.598261 [   30.0000,  1000.0000]
Oamp            17     -1.273889 [   -6.6439,     0.0000]

----- common model:  star_parameters

====================================================================================================
     Statistics on the model parameters obtained from the posteriors samples     
====================================================================================================

----- dataset:  RVdata
jitter_0              1.137322 
offset_0              8.614084 
offset_1             10.665957 
offset_2              9.466196 
offset_3              9.666501 


----- dataset: RVdata                    ----- model: gp_multidimensional           
rot_amp               5.454632 
con_amp               0.967579 

----- dataset:  BISdata
jitter_0              1.962695 
offset_0            -73.755554 
offset_1            -43.804338 
offset_2            -52.468829 
offset_3            -59.440601 


----- dataset: BISdata                   ----- model: gp_multidimensional           
rot_amp               3.402588 
con_amp              -0.058200 

----- dataset:  FWHMdata
jitter_0              0.377996 
offset_0           6694.933066 
offset_1           6941.664238 
offset_2           6857.681376 
offset_3           6898.896359 


----- dataset: FWHMdata                  ----- model: gp_multidimensional           
rot_amp               3.739079 
con_amp              -3.731559 

----- common model:  b
P                     2.475890 
K                     1.321911 
mean_long            75.043360 
e                     0.013744 
omega               -25.282828 

----- common model:  c
P                     2.699168 
K                     0.818692 
mean_long           262.465596 
e                     0.025208 
omega               -76.105982 

----- common model:  d
P                    28.610118 
K                     1.205211 
mean_long            58.849833 
e                     0.004804 
omega               -96.996684 

----- common model:  activity
Prot                 27.642428 
Pdec                 30.598261 
Oamp                  0.413544 

----- common model:  star_parameters

====================================================================================================
     Statistics on the derived parameters obtained from the posteriors samples     
====================================================================================================

----- common model:  b
Inclination fixed to 90 deg!
a_Rs                  7.698471 
M_Mj                  0.008796 
M_Me                  2.796338 
Tc                59334.793211 
a_AU_(M)              0.035817 
a_AU_(rho,R)          0.035817 

----- common model:  c
Inclination fixed to 90 deg!
a_Rs                  8.154596 
M_Mj                  0.005606 
M_Me                  1.782007 
Tc                59336.100961 
a_AU_(M)              0.037939 
a_AU_(rho,R)          0.037939 

----- common model:  d
Inclination fixed to 90 deg!
a_Rs                 39.348664 
M_Mj                  0.018133 
M_Me                  5.764373 
Tc                59337.181115 
a_AU_(M)              0.183070 
a_AU_(rho,R)          0.183068 


====================================================================================================
     ------------------------------------------------------------------------------------------     
====================================================================================================



****************************************************************************************************

 Parameters corresponding to the sample closest to the median values ( -1812.6507646340015 )

====================================================================================================
     Statistics on the posterior of the sampler parameters     
====================================================================================================

----- dataset:  RVdata
jitter_0        18      1.164003 [    0.0009,    12.9000]
offset_0        19      9.191762 [-9995.1400, 10014.6000]
offset_1        20     11.097166 [-9995.1400, 10014.6000]
offset_2        21     10.397138 [-9995.1400, 10014.6000]
offset_3        22     10.703927 [-9995.1400, 10014.6000]

----- dataset: RVdata                    ----- model: gp_multidimensional           
rot_amp         23      6.609898 [    0.0000,    10.0000]
con_amp         24      1.072528 [  -20.0000,    20.0000]

----- dataset:  BISdata
jitter_0        25      1.912952 [    0.0095,    95.0000]
offset_0        26    -74.104581 [-10078.6333,  9960.6500]
offset_1        27    -43.772741 [-10078.6333,  9960.6500]
offset_2        28    -52.604056 [-10078.6333,  9960.6500]
offset_3        29    -59.697722 [-10078.6333,  9960.6500]

----- dataset: BISdata                   ----- model: gp_multidimensional           
rot_amp         30      3.803873 [  -10.0000,    10.0000]
con_amp         31     -0.301195 [  -20.0000,    20.0000]

----- dataset:  FWHMdata
jitter_0        32      0.265776 [    0.0500,   500.0000]
offset_0        33   6691.475665 [-3318.5370, 16947.4824]
offset_1        34   6938.533371 [-3318.5370, 16947.4824]
offset_2        35   6856.237741 [-3318.5370, 16947.4824]
offset_3        36   6896.327137 [-3318.5370, 16947.4824]

----- dataset: FWHMdata                  ----- model: gp_multidimensional           
rot_amp         37      5.836622 [  -10.0000,    10.0000]
con_amp         38     -6.412755 [  -20.0000,    20.0000]

----- common model:  b
P                0      1.307417 [    0.3785,     6.6439]
K                1      0.349216 [   -9.9658,     3.3219]
sre_coso         2     -0.158375 [   -1.0000,     1.0000]
sre_sino         3      0.014870 [   -1.0000,     1.0000]
mean_long        4     76.051839 [ -111.7900,   248.2100]

----- common model:  c
P                5      1.429158 [    0.3785,     6.6439]
K                6     -0.532847 [   -9.9658,     3.3219]
sre_coso         7      0.090459 [   -1.0000,     1.0000]
sre_sino         8     -0.284944 [   -1.0000,     1.0000]
mean_long        9    262.580651 [   79.0568,   439.0568]

----- common model:  d
P               10      4.833013 [    0.3785,     6.6439]
K               11      0.156125 [   -9.9658,     3.3219]
sre_coso        12     -0.043352 [   -1.0000,     1.0000]
sre_sino        13      0.101879 [   -1.0000,     1.0000]
mean_long       14     55.684821 [ -138.6591,   221.3409]

----- common model:  activity
Prot            15     27.483905 [   20.0000,    35.0000]
Pdec            16     32.537568 [   30.0000,  1000.0000]
Oamp            17     -1.326057 [   -6.6439,     0.0000]

----- common model:  star_parameters

====================================================================================================
     Statistics on the model parameters obtained from the posteriors samples     
====================================================================================================

----- dataset:  RVdata
jitter_0              1.164003 
offset_0              9.191762 
offset_1             11.097166 
offset_2             10.397138 
offset_3             10.703927 


----- dataset: RVdata                    ----- model: gp_multidimensional           
rot_amp               6.609898 
con_amp               1.072528 

----- dataset:  BISdata
jitter_0              1.912952 
offset_0            -74.104581 
offset_1            -43.772741 
offset_2            -52.604056 
offset_3            -59.697722 


----- dataset: BISdata                   ----- model: gp_multidimensional           
rot_amp               3.803873 
con_amp              -0.301195 

----- dataset:  FWHMdata
jitter_0              0.265776 
offset_0           6691.475665 
offset_1           6938.533371 
offset_2           6856.237741 
offset_3           6896.327137 


----- dataset: FWHMdata                  ----- model: gp_multidimensional           
rot_amp               5.836622 
con_amp              -6.412755 

----- common model:  b
P                     2.474980 
K                     1.273868 
mean_long            76.051839 
e                     0.025304 
omega               174.636176 

----- common model:  c
P                     2.692895 
K                     0.691189 
mean_long           262.580651 
e                     0.089376 
omega               -72.387316 

----- common model:  d
P                    28.502433 
K                     1.114290 
mean_long            55.684821 
e                     0.012259 
omega               113.050625 

----- common model:  activity
Prot                 27.483905 
Pdec                 32.537568 
Oamp                  0.398857 

----- common model:  star_parameters

====================================================================================================
     Statistics on the derived parameters obtained from the posteriors samples     
====================================================================================================

----- common model:  b
Inclination fixed to 90 deg!
a_Rs                  7.696561 
M_Mj                  0.008474 
M_Me                  2.693768 
Tc                59334.815887 
a_AU_(M)              0.035808 
a_AU_(rho,R)          0.035808 

----- common model:  c
Inclination fixed to 90 deg!
a_Rs                  8.141962 
M_Mj                  0.004712 
M_Me                  1.497771 
Tc                59336.077380 
a_AU_(M)              0.037880 
a_AU_(rho,R)          0.037880 

----- common model:  d
Inclination fixed to 90 deg!
a_Rs                 39.249790 
M_Mj                  0.016743 
M_Me                  5.322471 
Tc                59337.460216 
a_AU_(M)              0.182610 
a_AU_(rho,R)          0.182609 


====================================================================================================
     ------------------------------------------------------------------------------------------     
====================================================================================================



****************************************************************************************************

Inclination fixed to 90 deg!
Inclination fixed to 90 deg!
Inclination fixed to 90 deg!
Note: stellar density derived from stellar mass and radius

Inclination fixed to 90 deg!
Inclination fixed to 90 deg!
Inclination fixed to 90 deg!
Inclination fixed to 90 deg!
Inclination fixed to 90 deg!
Inclination fixed to 90 deg!
 Plot FLAT chain 

****************************************************************************************************

 Skipping full correlation plot due to the high number of parameters
 To avoid this behaviour, set the keyword parameters:force_full_correlation_plot to True

****************************************************************************************************

 Plotting the chains... 

****************************************************************************************************

 Plotting the Gelman-Rubin traces... 

     Gelman-Rubin:    18     1.021752 RVdata_jitter_0 
     Gelman-Rubin:    19     1.028757 RVdata_offset_0 
     Gelman-Rubin:    20     1.026132 RVdata_offset_1 
     Gelman-Rubin:    21     1.027082 RVdata_offset_2 
     Gelman-Rubin:    22     1.027318 RVdata_offset_3 
     Gelman-Rubin:    23     1.026120 RVdata_gp_multidimensional_rot_amp 
     Gelman-Rubin:    24     1.031971 RVdata_gp_multidimensional_con_amp 
     Gelman-Rubin:    25     1.017696 BISdata_jitter_0 
     Gelman-Rubin:    26     1.013686 BISdata_offset_0 
     Gelman-Rubin:    27     1.015239 BISdata_offset_1 
     Gelman-Rubin:    28     1.016389 BISdata_offset_2 
     Gelman-Rubin:    29     1.015581 BISdata_offset_3 
     Gelman-Rubin:    30     1.022699 BISdata_gp_multidimensional_rot_amp 
     Gelman-Rubin:    31     1.017235 BISdata_gp_multidimensional_con_amp 
     Gelman-Rubin:    32     1.013947 FWHMdata_jitter_0 
     Gelman-Rubin:    33     1.030171 FWHMdata_offset_0 
     Gelman-Rubin:    34     1.025510 FWHMdata_offset_1 
     Gelman-Rubin:    35     1.029278 FWHMdata_offset_2 
     Gelman-Rubin:    36     1.029993 FWHMdata_offset_3 
     Gelman-Rubin:    37     1.021193 FWHMdata_gp_multidimensional_rot_amp 
     Gelman-Rubin:    38     1.030938 FWHMdata_gp_multidimensional_con_amp 
     Gelman-Rubin:     0     1.019837 b_P 
     Gelman-Rubin:     1     1.012198 b_K 
     Gelman-Rubin:     2     1.018194 b_sre_coso 
     Gelman-Rubin:     3     1.014276 b_sre_sino 
     Gelman-Rubin:     4     1.018412 b_mean_long 
     Gelman-Rubin:     5     1.138647 c_P 
     Gelman-Rubin:     6     1.240154 c_K 
     Gelman-Rubin:     7     1.017001 c_sre_coso 
     Gelman-Rubin:     8     1.019037 c_sre_sino 
     Gelman-Rubin:     9     1.031918 c_mean_long 
     Gelman-Rubin:    10     1.085371 d_P 
     Gelman-Rubin:    11     1.116929 d_K 
     Gelman-Rubin:    12     1.016576 d_sre_coso 
     Gelman-Rubin:    13     1.019041 d_sre_sino 
     Gelman-Rubin:    14     1.047057 d_mean_long 
     Gelman-Rubin:    15     1.017060 activity_Prot 
     Gelman-Rubin:    16     1.024525 activity_Pdec 
     Gelman-Rubin:    17     1.015063 activity_Oamp 

****************************************************************************************************

Plotting the common models corner plots
     Common model:  b
     Common model:  c
     Common model:  d
     Common model:  activity
     Common model:  star_parameters

****************************************************************************************************

Plotting the dataset + models corner plots 

     Dataset:  RVdata     model:  gp_multidimensional  corner plot  starting 
     Dataset:  RVdata     model:  gp_multidimensional  corner plot  done 
     Dataset:  RVdata     model:  radial_velocities_b  corner plot  starting 
     Dataset:  RVdata     model:  radial_velocities_b  corner plot  done 
     Dataset:  RVdata     model:  radial_velocities_c  corner plot  starting 
     Dataset:  RVdata     model:  radial_velocities_c  corner plot  done 
     Dataset:  RVdata     model:  radial_velocities_d  corner plot  starting 
     Dataset:  RVdata     model:  radial_velocities_d  corner plot  done 
     Dataset:  BISdata     model:  gp_multidimensional  corner plot  starting 
     Dataset:  BISdata     model:  gp_multidimensional  corner plot  done 
     Dataset:  FWHMdata     model:  gp_multidimensional  corner plot  starting 
     Dataset:  FWHMdata     model:  gp_multidimensional  corner plot  done 

****************************************************************************************************

 Saving the planet parameter samplings to files (with plots)

****************************************************************************************************

 Saving all the parameter samplings to files (with plots)

****************************************************************************************************

 Computing the models for plot/data writing 
     Splitting the plot array to allow GP prediction of extended datasets, it may take a while...
     # 49 chunks of 100 times each
     Check the documentation if the code is taking too long or if it crashes...
     Splitting the plot array to allow GP prediction of extended datasets, it may take a while...
     # 29 chunks of 100 times each
     Check the documentation if the code is taking too long or if it crashes...
     Splitting the plot array to allow GP prediction of extended datasets, it may take a while...
     # 29 chunks of 100 times each
     Check the documentation if the code is taking too long or if it crashes...
     Splitting the plot array to allow GP prediction of extended datasets, it may take a while...
     # 49 chunks of 100 times each
     Check the documentation if the code is taking too long or if it crashes...
     Splitting the plot array to allow GP prediction of extended datasets, it may take a while...
     # 29 chunks of 100 times each
     Check the documentation if the code is taking too long or if it crashes...
     Splitting the plot array to allow GP prediction of extended datasets, it may take a while...
     # 29 chunks of 100 times each
     Check the documentation if the code is taking too long or if it crashes...
     Splitting the plot array to allow GP prediction of extended datasets, it may take a while...
     # 49 chunks of 100 times each
     Check the documentation if the code is taking too long or if it crashes...
     Splitting the plot array to allow GP prediction of extended datasets, it may take a while...
     # 29 chunks of 100 times each
     Check the documentation if the code is taking too long or if it crashes...
     Splitting the plot array to allow GP prediction of extended datasets, it may take a while...
     # 29 chunks of 100 times each
     Check the documentation if the code is taking too long or if it crashes...
 Writing the plots 
 Writing the   data files 
 Writing the  MAP_ data files 
 Writing the  sampleMED_ data files 

****************************************************************************************************

