
:::---::: PyORBIT v11.0.1 :::---:::

Python version in use:
3.10.18 (main, Jun  5 2025, 13:14:17) [GCC 11.2.0]

reloaded_optimize:  False
reloaded_pyde:  False
reloaded_emcee:  False

number of multiprocessing threads: 16
multiprocessing method (should be fork):  fork

parameters/safe_reload flag (must be True for tinygp):  False

Opening:  RVdata_expres
Opening:  RVdata_harps
Opening:  RVdata_neid

Adding common model of planet:  b
Using orbital model:  keplerian
Using orbital parametrization:  Eastman2013


====================================================================================================
     Ids, spaces (s), boundaries (b) and priors (p) of the sampler parameters     
====================================================================================================

----- dataset:  RVdata_expres
jitter_0      id:   5  s:Linear      b:[      0.0010,      11.5000]   p:Uniform   []
offset_0      id:   6  s:Linear      b:[  -9995.9140,   10012.9990]   p:Uniform   []

----- dataset:  RVdata_harps
jitter_0      id:   7  s:Linear      b:[      0.0009,      13.3000]   p:Uniform   []
offset_0      id:   8  s:Linear      b:[  -9995.5653,   10012.9467]   p:Uniform   []
offset_1      id:   9  s:Linear      b:[  -9995.5653,   10012.9467]   p:Uniform   []

----- dataset:  RVdata_neid
jitter_0      id:  10  s:Linear      b:[      0.0010,      12.3000]   p:Uniform   []
offset_0      id:  11  s:Linear      b:[  -9995.1596,   10013.5484]   p:Uniform   []

----- common model:  b
P             id:   0  s:Log_Base2   b:[      0.3785,       6.6439]   p:Uniform   []
K             id:   1  s:Log_Base2   b:[     -9.9658,       3.3219]   p:Uniform   []
sre_coso      id:   2  s:Linear      b:[     -1.0000,       1.0000]   p:Uniform   []
sre_sino      id:   3  s:Linear      b:[     -1.0000,       1.0000]   p:Uniform   []
mean_long     id:   4  s:Linear      b:[      0.0000,     360.0000]   p:Uniform   []
e             derived (no id, space, bound)                           p:Gaussian   [0.    0.098]
omega         derived (no id, space, bound)                           p:Uniform   [0.0, 360.0]

----- common model:  star_parameters
mass          derived (no id, space, bound)                           p:Gaussian   [1.e+00 1.e-06]
radius        derived (no id, space, bound)                           p:Gaussian   [1.e+00 1.e-06]
density       derived (no id, space, bound)                           p:Gaussian   [1.e+00 1.e-06]

Include priors:  True

Reference Time Tref:  59334.700184

Dimensions =  12
Nwalkers =  48

Using threading pool for PyDE: True
PyDE running
Boundaries redefined after PyDE output
PyDE completed, it took          1.7 seconds

====================================================================================================
     Starting point of the sample/optimization routines    
====================================================================================================

----- dataset:  RVdata_expres
jitter_0         5      1.475341 [    0.0010,    11.5000]
offset_0         6      8.550941 [-9995.9140, 10012.9990]

----- dataset:  RVdata_harps
jitter_0         7      1.287402 [    0.0009,    13.3000]
offset_0         8      9.381897 [-9995.5653, 10012.9467]
offset_1         9      9.982727 [-9995.5653, 10012.9467]

----- dataset:  RVdata_neid
jitter_0        10      1.517192 [    0.0010,    12.3000]
offset_0        11      9.471099 [-9995.1596, 10013.5484]

----- common model:  b
P                0      1.542432 [    0.3785,     6.6439]
K                1      1.079196 [   -9.9658,     3.3219]
sre_coso         2     -0.120784 [   -1.0000,     1.0000]
sre_sino         3     -0.309671 [   -1.0000,     1.0000]
mean_long        4    197.880160 [   17.8802,   377.8802]

----- common model:  star_parameters

====================================================================================================
     Starting point projected onto the model parameter space     
====================================================================================================

----- dataset:  RVdata_expres
jitter_0              1.475341 
offset_0              8.550941 


----- dataset:  RVdata_harps
jitter_0              1.287402 
offset_0              9.381897 
offset_1              9.982727 


----- dataset:  RVdata_neid
jitter_0              1.517192 
offset_0              9.471099 


----- common model:  b
P                     2.912850 
K                     2.112859 
mean_long           197.880160 
e                     0.110485 
omega              -111.307677 

----- common model:  star_parameters

====================================================================================================
     Derived parameters obtained from starting point     
====================================================================================================

----- common model:  b
Inclination fixed to 90 deg!
a_Rs                  8.579506 
M_Mj                  0.014753 
M_Me                  4.689889 
Tc                59336.780452 
a_AU_(M)              0.039916 
a_AU_(rho,R)          0.039916 


====================================================================================================
     Statistics on the log-likelihood     
====================================================================================================

 LN probability:  -572.518860 

====================================================================================================
     ------------------------------------------------------------------------------------------     
====================================================================================================



*************************************************************

Running emcee

emcee version:  3.1.6
Using threading pool for emcee: True

Saving temporary steps


Computing the autocorrelation time of the chains

The chains are more than 50 times longer than the ACF, the estimate can be trusted

Reference thinning used in the analysis: 150
Maximum value of the integrated ACF: 1
Step length used in the analysis: 1*nthin = 150

Convergence criteria: less than 1% variation in ACF after 50 times the integrated ACF
At least 50*ACF after convergence, 100*ACF would be ideal
Negative values: not converged yet

   sampler parameter              |    ACF   | ACF*nthin | converged at | nsteps/ACF | to 100*ACF
                                  |          |           |              |            | 
   RVdata_expres_jitter_0         |    1.22  |      183  |    10200     |      26    |   13474 
   RVdata_expres_offset_0         |    1.21  |      182  |     9750     |      29    |   12917 
   RVdata_harps_jitter_0          |    1.21  |      181  |    10800     |      23    |   13916 
   RVdata_harps_offset_0          |    1.22  |      183  |    10200     |      26    |   13454 
   RVdata_harps_offset_1          |    1.12  |      168  |     9300     |      34    |   11056 
   RVdata_neid_jitter_0           |    1.24  |      187  |    10200     |      26    |   13868 
   RVdata_neid_offset_0           |    1.22  |      184  |    10050     |      27    |   13412 
   b_P                            |    1.24  |      186  |    10650     |      23    |   14296 
   b_K                            |    1.26  |      189  |    10500     |      24    |   14360 
   b_sre_coso                     |    1.32  |      198  |    10650     |      22    |   15434 
   b_sre_sino                     |    1.27  |      191  |    10950     |      21    |   15009 
   b_mean_long                    |    1.20  |      180  |    10350     |      26    |   13302 

All the chains have converged, but PyORBIT should keep running for about:
4504 more steps to reach 50*ACF,
13708 more steps to reach 100*ACF
Suggested value for burnin: 10300

Check the documentation for the correct interpretation of these results:
https://pyorbit.readthedocs.io/running_pyorbit/terminal_output/#autocorrelation-analysis

====================================================================================================
     Statistics on the posterior of the sampler parameters     
====================================================================================================

----- dataset:  RVdata_expres
jitter_0         5          1.51        -0.10         0.13   (15-84 p)   [    0.0010,    11.5000]
offset_0         6          8.55        -0.15         0.15   (15-84 p)   [-9995.9140, 10012.9990]

----- dataset:  RVdata_harps
jitter_0         7         1.327       -0.086        0.097   (15-84 p)   [    0.0009,    13.3000]
offset_0         8          9.38        -0.15         0.15   (15-84 p)   [-9995.5653, 10012.9467]
offset_1         9          9.96        -0.28         0.27   (15-84 p)   [-9995.5653, 10012.9467]

----- dataset:  RVdata_neid
jitter_0        10          1.55        -0.12         0.13   (15-84 p)   [    0.0010,    12.3000]
offset_0        11          9.47        -0.17         0.17   (15-84 p)   [-9995.1596, 10013.5484]

----- common model:  b
P                0        1.5426      -0.0014       0.0014   (15-84 p)   [    0.3785,     6.6439]
K                1         1.053       -0.094        0.089   (15-84 p)   [   -9.9658,     3.3219]
sre_coso         2         -0.11        -0.13         0.15   (15-84 p)   [   -1.0000,     1.0000]
sre_sino         3         -0.24        -0.12         0.17   (15-84 p)   [   -1.0000,     1.0000]
mean_long        4         198.3         -6.1          6.4   (15-84 p)   [   17.8802,   377.8802]

----- common model:  star_parameters

====================================================================================================
     Statistics on the model parameters obtained from the posteriors samples     
====================================================================================================

----- dataset:  RVdata_expres
jitter_0                  1.51        -0.10         0.13    (15-84 p)
offset_0                  8.55        -0.15         0.15    (15-84 p)


----- dataset:  RVdata_harps
jitter_0                 1.327       -0.086        0.097    (15-84 p)
offset_0                  9.38        -0.15         0.15    (15-84 p)
offset_1                  9.96        -0.28         0.27    (15-84 p)


----- dataset:  RVdata_neid
jitter_0                  1.55        -0.12         0.13    (15-84 p)
offset_0                  9.47        -0.17         0.17    (15-84 p)


----- common model:  b
P                       2.9131      -0.0029       0.0029    (15-84 p)
K                         2.08        -0.13         0.13    (15-84 p)
mean_long                198.3         -6.1          6.4    (15-84 p)
e                        0.093       -0.054        0.058    (15-84 p)
omega                     -109          -34           42    (15-84 p)

----- common model:  star_parameters

====================================================================================================
     Statistics on the derived parameters obtained from the posteriors samples     
====================================================================================================

----- common model:  b
Inclination fixed to 90 deg!
Computing planetary mass under the approximation M_planet << M_star (threshold at 30.0 Me)
a_Rs                    8.5800      -0.0057       0.0057    (15-84 p)
M_Mj                   0.01450     -0.00090      0.00090    (15-84 p)
M_Me                      4.61        -0.29         0.29    (15-84 p)
Tc                   59336.770       -0.073        0.072    (15-84 p)
a_AU_(M)              0.039919    -0.000027     0.000027    (15-84 p)
a_AU_(rho,R)          0.039918    -0.000027     0.000027    (15-84 p)


====================================================================================================
     ------------------------------------------------------------------------------------------     
====================================================================================================



15000.0   steps completed, average lnprob:,  -578.7069454011739


Computing the autocorrelation time of the chains

The chains are more than 50 times longer than the ACF, the estimate can be trusted

Reference thinning used in the analysis: 150
Maximum value of the integrated ACF: 1
Step length used in the analysis: 1*nthin = 150

Convergence criteria: less than 1% variation in ACF after 50 times the integrated ACF
At least 50*ACF after convergence, 100*ACF would be ideal
Negative values: not converged yet

   sampler parameter              |    ACF   | ACF*nthin | converged at | nsteps/ACF | to 100*ACF
                                  |          |           |              |            | 
   RVdata_expres_jitter_0         |    1.36  |      204  |    11250     |      92    |    1627 
   RVdata_expres_offset_0         |    1.28  |      191  |    10350     |     103    |       0 
   RVdata_harps_jitter_0          |    1.34  |      201  |    11550     |      92    |    1627 
   RVdata_harps_offset_0          |    1.31  |      197  |    12000     |      91    |    1694 
   RVdata_harps_offset_1          |    1.21  |      181  |     9900     |     111    |       0 
   RVdata_neid_jitter_0           |    1.32  |      198  |    10500     |      99    |     256 
   RVdata_neid_offset_0           |    1.43  |      214  |    11700     |      85    |    3131 
   b_P                            |    1.35  |      202  |    11100     |      93    |    1343 
   b_K                            |    1.35  |      203  |    11100     |      93    |    1351 
   b_sre_coso                     |    1.53  |      230  |    12150     |      78    |    5114 
   b_sre_sino                     |    1.38  |      207  |    12000     |      87    |    2695 
   b_mean_long                    |    1.34  |      201  |    10950     |      95    |    1055 

All the chains are longer than 50*ACF, but some are shorter than 100*ACF
PyORBIT should keep running for about 1989 more steps to reach 100*ACF
Suggested value for burnin: 11212

Check the documentation for the correct interpretation of these results:
https://pyorbit.readthedocs.io/running_pyorbit/terminal_output/#autocorrelation-analysis

====================================================================================================
     Statistics on the posterior of the sampler parameters     
====================================================================================================

----- dataset:  RVdata_expres
jitter_0         5          1.52        -0.11         0.12   (15-84 p)   [    0.0010,    11.5000]
offset_0         6          8.55        -0.16         0.15   (15-84 p)   [-9995.9140, 10012.9990]

----- dataset:  RVdata_harps
jitter_0         7         1.324       -0.088         0.10   (15-84 p)   [    0.0009,    13.3000]
offset_0         8          9.38        -0.15         0.16   (15-84 p)   [-9995.5653, 10012.9467]
offset_1         9          9.96        -0.27         0.28   (15-84 p)   [-9995.5653, 10012.9467]

----- dataset:  RVdata_neid
jitter_0        10          1.55        -0.12         0.14   (15-84 p)   [    0.0010,    12.3000]
offset_0        11          9.48        -0.17         0.17   (15-84 p)   [-9995.1596, 10013.5484]

----- common model:  b
P                0        1.5425      -0.0014       0.0014   (15-84 p)   [    0.3785,     6.6439]
K                1         1.057       -0.096        0.086   (15-84 p)   [   -9.9658,     3.3219]
sre_coso         2         -0.11        -0.13         0.15   (15-84 p)   [   -1.0000,     1.0000]
sre_sino         3         -0.24        -0.11         0.17   (15-84 p)   [   -1.0000,     1.0000]
mean_long        4         198.3         -6.3          6.2   (15-84 p)   [   17.8802,   377.8802]

----- common model:  star_parameters

====================================================================================================
     Statistics on the model parameters obtained from the posteriors samples     
====================================================================================================

----- dataset:  RVdata_expres
jitter_0                  1.52        -0.11         0.12    (15-84 p)
offset_0                  8.55        -0.16         0.15    (15-84 p)


----- dataset:  RVdata_harps
jitter_0                 1.324       -0.088         0.10    (15-84 p)
offset_0                  9.38        -0.15         0.16    (15-84 p)
offset_1                  9.96        -0.27         0.28    (15-84 p)


----- dataset:  RVdata_neid
jitter_0                  1.55        -0.12         0.14    (15-84 p)
offset_0                  9.48        -0.17         0.17    (15-84 p)


----- common model:  b
P                       2.9131      -0.0027       0.0029    (15-84 p)
K                         2.08        -0.13         0.13    (15-84 p)
mean_long                198.3         -6.3          6.2    (15-84 p)
e                        0.092       -0.054        0.055    (15-84 p)
omega                     -108          -34           41    (15-84 p)

----- common model:  star_parameters

====================================================================================================
     Statistics on the derived parameters obtained from the posteriors samples     
====================================================================================================

----- common model:  b
Inclination fixed to 90 deg!
Computing planetary mass under the approximation M_planet << M_star (threshold at 30.0 Me)
a_Rs                    8.5799      -0.0054       0.0056    (15-84 p)
M_Mj                   0.01453     -0.00093      0.00088    (15-84 p)
M_Me                      4.62        -0.30         0.28    (15-84 p)
Tc                   59336.767       -0.068        0.074    (15-84 p)
a_AU_(M)              0.039918    -0.000025     0.000026    (15-84 p)
a_AU_(rho,R)          0.039918    -0.000025     0.000026    (15-84 p)


====================================================================================================
     ------------------------------------------------------------------------------------------     
====================================================================================================



30000.0   steps completed, average lnprob:,  -578.5518685479999


Computing the autocorrelation time of the chains

The chains are more than 50 times longer than the ACF, the estimate can be trusted

Reference thinning used in the analysis: 150
Maximum value of the integrated ACF: 1
Step length used in the analysis: 1*nthin = 150

Convergence criteria: less than 1% variation in ACF after 50 times the integrated ACF
At least 50*ACF after convergence, 100*ACF would be ideal
Negative values: not converged yet

   sampler parameter              |    ACF   | ACF*nthin | converged at | nsteps/ACF | to 100*ACF
                                  |          |           |              |            | 
   RVdata_expres_jitter_0         |    1.37  |      206  |    11400     |     163    |       0 
   RVdata_expres_offset_0         |    1.34  |      201  |    11250     |     168    |       0 
   RVdata_harps_jitter_0          |    1.37  |      205  |    11850     |     162    |       0 
   RVdata_harps_offset_0          |    1.34  |      201  |    12000     |     164    |       0 
   RVdata_harps_offset_1          |    1.28  |      192  |    10500     |     179    |       0 
   RVdata_neid_jitter_0           |    1.49  |      223  |    12750     |     144    |       0 
   RVdata_neid_offset_0           |    1.39  |      209  |    11700     |     159    |       0 
   b_P                            |    1.35  |      203  |    11100     |     167    |       0 
   b_K                            |    1.42  |      213  |    11550     |     157    |       0 
   b_sre_coso                     |    1.54  |      232  |    12300     |     141    |       0 
   b_sre_sino                     |    1.43  |      214  |    12450     |     152    |       0 
   b_mean_long                    |    1.37  |      206  |    10950     |     166    |       0 

All the chains are longer than 100*ACF 
Suggested value for burnin: 11650

Check the documentation for the correct interpretation of these results:
https://pyorbit.readthedocs.io/running_pyorbit/terminal_output/#autocorrelation-analysis

====================================================================================================
     Statistics on the posterior of the sampler parameters     
====================================================================================================

----- dataset:  RVdata_expres
jitter_0         5          1.52        -0.11         0.12   (15-84 p)   [    0.0010,    11.5000]
offset_0         6          8.55        -0.16         0.15   (15-84 p)   [-9995.9140, 10012.9990]

----- dataset:  RVdata_harps
jitter_0         7         1.326       -0.088         0.10   (15-84 p)   [    0.0009,    13.3000]
offset_0         8          9.38        -0.15         0.16   (15-84 p)   [-9995.5653, 10012.9467]
offset_1         9          9.95        -0.27         0.28   (15-84 p)   [-9995.5653, 10012.9467]

----- dataset:  RVdata_neid
jitter_0        10          1.55        -0.12         0.13   (15-84 p)   [    0.0010,    12.3000]
offset_0        11          9.48        -0.18         0.17   (15-84 p)   [-9995.1596, 10013.5484]

----- common model:  b
P                0        1.5425      -0.0014       0.0014   (15-84 p)   [    0.3785,     6.6439]
K                1         1.056       -0.095        0.087   (15-84 p)   [   -9.9658,     3.3219]
sre_coso         2         -0.11        -0.13         0.15   (15-84 p)   [   -1.0000,     1.0000]
sre_sino         3         -0.24        -0.11         0.17   (15-84 p)   [   -1.0000,     1.0000]
mean_long        4         198.3         -6.2          6.2   (15-84 p)   [   17.8802,   377.8802]

----- common model:  star_parameters

====================================================================================================
     Statistics on the model parameters obtained from the posteriors samples     
====================================================================================================

----- dataset:  RVdata_expres
jitter_0                  1.52        -0.11         0.12    (15-84 p)
offset_0                  8.55        -0.16         0.15    (15-84 p)


----- dataset:  RVdata_harps
jitter_0                 1.326       -0.088         0.10    (15-84 p)
offset_0                  9.38        -0.15         0.16    (15-84 p)
offset_1                  9.95        -0.27         0.28    (15-84 p)


----- dataset:  RVdata_neid
jitter_0                  1.55        -0.12         0.13    (15-84 p)
offset_0                  9.48        -0.18         0.17    (15-84 p)


----- common model:  b
P                       2.9130      -0.0027       0.0029    (15-84 p)
K                         2.08        -0.13         0.13    (15-84 p)
mean_long                198.3         -6.2          6.2    (15-84 p)
e                        0.091       -0.054        0.056    (15-84 p)
omega                     -108          -35           41    (15-84 p)

----- common model:  star_parameters

====================================================================================================
     Statistics on the derived parameters obtained from the posteriors samples     
====================================================================================================

----- common model:  b
Inclination fixed to 90 deg!
Computing planetary mass under the approximation M_planet << M_star (threshold at 30.0 Me)
a_Rs                    8.5799      -0.0054       0.0057    (15-84 p)
M_Mj                   0.01452     -0.00092      0.00090    (15-84 p)
M_Me                      4.62        -0.29         0.28    (15-84 p)
Tc                   59336.766       -0.068        0.074    (15-84 p)
a_AU_(M)              0.039918    -0.000025     0.000026    (15-84 p)
a_AU_(rho,R)          0.039918    -0.000025     0.000026    (15-84 p)


====================================================================================================
     ------------------------------------------------------------------------------------------     
====================================================================================================



45000.0   steps completed, average lnprob:,  -579.0269856956646


Computing the autocorrelation time of the chains

The chains are more than 50 times longer than the ACF, the estimate can be trusted

Reference thinning used in the analysis: 150
Maximum value of the integrated ACF: 1
Step length used in the analysis: 1*nthin = 150

Convergence criteria: less than 1% variation in ACF after 50 times the integrated ACF
At least 50*ACF after convergence, 100*ACF would be ideal
Negative values: not converged yet

   sampler parameter              |    ACF   | ACF*nthin | converged at | nsteps/ACF | to 100*ACF
                                  |          |           |              |            | 
   RVdata_expres_jitter_0         |    1.39  |      208  |    11400     |     234    |       0 
   RVdata_expres_offset_0         |    1.36  |      204  |    11250     |     239    |       0 
   RVdata_harps_jitter_0          |    1.43  |      214  |    11850     |     225    |       0 
   RVdata_harps_offset_0          |    1.36  |      203  |    12000     |     236    |       0 
   RVdata_harps_offset_1          |    1.35  |      202  |    10950     |     242    |       0 
   RVdata_neid_jitter_0           |    1.52  |      227  |    12750     |     208    |       0 
   RVdata_neid_offset_0           |    1.37  |      206  |    11700     |     234    |       0 
   b_P                            |    1.38  |      207  |    11400     |     235    |       0 
   b_K                            |    1.39  |      208  |    11400     |     233    |       0 
   b_sre_coso                     |    1.55  |      232  |    12300     |     205    |       0 
   b_sre_sino                     |    1.49  |      223  |    12750     |     212    |       0 
   b_mean_long                    |    1.40  |      210  |    11100     |     233    |       0 

All the chains are longer than 100*ACF 
Suggested value for burnin: 11738

Check the documentation for the correct interpretation of these results:
https://pyorbit.readthedocs.io/running_pyorbit/terminal_output/#autocorrelation-analysis

====================================================================================================
     Statistics on the posterior of the sampler parameters     
====================================================================================================

----- dataset:  RVdata_expres
jitter_0         5          1.52        -0.11         0.12   (15-84 p)   [    0.0010,    11.5000]
offset_0         6          8.55        -0.16         0.15   (15-84 p)   [-9995.9140, 10012.9990]

----- dataset:  RVdata_harps
jitter_0         7         1.326       -0.089        0.100   (15-84 p)   [    0.0009,    13.3000]
offset_0         8          9.37        -0.15         0.16   (15-84 p)   [-9995.5653, 10012.9467]
offset_1         9          9.95        -0.27         0.28   (15-84 p)   [-9995.5653, 10012.9467]

----- dataset:  RVdata_neid
jitter_0        10          1.55        -0.12         0.13   (15-84 p)   [    0.0010,    12.3000]
offset_0        11          9.48        -0.17         0.17   (15-84 p)   [-9995.1596, 10013.5484]

----- common model:  b
P                0        1.5425      -0.0013       0.0014   (15-84 p)   [    0.3785,     6.6439]
K                1         1.055       -0.095        0.089   (15-84 p)   [   -9.9658,     3.3219]
sre_coso         2         -0.11        -0.13         0.15   (15-84 p)   [   -1.0000,     1.0000]
sre_sino         3         -0.24        -0.11         0.17   (15-84 p)   [   -1.0000,     1.0000]
mean_long        4         198.3         -6.1          6.2   (15-84 p)   [   17.8802,   377.8802]

----- common model:  star_parameters

====================================================================================================
     Statistics on the model parameters obtained from the posteriors samples     
====================================================================================================

----- dataset:  RVdata_expres
jitter_0                  1.52        -0.11         0.12    (15-84 p)
offset_0                  8.55        -0.16         0.15    (15-84 p)


----- dataset:  RVdata_harps
jitter_0                 1.326       -0.089        0.100    (15-84 p)
offset_0                  9.37        -0.15         0.16    (15-84 p)
offset_1                  9.95        -0.27         0.28    (15-84 p)


----- dataset:  RVdata_neid
jitter_0                  1.55        -0.12         0.13    (15-84 p)
offset_0                  9.48        -0.17         0.17    (15-84 p)


----- common model:  b
P                       2.9130      -0.0027       0.0029    (15-84 p)
K                         2.08        -0.13         0.13    (15-84 p)
mean_long                198.3         -6.1          6.2    (15-84 p)
e                        0.091       -0.055        0.056    (15-84 p)
omega                     -108          -35           42    (15-84 p)

----- common model:  star_parameters

====================================================================================================
     Statistics on the derived parameters obtained from the posteriors samples     
====================================================================================================

----- common model:  b
Inclination fixed to 90 deg!
Computing planetary mass under the approximation M_planet << M_star (threshold at 30.0 Me)
a_Rs                    8.5799      -0.0053       0.0057    (15-84 p)
M_Mj                   0.01452     -0.00092      0.00090    (15-84 p)
M_Me                      4.62        -0.29         0.29    (15-84 p)
Tc                   59336.767       -0.068        0.073    (15-84 p)
a_AU_(M)              0.039918    -0.000025     0.000026    (15-84 p)
a_AU_(rho,R)          0.039918    -0.000025     0.000026    (15-84 p)


====================================================================================================
     ------------------------------------------------------------------------------------------     
====================================================================================================



60000.0   steps completed, average lnprob:,  -578.2859487056451


emcee completed


:::---::: PyORBIT v11.0.1 :::---:::

Python version in use:
3.10.18 (main, Jun  5 2025, 13:14:17) [GCC 11.2.0]
LaTeX disabled by default

Using orbital model:  keplerian
Using orbital parametrization:  Eastman2013


### PyORBIT version used in the analysis:  11.0.1

 emcee version:  3.1.6

 Reference Time Tref: 59334.700184

 Data points:287
 Dimensions: 12
 Nwalkers:   48
 Steps:      60000


Number of samplings: 14400

Recomputing ln-prior, it may take a while...

ln-probability   distribution:   -578.49       -2.86      2.13 (15-84 p) 
ln-prior         distribution:    -64.85       -0.69      0.36 (15-84 p) 
ln-likelihood    distribution:   -513.51       -2.88      2.23 (15-84 p) 


*** Information criteria using the likelihood distribution

 BIC from distribution  (using likelihood)  =   1094.93     -4.46    5.75 (15-84 p)
 AIC from distribution  (using likelihood)  =   1051.02     -4.46    5.75 (15-84 p)
 AICc from distribution (using likelihood)  =   1052.16     -4.46    5.75 (15-84 p)


*** Information criteria using the median parameter set

 ln_probability of Median solution =   -573.02
 ln_priors of Median solution      =    -64.66
 ln_likelihood of Median solution  =   -508.36

 Median BIC  (using likelihood) =   1084.63
 Median AIC  (using likelihood) =   1040.71
 Median AICc (using likelihood) =   1041.85


*** Information criteria using the MAP parameter set

 ln_probability of MAP solution =   -573.02
 ln_priors of MAP solution      =    -64.95
 ln_likelihood of MAP solution  =   -508.07

 MAP BIC  (using likelihood)    =   1084.06
 MAP AIC  (using likelihood)    =   1040.15
 MAP AICc (using likelihood)    =   1041.28

 AICc suggested over AIC because NDATA ( 287 ) < 40 * NDIM ( 12 )

****************************************************************************************************


Computing the autocorrelation time of the chains

The chains are more than 50 times longer than the ACF, the estimate can be trusted

Reference thinning used in the analysis: 150
Maximum value of the integrated ACF: 1
Step length used in the analysis: 1*nthin = 150

Convergence criteria: less than 1% variation in ACF after 50 times the integrated ACF
At least 50*ACF after convergence, 100*ACF would be ideal
Negative values: not converged yet

   sampler parameter              |    ACF   | ACF*nthin | converged at | nsteps/ACF | to 100*ACF
                                  |          |           |              |            | 
   RVdata_expres_jitter_0         |    1.39  |      208  |    11400     |     234    |       0 
   RVdata_expres_offset_0         |    1.36  |      204  |    11250     |     239    |       0 
   RVdata_harps_jitter_0          |    1.43  |      214  |    11850     |     225    |       0 
   RVdata_harps_offset_0          |    1.36  |      203  |    12000     |     236    |       0 
   RVdata_harps_offset_1          |    1.35  |      202  |    10950     |     242    |       0 
   RVdata_neid_jitter_0           |    1.52  |      227  |    12750     |     208    |       0 
   RVdata_neid_offset_0           |    1.37  |      206  |    11700     |     234    |       0 
   b_P                            |    1.38  |      207  |    11400     |     235    |       0 
   b_K                            |    1.39  |      208  |    11400     |     233    |       0 
   b_sre_coso                     |    1.55  |      232  |    12300     |     205    |       0 
   b_sre_sino                     |    1.49  |      223  |    12750     |     212    |       0 
   b_mean_long                    |    1.40  |      210  |    11100     |     233    |       0 

All the chains are longer than 100*ACF 
Suggested value for burnin: 11738

Check the documentation for the correct interpretation of these results:
https://pyorbit.readthedocs.io/running_pyorbit/terminal_output/#autocorrelation-analysis

 Plotting the ACF... 


====================================================================================================
     Ids, spaces (s), boundaries (b) and priors (p) of the sampler parameters     
====================================================================================================

----- dataset:  RVdata_expres
jitter_0      id:   5  s:Linear      b:[      0.0010,      11.5000]   p:Uniform   []
offset_0      id:   6  s:Linear      b:[  -9995.9140,   10012.9990]   p:Uniform   []

----- dataset:  RVdata_harps
jitter_0      id:   7  s:Linear      b:[      0.0009,      13.3000]   p:Uniform   []
offset_0      id:   8  s:Linear      b:[  -9995.5653,   10012.9467]   p:Uniform   []
offset_1      id:   9  s:Linear      b:[  -9995.5653,   10012.9467]   p:Uniform   []

----- dataset:  RVdata_neid
jitter_0      id:  10  s:Linear      b:[      0.0010,      12.3000]   p:Uniform   []
offset_0      id:  11  s:Linear      b:[  -9995.1596,   10013.5484]   p:Uniform   []

----- common model:  b
P             id:   0  s:Log_Base2   b:[      0.3785,       6.6439]   p:Uniform   []
K             id:   1  s:Log_Base2   b:[     -9.9658,       3.3219]   p:Uniform   []
sre_coso      id:   2  s:Linear      b:[     -1.0000,       1.0000]   p:Uniform   []
sre_sino      id:   3  s:Linear      b:[     -1.0000,       1.0000]   p:Uniform   []
mean_long     id:   4  s:Linear      b:[     17.8802,     377.8802]   p:Uniform   []
e             derived (no id, space, bound)                           p:Gaussian   [0.    0.098]
omega         derived (no id, space, bound)                           p:Uniform   [0.0, 360.0]

----- common model:  star_parameters
mass          derived (no id, space, bound)                           p:Gaussian   [1.e+00 1.e-06]
radius        derived (no id, space, bound)                           p:Gaussian   [1.e+00 1.e-06]
density       derived (no id, space, bound)                           p:Gaussian   [1.e+00 1.e-06]


****************************************************************************************************
****************************************************************************************************

 Confidence intervals (median value, 34.135th percentile from the median on the left and right side)

====================================================================================================
     Statistics on the posterior of the sampler parameters     
====================================================================================================

----- dataset:  RVdata_expres
jitter_0         5          1.52        -0.11         0.12   (15-84 p)   [    0.0010,    11.5000]
offset_0         6          8.55        -0.16         0.15   (15-84 p)   [-9995.9140, 10012.9990]

----- dataset:  RVdata_harps
jitter_0         7         1.326       -0.089        0.100   (15-84 p)   [    0.0009,    13.3000]
offset_0         8          9.37        -0.15         0.16   (15-84 p)   [-9995.5653, 10012.9467]
offset_1         9          9.95        -0.27         0.28   (15-84 p)   [-9995.5653, 10012.9467]

----- dataset:  RVdata_neid
jitter_0        10          1.55        -0.12         0.13   (15-84 p)   [    0.0010,    12.3000]
offset_0        11          9.48        -0.17         0.17   (15-84 p)   [-9995.1596, 10013.5484]

----- common model:  b
P                0        1.5425      -0.0013       0.0014   (15-84 p)   [    0.3785,     6.6439]
K                1         1.055       -0.095        0.089   (15-84 p)   [   -9.9658,     3.3219]
sre_coso         2         -0.11        -0.13         0.15   (15-84 p)   [   -1.0000,     1.0000]
sre_sino         3         -0.24        -0.11         0.17   (15-84 p)   [   -1.0000,     1.0000]
mean_long        4         198.3         -6.1          6.2   (15-84 p)   [   17.8802,   377.8802]

----- common model:  star_parameters

====================================================================================================
     Statistics on the model parameters obtained from the posteriors samples     
====================================================================================================

----- dataset:  RVdata_expres
jitter_0                  1.52        -0.11         0.12    (15-84 p)
offset_0                  8.55        -0.16         0.15    (15-84 p)


----- dataset:  RVdata_harps
jitter_0                 1.326       -0.089        0.100    (15-84 p)
offset_0                  9.37        -0.15         0.16    (15-84 p)
offset_1                  9.95        -0.27         0.28    (15-84 p)


----- dataset:  RVdata_neid
jitter_0                  1.55        -0.12         0.13    (15-84 p)
offset_0                  9.48        -0.17         0.17    (15-84 p)


----- common model:  b
P                       2.9130      -0.0027       0.0029    (15-84 p)
K                         2.08        -0.13         0.13    (15-84 p)
mean_long                198.3         -6.1          6.2    (15-84 p)
e                        0.091       -0.055        0.056    (15-84 p)
omega                     -115          -41           33    (15-84 p)

----- common model:  star_parameters

====================================================================================================
     Statistics on the derived parameters obtained from the posteriors samples     
====================================================================================================

----- common model:  b
Inclination fixed to 90 deg!
Computing planetary mass under the approximation M_planet << M_star (threshold at 30.0 Me)
a_Rs                    8.5799      -0.0053       0.0057    (15-84 p)
M_Mj                   0.01452     -0.00092      0.00090    (15-84 p)
M_Me                      4.62        -0.29         0.29    (15-84 p)
Tc                   59336.767       -0.068        0.073    (15-84 p)
a_AU_(M)              0.039918    -0.000025     0.000026    (15-84 p)
a_AU_(rho,R)          0.039918    -0.000025     0.000026    (15-84 p)


====================================================================================================
     ------------------------------------------------------------------------------------------     
====================================================================================================



****************************************************************************************************

 Parameters corresponding to the Maximum a Posteriori probability ( -573.0220644999883 )

====================================================================================================
     Statistics on the posterior of the sampler parameters     
====================================================================================================

----- dataset:  RVdata_expres
jitter_0         5      1.479804 [    0.0010,    11.5000]
offset_0         6      8.463639 [-9995.9140, 10012.9990]

----- dataset:  RVdata_harps
jitter_0         7      1.263709 [    0.0009,    13.3000]
offset_0         8      9.331776 [-9995.5653, 10012.9467]
offset_1         9      9.856547 [-9995.5653, 10012.9467]

----- dataset:  RVdata_neid
jitter_0        10      1.532625 [    0.0010,    12.3000]
offset_0        11      9.431841 [-9995.1596, 10013.5484]

----- common model:  b
P                0      1.542797 [    0.3785,     6.6439]
K                1      1.075810 [   -9.9658,     3.3219]
sre_coso         2     -0.146528 [   -1.0000,     1.0000]
sre_sino         3     -0.282043 [   -1.0000,     1.0000]
mean_long        4    197.648599 [   17.8802,   377.8802]

----- common model:  star_parameters

====================================================================================================
     Statistics on the model parameters obtained from the posteriors samples     
====================================================================================================

----- dataset:  RVdata_expres
jitter_0              1.479804 
offset_0              8.463639 


----- dataset:  RVdata_harps
jitter_0              1.263709 
offset_0              9.331776 
offset_1              9.856547 


----- dataset:  RVdata_neid
jitter_0              1.532625 
offset_0              9.431841 


----- common model:  b
P                     2.913589 
K                     2.107905 
mean_long           197.648599 
e                     0.101019 
omega              -117.452963 

----- common model:  star_parameters

====================================================================================================
     Statistics on the derived parameters obtained from the posteriors samples     
====================================================================================================

----- common model:  b
Inclination fixed to 90 deg!
a_Rs                  8.580934 
M_Mj                  0.014735 
M_Me                  4.684031 
Tc                59336.788807 
a_AU_(M)              0.039923 
a_AU_(rho,R)          0.039923 


====================================================================================================
     ------------------------------------------------------------------------------------------     
====================================================================================================



****************************************************************************************************

 Parameters corresponding to the sample closest to the median values ( -573.2425851350465 )

====================================================================================================
     Statistics on the posterior of the sampler parameters     
====================================================================================================

----- dataset:  RVdata_expres
jitter_0         5      1.544341 [    0.0010,    11.5000]
offset_0         6      8.525524 [-9995.9140, 10012.9990]

----- dataset:  RVdata_harps
jitter_0         7      1.292111 [    0.0009,    13.3000]
offset_0         8      9.348722 [-9995.5653, 10012.9467]
offset_1         9      9.994882 [-9995.5653, 10012.9467]

----- dataset:  RVdata_neid
jitter_0        10      1.598288 [    0.0010,    12.3000]
offset_0        11      9.470189 [-9995.1596, 10013.5484]

----- common model:  b
P                0      1.542980 [    0.3785,     6.6439]
K                1      1.054138 [   -9.9658,     3.3219]
sre_coso         2     -0.108456 [   -1.0000,     1.0000]
sre_sino         3     -0.297841 [   -1.0000,     1.0000]
mean_long        4    198.148776 [   17.8802,   377.8802]

----- common model:  star_parameters

====================================================================================================
     Statistics on the model parameters obtained from the posteriors samples     
====================================================================================================

----- dataset:  RVdata_expres
jitter_0              1.544341 
offset_0              8.525524 


----- dataset:  RVdata_harps
jitter_0              1.292111 
offset_0              9.348722 
offset_1              9.994882 


----- dataset:  RVdata_neid
jitter_0              1.598288 
offset_0              9.470189 


----- common model:  b
P                     2.913958 
K                     2.076477 
mean_long           198.148776 
e                     0.100472 
omega              -110.008612 

----- common model:  star_parameters

====================================================================================================
     Statistics on the derived parameters obtained from the posteriors samples     
====================================================================================================

----- common model:  b
Inclination fixed to 90 deg!
a_Rs                  8.581660 
M_Mj                  0.014516 
M_Me                  4.614645 
Tc                59336.773042 
a_AU_(M)              0.039926 
a_AU_(rho,R)          0.039926 


====================================================================================================
     ------------------------------------------------------------------------------------------     
====================================================================================================



****************************************************************************************************

Inclination fixed to 90 deg!
Note: stellar density derived from stellar mass and radius

Inclination fixed to 90 deg!
Inclination fixed to 90 deg!
 Plot FLAT chain 

****************************************************************************************************

Plotting full_correlation plot with pygtc

****************************************************************************************************

 Plotting the chains... 

****************************************************************************************************

 Plotting the Gelman-Rubin traces... 

     Gelman-Rubin:     5     1.000393 RVdata_expres_jitter_0 
     Gelman-Rubin:     6     1.000444 RVdata_expres_offset_0 
     Gelman-Rubin:     7     1.001283 RVdata_harps_jitter_0 
     Gelman-Rubin:     8     1.000779 RVdata_harps_offset_0 
     Gelman-Rubin:     9     1.001666 RVdata_harps_offset_1 
     Gelman-Rubin:    10     1.000719 RVdata_neid_jitter_0 
     Gelman-Rubin:    11     1.000710 RVdata_neid_offset_0 
     Gelman-Rubin:     0     1.000213 b_P 
     Gelman-Rubin:     1     1.000350 b_K 
     Gelman-Rubin:     2     1.000370 b_sre_coso 
     Gelman-Rubin:     3     1.000739 b_sre_sino 
     Gelman-Rubin:     4     1.000269 b_mean_long 

****************************************************************************************************

Plotting the common models corner plots
     Common model:  b
     Common model:  star_parameters

****************************************************************************************************

Plotting the dataset + models corner plots 

     Dataset:  RVdata_expres     model:  radial_velocities_b  corner plot  starting 
     Dataset:  RVdata_expres     model:  radial_velocities_b  corner plot  done 
     Dataset:  RVdata_harps     model:  radial_velocities_b  corner plot  starting 
     Dataset:  RVdata_harps     model:  radial_velocities_b  corner plot  done 
     Dataset:  RVdata_neid     model:  radial_velocities_b  corner plot  starting 
     Dataset:  RVdata_neid     model:  radial_velocities_b  corner plot  done 

****************************************************************************************************

 Saving the planet parameter samplings to files (with plots)

****************************************************************************************************

 Saving all the parameter samplings to files (with plots)

****************************************************************************************************

 Computing the models for plot/data writing 
 Writing the plots 
 Writing the   data files 
 Writing the  MAP_ data files 
 Writing the  sampleMED_ data files 

****************************************************************************************************

