
:::---::: PyORBIT v10.11.2 :::---:::

Python version in use:
3.10.18 (main, Jun  5 2025, 13:14:17) [GCC 11.2.0]

reloaded_optimize:  False
reloaded_pyde:  False
reloaded_emcee:  False

number of multiprocessing threads: 16
multiprocessing method (should be fork):  fork

parameters/safe_reload flag (must be True for tinygp):  False

Opening:  RVdata
Opening:  BISdata
Opening:  FWHMdata
Opening:  CaIIdata
Opening:  Halphadata
Adding common model of planet:  b
Using orbital model:  keplerian
Using orbital parametrization:  Eastman2013

gp_multidimensional  S+LEAF model, number of harmonics: 4

GP model: gp_multidimensional  hyperparameters_condition:    True
GP model: gp_multidimensional  rotation_decay_condition:     True

====================================================================================================
     Ids, spaces (s), boundaries (b) and priors (p) of the sampler parameters     
====================================================================================================

----- dataset:  RVdata
jitter_0      id:   8  s:Linear      b:[      0.0009,      13.3000]   p:Uniform   []
offset_0      id:   9  s:Linear      b:[  -9995.9140,   10015.5990]   p:Uniform   []
offset_1      id:  10  s:Linear      b:[  -9995.9140,   10015.5990]   p:Uniform   []
offset_2      id:  11  s:Linear      b:[  -9995.9140,   10015.5990]   p:Uniform   []
offset_3      id:  12  s:Linear      b:[  -9995.9140,   10015.5990]   p:Uniform   []

----- dataset: RVdata                    ----- model: gp_multidimensional           
rot_amp       id:  13  s:Linear      b:[      0.0000,      10.0000]   p:Uniform   []
con_amp       id:  14  s:Linear      b:[    -20.0000,      20.0000]   p:Uniform   []

----- dataset:  BISdata
jitter_0      id:  15  s:Linear      b:[      0.0095,      95.0000]   p:Uniform   []
offset_0      id:  16  s:Linear      b:[ -10078.4667,    9962.7167]   p:Uniform   []
offset_1      id:  17  s:Linear      b:[ -10078.4667,    9962.7167]   p:Uniform   []
offset_2      id:  18  s:Linear      b:[ -10078.4667,    9962.7167]   p:Uniform   []
offset_3      id:  19  s:Linear      b:[ -10078.4667,    9962.7167]   p:Uniform   []

----- dataset: BISdata                   ----- model: gp_multidimensional           
rot_amp       id:  20  s:Linear      b:[    -10.0000,      10.0000]   p:Uniform   []
con_amp       id:  21  s:Linear      b:[    -20.0000,      20.0000]   p:Uniform   []

----- dataset:  FWHMdata
jitter_0      id:  22  s:Linear      b:[      0.1043,    1733.9303]   p:Uniform   []
offset_0      id:  23  s:Linear      b:[  -3316.4638,   16948.3677]   p:Uniform   []
offset_1      id:  24  s:Linear      b:[  -3316.4638,   16948.3677]   p:Uniform   []
offset_2      id:  25  s:Linear      b:[  -3316.4638,   16948.3677]   p:Uniform   []
offset_3      id:  26  s:Linear      b:[  -3316.4638,   16948.3677]   p:Uniform   []

----- dataset: FWHMdata                  ----- model: gp_multidimensional           
rot_amp       id:  27  s:Linear      b:[    -10.0000,      10.0000]   p:Uniform   []
con_amp       id:  28  s:Linear      b:[    -20.0000,      20.0000]   p:Uniform   []

----- dataset:  CaIIdata
jitter_0      id:  29  s:Linear      b:[      0.0000,       0.3000]   p:Uniform   []
offset_0      id:  30  s:Linear      b:[  -9999.9063,   10000.1099]   p:Uniform   []
offset_1      id:  31  s:Linear      b:[  -9999.9063,   10000.1099]   p:Uniform   []
offset_2      id:  32  s:Linear      b:[  -9999.9063,   10000.1099]   p:Uniform   []
offset_3      id:  33  s:Linear      b:[  -9999.9063,   10000.1099]   p:Uniform   []

----- dataset: CaIIdata                  ----- model: gp_multidimensional           
rot_amp       id:  34  s:Linear      b:[    -10.0000,      10.0000]   p:Uniform   []
con_amp       id:  35  s:Linear      b:[    -20.0000,      20.0000]   p:Uniform   []

----- dataset:  Halphadata
jitter_0      id:  36  s:Linear      b:[      0.0000,       0.1000]   p:Uniform   []
offset_0      id:  37  s:Linear      b:[  -9999.8298,   10000.1791]   p:Uniform   []
offset_1      id:  38  s:Linear      b:[  -9999.8298,   10000.1791]   p:Uniform   []
offset_2      id:  39  s:Linear      b:[  -9999.8298,   10000.1791]   p:Uniform   []
offset_3      id:  40  s:Linear      b:[  -9999.8298,   10000.1791]   p:Uniform   []

----- dataset: Halphadata                ----- model: gp_multidimensional           
rot_amp       id:  41  s:Linear      b:[    -10.0000,      10.0000]   p:Uniform   []
con_amp       id:  42  s:Linear      b:[    -20.0000,      20.0000]   p:Uniform   []

----- common model:  b
P             id:   0  s:Log_Base2   b:[      0.3785,       6.6439]   p:Uniform   []
K             id:   1  s:Log_Base2   b:[     -9.9658,       3.3219]   p:Uniform   []
sre_coso      id:   2  s:Linear      b:[     -1.0000,       1.0000]   p:Uniform   []
sre_sino      id:   3  s:Linear      b:[     -1.0000,       1.0000]   p:Uniform   []
mean_long     id:   4  s:Linear      b:[      0.0000,     360.0000]   p:Uniform   []
e             derived (no id, space, bound)                           p:Gaussian   [0.    0.098]
omega         derived (no id, space, bound)                           p:Uniform   [0.0, 360.0]

----- common model:  activity
Prot          id:   5  s:Linear      b:[     20.0000,      35.0000]   p:Gaussian   [28.   0.5]
Pdec          id:   6  s:Linear      b:[     30.0000,    1000.0000]   p:Uniform   []
Oamp          id:   7  s:Log_Base2   b:[     -6.6439,       0.0000]   p:Gaussian   [0.35  0.035]

----- common model:  star_parameters
mass          derived (no id, space, bound)                           p:Gaussian   [1.e+00 1.e-06]
radius        derived (no id, space, bound)                           p:Gaussian   [1.e+00 1.e-06]
density       derived (no id, space, bound)                           p:Gaussian   [1.e+00 1.e-06]

Include priors:  True

Reference Time Tref:  59334.700184

Dimensions =  43
Nwalkers =  172

Using threading pool for PyDE: True
PyDE running
Boundaries redefined after PyDE output
PyDE completed, it took        367.3 seconds

====================================================================================================
     Starting point of the sample/optimization routines    
====================================================================================================

----- dataset:  RVdata
jitter_0         8      1.304882 [    0.0009,    13.3000]
offset_0         9      8.753193 [-9995.9140, 10015.5990]
offset_1        10     11.029062 [-9995.9140, 10015.5990]
offset_2        11     10.240882 [-9995.9140, 10015.5990]
offset_3        12      9.762900 [-9995.9140, 10015.5990]

----- dataset: RVdata                    ----- model: gp_multidimensional           
rot_amp         13      2.523865 [    0.0000,    10.0000]
con_amp         14     -1.314337 [  -20.0000,    20.0000]

----- dataset:  BISdata
jitter_0        15      1.873785 [    0.0095,    95.0000]
offset_0        16    -73.636618 [-10078.4667,  9962.7167]
offset_1        17    -43.679138 [-10078.4667,  9962.7167]
offset_2        18    -52.045527 [-10078.4667,  9962.7167]
offset_3        19    -59.623606 [-10078.4667,  9962.7167]

----- dataset: BISdata                   ----- model: gp_multidimensional           
rot_amp         20      0.491522 [  -10.0000,    10.0000]
con_amp         21     -0.372666 [  -20.0000,    20.0000]

----- dataset:  FWHMdata
jitter_0        22      0.107106 [    0.1043,  1733.9303]
offset_0        23   6694.282800 [-3316.4638, 16948.3677]
offset_1        24   6943.739183 [-3316.4638, 16948.3677]
offset_2        25   6858.594517 [-3316.4638, 16948.3677]
offset_3        26   6897.883158 [-3316.4638, 16948.3677]

----- dataset: FWHMdata                  ----- model: gp_multidimensional           
rot_amp         27     -1.698793 [  -10.0000,    10.0000]
con_amp         28      1.222814 [  -20.0000,    20.0000]

----- dataset:  CaIIdata
jitter_0        29      0.000032 [    0.0000,     0.3000]
offset_0        30      0.100733 [-9999.9063, 10000.1099]
offset_1        31      0.104522 [-9999.9063, 10000.1099]
offset_2        32      0.103847 [-9999.9063, 10000.1099]
offset_3        33      0.099587 [-9999.9063, 10000.1099]

----- dataset: CaIIdata                  ----- model: gp_multidimensional           
rot_amp         34     -0.000974 [  -10.0000,    10.0000]
con_amp         35     -0.000468 [  -20.0000,    20.0000]

----- dataset:  Halphadata
jitter_0        36      0.000010 [    0.0000,     0.1000]
offset_0        37      0.172044 [-9999.8298, 10000.1791]
offset_1        38      0.174119 [-9999.8298, 10000.1791]
offset_2        39      0.175023 [-9999.8298, 10000.1791]
offset_3        40      0.171074 [-9999.8298, 10000.1791]

----- dataset: Halphadata                ----- model: gp_multidimensional           
rot_amp         41      0.000019 [  -10.0000,    10.0000]
con_amp         42     -0.000022 [  -20.0000,    20.0000]

----- common model:  b
P                0      1.543582 [    0.3785,     6.6439]
K                1      1.177810 [   -9.9658,     3.3219]
sre_coso         2     -0.240716 [   -1.0000,     1.0000]
sre_sino         3     -0.041223 [   -1.0000,     1.0000]
mean_long        4    202.494273 [   22.4943,   382.4943]

----- common model:  activity
Prot             5     27.012875 [   20.0000,    35.0000]
Pdec             6     54.032257 [   30.0000,  1000.0000]
Oamp             7     -1.474157 [   -6.6439,     0.0000]

----- common model:  star_parameters

====================================================================================================
     Starting point projected onto the model parameter space     
====================================================================================================

----- dataset:  RVdata
jitter_0              1.304882 
offset_0              8.753193 
offset_1             11.029062 
offset_2             10.240882 
offset_3              9.762900 


----- dataset: RVdata                    ----- model: gp_multidimensional           
rot_amp               2.523865 
con_amp              -1.314337 

----- dataset:  BISdata
jitter_0              1.873785 
offset_0            -73.636618 
offset_1            -43.679138 
offset_2            -52.045527 
offset_3            -59.623606 


----- dataset: BISdata                   ----- model: gp_multidimensional           
rot_amp               0.491522 
con_amp              -0.372666 

----- dataset:  FWHMdata
jitter_0              0.107106 
offset_0           6694.282800 
offset_1           6943.739183 
offset_2           6858.594517 
offset_3           6897.883158 


----- dataset: FWHMdata                  ----- model: gp_multidimensional           
rot_amp              -1.698793 
con_amp               1.222814 

----- dataset:  CaIIdata
jitter_0              0.000032 
offset_0              0.100733 
offset_1              0.104522 
offset_2              0.103847 
offset_3              0.099587 


----- dataset: CaIIdata                  ----- model: gp_multidimensional           
rot_amp              -0.000974 
con_amp              -0.000468 

----- dataset:  Halphadata
jitter_0              0.000010 
offset_0              0.172044 
offset_1              0.174119 
offset_2              0.175023 
offset_3              0.171074 


----- dataset: Halphadata                ----- model: gp_multidimensional           
rot_amp               0.000019 
con_amp              -0.000022 

----- common model:  b
P                     2.915175 
K                     2.262331 
mean_long           202.494273 
e                     0.059643 
omega              -170.282249 

----- common model:  activity
Prot                 27.012875 
Pdec                 54.032257 
Oamp                  0.359944 

----- common model:  star_parameters

====================================================================================================
     Derived parameters obtained from starting point     
====================================================================================================

----- common model:  b
Inclination fixed to 90 deg!
a_Rs                  8.584050 
M_Mj                  0.015870 
M_Me                  5.044955 
Tc                59336.759346 
a_AU_(M)              0.039937 
a_AU_(rho,R)          0.039937 


====================================================================================================
     Statistics on the log-likelihood     
====================================================================================================

 LN probability:   509.106220 

====================================================================================================
     ------------------------------------------------------------------------------------------     
====================================================================================================



*************************************************************

Running emcee

emcee version:  3.1.6
Using threading pool for emcee: True

Saving temporary steps


Computing the autocorrelation time of the chains

***** WARNING ******
The integrated autocorrelation time cannot be reliably estimated
likely the chains are too short, and ACF analysis is not fully reliable
emcee.autocorr.integrated_time tolerance lowered to 20
If you still get a warning, you should drop these results entirely
Chains too short to apply convergence criteria
They should be at least 3100*nthin = 465000

====================================================================================================
     Statistics on the posterior of the sampler parameters     
====================================================================================================

----- dataset:  RVdata
jitter_0         8         1.335       -0.059        0.064   (15-84 p)   [    0.0009,    13.3000]
offset_0         9          10.0         -3.3          4.2   (15-84 p)   [-9995.9140, 10015.5990]
offset_1        10          12.3         -3.4          4.2   (15-84 p)   [-9995.9140, 10015.5990]
offset_2        11          11.5         -3.3          4.2   (15-84 p)   [-9995.9140, 10015.5990]
offset_3        12          11.0         -3.4          4.2   (15-84 p)   [-9995.9140, 10015.5990]

----- dataset: RVdata                    ----- model: gp_multidimensional           
rot_amp         13           5.1         -3.3          3.2   (15-84 p)   [    0.0000,    10.0000]
con_amp         14          -6.0         -6.6          3.5   (15-84 p)   [  -20.0000,    20.0000]

----- dataset:  BISdata
jitter_0        15         1.906       -0.099         0.10   (15-84 p)   [    0.0095,    95.0000]
offset_0        16        -73.39        -0.79          1.2   (15-84 p)   [-10078.4667,  9962.7167]
offset_1        17        -43.41        -0.98          1.2   (15-84 p)   [-10078.4667,  9962.7167]
offset_2        18        -51.78        -0.81          1.2   (15-84 p)   [-10078.4667,  9962.7167]
offset_3        19        -59.37        -0.81          1.2   (15-84 p)   [-10078.4667,  9962.7167]

----- dataset: BISdata                   ----- model: gp_multidimensional           
rot_amp         20           1.1         -2.2          2.6   (15-84 p)   [  -10.0000,    10.0000]
con_amp         21          -1.4         -1.9          1.1   (15-84 p)   [  -20.0000,    20.0000]

----- dataset:  FWHMdata
jitter_0        22          0.65        -0.39         0.62   (15-84 p)   [    0.1043,  1733.9303]
offset_0        23        6693.4         -4.4          3.2   (15-84 p)   [-3316.4638, 16948.3677]
offset_1        24        6942.8         -5.0          4.2   (15-84 p)   [-3316.4638, 16948.3677]
offset_2        25        6857.8         -4.3          3.0   (15-84 p)   [-3316.4638, 16948.3677]
offset_3        26        6897.0         -4.5          3.4   (15-84 p)   [-3316.4638, 16948.3677]

----- dataset: FWHMdata                  ----- model: gp_multidimensional           
rot_amp         27          -1.6         -5.6          6.7   (15-84 p)   [  -10.0000,    10.0000]
con_amp         28           4.2         -6.1          6.8   (15-84 p)   [  -20.0000,    20.0000]

----- dataset:  CaIIdata
jitter_0        29       0.00026     -0.00017      0.00026   (15-84 p)   [    0.0000,     0.3000]
offset_0        30       0.10086     -0.00072      0.00100   (15-84 p)   [-9999.9063, 10000.1099]
offset_1        31        0.1046      -0.0010       0.0012   (15-84 p)   [-9999.9063, 10000.1099]
offset_2        32       0.10396     -0.00074       0.0010   (15-84 p)   [-9999.9063, 10000.1099]
offset_3        33       0.09968     -0.00075       0.0010   (15-84 p)   [-9999.9063, 10000.1099]

----- dataset: CaIIdata                  ----- model: gp_multidimensional           
rot_amp         34       -0.0037      -0.0050       0.0035   (15-84 p)   [  -10.0000,    10.0000]
con_amp         35       -0.0011      -0.0016       0.0014   (15-84 p)   [  -20.0000,    20.0000]

----- dataset:  Halphadata
jitter_0        36      0.000065    -0.000039     0.000061   (15-84 p)   [    0.0000,     0.1000]
offset_0        37       0.17205     -0.00020      0.00022   (15-84 p)   [-9999.8298, 10000.1791]
offset_1        38       0.17412     -0.00031      0.00030   (15-84 p)   [-9999.8298, 10000.1791]
offset_2        39       0.17503     -0.00021      0.00023   (15-84 p)   [-9999.8298, 10000.1791]
offset_3        40       0.17108     -0.00021      0.00023   (15-84 p)   [-9999.8298, 10000.1791]

----- dataset: Halphadata                ----- model: gp_multidimensional           
rot_amp         41       0.00014     -0.00094       0.0010   (15-84 p)   [  -10.0000,    10.0000]
con_amp         42      -0.00005     -0.00042      0.00041   (15-84 p)   [  -20.0000,    20.0000]

----- common model:  b
P                0        1.5438      -0.0013       0.0013   (15-84 p)   [    0.3785,     6.6439]
K                1         1.157       -0.094        0.089   (15-84 p)   [   -9.9658,     3.3219]
sre_coso         2         -0.12        -0.13         0.17   (15-84 p)   [   -1.0000,     1.0000]
sre_sino         3         -0.01        -0.15         0.16   (15-84 p)   [   -1.0000,     1.0000]
mean_long        4         202.7         -5.9          6.1   (15-84 p)   [   22.4943,   382.4943]

----- common model:  activity
Prot             5         27.00        -0.32         0.40   (15-84 p)   [   20.0000,    35.0000]
Pdec             6           159          -89          285   (15-84 p)   [   30.0000,  1000.0000]
Oamp             7         -1.41        -0.14         0.13   (15-84 p)   [   -6.6439,     0.0000]

----- common model:  star_parameters

====================================================================================================
     Statistics on the model parameters obtained from the posteriors samples     
====================================================================================================

----- dataset:  RVdata
jitter_0                 1.335       -0.059        0.064    (15-84 p)
offset_0                  10.0         -3.3          4.2    (15-84 p)
offset_1                  12.3         -3.4          4.2    (15-84 p)
offset_2                  11.5         -3.3          4.2    (15-84 p)
offset_3                  11.0         -3.4          4.2    (15-84 p)


----- dataset: RVdata                    ----- model: gp_multidimensional           
rot_amp                    5.1         -3.3          3.2    (15-84 p)
con_amp                   -6.0         -6.6          3.5    (15-84 p)

----- dataset:  BISdata
jitter_0                 1.906       -0.099         0.10    (15-84 p)
offset_0                -73.39        -0.79          1.2    (15-84 p)
offset_1                -43.41        -0.98          1.2    (15-84 p)
offset_2                -51.78        -0.81          1.2    (15-84 p)
offset_3                -59.37        -0.81          1.2    (15-84 p)


----- dataset: BISdata                   ----- model: gp_multidimensional           
rot_amp                    1.1         -2.2          2.6    (15-84 p)
con_amp                   -1.4         -1.9          1.1    (15-84 p)

----- dataset:  FWHMdata
jitter_0                  0.65        -0.39         0.62    (15-84 p)
offset_0                6693.4         -4.4          3.2    (15-84 p)
offset_1                6942.8         -5.0          4.2    (15-84 p)
offset_2                6857.8         -4.3          3.0    (15-84 p)
offset_3                6897.0         -4.5          3.4    (15-84 p)


----- dataset: FWHMdata                  ----- model: gp_multidimensional           
rot_amp                   -1.6         -5.6          6.7    (15-84 p)
con_amp                    4.2         -6.1          6.8    (15-84 p)

----- dataset:  CaIIdata
jitter_0               0.00026     -0.00017      0.00026    (15-84 p)
offset_0               0.10086     -0.00072      0.00100    (15-84 p)
offset_1                0.1046      -0.0010       0.0012    (15-84 p)
offset_2               0.10396     -0.00074       0.0010    (15-84 p)
offset_3               0.09968     -0.00075       0.0010    (15-84 p)


----- dataset: CaIIdata                  ----- model: gp_multidimensional           
rot_amp                -0.0037      -0.0050       0.0035    (15-84 p)
con_amp                -0.0011      -0.0016       0.0014    (15-84 p)

----- dataset:  Halphadata
jitter_0              0.000065    -0.000039     0.000061    (15-84 p)
offset_0               0.17205     -0.00020      0.00022    (15-84 p)
offset_1               0.17412     -0.00031      0.00030    (15-84 p)
offset_2               0.17503     -0.00021      0.00023    (15-84 p)
offset_3               0.17108     -0.00021      0.00023    (15-84 p)


----- dataset: Halphadata                ----- model: gp_multidimensional           
rot_amp                0.00014     -0.00094       0.0010    (15-84 p)
con_amp               -0.00005     -0.00042      0.00041    (15-84 p)

----- common model:  b
P                       2.9155      -0.0026       0.0027    (15-84 p)
K                         2.23        -0.14         0.14    (15-84 p)
mean_long                202.7         -5.9          6.1    (15-84 p)
e                        0.045       -0.032        0.046    (15-84 p)
omega                      -22         -132          172    (15-84 p)

----- common model:  activity
Prot                     27.00        -0.32         0.40    (15-84 p)
Pdec                       159          -89          285    (15-84 p)
Oamp                     0.376       -0.035        0.035    (15-84 p)

----- common model:  star_parameters

====================================================================================================
     Statistics on the derived parameters obtained from the posteriors samples     
====================================================================================================

----- common model:  b
Inclination fixed to 90 deg!
Computing planetary mass under the approximation M_planet << M_star (threshold at 30.0 Me)
a_Rs                    8.5848      -0.0052       0.0053    (15-84 p)
M_Mj                   0.01564     -0.00099      0.00099    (15-84 p)
M_Me                      4.97        -0.31         0.31    (15-84 p)
Tc                   59336.729       -0.060        0.063    (15-84 p)
a_AU_(M)              0.039941    -0.000024     0.000025    (15-84 p)
a_AU_(rho,R)          0.039940    -0.000024     0.000025    (15-84 p)


====================================================================================================
     ------------------------------------------------------------------------------------------     
====================================================================================================



150000.0   steps completed, average lnprob:,  475.62865751442996


Computing the autocorrelation time of the chains

***** WARNING ******
The integrated autocorrelation time cannot be reliably estimated
likely the chains are too short, and ACF analysis is not fully reliable
emcee.autocorr.integrated_time tolerance lowered to 20
If you still get a warning, you should drop these results entirely
Chains too short to apply convergence criteria
They should be at least 5800*nthin = 870000

====================================================================================================
     Statistics on the posterior of the sampler parameters     
====================================================================================================

----- dataset:  RVdata
jitter_0         8         1.335       -0.059        0.065   (15-84 p)   [    0.0009,    13.3000]
offset_0         9           9.7         -3.6          4.0   (15-84 p)   [-9995.9140, 10015.5990]
offset_1        10          12.0         -3.6          4.0   (15-84 p)   [-9995.9140, 10015.5990]
offset_2        11          11.2         -3.6          4.0   (15-84 p)   [-9995.9140, 10015.5990]
offset_3        12          10.7         -3.6          4.0   (15-84 p)   [-9995.9140, 10015.5990]

----- dataset: RVdata                    ----- model: gp_multidimensional           
rot_amp         13           4.9         -3.3          3.2   (15-84 p)   [    0.0000,    10.0000]
con_amp         14          -5.6         -7.1          8.8   (15-84 p)   [  -20.0000,    20.0000]

----- dataset:  BISdata
jitter_0        15         1.905       -0.099         0.10   (15-84 p)   [    0.0095,    95.0000]
offset_0        16        -73.44        -0.87          1.1   (15-84 p)   [-10078.4667,  9962.7167]
offset_1        17         -43.5         -1.0          1.2   (15-84 p)   [-10078.4667,  9962.7167]
offset_2        18        -51.83        -0.87          1.2   (15-84 p)   [-10078.4667,  9962.7167]
offset_3        19        -59.43        -0.87          1.2   (15-84 p)   [-10078.4667,  9962.7167]

----- dataset: BISdata                   ----- model: gp_multidimensional           
rot_amp         20           0.9         -2.3          2.6   (15-84 p)   [  -10.0000,    10.0000]
con_amp         21          -1.2         -2.0          2.2   (15-84 p)   [  -20.0000,    20.0000]

----- dataset:  FWHMdata
jitter_0        22          0.65        -0.39         0.61   (15-84 p)   [    0.1043,  1733.9303]
offset_0        23        6693.7         -4.2          3.3   (15-84 p)   [-3316.4638, 16948.3677]
offset_1        24        6943.0         -4.8          4.1   (15-84 p)   [-3316.4638, 16948.3677]
offset_2        25        6858.0         -4.2          3.1   (15-84 p)   [-3316.4638, 16948.3677]
offset_3        26        6897.3         -4.4          3.5   (15-84 p)   [-3316.4638, 16948.3677]

----- dataset: FWHMdata                  ----- model: gp_multidimensional           
rot_amp         27          -1.5         -5.7          6.9   (15-84 p)   [  -10.0000,    10.0000]
con_amp         28           3.3         -8.2          7.4   (15-84 p)   [  -20.0000,    20.0000]

----- dataset:  CaIIdata
jitter_0        29       0.00026     -0.00016      0.00025   (15-84 p)   [    0.0000,     0.3000]
offset_0        30       0.10079     -0.00071      0.00092   (15-84 p)   [-9999.9063, 10000.1099]
offset_1        31        0.1045      -0.0010       0.0011   (15-84 p)   [-9999.9063, 10000.1099]
offset_2        32       0.10390     -0.00074      0.00092   (15-84 p)   [-9999.9063, 10000.1099]
offset_3        33       0.09962     -0.00075      0.00095   (15-84 p)   [-9999.9063, 10000.1099]

----- dataset: CaIIdata                  ----- model: gp_multidimensional           
rot_amp         34       -0.0033      -0.0054       0.0045   (15-84 p)   [  -10.0000,    10.0000]
con_amp         35       -0.0009      -0.0017       0.0015   (15-84 p)   [  -20.0000,    20.0000]

----- dataset:  Halphadata
jitter_0        36      0.000064    -0.000039     0.000061   (15-84 p)   [    0.0000,     0.1000]
offset_0        37       0.17205     -0.00020      0.00022   (15-84 p)   [-9999.8298, 10000.1791]
offset_1        38       0.17412     -0.00030      0.00031   (15-84 p)   [-9999.8298, 10000.1791]
offset_2        39       0.17503     -0.00020      0.00022   (15-84 p)   [-9999.8298, 10000.1791]
offset_3        40       0.17108     -0.00021      0.00022   (15-84 p)   [-9999.8298, 10000.1791]

----- dataset: Halphadata                ----- model: gp_multidimensional           
rot_amp         41       0.00016     -0.00094       0.0011   (15-84 p)   [  -10.0000,    10.0000]
con_amp         42      -0.00003     -0.00042      0.00042   (15-84 p)   [  -20.0000,    20.0000]

----- common model:  b
P                0        1.5437      -0.0013       0.0014   (15-84 p)   [    0.3785,     6.6439]
K                1         1.161       -0.095        0.088   (15-84 p)   [   -9.9658,     3.3219]
sre_coso         2         -0.12        -0.13         0.17   (15-84 p)   [   -1.0000,     1.0000]
sre_sino         3         -0.01        -0.15         0.16   (15-84 p)   [   -1.0000,     1.0000]
mean_long        4         202.7         -6.1          6.2   (15-84 p)   [   22.4943,   382.4943]

----- common model:  activity
Prot             5         27.01        -0.32         0.41   (15-84 p)   [   20.0000,    35.0000]
Pdec             6           161          -91          302   (15-84 p)   [   30.0000,  1000.0000]
Oamp             7         -1.41        -0.14         0.13   (15-84 p)   [   -6.6439,     0.0000]

----- common model:  star_parameters

====================================================================================================
     Statistics on the model parameters obtained from the posteriors samples     
====================================================================================================

----- dataset:  RVdata
jitter_0                 1.335       -0.059        0.065    (15-84 p)
offset_0                   9.7         -3.6          4.0    (15-84 p)
offset_1                  12.0         -3.6          4.0    (15-84 p)
offset_2                  11.2         -3.6          4.0    (15-84 p)
offset_3                  10.7         -3.6          4.0    (15-84 p)


----- dataset: RVdata                    ----- model: gp_multidimensional           
rot_amp                    4.9         -3.3          3.2    (15-84 p)
con_amp                   -5.6         -7.1          8.8    (15-84 p)

----- dataset:  BISdata
jitter_0                 1.905       -0.099         0.10    (15-84 p)
offset_0                -73.44        -0.87          1.1    (15-84 p)
offset_1                 -43.5         -1.0          1.2    (15-84 p)
offset_2                -51.83        -0.87          1.2    (15-84 p)
offset_3                -59.43        -0.87          1.2    (15-84 p)


----- dataset: BISdata                   ----- model: gp_multidimensional           
rot_amp                    0.9         -2.3          2.6    (15-84 p)
con_amp                   -1.2         -2.0          2.2    (15-84 p)

----- dataset:  FWHMdata
jitter_0                  0.65        -0.39         0.61    (15-84 p)
offset_0                6693.7         -4.2          3.3    (15-84 p)
offset_1                6943.0         -4.8          4.1    (15-84 p)
offset_2                6858.0         -4.2          3.1    (15-84 p)
offset_3                6897.3         -4.4          3.5    (15-84 p)


----- dataset: FWHMdata                  ----- model: gp_multidimensional           
rot_amp                   -1.5         -5.7          6.9    (15-84 p)
con_amp                    3.3         -8.2          7.4    (15-84 p)

----- dataset:  CaIIdata
jitter_0               0.00026     -0.00016      0.00025    (15-84 p)
offset_0               0.10079     -0.00071      0.00092    (15-84 p)
offset_1                0.1045      -0.0010       0.0011    (15-84 p)
offset_2               0.10390     -0.00074      0.00092    (15-84 p)
offset_3               0.09962     -0.00075      0.00095    (15-84 p)


----- dataset: CaIIdata                  ----- model: gp_multidimensional           
rot_amp                -0.0033      -0.0054       0.0045    (15-84 p)
con_amp                -0.0009      -0.0017       0.0015    (15-84 p)

----- dataset:  Halphadata
jitter_0              0.000064    -0.000039     0.000061    (15-84 p)
offset_0               0.17205     -0.00020      0.00022    (15-84 p)
offset_1               0.17412     -0.00030      0.00031    (15-84 p)
offset_2               0.17503     -0.00020      0.00022    (15-84 p)
offset_3               0.17108     -0.00021      0.00022    (15-84 p)


----- dataset: Halphadata                ----- model: gp_multidimensional           
rot_amp                0.00016     -0.00094       0.0011    (15-84 p)
con_amp               -0.00003     -0.00042      0.00042    (15-84 p)

----- common model:  b
P                       2.9155      -0.0027       0.0028    (15-84 p)
K                         2.24        -0.14         0.14    (15-84 p)
mean_long                202.7         -6.1          6.2    (15-84 p)
e                        0.045       -0.032        0.046    (15-84 p)
omega                      -28         -125          178    (15-84 p)

----- common model:  activity
Prot                     27.01        -0.32         0.41    (15-84 p)
Pdec                       161          -91          302    (15-84 p)
Oamp                     0.377       -0.035        0.035    (15-84 p)

----- common model:  star_parameters

====================================================================================================
     Statistics on the derived parameters obtained from the posteriors samples     
====================================================================================================

----- common model:  b
Inclination fixed to 90 deg!
Computing planetary mass under the approximation M_planet << M_star (threshold at 30.0 Me)
a_Rs                    8.5847      -0.0053       0.0054    (15-84 p)
M_Mj                   0.01568     -0.00100      0.00098    (15-84 p)
M_Me                      4.99        -0.32         0.31    (15-84 p)
Tc                   59336.729       -0.060        0.063    (15-84 p)
a_AU_(M)              0.039940    -0.000025     0.000025    (15-84 p)
a_AU_(rho,R)          0.039940    -0.000025     0.000025    (15-84 p)


====================================================================================================
     ------------------------------------------------------------------------------------------     
====================================================================================================



300000.0   steps completed, average lnprob:,  476.34215007974774


Computing the autocorrelation time of the chains

***** WARNING ******
The integrated autocorrelation time cannot be reliably estimated
likely the chains are too short, and ACF analysis is not fully reliable
emcee.autocorr.integrated_time tolerance lowered to 20
If you still get a warning, you should drop these results entirely
Chains too short to apply convergence criteria
They should be at least 9000*nthin = 1350000

====================================================================================================
     Statistics on the posterior of the sampler parameters     
====================================================================================================

----- dataset:  RVdata
jitter_0         8         1.337       -0.060        0.065   (15-84 p)   [    0.0009,    13.3000]
offset_0         9           9.8         -3.7          4.1   (15-84 p)   [-9995.9140, 10015.5990]
offset_1        10          12.1         -3.7          4.1   (15-84 p)   [-9995.9140, 10015.5990]
offset_2        11          11.3         -3.7          4.1   (15-84 p)   [-9995.9140, 10015.5990]
offset_3        12          10.8         -3.7          4.1   (15-84 p)   [-9995.9140, 10015.5990]

----- dataset: RVdata                    ----- model: gp_multidimensional           
rot_amp         13           5.0         -3.3          3.2   (15-84 p)   [    0.0000,    10.0000]
con_amp         14          -5.4         -7.0          9.2   (15-84 p)   [  -20.0000,    20.0000]

----- dataset:  BISdata
jitter_0        15         1.904       -0.099         0.10   (15-84 p)   [    0.0095,    95.0000]
offset_0        16        -73.42        -0.88          1.2   (15-84 p)   [-10078.4667,  9962.7167]
offset_1        17         -43.5         -1.0          1.2   (15-84 p)   [-10078.4667,  9962.7167]
offset_2        18        -51.80        -0.88          1.2   (15-84 p)   [-10078.4667,  9962.7167]
offset_3        19        -59.40        -0.88          1.2   (15-84 p)   [-10078.4667,  9962.7167]

----- dataset: BISdata                   ----- model: gp_multidimensional           
rot_amp         20           0.9         -2.4          2.6   (15-84 p)   [  -10.0000,    10.0000]
con_amp         21          -1.2         -2.0          2.4   (15-84 p)   [  -20.0000,    20.0000]

----- dataset:  FWHMdata
jitter_0        22          0.65        -0.39         0.61   (15-84 p)   [    0.1043,  1733.9303]
offset_0        23        6693.6         -4.4          3.4   (15-84 p)   [-3316.4638, 16948.3677]
offset_1        24        6943.0         -4.9          4.2   (15-84 p)   [-3316.4638, 16948.3677]
offset_2        25        6857.9         -4.4          3.1   (15-84 p)   [-3316.4638, 16948.3677]
offset_3        26        6897.2         -4.6          3.6   (15-84 p)   [-3316.4638, 16948.3677]

----- dataset: FWHMdata                  ----- model: gp_multidimensional           
rot_amp         27          -1.3         -5.8          6.8   (15-84 p)   [  -10.0000,    10.0000]
con_amp         28           3.2         -8.7          7.3   (15-84 p)   [  -20.0000,    20.0000]

----- dataset:  CaIIdata
jitter_0        29       0.00026     -0.00016      0.00025   (15-84 p)   [    0.0000,     0.3000]
offset_0        30       0.10080     -0.00074      0.00097   (15-84 p)   [-9999.9063, 10000.1099]
offset_1        31        0.1045      -0.0010       0.0012   (15-84 p)   [-9999.9063, 10000.1099]
offset_2        32       0.10391     -0.00077      0.00098   (15-84 p)   [-9999.9063, 10000.1099]
offset_3        33       0.09963     -0.00077       0.0010   (15-84 p)   [-9999.9063, 10000.1099]

----- dataset: CaIIdata                  ----- model: gp_multidimensional           
rot_amp         34       -0.0032      -0.0053       0.0047   (15-84 p)   [  -10.0000,    10.0000]
con_amp         35       -0.0009      -0.0017       0.0016   (15-84 p)   [  -20.0000,    20.0000]

----- dataset:  Halphadata
jitter_0        36      0.000064    -0.000038     0.000061   (15-84 p)   [    0.0000,     0.1000]
offset_0        37       0.17205     -0.00021      0.00022   (15-84 p)   [-9999.8298, 10000.1791]
offset_1        38       0.17412     -0.00030      0.00031   (15-84 p)   [-9999.8298, 10000.1791]
offset_2        39       0.17503     -0.00021      0.00022   (15-84 p)   [-9999.8298, 10000.1791]
offset_3        40       0.17108     -0.00021      0.00023   (15-84 p)   [-9999.8298, 10000.1791]

----- dataset: Halphadata                ----- model: gp_multidimensional           
rot_amp         41       0.00015     -0.00094       0.0010   (15-84 p)   [  -10.0000,    10.0000]
con_amp         42      -0.00004     -0.00042      0.00043   (15-84 p)   [  -20.0000,    20.0000]

----- common model:  b
P                0        1.5437      -0.0013       0.0013   (15-84 p)   [    0.3785,     6.6439]
K                1         1.159       -0.095        0.089   (15-84 p)   [   -9.9658,     3.3219]
sre_coso         2         -0.12        -0.13         0.17   (15-84 p)   [   -1.0000,     1.0000]
sre_sino         3         -0.01        -0.15         0.16   (15-84 p)   [   -1.0000,     1.0000]
mean_long        4         202.7         -6.0          6.1   (15-84 p)   [   22.4943,   382.4943]

----- common model:  activity
Prot             5         27.01        -0.32         0.42   (15-84 p)   [   20.0000,    35.0000]
Pdec             6           159          -90          305   (15-84 p)   [   30.0000,  1000.0000]
Oamp             7         -1.41        -0.14         0.13   (15-84 p)   [   -6.6439,     0.0000]

----- common model:  star_parameters

====================================================================================================
     Statistics on the model parameters obtained from the posteriors samples     
====================================================================================================

----- dataset:  RVdata
jitter_0                 1.337       -0.060        0.065    (15-84 p)
offset_0                   9.8         -3.7          4.1    (15-84 p)
offset_1                  12.1         -3.7          4.1    (15-84 p)
offset_2                  11.3         -3.7          4.1    (15-84 p)
offset_3                  10.8         -3.7          4.1    (15-84 p)


----- dataset: RVdata                    ----- model: gp_multidimensional           
rot_amp                    5.0         -3.3          3.2    (15-84 p)
con_amp                   -5.4         -7.0          9.2    (15-84 p)

----- dataset:  BISdata
jitter_0                 1.904       -0.099         0.10    (15-84 p)
offset_0                -73.42        -0.88          1.2    (15-84 p)
offset_1                 -43.5         -1.0          1.2    (15-84 p)
offset_2                -51.80        -0.88          1.2    (15-84 p)
offset_3                -59.40        -0.88          1.2    (15-84 p)


----- dataset: BISdata                   ----- model: gp_multidimensional           
rot_amp                    0.9         -2.4          2.6    (15-84 p)
con_amp                   -1.2         -2.0          2.4    (15-84 p)

----- dataset:  FWHMdata
jitter_0                  0.65        -0.39         0.61    (15-84 p)
offset_0                6693.6         -4.4          3.4    (15-84 p)
offset_1                6943.0         -4.9          4.2    (15-84 p)
offset_2                6857.9         -4.4          3.1    (15-84 p)
offset_3                6897.2         -4.6          3.6    (15-84 p)


----- dataset: FWHMdata                  ----- model: gp_multidimensional           
rot_amp                   -1.3         -5.8          6.8    (15-84 p)
con_amp                    3.2         -8.7          7.3    (15-84 p)

----- dataset:  CaIIdata
jitter_0               0.00026     -0.00016      0.00025    (15-84 p)
offset_0               0.10080     -0.00074      0.00097    (15-84 p)
offset_1                0.1045      -0.0010       0.0012    (15-84 p)
offset_2               0.10391     -0.00077      0.00098    (15-84 p)
offset_3               0.09963     -0.00077       0.0010    (15-84 p)


----- dataset: CaIIdata                  ----- model: gp_multidimensional           
rot_amp                -0.0032      -0.0053       0.0047    (15-84 p)
con_amp                -0.0009      -0.0017       0.0016    (15-84 p)

----- dataset:  Halphadata
jitter_0              0.000064    -0.000038     0.000061    (15-84 p)
offset_0               0.17205     -0.00021      0.00022    (15-84 p)
offset_1               0.17412     -0.00030      0.00031    (15-84 p)
offset_2               0.17503     -0.00021      0.00022    (15-84 p)
offset_3               0.17108     -0.00021      0.00023    (15-84 p)


----- dataset: Halphadata                ----- model: gp_multidimensional           
rot_amp                0.00015     -0.00094       0.0010    (15-84 p)
con_amp               -0.00004     -0.00042      0.00043    (15-84 p)

----- common model:  b
P                       2.9155      -0.0027       0.0027    (15-84 p)
K                         2.23        -0.14         0.14    (15-84 p)
mean_long                202.7         -6.0          6.1    (15-84 p)
e                        0.046       -0.032        0.046    (15-84 p)
omega                      -24         -129          174    (15-84 p)

----- common model:  activity
Prot                     27.01        -0.32         0.42    (15-84 p)
Pdec                       159          -90          305    (15-84 p)
Oamp                     0.377       -0.035        0.035    (15-84 p)

----- common model:  star_parameters

====================================================================================================
     Statistics on the derived parameters obtained from the posteriors samples     
====================================================================================================

----- common model:  b
Inclination fixed to 90 deg!
Computing planetary mass under the approximation M_planet << M_star (threshold at 30.0 Me)
a_Rs                    8.5847      -0.0052       0.0054    (15-84 p)
M_Mj                   0.01567     -0.00100      0.00100    (15-84 p)
M_Me                      4.98        -0.32         0.32    (15-84 p)
Tc                   59336.729       -0.060        0.063    (15-84 p)
a_AU_(M)              0.039940    -0.000024     0.000025    (15-84 p)
a_AU_(rho,R)          0.039940    -0.000024     0.000025    (15-84 p)


====================================================================================================
     ------------------------------------------------------------------------------------------     
====================================================================================================



450000.0   steps completed, average lnprob:,  476.8991402526876


Computing the autocorrelation time of the chains

***** WARNING ******
The integrated autocorrelation time cannot be reliably estimated
likely the chains are too short, and ACF analysis is not fully reliable
emcee.autocorr.integrated_time tolerance lowered to 20
If you still get a warning, you should drop these results entirely
Chains too short to apply convergence criteria
They should be at least 12250*nthin = 1837500

====================================================================================================
     Statistics on the posterior of the sampler parameters     
====================================================================================================

----- dataset:  RVdata
jitter_0         8         1.336       -0.059        0.064   (15-84 p)   [    0.0009,    13.3000]
offset_0         9           9.8         -3.6          4.1   (15-84 p)   [-9995.9140, 10015.5990]
offset_1        10          12.0         -3.6          4.1   (15-84 p)   [-9995.9140, 10015.5990]
offset_2        11          11.2         -3.6          4.1   (15-84 p)   [-9995.9140, 10015.5990]
offset_3        12          10.8         -3.6          4.1   (15-84 p)   [-9995.9140, 10015.5990]

----- dataset: RVdata                    ----- model: gp_multidimensional           
rot_amp         13           5.1         -3.3          3.2   (15-84 p)   [    0.0000,    10.0000]
con_amp         14          -5.2         -7.1          9.5   (15-84 p)   [  -20.0000,    20.0000]

----- dataset:  BISdata
jitter_0        15         1.903       -0.099         0.10   (15-84 p)   [    0.0095,    95.0000]
offset_0        16        -73.42        -0.88          1.2   (15-84 p)   [-10078.4667,  9962.7167]
offset_1        17         -43.5         -1.0          1.3   (15-84 p)   [-10078.4667,  9962.7167]
offset_2        18        -51.81        -0.88          1.2   (15-84 p)   [-10078.4667,  9962.7167]
offset_3        19        -59.40        -0.87          1.2   (15-84 p)   [-10078.4667,  9962.7167]

----- dataset: BISdata                   ----- model: gp_multidimensional           
rot_amp         20           0.8         -2.4          2.6   (15-84 p)   [  -10.0000,    10.0000]
con_amp         21          -1.1         -2.0          2.6   (15-84 p)   [  -20.0000,    20.0000]

----- dataset:  FWHMdata
jitter_0        22          0.65        -0.39         0.62   (15-84 p)   [    0.1043,  1733.9303]
offset_0        23        6693.6         -4.4          3.4   (15-84 p)   [-3316.4638, 16948.3677]
offset_1        24        6943.0         -5.0          4.2   (15-84 p)   [-3316.4638, 16948.3677]
offset_2        25        6857.9         -4.4          3.2   (15-84 p)   [-3316.4638, 16948.3677]
offset_3        26        6897.2         -4.6          3.6   (15-84 p)   [-3316.4638, 16948.3677]

----- dataset: FWHMdata                  ----- model: gp_multidimensional           
rot_amp         27          -1.2         -5.9          6.7   (15-84 p)   [  -10.0000,    10.0000]
con_amp         28           2.9         -9.1          7.3   (15-84 p)   [  -20.0000,    20.0000]

----- dataset:  CaIIdata
jitter_0        29       0.00026     -0.00016      0.00025   (15-84 p)   [    0.0000,     0.3000]
offset_0        30       0.10079     -0.00073      0.00096   (15-84 p)   [-9999.9063, 10000.1099]
offset_1        31        0.1045      -0.0010       0.0012   (15-84 p)   [-9999.9063, 10000.1099]
offset_2        32       0.10390     -0.00075      0.00097   (15-84 p)   [-9999.9063, 10000.1099]
offset_3        33       0.09961     -0.00075      0.00099   (15-84 p)   [-9999.9063, 10000.1099]

----- dataset: CaIIdata                  ----- model: gp_multidimensional           
rot_amp         34       -0.0029      -0.0053       0.0048   (15-84 p)   [  -10.0000,    10.0000]
con_amp         35       -0.0008      -0.0017       0.0016   (15-84 p)   [  -20.0000,    20.0000]

----- dataset:  Halphadata
jitter_0        36      0.000064    -0.000038     0.000061   (15-84 p)   [    0.0000,     0.1000]
offset_0        37       0.17205     -0.00021      0.00022   (15-84 p)   [-9999.8298, 10000.1791]
offset_1        38       0.17412     -0.00030      0.00030   (15-84 p)   [-9999.8298, 10000.1791]
offset_2        39       0.17503     -0.00021      0.00022   (15-84 p)   [-9999.8298, 10000.1791]
offset_3        40       0.17108     -0.00021      0.00022   (15-84 p)   [-9999.8298, 10000.1791]

----- dataset: Halphadata                ----- model: gp_multidimensional           
rot_amp         41       0.00016     -0.00094       0.0010   (15-84 p)   [  -10.0000,    10.0000]
con_amp         42      -0.00003     -0.00042      0.00042   (15-84 p)   [  -20.0000,    20.0000]

----- common model:  b
P                0        1.5437      -0.0013       0.0014   (15-84 p)   [    0.3785,     6.6439]
K                1         1.159       -0.095        0.089   (15-84 p)   [   -9.9658,     3.3219]
sre_coso         2         -0.12        -0.13         0.17   (15-84 p)   [   -1.0000,     1.0000]
sre_sino         3         -0.01        -0.15         0.16   (15-84 p)   [   -1.0000,     1.0000]
mean_long        4         202.7         -6.0          6.1   (15-84 p)   [   22.4943,   382.4943]

----- common model:  activity
Prot             5         27.01        -0.32         0.42   (15-84 p)   [   20.0000,    35.0000]
Pdec             6           156          -87          303   (15-84 p)   [   30.0000,  1000.0000]
Oamp             7         -1.41        -0.14         0.13   (15-84 p)   [   -6.6439,     0.0000]

----- common model:  star_parameters

====================================================================================================
     Statistics on the model parameters obtained from the posteriors samples     
====================================================================================================

----- dataset:  RVdata
jitter_0                 1.336       -0.059        0.064    (15-84 p)
offset_0                   9.8         -3.6          4.1    (15-84 p)
offset_1                  12.0         -3.6          4.1    (15-84 p)
offset_2                  11.2         -3.6          4.1    (15-84 p)
offset_3                  10.8         -3.6          4.1    (15-84 p)


----- dataset: RVdata                    ----- model: gp_multidimensional           
rot_amp                    5.1         -3.3          3.2    (15-84 p)
con_amp                   -5.2         -7.1          9.5    (15-84 p)

----- dataset:  BISdata
jitter_0                 1.903       -0.099         0.10    (15-84 p)
offset_0                -73.42        -0.88          1.2    (15-84 p)
offset_1                 -43.5         -1.0          1.3    (15-84 p)
offset_2                -51.81        -0.88          1.2    (15-84 p)
offset_3                -59.40        -0.87          1.2    (15-84 p)


----- dataset: BISdata                   ----- model: gp_multidimensional           
rot_amp                    0.8         -2.4          2.6    (15-84 p)
con_amp                   -1.1         -2.0          2.6    (15-84 p)

----- dataset:  FWHMdata
jitter_0                  0.65        -0.39         0.62    (15-84 p)
offset_0                6693.6         -4.4          3.4    (15-84 p)
offset_1                6943.0         -5.0          4.2    (15-84 p)
offset_2                6857.9         -4.4          3.2    (15-84 p)
offset_3                6897.2         -4.6          3.6    (15-84 p)


----- dataset: FWHMdata                  ----- model: gp_multidimensional           
rot_amp                   -1.2         -5.9          6.7    (15-84 p)
con_amp                    2.9         -9.1          7.3    (15-84 p)

----- dataset:  CaIIdata
jitter_0               0.00026     -0.00016      0.00025    (15-84 p)
offset_0               0.10079     -0.00073      0.00096    (15-84 p)
offset_1                0.1045      -0.0010       0.0012    (15-84 p)
offset_2               0.10390     -0.00075      0.00097    (15-84 p)
offset_3               0.09961     -0.00075      0.00099    (15-84 p)


----- dataset: CaIIdata                  ----- model: gp_multidimensional           
rot_amp                -0.0029      -0.0053       0.0048    (15-84 p)
con_amp                -0.0008      -0.0017       0.0016    (15-84 p)

----- dataset:  Halphadata
jitter_0              0.000064    -0.000038     0.000061    (15-84 p)
offset_0               0.17205     -0.00021      0.00022    (15-84 p)
offset_1               0.17412     -0.00030      0.00030    (15-84 p)
offset_2               0.17503     -0.00021      0.00022    (15-84 p)
offset_3               0.17108     -0.00021      0.00022    (15-84 p)


----- dataset: Halphadata                ----- model: gp_multidimensional           
rot_amp                0.00016     -0.00094       0.0010    (15-84 p)
con_amp               -0.00003     -0.00042      0.00042    (15-84 p)

----- common model:  b
P                       2.9155      -0.0027       0.0027    (15-84 p)
K                         2.23        -0.14         0.14    (15-84 p)
mean_long                202.7         -6.0          6.1    (15-84 p)
e                        0.045       -0.032        0.046    (15-84 p)
omega                      -24         -130          174    (15-84 p)

----- common model:  activity
Prot                     27.01        -0.32         0.42    (15-84 p)
Pdec                       156          -87          303    (15-84 p)
Oamp                     0.377       -0.035        0.035    (15-84 p)

----- common model:  star_parameters

====================================================================================================
     Statistics on the derived parameters obtained from the posteriors samples     
====================================================================================================

----- common model:  b
Inclination fixed to 90 deg!
Computing planetary mass under the approximation M_planet << M_star (threshold at 30.0 Me)
a_Rs                    8.5847      -0.0053       0.0054    (15-84 p)
M_Mj                   0.01566     -0.00100      0.00099    (15-84 p)
M_Me                      4.98        -0.32         0.32    (15-84 p)
Tc                   59336.729       -0.059        0.064    (15-84 p)
a_AU_(M)              0.039940    -0.000024     0.000025    (15-84 p)
a_AU_(rho,R)          0.039940    -0.000024     0.000025    (15-84 p)


====================================================================================================
     ------------------------------------------------------------------------------------------     
====================================================================================================



600000.0   steps completed, average lnprob:,  477.57906515901004


emcee completed


:::---::: PyORBIT v10.11.2 :::---:::

Python version in use:
3.10.18 (main, Jun  5 2025, 13:14:17) [GCC 11.2.0]
LaTeX disabled by default

Using orbital model:  keplerian
Using orbital parametrization:  Eastman2013

gp_multidimensional  S+LEAF model, number of harmonics: 4

GP model: gp_multidimensional  hyperparameters_condition:    True
GP model: gp_multidimensional  rotation_decay_condition:     True

### PyORBIT version used in the analysis:  10.11.2

 emcee version:  3.1.6

 Reference Time Tref: 59334.700184

 Data points:1435
 Dimensions: 43
 Nwalkers:   172
 Steps:      600000


Number of samplings: 516000


Recomputing ln-prior, it may take a while...

ln-probability   distribution:    476.12       -7.16      7.28 (15-84 p) 
ln-prior         distribution:   -266.79       -1.86      1.44 (15-84 p) 
ln-likelihood    distribution:    743.15       -7.14      7.20 (15-84 p) 


*** Information criteria using the likelihood distribution

 BIC from distribution  (using likelihood)  =  -1173.74    -14.40   14.27 (15-84 p)
 AIC from distribution  (using likelihood)  =  -1400.31    -14.40   14.27 (15-84 p)
 AICc from distribution (using likelihood)  =  -1397.59    -14.40   14.27 (15-84 p)


*** Information criteria using the median parameter set

 ln_probability of Median solution =    497.49
 ln_priors of Median solution      =   -266.18
 ln_likelihood of Median solution  =    763.67

 Median BIC  (using likelihood) =  -1214.79
 Median AIC  (using likelihood) =  -1441.35
 Median AICc (using likelihood) =  -1438.63


*** Information criteria using the MAP parameter set

 ln_probability of MAP solution =    499.65
 ln_priors of MAP solution      =   -264.75
 ln_likelihood of MAP solution  =    764.41

 MAP BIC  (using likelihood)    =  -1216.25
 MAP AIC  (using likelihood)    =  -1442.82
 MAP AICc (using likelihood)    =  -1440.10

 AICc suggested over AIC because NDATA ( 1435 ) < 40 * NDIM ( 43 )

****************************************************************************************************


Computing the autocorrelation time of the chains

***** WARNING ******
The integrated autocorrelation time cannot be reliably estimated
likely the chains are too short, and ACF analysis is not fully reliable
emcee.autocorr.integrated_time tolerance lowered to 20
If you still get a warning, you should drop these results entirely
Chains too short to apply convergence criteria
They should be at least 12250*nthin = 1837500

 ACF computation failed, no plot will be generated 


====================================================================================================
     Ids, spaces (s), boundaries (b) and priors (p) of the sampler parameters     
====================================================================================================

----- dataset:  RVdata
jitter_0      id:   8  s:Linear      b:[      0.0009,      13.3000]   p:Uniform   []
offset_0      id:   9  s:Linear      b:[  -9995.9140,   10015.5990]   p:Uniform   []
offset_1      id:  10  s:Linear      b:[  -9995.9140,   10015.5990]   p:Uniform   []
offset_2      id:  11  s:Linear      b:[  -9995.9140,   10015.5990]   p:Uniform   []
offset_3      id:  12  s:Linear      b:[  -9995.9140,   10015.5990]   p:Uniform   []

----- dataset: RVdata                    ----- model: gp_multidimensional           
rot_amp       id:  13  s:Linear      b:[      0.0000,      10.0000]   p:Uniform   []
con_amp       id:  14  s:Linear      b:[    -20.0000,      20.0000]   p:Uniform   []

----- dataset:  BISdata
jitter_0      id:  15  s:Linear      b:[      0.0095,      95.0000]   p:Uniform   []
offset_0      id:  16  s:Linear      b:[ -10078.4667,    9962.7167]   p:Uniform   []
offset_1      id:  17  s:Linear      b:[ -10078.4667,    9962.7167]   p:Uniform   []
offset_2      id:  18  s:Linear      b:[ -10078.4667,    9962.7167]   p:Uniform   []
offset_3      id:  19  s:Linear      b:[ -10078.4667,    9962.7167]   p:Uniform   []

----- dataset: BISdata                   ----- model: gp_multidimensional           
rot_amp       id:  20  s:Linear      b:[    -10.0000,      10.0000]   p:Uniform   []
con_amp       id:  21  s:Linear      b:[    -20.0000,      20.0000]   p:Uniform   []

----- dataset:  FWHMdata
jitter_0      id:  22  s:Linear      b:[      0.1043,    1733.9303]   p:Uniform   []
offset_0      id:  23  s:Linear      b:[  -3316.4638,   16948.3677]   p:Uniform   []
offset_1      id:  24  s:Linear      b:[  -3316.4638,   16948.3677]   p:Uniform   []
offset_2      id:  25  s:Linear      b:[  -3316.4638,   16948.3677]   p:Uniform   []
offset_3      id:  26  s:Linear      b:[  -3316.4638,   16948.3677]   p:Uniform   []

----- dataset: FWHMdata                  ----- model: gp_multidimensional           
rot_amp       id:  27  s:Linear      b:[    -10.0000,      10.0000]   p:Uniform   []
con_amp       id:  28  s:Linear      b:[    -20.0000,      20.0000]   p:Uniform   []

----- dataset:  CaIIdata
jitter_0      id:  29  s:Linear      b:[      0.0000,       0.3000]   p:Uniform   []
offset_0      id:  30  s:Linear      b:[  -9999.9063,   10000.1099]   p:Uniform   []
offset_1      id:  31  s:Linear      b:[  -9999.9063,   10000.1099]   p:Uniform   []
offset_2      id:  32  s:Linear      b:[  -9999.9063,   10000.1099]   p:Uniform   []
offset_3      id:  33  s:Linear      b:[  -9999.9063,   10000.1099]   p:Uniform   []

----- dataset: CaIIdata                  ----- model: gp_multidimensional           
rot_amp       id:  34  s:Linear      b:[    -10.0000,      10.0000]   p:Uniform   []
con_amp       id:  35  s:Linear      b:[    -20.0000,      20.0000]   p:Uniform   []

----- dataset:  Halphadata
jitter_0      id:  36  s:Linear      b:[      0.0000,       0.1000]   p:Uniform   []
offset_0      id:  37  s:Linear      b:[  -9999.8298,   10000.1791]   p:Uniform   []
offset_1      id:  38  s:Linear      b:[  -9999.8298,   10000.1791]   p:Uniform   []
offset_2      id:  39  s:Linear      b:[  -9999.8298,   10000.1791]   p:Uniform   []
offset_3      id:  40  s:Linear      b:[  -9999.8298,   10000.1791]   p:Uniform   []

----- dataset: Halphadata                ----- model: gp_multidimensional           
rot_amp       id:  41  s:Linear      b:[    -10.0000,      10.0000]   p:Uniform   []
con_amp       id:  42  s:Linear      b:[    -20.0000,      20.0000]   p:Uniform   []

----- common model:  b
P             id:   0  s:Log_Base2   b:[      0.3785,       6.6439]   p:Uniform   []
K             id:   1  s:Log_Base2   b:[     -9.9658,       3.3219]   p:Uniform   []
sre_coso      id:   2  s:Linear      b:[     -1.0000,       1.0000]   p:Uniform   []
sre_sino      id:   3  s:Linear      b:[     -1.0000,       1.0000]   p:Uniform   []
mean_long     id:   4  s:Linear      b:[     22.4943,     382.4943]   p:Uniform   []
e             derived (no id, space, bound)                           p:Gaussian   [0.    0.098]
omega         derived (no id, space, bound)                           p:Uniform   [0.0, 360.0]

----- common model:  activity
Prot          id:   5  s:Linear      b:[     20.0000,      35.0000]   p:Gaussian   [28.   0.5]
Pdec          id:   6  s:Linear      b:[     30.0000,    1000.0000]   p:Uniform   []
Oamp          id:   7  s:Log_Base2   b:[     -6.6439,       0.0000]   p:Gaussian   [0.35  0.035]

----- common model:  star_parameters
mass          derived (no id, space, bound)                           p:Gaussian   [1.e+00 1.e-06]
radius        derived (no id, space, bound)                           p:Gaussian   [1.e+00 1.e-06]
density       derived (no id, space, bound)                           p:Gaussian   [1.e+00 1.e-06]


****************************************************************************************************
****************************************************************************************************

 Confidence intervals (median value, 34.135th percentile from the median on the left and right side)

====================================================================================================
     Statistics on the posterior of the sampler parameters     
====================================================================================================

----- dataset:  RVdata
jitter_0         8         1.336       -0.059        0.064   (15-84 p)   [    0.0009,    13.3000]
offset_0         9           9.8         -3.6          4.1   (15-84 p)   [-9995.9140, 10015.5990]
offset_1        10          12.0         -3.6          4.1   (15-84 p)   [-9995.9140, 10015.5990]
offset_2        11          11.2         -3.6          4.1   (15-84 p)   [-9995.9140, 10015.5990]
offset_3        12          10.8         -3.6          4.1   (15-84 p)   [-9995.9140, 10015.5990]

----- dataset: RVdata                    ----- model: gp_multidimensional           
rot_amp         13           5.1         -3.3          3.2   (15-84 p)   [    0.0000,    10.0000]
con_amp         14          -5.2         -7.1          9.5   (15-84 p)   [  -20.0000,    20.0000]

----- dataset:  BISdata
jitter_0        15         1.903       -0.099         0.10   (15-84 p)   [    0.0095,    95.0000]
offset_0        16        -73.42        -0.88          1.2   (15-84 p)   [-10078.4667,  9962.7167]
offset_1        17         -43.5         -1.0          1.3   (15-84 p)   [-10078.4667,  9962.7167]
offset_2        18        -51.81        -0.88          1.2   (15-84 p)   [-10078.4667,  9962.7167]
offset_3        19        -59.40        -0.87          1.2   (15-84 p)   [-10078.4667,  9962.7167]

----- dataset: BISdata                   ----- model: gp_multidimensional           
rot_amp         20           0.8         -2.4          2.6   (15-84 p)   [  -10.0000,    10.0000]
con_amp         21          -1.1         -2.0          2.6   (15-84 p)   [  -20.0000,    20.0000]

----- dataset:  FWHMdata
jitter_0        22          0.65        -0.39         0.62   (15-84 p)   [    0.1043,  1733.9303]
offset_0        23        6693.6         -4.4          3.4   (15-84 p)   [-3316.4638, 16948.3677]
offset_1        24        6943.0         -5.0          4.2   (15-84 p)   [-3316.4638, 16948.3677]
offset_2        25        6857.9         -4.4          3.2   (15-84 p)   [-3316.4638, 16948.3677]
offset_3        26        6897.2         -4.6          3.6   (15-84 p)   [-3316.4638, 16948.3677]

----- dataset: FWHMdata                  ----- model: gp_multidimensional           
rot_amp         27          -1.2         -5.9          6.7   (15-84 p)   [  -10.0000,    10.0000]
con_amp         28           2.9         -9.1          7.3   (15-84 p)   [  -20.0000,    20.0000]

----- dataset:  CaIIdata
jitter_0        29       0.00026     -0.00016      0.00025   (15-84 p)   [    0.0000,     0.3000]
offset_0        30       0.10079     -0.00073      0.00096   (15-84 p)   [-9999.9063, 10000.1099]
offset_1        31        0.1045      -0.0010       0.0012   (15-84 p)   [-9999.9063, 10000.1099]
offset_2        32       0.10390     -0.00075      0.00097   (15-84 p)   [-9999.9063, 10000.1099]
offset_3        33       0.09961     -0.00075      0.00099   (15-84 p)   [-9999.9063, 10000.1099]

----- dataset: CaIIdata                  ----- model: gp_multidimensional           
rot_amp         34       -0.0029      -0.0053       0.0048   (15-84 p)   [  -10.0000,    10.0000]
con_amp         35       -0.0008      -0.0017       0.0016   (15-84 p)   [  -20.0000,    20.0000]

----- dataset:  Halphadata
jitter_0        36      0.000064    -0.000038     0.000061   (15-84 p)   [    0.0000,     0.1000]
offset_0        37       0.17205     -0.00021      0.00022   (15-84 p)   [-9999.8298, 10000.1791]
offset_1        38       0.17412     -0.00030      0.00030   (15-84 p)   [-9999.8298, 10000.1791]
offset_2        39       0.17503     -0.00021      0.00022   (15-84 p)   [-9999.8298, 10000.1791]
offset_3        40       0.17108     -0.00021      0.00022   (15-84 p)   [-9999.8298, 10000.1791]

----- dataset: Halphadata                ----- model: gp_multidimensional           
rot_amp         41       0.00016     -0.00094       0.0010   (15-84 p)   [  -10.0000,    10.0000]
con_amp         42      -0.00003     -0.00042      0.00042   (15-84 p)   [  -20.0000,    20.0000]

----- common model:  b
P                0        1.5437      -0.0013       0.0014   (15-84 p)   [    0.3785,     6.6439]
K                1         1.159       -0.095        0.089   (15-84 p)   [   -9.9658,     3.3219]
sre_coso         2         -0.12        -0.13         0.17   (15-84 p)   [   -1.0000,     1.0000]
sre_sino         3         -0.01        -0.15         0.16   (15-84 p)   [   -1.0000,     1.0000]
mean_long        4         202.7         -6.0          6.1   (15-84 p)   [   22.4943,   382.4943]

----- common model:  activity
Prot             5         27.01        -0.32         0.42   (15-84 p)   [   20.0000,    35.0000]
Pdec             6           156          -87          303   (15-84 p)   [   30.0000,  1000.0000]
Oamp             7         -1.41        -0.14         0.13   (15-84 p)   [   -6.6439,     0.0000]

----- common model:  star_parameters

====================================================================================================
     Statistics on the model parameters obtained from the posteriors samples     
====================================================================================================

----- dataset:  RVdata
jitter_0                 1.336       -0.059        0.064    (15-84 p)
offset_0                   9.8         -3.6          4.1    (15-84 p)
offset_1                  12.0         -3.6          4.1    (15-84 p)
offset_2                  11.2         -3.6          4.1    (15-84 p)
offset_3                  10.8         -3.6          4.1    (15-84 p)


----- dataset: RVdata                    ----- model: gp_multidimensional           
rot_amp                    5.1         -3.3          3.2    (15-84 p)
con_amp                   -5.2         -7.1          9.5    (15-84 p)

----- dataset:  BISdata
jitter_0                 1.903       -0.099         0.10    (15-84 p)
offset_0                -73.42        -0.88          1.2    (15-84 p)
offset_1                 -43.5         -1.0          1.3    (15-84 p)
offset_2                -51.81        -0.88          1.2    (15-84 p)
offset_3                -59.40        -0.87          1.2    (15-84 p)


----- dataset: BISdata                   ----- model: gp_multidimensional           
rot_amp                    0.8         -2.4          2.6    (15-84 p)
con_amp                   -1.1         -2.0          2.6    (15-84 p)

----- dataset:  FWHMdata
jitter_0                  0.65        -0.39         0.62    (15-84 p)
offset_0                6693.6         -4.4          3.4    (15-84 p)
offset_1                6943.0         -5.0          4.2    (15-84 p)
offset_2                6857.9         -4.4          3.2    (15-84 p)
offset_3                6897.2         -4.6          3.6    (15-84 p)


----- dataset: FWHMdata                  ----- model: gp_multidimensional           
rot_amp                   -1.2         -5.9          6.7    (15-84 p)
con_amp                    2.9         -9.1          7.3    (15-84 p)

----- dataset:  CaIIdata
jitter_0               0.00026     -0.00016      0.00025    (15-84 p)
offset_0               0.10079     -0.00073      0.00096    (15-84 p)
offset_1                0.1045      -0.0010       0.0012    (15-84 p)
offset_2               0.10390     -0.00075      0.00097    (15-84 p)
offset_3               0.09961     -0.00075      0.00099    (15-84 p)


----- dataset: CaIIdata                  ----- model: gp_multidimensional           
rot_amp                -0.0029      -0.0053       0.0048    (15-84 p)
con_amp                -0.0008      -0.0017       0.0016    (15-84 p)

----- dataset:  Halphadata
jitter_0              0.000064    -0.000038     0.000061    (15-84 p)
offset_0               0.17205     -0.00021      0.00022    (15-84 p)
offset_1               0.17412     -0.00030      0.00030    (15-84 p)
offset_2               0.17503     -0.00021      0.00022    (15-84 p)
offset_3               0.17108     -0.00021      0.00022    (15-84 p)


----- dataset: Halphadata                ----- model: gp_multidimensional           
rot_amp                0.00016     -0.00094       0.0010    (15-84 p)
con_amp               -0.00003     -0.00042      0.00042    (15-84 p)

----- common model:  b
P                       2.9155      -0.0027       0.0027    (15-84 p)
K                         2.23        -0.14         0.14    (15-84 p)
mean_long                202.7         -6.0          6.1    (15-84 p)
e                        0.045       -0.032        0.046    (15-84 p)
omega                      173          -98           61    (15-84 p)

----- common model:  activity
Prot                     27.01        -0.32         0.42    (15-84 p)
Pdec                       156          -87          303    (15-84 p)
Oamp                     0.377       -0.035        0.035    (15-84 p)

----- common model:  star_parameters

====================================================================================================
     Statistics on the derived parameters obtained from the posteriors samples     
====================================================================================================

----- common model:  b
Inclination fixed to 90 deg!
Computing planetary mass under the approximation M_planet << M_star (threshold at 30.0 Me)
a_Rs                    8.5847      -0.0053       0.0054    (15-84 p)
M_Mj                   0.01566     -0.00100      0.00099    (15-84 p)
M_Me                      4.98        -0.32         0.32    (15-84 p)
Tc                   59336.729       -0.059        0.064    (15-84 p)
a_AU_(M)              0.039940    -0.000024     0.000025    (15-84 p)
a_AU_(rho,R)          0.039940    -0.000024     0.000025    (15-84 p)


====================================================================================================
     ------------------------------------------------------------------------------------------     
====================================================================================================



****************************************************************************************************

 Parameters corresponding to the Maximum a Posteriori probability ( 499.6542390110372 )

====================================================================================================
     Statistics on the posterior of the sampler parameters     
====================================================================================================

----- dataset:  RVdata
jitter_0         8      1.370138 [    0.0009,    13.3000]
offset_0         9      8.951584 [-9995.9140, 10015.5990]
offset_1        10     11.461390 [-9995.9140, 10015.5990]
offset_2        11     10.446370 [-9995.9140, 10015.5990]
offset_3        12     10.089029 [-9995.9140, 10015.5990]

----- dataset: RVdata                    ----- model: gp_multidimensional           
rot_amp         13      5.204786 [    0.0000,    10.0000]
con_amp         14     -1.994389 [  -20.0000,    20.0000]

----- dataset:  BISdata
jitter_0        15      1.865906 [    0.0095,    95.0000]
offset_0        16    -73.782951 [-10078.4667,  9962.7167]
offset_1        17    -43.517091 [-10078.4667,  9962.7167]
offset_2        18    -51.950808 [-10078.4667,  9962.7167]
offset_3        19    -59.534546 [-10078.4667,  9962.7167]

----- dataset: BISdata                   ----- model: gp_multidimensional           
rot_amp         20     -0.322883 [  -10.0000,    10.0000]
con_amp         21     -0.600836 [  -20.0000,    20.0000]

----- dataset:  FWHMdata
jitter_0        22      0.226348 [    0.1043,  1733.9303]
offset_0        23   6694.602446 [-3316.4638, 16948.3677]
offset_1        24   6943.759707 [-3316.4638, 16948.3677]
offset_2        25   6858.614247 [-3316.4638, 16948.3677]
offset_3        26   6899.174957 [-3316.4638, 16948.3677]

----- dataset: FWHMdata                  ----- model: gp_multidimensional           
rot_amp         27     -1.412342 [  -10.0000,    10.0000]
con_amp         28      1.930073 [  -20.0000,    20.0000]

----- dataset:  CaIIdata
jitter_0        29      0.000188 [    0.0000,     0.3000]
offset_0        30      0.100685 [-9999.9063, 10000.1099]
offset_1        31      0.104400 [-9999.9063, 10000.1099]
offset_2        32      0.104063 [-9999.9063, 10000.1099]
offset_3        33      0.099798 [-9999.9063, 10000.1099]

----- dataset: CaIIdata                  ----- model: gp_multidimensional           
rot_amp         34     -0.002833 [  -10.0000,    10.0000]
con_amp         35     -0.000775 [  -20.0000,    20.0000]

----- dataset:  Halphadata
jitter_0        36      0.000027 [    0.0000,     0.1000]
offset_0        37      0.171969 [-9999.8298, 10000.1791]
offset_1        38      0.174081 [-9999.8298, 10000.1791]
offset_2        39      0.174890 [-9999.8298, 10000.1791]
offset_3        40      0.171068 [-9999.8298, 10000.1791]

----- dataset: Halphadata                ----- model: gp_multidimensional           
rot_amp         41     -0.000231 [  -10.0000,    10.0000]
con_amp         42     -0.000033 [  -20.0000,    20.0000]

----- common model:  b
P                0      1.543485 [    0.3785,     6.6439]
K                1      1.251975 [   -9.9658,     3.3219]
sre_coso         2     -0.102138 [   -1.0000,     1.0000]
sre_sino         3      0.180757 [   -1.0000,     1.0000]
mean_long        4    200.898261 [   22.4943,   382.4943]

----- common model:  activity
Prot             5     27.387560 [   20.0000,    35.0000]
Pdec             6     54.964213 [   30.0000,  1000.0000]
Oamp             7     -1.487022 [   -6.6439,     0.0000]

----- common model:  star_parameters

====================================================================================================
     Statistics on the model parameters obtained from the posteriors samples     
====================================================================================================

----- dataset:  RVdata
jitter_0              1.370138 
offset_0              8.951584 
offset_1             11.461390 
offset_2             10.446370 
offset_3             10.089029 


----- dataset: RVdata                    ----- model: gp_multidimensional           
rot_amp               5.204786 
con_amp              -1.994389 

----- dataset:  BISdata
jitter_0              1.865906 
offset_0            -73.782951 
offset_1            -43.517091 
offset_2            -51.950808 
offset_3            -59.534546 


----- dataset: BISdata                   ----- model: gp_multidimensional           
rot_amp              -0.322883 
con_amp              -0.600836 

----- dataset:  FWHMdata
jitter_0              0.226348 
offset_0           6694.602446 
offset_1           6943.759707 
offset_2           6858.614247 
offset_3           6899.174957 


----- dataset: FWHMdata                  ----- model: gp_multidimensional           
rot_amp              -1.412342 
con_amp               1.930073 

----- dataset:  CaIIdata
jitter_0              0.000188 
offset_0              0.100685 
offset_1              0.104400 
offset_2              0.104063 
offset_3              0.099798 


----- dataset: CaIIdata                  ----- model: gp_multidimensional           
rot_amp              -0.002833 
con_amp              -0.000775 

----- dataset:  Halphadata
jitter_0              0.000027 
offset_0              0.171969 
offset_1              0.174081 
offset_2              0.174890 
offset_3              0.171068 


----- dataset: Halphadata                ----- model: gp_multidimensional           
rot_amp              -0.000231 
con_amp              -0.000033 

----- common model:  b
P                     2.914978 
K                     2.381672 
mean_long           200.898261 
e                     0.043105 
omega               119.468879 

----- common model:  activity
Prot                 27.387560 
Pdec                 54.964213 
Oamp                  0.356748 

----- common model:  star_parameters

====================================================================================================
     Statistics on the derived parameters obtained from the posteriors samples     
====================================================================================================

----- common model:  b
Inclination fixed to 90 deg!
a_Rs                  8.583674 
M_Mj                  0.016721 
M_Me                  5.315492 
Tc                59336.736335 
a_AU_(M)              0.039936 
a_AU_(rho,R)          0.039935 


====================================================================================================
     ------------------------------------------------------------------------------------------     
====================================================================================================



****************************************************************************************************

 Parameters corresponding to the sample closest to the median values ( 490.6343025414188 )

====================================================================================================
     Statistics on the posterior of the sampler parameters     
====================================================================================================

----- dataset:  RVdata
jitter_0         8      1.388122 [    0.0009,    13.3000]
offset_0         9      9.719560 [-9995.9140, 10015.5990]
offset_1        10     11.811404 [-9995.9140, 10015.5990]
offset_2        11     11.036455 [-9995.9140, 10015.5990]
offset_3        12     10.951924 [-9995.9140, 10015.5990]

----- dataset: RVdata                    ----- model: gp_multidimensional           
rot_amp         13      5.405767 [    0.0000,    10.0000]
con_amp         14     -3.503369 [  -20.0000,    20.0000]

----- dataset:  BISdata
jitter_0        15      1.866883 [    0.0095,    95.0000]
offset_0        16    -73.175246 [-10078.4667,  9962.7167]
offset_1        17    -43.067980 [-10078.4667,  9962.7167]
offset_2        18    -51.623769 [-10078.4667,  9962.7167]
offset_3        19    -59.450225 [-10078.4667,  9962.7167]

----- dataset: BISdata                   ----- model: gp_multidimensional           
rot_amp         20      2.167670 [  -10.0000,    10.0000]
con_amp         21     -1.455814 [  -20.0000,    20.0000]

----- dataset:  FWHMdata
jitter_0        22      0.344336 [    0.1043,  1733.9303]
offset_0        23   6692.791377 [-3316.4638, 16948.3677]
offset_1        24   6942.113869 [-3316.4638, 16948.3677]
offset_2        25   6857.517054 [-3316.4638, 16948.3677]
offset_3        26   6897.602719 [-3316.4638, 16948.3677]

----- dataset: FWHMdata                  ----- model: gp_multidimensional           
rot_amp         27     -2.825892 [  -10.0000,    10.0000]
con_amp         28      4.380847 [  -20.0000,    20.0000]

----- dataset:  CaIIdata
jitter_0        29      0.000174 [    0.0000,     0.3000]
offset_0        30      0.100790 [-9999.9063, 10000.1099]
offset_1        31      0.104220 [-9999.9063, 10000.1099]
offset_2        32      0.104031 [-9999.9063, 10000.1099]
offset_3        33      0.099592 [-9999.9063, 10000.1099]

----- dataset: CaIIdata                  ----- model: gp_multidimensional           
rot_amp         34     -0.003044 [  -10.0000,    10.0000]
con_amp         35     -0.000846 [  -20.0000,    20.0000]

----- dataset:  Halphadata
jitter_0        36      0.000045 [    0.0000,     0.1000]
offset_0        37      0.172185 [-9999.8298, 10000.1791]
offset_1        38      0.173868 [-9999.8298, 10000.1791]
offset_2        39      0.175051 [-9999.8298, 10000.1791]
offset_3        40      0.171043 [-9999.8298, 10000.1791]

----- dataset: Halphadata                ----- model: gp_multidimensional           
rot_amp         41      0.000732 [  -10.0000,    10.0000]
con_amp         42      0.000080 [  -20.0000,    20.0000]

----- common model:  b
P                0      1.544217 [    0.3785,     6.6439]
K                1      1.121316 [   -9.9658,     3.3219]
sre_coso         2     -0.154807 [   -1.0000,     1.0000]
sre_sino         3     -0.010037 [   -1.0000,     1.0000]
mean_long        4    202.792062 [   22.4943,   382.4943]

----- common model:  activity
Prot             5     26.874361 [   20.0000,    35.0000]
Pdec             6    203.169280 [   30.0000,  1000.0000]
Oamp             7     -1.414066 [   -6.6439,     0.0000]

----- common model:  star_parameters

====================================================================================================
     Statistics on the model parameters obtained from the posteriors samples     
====================================================================================================

----- dataset:  RVdata
jitter_0              1.388122 
offset_0              9.719560 
offset_1             11.811404 
offset_2             11.036455 
offset_3             10.951924 


----- dataset: RVdata                    ----- model: gp_multidimensional           
rot_amp               5.405767 
con_amp              -3.503369 

----- dataset:  BISdata
jitter_0              1.866883 
offset_0            -73.175246 
offset_1            -43.067980 
offset_2            -51.623769 
offset_3            -59.450225 


----- dataset: BISdata                   ----- model: gp_multidimensional           
rot_amp               2.167670 
con_amp              -1.455814 

----- dataset:  FWHMdata
jitter_0              0.344336 
offset_0           6692.791377 
offset_1           6942.113869 
offset_2           6857.517054 
offset_3           6897.602719 


----- dataset: FWHMdata                  ----- model: gp_multidimensional           
rot_amp              -2.825892 
con_amp               4.380847 

----- dataset:  CaIIdata
jitter_0              0.000174 
offset_0              0.100790 
offset_1              0.104220 
offset_2              0.104031 
offset_3              0.099592 


----- dataset: CaIIdata                  ----- model: gp_multidimensional           
rot_amp              -0.003044 
con_amp              -0.000846 

----- dataset:  Halphadata
jitter_0              0.000045 
offset_0              0.172185 
offset_1              0.173868 
offset_2              0.175051 
offset_3              0.171043 


----- dataset: Halphadata                ----- model: gp_multidimensional           
rot_amp               0.000732 
con_amp               0.000080 

----- common model:  b
P                     2.916457 
K                     2.175453 
mean_long           202.792062 
e                     0.024066 
omega              -176.290496 

----- common model:  activity
Prot                 26.874361 
Pdec                203.169280 
Oamp                  0.375253 

----- common model:  star_parameters

====================================================================================================
     Statistics on the derived parameters obtained from the posteriors samples     
====================================================================================================

----- common model:  b
Inclination fixed to 90 deg!
a_Rs                  8.586565 
M_Mj                  0.015286 
M_Me                  4.859173 
Tc                59336.725201 
a_AU_(M)              0.039949 
a_AU_(rho,R)          0.039949 


====================================================================================================
     ------------------------------------------------------------------------------------------     
====================================================================================================



****************************************************************************************************

Inclination fixed to 90 deg!
Note: stellar density derived from stellar mass and radius

Inclination fixed to 90 deg!
Inclination fixed to 90 deg!
 Plot FLAT chain 

****************************************************************************************************

Plotting full_correlation plot with pygtc

****************************************************************************************************

 Plotting the chains... 

****************************************************************************************************

 Plotting the Gelman-Rubin traces... 

     Gelman-Rubin:     8     1.004529 RVdata_jitter_0 
     Gelman-Rubin:     9     1.027123 RVdata_offset_0 
     Gelman-Rubin:    10     1.027054 RVdata_offset_1 
     Gelman-Rubin:    11     1.027175 RVdata_offset_2 
     Gelman-Rubin:    12     1.027240 RVdata_offset_3 
     Gelman-Rubin:    13     1.005076 RVdata_gp_multidimensional_rot_amp 
     Gelman-Rubin:    14     1.252952 RVdata_gp_multidimensional_con_amp 
     Gelman-Rubin:    15     1.003626 BISdata_jitter_0 
     Gelman-Rubin:    16     1.023294 BISdata_offset_0 
     Gelman-Rubin:    17     1.021953 BISdata_offset_1 
     Gelman-Rubin:    18     1.022767 BISdata_offset_2 
     Gelman-Rubin:    19     1.022855 BISdata_offset_3 
     Gelman-Rubin:    20     1.030597 BISdata_gp_multidimensional_rot_amp 
     Gelman-Rubin:    21     1.195796 BISdata_gp_multidimensional_con_amp 
     Gelman-Rubin:    22     1.004087 FWHMdata_jitter_0 
     Gelman-Rubin:    23     1.016517 FWHMdata_offset_0 
     Gelman-Rubin:    24     1.015822 FWHMdata_offset_1 
     Gelman-Rubin:    25     1.017556 FWHMdata_offset_2 
     Gelman-Rubin:    26     1.016172 FWHMdata_offset_3 
     Gelman-Rubin:    27     1.013330 FWHMdata_gp_multidimensional_rot_amp 
     Gelman-Rubin:    28     1.145204 FWHMdata_gp_multidimensional_con_amp 
     Gelman-Rubin:    29     1.004712 CaIIdata_jitter_0 
     Gelman-Rubin:    30     1.015342 CaIIdata_offset_0 
     Gelman-Rubin:    31     1.015581 CaIIdata_offset_1 
     Gelman-Rubin:    32     1.015807 CaIIdata_offset_2 
     Gelman-Rubin:    33     1.015567 CaIIdata_offset_3 
     Gelman-Rubin:    34     1.136767 CaIIdata_gp_multidimensional_rot_amp 
     Gelman-Rubin:    35     1.054976 CaIIdata_gp_multidimensional_con_amp 
     Gelman-Rubin:    36     1.004417 Halphadata_jitter_0 
     Gelman-Rubin:    37     1.023490 Halphadata_offset_0 
     Gelman-Rubin:    38     1.018024 Halphadata_offset_1 
     Gelman-Rubin:    39     1.023660 Halphadata_offset_2 
     Gelman-Rubin:    40     1.021818 Halphadata_offset_3 
     Gelman-Rubin:    41     1.007363 Halphadata_gp_multidimensional_rot_amp 
     Gelman-Rubin:    42     1.015995 Halphadata_gp_multidimensional_con_amp 
     Gelman-Rubin:     0     1.003308 b_P 
     Gelman-Rubin:     1     1.003424 b_K 
     Gelman-Rubin:     2     1.004631 b_sre_coso 
     Gelman-Rubin:     3     1.003643 b_sre_sino 
     Gelman-Rubin:     4     1.003164 b_mean_long 
     Gelman-Rubin:     5     1.006552 activity_Prot 
     Gelman-Rubin:     6     1.014449 activity_Pdec 
     Gelman-Rubin:     7     1.004825 activity_Oamp 

****************************************************************************************************

Plotting the common models corner plots
     Common model:  b
     Common model:  activity
     Common model:  star_parameters

****************************************************************************************************

Plotting the dataset + models corner plots 

     Dataset:  RVdata     model:  gp_multidimensional  corner plot  starting 
     Dataset:  RVdata     model:  gp_multidimensional  corner plot  done 
     Dataset:  RVdata     model:  radial_velocities_b  corner plot  starting 
     Dataset:  RVdata     model:  radial_velocities_b  corner plot  done 
     Dataset:  BISdata     model:  gp_multidimensional  corner plot  starting 
     Dataset:  BISdata     model:  gp_multidimensional  corner plot  done 
     Dataset:  FWHMdata     model:  gp_multidimensional  corner plot  starting 
     Dataset:  FWHMdata     model:  gp_multidimensional  corner plot  done 
     Dataset:  CaIIdata     model:  gp_multidimensional  corner plot  starting 
     Dataset:  CaIIdata     model:  gp_multidimensional  corner plot  done 
     Dataset:  Halphadata     model:  gp_multidimensional  corner plot  starting 
     Dataset:  Halphadata     model:  gp_multidimensional  corner plot  done 

****************************************************************************************************

 Saving the planet parameter samplings to files (with plots)

****************************************************************************************************

 Saving all the parameter samplings to files (with plots)

****************************************************************************************************

 Computing the models for plot/data writing 
     Splitting the plot array to allow GP prediction of extended datasets, it may take a while...
     # 58 chunks of 100 times each
     Check the documentation if the code is taking too long or if it crashes...
     Splitting the plot array to allow GP prediction of extended datasets, it may take a while...
     # 35 chunks of 100 times each
     Check the documentation if the code is taking too long or if it crashes...
     Splitting the plot array to allow GP prediction of extended datasets, it may take a while...
     # 35 chunks of 100 times each
     Check the documentation if the code is taking too long or if it crashes...
     Splitting the plot array to allow GP prediction of extended datasets, it may take a while...
     # 35 chunks of 100 times each
     Check the documentation if the code is taking too long or if it crashes...
     Splitting the plot array to allow GP prediction of extended datasets, it may take a while...
     # 35 chunks of 100 times each
     Check the documentation if the code is taking too long or if it crashes...
     Splitting the plot array to allow GP prediction of extended datasets, it may take a while...
     # 58 chunks of 100 times each
     Check the documentation if the code is taking too long or if it crashes...
     Splitting the plot array to allow GP prediction of extended datasets, it may take a while...
     # 35 chunks of 100 times each
     Check the documentation if the code is taking too long or if it crashes...
     Splitting the plot array to allow GP prediction of extended datasets, it may take a while...
     # 35 chunks of 100 times each
     Check the documentation if the code is taking too long or if it crashes...
     Splitting the plot array to allow GP prediction of extended datasets, it may take a while...
     # 35 chunks of 100 times each
     Check the documentation if the code is taking too long or if it crashes...
     Splitting the plot array to allow GP prediction of extended datasets, it may take a while...
     # 35 chunks of 100 times each
     Check the documentation if the code is taking too long or if it crashes...
     Splitting the plot array to allow GP prediction of extended datasets, it may take a while...
     # 58 chunks of 100 times each
     Check the documentation if the code is taking too long or if it crashes...
     Splitting the plot array to allow GP prediction of extended datasets, it may take a while...
     # 35 chunks of 100 times each
     Check the documentation if the code is taking too long or if it crashes...
     Splitting the plot array to allow GP prediction of extended datasets, it may take a while...
     # 35 chunks of 100 times each
     Check the documentation if the code is taking too long or if it crashes...
     Splitting the plot array to allow GP prediction of extended datasets, it may take a while...
     # 35 chunks of 100 times each
     Check the documentation if the code is taking too long or if it crashes...
     Splitting the plot array to allow GP prediction of extended datasets, it may take a while...
     # 35 chunks of 100 times each
     Check the documentation if the code is taking too long or if it crashes...
 Writing the plots 
 Writing the   data files 
 Writing the  MAP_ data files 
 Writing the  sampleMED_ data files 

****************************************************************************************************

