
:::---::: PyORBIT v11.0.1 :::---:::

Python version in use:
3.10.18 (main, Jun  5 2025, 13:14:17) [GCC 11.2.0]

reloaded_optimize:  False
reloaded_pyde:  False
reloaded_emcee:  False

number of multiprocessing threads: 16
multiprocessing method (should be fork):  fork

parameters/safe_reload flag (must be True for tinygp):  False

Opening:  RVdata

Adding common model of planet:  b
Adding common model of planet:  c
Using orbital model:  keplerian
Using orbital parametrization:  Eastman2013

Using orbital model:  keplerian
Using orbital parametrization:  Eastman2013


====================================================================================================
     Ids, spaces (s), boundaries (b) and priors (p) of the sampler parameters     
====================================================================================================

----- dataset:  RVdata
jitter_0      id:  10  s:Linear      b:[      0.0009,      12.9000]   p:Uniform   []
offset_0      id:  11  s:Linear      b:[  -9995.1400,   10014.6000]   p:Uniform   []
offset_1      id:  12  s:Linear      b:[  -9995.1400,   10014.6000]   p:Uniform   []
offset_2      id:  13  s:Linear      b:[  -9995.1400,   10014.6000]   p:Uniform   []
offset_3      id:  14  s:Linear      b:[  -9995.1400,   10014.6000]   p:Uniform   []

----- common model:  b
P             id:   0  s:Log_Base2   b:[      0.3785,       6.6439]   p:Uniform   []
K             id:   1  s:Log_Base2   b:[     -9.9658,       3.3219]   p:Uniform   []
sre_coso      id:   2  s:Linear      b:[     -1.0000,       1.0000]   p:Uniform   []
sre_sino      id:   3  s:Linear      b:[     -1.0000,       1.0000]   p:Uniform   []
mean_long     id:   4  s:Linear      b:[      0.0000,     360.0000]   p:Uniform   []
e             derived (no id, space, bound)                           p:Gaussian   [0.    0.098]
omega         derived (no id, space, bound)                           p:Uniform   [0.0, 360.0]

----- common model:  c
P             id:   5  s:Log_Base2   b:[      0.3785,       6.6439]   p:Uniform   []
K             id:   6  s:Log_Base2   b:[     -9.9658,       3.3219]   p:Uniform   []
sre_coso      id:   7  s:Linear      b:[     -1.0000,       1.0000]   p:Uniform   []
sre_sino      id:   8  s:Linear      b:[     -1.0000,       1.0000]   p:Uniform   []
mean_long     id:   9  s:Linear      b:[      0.0000,     360.0000]   p:Uniform   []
e             derived (no id, space, bound)                           p:Gaussian   [0.    0.098]
omega         derived (no id, space, bound)                           p:Uniform   [0.0, 360.0]

----- common model:  star_parameters
mass          derived (no id, space, bound)                           p:Gaussian   [1.e+00 1.e-06]
radius        derived (no id, space, bound)                           p:Gaussian   [1.e+00 1.e-06]
density       derived (no id, space, bound)                           p:Gaussian   [1.e+00 1.e-06]

Include priors:  True

Reference Time Tref:  59334.700184

Dimensions =  15
Nwalkers =  60

Using threading pool for PyDE: True
PyDE running
Boundaries redefined after PyDE output
PyDE completed, it took          2.7 seconds

====================================================================================================
     Starting point of the sample/optimization routines    
====================================================================================================

----- dataset:  RVdata
jitter_0        10      1.464582 [    0.0009,    12.9000]
offset_0        11      8.559156 [-9995.1400, 10014.6000]
offset_1        12     10.551222 [-9995.1400, 10014.6000]
offset_2        13      9.188915 [-9995.1400, 10014.6000]
offset_3        14      9.883623 [-9995.1400, 10014.6000]

----- common model:  b
P                0      6.581264 [    0.3785,     6.6439]
K                1      0.084083 [   -9.9658,     3.3219]
sre_coso         2      0.006180 [   -1.0000,     1.0000]
sre_sino         3     -0.156001 [   -1.0000,     1.0000]
mean_long        4    359.884946 [  179.8849,   539.8849]

----- common model:  c
P                5      4.891780 [    0.3785,     6.6439]
K                6      0.021237 [   -9.9658,     3.3219]
sre_coso         7      0.306320 [   -1.0000,     1.0000]
sre_sino         8      0.124691 [   -1.0000,     1.0000]
mean_long        9    359.987507 [  179.9875,   539.9875]

----- common model:  star_parameters

====================================================================================================
     Starting point projected onto the model parameter space     
====================================================================================================

----- dataset:  RVdata
jitter_0              1.464582 
offset_0              8.559156 
offset_1             10.551222 
offset_2              9.188915 
offset_3              9.883623 


----- common model:  b
P                    95.754232 
K                     1.060014 
mean_long           359.884946 
e                     0.024375 
omega               -87.731398 

----- common model:  c
P                    29.687427 
K                     1.014829 
mean_long           359.987507 
e                     0.109380 
omega                22.149374 

----- common model:  star_parameters

====================================================================================================
     Derived parameters obtained from starting point     
====================================================================================================

----- common model:  b
Inclination fixed to 90 deg!
a_Rs                 88.041625 
M_Mj                  0.023849 
M_Me                  7.581541 
Tc                59358.639390 
a_AU_(M)              0.409615 
a_AU_(rho,R)          0.409611 

----- common model:  c
Inclination fixed to 90 deg!
a_Rs                 40.330252 
M_Mj                  0.015365 
M_Me                  4.884544 
Tc                59341.196122 
a_AU_(M)              0.187637 
a_AU_(rho,R)          0.187636 


====================================================================================================
     Statistics on the log-likelihood     
====================================================================================================

 LN probability:  -510.126670 

====================================================================================================
     ------------------------------------------------------------------------------------------     
====================================================================================================



*************************************************************

Running emcee

emcee version:  3.1.6
Using threading pool for emcee: True


Computing the autocorrelation time of the chains

The chains are more than 50 times longer than the ACF, the estimate can be trusted

Reference thinning used in the analysis: 100
Maximum value of the integrated ACF: 3
Step length used in the analysis: 3*nthin = 300

Convergence criteria: less than 1% variation in ACF after 50 times the integrated ACF
At least 50*ACF after convergence, 100*ACF would be ideal
Negative values: not converged yet

   sampler parameter              |    ACF   | ACF*nthin | converged at | nsteps/ACF | to 100*ACF
                                  |          |           |              |            | 
   RVdata_jitter_0                |    2.95  |      295  |    16800     |     112    |       0 
   RVdata_offset_0                |    2.89  |      289  |    17700     |     112    |       0 
   RVdata_offset_1                |    2.73  |      273  |    16500     |     123    |       0 
   RVdata_offset_2                |    2.97  |      297  |    17700     |     109    |       0 
   RVdata_offset_3                |    3.12  |      312  |    17100     |     105    |       0 
   b_P                            |    3.25  |      325  |    19500     |      94    |    1994 
   b_K                            |    3.03  |      303  |    17100     |     109    |       0 
   b_sre_coso                     |    3.20  |      320  |    17700     |     101    |       0 
   b_sre_sino                     |    3.22  |      322  |    18300     |      98    |     494 
   b_mean_long                    |    3.23  |      323  |    18300     |      98    |     606 
   c_P                            |    3.15  |      315  |    18000     |     102    |       0 
   c_K                            |    2.86  |      286  |    16200     |     118    |       0 
   c_sre_coso                     |    2.88  |      288  |    15600     |     119    |       0 
   c_sre_sino                     |    2.95  |      295  |    17400     |     111    |       0 
   c_mean_long                    |    3.26  |      326  |    17700     |      99    |     273 

All the chains are longer than 50*ACF, but some are shorter than 100*ACF
PyORBIT should keep running for about 842 more steps to reach 100*ACF
Suggested value for burnin: 17440

Check the documentation for the correct interpretation of these results:
https://pyorbit.readthedocs.io/running_pyorbit/terminal_output/#autocorrelation-analysis

====================================================================================================
     Statistics on the posterior of the sampler parameters     
====================================================================================================

----- dataset:  RVdata
jitter_0        10         1.495       -0.068        0.075   (15-84 p)   [    0.0009,    12.9000]
offset_0        11          8.59        -0.19         0.18   (15-84 p)   [-9995.1400, 10014.6000]
offset_1        12         10.55        -0.42         0.41   (15-84 p)   [-9995.1400, 10014.6000]
offset_2        13          9.30        -0.21         0.21   (15-84 p)   [-9995.1400, 10014.6000]
offset_3        14          9.94        -0.23         0.23   (15-84 p)   [-9995.1400, 10014.6000]

----- common model:  b
P                0         6.548        -0.11        0.070   (15-84 p)   [    0.3785,     6.6439]
K                1          0.22        -0.25         0.23   (15-84 p)   [   -9.9658,     3.3219]
sre_coso         2          0.12        -0.22         0.19   (15-84 p)   [   -1.0000,     1.0000]
sre_sino         3         -0.06        -0.18         0.20   (15-84 p)   [   -1.0000,     1.0000]
mean_long        4           356          -17           11   (15-84 p)   [  179.8849,   539.8849]

----- common model:  c
P                5         4.969       -0.051        0.053   (15-84 p)   [    0.3785,     6.6439]
K                6          0.02        -0.22         0.19   (15-84 p)   [   -9.9658,     3.3219]
sre_coso         7          0.01        -0.20         0.20   (15-84 p)   [   -1.0000,     1.0000]
sre_sino         8          0.06        -0.21         0.20   (15-84 p)   [   -1.0000,     1.0000]
mean_long        9           391          -19           19   (15-84 p)   [  179.9875,   539.9875]

----- common model:  star_parameters

====================================================================================================
     Statistics on the model parameters obtained from the posteriors samples     
====================================================================================================

----- dataset:  RVdata
jitter_0                 1.495       -0.068        0.075    (15-84 p)
offset_0                  8.59        -0.19         0.18    (15-84 p)
offset_1                 10.55        -0.42         0.41    (15-84 p)
offset_2                  9.30        -0.21         0.21    (15-84 p)
offset_3                  9.94        -0.23         0.23    (15-84 p)


----- common model:  b
P                         93.6         -7.2          4.6    (15-84 p)
K                         1.16        -0.19         0.20    (15-84 p)
mean_long                  356          -17           11    (15-84 p)
e                        0.068       -0.048        0.075    (15-84 p)
omega                      -18          -77           96    (15-84 p)

----- common model:  c
P                         31.3         -1.1          1.2    (15-84 p)
K                         1.01        -0.14         0.14    (15-84 p)
mean_long                  391          -19           19    (15-84 p)
e                        0.063       -0.044        0.071    (15-84 p)
omega                       32         -147           93    (15-84 p)

----- common model:  star_parameters

====================================================================================================
     Statistics on the derived parameters obtained from the posteriors samples     
====================================================================================================

----- common model:  b
Inclination fixed to 90 deg!
Computing planetary mass under the approximation M_planet << M_star (threshold at 30.0 Me)
a_Rs                      86.7         -4.5          2.8    (15-84 p)
M_Mj                    0.0257      -0.0043       0.0047    (15-84 p)
M_Me                       8.2         -1.4          1.5    (15-84 p)
Tc                     59358.3         -3.5          3.1    (15-84 p)
a_AU_(M)                 0.403       -0.021        0.013    (15-84 p)
a_AU_(rho,R)             0.403       -0.021        0.013    (15-84 p)

----- common model:  c
Inclination fixed to 90 deg!
Computing planetary mass under the approximation M_planet << M_star (threshold at 30.0 Me)
a_Rs                     41.80        -0.97          1.0    (15-84 p)
M_Mj                    0.0156      -0.0022       0.0023    (15-84 p)
M_Me                      4.97        -0.70         0.72    (15-84 p)
Tc                     59339.8         -1.4          1.3    (15-84 p)
a_AU_(M)                0.1945      -0.0045       0.0048    (15-84 p)
a_AU_(rho,R)            0.1945      -0.0045       0.0048    (15-84 p)


====================================================================================================
     ------------------------------------------------------------------------------------------     
====================================================================================================



emcee completed


:::---::: PyORBIT v11.0.1 :::---:::

Python version in use:
3.10.18 (main, Jun  5 2025, 13:14:17) [GCC 11.2.0]
LaTeX disabled by default

Using orbital model:  keplerian
Using orbital parametrization:  Eastman2013

Using orbital model:  keplerian
Using orbital parametrization:  Eastman2013


### PyORBIT version used in the analysis:  11.0.1

 emcee version:  3.1.6

 Reference Time Tref: 59334.700184

 Data points:240
 Dimensions: 15
 Nwalkers:   60
 Steps:      50000


Number of samplings: 18000

Recomputing ln-prior, it may take a while...

ln-probability   distribution:   -514.75       -2.96      2.31 (15-84 p) 
ln-prior         distribution:    -77.39       -1.15      0.52 (15-84 p) 
ln-likelihood    distribution:   -437.08       -2.84      2.21 (15-84 p) 


*** Information criteria using the likelihood distribution

 BIC from distribution  (using likelihood)  =    956.37     -4.42    5.68 (15-84 p)
 AIC from distribution  (using likelihood)  =    904.16     -4.42    5.68 (15-84 p)
 AICc from distribution (using likelihood)  =    906.30     -4.42    5.68 (15-84 p)


*** Information criteria using the median parameter set

 ln_probability of Median solution =   -508.90
 ln_priors of Median solution      =    -76.71
 ln_likelihood of Median solution  =   -432.18

 Median BIC  (using likelihood) =    946.58
 Median AIC  (using likelihood) =    894.37
 Median AICc (using likelihood) =    896.51


*** Information criteria using the MAP parameter set

 ln_probability of MAP solution =   -508.96
 ln_priors of MAP solution      =    -77.10
 ln_likelihood of MAP solution  =   -431.87

 MAP BIC  (using likelihood)    =    945.94
 MAP AIC  (using likelihood)    =    893.73
 MAP AICc (using likelihood)    =    895.88

 AICc suggested over AIC because NDATA ( 240 ) < 40 * NDIM ( 15 )

****************************************************************************************************


Computing the autocorrelation time of the chains

The chains are more than 50 times longer than the ACF, the estimate can be trusted

Reference thinning used in the analysis: 100
Maximum value of the integrated ACF: 3
Step length used in the analysis: 3*nthin = 300

Convergence criteria: less than 1% variation in ACF after 50 times the integrated ACF
At least 50*ACF after convergence, 100*ACF would be ideal
Negative values: not converged yet

   sampler parameter              |    ACF   | ACF*nthin | converged at | nsteps/ACF | to 100*ACF
                                  |          |           |              |            | 
   RVdata_jitter_0                |    2.95  |      295  |    16800     |     112    |       0 
   RVdata_offset_0                |    2.89  |      289  |    17700     |     112    |       0 
   RVdata_offset_1                |    2.73  |      273  |    16500     |     123    |       0 
   RVdata_offset_2                |    2.97  |      297  |    17700     |     109    |       0 
   RVdata_offset_3                |    3.12  |      312  |    17100     |     105    |       0 
   b_P                            |    3.25  |      325  |    19500     |      94    |    1994 
   b_K                            |    3.03  |      303  |    17100     |     109    |       0 
   b_sre_coso                     |    3.20  |      320  |    17700     |     101    |       0 
   b_sre_sino                     |    3.22  |      322  |    18300     |      98    |     494 
   b_mean_long                    |    3.23  |      323  |    18300     |      98    |     606 
   c_P                            |    3.15  |      315  |    18000     |     102    |       0 
   c_K                            |    2.86  |      286  |    16200     |     118    |       0 
   c_sre_coso                     |    2.88  |      288  |    15600     |     119    |       0 
   c_sre_sino                     |    2.95  |      295  |    17400     |     111    |       0 
   c_mean_long                    |    3.26  |      326  |    17700     |      99    |     273 

All the chains are longer than 50*ACF, but some are shorter than 100*ACF
PyORBIT should keep running for about 842 more steps to reach 100*ACF
Suggested value for burnin: 17440

Check the documentation for the correct interpretation of these results:
https://pyorbit.readthedocs.io/running_pyorbit/terminal_output/#autocorrelation-analysis

 Plotting the ACF... 


====================================================================================================
     Ids, spaces (s), boundaries (b) and priors (p) of the sampler parameters     
====================================================================================================

----- dataset:  RVdata
jitter_0      id:  10  s:Linear      b:[      0.0009,      12.9000]   p:Uniform   []
offset_0      id:  11  s:Linear      b:[  -9995.1400,   10014.6000]   p:Uniform   []
offset_1      id:  12  s:Linear      b:[  -9995.1400,   10014.6000]   p:Uniform   []
offset_2      id:  13  s:Linear      b:[  -9995.1400,   10014.6000]   p:Uniform   []
offset_3      id:  14  s:Linear      b:[  -9995.1400,   10014.6000]   p:Uniform   []

----- common model:  b
P             id:   0  s:Log_Base2   b:[      0.3785,       6.6439]   p:Uniform   []
K             id:   1  s:Log_Base2   b:[     -9.9658,       3.3219]   p:Uniform   []
sre_coso      id:   2  s:Linear      b:[     -1.0000,       1.0000]   p:Uniform   []
sre_sino      id:   3  s:Linear      b:[     -1.0000,       1.0000]   p:Uniform   []
mean_long     id:   4  s:Linear      b:[    179.8849,     539.8849]   p:Uniform   []
e             derived (no id, space, bound)                           p:Gaussian   [0.    0.098]
omega         derived (no id, space, bound)                           p:Uniform   [0.0, 360.0]

----- common model:  c
P             id:   5  s:Log_Base2   b:[      0.3785,       6.6439]   p:Uniform   []
K             id:   6  s:Log_Base2   b:[     -9.9658,       3.3219]   p:Uniform   []
sre_coso      id:   7  s:Linear      b:[     -1.0000,       1.0000]   p:Uniform   []
sre_sino      id:   8  s:Linear      b:[     -1.0000,       1.0000]   p:Uniform   []
mean_long     id:   9  s:Linear      b:[    179.9875,     539.9875]   p:Uniform   []
e             derived (no id, space, bound)                           p:Gaussian   [0.    0.098]
omega         derived (no id, space, bound)                           p:Uniform   [0.0, 360.0]

----- common model:  star_parameters
mass          derived (no id, space, bound)                           p:Gaussian   [1.e+00 1.e-06]
radius        derived (no id, space, bound)                           p:Gaussian   [1.e+00 1.e-06]
density       derived (no id, space, bound)                           p:Gaussian   [1.e+00 1.e-06]


****************************************************************************************************
****************************************************************************************************

 Confidence intervals (median value, 34.135th percentile from the median on the left and right side)

====================================================================================================
     Statistics on the posterior of the sampler parameters     
====================================================================================================

----- dataset:  RVdata
jitter_0        10         1.495       -0.068        0.075   (15-84 p)   [    0.0009,    12.9000]
offset_0        11          8.59        -0.19         0.18   (15-84 p)   [-9995.1400, 10014.6000]
offset_1        12         10.55        -0.42         0.41   (15-84 p)   [-9995.1400, 10014.6000]
offset_2        13          9.30        -0.21         0.21   (15-84 p)   [-9995.1400, 10014.6000]
offset_3        14          9.94        -0.23         0.23   (15-84 p)   [-9995.1400, 10014.6000]

----- common model:  b
P                0         6.548        -0.11        0.070   (15-84 p)   [    0.3785,     6.6439]
K                1          0.22        -0.25         0.23   (15-84 p)   [   -9.9658,     3.3219]
sre_coso         2          0.12        -0.22         0.19   (15-84 p)   [   -1.0000,     1.0000]
sre_sino         3         -0.06        -0.18         0.20   (15-84 p)   [   -1.0000,     1.0000]
mean_long        4           356          -17           11   (15-84 p)   [  179.8849,   539.8849]

----- common model:  c
P                5         4.969       -0.051        0.053   (15-84 p)   [    0.3785,     6.6439]
K                6          0.02        -0.22         0.19   (15-84 p)   [   -9.9658,     3.3219]
sre_coso         7          0.01        -0.20         0.20   (15-84 p)   [   -1.0000,     1.0000]
sre_sino         8          0.06        -0.21         0.20   (15-84 p)   [   -1.0000,     1.0000]
mean_long        9           391          -19           19   (15-84 p)   [  179.9875,   539.9875]

----- common model:  star_parameters

====================================================================================================
     Statistics on the model parameters obtained from the posteriors samples     
====================================================================================================

----- dataset:  RVdata
jitter_0                 1.495       -0.068        0.075    (15-84 p)
offset_0                  8.59        -0.19         0.18    (15-84 p)
offset_1                 10.55        -0.42         0.41    (15-84 p)
offset_2                  9.30        -0.21         0.21    (15-84 p)
offset_3                  9.94        -0.23         0.23    (15-84 p)


----- common model:  b
P                         93.6         -7.2          4.6    (15-84 p)
K                         1.16        -0.19         0.20    (15-84 p)
mean_long                  356          -17           11    (15-84 p)
e                        0.068       -0.048        0.075    (15-84 p)
omega                      -19          -77           95    (15-84 p)

----- common model:  c
P                         31.3         -1.1          1.2    (15-84 p)
K                         1.01        -0.14         0.14    (15-84 p)
mean_long                  391          -19           19    (15-84 p)
e                        0.063       -0.044        0.071    (15-84 p)
omega                      130          -93          137    (15-84 p)

----- common model:  star_parameters

====================================================================================================
     Statistics on the derived parameters obtained from the posteriors samples     
====================================================================================================

----- common model:  b
Inclination fixed to 90 deg!
Computing planetary mass under the approximation M_planet << M_star (threshold at 30.0 Me)
a_Rs                      86.7         -4.5          2.8    (15-84 p)
M_Mj                    0.0257      -0.0043       0.0047    (15-84 p)
M_Me                       8.2         -1.4          1.5    (15-84 p)
Tc                     59358.3         -3.5          3.1    (15-84 p)
a_AU_(M)                 0.403       -0.021        0.013    (15-84 p)
a_AU_(rho,R)             0.403       -0.021        0.013    (15-84 p)

----- common model:  c
Inclination fixed to 90 deg!
Computing planetary mass under the approximation M_planet << M_star (threshold at 30.0 Me)
a_Rs                     41.80        -0.97          1.0    (15-84 p)
M_Mj                    0.0156      -0.0022       0.0023    (15-84 p)
M_Me                      4.97        -0.70         0.72    (15-84 p)
Tc                     59339.8         -1.4          1.3    (15-84 p)
a_AU_(M)                0.1945      -0.0045       0.0048    (15-84 p)
a_AU_(rho,R)            0.1945      -0.0045       0.0048    (15-84 p)


====================================================================================================
     ------------------------------------------------------------------------------------------     
====================================================================================================



****************************************************************************************************

 Parameters corresponding to the Maximum a Posteriori probability ( -508.9639096321836 )

====================================================================================================
     Statistics on the posterior of the sampler parameters     
====================================================================================================

----- dataset:  RVdata
jitter_0        10      1.442575 [    0.0009,    12.9000]
offset_0        11      8.683245 [-9995.1400, 10014.6000]
offset_1        12     10.850261 [-9995.1400, 10014.6000]
offset_2        13      9.431575 [-9995.1400, 10014.6000]
offset_3        14     10.151755 [-9995.1400, 10014.6000]

----- common model:  b
P                0      6.601526 [    0.3785,     6.6439]
K                1      0.384452 [   -9.9658,     3.3219]
sre_coso         2      0.293860 [   -1.0000,     1.0000]
sre_sino         3     -0.006241 [   -1.0000,     1.0000]
mean_long        4    362.709486 [  179.8849,   539.8849]

----- common model:  c
P                5      5.032538 [    0.3785,     6.6439]
K                6      0.039286 [   -9.9658,     3.3219]
sre_coso         7     -0.112554 [   -1.0000,     1.0000]
sre_sino         8      0.032842 [   -1.0000,     1.0000]
mean_long        9    415.727942 [  179.9875,   539.9875]

----- common model:  star_parameters

====================================================================================================
     Statistics on the model parameters obtained from the posteriors samples     
====================================================================================================

----- dataset:  RVdata
jitter_0              1.442575 
offset_0              8.683245 
offset_1             10.850261 
offset_2              9.431575 
offset_3             10.151755 


----- common model:  b
P                    97.108526 
K                     1.305364 
mean_long           362.709486 
e                     0.086392 
omega                -1.216600 

----- common model:  c
P                    32.729917 
K                     1.027605 
mean_long           415.727942 
e                     0.013747 
omega               163.733485 

----- common model:  star_parameters

====================================================================================================
     Statistics on the derived parameters obtained from the posteriors samples     
====================================================================================================

----- common model:  b
Inclination fixed to 90 deg!
a_Rs                 88.869875 
M_Mj                  0.029406 
M_Me                  9.347916 
Tc                59355.576254 
a_AU_(M)              0.413470 
a_AU_(rho,R)          0.413465 

----- common model:  c
Inclination fixed to 90 deg!
a_Rs                 43.040685 
M_Mj                  0.016169 
M_Me                  5.139889 
Tc                59337.953163 
a_AU_(M)              0.200247 
a_AU_(rho,R)          0.200246 


====================================================================================================
     ------------------------------------------------------------------------------------------     
====================================================================================================



****************************************************************************************************

 Parameters corresponding to the sample closest to the median values ( -509.9320501364034 )

====================================================================================================
     Statistics on the posterior of the sampler parameters     
====================================================================================================

----- dataset:  RVdata
jitter_0        10      1.523137 [    0.0009,    12.9000]
offset_0        11      8.519884 [-9995.1400, 10014.6000]
offset_1        12     10.608639 [-9995.1400, 10014.6000]
offset_2        13      9.279462 [-9995.1400, 10014.6000]
offset_3        14      9.860777 [-9995.1400, 10014.6000]

----- common model:  b
P                0      6.546279 [    0.3785,     6.6439]
K                1      0.247562 [   -9.9658,     3.3219]
sre_coso         2      0.132597 [   -1.0000,     1.0000]
sre_sino         3     -0.070366 [   -1.0000,     1.0000]
mean_long        4    350.481047 [  179.8849,   539.8849]

----- common model:  c
P                5      4.990642 [    0.3785,     6.6439]
K                6      0.049400 [   -9.9658,     3.3219]
sre_coso         7     -0.036116 [   -1.0000,     1.0000]
sre_sino         8     -0.058848 [   -1.0000,     1.0000]
mean_long        9    395.967387 [  179.9875,   539.9875]

----- common model:  star_parameters

====================================================================================================
     Statistics on the model parameters obtained from the posteriors samples     
====================================================================================================

----- dataset:  RVdata
jitter_0              1.523137 
offset_0              8.519884 
offset_1             10.608639 
offset_2              9.279462 
offset_3              9.860777 


----- common model:  b
P                    93.460108 
K                     1.187199 
mean_long           350.481047 
e                     0.022533 
omega               -27.953769 

----- common model:  c
P                    31.793110 
K                     1.034835 
mean_long           395.967387 
e                     0.004767 
omega              -121.537789 

----- common model:  star_parameters

====================================================================================================
     Statistics on the derived parameters obtained from the posteriors samples     
====================================================================================================

----- common model:  b
Inclination fixed to 90 deg!
a_Rs                 86.629786 
M_Mj                  0.026497 
M_Me                  8.423225 
Tc                59359.939621 
a_AU_(M)              0.403047 
a_AU_(rho,R)          0.403042 

----- common model:  c
Inclination fixed to 90 deg!
a_Rs                 42.215368 
M_Mj                  0.016127 
M_Me                  5.126609 
Tc                59339.497344 
a_AU_(M)              0.196408 
a_AU_(rho,R)          0.196406 


====================================================================================================
     ------------------------------------------------------------------------------------------     
====================================================================================================



****************************************************************************************************

Inclination fixed to 90 deg!
Inclination fixed to 90 deg!
Note: stellar density derived from stellar mass and radius

Inclination fixed to 90 deg!
Inclination fixed to 90 deg!
Inclination fixed to 90 deg!
Inclination fixed to 90 deg!
 Plot FLAT chain 

****************************************************************************************************

Plotting full_correlation plot with pygtc

****************************************************************************************************

 Plotting the chains... 

****************************************************************************************************

 Plotting the Gelman-Rubin traces... 

     Gelman-Rubin:    10     1.002494 RVdata_jitter_0 
     Gelman-Rubin:    11     1.002122 RVdata_offset_0 
     Gelman-Rubin:    12     1.002251 RVdata_offset_1 
     Gelman-Rubin:    13     1.002336 RVdata_offset_2 
     Gelman-Rubin:    14     1.003008 RVdata_offset_3 
     Gelman-Rubin:     0     1.002176 b_P 
     Gelman-Rubin:     1     1.001744 b_K 
     Gelman-Rubin:     2     1.002577 b_sre_coso 
     Gelman-Rubin:     3     1.002551 b_sre_sino 
     Gelman-Rubin:     4     1.001889 b_mean_long 
     Gelman-Rubin:     5     1.001856 c_P 
     Gelman-Rubin:     6     1.001825 c_K 
     Gelman-Rubin:     7     1.003211 c_sre_coso 
     Gelman-Rubin:     8     1.001912 c_sre_sino 
     Gelman-Rubin:     9     1.001695 c_mean_long 

****************************************************************************************************

Plotting the common models corner plots
     Common model:  b
     Common model:  c
     Common model:  star_parameters

****************************************************************************************************

Plotting the dataset + models corner plots 

     Dataset:  RVdata     model:  radial_velocities_b  corner plot  starting 
     Dataset:  RVdata     model:  radial_velocities_b  corner plot  done 
     Dataset:  RVdata     model:  radial_velocities_c  corner plot  starting 
     Dataset:  RVdata     model:  radial_velocities_c  corner plot  done 

****************************************************************************************************

 Saving the planet parameter samplings to files (with plots)

****************************************************************************************************

 Saving all the parameter samplings to files (with plots)

****************************************************************************************************

 Computing the models for plot/data writing 
 Writing the plots 
 Writing the   data files 
 Writing the  MAP_ data files 
 Writing the  sampleMED_ data files 

****************************************************************************************************

