
:::---::: PyORBIT v11.0.1 :::---:::

Python version in use:
3.10.18 (main, Jun  5 2025, 13:14:17) [GCC 11.2.0]

reloaded_optimize:  False
reloaded_pyde:  False
reloaded_emcee:  False

number of multiprocessing threads: 16
multiprocessing method (should be fork):  fork

parameters/safe_reload flag (must be True for tinygp):  False

Opening:  RVdata_expres
Opening:  RVdata_harps
Opening:  RVdata_neid

Adding common model of planet:  b
Adding common model of planet:  c
Using orbital model:  keplerian
Using orbital parametrization:  Eastman2013

Using orbital model:  keplerian
Using orbital parametrization:  Eastman2013


====================================================================================================
     Ids, spaces (s), boundaries (b) and priors (p) of the sampler parameters     
====================================================================================================

----- dataset:  RVdata_expres
jitter_0      id:  10  s:Linear      b:[      0.0010,      14.4000]   p:Uniform   []
offset_0      id:  11  s:Linear      b:[  -9996.1930,   10013.7390]   p:Uniform   []

----- dataset:  RVdata_harps
jitter_0      id:  12  s:Linear      b:[      0.0009,      12.4000]   p:Uniform   []
offset_0      id:  13  s:Linear      b:[  -9994.9455,   10014.6615]   p:Uniform   []
offset_1      id:  14  s:Linear      b:[  -9994.9455,   10014.6615]   p:Uniform   []

----- dataset:  RVdata_neid
jitter_0      id:  15  s:Linear      b:[      0.0010,      12.3000]   p:Uniform   []
offset_0      id:  16  s:Linear      b:[  -9994.3136,   10014.8014]   p:Uniform   []

----- common model:  b
P             id:   0  s:Log_Base2   b:[      0.3785,       6.6439]   p:Uniform   []
K             id:   1  s:Log_Base2   b:[     -9.9658,       3.3219]   p:Uniform   []
sre_coso      id:   2  s:Linear      b:[     -1.0000,       1.0000]   p:Uniform   []
sre_sino      id:   3  s:Linear      b:[     -1.0000,       1.0000]   p:Uniform   []
mean_long     id:   4  s:Linear      b:[      0.0000,     360.0000]   p:Uniform   []
e             derived (no id, space, bound)                           p:Gaussian   [0.    0.098]
omega         derived (no id, space, bound)                           p:Uniform   [0.0, 360.0]

----- common model:  c
P             id:   5  s:Log_Base2   b:[      0.3785,       6.6439]   p:Uniform   []
K             id:   6  s:Log_Base2   b:[     -9.9658,       3.3219]   p:Uniform   []
sre_coso      id:   7  s:Linear      b:[     -1.0000,       1.0000]   p:Uniform   []
sre_sino      id:   8  s:Linear      b:[     -1.0000,       1.0000]   p:Uniform   []
mean_long     id:   9  s:Linear      b:[      0.0000,     360.0000]   p:Uniform   []
e             derived (no id, space, bound)                           p:Gaussian   [0.    0.098]
omega         derived (no id, space, bound)                           p:Uniform   [0.0, 360.0]

----- common model:  star_parameters
mass          derived (no id, space, bound)                           p:Gaussian   [1.e+00 1.e-06]
radius        derived (no id, space, bound)                           p:Gaussian   [1.e+00 1.e-06]
density       derived (no id, space, bound)                           p:Gaussian   [1.e+00 1.e-06]

Include priors:  True

Reference Time Tref:  59334.700184

Dimensions =  17
Nwalkers =  68

Using threading pool for PyDE: True
PyDE running
Boundaries redefined after PyDE output
PyDE completed, it took          5.2 seconds

====================================================================================================
     Starting point of the sample/optimization routines    
====================================================================================================

----- dataset:  RVdata_expres
jitter_0        10      1.389644 [    0.0010,    14.4000]
offset_0        11      8.501029 [-9996.1930, 10013.7390]

----- dataset:  RVdata_harps
jitter_0        12      1.146064 [    0.0009,    12.4000]
offset_0        13      9.215609 [-9994.9455, 10014.6615]
offset_1        14      9.404984 [-9994.9455, 10014.6615]

----- dataset:  RVdata_neid
jitter_0        15      1.076643 [    0.0010,    12.3000]
offset_0        16      9.591250 [-9994.3136, 10014.8014]

----- common model:  b
P                0      3.845115 [    0.3785,     6.6439]
K                1      1.109926 [   -9.9658,     3.3219]
sre_coso         2     -0.427423 [   -1.0000,     1.0000]
sre_sino         3     -0.120989 [   -1.0000,     1.0000]
mean_long        4     58.827881 [ -121.1721,   238.8279]

----- common model:  c
P                5      6.219728 [    0.3785,     6.6439]
K                6      0.389285 [   -9.9658,     3.3219]
sre_coso         7     -0.462407 [   -1.0000,     1.0000]
sre_sino         8      0.162090 [   -1.0000,     1.0000]
mean_long        9    322.542680 [  142.5427,   502.5427]

----- common model:  star_parameters

====================================================================================================
     Starting point projected onto the model parameter space     
====================================================================================================

----- dataset:  RVdata_expres
jitter_0              1.389644 
offset_0              8.501029 


----- dataset:  RVdata_harps
jitter_0              1.146064 
offset_0              9.215609 
offset_1              9.404984 


----- dataset:  RVdata_neid
jitter_0              1.076643 
offset_0              9.591250 


----- common model:  b
P                    14.371266 
K                     2.158345 
mean_long            58.827881 
e                     0.197329 
omega              -164.195016 

----- common model:  c
P                    74.528905 
K                     1.309744 
mean_long           322.542680 
e                     0.240093 
omega               160.682653 

----- common model:  star_parameters

====================================================================================================
     Derived parameters obtained from starting point     
====================================================================================================

----- common model:  b
Inclination fixed to 90 deg!
a_Rs                 24.864472 
M_Mj                  0.025307 
M_Me                  8.044853 
Tc                59336.843876 
a_AU_(M)              0.115683 
a_AU_(rho,R)          0.115681 

----- common model:  c
Inclination fixed to 90 deg!
a_Rs                 74.495992 
M_Mj                  0.026321 
M_Me                  8.367427 
Tc                59366.115195 
a_AU_(M)              0.346594 
a_AU_(rho,R)          0.346590 


====================================================================================================
     Statistics on the log-likelihood     
====================================================================================================

 LN probability:  -599.947284 

====================================================================================================
     ------------------------------------------------------------------------------------------     
====================================================================================================



*************************************************************

Running emcee

emcee version:  3.1.6
Using threading pool for emcee: True

Saving temporary steps


Computing the autocorrelation time of the chains

***** WARNING ******
The integrated autocorrelation time cannot be reliably estimated
likely the chains are too short, and ACF analysis is not fully reliable
emcee.autocorr.integrated_time tolerance lowered to 20
If you still get a warning, you should drop these results entirely

Reference thinning used in the analysis: 150
Maximum value of the integrated ACF: 2
Step length used in the analysis: 2*nthin = 300

Convergence criteria: less than 1% variation in ACF after 20 times the integrated ACF
At least 50*ACF after convergence, 100*ACF would be ideal
Negative values: not converged yet

   sampler parameter              |    ACF   | ACF*nthin | converged at | nsteps/ACF | to 100*ACF
                                  |          |           |              |            | 
   RVdata_expres_jitter_0         |    1.77  |      266  |     8400     |      25    |   20007 
   RVdata_expres_offset_0         |    1.64  |      246  |    11100     |      16    |   20717 
   RVdata_harps_jitter_0          |    1.54  |      230  |    11400     |      16    |   19429 
   RVdata_harps_offset_0          |    1.83  |      274  |    12600     |       9    |   25008 
   RVdata_harps_offset_1          |    1.69  |      253  |     9900     |      20    |   20197 
   RVdata_neid_jitter_0           |    1.50  |      224  |     9600     |      24    |   17047 
   RVdata_neid_offset_0           |    1.74  |      262  |     9600     |      21    |   20764 
   b_P                            |    1.63  |      244  |    11100     |      16    |   20548 
   b_K                            |    1.67  |      251  |     6300     |      35    |   16381 
   b_sre_coso                     |    1.78  |      267  |    10800     |      16    |   22546 
   b_sre_sino                     |    1.75  |      263  |    13800     |       5    |   25093 
   b_mean_long                    |    1.64  |      246  |     9600     |      22    |   19218 
   c_P                            |    1.80  |      271  |     9900     |      19    |   21957 
   c_K                            |    1.74  |      261  |     9600     |      21    |   20678 
   c_sre_coso                     |    2.15  |      322  |     9900     |      16    |   27081 
   c_sre_sino                     |    1.92  |      288  |    11700     |      11    |   25466 
   c_mean_long                    |    1.77  |      266  |     9000     |      23    |   20606 

All the chains have converged, but PyORBIT should keep running for about:
8295 more steps to reach 50*ACF,
21338 more steps to reach 100*ACF
Suggested value for burnin: 10253

Check the documentation for the correct interpretation of these results:
https://pyorbit.readthedocs.io/running_pyorbit/terminal_output/#autocorrelation-analysis

====================================================================================================
     Statistics on the posterior of the sampler parameters     
====================================================================================================

----- dataset:  RVdata_expres
jitter_0        10         1.412       -0.092         0.11   (15-84 p)   [    0.0010,    14.4000]
offset_0        11          8.52        -0.15         0.16   (15-84 p)   [-9996.1930, 10013.7390]

----- dataset:  RVdata_harps
jitter_0        12         1.196       -0.080        0.091   (15-84 p)   [    0.0009,    12.4000]
offset_0        13          9.23        -0.15         0.15   (15-84 p)   [-9994.9455, 10014.6615]
offset_1        14          9.45        -0.29         0.29   (15-84 p)   [-9994.9455, 10014.6615]

----- dataset:  RVdata_neid
jitter_0        15         1.124       -0.086        0.097   (15-84 p)   [    0.0010,    12.3000]
offset_0        16          9.60        -0.14         0.15   (15-84 p)   [-9994.3136, 10014.8014]

----- common model:  b
P                0        3.8455      -0.0065       0.0068   (15-84 p)   [    0.3785,     6.6439]
K                1         1.104       -0.077        0.074   (15-84 p)   [   -9.9658,     3.3219]
sre_coso         2        -0.397       -0.058        0.069   (15-84 p)   [   -1.0000,     1.0000]
sre_sino         3        -0.107       -0.095         0.11   (15-84 p)   [   -1.0000,     1.0000]
mean_long        4          59.6         -6.6          6.8   (15-84 p)   [ -121.1721,   238.8279]

----- common model:  c
P                5          6.24        -0.12         0.15   (15-84 p)   [    0.3785,     6.6439]
K                6          0.34        -0.14         0.13   (15-84 p)   [   -9.9658,     3.3219]
sre_coso         7        -0.420       -0.088         0.13   (15-84 p)   [   -1.0000,     1.0000]
sre_sino         8          0.15        -0.14         0.13   (15-84 p)   [   -1.0000,     1.0000]
mean_long        9           325          -18           21   (15-84 p)   [  142.5427,   502.5427]

----- common model:  star_parameters

====================================================================================================
     Statistics on the model parameters obtained from the posteriors samples     
====================================================================================================

----- dataset:  RVdata_expres
jitter_0                 1.412       -0.092         0.11    (15-84 p)
offset_0                  8.52        -0.15         0.16    (15-84 p)


----- dataset:  RVdata_harps
jitter_0                 1.196       -0.080        0.091    (15-84 p)
offset_0                  9.23        -0.15         0.15    (15-84 p)
offset_1                  9.45        -0.29         0.29    (15-84 p)


----- dataset:  RVdata_neid
jitter_0                 1.124       -0.086        0.097    (15-84 p)
offset_0                  9.60        -0.14         0.15    (15-84 p)


----- common model:  b
P                       14.375       -0.065        0.068    (15-84 p)
K                         2.15        -0.11         0.11    (15-84 p)
mean_long                 59.6         -6.6          6.8    (15-84 p)
e                        0.178       -0.050        0.047    (15-84 p)
omega                     -160          -12           47    (15-84 p)

----- common model:  c
P                         75.3         -6.0          8.3    (15-84 p)
K                         1.27        -0.12         0.12    (15-84 p)
mean_long                  325          -18           21    (15-84 p)
e                        0.213       -0.087        0.079    (15-84 p)
omega                      155          -46           15    (15-84 p)

----- common model:  star_parameters

====================================================================================================
     Statistics on the derived parameters obtained from the posteriors samples     
====================================================================================================

----- common model:  b
Inclination fixed to 90 deg!
Computing planetary mass under the approximation M_planet << M_star (threshold at 30.0 Me)
a_Rs                    24.869       -0.075        0.078    (15-84 p)
M_Mj                    0.0253      -0.0013       0.0013    (15-84 p)
M_Me                      8.03        -0.41         0.42    (15-84 p)
Tc                    59336.70        -0.40         0.37    (15-84 p)
a_AU_(M)               0.11570     -0.00035      0.00036    (15-84 p)
a_AU_(rho,R)           0.11570     -0.00035      0.00036    (15-84 p)

----- common model:  c
Inclination fixed to 90 deg!
Computing planetary mass under the approximation M_planet << M_star (threshold at 30.0 Me)
a_Rs                      75.0         -4.0          5.4    (15-84 p)
M_Mj                    0.0258      -0.0024       0.0024    (15-84 p)
M_Me                      8.19        -0.77         0.75    (15-84 p)
Tc                     59365.1         -2.4          2.0    (15-84 p)
a_AU_(M)                 0.349       -0.019        0.025    (15-84 p)
a_AU_(rho,R)             0.349       -0.019        0.025    (15-84 p)


====================================================================================================
     ------------------------------------------------------------------------------------------     
====================================================================================================



15000.0   steps completed, average lnprob:,  -608.8362164122091


Computing the autocorrelation time of the chains

The chains are more than 50 times longer than the ACF, the estimate can be trusted

Reference thinning used in the analysis: 150
Maximum value of the integrated ACF: 2
Step length used in the analysis: 2*nthin = 300

Convergence criteria: less than 1% variation in ACF after 50 times the integrated ACF
At least 50*ACF after convergence, 100*ACF would be ideal
Negative values: not converged yet

   sampler parameter              |    ACF   | ACF*nthin | converged at | nsteps/ACF | to 100*ACF
                                  |          |           |              |            | 
   RVdata_expres_jitter_0         |    1.93  |      289  |    16200     |      48    |   15079 
   RVdata_expres_offset_0         |    1.93  |      290  |    16500     |      47    |   15480 
   RVdata_harps_jitter_0          |    1.72  |      258  |    15000     |      58    |   10798 
   RVdata_harps_offset_0          |    1.98  |      296  |    17100     |      44    |   16737 
   RVdata_harps_offset_1          |    1.94  |      291  |    16800     |      45    |   15894 
   RVdata_neid_jitter_0           |    1.79  |      268  |    15000     |      56    |   11813 
   RVdata_neid_offset_0           |    2.02  |      303  |    16800     |      44    |   17087 
   b_P                            |    1.95  |      293  |    17700     |      42    |   17013 
   b_K                            |    1.85  |      277  |    15300     |      53    |   13029 
   b_sre_coso                     |    1.96  |      295  |    16200     |      47    |   15661 
   b_sre_sino                     |    2.08  |      311  |    17400     |      40    |   18542 
   b_mean_long                    |    1.95  |      293  |    16800     |      45    |   16113 
   c_P                            |    2.02  |      303  |    17400     |      42    |   17670 
   c_K                            |    1.92  |      288  |    17100     |      45    |   15918 
   c_sre_coso                     |    2.47  |      371  |    20100     |      27    |   27200 
   c_sre_sino                     |    2.13  |      319  |    17700     |      39    |   19626 
   c_mean_long                    |    1.94  |      291  |    16500     |      46    |   15572 

All the chains have converged, but PyORBIT should keep running for about:
2282 more steps to reach 50*ACF,
16425 more steps to reach 100*ACF
Suggested value for burnin: 16800

Check the documentation for the correct interpretation of these results:
https://pyorbit.readthedocs.io/running_pyorbit/terminal_output/#autocorrelation-analysis

====================================================================================================
     Statistics on the posterior of the sampler parameters     
====================================================================================================

----- dataset:  RVdata_expres
jitter_0        10         1.418       -0.093         0.11   (15-84 p)   [    0.0010,    14.4000]
offset_0        11          8.53        -0.16         0.15   (15-84 p)   [-9996.1930, 10013.7390]

----- dataset:  RVdata_harps
jitter_0        12         1.189       -0.080        0.087   (15-84 p)   [    0.0009,    12.4000]
offset_0        13          9.22        -0.14         0.15   (15-84 p)   [-9994.9455, 10014.6615]
offset_1        14          9.44        -0.28         0.29   (15-84 p)   [-9994.9455, 10014.6615]

----- dataset:  RVdata_neid
jitter_0        15         1.126       -0.086        0.096   (15-84 p)   [    0.0010,    12.3000]
offset_0        16          9.61        -0.14         0.15   (15-84 p)   [-9994.3136, 10014.8014]

----- common model:  b
P                0        3.8459      -0.0063       0.0067   (15-84 p)   [    0.3785,     6.6439]
K                1         1.101       -0.079        0.074   (15-84 p)   [   -9.9658,     3.3219]
sre_coso         2        -0.397       -0.056        0.069   (15-84 p)   [   -1.0000,     1.0000]
sre_sino         3        -0.100       -0.096         0.10   (15-84 p)   [   -1.0000,     1.0000]
mean_long        4          60.0         -6.6          6.6   (15-84 p)   [ -121.1721,   238.8279]

----- common model:  c
P                5          6.23        -0.12         0.15   (15-84 p)   [    0.3785,     6.6439]
K                6          0.35        -0.14         0.13   (15-84 p)   [   -9.9658,     3.3219]
sre_coso         7        -0.422       -0.090         0.12   (15-84 p)   [   -1.0000,     1.0000]
sre_sino         8          0.15        -0.14         0.12   (15-84 p)   [   -1.0000,     1.0000]
mean_long        9           325          -18           22   (15-84 p)   [  142.5427,   502.5427]

----- common model:  star_parameters

====================================================================================================
     Statistics on the model parameters obtained from the posteriors samples     
====================================================================================================

----- dataset:  RVdata_expres
jitter_0                 1.418       -0.093         0.11    (15-84 p)
offset_0                  8.53        -0.16         0.15    (15-84 p)


----- dataset:  RVdata_harps
jitter_0                 1.189       -0.080        0.087    (15-84 p)
offset_0                  9.22        -0.14         0.15    (15-84 p)
offset_1                  9.44        -0.28         0.29    (15-84 p)


----- dataset:  RVdata_neid
jitter_0                 1.126       -0.086        0.096    (15-84 p)
offset_0                  9.61        -0.14         0.15    (15-84 p)


----- common model:  b
P                       14.380       -0.062        0.067    (15-84 p)
K                         2.14        -0.11         0.11    (15-84 p)
mean_long                 60.0         -6.6          6.6    (15-84 p)
e                        0.177       -0.049        0.048    (15-84 p)
omega                     -160          -12          299    (15-84 p)

----- common model:  c
P                         75.3         -5.9          8.3    (15-84 p)
K                         1.27        -0.12         0.12    (15-84 p)
mean_long                  325          -18           22    (15-84 p)
e                        0.215       -0.084        0.081    (15-84 p)
omega                      155          -50           15    (15-84 p)

----- common model:  star_parameters

====================================================================================================
     Statistics on the derived parameters obtained from the posteriors samples     
====================================================================================================

----- common model:  b
Inclination fixed to 90 deg!
Computing planetary mass under the approximation M_planet << M_star (threshold at 30.0 Me)
a_Rs                    24.874       -0.072        0.077    (15-84 p)
M_Mj                    0.0252      -0.0013       0.0013    (15-84 p)
M_Me                      8.01        -0.41         0.42    (15-84 p)
Tc                    59336.68        -0.38         0.36    (15-84 p)
a_AU_(M)               0.11573     -0.00033      0.00036    (15-84 p)
a_AU_(rho,R)           0.11573     -0.00033      0.00036    (15-84 p)

----- common model:  c
Inclination fixed to 90 deg!
Computing planetary mass under the approximation M_planet << M_star (threshold at 30.0 Me)
a_Rs                      75.0         -4.0          5.4    (15-84 p)
M_Mj                    0.0258      -0.0024       0.0023    (15-84 p)
M_Me                      8.20        -0.77         0.74    (15-84 p)
Tc                     59365.2         -2.3          2.1    (15-84 p)
a_AU_(M)                 0.349       -0.019        0.025    (15-84 p)
a_AU_(rho,R)             0.349       -0.019        0.025    (15-84 p)


====================================================================================================
     ------------------------------------------------------------------------------------------     
====================================================================================================



30000.0   steps completed, average lnprob:,  -608.2074324068035


Computing the autocorrelation time of the chains

The chains are more than 50 times longer than the ACF, the estimate can be trusted

Reference thinning used in the analysis: 150
Maximum value of the integrated ACF: 2
Step length used in the analysis: 2*nthin = 300

Convergence criteria: less than 1% variation in ACF after 50 times the integrated ACF
At least 50*ACF after convergence, 100*ACF would be ideal
Negative values: not converged yet

   sampler parameter              |    ACF   | ACF*nthin | converged at | nsteps/ACF | to 100*ACF
                                  |          |           |              |            | 
   RVdata_expres_jitter_0         |    1.96  |      295  |    16200     |      98    |     663 
   RVdata_expres_offset_0         |    2.00  |      300  |    16800     |      94    |    1836 
   RVdata_harps_jitter_0          |    1.82  |      273  |    15300     |     109    |       0 
   RVdata_harps_offset_0          |    2.03  |      304  |    17100     |      92    |    2524 
   RVdata_harps_offset_1          |    1.85  |      277  |    16800     |     102    |       0 
   RVdata_neid_jitter_0           |    1.95  |      292  |    16200     |      99    |     414 
   RVdata_neid_offset_0           |    1.99  |      298  |    16800     |      94    |    1643 
   b_P                            |    1.98  |      297  |    17700     |      92    |    2435 
   b_K                            |    1.93  |      289  |    16200     |     100    |     104 
   b_sre_coso                     |    2.12  |      318  |    18000     |      85    |    4817 
   b_sre_sino                     |    2.08  |      313  |    17700     |      87    |    3958 
   b_mean_long                    |    1.97  |      296  |    18300     |      90    |    2852 
   c_P                            |    2.09  |      314  |    17700     |      87    |    4054 
   c_K                            |    2.05  |      307  |    17700     |      89    |    3396 
   c_sre_coso                     |    2.59  |      388  |    21000     |      62    |   14784 
   c_sre_sino                     |    2.15  |      322  |    17700     |      85    |    4941 
   c_mean_long                    |    2.02  |      302  |    16800     |      93    |    2048 

All the chains are longer than 50*ACF, but some are shorter than 100*ACF
PyORBIT should keep running for about 3365 more steps to reach 100*ACF
Suggested value for burnin: 17294

Check the documentation for the correct interpretation of these results:
https://pyorbit.readthedocs.io/running_pyorbit/terminal_output/#autocorrelation-analysis

====================================================================================================
     Statistics on the posterior of the sampler parameters     
====================================================================================================

----- dataset:  RVdata_expres
jitter_0        10         1.418       -0.094         0.10   (15-84 p)   [    0.0010,    14.4000]
offset_0        11          8.52        -0.16         0.15   (15-84 p)   [-9996.1930, 10013.7390]

----- dataset:  RVdata_harps
jitter_0        12         1.191       -0.082        0.089   (15-84 p)   [    0.0009,    12.4000]
offset_0        13          9.23        -0.14         0.15   (15-84 p)   [-9994.9455, 10014.6615]
offset_1        14          9.44        -0.28         0.29   (15-84 p)   [-9994.9455, 10014.6615]

----- dataset:  RVdata_neid
jitter_0        15         1.124       -0.085        0.097   (15-84 p)   [    0.0010,    12.3000]
offset_0        16          9.61        -0.14         0.15   (15-84 p)   [-9994.3136, 10014.8014]

----- common model:  b
P                0        3.8459      -0.0064       0.0067   (15-84 p)   [    0.3785,     6.6439]
K                1         1.101       -0.078        0.074   (15-84 p)   [   -9.9658,     3.3219]
sre_coso         2        -0.396       -0.056        0.069   (15-84 p)   [   -1.0000,     1.0000]
sre_sino         3        -0.103       -0.094         0.10   (15-84 p)   [   -1.0000,     1.0000]
mean_long        4          59.9         -6.5          6.7   (15-84 p)   [ -121.1721,   238.8279]

----- common model:  c
P                5          6.23        -0.12         0.15   (15-84 p)   [    0.3785,     6.6439]
K                6          0.35        -0.14         0.13   (15-84 p)   [   -9.9658,     3.3219]
sre_coso         7        -0.422       -0.089         0.12   (15-84 p)   [   -1.0000,     1.0000]
sre_sino         8          0.15        -0.14         0.12   (15-84 p)   [   -1.0000,     1.0000]
mean_long        9           325          -18           21   (15-84 p)   [  142.5427,   502.5427]

----- common model:  star_parameters

====================================================================================================
     Statistics on the model parameters obtained from the posteriors samples     
====================================================================================================

----- dataset:  RVdata_expres
jitter_0                 1.418       -0.094         0.10    (15-84 p)
offset_0                  8.52        -0.16         0.15    (15-84 p)


----- dataset:  RVdata_harps
jitter_0                 1.191       -0.082        0.089    (15-84 p)
offset_0                  9.23        -0.14         0.15    (15-84 p)
offset_1                  9.44        -0.28         0.29    (15-84 p)


----- dataset:  RVdata_neid
jitter_0                 1.124       -0.085        0.097    (15-84 p)
offset_0                  9.61        -0.14         0.15    (15-84 p)


----- common model:  b
P                       14.379       -0.063        0.067    (15-84 p)
K                         2.15        -0.11         0.11    (15-84 p)
mean_long                 59.9         -6.5          6.7    (15-84 p)
e                        0.177       -0.049        0.048    (15-84 p)
omega                     -160          -12          243    (15-84 p)

----- common model:  c
P                         75.3         -5.9          8.3    (15-84 p)
K                         1.27        -0.12         0.12    (15-84 p)
mean_long                  325          -18           21    (15-84 p)
e                        0.214       -0.083        0.081    (15-84 p)
omega                      155          -61           15    (15-84 p)

----- common model:  star_parameters

====================================================================================================
     Statistics on the derived parameters obtained from the posteriors samples     
====================================================================================================

----- common model:  b
Inclination fixed to 90 deg!
Computing planetary mass under the approximation M_planet << M_star (threshold at 30.0 Me)
a_Rs                    24.873       -0.073        0.077    (15-84 p)
M_Mj                    0.0252      -0.0013       0.0013    (15-84 p)
M_Me                      8.02        -0.41         0.41    (15-84 p)
Tc                    59336.69        -0.39         0.36    (15-84 p)
a_AU_(M)               0.11572     -0.00034      0.00036    (15-84 p)
a_AU_(rho,R)           0.11572     -0.00034      0.00036    (15-84 p)

----- common model:  c
Inclination fixed to 90 deg!
Computing planetary mass under the approximation M_planet << M_star (threshold at 30.0 Me)
a_Rs                      75.0         -4.0          5.4    (15-84 p)
M_Mj                    0.0258      -0.0024       0.0024    (15-84 p)
M_Me                      8.20        -0.78         0.75    (15-84 p)
Tc                     59365.2         -2.3          2.0    (15-84 p)
a_AU_(M)                 0.349       -0.018        0.025    (15-84 p)
a_AU_(rho,R)             0.349       -0.018        0.025    (15-84 p)


====================================================================================================
     ------------------------------------------------------------------------------------------     
====================================================================================================



45000.0   steps completed, average lnprob:,  -608.0074383368935


Computing the autocorrelation time of the chains

The chains are more than 50 times longer than the ACF, the estimate can be trusted

Reference thinning used in the analysis: 150
Maximum value of the integrated ACF: 2
Step length used in the analysis: 2*nthin = 300

Convergence criteria: less than 1% variation in ACF after 50 times the integrated ACF
At least 50*ACF after convergence, 100*ACF would be ideal
Negative values: not converged yet

   sampler parameter              |    ACF   | ACF*nthin | converged at | nsteps/ACF | to 100*ACF
                                  |          |           |              |            | 
   RVdata_expres_jitter_0         |    2.00  |      300  |    16200     |     146    |       0 
   RVdata_expres_offset_0         |    2.02  |      303  |    16800     |     142    |       0 
   RVdata_harps_jitter_0          |    1.90  |      285  |    15600     |     156    |       0 
   RVdata_harps_offset_0          |    2.11  |      316  |    17400     |     135    |       0 
   RVdata_harps_offset_1          |    1.88  |      282  |    16800     |     153    |       0 
   RVdata_neid_jitter_0           |    2.02  |      302  |    16800     |     143    |       0 
   RVdata_neid_offset_0           |    1.98  |      297  |    16800     |     146    |       0 
   b_P                            |    2.01  |      301  |    18300     |     139    |       0 
   b_K                            |    1.97  |      296  |    16500     |     147    |       0 
   b_sre_coso                     |    2.27  |      341  |    19800     |     118    |       0 
   b_sre_sino                     |    2.19  |      329  |    18300     |     127    |       0 
   b_mean_long                    |    2.01  |      302  |    18600     |     137    |       0 
   c_P                            |    2.12  |      318  |    17700     |     133    |       0 
   c_K                            |    2.11  |      317  |    17700     |     133    |       0 
   c_sre_coso                     |    2.69  |      404  |    22200     |      94    |    2602 
   c_sre_sino                     |    2.11  |      316  |    17100     |     136    |       0 
   c_mean_long                    |    2.05  |      308  |    17400     |     138    |       0 

All the chains are longer than 50*ACF, but some are shorter than 100*ACF
PyORBIT should keep running for about 2602 more steps to reach 100*ACF
Suggested value for burnin: 17647

Check the documentation for the correct interpretation of these results:
https://pyorbit.readthedocs.io/running_pyorbit/terminal_output/#autocorrelation-analysis

====================================================================================================
     Statistics on the posterior of the sampler parameters     
====================================================================================================

----- dataset:  RVdata_expres
jitter_0        10         1.419       -0.095         0.10   (15-84 p)   [    0.0010,    14.4000]
offset_0        11          8.52        -0.16         0.16   (15-84 p)   [-9996.1930, 10013.7390]

----- dataset:  RVdata_harps
jitter_0        12         1.190       -0.081        0.089   (15-84 p)   [    0.0009,    12.4000]
offset_0        13          9.23        -0.15         0.15   (15-84 p)   [-9994.9455, 10014.6615]
offset_1        14          9.44        -0.28         0.29   (15-84 p)   [-9994.9455, 10014.6615]

----- dataset:  RVdata_neid
jitter_0        15         1.124       -0.085        0.096   (15-84 p)   [    0.0010,    12.3000]
offset_0        16          9.61        -0.14         0.15   (15-84 p)   [-9994.3136, 10014.8014]

----- common model:  b
P                0        3.8459      -0.0064       0.0067   (15-84 p)   [    0.3785,     6.6439]
K                1         1.102       -0.078        0.073   (15-84 p)   [   -9.9658,     3.3219]
sre_coso         2        -0.397       -0.055        0.071   (15-84 p)   [   -1.0000,     1.0000]
sre_sino         3        -0.104       -0.094         0.10   (15-84 p)   [   -1.0000,     1.0000]
mean_long        4          59.9         -6.5          6.7   (15-84 p)   [ -121.1721,   238.8279]

----- common model:  c
P                5          6.23        -0.12         0.15   (15-84 p)   [    0.3785,     6.6439]
K                6          0.35        -0.14         0.13   (15-84 p)   [   -9.9658,     3.3219]
sre_coso         7        -0.421       -0.090         0.12   (15-84 p)   [   -1.0000,     1.0000]
sre_sino         8          0.15        -0.14         0.12   (15-84 p)   [   -1.0000,     1.0000]
mean_long        9           325          -18           21   (15-84 p)   [  142.5427,   502.5427]

----- common model:  star_parameters

====================================================================================================
     Statistics on the model parameters obtained from the posteriors samples     
====================================================================================================

----- dataset:  RVdata_expres
jitter_0                 1.419       -0.095         0.10    (15-84 p)
offset_0                  8.52        -0.16         0.16    (15-84 p)


----- dataset:  RVdata_harps
jitter_0                 1.190       -0.081        0.089    (15-84 p)
offset_0                  9.23        -0.15         0.15    (15-84 p)
offset_1                  9.44        -0.28         0.29    (15-84 p)


----- dataset:  RVdata_neid
jitter_0                 1.124       -0.085        0.096    (15-84 p)
offset_0                  9.61        -0.14         0.15    (15-84 p)


----- common model:  b
P                       14.379       -0.064        0.067    (15-84 p)
K                         2.15        -0.11         0.11    (15-84 p)
mean_long                 59.9         -6.5          6.7    (15-84 p)
e                        0.177       -0.050        0.048    (15-84 p)
omega                     -160          -12           78    (15-84 p)

----- common model:  c
P                         75.3         -5.9          8.3    (15-84 p)
K                         1.27        -0.12         0.12    (15-84 p)
mean_long                  325          -18           21    (15-84 p)
e                        0.214       -0.084        0.081    (15-84 p)
omega                      154          -73           15    (15-84 p)

----- common model:  star_parameters

====================================================================================================
     Statistics on the derived parameters obtained from the posteriors samples     
====================================================================================================

----- common model:  b
Inclination fixed to 90 deg!
Computing planetary mass under the approximation M_planet << M_star (threshold at 30.0 Me)
a_Rs                    24.873       -0.073        0.077    (15-84 p)
M_Mj                    0.0252      -0.0013       0.0013    (15-84 p)
M_Me                      8.02        -0.41         0.41    (15-84 p)
Tc                    59336.69        -0.39         0.36    (15-84 p)
a_AU_(M)               0.11572     -0.00034      0.00036    (15-84 p)
a_AU_(rho,R)           0.11572     -0.00034      0.00036    (15-84 p)

----- common model:  c
Inclination fixed to 90 deg!
Computing planetary mass under the approximation M_planet << M_star (threshold at 30.0 Me)
a_Rs                      75.0         -3.9          5.4    (15-84 p)
M_Mj                    0.0258      -0.0024       0.0024    (15-84 p)
M_Me                      8.19        -0.77         0.77    (15-84 p)
Tc                     59365.2         -2.3          2.0    (15-84 p)
a_AU_(M)                 0.349       -0.018        0.025    (15-84 p)
a_AU_(rho,R)             0.349       -0.018        0.025    (15-84 p)


====================================================================================================
     ------------------------------------------------------------------------------------------     
====================================================================================================



60000.0   steps completed, average lnprob:,  -609.5265090223311


emcee completed


:::---::: PyORBIT v11.0.1 :::---:::

Python version in use:
3.10.18 (main, Jun  5 2025, 13:14:17) [GCC 11.2.0]
LaTeX disabled by default

Using orbital model:  keplerian
Using orbital parametrization:  Eastman2013

Using orbital model:  keplerian
Using orbital parametrization:  Eastman2013


### PyORBIT version used in the analysis:  11.0.1

 emcee version:  3.1.6

 Reference Time Tref: 59334.700184

 Data points:319
 Dimensions: 17
 Nwalkers:   68
 Steps:      60000


Number of samplings: 20400

Recomputing ln-prior, it may take a while...

ln-probability   distribution:   -608.66       -3.42      2.72 (15-84 p) 
ln-prior         distribution:    -86.01       -2.39      1.83 (15-84 p) 
ln-likelihood    distribution:   -522.39       -4.33      3.65 (15-84 p) 


*** Information criteria using the likelihood distribution

 BIC from distribution  (using likelihood)  =   1142.80     -7.29    8.65 (15-84 p)
 AIC from distribution  (using likelihood)  =   1078.79     -7.29    8.65 (15-84 p)
 AICc from distribution (using likelihood)  =   1080.82     -7.29    8.65 (15-84 p)


*** Information criteria using the median parameter set

 ln_probability of Median solution =   -600.56
 ln_priors of Median solution      =    -85.37
 ln_likelihood of Median solution  =   -515.18

 Median BIC  (using likelihood) =   1128.37
 Median AIC  (using likelihood) =   1064.37
 Median AICc (using likelihood) =   1066.40


*** Information criteria using the MAP parameter set

 ln_probability of MAP solution =   -601.18
 ln_priors of MAP solution      =    -88.19
 ln_likelihood of MAP solution  =   -512.98

 MAP BIC  (using likelihood)    =   1123.97
 MAP AIC  (using likelihood)    =   1059.97
 MAP AICc (using likelihood)    =   1062.00

 AICc suggested over AIC because NDATA ( 319 ) < 40 * NDIM ( 17 )

****************************************************************************************************


Computing the autocorrelation time of the chains

The chains are more than 50 times longer than the ACF, the estimate can be trusted

Reference thinning used in the analysis: 150
Maximum value of the integrated ACF: 2
Step length used in the analysis: 2*nthin = 300

Convergence criteria: less than 1% variation in ACF after 50 times the integrated ACF
At least 50*ACF after convergence, 100*ACF would be ideal
Negative values: not converged yet

   sampler parameter              |    ACF   | ACF*nthin | converged at | nsteps/ACF | to 100*ACF
                                  |          |           |              |            | 
   RVdata_expres_jitter_0         |    2.00  |      300  |    16200     |     146    |       0 
   RVdata_expres_offset_0         |    2.02  |      303  |    16800     |     142    |       0 
   RVdata_harps_jitter_0          |    1.90  |      285  |    15600     |     156    |       0 
   RVdata_harps_offset_0          |    2.11  |      316  |    17400     |     135    |       0 
   RVdata_harps_offset_1          |    1.88  |      282  |    16800     |     153    |       0 
   RVdata_neid_jitter_0           |    2.02  |      302  |    16800     |     143    |       0 
   RVdata_neid_offset_0           |    1.98  |      297  |    16800     |     146    |       0 
   b_P                            |    2.01  |      301  |    18300     |     139    |       0 
   b_K                            |    1.97  |      296  |    16500     |     147    |       0 
   b_sre_coso                     |    2.27  |      341  |    19800     |     118    |       0 
   b_sre_sino                     |    2.19  |      329  |    18300     |     127    |       0 
   b_mean_long                    |    2.01  |      302  |    18600     |     137    |       0 
   c_P                            |    2.12  |      318  |    17700     |     133    |       0 
   c_K                            |    2.11  |      317  |    17700     |     133    |       0 
   c_sre_coso                     |    2.69  |      404  |    22200     |      94    |    2602 
   c_sre_sino                     |    2.11  |      316  |    17100     |     136    |       0 
   c_mean_long                    |    2.05  |      308  |    17400     |     138    |       0 

All the chains are longer than 50*ACF, but some are shorter than 100*ACF
PyORBIT should keep running for about 2602 more steps to reach 100*ACF
Suggested value for burnin: 17647

Check the documentation for the correct interpretation of these results:
https://pyorbit.readthedocs.io/running_pyorbit/terminal_output/#autocorrelation-analysis

 Plotting the ACF... 


====================================================================================================
     Ids, spaces (s), boundaries (b) and priors (p) of the sampler parameters     
====================================================================================================

----- dataset:  RVdata_expres
jitter_0      id:  10  s:Linear      b:[      0.0010,      14.4000]   p:Uniform   []
offset_0      id:  11  s:Linear      b:[  -9996.1930,   10013.7390]   p:Uniform   []

----- dataset:  RVdata_harps
jitter_0      id:  12  s:Linear      b:[      0.0009,      12.4000]   p:Uniform   []
offset_0      id:  13  s:Linear      b:[  -9994.9455,   10014.6615]   p:Uniform   []
offset_1      id:  14  s:Linear      b:[  -9994.9455,   10014.6615]   p:Uniform   []

----- dataset:  RVdata_neid
jitter_0      id:  15  s:Linear      b:[      0.0010,      12.3000]   p:Uniform   []
offset_0      id:  16  s:Linear      b:[  -9994.3136,   10014.8014]   p:Uniform   []

----- common model:  b
P             id:   0  s:Log_Base2   b:[      0.3785,       6.6439]   p:Uniform   []
K             id:   1  s:Log_Base2   b:[     -9.9658,       3.3219]   p:Uniform   []
sre_coso      id:   2  s:Linear      b:[     -1.0000,       1.0000]   p:Uniform   []
sre_sino      id:   3  s:Linear      b:[     -1.0000,       1.0000]   p:Uniform   []
mean_long     id:   4  s:Linear      b:[   -121.1721,     238.8279]   p:Uniform   []
e             derived (no id, space, bound)                           p:Gaussian   [0.    0.098]
omega         derived (no id, space, bound)                           p:Uniform   [0.0, 360.0]

----- common model:  c
P             id:   5  s:Log_Base2   b:[      0.3785,       6.6439]   p:Uniform   []
K             id:   6  s:Log_Base2   b:[     -9.9658,       3.3219]   p:Uniform   []
sre_coso      id:   7  s:Linear      b:[     -1.0000,       1.0000]   p:Uniform   []
sre_sino      id:   8  s:Linear      b:[     -1.0000,       1.0000]   p:Uniform   []
mean_long     id:   9  s:Linear      b:[    142.5427,     502.5427]   p:Uniform   []
e             derived (no id, space, bound)                           p:Gaussian   [0.    0.098]
omega         derived (no id, space, bound)                           p:Uniform   [0.0, 360.0]

----- common model:  star_parameters
mass          derived (no id, space, bound)                           p:Gaussian   [1.e+00 1.e-06]
radius        derived (no id, space, bound)                           p:Gaussian   [1.e+00 1.e-06]
density       derived (no id, space, bound)                           p:Gaussian   [1.e+00 1.e-06]


****************************************************************************************************
****************************************************************************************************

 Confidence intervals (median value, 34.135th percentile from the median on the left and right side)

====================================================================================================
     Statistics on the posterior of the sampler parameters     
====================================================================================================

----- dataset:  RVdata_expres
jitter_0        10         1.419       -0.095         0.10   (15-84 p)   [    0.0010,    14.4000]
offset_0        11          8.52        -0.16         0.16   (15-84 p)   [-9996.1930, 10013.7390]

----- dataset:  RVdata_harps
jitter_0        12         1.190       -0.081        0.089   (15-84 p)   [    0.0009,    12.4000]
offset_0        13          9.23        -0.15         0.15   (15-84 p)   [-9994.9455, 10014.6615]
offset_1        14          9.44        -0.28         0.29   (15-84 p)   [-9994.9455, 10014.6615]

----- dataset:  RVdata_neid
jitter_0        15         1.124       -0.085        0.096   (15-84 p)   [    0.0010,    12.3000]
offset_0        16          9.61        -0.14         0.15   (15-84 p)   [-9994.3136, 10014.8014]

----- common model:  b
P                0        3.8459      -0.0064       0.0067   (15-84 p)   [    0.3785,     6.6439]
K                1         1.102       -0.078        0.073   (15-84 p)   [   -9.9658,     3.3219]
sre_coso         2        -0.397       -0.055        0.071   (15-84 p)   [   -1.0000,     1.0000]
sre_sino         3        -0.104       -0.094         0.10   (15-84 p)   [   -1.0000,     1.0000]
mean_long        4          59.9         -6.5          6.7   (15-84 p)   [ -121.1721,   238.8279]

----- common model:  c
P                5          6.23        -0.12         0.15   (15-84 p)   [    0.3785,     6.6439]
K                6          0.35        -0.14         0.13   (15-84 p)   [   -9.9658,     3.3219]
sre_coso         7        -0.421       -0.090         0.12   (15-84 p)   [   -1.0000,     1.0000]
sre_sino         8          0.15        -0.14         0.12   (15-84 p)   [   -1.0000,     1.0000]
mean_long        9           325          -18           21   (15-84 p)   [  142.5427,   502.5427]

----- common model:  star_parameters

====================================================================================================
     Statistics on the model parameters obtained from the posteriors samples     
====================================================================================================

----- dataset:  RVdata_expres
jitter_0                 1.419       -0.095         0.10    (15-84 p)
offset_0                  8.52        -0.16         0.16    (15-84 p)


----- dataset:  RVdata_harps
jitter_0                 1.190       -0.081        0.089    (15-84 p)
offset_0                  9.23        -0.15         0.15    (15-84 p)
offset_1                  9.44        -0.28         0.29    (15-84 p)


----- dataset:  RVdata_neid
jitter_0                 1.124       -0.085        0.096    (15-84 p)
offset_0                  9.61        -0.14         0.15    (15-84 p)


----- common model:  b
P                       14.379       -0.064        0.067    (15-84 p)
K                         2.15        -0.11         0.11    (15-84 p)
mean_long                 59.9         -6.5          6.7    (15-84 p)
e                        0.177       -0.050        0.048    (15-84 p)
omega                     -165          -15           13    (15-84 p)

----- common model:  c
P                         75.3         -5.9          8.3    (15-84 p)
K                         1.27        -0.12         0.12    (15-84 p)
mean_long                  325          -18           21    (15-84 p)
e                        0.214       -0.084        0.081    (15-84 p)
omega                      161          -18           18    (15-84 p)

----- common model:  star_parameters

====================================================================================================
     Statistics on the derived parameters obtained from the posteriors samples     
====================================================================================================

----- common model:  b
Inclination fixed to 90 deg!
Computing planetary mass under the approximation M_planet << M_star (threshold at 30.0 Me)
a_Rs                    24.873       -0.073        0.077    (15-84 p)
M_Mj                    0.0252      -0.0013       0.0013    (15-84 p)
M_Me                      8.02        -0.41         0.41    (15-84 p)
Tc                    59336.69        -0.39         0.36    (15-84 p)
a_AU_(M)               0.11572     -0.00034      0.00036    (15-84 p)
a_AU_(rho,R)           0.11572     -0.00034      0.00036    (15-84 p)

----- common model:  c
Inclination fixed to 90 deg!
Computing planetary mass under the approximation M_planet << M_star (threshold at 30.0 Me)
a_Rs                      75.0         -3.9          5.4    (15-84 p)
M_Mj                    0.0258      -0.0024       0.0024    (15-84 p)
M_Me                      8.19        -0.77         0.77    (15-84 p)
Tc                     59365.2         -2.3          2.0    (15-84 p)
a_AU_(M)                 0.349       -0.018        0.025    (15-84 p)
a_AU_(rho,R)             0.349       -0.018        0.025    (15-84 p)


====================================================================================================
     ------------------------------------------------------------------------------------------     
====================================================================================================



****************************************************************************************************

 Parameters corresponding to the Maximum a Posteriori probability ( -601.1757859538785 )

====================================================================================================
     Statistics on the posterior of the sampler parameters     
====================================================================================================

----- dataset:  RVdata_expres
jitter_0        10      1.374282 [    0.0010,    14.4000]
offset_0        11      8.593867 [-9996.1930, 10013.7390]

----- dataset:  RVdata_harps
jitter_0        12      1.124394 [    0.0009,    12.4000]
offset_0        13      9.196898 [-9994.9455, 10014.6615]
offset_1        14      9.244513 [-9994.9455, 10014.6615]

----- dataset:  RVdata_neid
jitter_0        15      1.097088 [    0.0010,    12.3000]
offset_0        16      9.600128 [-9994.3136, 10014.8014]

----- common model:  b
P                0      3.846410 [    0.3785,     6.6439]
K                1      1.087779 [   -9.9658,     3.3219]
sre_coso         2     -0.428772 [   -1.0000,     1.0000]
sre_sino         3     -0.091393 [   -1.0000,     1.0000]
mean_long        4     59.246585 [ -121.1721,   238.8279]

----- common model:  c
P                5      6.177602 [    0.3785,     6.6439]
K                6      0.396164 [   -9.9658,     3.3219]
sre_coso         7     -0.507497 [   -1.0000,     1.0000]
sre_sino         8      0.185113 [   -1.0000,     1.0000]
mean_long        9    314.239807 [  142.5427,   502.5427]

----- common model:  star_parameters

====================================================================================================
     Statistics on the model parameters obtained from the posteriors samples     
====================================================================================================

----- dataset:  RVdata_expres
jitter_0              1.374282 
offset_0              8.593867 


----- dataset:  RVdata_harps
jitter_0              1.124394 
offset_0              9.196898 
offset_1              9.244513 


----- dataset:  RVdata_neid
jitter_0              1.097088 
offset_0              9.600128 


----- common model:  b
P                    14.384167 
K                     2.125465 
mean_long            59.246585 
e                     0.192199 
omega              -167.967457 

----- common model:  c
P                    72.384143 
K                     1.316004 
mean_long           314.239807 
e                     0.291821 
omega               159.960190 

----- common model:  star_parameters

====================================================================================================
     Statistics on the derived parameters obtained from the posteriors samples     
====================================================================================================

----- common model:  b
Inclination fixed to 90 deg!
a_Rs                 24.879348 
M_Mj                  0.024955 
M_Me                  7.932892 
Tc                59336.810879 
a_AU_(M)              0.115752 
a_AU_(rho,R)          0.115751 

----- common model:  c
Inclination fixed to 90 deg!
a_Rs                 73.059864 
M_Mj                  0.025806 
M_Me                  8.203527 
Tc                59367.796891 
a_AU_(M)              0.339912 
a_AU_(rho,R)          0.339909 


====================================================================================================
     ------------------------------------------------------------------------------------------     
====================================================================================================



****************************************************************************************************

 Parameters corresponding to the sample closest to the median values ( -602.2287878850575 )

====================================================================================================
     Statistics on the posterior of the sampler parameters     
====================================================================================================

----- dataset:  RVdata_expres
jitter_0        10      1.459704 [    0.0010,    14.4000]
offset_0        11      8.412998 [-9996.1930, 10013.7390]

----- dataset:  RVdata_harps
jitter_0        12      1.179316 [    0.0009,    12.4000]
offset_0        13      9.225091 [-9994.9455, 10014.6615]
offset_1        14      9.465429 [-9994.9455, 10014.6615]

----- dataset:  RVdata_neid
jitter_0        15      1.139246 [    0.0010,    12.3000]
offset_0        16      9.601943 [-9994.3136, 10014.8014]

----- common model:  b
P                0      3.840046 [    0.3785,     6.6439]
K                1      1.088298 [   -9.9658,     3.3219]
sre_coso         2     -0.430099 [   -1.0000,     1.0000]
sre_sino         3     -0.115955 [   -1.0000,     1.0000]
mean_long        4     56.142086 [ -121.1721,   238.8279]

----- common model:  c
P                5      6.259798 [    0.3785,     6.6439]
K                6      0.332219 [   -9.9658,     3.3219]
sre_coso         7     -0.501536 [   -1.0000,     1.0000]
sre_sino         8      0.147504 [   -1.0000,     1.0000]
mean_long        9    330.182978 [  142.5427,   502.5427]

----- common model:  star_parameters

====================================================================================================
     Statistics on the model parameters obtained from the posteriors samples     
====================================================================================================

----- dataset:  RVdata_expres
jitter_0              1.459704 
offset_0              8.412998 


----- dataset:  RVdata_harps
jitter_0              1.179316 
offset_0              9.225091 
offset_1              9.465429 


----- dataset:  RVdata_neid
jitter_0              1.139246 
offset_0              9.601943 


----- common model:  b
P                    14.320862 
K                     2.126231 
mean_long            56.142086 
e                     0.198431 
omega              -164.911709 

----- common model:  c
P                    76.627900 
K                     1.258948 
mean_long           330.182978 
e                     0.273296 
omega               163.611194 

----- common model:  star_parameters

====================================================================================================
     Statistics on the derived parameters obtained from the posteriors samples     
====================================================================================================

----- common model:  b
Inclination fixed to 90 deg!
a_Rs                 24.806288 
M_Mj                  0.024895 
M_Me                  7.914069 
Tc                59336.949760 
a_AU_(M)              0.115412 
a_AU_(rho,R)          0.115411 

----- common model:  c
Inclination fixed to 90 deg!
a_Rs                 75.888130 
M_Mj                  0.025304 
M_Me                  8.043957 
Tc                59366.178821 
a_AU_(M)              0.353071 
a_AU_(rho,R)          0.353068 


====================================================================================================
     ------------------------------------------------------------------------------------------     
====================================================================================================



****************************************************************************************************

Inclination fixed to 90 deg!
Inclination fixed to 90 deg!
Note: stellar density derived from stellar mass and radius

Inclination fixed to 90 deg!
Inclination fixed to 90 deg!
Inclination fixed to 90 deg!
Inclination fixed to 90 deg!
 Plot FLAT chain 

****************************************************************************************************

Plotting full_correlation plot with pygtc

****************************************************************************************************

 Plotting the chains... 

****************************************************************************************************

 Plotting the Gelman-Rubin traces... 

     Gelman-Rubin:    10     1.001121 RVdata_expres_jitter_0 
     Gelman-Rubin:    11     1.001488 RVdata_expres_offset_0 
     Gelman-Rubin:    12     1.001405 RVdata_harps_jitter_0 
     Gelman-Rubin:    13     1.001530 RVdata_harps_offset_0 
     Gelman-Rubin:    14     1.001827 RVdata_harps_offset_1 
     Gelman-Rubin:    15     1.001238 RVdata_neid_jitter_0 
     Gelman-Rubin:    16     1.001570 RVdata_neid_offset_0 
     Gelman-Rubin:     0     1.001898 b_P 
     Gelman-Rubin:     1     1.001625 b_K 
     Gelman-Rubin:     2     1.001472 b_sre_coso 
     Gelman-Rubin:     3     1.001175 b_sre_sino 
     Gelman-Rubin:     4     1.001679 b_mean_long 
     Gelman-Rubin:     5     1.001307 c_P 
     Gelman-Rubin:     6     1.001619 c_K 
     Gelman-Rubin:     7     1.003005 c_sre_coso 
     Gelman-Rubin:     8     1.000882 c_sre_sino 
     Gelman-Rubin:     9     1.001333 c_mean_long 

****************************************************************************************************

Plotting the common models corner plots
     Common model:  b
     Common model:  c
     Common model:  star_parameters

****************************************************************************************************

Plotting the dataset + models corner plots 

     Dataset:  RVdata_expres     model:  radial_velocities_b  corner plot  starting 
     Dataset:  RVdata_expres     model:  radial_velocities_b  corner plot  done 
     Dataset:  RVdata_expres     model:  radial_velocities_c  corner plot  starting 
     Dataset:  RVdata_expres     model:  radial_velocities_c  corner plot  done 
     Dataset:  RVdata_harps     model:  radial_velocities_b  corner plot  starting 
     Dataset:  RVdata_harps     model:  radial_velocities_b  corner plot  done 
     Dataset:  RVdata_harps     model:  radial_velocities_c  corner plot  starting 
     Dataset:  RVdata_harps     model:  radial_velocities_c  corner plot  done 
     Dataset:  RVdata_neid     model:  radial_velocities_b  corner plot  starting 
     Dataset:  RVdata_neid     model:  radial_velocities_b  corner plot  done 
     Dataset:  RVdata_neid     model:  radial_velocities_c  corner plot  starting 
     Dataset:  RVdata_neid     model:  radial_velocities_c  corner plot  done 

****************************************************************************************************

 Saving the planet parameter samplings to files (with plots)

****************************************************************************************************

 Saving all the parameter samplings to files (with plots)

****************************************************************************************************

 Computing the models for plot/data writing 
 Writing the plots 
 Writing the   data files 
 Writing the  MAP_ data files 
 Writing the  sampleMED_ data files 

****************************************************************************************************

