
:::---::: PyORBIT v11.0.1 :::---:::

Python version in use:
3.10.18 (main, Jun  5 2025, 13:14:17) [GCC 11.2.0]

reloaded_optimize:  False
reloaded_pyde:  False
reloaded_emcee:  False

number of multiprocessing threads: 16
multiprocessing method (should be fork):  fork

parameters/safe_reload flag (must be True for tinygp):  False

Opening:  RVdata
Opening:  BISdata
Opening:  FWHMdata
Opening:  CaIIdata
Opening:  Halphadata

Adding common model of planet:  b
Using orbital model:  keplerian
Using orbital parametrization:  Eastman2013

gp_multidimensional  S+LEAF model, number of harmonics: 4

GP model: gp_multidimensional  hyperparameters_condition:    True
GP model: gp_multidimensional  rotation_decay_condition:     True

====================================================================================================
     Ids, spaces (s), boundaries (b) and priors (p) of the sampler parameters     
====================================================================================================

----- dataset:  RVdata
jitter_0      id:   8  s:Linear      b:[      0.0009,      13.3000]   p:Uniform   []
offset_0      id:   9  s:Linear      b:[ -10006.2420,   10013.7830]   p:Uniform   []
offset_1      id:  10  s:Linear      b:[ -10006.2420,   10013.7830]   p:Uniform   []
offset_2      id:  11  s:Linear      b:[ -10006.2420,   10013.7830]   p:Uniform   []
offset_3      id:  12  s:Linear      b:[ -10006.2420,   10013.7830]   p:Uniform   []

----- dataset: RVdata                    ----- model: gp_multidimensional           
rot_amp       id:  13  s:Linear      b:[      0.0000,      10.0000]   p:Uniform   []
con_amp       id:  14  s:Linear      b:[    -20.0000,      20.0000]   p:Uniform   []

----- dataset:  BISdata
jitter_0      id:  15  s:Linear      b:[      0.0095,      95.0000]   p:Uniform   []
offset_0      id:  16  s:Linear      b:[ -10079.7500,    9960.6500]   p:Uniform   []
offset_1      id:  17  s:Linear      b:[ -10079.7500,    9960.6500]   p:Uniform   []
offset_2      id:  18  s:Linear      b:[ -10079.7500,    9960.6500]   p:Uniform   []
offset_3      id:  19  s:Linear      b:[ -10079.7500,    9960.6500]   p:Uniform   []

----- dataset: BISdata                   ----- model: gp_multidimensional           
rot_amp       id:  20  s:Linear      b:[    -10.0000,      10.0000]   p:Uniform   []
con_amp       id:  21  s:Linear      b:[    -20.0000,      20.0000]   p:Uniform   []

----- dataset:  FWHMdata
jitter_0      id:  22  s:Linear      b:[      0.0500,     500.0000]   p:Uniform   []
offset_0      id:  23  s:Linear      b:[  -3317.3615,   16947.7259]   p:Uniform   []
offset_1      id:  24  s:Linear      b:[  -3317.3615,   16947.7259]   p:Uniform   []
offset_2      id:  25  s:Linear      b:[  -3317.3615,   16947.7259]   p:Uniform   []
offset_3      id:  26  s:Linear      b:[  -3317.3615,   16947.7259]   p:Uniform   []

----- dataset: FWHMdata                  ----- model: gp_multidimensional           
rot_amp       id:  27  s:Linear      b:[    -10.0000,      10.0000]   p:Uniform   []
con_amp       id:  28  s:Linear      b:[    -20.0000,      20.0000]   p:Uniform   []

----- dataset:  CaIIdata
jitter_0      id:  29  s:Linear      b:[      0.0000,       0.3000]   p:Uniform   []
offset_0      id:  30  s:Linear      b:[  -9999.9071,   10000.1089]   p:Uniform   []
offset_1      id:  31  s:Linear      b:[  -9999.9071,   10000.1089]   p:Uniform   []
offset_2      id:  32  s:Linear      b:[  -9999.9071,   10000.1089]   p:Uniform   []
offset_3      id:  33  s:Linear      b:[  -9999.9071,   10000.1089]   p:Uniform   []

----- dataset: CaIIdata                  ----- model: gp_multidimensional           
rot_amp       id:  34  s:Linear      b:[    -10.0000,      10.0000]   p:Uniform   []
con_amp       id:  35  s:Linear      b:[    -20.0000,      20.0000]   p:Uniform   []

----- dataset:  Halphadata
jitter_0      id:  36  s:Linear      b:[      0.0000,       0.1000]   p:Uniform   []
offset_0      id:  37  s:Linear      b:[  -9999.8297,   10000.1786]   p:Uniform   []
offset_1      id:  38  s:Linear      b:[  -9999.8297,   10000.1786]   p:Uniform   []
offset_2      id:  39  s:Linear      b:[  -9999.8297,   10000.1786]   p:Uniform   []
offset_3      id:  40  s:Linear      b:[  -9999.8297,   10000.1786]   p:Uniform   []

----- dataset: Halphadata                ----- model: gp_multidimensional           
rot_amp       id:  41  s:Linear      b:[    -10.0000,      10.0000]   p:Uniform   []
con_amp       id:  42  s:Linear      b:[    -20.0000,      20.0000]   p:Uniform   []

----- common model:  b
P             id:   0  s:Log_Base2   b:[      0.3785,       6.6439]   p:Uniform   []
K             id:   1  s:Log_Base2   b:[     -9.9658,       3.3219]   p:Uniform   []
sre_coso      id:   2  s:Linear      b:[     -1.0000,       1.0000]   p:Uniform   []
sre_sino      id:   3  s:Linear      b:[     -1.0000,       1.0000]   p:Uniform   []
mean_long     id:   4  s:Linear      b:[      0.0000,     360.0000]   p:Uniform   []
e             derived (no id, space, bound)                           p:Gaussian   [0.    0.098]
omega         derived (no id, space, bound)                           p:Uniform   [0.0, 360.0]

----- common model:  activity
Prot          id:   5  s:Linear      b:[     20.0000,      35.0000]   p:Gaussian   [28.   0.5]
Pdec          id:   6  s:Linear      b:[     30.0000,    1000.0000]   p:Uniform   []
Oamp          id:   7  s:Log_Base2   b:[     -6.6439,       0.0000]   p:Gaussian   [0.35  0.035]

----- common model:  star_parameters
mass          derived (no id, space, bound)                           p:Gaussian   [1.e+00 1.e-06]
radius        derived (no id, space, bound)                           p:Gaussian   [1.e+00 1.e-06]
density       derived (no id, space, bound)                           p:Gaussian   [1.e+00 1.e-06]

Include priors:  True

Reference Time Tref:  59334.700184

Dimensions =  43
Nwalkers =  172

Using threading pool for PyDE: True
PyDE running
Boundaries redefined after PyDE output
PyDE completed, it took        539.1 seconds

====================================================================================================
     Starting point of the sample/optimization routines    
====================================================================================================

----- dataset:  RVdata
jitter_0         8      1.358164 [    0.0009,    13.3000]
offset_0         9      2.347394 [-10006.2420, 10013.7830]
offset_1        10      4.644852 [-10006.2420, 10013.7830]
offset_2        11      3.703699 [-10006.2420, 10013.7830]
offset_3        12      3.520120 [-10006.2420, 10013.7830]

----- dataset: RVdata                    ----- model: gp_multidimensional           
rot_amp         13      0.000988 [    0.0000,    10.0000]
con_amp         14      4.078304 [  -20.0000,    20.0000]

----- dataset:  BISdata
jitter_0        15      1.679354 [    0.0095,    95.0000]
offset_0        16    -74.122938 [-10079.7500,  9960.6500]
offset_1        17    -44.822626 [-10079.7500,  9960.6500]
offset_2        18    -52.241716 [-10079.7500,  9960.6500]
offset_3        19    -59.798349 [-10079.7500,  9960.6500]

----- dataset: BISdata                   ----- model: gp_multidimensional           
rot_amp         20     -3.418014 [  -10.0000,    10.0000]
con_amp         21      0.288379 [  -20.0000,    20.0000]

----- dataset:  FWHMdata
jitter_0        22      0.052716 [    0.0500,   500.0000]
offset_0        23   6693.948485 [-3317.3615, 16947.7259]
offset_1        24   6938.780955 [-3317.3615, 16947.7259]
offset_2        25   6857.207221 [-3317.3615, 16947.7259]
offset_3        26   6897.141933 [-3317.3615, 16947.7259]

----- dataset: FWHMdata                  ----- model: gp_multidimensional           
rot_amp         27     -5.077263 [  -10.0000,    10.0000]
con_amp         28     -3.614149 [  -20.0000,    20.0000]

----- dataset:  CaIIdata
jitter_0        29      0.000032 [    0.0000,     0.3000]
offset_0        30      0.100510 [-9999.9071, 10000.1089]
offset_1        31      0.103735 [-9999.9071, 10000.1089]
offset_2        32      0.104487 [-9999.9071, 10000.1089]
offset_3        33      0.099454 [-9999.9071, 10000.1089]

----- dataset: CaIIdata                  ----- model: gp_multidimensional           
rot_amp         34      0.001626 [  -10.0000,    10.0000]
con_amp         35     -0.000087 [  -20.0000,    20.0000]

----- dataset:  Halphadata
jitter_0        36      0.000010 [    0.0000,     0.1000]
offset_0        37      0.172028 [-9999.8297, 10000.1786]
offset_1        38      0.174030 [-9999.8297, 10000.1786]
offset_2        39      0.174738 [-9999.8297, 10000.1786]
offset_3        40      0.171145 [-9999.8297, 10000.1786]

----- dataset: Halphadata                ----- model: gp_multidimensional           
rot_amp         41     -0.000766 [  -10.0000,    10.0000]
con_amp         42      0.000030 [  -20.0000,    20.0000]

----- common model:  b
P                0      3.393890 [    0.3785,     6.6439]
K                1      0.492797 [   -9.9658,     3.3219]
sre_coso         2      0.229455 [   -1.0000,     1.0000]
sre_sino         3     -0.121549 [   -1.0000,     1.0000]
mean_long        4    284.748419 [  104.7484,   464.7484]

----- common model:  activity
Prot             5     28.240586 [   20.0000,    35.0000]
Pdec             6     30.005256 [   30.0000,  1000.0000]
Oamp             7     -1.459224 [   -6.6439,     0.0000]

----- common model:  star_parameters

====================================================================================================
     Starting point projected onto the model parameter space     
====================================================================================================

----- dataset:  RVdata
jitter_0              1.358164 
offset_0              2.347394 
offset_1              4.644852 
offset_2              3.703699 
offset_3              3.520120 


----- dataset: RVdata                    ----- model: gp_multidimensional           
rot_amp               0.000988 
con_amp               4.078304 

----- dataset:  BISdata
jitter_0              1.679354 
offset_0            -74.122938 
offset_1            -44.822626 
offset_2            -52.241716 
offset_3            -59.798349 


----- dataset: BISdata                   ----- model: gp_multidimensional           
rot_amp              -3.418014 
con_amp               0.288379 

----- dataset:  FWHMdata
jitter_0              0.052716 
offset_0           6693.948485 
offset_1           6938.780955 
offset_2           6857.207221 
offset_3           6897.141933 


----- dataset: FWHMdata                  ----- model: gp_multidimensional           
rot_amp              -5.077263 
con_amp              -3.614149 

----- dataset:  CaIIdata
jitter_0              0.000032 
offset_0              0.100510 
offset_1              0.103735 
offset_2              0.104487 
offset_3              0.099454 


----- dataset: CaIIdata                  ----- model: gp_multidimensional           
rot_amp               0.001626 
con_amp              -0.000087 

----- dataset:  Halphadata
jitter_0              0.000010 
offset_0              0.172028 
offset_1              0.174030 
offset_2              0.174738 
offset_3              0.171145 


----- dataset: Halphadata                ----- model: gp_multidimensional           
rot_amp              -0.000766 
con_amp               0.000030 

----- common model:  b
P                    10.511451 
K                     1.407170 
mean_long           284.748419 
e                     0.067424 
omega               -27.911536 

----- common model:  activity
Prot                 28.240586 
Pdec                 30.005256 
Oamp                  0.363689 

----- common model:  star_parameters

====================================================================================================
     Derived parameters obtained from starting point     
====================================================================================================

----- common model:  b
Inclination fixed to 90 deg!
a_Rs                 20.184840 
M_Mj                  0.015129 
M_Me                  4.809480 
Tc                59339.321230 
a_AU_(M)              0.093910 
a_AU_(rho,R)          0.093909 


====================================================================================================
     Statistics on the log-likelihood     
====================================================================================================

 LN probability:   859.801756 

====================================================================================================
     ------------------------------------------------------------------------------------------     
====================================================================================================



*************************************************************

Running emcee

emcee version:  3.1.6
Using threading pool for emcee: True

Saving temporary steps


Computing the autocorrelation time of the chains

***** WARNING ******
The integrated autocorrelation time cannot be reliably estimated
likely the chains are too short, and ACF analysis is not fully reliable
emcee.autocorr.integrated_time tolerance lowered to 20
If you still get a warning, you should drop these results entirely
Chains too short to apply convergence criteria
They should be at least 550*nthin = 82500

====================================================================================================
     Statistics on the posterior of the sampler parameters     
====================================================================================================

----- dataset:  RVdata
jitter_0         8         1.377       -0.055        0.061   (15-84 p)   [    0.0009,    13.3000]
offset_0         9           3.0         -2.7          2.9   (15-84 p)   [-10006.2420, 10013.7830]
offset_1        10           5.3         -2.7          2.9   (15-84 p)   [-10006.2420, 10013.7830]
offset_2        11           4.3         -2.7          2.9   (15-84 p)   [-10006.2420, 10013.7830]
offset_3        12           4.1         -2.7          2.9   (15-84 p)   [-10006.2420, 10013.7830]

----- dataset: RVdata                    ----- model: gp_multidimensional           
rot_amp         13          0.45        -0.35         0.93   (15-84 p)   [    0.0000,    10.0000]
con_amp         14           6.1         -1.2          1.7   (15-84 p)   [  -20.0000,    20.0000]

----- dataset:  BISdata
jitter_0        15         1.711       -0.088        0.094   (15-84 p)   [    0.0095,    95.0000]
offset_0        16        -74.08        -0.27         0.30   (15-84 p)   [-10079.7500,  9960.6500]
offset_1        17        -44.77        -0.44         0.50   (15-84 p)   [-10079.7500,  9960.6500]
offset_2        18        -52.19        -0.30         0.34   (15-84 p)   [-10079.7500,  9960.6500]
offset_3        19        -59.77        -0.29         0.32   (15-84 p)   [-10079.7500,  9960.6500]

----- dataset: BISdata                   ----- model: gp_multidimensional           
rot_amp         20          -4.8         -1.9          1.6   (15-84 p)   [  -10.0000,    10.0000]
con_amp         21          0.42        -0.20         0.25   (15-84 p)   [  -20.0000,    20.0000]

----- dataset:  FWHMdata
jitter_0        22          0.32        -0.19         0.31   (15-84 p)   [    0.0500,   500.0000]
offset_0        23        6693.4         -2.6          2.4   (15-84 p)   [-3317.3615, 16947.7259]
offset_1        24        6938.3         -2.7          2.6   (15-84 p)   [-3317.3615, 16947.7259]
offset_2        25        6856.7         -2.6          2.5   (15-84 p)   [-3317.3615, 16947.7259]
offset_3        26        6896.6         -2.6          2.5   (15-84 p)   [-3317.3615, 16947.7259]

----- dataset: FWHMdata                  ----- model: gp_multidimensional           
rot_amp         27          -6.1         -2.6          3.3   (15-84 p)   [  -10.0000,    10.0000]
con_amp         28          -5.4         -1.6          1.1   (15-84 p)   [  -20.0000,    20.0000]

----- dataset:  CaIIdata
jitter_0        29       0.00022     -0.00013      0.00021   (15-84 p)   [    0.0000,     0.3000]
offset_0        30       0.10050     -0.00035      0.00033   (15-84 p)   [-9999.9071, 10000.1089]
offset_1        31       0.10374     -0.00065      0.00062   (15-84 p)   [-9999.9071, 10000.1089]
offset_2        32       0.10446     -0.00039      0.00038   (15-84 p)   [-9999.9071, 10000.1089]
offset_3        33       0.09945     -0.00036      0.00036   (15-84 p)   [-9999.9071, 10000.1089]

----- dataset: CaIIdata                  ----- model: gp_multidimensional           
rot_amp         34        0.0024      -0.0021       0.0025   (15-84 p)   [  -10.0000,    10.0000]
con_amp         35      -0.00014     -0.00030      0.00030   (15-84 p)   [  -20.0000,    20.0000]

----- dataset:  Halphadata
jitter_0        36      0.000066    -0.000040     0.000057   (15-84 p)   [    0.0000,     0.1000]
offset_0        37       0.17203     -0.00011      0.00011   (15-84 p)   [-9999.8297, 10000.1786]
offset_1        38       0.17405     -0.00021      0.00020   (15-84 p)   [-9999.8297, 10000.1786]
offset_2        39       0.17474     -0.00013      0.00013   (15-84 p)   [-9999.8297, 10000.1786]
offset_3        40       0.17114     -0.00012      0.00013   (15-84 p)   [-9999.8297, 10000.1786]

----- dataset: Halphadata                ----- model: gp_multidimensional           
rot_amp         41      -0.00102     -0.00075      0.00065   (15-84 p)   [  -10.0000,    10.0000]
con_amp         42      0.000045    -0.000094      0.00010   (15-84 p)   [  -20.0000,    20.0000]

----- common model:  b
P                0         3.396       -0.025        0.025   (15-84 p)   [    0.3785,     6.6439]
K                1          0.33        -0.34         0.30   (15-84 p)   [   -9.9658,     3.3219]
sre_coso         2          0.09        -0.20         0.18   (15-84 p)   [   -1.0000,     1.0000]
sre_sino         3         -0.09        -0.18         0.21   (15-84 p)   [   -1.0000,     1.0000]
mean_long        4           287          -34           36   (15-84 p)   [  104.7484,   464.7484]

----- common model:  activity
Prot             5         28.18        -0.45         0.41   (15-84 p)   [   20.0000,    35.0000]
Pdec             6          34.8         -3.8          9.5   (15-84 p)   [   30.0000,  1000.0000]
Oamp             7         -1.39        -0.13         0.11   (15-84 p)   [   -6.6439,     0.0000]

----- common model:  star_parameters

====================================================================================================
     Statistics on the model parameters obtained from the posteriors samples     
====================================================================================================

----- dataset:  RVdata
jitter_0                 1.377       -0.055        0.061    (15-84 p)
offset_0                   3.0         -2.7          2.9    (15-84 p)
offset_1                   5.3         -2.7          2.9    (15-84 p)
offset_2                   4.3         -2.7          2.9    (15-84 p)
offset_3                   4.1         -2.7          2.9    (15-84 p)


----- dataset: RVdata                    ----- model: gp_multidimensional           
rot_amp                   0.45        -0.35         0.93    (15-84 p)
con_amp                    6.1         -1.2          1.7    (15-84 p)

----- dataset:  BISdata
jitter_0                 1.711       -0.088        0.094    (15-84 p)
offset_0                -74.08        -0.27         0.30    (15-84 p)
offset_1                -44.77        -0.44         0.50    (15-84 p)
offset_2                -52.19        -0.30         0.34    (15-84 p)
offset_3                -59.77        -0.29         0.32    (15-84 p)


----- dataset: BISdata                   ----- model: gp_multidimensional           
rot_amp                   -4.8         -1.9          1.6    (15-84 p)
con_amp                   0.42        -0.20         0.25    (15-84 p)

----- dataset:  FWHMdata
jitter_0                  0.32        -0.19         0.31    (15-84 p)
offset_0                6693.4         -2.6          2.4    (15-84 p)
offset_1                6938.3         -2.7          2.6    (15-84 p)
offset_2                6856.7         -2.6          2.5    (15-84 p)
offset_3                6896.6         -2.6          2.5    (15-84 p)


----- dataset: FWHMdata                  ----- model: gp_multidimensional           
rot_amp                   -6.1         -2.6          3.3    (15-84 p)
con_amp                   -5.4         -1.6          1.1    (15-84 p)

----- dataset:  CaIIdata
jitter_0               0.00022     -0.00013      0.00021    (15-84 p)
offset_0               0.10050     -0.00035      0.00033    (15-84 p)
offset_1               0.10374     -0.00065      0.00062    (15-84 p)
offset_2               0.10446     -0.00039      0.00038    (15-84 p)
offset_3               0.09945     -0.00036      0.00036    (15-84 p)


----- dataset: CaIIdata                  ----- model: gp_multidimensional           
rot_amp                 0.0024      -0.0021       0.0025    (15-84 p)
con_amp               -0.00014     -0.00030      0.00030    (15-84 p)

----- dataset:  Halphadata
jitter_0              0.000066    -0.000040     0.000057    (15-84 p)
offset_0               0.17203     -0.00011      0.00011    (15-84 p)
offset_1               0.17405     -0.00021      0.00020    (15-84 p)
offset_2               0.17474     -0.00013      0.00013    (15-84 p)
offset_3               0.17114     -0.00012      0.00013    (15-84 p)


----- dataset: Halphadata                ----- model: gp_multidimensional           
rot_amp               -0.00102     -0.00075      0.00065    (15-84 p)
con_amp               0.000045    -0.000094      0.00010    (15-84 p)

----- common model:  b
P                        10.53        -0.18         0.18    (15-84 p)
K                         1.26        -0.27         0.29    (15-84 p)
mean_long                  287          -34           36    (15-84 p)
e                        0.067       -0.048        0.071    (15-84 p)
omega                      -34          -72           95    (15-84 p)

----- common model:  activity
Prot                     28.18        -0.45         0.41    (15-84 p)
Pdec                      34.8         -3.8          9.5    (15-84 p)
Oamp                     0.381       -0.032        0.031    (15-84 p)

----- common model:  star_parameters

====================================================================================================
     Statistics on the derived parameters obtained from the posteriors samples     
====================================================================================================

----- common model:  b
Inclination fixed to 90 deg!
Computing planetary mass under the approximation M_planet << M_star (threshold at 30.0 Me)
a_Rs                     20.20        -0.23         0.24    (15-84 p)
M_Mj                    0.0135      -0.0029       0.0031    (15-84 p)
M_Me                      4.29        -0.91         0.98    (15-84 p)
Tc                     59339.3         -1.1          1.0    (15-84 p)
a_AU_(M)                0.0940      -0.0011       0.0011    (15-84 p)
a_AU_(rho,R)            0.0940      -0.0011       0.0011    (15-84 p)


====================================================================================================
     ------------------------------------------------------------------------------------------     
====================================================================================================



15000.0   steps completed, average lnprob:,  833.7716708869855


Computing the autocorrelation time of the chains

***** WARNING ******
The integrated autocorrelation time cannot be reliably estimated
likely the chains are too short, and ACF analysis is not fully reliable
emcee.autocorr.integrated_time tolerance lowered to 20
If you still get a warning, you should drop these results entirely
Chains too short to apply convergence criteria
They should be at least 900*nthin = 135000

====================================================================================================
     Statistics on the posterior of the sampler parameters     
====================================================================================================

----- dataset:  RVdata
jitter_0         8         1.373       -0.056        0.062   (15-84 p)   [    0.0009,    13.3000]
offset_0         9           3.5         -3.1          3.4   (15-84 p)   [-10006.2420, 10013.7830]
offset_1        10           5.8         -3.1          3.4   (15-84 p)   [-10006.2420, 10013.7830]
offset_2        11           4.8         -3.1          3.4   (15-84 p)   [-10006.2420, 10013.7830]
offset_3        12           4.6         -3.1          3.5   (15-84 p)   [-10006.2420, 10013.7830]

----- dataset: RVdata                    ----- model: gp_multidimensional           
rot_amp         13          0.99        -0.72          1.5   (15-84 p)   [    0.0000,    10.0000]
con_amp         14           6.9         -1.5          2.5   (15-84 p)   [  -20.0000,    20.0000]

----- dataset:  BISdata
jitter_0        15         1.715       -0.090        0.096   (15-84 p)   [    0.0095,    95.0000]
offset_0        16        -74.06        -0.30         0.36   (15-84 p)   [-10079.7500,  9960.6500]
offset_1        17        -44.71        -0.47         0.51   (15-84 p)   [-10079.7500,  9960.6500]
offset_2        18        -52.13        -0.33         0.36   (15-84 p)   [-10079.7500,  9960.6500]
offset_3        19        -59.72        -0.31         0.36   (15-84 p)   [-10079.7500,  9960.6500]

----- dataset: BISdata                   ----- model: gp_multidimensional           
rot_amp         20          -5.1         -2.3          1.8   (15-84 p)   [  -10.0000,    10.0000]
con_amp         21          0.49        -0.23         0.30   (15-84 p)   [  -20.0000,    20.0000]

----- dataset:  FWHMdata
jitter_0        22          0.32        -0.19         0.29   (15-84 p)   [    0.0500,   500.0000]
offset_0        23        6693.0         -3.1          2.7   (15-84 p)   [-3317.3615, 16947.7259]
offset_1        24        6937.8         -3.2          2.9   (15-84 p)   [-3317.3615, 16947.7259]
offset_2        25        6856.3         -3.1          2.8   (15-84 p)   [-3317.3615, 16947.7259]
offset_3        26        6896.2         -3.1          2.7   (15-84 p)   [-3317.3615, 16947.7259]

----- dataset: FWHMdata                  ----- model: gp_multidimensional           
rot_amp         27          -6.3         -2.5          3.5   (15-84 p)   [  -10.0000,    10.0000]
con_amp         28          -6.1         -2.2          1.4   (15-84 p)   [  -20.0000,    20.0000]

----- dataset:  CaIIdata
jitter_0        29       0.00021     -0.00013      0.00020   (15-84 p)   [    0.0000,     0.3000]
offset_0        30       0.10050     -0.00037      0.00035   (15-84 p)   [-9999.9071, 10000.1089]
offset_1        31       0.10368     -0.00064      0.00062   (15-84 p)   [-9999.9071, 10000.1089]
offset_2        32       0.10446     -0.00040      0.00039   (15-84 p)   [-9999.9071, 10000.1089]
offset_3        33       0.09945     -0.00039      0.00038   (15-84 p)   [-9999.9071, 10000.1089]

----- dataset: CaIIdata                  ----- model: gp_multidimensional           
rot_amp         34        0.0026      -0.0024       0.0027   (15-84 p)   [  -10.0000,    10.0000]
con_amp         35      -0.00016     -0.00035      0.00033   (15-84 p)   [  -20.0000,    20.0000]

----- dataset:  Halphadata
jitter_0        36      0.000061    -0.000036     0.000061   (15-84 p)   [    0.0000,     0.1000]
offset_0        37       0.17203     -0.00011      0.00012   (15-84 p)   [-9999.8297, 10000.1786]
offset_1        38       0.17404     -0.00021      0.00022   (15-84 p)   [-9999.8297, 10000.1786]
offset_2        39       0.17475     -0.00013      0.00014   (15-84 p)   [-9999.8297, 10000.1786]
offset_3        40       0.17115     -0.00012      0.00013   (15-84 p)   [-9999.8297, 10000.1786]

----- dataset: Halphadata                ----- model: gp_multidimensional           
rot_amp         41      -0.00112     -0.00084      0.00075   (15-84 p)   [  -10.0000,    10.0000]
con_amp         42       0.00005     -0.00011      0.00011   (15-84 p)   [  -20.0000,    20.0000]

----- common model:  b
P                0         3.394       -0.025        0.026   (15-84 p)   [    0.3785,     6.6439]
K                1          0.30        -0.35         0.29   (15-84 p)   [   -9.9658,     3.3219]
sre_coso         2          0.09        -0.21         0.19   (15-84 p)   [   -1.0000,     1.0000]
sre_sino         3         -0.07        -0.18         0.20   (15-84 p)   [   -1.0000,     1.0000]
mean_long        4           285          -36           37   (15-84 p)   [  104.7484,   464.7484]

----- common model:  activity
Prot             5         28.21        -0.46         0.41   (15-84 p)   [   20.0000,    35.0000]
Pdec             6          41.1         -7.5           11   (15-84 p)   [   30.0000,  1000.0000]
Oamp             7         -1.39        -0.12         0.12   (15-84 p)   [   -6.6439,     0.0000]

----- common model:  star_parameters

====================================================================================================
     Statistics on the model parameters obtained from the posteriors samples     
====================================================================================================

----- dataset:  RVdata
jitter_0                 1.373       -0.056        0.062    (15-84 p)
offset_0                   3.5         -3.1          3.4    (15-84 p)
offset_1                   5.8         -3.1          3.4    (15-84 p)
offset_2                   4.8         -3.1          3.4    (15-84 p)
offset_3                   4.6         -3.1          3.5    (15-84 p)


----- dataset: RVdata                    ----- model: gp_multidimensional           
rot_amp                   0.99        -0.72          1.5    (15-84 p)
con_amp                    6.9         -1.5          2.5    (15-84 p)

----- dataset:  BISdata
jitter_0                 1.715       -0.090        0.096    (15-84 p)
offset_0                -74.06        -0.30         0.36    (15-84 p)
offset_1                -44.71        -0.47         0.51    (15-84 p)
offset_2                -52.13        -0.33         0.36    (15-84 p)
offset_3                -59.72        -0.31         0.36    (15-84 p)


----- dataset: BISdata                   ----- model: gp_multidimensional           
rot_amp                   -5.1         -2.3          1.8    (15-84 p)
con_amp                   0.49        -0.23         0.30    (15-84 p)

----- dataset:  FWHMdata
jitter_0                  0.32        -0.19         0.29    (15-84 p)
offset_0                6693.0         -3.1          2.7    (15-84 p)
offset_1                6937.8         -3.2          2.9    (15-84 p)
offset_2                6856.3         -3.1          2.8    (15-84 p)
offset_3                6896.2         -3.1          2.7    (15-84 p)


----- dataset: FWHMdata                  ----- model: gp_multidimensional           
rot_amp                   -6.3         -2.5          3.5    (15-84 p)
con_amp                   -6.1         -2.2          1.4    (15-84 p)

----- dataset:  CaIIdata
jitter_0               0.00021     -0.00013      0.00020    (15-84 p)
offset_0               0.10050     -0.00037      0.00035    (15-84 p)
offset_1               0.10368     -0.00064      0.00062    (15-84 p)
offset_2               0.10446     -0.00040      0.00039    (15-84 p)
offset_3               0.09945     -0.00039      0.00038    (15-84 p)


----- dataset: CaIIdata                  ----- model: gp_multidimensional           
rot_amp                 0.0026      -0.0024       0.0027    (15-84 p)
con_amp               -0.00016     -0.00035      0.00033    (15-84 p)

----- dataset:  Halphadata
jitter_0              0.000061    -0.000036     0.000061    (15-84 p)
offset_0               0.17203     -0.00011      0.00012    (15-84 p)
offset_1               0.17404     -0.00021      0.00022    (15-84 p)
offset_2               0.17475     -0.00013      0.00014    (15-84 p)
offset_3               0.17115     -0.00012      0.00013    (15-84 p)


----- dataset: Halphadata                ----- model: gp_multidimensional           
rot_amp               -0.00112     -0.00084      0.00075    (15-84 p)
con_amp                0.00005     -0.00011      0.00011    (15-84 p)

----- common model:  b
P                        10.51        -0.18         0.19    (15-84 p)
K                         1.23        -0.26         0.28    (15-84 p)
mean_long                  285          -36           37    (15-84 p)
e                        0.067       -0.046        0.071    (15-84 p)
omega                      -28          -77           92    (15-84 p)

----- common model:  activity
Prot                     28.21        -0.46         0.41    (15-84 p)
Pdec                      41.1         -7.5           11    (15-84 p)
Oamp                     0.382       -0.031        0.032    (15-84 p)

----- common model:  star_parameters

====================================================================================================
     Statistics on the derived parameters obtained from the posteriors samples     
====================================================================================================

----- common model:  b
Inclination fixed to 90 deg!
Computing planetary mass under the approximation M_planet << M_star (threshold at 30.0 Me)
a_Rs                     20.18        -0.23         0.24    (15-84 p)
M_Mj                    0.0132      -0.0028       0.0030    (15-84 p)
M_Me                      4.21        -0.90         0.94    (15-84 p)
Tc                     59339.4         -1.1          1.0    (15-84 p)
a_AU_(M)                0.0939      -0.0011       0.0011    (15-84 p)
a_AU_(rho,R)            0.0939      -0.0011       0.0011    (15-84 p)


====================================================================================================
     ------------------------------------------------------------------------------------------     
====================================================================================================



30000.0   steps completed, average lnprob:,  834.3068639802468


Computing the autocorrelation time of the chains

***** WARNING ******
The integrated autocorrelation time cannot be reliably estimated
likely the chains are too short, and ACF analysis is not fully reliable
emcee.autocorr.integrated_time tolerance lowered to 20
If you still get a warning, you should drop these results entirely
Chains too short to apply convergence criteria
They should be at least 1000*nthin = 150000

====================================================================================================
     Statistics on the posterior of the sampler parameters     
====================================================================================================

----- dataset:  RVdata
jitter_0         8         1.373       -0.057        0.061   (15-84 p)   [    0.0009,    13.3000]
offset_0         9           3.4         -3.1          3.5   (15-84 p)   [-10006.2420, 10013.7830]
offset_1        10           5.7         -3.1          3.5   (15-84 p)   [-10006.2420, 10013.7830]
offset_2        11           4.8         -3.1          3.5   (15-84 p)   [-10006.2420, 10013.7830]
offset_3        12           4.6         -3.1          3.5   (15-84 p)   [-10006.2420, 10013.7830]

----- dataset: RVdata                    ----- model: gp_multidimensional           
rot_amp         13          0.97        -0.72          1.5   (15-84 p)   [    0.0000,    10.0000]
con_amp         14           6.9         -1.5          2.5   (15-84 p)   [  -20.0000,    20.0000]

----- dataset:  BISdata
jitter_0        15         1.718       -0.090        0.097   (15-84 p)   [    0.0095,    95.0000]
offset_0        16        -74.05        -0.30         0.36   (15-84 p)   [-10079.7500,  9960.6500]
offset_1        17        -44.70        -0.47         0.50   (15-84 p)   [-10079.7500,  9960.6500]
offset_2        18        -52.15        -0.33         0.38   (15-84 p)   [-10079.7500,  9960.6500]
offset_3        19        -59.73        -0.31         0.37   (15-84 p)   [-10079.7500,  9960.6500]

----- dataset: BISdata                   ----- model: gp_multidimensional           
rot_amp         20          -5.1         -2.3          1.8   (15-84 p)   [  -10.0000,    10.0000]
con_amp         21          0.50        -0.23         0.31   (15-84 p)   [  -20.0000,    20.0000]

----- dataset:  FWHMdata
jitter_0        22          0.32        -0.19         0.29   (15-84 p)   [    0.0500,   500.0000]
offset_0        23        6693.0         -3.1          2.8   (15-84 p)   [-3317.3615, 16947.7259]
offset_1        24        6937.9         -3.2          2.9   (15-84 p)   [-3317.3615, 16947.7259]
offset_2        25        6856.3         -3.1          2.8   (15-84 p)   [-3317.3615, 16947.7259]
offset_3        26        6896.2         -3.1          2.8   (15-84 p)   [-3317.3615, 16947.7259]

----- dataset: FWHMdata                  ----- model: gp_multidimensional           
rot_amp         27          -6.4         -2.5          3.5   (15-84 p)   [  -10.0000,    10.0000]
con_amp         28          -6.1         -2.2          1.4   (15-84 p)   [  -20.0000,    20.0000]

----- dataset:  CaIIdata
jitter_0        29       0.00021     -0.00013      0.00021   (15-84 p)   [    0.0000,     0.3000]
offset_0        30       0.10049     -0.00037      0.00035   (15-84 p)   [-9999.9071, 10000.1089]
offset_1        31       0.10368     -0.00064      0.00063   (15-84 p)   [-9999.9071, 10000.1089]
offset_2        32       0.10446     -0.00041      0.00039   (15-84 p)   [-9999.9071, 10000.1089]
offset_3        33       0.09945     -0.00039      0.00038   (15-84 p)   [-9999.9071, 10000.1089]

----- dataset: CaIIdata                  ----- model: gp_multidimensional           
rot_amp         34        0.0026      -0.0023       0.0027   (15-84 p)   [  -10.0000,    10.0000]
con_amp         35      -0.00016     -0.00035      0.00034   (15-84 p)   [  -20.0000,    20.0000]

----- dataset:  Halphadata
jitter_0        36      0.000061    -0.000036     0.000060   (15-84 p)   [    0.0000,     0.1000]
offset_0        37       0.17203     -0.00011      0.00012   (15-84 p)   [-9999.8297, 10000.1786]
offset_1        38       0.17404     -0.00021      0.00021   (15-84 p)   [-9999.8297, 10000.1786]
offset_2        39       0.17475     -0.00013      0.00013   (15-84 p)   [-9999.8297, 10000.1786]
offset_3        40       0.17115     -0.00012      0.00013   (15-84 p)   [-9999.8297, 10000.1786]

----- dataset: Halphadata                ----- model: gp_multidimensional           
rot_amp         41      -0.00112     -0.00085      0.00075   (15-84 p)   [  -10.0000,    10.0000]
con_amp         42       0.00005     -0.00011      0.00012   (15-84 p)   [  -20.0000,    20.0000]

----- common model:  b
P                0         3.394       -0.024        0.025   (15-84 p)   [    0.3785,     6.6439]
K                1          0.31        -0.35         0.29   (15-84 p)   [   -9.9658,     3.3219]
sre_coso         2          0.09        -0.21         0.19   (15-84 p)   [   -1.0000,     1.0000]
sre_sino         3         -0.07        -0.18         0.20   (15-84 p)   [   -1.0000,     1.0000]
mean_long        4           284          -35           36   (15-84 p)   [  104.7484,   464.7484]

----- common model:  activity
Prot             5         28.21        -0.46         0.41   (15-84 p)   [   20.0000,    35.0000]
Pdec             6          41.3         -7.6           11   (15-84 p)   [   30.0000,  1000.0000]
Oamp             7         -1.39        -0.12         0.11   (15-84 p)   [   -6.6439,     0.0000]

----- common model:  star_parameters

====================================================================================================
     Statistics on the model parameters obtained from the posteriors samples     
====================================================================================================

----- dataset:  RVdata
jitter_0                 1.373       -0.057        0.061    (15-84 p)
offset_0                   3.4         -3.1          3.5    (15-84 p)
offset_1                   5.7         -3.1          3.5    (15-84 p)
offset_2                   4.8         -3.1          3.5    (15-84 p)
offset_3                   4.6         -3.1          3.5    (15-84 p)


----- dataset: RVdata                    ----- model: gp_multidimensional           
rot_amp                   0.97        -0.72          1.5    (15-84 p)
con_amp                    6.9         -1.5          2.5    (15-84 p)

----- dataset:  BISdata
jitter_0                 1.718       -0.090        0.097    (15-84 p)
offset_0                -74.05        -0.30         0.36    (15-84 p)
offset_1                -44.70        -0.47         0.50    (15-84 p)
offset_2                -52.15        -0.33         0.38    (15-84 p)
offset_3                -59.73        -0.31         0.37    (15-84 p)


----- dataset: BISdata                   ----- model: gp_multidimensional           
rot_amp                   -5.1         -2.3          1.8    (15-84 p)
con_amp                   0.50        -0.23         0.31    (15-84 p)

----- dataset:  FWHMdata
jitter_0                  0.32        -0.19         0.29    (15-84 p)
offset_0                6693.0         -3.1          2.8    (15-84 p)
offset_1                6937.9         -3.2          2.9    (15-84 p)
offset_2                6856.3         -3.1          2.8    (15-84 p)
offset_3                6896.2         -3.1          2.8    (15-84 p)


----- dataset: FWHMdata                  ----- model: gp_multidimensional           
rot_amp                   -6.4         -2.5          3.5    (15-84 p)
con_amp                   -6.1         -2.2          1.4    (15-84 p)

----- dataset:  CaIIdata
jitter_0               0.00021     -0.00013      0.00021    (15-84 p)
offset_0               0.10049     -0.00037      0.00035    (15-84 p)
offset_1               0.10368     -0.00064      0.00063    (15-84 p)
offset_2               0.10446     -0.00041      0.00039    (15-84 p)
offset_3               0.09945     -0.00039      0.00038    (15-84 p)


----- dataset: CaIIdata                  ----- model: gp_multidimensional           
rot_amp                 0.0026      -0.0023       0.0027    (15-84 p)
con_amp               -0.00016     -0.00035      0.00034    (15-84 p)

----- dataset:  Halphadata
jitter_0              0.000061    -0.000036     0.000060    (15-84 p)
offset_0               0.17203     -0.00011      0.00012    (15-84 p)
offset_1               0.17404     -0.00021      0.00021    (15-84 p)
offset_2               0.17475     -0.00013      0.00013    (15-84 p)
offset_3               0.17115     -0.00012      0.00013    (15-84 p)


----- dataset: Halphadata                ----- model: gp_multidimensional           
rot_amp               -0.00112     -0.00085      0.00075    (15-84 p)
con_amp                0.00005     -0.00011      0.00012    (15-84 p)

----- common model:  b
P                        10.51        -0.18         0.19    (15-84 p)
K                         1.24        -0.27         0.28    (15-84 p)
mean_long                  284          -35           36    (15-84 p)
e                        0.067       -0.047        0.070    (15-84 p)
omega                      -28          -78           93    (15-84 p)

----- common model:  activity
Prot                     28.21        -0.46         0.41    (15-84 p)
Pdec                      41.3         -7.6           11    (15-84 p)
Oamp                     0.382       -0.031        0.032    (15-84 p)

----- common model:  star_parameters

====================================================================================================
     Statistics on the derived parameters obtained from the posteriors samples     
====================================================================================================

----- common model:  b
Inclination fixed to 90 deg!
Computing planetary mass under the approximation M_planet << M_star (threshold at 30.0 Me)
a_Rs                     20.18        -0.23         0.24    (15-84 p)
M_Mj                    0.0133      -0.0028       0.0029    (15-84 p)
M_Me                      4.22        -0.91         0.94    (15-84 p)
Tc                     59339.4         -1.1          1.0    (15-84 p)
a_AU_(M)                0.0939      -0.0010       0.0011    (15-84 p)
a_AU_(rho,R)            0.0939      -0.0010       0.0011    (15-84 p)


====================================================================================================
     ------------------------------------------------------------------------------------------     
====================================================================================================



45000.0   steps completed, average lnprob:,  833.8476566889012


Computing the autocorrelation time of the chains

***** WARNING ******
The integrated autocorrelation time cannot be reliably estimated
likely the chains are too short, and ACF analysis is not fully reliable
emcee.autocorr.integrated_time tolerance lowered to 20
If you still get a warning, you should drop these results entirely
Chains too short to apply convergence criteria
They should be at least 1000*nthin = 150000

====================================================================================================
     Statistics on the posterior of the sampler parameters     
====================================================================================================

----- dataset:  RVdata
jitter_0         8         1.373       -0.057        0.060   (15-84 p)   [    0.0009,    13.3000]
offset_0         9           3.5         -3.1          3.5   (15-84 p)   [-10006.2420, 10013.7830]
offset_1        10           5.8         -3.1          3.5   (15-84 p)   [-10006.2420, 10013.7830]
offset_2        11           4.8         -3.1          3.5   (15-84 p)   [-10006.2420, 10013.7830]
offset_3        12           4.6         -3.1          3.5   (15-84 p)   [-10006.2420, 10013.7830]

----- dataset: RVdata                    ----- model: gp_multidimensional           
rot_amp         13          0.95        -0.71          1.4   (15-84 p)   [    0.0000,    10.0000]
con_amp         14           6.9         -1.5          2.5   (15-84 p)   [  -20.0000,    20.0000]

----- dataset:  BISdata
jitter_0        15         1.718       -0.089        0.095   (15-84 p)   [    0.0095,    95.0000]
offset_0        16        -74.06        -0.30         0.36   (15-84 p)   [-10079.7500,  9960.6500]
offset_1        17        -44.70        -0.47         0.52   (15-84 p)   [-10079.7500,  9960.6500]
offset_2        18        -52.15        -0.34         0.38   (15-84 p)   [-10079.7500,  9960.6500]
offset_3        19        -59.73        -0.32         0.38   (15-84 p)   [-10079.7500,  9960.6500]

----- dataset: BISdata                   ----- model: gp_multidimensional           
rot_amp         20          -5.1         -2.2          1.8   (15-84 p)   [  -10.0000,    10.0000]
con_amp         21          0.50        -0.24         0.32   (15-84 p)   [  -20.0000,    20.0000]

----- dataset:  FWHMdata
jitter_0        22          0.32        -0.19         0.29   (15-84 p)   [    0.0500,   500.0000]
offset_0        23        6693.0         -3.1          2.8   (15-84 p)   [-3317.3615, 16947.7259]
offset_1        24        6937.9         -3.3          3.0   (15-84 p)   [-3317.3615, 16947.7259]
offset_2        25        6856.3         -3.1          2.8   (15-84 p)   [-3317.3615, 16947.7259]
offset_3        26        6896.2         -3.2          2.8   (15-84 p)   [-3317.3615, 16947.7259]

----- dataset: FWHMdata                  ----- model: gp_multidimensional           
rot_amp         27          -6.4         -2.5          3.5   (15-84 p)   [  -10.0000,    10.0000]
con_amp         28          -6.1         -2.2          1.4   (15-84 p)   [  -20.0000,    20.0000]

----- dataset:  CaIIdata
jitter_0        29       0.00021     -0.00013      0.00021   (15-84 p)   [    0.0000,     0.3000]
offset_0        30       0.10049     -0.00037      0.00035   (15-84 p)   [-9999.9071, 10000.1089]
offset_1        31       0.10369     -0.00065      0.00063   (15-84 p)   [-9999.9071, 10000.1089]
offset_2        32       0.10445     -0.00041      0.00039   (15-84 p)   [-9999.9071, 10000.1089]
offset_3        33       0.09944     -0.00040      0.00038   (15-84 p)   [-9999.9071, 10000.1089]

----- dataset: CaIIdata                  ----- model: gp_multidimensional           
rot_amp         34        0.0026      -0.0024       0.0027   (15-84 p)   [  -10.0000,    10.0000]
con_amp         35      -0.00016     -0.00035      0.00034   (15-84 p)   [  -20.0000,    20.0000]

----- dataset:  Halphadata
jitter_0        36      0.000062    -0.000037     0.000059   (15-84 p)   [    0.0000,     0.1000]
offset_0        37       0.17203     -0.00011      0.00012   (15-84 p)   [-9999.8297, 10000.1786]
offset_1        38       0.17404     -0.00021      0.00021   (15-84 p)   [-9999.8297, 10000.1786]
offset_2        39       0.17475     -0.00013      0.00013   (15-84 p)   [-9999.8297, 10000.1786]
offset_3        40       0.17115     -0.00013      0.00013   (15-84 p)   [-9999.8297, 10000.1786]

----- dataset: Halphadata                ----- model: gp_multidimensional           
rot_amp         41      -0.00112     -0.00085      0.00076   (15-84 p)   [  -10.0000,    10.0000]
con_amp         42       0.00005     -0.00011      0.00012   (15-84 p)   [  -20.0000,    20.0000]

----- common model:  b
P                0         3.394       -0.024        0.025   (15-84 p)   [    0.3785,     6.6439]
K                1          0.31        -0.34         0.29   (15-84 p)   [   -9.9658,     3.3219]
sre_coso         2          0.10        -0.21         0.18   (15-84 p)   [   -1.0000,     1.0000]
sre_sino         3         -0.07        -0.19         0.20   (15-84 p)   [   -1.0000,     1.0000]
mean_long        4           285          -35           35   (15-84 p)   [  104.7484,   464.7484]

----- common model:  activity
Prot             5         28.21        -0.46         0.41   (15-84 p)   [   20.0000,    35.0000]
Pdec             6          41.4         -7.6           11   (15-84 p)   [   30.0000,  1000.0000]
Oamp             7         -1.39        -0.12         0.11   (15-84 p)   [   -6.6439,     0.0000]

----- common model:  star_parameters

====================================================================================================
     Statistics on the model parameters obtained from the posteriors samples     
====================================================================================================

----- dataset:  RVdata
jitter_0                 1.373       -0.057        0.060    (15-84 p)
offset_0                   3.5         -3.1          3.5    (15-84 p)
offset_1                   5.8         -3.1          3.5    (15-84 p)
offset_2                   4.8         -3.1          3.5    (15-84 p)
offset_3                   4.6         -3.1          3.5    (15-84 p)


----- dataset: RVdata                    ----- model: gp_multidimensional           
rot_amp                   0.95        -0.71          1.4    (15-84 p)
con_amp                    6.9         -1.5          2.5    (15-84 p)

----- dataset:  BISdata
jitter_0                 1.718       -0.089        0.095    (15-84 p)
offset_0                -74.06        -0.30         0.36    (15-84 p)
offset_1                -44.70        -0.47         0.52    (15-84 p)
offset_2                -52.15        -0.34         0.38    (15-84 p)
offset_3                -59.73        -0.32         0.38    (15-84 p)


----- dataset: BISdata                   ----- model: gp_multidimensional           
rot_amp                   -5.1         -2.2          1.8    (15-84 p)
con_amp                   0.50        -0.24         0.32    (15-84 p)

----- dataset:  FWHMdata
jitter_0                  0.32        -0.19         0.29    (15-84 p)
offset_0                6693.0         -3.1          2.8    (15-84 p)
offset_1                6937.9         -3.3          3.0    (15-84 p)
offset_2                6856.3         -3.1          2.8    (15-84 p)
offset_3                6896.2         -3.2          2.8    (15-84 p)


----- dataset: FWHMdata                  ----- model: gp_multidimensional           
rot_amp                   -6.4         -2.5          3.5    (15-84 p)
con_amp                   -6.1         -2.2          1.4    (15-84 p)

----- dataset:  CaIIdata
jitter_0               0.00021     -0.00013      0.00021    (15-84 p)
offset_0               0.10049     -0.00037      0.00035    (15-84 p)
offset_1               0.10369     -0.00065      0.00063    (15-84 p)
offset_2               0.10445     -0.00041      0.00039    (15-84 p)
offset_3               0.09944     -0.00040      0.00038    (15-84 p)


----- dataset: CaIIdata                  ----- model: gp_multidimensional           
rot_amp                 0.0026      -0.0024       0.0027    (15-84 p)
con_amp               -0.00016     -0.00035      0.00034    (15-84 p)

----- dataset:  Halphadata
jitter_0              0.000062    -0.000037     0.000059    (15-84 p)
offset_0               0.17203     -0.00011      0.00012    (15-84 p)
offset_1               0.17404     -0.00021      0.00021    (15-84 p)
offset_2               0.17475     -0.00013      0.00013    (15-84 p)
offset_3               0.17115     -0.00013      0.00013    (15-84 p)


----- dataset: Halphadata                ----- model: gp_multidimensional           
rot_amp               -0.00112     -0.00085      0.00076    (15-84 p)
con_amp                0.00005     -0.00011      0.00012    (15-84 p)

----- common model:  b
P                        10.51        -0.17         0.18    (15-84 p)
K                         1.24        -0.26         0.28    (15-84 p)
mean_long                  285          -35           35    (15-84 p)
e                        0.067       -0.047        0.070    (15-84 p)
omega                      -27          -78           94    (15-84 p)

----- common model:  activity
Prot                     28.21        -0.46         0.41    (15-84 p)
Pdec                      41.4         -7.6           11    (15-84 p)
Oamp                     0.382       -0.031        0.032    (15-84 p)

----- common model:  star_parameters

====================================================================================================
     Statistics on the derived parameters obtained from the posteriors samples     
====================================================================================================

----- common model:  b
Inclination fixed to 90 deg!
Computing planetary mass under the approximation M_planet << M_star (threshold at 30.0 Me)
a_Rs                     20.18        -0.22         0.24    (15-84 p)
M_Mj                    0.0133      -0.0028       0.0029    (15-84 p)
M_Me                      4.23        -0.90         0.94    (15-84 p)
Tc                     59339.4         -1.1          1.0    (15-84 p)
a_AU_(M)                0.0939      -0.0010       0.0011    (15-84 p)
a_AU_(rho,R)            0.0939      -0.0010       0.0011    (15-84 p)


====================================================================================================
     ------------------------------------------------------------------------------------------     
====================================================================================================



60000.0   steps completed, average lnprob:,  834.6441152222079


emcee completed


:::---::: PyORBIT v11.0.1 :::---:::

Python version in use:
3.10.18 (main, Jun  5 2025, 13:14:17) [GCC 11.2.0]
LaTeX disabled by default

Using orbital model:  keplerian
Using orbital parametrization:  Eastman2013

gp_multidimensional  S+LEAF model, number of harmonics: 4

GP model: gp_multidimensional  hyperparameters_condition:    True
GP model: gp_multidimensional  rotation_decay_condition:     True

### PyORBIT version used in the analysis:  11.0.1

 emcee version:  3.1.6

 Reference Time Tref: 59334.700184

 Data points:1600
 Dimensions: 43
 Nwalkers:   172
 Steps:      60000


Number of samplings: 51600

Recomputing ln-prior, it may take a while...

ln-probability   distribution:    834.02       -6.10      5.25 (15-84 p) 
ln-prior         distribution:   -264.09       -1.54      0.91 (15-84 p) 
ln-likelihood    distribution:   1098.45       -5.97      5.08 (15-84 p) 


*** Information criteria using the likelihood distribution

 BIC from distribution  (using likelihood)  =  -1879.65    -10.15   11.93 (15-84 p)
 AIC from distribution  (using likelihood)  =  -2110.89    -10.15   11.93 (15-84 p)
 AICc from distribution (using likelihood)  =  -2108.46    -10.15   11.93 (15-84 p)


*** Information criteria using the median parameter set

 ln_probability of Median solution =    853.68
 ln_priors of Median solution      =   -263.16
 ln_likelihood of Median solution  =   1116.84

 Median BIC  (using likelihood) =  -1916.43
 Median AIC  (using likelihood) =  -2147.67
 Median AICc (using likelihood) =  -2145.24


*** Information criteria using the MAP parameter set

 ln_probability of MAP solution =    851.66
 ln_priors of MAP solution      =   -262.71
 ln_likelihood of MAP solution  =   1114.37

 MAP BIC  (using likelihood)    =  -1911.50
 MAP AIC  (using likelihood)    =  -2142.75
 MAP AICc (using likelihood)    =  -2140.32

 AICc suggested over AIC because NDATA ( 1600 ) < 40 * NDIM ( 43 )

****************************************************************************************************


Computing the autocorrelation time of the chains

***** WARNING ******
The integrated autocorrelation time cannot be reliably estimated
likely the chains are too short, and ACF analysis is not fully reliable
emcee.autocorr.integrated_time tolerance lowered to 20
If you still get a warning, you should drop these results entirely
Chains too short to apply convergence criteria
They should be at least 1000*nthin = 150000

 ACF computation failed, no plot will be generated 


====================================================================================================
     Ids, spaces (s), boundaries (b) and priors (p) of the sampler parameters     
====================================================================================================

----- dataset:  RVdata
jitter_0      id:   8  s:Linear      b:[      0.0009,      13.3000]   p:Uniform   []
offset_0      id:   9  s:Linear      b:[ -10006.2420,   10013.7830]   p:Uniform   []
offset_1      id:  10  s:Linear      b:[ -10006.2420,   10013.7830]   p:Uniform   []
offset_2      id:  11  s:Linear      b:[ -10006.2420,   10013.7830]   p:Uniform   []
offset_3      id:  12  s:Linear      b:[ -10006.2420,   10013.7830]   p:Uniform   []

----- dataset: RVdata                    ----- model: gp_multidimensional           
rot_amp       id:  13  s:Linear      b:[      0.0000,      10.0000]   p:Uniform   []
con_amp       id:  14  s:Linear      b:[    -20.0000,      20.0000]   p:Uniform   []

----- dataset:  BISdata
jitter_0      id:  15  s:Linear      b:[      0.0095,      95.0000]   p:Uniform   []
offset_0      id:  16  s:Linear      b:[ -10079.7500,    9960.6500]   p:Uniform   []
offset_1      id:  17  s:Linear      b:[ -10079.7500,    9960.6500]   p:Uniform   []
offset_2      id:  18  s:Linear      b:[ -10079.7500,    9960.6500]   p:Uniform   []
offset_3      id:  19  s:Linear      b:[ -10079.7500,    9960.6500]   p:Uniform   []

----- dataset: BISdata                   ----- model: gp_multidimensional           
rot_amp       id:  20  s:Linear      b:[    -10.0000,      10.0000]   p:Uniform   []
con_amp       id:  21  s:Linear      b:[    -20.0000,      20.0000]   p:Uniform   []

----- dataset:  FWHMdata
jitter_0      id:  22  s:Linear      b:[      0.0500,     500.0000]   p:Uniform   []
offset_0      id:  23  s:Linear      b:[  -3317.3615,   16947.7259]   p:Uniform   []
offset_1      id:  24  s:Linear      b:[  -3317.3615,   16947.7259]   p:Uniform   []
offset_2      id:  25  s:Linear      b:[  -3317.3615,   16947.7259]   p:Uniform   []
offset_3      id:  26  s:Linear      b:[  -3317.3615,   16947.7259]   p:Uniform   []

----- dataset: FWHMdata                  ----- model: gp_multidimensional           
rot_amp       id:  27  s:Linear      b:[    -10.0000,      10.0000]   p:Uniform   []
con_amp       id:  28  s:Linear      b:[    -20.0000,      20.0000]   p:Uniform   []

----- dataset:  CaIIdata
jitter_0      id:  29  s:Linear      b:[      0.0000,       0.3000]   p:Uniform   []
offset_0      id:  30  s:Linear      b:[  -9999.9071,   10000.1089]   p:Uniform   []
offset_1      id:  31  s:Linear      b:[  -9999.9071,   10000.1089]   p:Uniform   []
offset_2      id:  32  s:Linear      b:[  -9999.9071,   10000.1089]   p:Uniform   []
offset_3      id:  33  s:Linear      b:[  -9999.9071,   10000.1089]   p:Uniform   []

----- dataset: CaIIdata                  ----- model: gp_multidimensional           
rot_amp       id:  34  s:Linear      b:[    -10.0000,      10.0000]   p:Uniform   []
con_amp       id:  35  s:Linear      b:[    -20.0000,      20.0000]   p:Uniform   []

----- dataset:  Halphadata
jitter_0      id:  36  s:Linear      b:[      0.0000,       0.1000]   p:Uniform   []
offset_0      id:  37  s:Linear      b:[  -9999.8297,   10000.1786]   p:Uniform   []
offset_1      id:  38  s:Linear      b:[  -9999.8297,   10000.1786]   p:Uniform   []
offset_2      id:  39  s:Linear      b:[  -9999.8297,   10000.1786]   p:Uniform   []
offset_3      id:  40  s:Linear      b:[  -9999.8297,   10000.1786]   p:Uniform   []

----- dataset: Halphadata                ----- model: gp_multidimensional           
rot_amp       id:  41  s:Linear      b:[    -10.0000,      10.0000]   p:Uniform   []
con_amp       id:  42  s:Linear      b:[    -20.0000,      20.0000]   p:Uniform   []

----- common model:  b
P             id:   0  s:Log_Base2   b:[      0.3785,       6.6439]   p:Uniform   []
K             id:   1  s:Log_Base2   b:[     -9.9658,       3.3219]   p:Uniform   []
sre_coso      id:   2  s:Linear      b:[     -1.0000,       1.0000]   p:Uniform   []
sre_sino      id:   3  s:Linear      b:[     -1.0000,       1.0000]   p:Uniform   []
mean_long     id:   4  s:Linear      b:[    104.7484,     464.7484]   p:Uniform   []
e             derived (no id, space, bound)                           p:Gaussian   [0.    0.098]
omega         derived (no id, space, bound)                           p:Uniform   [0.0, 360.0]

----- common model:  activity
Prot          id:   5  s:Linear      b:[     20.0000,      35.0000]   p:Gaussian   [28.   0.5]
Pdec          id:   6  s:Linear      b:[     30.0000,    1000.0000]   p:Uniform   []
Oamp          id:   7  s:Log_Base2   b:[     -6.6439,       0.0000]   p:Gaussian   [0.35  0.035]

----- common model:  star_parameters
mass          derived (no id, space, bound)                           p:Gaussian   [1.e+00 1.e-06]
radius        derived (no id, space, bound)                           p:Gaussian   [1.e+00 1.e-06]
density       derived (no id, space, bound)                           p:Gaussian   [1.e+00 1.e-06]


****************************************************************************************************
****************************************************************************************************

 Confidence intervals (median value, 34.135th percentile from the median on the left and right side)

====================================================================================================
     Statistics on the posterior of the sampler parameters     
====================================================================================================

----- dataset:  RVdata
jitter_0         8         1.373       -0.057        0.060   (15-84 p)   [    0.0009,    13.3000]
offset_0         9           3.5         -3.1          3.5   (15-84 p)   [-10006.2420, 10013.7830]
offset_1        10           5.8         -3.1          3.5   (15-84 p)   [-10006.2420, 10013.7830]
offset_2        11           4.8         -3.1          3.5   (15-84 p)   [-10006.2420, 10013.7830]
offset_3        12           4.6         -3.1          3.5   (15-84 p)   [-10006.2420, 10013.7830]

----- dataset: RVdata                    ----- model: gp_multidimensional           
rot_amp         13          0.95        -0.71          1.4   (15-84 p)   [    0.0000,    10.0000]
con_amp         14           6.9         -1.5          2.5   (15-84 p)   [  -20.0000,    20.0000]

----- dataset:  BISdata
jitter_0        15         1.718       -0.089        0.095   (15-84 p)   [    0.0095,    95.0000]
offset_0        16        -74.06        -0.30         0.36   (15-84 p)   [-10079.7500,  9960.6500]
offset_1        17        -44.70        -0.47         0.52   (15-84 p)   [-10079.7500,  9960.6500]
offset_2        18        -52.15        -0.34         0.38   (15-84 p)   [-10079.7500,  9960.6500]
offset_3        19        -59.73        -0.32         0.38   (15-84 p)   [-10079.7500,  9960.6500]

----- dataset: BISdata                   ----- model: gp_multidimensional           
rot_amp         20          -5.1         -2.2          1.8   (15-84 p)   [  -10.0000,    10.0000]
con_amp         21          0.50        -0.24         0.32   (15-84 p)   [  -20.0000,    20.0000]

----- dataset:  FWHMdata
jitter_0        22          0.32        -0.19         0.29   (15-84 p)   [    0.0500,   500.0000]
offset_0        23        6693.0         -3.1          2.8   (15-84 p)   [-3317.3615, 16947.7259]
offset_1        24        6937.9         -3.3          3.0   (15-84 p)   [-3317.3615, 16947.7259]
offset_2        25        6856.3         -3.1          2.8   (15-84 p)   [-3317.3615, 16947.7259]
offset_3        26        6896.2         -3.2          2.8   (15-84 p)   [-3317.3615, 16947.7259]

----- dataset: FWHMdata                  ----- model: gp_multidimensional           
rot_amp         27          -6.4         -2.5          3.5   (15-84 p)   [  -10.0000,    10.0000]
con_amp         28          -6.1         -2.2          1.4   (15-84 p)   [  -20.0000,    20.0000]

----- dataset:  CaIIdata
jitter_0        29       0.00021     -0.00013      0.00021   (15-84 p)   [    0.0000,     0.3000]
offset_0        30       0.10049     -0.00037      0.00035   (15-84 p)   [-9999.9071, 10000.1089]
offset_1        31       0.10369     -0.00065      0.00063   (15-84 p)   [-9999.9071, 10000.1089]
offset_2        32       0.10445     -0.00041      0.00039   (15-84 p)   [-9999.9071, 10000.1089]
offset_3        33       0.09944     -0.00040      0.00038   (15-84 p)   [-9999.9071, 10000.1089]

----- dataset: CaIIdata                  ----- model: gp_multidimensional           
rot_amp         34        0.0026      -0.0024       0.0027   (15-84 p)   [  -10.0000,    10.0000]
con_amp         35      -0.00016     -0.00035      0.00034   (15-84 p)   [  -20.0000,    20.0000]

----- dataset:  Halphadata
jitter_0        36      0.000062    -0.000037     0.000059   (15-84 p)   [    0.0000,     0.1000]
offset_0        37       0.17203     -0.00011      0.00012   (15-84 p)   [-9999.8297, 10000.1786]
offset_1        38       0.17404     -0.00021      0.00021   (15-84 p)   [-9999.8297, 10000.1786]
offset_2        39       0.17475     -0.00013      0.00013   (15-84 p)   [-9999.8297, 10000.1786]
offset_3        40       0.17115     -0.00013      0.00013   (15-84 p)   [-9999.8297, 10000.1786]

----- dataset: Halphadata                ----- model: gp_multidimensional           
rot_amp         41      -0.00112     -0.00085      0.00076   (15-84 p)   [  -10.0000,    10.0000]
con_amp         42       0.00005     -0.00011      0.00012   (15-84 p)   [  -20.0000,    20.0000]

----- common model:  b
P                0         3.394       -0.024        0.025   (15-84 p)   [    0.3785,     6.6439]
K                1          0.31        -0.34         0.29   (15-84 p)   [   -9.9658,     3.3219]
sre_coso         2          0.10        -0.21         0.18   (15-84 p)   [   -1.0000,     1.0000]
sre_sino         3         -0.07        -0.19         0.20   (15-84 p)   [   -1.0000,     1.0000]
mean_long        4           285          -35           35   (15-84 p)   [  104.7484,   464.7484]

----- common model:  activity
Prot             5         28.21        -0.46         0.41   (15-84 p)   [   20.0000,    35.0000]
Pdec             6          41.4         -7.6           11   (15-84 p)   [   30.0000,  1000.0000]
Oamp             7         -1.39        -0.12         0.11   (15-84 p)   [   -6.6439,     0.0000]

----- common model:  star_parameters

====================================================================================================
     Statistics on the model parameters obtained from the posteriors samples     
====================================================================================================

----- dataset:  RVdata
jitter_0                 1.373       -0.057        0.060    (15-84 p)
offset_0                   3.5         -3.1          3.5    (15-84 p)
offset_1                   5.8         -3.1          3.5    (15-84 p)
offset_2                   4.8         -3.1          3.5    (15-84 p)
offset_3                   4.6         -3.1          3.5    (15-84 p)


----- dataset: RVdata                    ----- model: gp_multidimensional           
rot_amp                   0.95        -0.71          1.4    (15-84 p)
con_amp                    6.9         -1.5          2.5    (15-84 p)

----- dataset:  BISdata
jitter_0                 1.718       -0.089        0.095    (15-84 p)
offset_0                -74.06        -0.30         0.36    (15-84 p)
offset_1                -44.70        -0.47         0.52    (15-84 p)
offset_2                -52.15        -0.34         0.38    (15-84 p)
offset_3                -59.73        -0.32         0.38    (15-84 p)


----- dataset: BISdata                   ----- model: gp_multidimensional           
rot_amp                   -5.1         -2.2          1.8    (15-84 p)
con_amp                   0.50        -0.24         0.32    (15-84 p)

----- dataset:  FWHMdata
jitter_0                  0.32        -0.19         0.29    (15-84 p)
offset_0                6693.0         -3.1          2.8    (15-84 p)
offset_1                6937.9         -3.3          3.0    (15-84 p)
offset_2                6856.3         -3.1          2.8    (15-84 p)
offset_3                6896.2         -3.2          2.8    (15-84 p)


----- dataset: FWHMdata                  ----- model: gp_multidimensional           
rot_amp                   -6.4         -2.5          3.5    (15-84 p)
con_amp                   -6.1         -2.2          1.4    (15-84 p)

----- dataset:  CaIIdata
jitter_0               0.00021     -0.00013      0.00021    (15-84 p)
offset_0               0.10049     -0.00037      0.00035    (15-84 p)
offset_1               0.10369     -0.00065      0.00063    (15-84 p)
offset_2               0.10445     -0.00041      0.00039    (15-84 p)
offset_3               0.09944     -0.00040      0.00038    (15-84 p)


----- dataset: CaIIdata                  ----- model: gp_multidimensional           
rot_amp                 0.0026      -0.0024       0.0027    (15-84 p)
con_amp               -0.00016     -0.00035      0.00034    (15-84 p)

----- dataset:  Halphadata
jitter_0              0.000062    -0.000037     0.000059    (15-84 p)
offset_0               0.17203     -0.00011      0.00012    (15-84 p)
offset_1               0.17404     -0.00021      0.00021    (15-84 p)
offset_2               0.17475     -0.00013      0.00013    (15-84 p)
offset_3               0.17115     -0.00013      0.00013    (15-84 p)


----- dataset: Halphadata                ----- model: gp_multidimensional           
rot_amp               -0.00112     -0.00085      0.00076    (15-84 p)
con_amp                0.00005     -0.00011      0.00012    (15-84 p)

----- common model:  b
P                        10.51        -0.17         0.18    (15-84 p)
K                         1.24        -0.26         0.28    (15-84 p)
mean_long                  285          -35           35    (15-84 p)
e                        0.067       -0.047        0.070    (15-84 p)
omega                      159         -159          136    (15-84 p)

----- common model:  activity
Prot                     28.21        -0.46         0.41    (15-84 p)
Pdec                      41.4         -7.6           11    (15-84 p)
Oamp                     0.382       -0.031        0.032    (15-84 p)

----- common model:  star_parameters

====================================================================================================
     Statistics on the derived parameters obtained from the posteriors samples     
====================================================================================================

----- common model:  b
Inclination fixed to 90 deg!
Computing planetary mass under the approximation M_planet << M_star (threshold at 30.0 Me)
a_Rs                     20.18        -0.22         0.24    (15-84 p)
M_Mj                    0.0133      -0.0028       0.0029    (15-84 p)
M_Me                      4.23        -0.90         0.94    (15-84 p)
Tc                     59339.4         -1.1          1.0    (15-84 p)
a_AU_(M)                0.0939      -0.0010       0.0011    (15-84 p)
a_AU_(rho,R)            0.0939      -0.0010       0.0011    (15-84 p)


====================================================================================================
     ------------------------------------------------------------------------------------------     
====================================================================================================



****************************************************************************************************

 Parameters corresponding to the Maximum a Posteriori probability ( 851.6611846884564 )

====================================================================================================
     Statistics on the posterior of the sampler parameters     
====================================================================================================

----- dataset:  RVdata
jitter_0         8      1.362822 [    0.0009,    13.3000]
offset_0         9      2.263263 [-10006.2420, 10013.7830]
offset_1        10      4.426356 [-10006.2420, 10013.7830]
offset_2        11      3.751304 [-10006.2420, 10013.7830]
offset_3        12      3.418931 [-10006.2420, 10013.7830]

----- dataset: RVdata                    ----- model: gp_multidimensional           
rot_amp         13      0.281317 [    0.0000,    10.0000]
con_amp         14      4.060924 [  -20.0000,    20.0000]

----- dataset:  BISdata
jitter_0        15      1.713474 [    0.0095,    95.0000]
offset_0        16    -74.178492 [-10079.7500,  9960.6500]
offset_1        17    -44.807206 [-10079.7500,  9960.6500]
offset_2        18    -52.338106 [-10079.7500,  9960.6500]
offset_3        19    -59.844326 [-10079.7500,  9960.6500]

----- dataset: BISdata                   ----- model: gp_multidimensional           
rot_amp         20     -3.176590 [  -10.0000,    10.0000]
con_amp         21      0.315265 [  -20.0000,    20.0000]

----- dataset:  FWHMdata
jitter_0        22      0.364600 [    0.0500,   500.0000]
offset_0        23   6694.242964 [-3317.3615, 16947.7259]
offset_1        24   6939.408172 [-3317.3615, 16947.7259]
offset_2        25   6857.359499 [-3317.3615, 16947.7259]
offset_3        26   6897.027601 [-3317.3615, 16947.7259]

----- dataset: FWHMdata                  ----- model: gp_multidimensional           
rot_amp         27     -3.039223 [  -10.0000,    10.0000]
con_amp         28     -3.355528 [  -20.0000,    20.0000]

----- dataset:  CaIIdata
jitter_0        29      0.000332 [    0.0000,     0.3000]
offset_0        30      0.100679 [-9999.9071, 10000.1089]
offset_1        31      0.103600 [-9999.9071, 10000.1089]
offset_2        32      0.104496 [-9999.9071, 10000.1089]
offset_3        33      0.099502 [-9999.9071, 10000.1089]

----- dataset: CaIIdata                  ----- model: gp_multidimensional           
rot_amp         34      0.000020 [  -10.0000,    10.0000]
con_amp         35     -0.000119 [  -20.0000,    20.0000]

----- dataset:  Halphadata
jitter_0        36      0.000028 [    0.0000,     0.1000]
offset_0        37      0.172025 [-9999.8297, 10000.1786]
offset_1        38      0.174109 [-9999.8297, 10000.1786]
offset_2        39      0.174864 [-9999.8297, 10000.1786]
offset_3        40      0.171019 [-9999.8297, 10000.1786]

----- dataset: Halphadata                ----- model: gp_multidimensional           
rot_amp         41     -0.000956 [  -10.0000,    10.0000]
con_amp         42     -0.000005 [  -20.0000,    20.0000]

----- common model:  b
P                0      3.380164 [    0.3785,     6.6439]
K                1      0.442500 [   -9.9658,     3.3219]
sre_coso         2     -0.126748 [   -1.0000,     1.0000]
sre_sino         3      0.081809 [   -1.0000,     1.0000]
mean_long        4    262.341864 [  104.7484,   464.7484]

----- common model:  activity
Prot             5     27.920263 [   20.0000,    35.0000]
Pdec             6     32.840674 [   30.0000,  1000.0000]
Oamp             7     -1.548271 [   -6.6439,     0.0000]

----- common model:  star_parameters

====================================================================================================
     Statistics on the model parameters obtained from the posteriors samples     
====================================================================================================

----- dataset:  RVdata
jitter_0              1.362822 
offset_0              2.263263 
offset_1              4.426356 
offset_2              3.751304 
offset_3              3.418931 


----- dataset: RVdata                    ----- model: gp_multidimensional           
rot_amp               0.281317 
con_amp               4.060924 

----- dataset:  BISdata
jitter_0              1.713474 
offset_0            -74.178492 
offset_1            -44.807206 
offset_2            -52.338106 
offset_3            -59.844326 


----- dataset: BISdata                   ----- model: gp_multidimensional           
rot_amp              -3.176590 
con_amp               0.315265 

----- dataset:  FWHMdata
jitter_0              0.364600 
offset_0           6694.242964 
offset_1           6939.408172 
offset_2           6857.359499 
offset_3           6897.027601 


----- dataset: FWHMdata                  ----- model: gp_multidimensional           
rot_amp              -3.039223 
con_amp              -3.355528 

----- dataset:  CaIIdata
jitter_0              0.000332 
offset_0              0.100679 
offset_1              0.103600 
offset_2              0.104496 
offset_3              0.099502 


----- dataset: CaIIdata                  ----- model: gp_multidimensional           
rot_amp               0.000020 
con_amp              -0.000119 

----- dataset:  Halphadata
jitter_0              0.000028 
offset_0              0.172025 
offset_1              0.174109 
offset_2              0.174864 
offset_3              0.171019 


----- dataset: Halphadata                ----- model: gp_multidimensional           
rot_amp              -0.000956 
con_amp              -0.000005 

----- common model:  b
P                    10.411915 
K                     1.358957 
mean_long           262.341864 
e                     0.022758 
omega               147.160032 

----- common model:  activity
Prot                 27.920263 
Pdec                 32.840674 
Oamp                  0.341920 

----- common model:  star_parameters

====================================================================================================
     Statistics on the derived parameters obtained from the posteriors samples     
====================================================================================================

----- common model:  b
Inclination fixed to 90 deg!
a_Rs                 20.057232 
M_Mj                  0.014594 
M_Me                  4.639346 
Tc                59340.190415 
a_AU_(M)              0.093316 
a_AU_(rho,R)          0.093315 


====================================================================================================
     ------------------------------------------------------------------------------------------     
====================================================================================================



****************************************************************************************************

 Parameters corresponding to the sample closest to the median values ( 841.1806999699411 )

====================================================================================================
     Statistics on the posterior of the sampler parameters     
====================================================================================================

----- dataset:  RVdata
jitter_0         8      1.388248 [    0.0009,    13.3000]
offset_0         9      3.136701 [-10006.2420, 10013.7830]
offset_1        10      5.657462 [-10006.2420, 10013.7830]
offset_2        11      4.821635 [-10006.2420, 10013.7830]
offset_3        12      4.312829 [-10006.2420, 10013.7830]

----- dataset: RVdata                    ----- model: gp_multidimensional           
rot_amp         13      1.153549 [    0.0000,    10.0000]
con_amp         14      8.666951 [  -20.0000,    20.0000]

----- dataset:  BISdata
jitter_0        15      1.722457 [    0.0095,    95.0000]
offset_0        16    -74.191807 [-10079.7500,  9960.6500]
offset_1        17    -44.851218 [-10079.7500,  9960.6500]
offset_2        18    -51.910359 [-10079.7500,  9960.6500]
offset_3        19    -59.874261 [-10079.7500,  9960.6500]

----- dataset: BISdata                   ----- model: gp_multidimensional           
rot_amp         20     -4.440581 [  -10.0000,    10.0000]
con_amp         21      0.672404 [  -20.0000,    20.0000]

----- dataset:  FWHMdata
jitter_0        22      0.214023 [    0.0500,   500.0000]
offset_0        23   6693.636281 [-3317.3615, 16947.7259]
offset_1        24   6938.695741 [-3317.3615, 16947.7259]
offset_2        25   6856.251076 [-3317.3615, 16947.7259]
offset_3        26   6896.134549 [-3317.3615, 16947.7259]

----- dataset: FWHMdata                  ----- model: gp_multidimensional           
rot_amp         27     -7.126603 [  -10.0000,    10.0000]
con_amp         28     -7.674454 [  -20.0000,    20.0000]

----- dataset:  CaIIdata
jitter_0        29      0.000238 [    0.0000,     0.3000]
offset_0        30      0.100292 [-9999.9071, 10000.1089]
offset_1        31      0.103206 [-9999.9071, 10000.1089]
offset_2        32      0.104163 [-9999.9071, 10000.1089]
offset_3        33      0.099500 [-9999.9071, 10000.1089]

----- dataset: CaIIdata                  ----- model: gp_multidimensional           
rot_amp         34      0.002676 [  -10.0000,    10.0000]
con_amp         35      0.000298 [  -20.0000,    20.0000]

----- dataset:  Halphadata
jitter_0        36      0.000082 [    0.0000,     0.1000]
offset_0        37      0.171950 [-9999.8297, 10000.1786]
offset_1        38      0.173830 [-9999.8297, 10000.1786]
offset_2        39      0.174686 [-9999.8297, 10000.1786]
offset_3        40      0.171158 [-9999.8297, 10000.1786]

----- dataset: Halphadata                ----- model: gp_multidimensional           
rot_amp         41     -0.001396 [  -10.0000,    10.0000]
con_amp         42      0.000053 [  -20.0000,    20.0000]

----- common model:  b
P                0      3.391241 [    0.3785,     6.6439]
K                1      0.597123 [   -9.9658,     3.3219]
sre_coso         2      0.153842 [   -1.0000,     1.0000]
sre_sino         3     -0.009443 [   -1.0000,     1.0000]
mean_long        4    289.808925 [  104.7484,   464.7484]

----- common model:  activity
Prot             5     28.127062 [   20.0000,    35.0000]
Pdec             6     39.184085 [   30.0000,  1000.0000]
Oamp             7     -1.473090 [   -6.6439,     0.0000]

----- common model:  star_parameters

====================================================================================================
     Statistics on the model parameters obtained from the posteriors samples     
====================================================================================================

----- dataset:  RVdata
jitter_0              1.388248 
offset_0              3.136701 
offset_1              5.657462 
offset_2              4.821635 
offset_3              4.312829 


----- dataset: RVdata                    ----- model: gp_multidimensional           
rot_amp               1.153549 
con_amp               8.666951 

----- dataset:  BISdata
jitter_0              1.722457 
offset_0            -74.191807 
offset_1            -44.851218 
offset_2            -51.910359 
offset_3            -59.874261 


----- dataset: BISdata                   ----- model: gp_multidimensional           
rot_amp              -4.440581 
con_amp               0.672404 

----- dataset:  FWHMdata
jitter_0              0.214023 
offset_0           6693.636281 
offset_1           6938.695741 
offset_2           6856.251076 
offset_3           6896.134549 


----- dataset: FWHMdata                  ----- model: gp_multidimensional           
rot_amp              -7.126603 
con_amp              -7.674454 

----- dataset:  CaIIdata
jitter_0              0.000238 
offset_0              0.100292 
offset_1              0.103206 
offset_2              0.104163 
offset_3              0.099500 


----- dataset: CaIIdata                  ----- model: gp_multidimensional           
rot_amp               0.002676 
con_amp               0.000298 

----- dataset:  Halphadata
jitter_0              0.000082 
offset_0              0.171950 
offset_1              0.173830 
offset_2              0.174686 
offset_3              0.171158 


----- dataset: Halphadata                ----- model: gp_multidimensional           
rot_amp              -0.001396 
con_amp               0.000053 

----- common model:  b
P                    10.492166 
K                     1.512697 
mean_long           289.808925 
e                     0.023757 
omega                -3.512312 

----- common model:  activity
Prot                 28.127062 
Pdec                 39.184085 
Oamp                  0.360210 

----- common model:  star_parameters

====================================================================================================
     Statistics on the derived parameters obtained from the posteriors samples     
====================================================================================================

----- common model:  b
Inclination fixed to 90 deg!
a_Rs                 20.160138 
M_Mj                  0.016286 
M_Me                  5.177312 
Tc                59339.289667 
a_AU_(M)              0.093795 
a_AU_(rho,R)          0.093794 


====================================================================================================
     ------------------------------------------------------------------------------------------     
====================================================================================================



****************************************************************************************************

Inclination fixed to 90 deg!
Note: stellar density derived from stellar mass and radius

Inclination fixed to 90 deg!
Inclination fixed to 90 deg!
 Plot FLAT chain 

****************************************************************************************************

 Skipping full correlation plot due to the high number of parameters
 To avoid this behaviour, set the keyword parameters:force_full_correlation_plot to True

****************************************************************************************************

 Plotting the chains... 

****************************************************************************************************

 Plotting the Gelman-Rubin traces... 

     Gelman-Rubin:     8     1.018809 RVdata_jitter_0 
     Gelman-Rubin:     9     1.037187 RVdata_offset_0 
     Gelman-Rubin:    10     1.036697 RVdata_offset_1 
     Gelman-Rubin:    11     1.036610 RVdata_offset_2 
     Gelman-Rubin:    12     1.036768 RVdata_offset_3 
     Gelman-Rubin:    13     1.020172 RVdata_gp_multidimensional_rot_amp 
     Gelman-Rubin:    14     1.024921 RVdata_gp_multidimensional_con_amp 
     Gelman-Rubin:    15     1.016984 BISdata_jitter_0 
     Gelman-Rubin:    16     1.029771 BISdata_offset_0 
     Gelman-Rubin:    17     1.023419 BISdata_offset_1 
     Gelman-Rubin:    18     1.028283 BISdata_offset_2 
     Gelman-Rubin:    19     1.031256 BISdata_offset_3 
     Gelman-Rubin:    20     1.016224 BISdata_gp_multidimensional_rot_amp 
     Gelman-Rubin:    21     1.023528 BISdata_gp_multidimensional_con_amp 
     Gelman-Rubin:    22     1.020373 FWHMdata_jitter_0 
     Gelman-Rubin:    23     1.035762 FWHMdata_offset_0 
     Gelman-Rubin:    24     1.035517 FWHMdata_offset_1 
     Gelman-Rubin:    25     1.036246 FWHMdata_offset_2 
     Gelman-Rubin:    26     1.036274 FWHMdata_offset_3 
     Gelman-Rubin:    27     1.016321 FWHMdata_gp_multidimensional_rot_amp 
     Gelman-Rubin:    28     1.023563 FWHMdata_gp_multidimensional_con_amp 
     Gelman-Rubin:    29     1.019901 CaIIdata_jitter_0 
     Gelman-Rubin:    30     1.019855 CaIIdata_offset_0 
     Gelman-Rubin:    31     1.018303 CaIIdata_offset_1 
     Gelman-Rubin:    32     1.019303 CaIIdata_offset_2 
     Gelman-Rubin:    33     1.022616 CaIIdata_offset_3 
     Gelman-Rubin:    34     1.018231 CaIIdata_gp_multidimensional_rot_amp 
     Gelman-Rubin:    35     1.022124 CaIIdata_gp_multidimensional_con_amp 
     Gelman-Rubin:    36     1.015744 Halphadata_jitter_0 
     Gelman-Rubin:    37     1.018937 Halphadata_offset_0 
     Gelman-Rubin:    38     1.015714 Halphadata_offset_1 
     Gelman-Rubin:    39     1.018893 Halphadata_offset_2 
     Gelman-Rubin:    40     1.020792 Halphadata_offset_3 
     Gelman-Rubin:    41     1.017094 Halphadata_gp_multidimensional_rot_amp 
     Gelman-Rubin:    42     1.022307 Halphadata_gp_multidimensional_con_amp 
     Gelman-Rubin:     0     1.016230 b_P 
     Gelman-Rubin:     1     1.040941 b_K 
     Gelman-Rubin:     2     1.013367 b_sre_coso 
     Gelman-Rubin:     3     1.017580 b_sre_sino 
     Gelman-Rubin:     4     1.015185 b_mean_long 
     Gelman-Rubin:     5     1.015985 activity_Prot 
     Gelman-Rubin:     6     1.021430 activity_Pdec 
     Gelman-Rubin:     7     1.015538 activity_Oamp 

****************************************************************************************************

Plotting the common models corner plots
     Common model:  b
     Common model:  activity
     Common model:  star_parameters

****************************************************************************************************

Plotting the dataset + models corner plots 

     Dataset:  RVdata     model:  gp_multidimensional  corner plot  starting 
     Dataset:  RVdata     model:  gp_multidimensional  corner plot  done 
     Dataset:  RVdata     model:  radial_velocities_b  corner plot  starting 
     Dataset:  RVdata     model:  radial_velocities_b  corner plot  done 
     Dataset:  BISdata     model:  gp_multidimensional  corner plot  starting 
     Dataset:  BISdata     model:  gp_multidimensional  corner plot  done 
     Dataset:  FWHMdata     model:  gp_multidimensional  corner plot  starting 
     Dataset:  FWHMdata     model:  gp_multidimensional  corner plot  done 
     Dataset:  CaIIdata     model:  gp_multidimensional  corner plot  starting 
     Dataset:  CaIIdata     model:  gp_multidimensional  corner plot  done 
     Dataset:  Halphadata     model:  gp_multidimensional  corner plot  starting 
     Dataset:  Halphadata     model:  gp_multidimensional  corner plot  done 

****************************************************************************************************

 Saving the planet parameter samplings to files (with plots)

****************************************************************************************************

 Saving all the parameter samplings to files (with plots)

****************************************************************************************************

 Computing the models for plot/data writing 
     Splitting the plot array to allow GP prediction of extended datasets, it may take a while...
     # 65 chunks of 100 times each
     Check the documentation if the code is taking too long or if it crashes...
     Splitting the plot array to allow GP prediction of extended datasets, it may take a while...
     # 39 chunks of 100 times each
     Check the documentation if the code is taking too long or if it crashes...
     Splitting the plot array to allow GP prediction of extended datasets, it may take a while...
     # 39 chunks of 100 times each
     Check the documentation if the code is taking too long or if it crashes...
     Splitting the plot array to allow GP prediction of extended datasets, it may take a while...
     # 39 chunks of 100 times each
     Check the documentation if the code is taking too long or if it crashes...
     Splitting the plot array to allow GP prediction of extended datasets, it may take a while...
     # 39 chunks of 100 times each
     Check the documentation if the code is taking too long or if it crashes...
     Splitting the plot array to allow GP prediction of extended datasets, it may take a while...
     # 65 chunks of 100 times each
     Check the documentation if the code is taking too long or if it crashes...
     Splitting the plot array to allow GP prediction of extended datasets, it may take a while...
     # 39 chunks of 100 times each
     Check the documentation if the code is taking too long or if it crashes...
     Splitting the plot array to allow GP prediction of extended datasets, it may take a while...
     # 39 chunks of 100 times each
     Check the documentation if the code is taking too long or if it crashes...
     Splitting the plot array to allow GP prediction of extended datasets, it may take a while...
     # 39 chunks of 100 times each
     Check the documentation if the code is taking too long or if it crashes...
     Splitting the plot array to allow GP prediction of extended datasets, it may take a while...
     # 39 chunks of 100 times each
     Check the documentation if the code is taking too long or if it crashes...
     Splitting the plot array to allow GP prediction of extended datasets, it may take a while...
     # 65 chunks of 100 times each
     Check the documentation if the code is taking too long or if it crashes...
     Splitting the plot array to allow GP prediction of extended datasets, it may take a while...
     # 39 chunks of 100 times each
     Check the documentation if the code is taking too long or if it crashes...
     Splitting the plot array to allow GP prediction of extended datasets, it may take a while...
     # 39 chunks of 100 times each
     Check the documentation if the code is taking too long or if it crashes...
     Splitting the plot array to allow GP prediction of extended datasets, it may take a while...
     # 39 chunks of 100 times each
     Check the documentation if the code is taking too long or if it crashes...
     Splitting the plot array to allow GP prediction of extended datasets, it may take a while...
     # 39 chunks of 100 times each
     Check the documentation if the code is taking too long or if it crashes...
 Writing the plots 
 Writing the   data files 
 Writing the  MAP_ data files 
 Writing the  sampleMED_ data files 

****************************************************************************************************

