
:::---::: PyORBIT v11.0.1 :::---:::

Python version in use:
3.10.18 (main, Jun  5 2025, 13:14:17) [GCC 11.2.0]

reloaded_optimize:  False
reloaded_pyde:  False
reloaded_emcee:  False

number of multiprocessing threads: 16
multiprocessing method (should be fork):  fork

parameters/safe_reload flag (must be True for tinygp):  False

Opening:  RVdata_expres
Opening:  RVdata_harps
Opening:  RVdata_neid

Adding common model of planet:  b
Adding common model of planet:  c
Adding common model of planet:  d
Using orbital model:  keplerian
Using orbital parametrization:  Eastman2013

Using orbital model:  keplerian
Using orbital parametrization:  Eastman2013

Using orbital model:  keplerian
Using orbital parametrization:  Eastman2013


====================================================================================================
     Ids, spaces (s), boundaries (b) and priors (p) of the sampler parameters     
====================================================================================================

----- dataset:  RVdata_expres
jitter_0      id:  15  s:Linear      b:[      0.0010,      11.5000]   p:Uniform   []
offset_0      id:  16  s:Linear      b:[  -9995.9050,   10012.5570]   p:Uniform   []

----- dataset:  RVdata_harps
jitter_0      id:  17  s:Linear      b:[      0.0009,      12.2000]   p:Uniform   []
offset_0      id:  18  s:Linear      b:[  -9994.3035,   10013.7475]   p:Uniform   []
offset_1      id:  19  s:Linear      b:[  -9994.3035,   10013.7475]   p:Uniform   []

----- dataset:  RVdata_neid
jitter_0      id:  20  s:Linear      b:[      0.0010,      12.2000]   p:Uniform   []
offset_0      id:  21  s:Linear      b:[  -9993.3866,   10013.1434]   p:Uniform   []

----- common model:  b
P             id:   0  s:Log_Base2   b:[      0.3785,       6.6439]   p:Uniform   []
K             id:   1  s:Log_Base2   b:[     -9.9658,       3.3219]   p:Uniform   []
sre_coso      id:   2  s:Linear      b:[     -1.0000,       1.0000]   p:Uniform   []
sre_sino      id:   3  s:Linear      b:[     -1.0000,       1.0000]   p:Uniform   []
mean_long     id:   4  s:Linear      b:[      0.0000,     360.0000]   p:Uniform   []
e             derived (no id, space, bound)                           p:Gaussian   [0.    0.098]
omega         derived (no id, space, bound)                           p:Uniform   [0.0, 360.0]

----- common model:  c
P             id:   5  s:Log_Base2   b:[      0.3785,       6.6439]   p:Uniform   []
K             id:   6  s:Log_Base2   b:[     -9.9658,       3.3219]   p:Uniform   []
sre_coso      id:   7  s:Linear      b:[     -1.0000,       1.0000]   p:Uniform   []
sre_sino      id:   8  s:Linear      b:[     -1.0000,       1.0000]   p:Uniform   []
mean_long     id:   9  s:Linear      b:[      0.0000,     360.0000]   p:Uniform   []
e             derived (no id, space, bound)                           p:Gaussian   [0.    0.098]
omega         derived (no id, space, bound)                           p:Uniform   [0.0, 360.0]

----- common model:  d
P             id:  10  s:Log_Base2   b:[      0.3785,       6.6439]   p:Uniform   []
K             id:  11  s:Log_Base2   b:[     -9.9658,       3.3219]   p:Uniform   []
sre_coso      id:  12  s:Linear      b:[     -1.0000,       1.0000]   p:Uniform   []
sre_sino      id:  13  s:Linear      b:[     -1.0000,       1.0000]   p:Uniform   []
mean_long     id:  14  s:Linear      b:[      0.0000,     360.0000]   p:Uniform   []
e             derived (no id, space, bound)                           p:Gaussian   [0.    0.098]
omega         derived (no id, space, bound)                           p:Uniform   [0.0, 360.0]

----- common model:  star_parameters
mass          derived (no id, space, bound)                           p:Gaussian   [1.e+00 1.e-06]
radius        derived (no id, space, bound)                           p:Gaussian   [1.e+00 1.e-06]
density       derived (no id, space, bound)                           p:Gaussian   [1.e+00 1.e-06]

Include priors:  True

Reference Time Tref:  59334.700184

Dimensions =  22
Nwalkers =  88

Using threading pool for PyDE: True
PyDE running
Boundaries redefined after PyDE output
PyDE completed, it took         17.5 seconds

====================================================================================================
     Starting point of the sample/optimization routines    
====================================================================================================

----- dataset:  RVdata_expres
jitter_0        15      1.388476 [    0.0010,    11.5000]
offset_0        16      8.650055 [-9995.9050, 10012.5570]

----- dataset:  RVdata_harps
jitter_0        17      1.091468 [    0.0009,    12.2000]
offset_0        18      9.221598 [-9994.3035, 10013.7475]
offset_1        19     10.523423 [-9994.3035, 10013.7475]

----- dataset:  RVdata_neid
jitter_0        20      1.123873 [    0.0010,    12.2000]
offset_0        21      9.484312 [-9993.3866, 10013.1434]

----- common model:  b
P                0      4.652087 [    0.3785,     6.6439]
K                1     -0.016819 [   -9.9658,     3.3219]
sre_coso         2      0.114023 [   -1.0000,     1.0000]
sre_sino         3      0.334361 [   -1.0000,     1.0000]
mean_long        4     84.319119 [  -95.6809,   264.3191]

----- common model:  c
P                5      3.708123 [    0.3785,     6.6439]
K                6      0.014342 [   -9.9658,     3.3219]
sre_coso         7     -0.042330 [   -1.0000,     1.0000]
sre_sino         8     -0.191187 [   -1.0000,     1.0000]
mean_long        9    206.082720 [   26.0827,   386.0827]

----- common model:  d
P               10      2.228233 [    0.3785,     6.6439]
K               11      0.314283 [   -9.9658,     3.3219]
sre_coso        12      0.304133 [   -1.0000,     1.0000]
sre_sino        13     -0.116068 [   -1.0000,     1.0000]
mean_long       14    243.338233 [   63.3382,   423.3382]

----- common model:  star_parameters

====================================================================================================
     Starting point projected onto the model parameter space     
====================================================================================================

----- dataset:  RVdata_expres
jitter_0              1.388476 
offset_0              8.650055 


----- dataset:  RVdata_harps
jitter_0              1.091468 
offset_0              9.221598 
offset_1             10.523423 


----- dataset:  RVdata_neid
jitter_0              1.123873 
offset_0              9.484312 


----- common model:  b
P                    25.143034 
K                     0.988409 
mean_long            84.319119 
e                     0.124798 
omega                71.169685 

----- common model:  c
P                    13.069417 
K                     1.009991 
mean_long           206.082720 
e                     0.038344 
omega              -102.484296 

----- common model:  d
P                     4.685598 
K                     1.243394 
mean_long           243.338233 
e                     0.105969 
omega               -20.888566 

----- common model:  star_parameters

====================================================================================================
     Derived parameters obtained from starting point     
====================================================================================================

----- common model:  b
Inclination fixed to 90 deg!
a_Rs                 36.101828 
M_Mj                  0.014133 
M_Me                  4.492836 
Tc                59334.801168 
a_AU_(M)              0.167963 
a_AU_(rho,R)          0.167962 

----- common model:  c
Inclination fixed to 90 deg!
a_Rs                 23.339233 
M_Mj                  0.011695 
M_Me                  3.717655 
Tc                59343.590817 
a_AU_(M)              0.108586 
a_AU_(rho,R)          0.108585 

----- common model:  d
Inclination fixed to 90 deg!
a_Rs                 11.778564 
M_Mj                  0.010178 
M_Me                  3.235414 
Tc                59337.238298 
a_AU_(M)              0.054800 
a_AU_(rho,R)          0.054799 


====================================================================================================
     Statistics on the log-likelihood     
====================================================================================================

 LN probability:  -562.878367 

====================================================================================================
     ------------------------------------------------------------------------------------------     
====================================================================================================



*************************************************************

Running emcee

emcee version:  3.1.6
Using threading pool for emcee: True

Saving temporary steps


Computing the autocorrelation time of the chains

***** WARNING ******
The integrated autocorrelation time cannot be reliably estimated
likely the chains are too short, and ACF analysis is not fully reliable
emcee.autocorr.integrated_time tolerance lowered to 20
If you still get a warning, you should drop these results entirely

Reference thinning used in the analysis: 150
Maximum value of the integrated ACF: 3
Step length used in the analysis: 3*nthin = 450

Convergence criteria: less than 1% variation in ACF after 20 times the integrated ACF
At least 50*ACF after convergence, 100*ACF would be ideal
Negative values: not converged yet

   sampler parameter              |    ACF   | ACF*nthin | converged at | nsteps/ACF | to 100*ACF
                                  |          |           |              |            | 
   RVdata_expres_jitter_0         |    2.44  |      366  |       -1     |      -1    |   36924 
   RVdata_expres_offset_0         |    2.41  |      362  |    12600     |       7    |   33804 
   RVdata_harps_jitter_0          |    2.48  |      373  |       -1     |      -1    |   37626 
   RVdata_harps_offset_0          |    2.60  |      390  |    11700     |       8    |   35666 
   RVdata_harps_offset_1          |    2.52  |      378  |    13050     |       5    |   35885 
   RVdata_neid_jitter_0           |    2.38  |      357  |    13500     |       4    |   34184 
   RVdata_neid_offset_0           |    2.48  |      372  |    13500     |       4    |   35671 
   b_P                            |    2.47  |      371  |       -1     |      -1    |   37470 
   b_K                            |    2.60  |      391  |    13500     |       4    |   37563 
   b_sre_coso                     |    3.01  |      451  |    13500     |       3    |   43601 
   b_sre_sino                     |    2.87  |      430  |       -1     |      -1    |   43418 
   b_mean_long                    |    2.38  |      357  |       -1     |      -1    |   36049 
   c_P                            |    2.99  |      449  |    13500     |       3    |   43403 
   c_K                            |    2.79  |      418  |    13950     |       3    |   40799 
   c_sre_coso                     |    2.82  |      423  |       -1     |      -1    |   42718 
   c_sre_sino                     |    2.76  |      414  |       -1     |      -1    |   41782 
   c_mean_long                    |    2.90  |      435  |    13500     |       3    |   41980 
   d_P                            |    2.46  |      369  |    12150     |       8    |   34087 
   d_K                            |    2.43  |      364  |       -1     |      -1    |   36805 
   d_sre_coso                     |    2.36  |      354  |    12600     |       7    |   33046 
   d_sre_sino                     |    2.50  |      374  |       -1     |      -1    |   37823 
   d_mean_long                    |    2.44  |      367  |    14400     |       2    |   36056 

     9 chains have not converged yet, keep going 

Check the documentation for the correct interpretation of these results:
https://pyorbit.readthedocs.io/running_pyorbit/terminal_output/#autocorrelation-analysis

====================================================================================================
     Statistics on the posterior of the sampler parameters     
====================================================================================================

----- dataset:  RVdata_expres
jitter_0        15         1.413       -0.096         0.11   (15-84 p)   [    0.0010,    11.5000]
offset_0        16          8.65        -0.15         0.15   (15-84 p)   [-9995.9050, 10012.5570]

----- dataset:  RVdata_harps
jitter_0        17         1.165       -0.085        0.099   (15-84 p)   [    0.0009,    12.2000]
offset_0        18          9.22        -0.14         0.14   (15-84 p)   [-9994.3035, 10013.7475]
offset_1        19         10.52        -0.25         0.25   (15-84 p)   [-9994.3035, 10013.7475]

----- dataset:  RVdata_neid
jitter_0        20         1.164       -0.096         0.11   (15-84 p)   [    0.0010,    12.2000]
offset_0        21          9.49        -0.14         0.14   (15-84 p)   [-9993.3866, 10013.1434]

----- common model:  b
P                0         4.659       -0.025        0.026   (15-84 p)   [    0.3785,     6.6439]
K                1         -0.06        -0.19         0.17   (15-84 p)   [   -9.9658,     3.3219]
sre_coso         2          0.05        -0.22         0.20   (15-84 p)   [   -1.0000,     1.0000]
sre_sino         3          0.13        -0.26         0.22   (15-84 p)   [   -1.0000,     1.0000]
mean_long        4            88          -16           16   (15-84 p)   [  -95.6809,   264.3191]

----- common model:  c
P                5         3.705       -0.018        0.021   (15-84 p)   [    0.3785,     6.6439]
K                6          0.01        -0.22         0.18   (15-84 p)   [   -9.9658,     3.3219]
sre_coso         7         -0.02        -0.18         0.19   (15-84 p)   [   -1.0000,     1.0000]
sre_sino         8         -0.05        -0.19         0.20   (15-84 p)   [   -1.0000,     1.0000]
mean_long        9           201          -22           26   (15-84 p)   [   26.0827,   386.0827]

----- common model:  d
P               10        2.2279      -0.0036       0.0038   (15-84 p)   [    0.3785,     6.6439]
K               11          0.24        -0.17         0.15   (15-84 p)   [   -9.9658,     3.3219]
sre_coso        12          0.20        -0.22         0.16   (15-84 p)   [   -1.0000,     1.0000]
sre_sino        13         -0.06        -0.16         0.18   (15-84 p)   [   -1.0000,     1.0000]
mean_long       14           243          -10           11   (15-84 p)   [   63.3382,   423.3382]

----- common model:  star_parameters

====================================================================================================
     Statistics on the model parameters obtained from the posteriors samples     
====================================================================================================

----- dataset:  RVdata_expres
jitter_0                 1.413       -0.096         0.11    (15-84 p)
offset_0                  8.65        -0.15         0.15    (15-84 p)


----- dataset:  RVdata_harps
jitter_0                 1.165       -0.085        0.099    (15-84 p)
offset_0                  9.22        -0.14         0.14    (15-84 p)
offset_1                 10.52        -0.25         0.25    (15-84 p)


----- dataset:  RVdata_neid
jitter_0                 1.164       -0.096         0.11    (15-84 p)
offset_0                  9.49        -0.14         0.14    (15-84 p)


----- common model:  b
P                        25.27        -0.43         0.46    (15-84 p)
K                         0.96        -0.12         0.12    (15-84 p)
mean_long                   88          -16           16    (15-84 p)
e                        0.083       -0.059         0.10    (15-84 p)
omega                       49         -146           62    (15-84 p)

----- common model:  c
P                        13.04        -0.16         0.19    (15-84 p)
K                         1.01        -0.14         0.13    (15-84 p)
mean_long                  201          -22           26    (15-84 p)
e                        0.056       -0.040        0.059    (15-84 p)
omega                      -39          -93          146    (15-84 p)

----- common model:  d
P                        4.685       -0.012        0.012    (15-84 p)
K                         1.18        -0.13         0.13    (15-84 p)
mean_long                  243          -10           11    (15-84 p)
e                        0.080       -0.055        0.078    (15-84 p)
omega                      -17          -57           54    (15-84 p)

----- common model:  star_parameters

====================================================================================================
     Statistics on the derived parameters obtained from the posteriors samples     
====================================================================================================

----- common model:  b
Inclination fixed to 90 deg!
Computing planetary mass under the approximation M_planet << M_star (threshold at 30.0 Me)
a_Rs                     36.22        -0.41         0.44    (15-84 p)
M_Mj                    0.0138      -0.0017       0.0017    (15-84 p)
M_Me                      4.38        -0.53         0.53    (15-84 p)
Tc                     59357.9          -23          1.7    (15-84 p)
a_AU_(M)                0.1685      -0.0019       0.0020    (15-84 p)
a_AU_(rho,R)            0.1685      -0.0019       0.0020    (15-84 p)

----- common model:  c
Inclination fixed to 90 deg!
Computing planetary mass under the approximation M_planet << M_star (threshold at 30.0 Me)
a_Rs                     23.30        -0.20         0.22    (15-84 p)
M_Mj                    0.0116      -0.0016       0.0015    (15-84 p)
M_Me                      3.70        -0.51         0.49    (15-84 p)
Tc                    59343.72        -0.85         0.72    (15-84 p)
a_AU_(M)               0.10841     -0.00091       0.0010    (15-84 p)
a_AU_(rho,R)           0.10841     -0.00091       0.0010    (15-84 p)

----- common model:  d
Inclination fixed to 90 deg!
Computing planetary mass under the approximation M_planet << M_star (threshold at 30.0 Me)
a_Rs                    11.777       -0.019        0.021    (15-84 p)
M_Mj                    0.0097      -0.0011       0.0010    (15-84 p)
M_Me                      3.07        -0.34         0.33    (15-84 p)
Tc                    59337.31        -0.17         0.15    (15-84 p)
a_AU_(M)              0.054792    -0.000090     0.000096    (15-84 p)
a_AU_(rho,R)          0.054792    -0.000090     0.000096    (15-84 p)


====================================================================================================
     ------------------------------------------------------------------------------------------     
====================================================================================================



15000.0   steps completed, average lnprob:,  -573.2290961762983


Computing the autocorrelation time of the chains

The chains are more than 50 times longer than the ACF, the estimate can be trusted

Reference thinning used in the analysis: 150
Maximum value of the integrated ACF: 3
Step length used in the analysis: 3*nthin = 450

Convergence criteria: less than 1% variation in ACF after 50 times the integrated ACF
At least 50*ACF after convergence, 100*ACF would be ideal
Negative values: not converged yet

   sampler parameter              |    ACF   | ACF*nthin | converged at | nsteps/ACF | to 100*ACF
                                  |          |           |              |            | 
   RVdata_expres_jitter_0         |    2.78  |      416  |    22950     |      17    |   34585 
   RVdata_expres_offset_0         |    2.86  |      429  |    23400     |      15    |   36344 
   RVdata_harps_jitter_0          |    2.97  |      445  |    24750     |      12    |   39236 
   RVdata_harps_offset_0          |    2.88  |      432  |    23850     |      14    |   37070 
   RVdata_harps_offset_1          |    2.78  |      417  |    23400     |      16    |   35143 
   RVdata_neid_jitter_0           |    2.79  |      419  |    23850     |      15    |   35737 
   RVdata_neid_offset_0           |    2.83  |      425  |    23400     |      16    |   35869 
   b_P                            |    2.84  |      426  |    24750     |      12    |   37308 
   b_K                            |    3.19  |      479  |    26550     |       7    |   44464 
   b_sre_coso                     |    3.51  |      526  |    28350     |       3    |   50951 
   b_sre_sino                     |    3.18  |      477  |    27000     |       6    |   44704 
   b_mean_long                    |    2.77  |      415  |    23400     |      16    |   34903 
   c_P                            |    3.32  |      497  |    27450     |       5    |   47196 
   c_K                            |    3.13  |      469  |    25650     |       9    |   42547 
   c_sre_coso                     |    3.37  |      505  |    28350     |       3    |   48864 
   c_sre_sino                     |    3.11  |      467  |    25200     |      10    |   41909 
   c_mean_long                    |    3.27  |      491  |    26550     |       7    |   45626 
   d_P                            |    2.89  |      433  |    25200     |      11    |   38550 
   d_K                            |    2.85  |      427  |    23850     |      14    |   36575 
   d_sre_coso                     |    3.02  |      452  |    26550     |       8    |   41781 
   d_sre_sino                     |    2.99  |      449  |    25650     |      10    |   40550 
   d_mean_long                    |    2.77  |      416  |    23850     |      15    |   35404 

All the chains have converged, but PyORBIT should keep running for about:
17711 more steps to reach 50*ACF,
40242 more steps to reach 100*ACF
Suggested value for burnin: 25180

Check the documentation for the correct interpretation of these results:
https://pyorbit.readthedocs.io/running_pyorbit/terminal_output/#autocorrelation-analysis

====================================================================================================
     Statistics on the posterior of the sampler parameters     
====================================================================================================

----- dataset:  RVdata_expres
jitter_0        15          1.42        -0.10         0.11   (15-84 p)   [    0.0010,    11.5000]
offset_0        16          8.65        -0.14         0.14   (15-84 p)   [-9995.9050, 10012.5570]

----- dataset:  RVdata_harps
jitter_0        17         1.163       -0.087        0.100   (15-84 p)   [    0.0009,    12.2000]
offset_0        18          9.23        -0.14         0.14   (15-84 p)   [-9994.3035, 10013.7475]
offset_1        19         10.51        -0.25         0.25   (15-84 p)   [-9994.3035, 10013.7475]

----- dataset:  RVdata_neid
jitter_0        20         1.167       -0.094         0.10   (15-84 p)   [    0.0010,    12.2000]
offset_0        21          9.49        -0.13         0.13   (15-84 p)   [-9993.3866, 10013.1434]

----- common model:  b
P                0         4.661       -0.025        0.025   (15-84 p)   [    0.3785,     6.6439]
K                1         -0.06        -0.19         0.17   (15-84 p)   [   -9.9658,     3.3219]
sre_coso         2          0.05        -0.22         0.20   (15-84 p)   [   -1.0000,     1.0000]
sre_sino         3          0.13        -0.26         0.23   (15-84 p)   [   -1.0000,     1.0000]
mean_long        4            89          -16           15   (15-84 p)   [  -95.6809,   264.3191]

----- common model:  c
P                5         3.704       -0.018        0.022   (15-84 p)   [    0.3785,     6.6439]
K                6          0.01        -0.22         0.18   (15-84 p)   [   -9.9658,     3.3219]
sre_coso         7         -0.01        -0.18         0.18   (15-84 p)   [   -1.0000,     1.0000]
sre_sino         8         -0.05        -0.19         0.21   (15-84 p)   [   -1.0000,     1.0000]
mean_long        9           201          -21           26   (15-84 p)   [   26.0827,   386.0827]

----- common model:  d
P               10        2.2279      -0.0037       0.0038   (15-84 p)   [    0.3785,     6.6439]
K               11          0.24        -0.17         0.15   (15-84 p)   [   -9.9658,     3.3219]
sre_coso        12          0.19        -0.22         0.16   (15-84 p)   [   -1.0000,     1.0000]
sre_sino        13         -0.06        -0.16         0.17   (15-84 p)   [   -1.0000,     1.0000]
mean_long       14           243          -11           10   (15-84 p)   [   63.3382,   423.3382]

----- common model:  star_parameters

====================================================================================================
     Statistics on the model parameters obtained from the posteriors samples     
====================================================================================================

----- dataset:  RVdata_expres
jitter_0                  1.42        -0.10         0.11    (15-84 p)
offset_0                  8.65        -0.14         0.14    (15-84 p)


----- dataset:  RVdata_harps
jitter_0                 1.163       -0.087        0.100    (15-84 p)
offset_0                  9.23        -0.14         0.14    (15-84 p)
offset_1                 10.51        -0.25         0.25    (15-84 p)


----- dataset:  RVdata_neid
jitter_0                 1.167       -0.094         0.10    (15-84 p)
offset_0                  9.49        -0.13         0.13    (15-84 p)


----- common model:  b
P                        25.29        -0.44         0.45    (15-84 p)
K                         0.96        -0.12         0.12    (15-84 p)
mean_long                   89          -16           15    (15-84 p)
e                        0.084       -0.060         0.10    (15-84 p)
omega                       50         -149           60    (15-84 p)

----- common model:  c
P                        13.03        -0.16         0.20    (15-84 p)
K                         1.00        -0.14         0.14    (15-84 p)
mean_long                  201          -21           26    (15-84 p)
e                        0.055       -0.039        0.059    (15-84 p)
omega                      -38          -94          148    (15-84 p)

----- common model:  d
P                        4.684       -0.012        0.012    (15-84 p)
K                         1.18        -0.13         0.13    (15-84 p)
mean_long                  243          -11           10    (15-84 p)
e                        0.079       -0.055        0.076    (15-84 p)
omega                      -17          -58           56    (15-84 p)

----- common model:  star_parameters

====================================================================================================
     Statistics on the derived parameters obtained from the posteriors samples     
====================================================================================================

----- common model:  b
Inclination fixed to 90 deg!
Computing planetary mass under the approximation M_planet << M_star (threshold at 30.0 Me)
a_Rs                     36.24        -0.42         0.43    (15-84 p)
M_Mj                    0.0138      -0.0017       0.0017    (15-84 p)
M_Me                      4.37        -0.53         0.54    (15-84 p)
Tc                     59358.2          -23          1.4    (15-84 p)
a_AU_(M)                0.1686      -0.0020       0.0020    (15-84 p)
a_AU_(rho,R)            0.1686      -0.0020       0.0020    (15-84 p)

----- common model:  c
Inclination fixed to 90 deg!
Computing planetary mass under the approximation M_planet << M_star (threshold at 30.0 Me)
a_Rs                     23.29        -0.19         0.24    (15-84 p)
M_Mj                    0.0116      -0.0016       0.0016    (15-84 p)
M_Me                      3.68        -0.50         0.50    (15-84 p)
Tc                    59343.74        -0.86         0.68    (15-84 p)
a_AU_(M)               0.10836     -0.00090       0.0011    (15-84 p)
a_AU_(rho,R)           0.10836     -0.00090       0.0011    (15-84 p)

----- common model:  d
Inclination fixed to 90 deg!
Computing planetary mass under the approximation M_planet << M_star (threshold at 30.0 Me)
a_Rs                    11.777       -0.020        0.021    (15-84 p)
M_Mj                    0.0096      -0.0011       0.0011    (15-84 p)
M_Me                      3.06        -0.35         0.34    (15-84 p)
Tc                    59337.31        -0.17         0.16    (15-84 p)
a_AU_(M)              0.054791    -0.000095     0.000097    (15-84 p)
a_AU_(rho,R)          0.054790    -0.000095     0.000097    (15-84 p)


====================================================================================================
     ------------------------------------------------------------------------------------------     
====================================================================================================



30000.0   steps completed, average lnprob:,  -573.2073281941637


Computing the autocorrelation time of the chains

The chains are more than 50 times longer than the ACF, the estimate can be trusted

Reference thinning used in the analysis: 150
Maximum value of the integrated ACF: 3
Step length used in the analysis: 3*nthin = 450

Convergence criteria: less than 1% variation in ACF after 50 times the integrated ACF
At least 50*ACF after convergence, 100*ACF would be ideal
Negative values: not converged yet

   sampler parameter              |    ACF   | ACF*nthin | converged at | nsteps/ACF | to 100*ACF
                                  |          |           |              |            | 
   RVdata_expres_jitter_0         |    2.96  |      444  |    25200     |      45    |   24646 
   RVdata_expres_offset_0         |    2.90  |      435  |    23850     |      49    |   22384 
   RVdata_harps_jitter_0          |    3.18  |      477  |    25650     |      41    |   28318 
   RVdata_harps_offset_0          |    3.09  |      463  |    25650     |      42    |   26934 
   RVdata_harps_offset_1          |    3.01  |      452  |    25200     |      44    |   25400 
   RVdata_neid_jitter_0           |    2.97  |      446  |    25650     |      43    |   25206 
   RVdata_neid_offset_0           |    2.95  |      443  |    24300     |      47    |   23568 
   b_P                            |    2.99  |      448  |    24750     |      45    |   24599 
   b_K                            |    3.31  |      497  |    27450     |      35    |   32101 
   b_sre_coso                     |    3.52  |      528  |    28350     |      32    |   36172 
   b_sre_sino                     |    3.47  |      520  |    28800     |      31    |   35819 
   b_mean_long                    |    2.98  |      447  |    24750     |      45    |   24454 
   c_P                            |    3.58  |      538  |    28800     |      30    |   37568 
   c_K                            |    3.38  |      508  |    27900     |      34    |   33652 
   c_sre_coso                     |    3.40  |      509  |    28350     |      33    |   34298 
   c_sre_sino                     |    3.21  |      482  |    26550     |      38    |   29708 
   c_mean_long                    |    3.60  |      540  |    29250     |      29    |   38217 
   d_P                            |    3.06  |      459  |    25650     |      42    |   26559 
   d_K                            |    2.98  |      447  |    26100     |      42    |   25754 
   d_sre_coso                     |    3.39  |      509  |    28800     |      32    |   34661 
   d_sre_sino                     |    3.27  |      491  |    27000     |      37    |   31098 
   d_mean_long                    |    2.90  |      435  |    24750     |      47    |   23261 

All the chains have converged, but PyORBIT should keep running for about:
5389 more steps to reach 50*ACF,
29290 more steps to reach 100*ACF
Suggested value for burnin: 26489

Check the documentation for the correct interpretation of these results:
https://pyorbit.readthedocs.io/running_pyorbit/terminal_output/#autocorrelation-analysis

====================================================================================================
     Statistics on the posterior of the sampler parameters     
====================================================================================================

----- dataset:  RVdata_expres
jitter_0        15         1.416       -0.100         0.11   (15-84 p)   [    0.0010,    11.5000]
offset_0        16          8.65        -0.14         0.14   (15-84 p)   [-9995.9050, 10012.5570]

----- dataset:  RVdata_harps
jitter_0        17         1.161       -0.087        0.097   (15-84 p)   [    0.0009,    12.2000]
offset_0        18          9.22        -0.14         0.14   (15-84 p)   [-9994.3035, 10013.7475]
offset_1        19         10.51        -0.25         0.25   (15-84 p)   [-9994.3035, 10013.7475]

----- dataset:  RVdata_neid
jitter_0        20         1.166       -0.093         0.11   (15-84 p)   [    0.0010,    12.2000]
offset_0        21          9.49        -0.13         0.13   (15-84 p)   [-9993.3866, 10013.1434]

----- common model:  b
P                0         4.660       -0.025        0.026   (15-84 p)   [    0.3785,     6.6439]
K                1         -0.05        -0.19         0.17   (15-84 p)   [   -9.9658,     3.3219]
sre_coso         2          0.06        -0.22         0.20   (15-84 p)   [   -1.0000,     1.0000]
sre_sino         3          0.13        -0.26         0.23   (15-84 p)   [   -1.0000,     1.0000]
mean_long        4            88          -16           15   (15-84 p)   [  -95.6809,   264.3191]

----- common model:  c
P                5         3.704       -0.018        0.022   (15-84 p)   [    0.3785,     6.6439]
K                6          0.01        -0.21         0.18   (15-84 p)   [   -9.9658,     3.3219]
sre_coso         7         -0.01        -0.18         0.18   (15-84 p)   [   -1.0000,     1.0000]
sre_sino         8         -0.06        -0.19         0.21   (15-84 p)   [   -1.0000,     1.0000]
mean_long        9           201          -21           27   (15-84 p)   [   26.0827,   386.0827]

----- common model:  d
P               10        2.2280      -0.0038       0.0038   (15-84 p)   [    0.3785,     6.6439]
K               11          0.24        -0.17         0.15   (15-84 p)   [   -9.9658,     3.3219]
sre_coso        12          0.20        -0.22         0.16   (15-84 p)   [   -1.0000,     1.0000]
sre_sino        13         -0.07        -0.16         0.17   (15-84 p)   [   -1.0000,     1.0000]
mean_long       14           243          -10           10   (15-84 p)   [   63.3382,   423.3382]

----- common model:  star_parameters

====================================================================================================
     Statistics on the model parameters obtained from the posteriors samples     
====================================================================================================

----- dataset:  RVdata_expres
jitter_0                 1.416       -0.100         0.11    (15-84 p)
offset_0                  8.65        -0.14         0.14    (15-84 p)


----- dataset:  RVdata_harps
jitter_0                 1.161       -0.087        0.097    (15-84 p)
offset_0                  9.22        -0.14         0.14    (15-84 p)
offset_1                 10.51        -0.25         0.25    (15-84 p)


----- dataset:  RVdata_neid
jitter_0                 1.166       -0.093         0.11    (15-84 p)
offset_0                  9.49        -0.13         0.13    (15-84 p)


----- common model:  b
P                        25.28        -0.44         0.45    (15-84 p)
K                         0.96        -0.12         0.12    (15-84 p)
mean_long                   88          -16           15    (15-84 p)
e                        0.085       -0.061         0.10    (15-84 p)
omega                       49         -144           59    (15-84 p)

----- common model:  c
P                        13.03        -0.16         0.20    (15-84 p)
K                         1.01        -0.14         0.13    (15-84 p)
mean_long                  201          -21           27    (15-84 p)
e                        0.054       -0.038        0.059    (15-84 p)
omega                      -40          -92          144    (15-84 p)

----- common model:  d
P                        4.685       -0.012        0.012    (15-84 p)
K                         1.18        -0.13         0.13    (15-84 p)
mean_long                  243          -10           10    (15-84 p)
e                        0.080       -0.056        0.077    (15-84 p)
omega                      -18          -57           54    (15-84 p)

----- common model:  star_parameters

====================================================================================================
     Statistics on the derived parameters obtained from the posteriors samples     
====================================================================================================

----- common model:  b
Inclination fixed to 90 deg!
Computing planetary mass under the approximation M_planet << M_star (threshold at 30.0 Me)
a_Rs                     36.23        -0.42         0.43    (15-84 p)
M_Mj                    0.0138      -0.0017       0.0017    (15-84 p)
M_Me                      4.39        -0.53         0.54    (15-84 p)
Tc                     59358.1          -23          1.5    (15-84 p)
a_AU_(M)                0.1686      -0.0019       0.0020    (15-84 p)
a_AU_(rho,R)            0.1686      -0.0019       0.0020    (15-84 p)

----- common model:  c
Inclination fixed to 90 deg!
Computing planetary mass under the approximation M_planet << M_star (threshold at 30.0 Me)
a_Rs                     23.29        -0.19         0.24    (15-84 p)
M_Mj                    0.0116      -0.0016       0.0015    (15-84 p)
M_Me                      3.69        -0.51         0.49    (15-84 p)
Tc                    59343.74        -0.89         0.69    (15-84 p)
a_AU_(M)               0.10836     -0.00089       0.0011    (15-84 p)
a_AU_(rho,R)           0.10836     -0.00089       0.0011    (15-84 p)

----- common model:  d
Inclination fixed to 90 deg!
Computing planetary mass under the approximation M_planet << M_star (threshold at 30.0 Me)
a_Rs                    11.777       -0.020        0.021    (15-84 p)
M_Mj                    0.0097      -0.0011       0.0011    (15-84 p)
M_Me                      3.07        -0.34         0.34    (15-84 p)
Tc                    59337.31        -0.17         0.16    (15-84 p)
a_AU_(M)              0.054794    -0.000095     0.000096    (15-84 p)
a_AU_(rho,R)          0.054793    -0.000095     0.000096    (15-84 p)


====================================================================================================
     ------------------------------------------------------------------------------------------     
====================================================================================================



45000.0   steps completed, average lnprob:,  -574.2611121915381


Computing the autocorrelation time of the chains

The chains are more than 50 times longer than the ACF, the estimate can be trusted

Reference thinning used in the analysis: 150
Maximum value of the integrated ACF: 3
Step length used in the analysis: 3*nthin = 450

Convergence criteria: less than 1% variation in ACF after 50 times the integrated ACF
At least 50*ACF after convergence, 100*ACF would be ideal
Negative values: not converged yet

   sampler parameter              |    ACF   | ACF*nthin | converged at | nsteps/ACF | to 100*ACF
                                  |          |           |              |            | 
   RVdata_expres_jitter_0         |    3.05  |      457  |    25650     |      75    |   11363 
   RVdata_expres_offset_0         |    2.93  |      440  |    23850     |      82    |    7847 
   RVdata_harps_jitter_0          |    3.21  |      481  |    26550     |      70    |   14645 
   RVdata_harps_offset_0          |    3.14  |      471  |    26100     |      72    |   13162 
   RVdata_harps_offset_1          |    3.03  |      455  |    25200     |      77    |   10651 
   RVdata_neid_jitter_0           |    3.05  |      457  |    25650     |      75    |   11388 
   RVdata_neid_offset_0           |    3.08  |      462  |    25200     |      75    |   11375 
   b_P                            |    3.12  |      468  |    25650     |      73    |   12487 
   b_K                            |    3.50  |      525  |    28350     |      60    |   20882 
   b_sre_coso                     |    3.46  |      518  |    27900     |      62    |   19726 
   b_sre_sino                     |    3.60  |      540  |    29250     |      57    |   23206 
   b_mean_long                    |    3.17  |      475  |    26550     |      70    |   14070 
   c_P                            |    3.59  |      538  |    28800     |      58    |   22602 
   c_K                            |    3.36  |      505  |    27900     |      64    |   18372 
   c_sre_coso                     |    3.52  |      528  |    29250     |      58    |   22094 
   c_sre_sino                     |    3.22  |      483  |    26550     |      69    |   14858 
   c_mean_long                    |    3.65  |      548  |    29700     |      55    |   24500 
   d_P                            |    3.19  |      479  |    26100     |      71    |   13966 
   d_K                            |    3.01  |      452  |    26100     |      75    |   11294 
   d_sre_coso                     |    3.38  |      508  |    28800     |      61    |   19573 
   d_sre_sino                     |    3.30  |      494  |    27000     |      67    |   16440 
   d_mean_long                    |    3.07  |      460  |    25650     |      75    |   11657 

All the chains are longer than 50*ACF, but some are shorter than 100*ACF
PyORBIT should keep running for about 15734 more steps to reach 100*ACF
Suggested value for burnin: 26898

Check the documentation for the correct interpretation of these results:
https://pyorbit.readthedocs.io/running_pyorbit/terminal_output/#autocorrelation-analysis

====================================================================================================
     Statistics on the posterior of the sampler parameters     
====================================================================================================

----- dataset:  RVdata_expres
jitter_0        15         1.416       -0.100         0.11   (15-84 p)   [    0.0010,    11.5000]
offset_0        16          8.65        -0.14         0.14   (15-84 p)   [-9995.9050, 10012.5570]

----- dataset:  RVdata_harps
jitter_0        17         1.163       -0.088        0.097   (15-84 p)   [    0.0009,    12.2000]
offset_0        18          9.23        -0.14         0.14   (15-84 p)   [-9994.3035, 10013.7475]
offset_1        19         10.51        -0.25         0.25   (15-84 p)   [-9994.3035, 10013.7475]

----- dataset:  RVdata_neid
jitter_0        20         1.166       -0.092         0.11   (15-84 p)   [    0.0010,    12.2000]
offset_0        21          9.49        -0.13         0.13   (15-84 p)   [-9993.3866, 10013.1434]

----- common model:  b
P                0         4.660       -0.025        0.026   (15-84 p)   [    0.3785,     6.6439]
K                1         -0.06        -0.19         0.17   (15-84 p)   [   -9.9658,     3.3219]
sre_coso         2          0.06        -0.22         0.20   (15-84 p)   [   -1.0000,     1.0000]
sre_sino         3          0.13        -0.26         0.23   (15-84 p)   [   -1.0000,     1.0000]
mean_long        4            88          -16           15   (15-84 p)   [  -95.6809,   264.3191]

----- common model:  c
P                5         3.704       -0.018        0.022   (15-84 p)   [    0.3785,     6.6439]
K                6          0.01        -0.21         0.18   (15-84 p)   [   -9.9658,     3.3219]
sre_coso         7         -0.01        -0.18         0.18   (15-84 p)   [   -1.0000,     1.0000]
sre_sino         8         -0.06        -0.19         0.21   (15-84 p)   [   -1.0000,     1.0000]
mean_long        9           201          -21           26   (15-84 p)   [   26.0827,   386.0827]

----- common model:  d
P               10        2.2279      -0.0038       0.0038   (15-84 p)   [    0.3785,     6.6439]
K               11          0.24        -0.17         0.15   (15-84 p)   [   -9.9658,     3.3219]
sre_coso        12          0.20        -0.22         0.16   (15-84 p)   [   -1.0000,     1.0000]
sre_sino        13         -0.06        -0.16         0.17   (15-84 p)   [   -1.0000,     1.0000]
mean_long       14           243          -10           10   (15-84 p)   [   63.3382,   423.3382]

----- common model:  star_parameters

====================================================================================================
     Statistics on the model parameters obtained from the posteriors samples     
====================================================================================================

----- dataset:  RVdata_expres
jitter_0                 1.416       -0.100         0.11    (15-84 p)
offset_0                  8.65        -0.14         0.14    (15-84 p)


----- dataset:  RVdata_harps
jitter_0                 1.163       -0.088        0.097    (15-84 p)
offset_0                  9.23        -0.14         0.14    (15-84 p)
offset_1                 10.51        -0.25         0.25    (15-84 p)


----- dataset:  RVdata_neid
jitter_0                 1.166       -0.092         0.11    (15-84 p)
offset_0                  9.49        -0.13         0.13    (15-84 p)


----- common model:  b
P                        25.28        -0.44         0.46    (15-84 p)
K                         0.96        -0.12         0.12    (15-84 p)
mean_long                   88          -16           15    (15-84 p)
e                        0.085       -0.060         0.10    (15-84 p)
omega                       48         -142           60    (15-84 p)

----- common model:  c
P                        13.03        -0.16         0.20    (15-84 p)
K                         1.01        -0.14         0.13    (15-84 p)
mean_long                  201          -21           26    (15-84 p)
e                        0.055       -0.038        0.060    (15-84 p)
omega                      -41          -92          145    (15-84 p)

----- common model:  d
P                        4.685       -0.012        0.012    (15-84 p)
K                         1.18        -0.13         0.13    (15-84 p)
mean_long                  243          -10           10    (15-84 p)
e                        0.079       -0.055        0.076    (15-84 p)
omega                      -17          -58           54    (15-84 p)

----- common model:  star_parameters

====================================================================================================
     Statistics on the derived parameters obtained from the posteriors samples     
====================================================================================================

----- common model:  b
Inclination fixed to 90 deg!
Computing planetary mass under the approximation M_planet << M_star (threshold at 30.0 Me)
a_Rs                     36.23        -0.42         0.43    (15-84 p)
M_Mj                    0.0138      -0.0017       0.0017    (15-84 p)
M_Me                      4.38        -0.53         0.54    (15-84 p)
Tc                     59358.0          -23          1.6    (15-84 p)
a_AU_(M)                0.1686      -0.0020       0.0020    (15-84 p)
a_AU_(rho,R)            0.1686      -0.0020       0.0020    (15-84 p)

----- common model:  c
Inclination fixed to 90 deg!
Computing planetary mass under the approximation M_planet << M_star (threshold at 30.0 Me)
a_Rs                     23.29        -0.19         0.24    (15-84 p)
M_Mj                    0.0116      -0.0016       0.0015    (15-84 p)
M_Me                      3.70        -0.50         0.49    (15-84 p)
Tc                    59343.74        -0.87         0.69    (15-84 p)
a_AU_(M)               0.10838     -0.00088       0.0011    (15-84 p)
a_AU_(rho,R)           0.10838     -0.00088       0.0011    (15-84 p)

----- common model:  d
Inclination fixed to 90 deg!
Computing planetary mass under the approximation M_planet << M_star (threshold at 30.0 Me)
a_Rs                    11.777       -0.020        0.021    (15-84 p)
M_Mj                    0.0097      -0.0011       0.0011    (15-84 p)
M_Me                      3.08        -0.34         0.34    (15-84 p)
Tc                    59337.31        -0.18         0.16    (15-84 p)
a_AU_(M)              0.054792    -0.000095     0.000097    (15-84 p)
a_AU_(rho,R)          0.054792    -0.000095     0.000097    (15-84 p)


====================================================================================================
     ------------------------------------------------------------------------------------------     
====================================================================================================



60000.0   steps completed, average lnprob:,  -573.5904646034635


emcee completed


:::---::: PyORBIT v11.0.1 :::---:::

Python version in use:
3.10.18 (main, Jun  5 2025, 13:14:17) [GCC 11.2.0]
LaTeX disabled by default

Using orbital model:  keplerian
Using orbital parametrization:  Eastman2013

Using orbital model:  keplerian
Using orbital parametrization:  Eastman2013

Using orbital model:  keplerian
Using orbital parametrization:  Eastman2013


### PyORBIT version used in the analysis:  11.0.1

 emcee version:  3.1.6

 Reference Time Tref: 59334.700184

 Data points:288
 Dimensions: 22
 Nwalkers:   88
 Steps:      60000


Number of samplings: 26400

Recomputing ln-prior, it may take a while...

ln-probability   distribution:   -573.30       -3.54      2.92 (15-84 p) 
ln-prior         distribution:   -100.31       -1.81      0.95 (15-84 p) 
ln-likelihood    distribution:   -472.64       -3.60      3.11 (15-84 p) 


*** Information criteria using the likelihood distribution

 BIC from distribution  (using likelihood)  =   1069.87     -6.21    7.21 (15-84 p)
 AIC from distribution  (using likelihood)  =    989.28     -6.21    7.21 (15-84 p)
 AICc from distribution (using likelihood)  =    993.10     -6.21    7.21 (15-84 p)


*** Information criteria using the median parameter set

 ln_probability of Median solution =   -564.21
 ln_priors of Median solution      =    -98.97
 ln_likelihood of Median solution  =   -465.24

 Median BIC  (using likelihood) =   1055.07
 Median AIC  (using likelihood) =    974.49
 Median AICc (using likelihood) =    978.31


*** Information criteria using the MAP parameter set

 ln_probability of MAP solution =   -565.12
 ln_priors of MAP solution      =   -100.47
 ln_likelihood of MAP solution  =   -464.65

 MAP BIC  (using likelihood)    =   1053.88
 MAP AIC  (using likelihood)    =    973.30
 MAP AICc (using likelihood)    =    977.12

 AICc suggested over AIC because NDATA ( 288 ) < 40 * NDIM ( 22 )

****************************************************************************************************


Computing the autocorrelation time of the chains

The chains are more than 50 times longer than the ACF, the estimate can be trusted

Reference thinning used in the analysis: 150
Maximum value of the integrated ACF: 3
Step length used in the analysis: 3*nthin = 450

Convergence criteria: less than 1% variation in ACF after 50 times the integrated ACF
At least 50*ACF after convergence, 100*ACF would be ideal
Negative values: not converged yet

   sampler parameter              |    ACF   | ACF*nthin | converged at | nsteps/ACF | to 100*ACF
                                  |          |           |              |            | 
   RVdata_expres_jitter_0         |    3.05  |      457  |    25650     |      75    |   11363 
   RVdata_expres_offset_0         |    2.93  |      440  |    23850     |      82    |    7847 
   RVdata_harps_jitter_0          |    3.21  |      481  |    26550     |      70    |   14645 
   RVdata_harps_offset_0          |    3.14  |      471  |    26100     |      72    |   13162 
   RVdata_harps_offset_1          |    3.03  |      455  |    25200     |      77    |   10651 
   RVdata_neid_jitter_0           |    3.05  |      457  |    25650     |      75    |   11388 
   RVdata_neid_offset_0           |    3.08  |      462  |    25200     |      75    |   11375 
   b_P                            |    3.12  |      468  |    25650     |      73    |   12487 
   b_K                            |    3.50  |      525  |    28350     |      60    |   20882 
   b_sre_coso                     |    3.46  |      518  |    27900     |      62    |   19726 
   b_sre_sino                     |    3.60  |      540  |    29250     |      57    |   23206 
   b_mean_long                    |    3.17  |      475  |    26550     |      70    |   14070 
   c_P                            |    3.59  |      538  |    28800     |      58    |   22602 
   c_K                            |    3.36  |      505  |    27900     |      64    |   18372 
   c_sre_coso                     |    3.52  |      528  |    29250     |      58    |   22094 
   c_sre_sino                     |    3.22  |      483  |    26550     |      69    |   14858 
   c_mean_long                    |    3.65  |      548  |    29700     |      55    |   24500 
   d_P                            |    3.19  |      479  |    26100     |      71    |   13966 
   d_K                            |    3.01  |      452  |    26100     |      75    |   11294 
   d_sre_coso                     |    3.38  |      508  |    28800     |      61    |   19573 
   d_sre_sino                     |    3.30  |      494  |    27000     |      67    |   16440 
   d_mean_long                    |    3.07  |      460  |    25650     |      75    |   11657 

All the chains are longer than 50*ACF, but some are shorter than 100*ACF
PyORBIT should keep running for about 15734 more steps to reach 100*ACF
Suggested value for burnin: 26898

Check the documentation for the correct interpretation of these results:
https://pyorbit.readthedocs.io/running_pyorbit/terminal_output/#autocorrelation-analysis

 Plotting the ACF... 


====================================================================================================
     Ids, spaces (s), boundaries (b) and priors (p) of the sampler parameters     
====================================================================================================

----- dataset:  RVdata_expres
jitter_0      id:  15  s:Linear      b:[      0.0010,      11.5000]   p:Uniform   []
offset_0      id:  16  s:Linear      b:[  -9995.9050,   10012.5570]   p:Uniform   []

----- dataset:  RVdata_harps
jitter_0      id:  17  s:Linear      b:[      0.0009,      12.2000]   p:Uniform   []
offset_0      id:  18  s:Linear      b:[  -9994.3035,   10013.7475]   p:Uniform   []
offset_1      id:  19  s:Linear      b:[  -9994.3035,   10013.7475]   p:Uniform   []

----- dataset:  RVdata_neid
jitter_0      id:  20  s:Linear      b:[      0.0010,      12.2000]   p:Uniform   []
offset_0      id:  21  s:Linear      b:[  -9993.3866,   10013.1434]   p:Uniform   []

----- common model:  b
P             id:   0  s:Log_Base2   b:[      0.3785,       6.6439]   p:Uniform   []
K             id:   1  s:Log_Base2   b:[     -9.9658,       3.3219]   p:Uniform   []
sre_coso      id:   2  s:Linear      b:[     -1.0000,       1.0000]   p:Uniform   []
sre_sino      id:   3  s:Linear      b:[     -1.0000,       1.0000]   p:Uniform   []
mean_long     id:   4  s:Linear      b:[    -95.6809,     264.3191]   p:Uniform   []
e             derived (no id, space, bound)                           p:Gaussian   [0.    0.098]
omega         derived (no id, space, bound)                           p:Uniform   [0.0, 360.0]

----- common model:  c
P             id:   5  s:Log_Base2   b:[      0.3785,       6.6439]   p:Uniform   []
K             id:   6  s:Log_Base2   b:[     -9.9658,       3.3219]   p:Uniform   []
sre_coso      id:   7  s:Linear      b:[     -1.0000,       1.0000]   p:Uniform   []
sre_sino      id:   8  s:Linear      b:[     -1.0000,       1.0000]   p:Uniform   []
mean_long     id:   9  s:Linear      b:[     26.0827,     386.0827]   p:Uniform   []
e             derived (no id, space, bound)                           p:Gaussian   [0.    0.098]
omega         derived (no id, space, bound)                           p:Uniform   [0.0, 360.0]

----- common model:  d
P             id:  10  s:Log_Base2   b:[      0.3785,       6.6439]   p:Uniform   []
K             id:  11  s:Log_Base2   b:[     -9.9658,       3.3219]   p:Uniform   []
sre_coso      id:  12  s:Linear      b:[     -1.0000,       1.0000]   p:Uniform   []
sre_sino      id:  13  s:Linear      b:[     -1.0000,       1.0000]   p:Uniform   []
mean_long     id:  14  s:Linear      b:[     63.3382,     423.3382]   p:Uniform   []
e             derived (no id, space, bound)                           p:Gaussian   [0.    0.098]
omega         derived (no id, space, bound)                           p:Uniform   [0.0, 360.0]

----- common model:  star_parameters
mass          derived (no id, space, bound)                           p:Gaussian   [1.e+00 1.e-06]
radius        derived (no id, space, bound)                           p:Gaussian   [1.e+00 1.e-06]
density       derived (no id, space, bound)                           p:Gaussian   [1.e+00 1.e-06]


****************************************************************************************************
****************************************************************************************************

 Confidence intervals (median value, 34.135th percentile from the median on the left and right side)

====================================================================================================
     Statistics on the posterior of the sampler parameters     
====================================================================================================

----- dataset:  RVdata_expres
jitter_0        15         1.416       -0.100         0.11   (15-84 p)   [    0.0010,    11.5000]
offset_0        16          8.65        -0.14         0.14   (15-84 p)   [-9995.9050, 10012.5570]

----- dataset:  RVdata_harps
jitter_0        17         1.163       -0.088        0.097   (15-84 p)   [    0.0009,    12.2000]
offset_0        18          9.23        -0.14         0.14   (15-84 p)   [-9994.3035, 10013.7475]
offset_1        19         10.51        -0.25         0.25   (15-84 p)   [-9994.3035, 10013.7475]

----- dataset:  RVdata_neid
jitter_0        20         1.166       -0.092         0.11   (15-84 p)   [    0.0010,    12.2000]
offset_0        21          9.49        -0.13         0.13   (15-84 p)   [-9993.3866, 10013.1434]

----- common model:  b
P                0         4.660       -0.025        0.026   (15-84 p)   [    0.3785,     6.6439]
K                1         -0.06        -0.19         0.17   (15-84 p)   [   -9.9658,     3.3219]
sre_coso         2          0.06        -0.22         0.20   (15-84 p)   [   -1.0000,     1.0000]
sre_sino         3          0.13        -0.26         0.23   (15-84 p)   [   -1.0000,     1.0000]
mean_long        4            88          -16           15   (15-84 p)   [  -95.6809,   264.3191]

----- common model:  c
P                5         3.704       -0.018        0.022   (15-84 p)   [    0.3785,     6.6439]
K                6          0.01        -0.21         0.18   (15-84 p)   [   -9.9658,     3.3219]
sre_coso         7         -0.01        -0.18         0.18   (15-84 p)   [   -1.0000,     1.0000]
sre_sino         8         -0.06        -0.19         0.21   (15-84 p)   [   -1.0000,     1.0000]
mean_long        9           201          -21           26   (15-84 p)   [   26.0827,   386.0827]

----- common model:  d
P               10        2.2279      -0.0038       0.0038   (15-84 p)   [    0.3785,     6.6439]
K               11          0.24        -0.17         0.15   (15-84 p)   [   -9.9658,     3.3219]
sre_coso        12          0.20        -0.22         0.16   (15-84 p)   [   -1.0000,     1.0000]
sre_sino        13         -0.06        -0.16         0.17   (15-84 p)   [   -1.0000,     1.0000]
mean_long       14           243          -10           10   (15-84 p)   [   63.3382,   423.3382]

----- common model:  star_parameters

====================================================================================================
     Statistics on the model parameters obtained from the posteriors samples     
====================================================================================================

----- dataset:  RVdata_expres
jitter_0                 1.416       -0.100         0.11    (15-84 p)
offset_0                  8.65        -0.14         0.14    (15-84 p)


----- dataset:  RVdata_harps
jitter_0                 1.163       -0.088        0.097    (15-84 p)
offset_0                  9.23        -0.14         0.14    (15-84 p)
offset_1                 10.51        -0.25         0.25    (15-84 p)


----- dataset:  RVdata_neid
jitter_0                 1.166       -0.092         0.11    (15-84 p)
offset_0                  9.49        -0.13         0.13    (15-84 p)


----- common model:  b
P                        25.28        -0.44         0.46    (15-84 p)
K                         0.96        -0.12         0.12    (15-84 p)
mean_long                   88          -16           15    (15-84 p)
e                        0.085       -0.060         0.10    (15-84 p)
omega                       75          -66          116    (15-84 p)

----- common model:  c
P                        13.03        -0.16         0.20    (15-84 p)
K                         1.01        -0.14         0.13    (15-84 p)
mean_long                  201          -21           26    (15-84 p)
e                        0.055       -0.038        0.060    (15-84 p)
omega                      -57          -87          139    (15-84 p)

----- common model:  d
P                        4.685       -0.012        0.012    (15-84 p)
K                         1.18        -0.13         0.13    (15-84 p)
mean_long                  243          -10           10    (15-84 p)
e                        0.079       -0.055        0.076    (15-84 p)
omega                      -18          -60           52    (15-84 p)

----- common model:  star_parameters

====================================================================================================
     Statistics on the derived parameters obtained from the posteriors samples     
====================================================================================================

----- common model:  b
Inclination fixed to 90 deg!
Computing planetary mass under the approximation M_planet << M_star (threshold at 30.0 Me)
a_Rs                     36.23        -0.42         0.43    (15-84 p)
M_Mj                    0.0138      -0.0017       0.0017    (15-84 p)
M_Me                      4.38        -0.53         0.54    (15-84 p)
Tc                     59358.0          -23          1.6    (15-84 p)
a_AU_(M)                0.1686      -0.0020       0.0020    (15-84 p)
a_AU_(rho,R)            0.1686      -0.0020       0.0020    (15-84 p)

----- common model:  c
Inclination fixed to 90 deg!
Computing planetary mass under the approximation M_planet << M_star (threshold at 30.0 Me)
a_Rs                     23.29        -0.19         0.24    (15-84 p)
M_Mj                    0.0116      -0.0016       0.0015    (15-84 p)
M_Me                      3.70        -0.50         0.49    (15-84 p)
Tc                    59343.74        -0.87         0.69    (15-84 p)
a_AU_(M)               0.10838     -0.00088       0.0011    (15-84 p)
a_AU_(rho,R)           0.10838     -0.00088       0.0011    (15-84 p)

----- common model:  d
Inclination fixed to 90 deg!
Computing planetary mass under the approximation M_planet << M_star (threshold at 30.0 Me)
a_Rs                    11.777       -0.020        0.021    (15-84 p)
M_Mj                    0.0097      -0.0011       0.0011    (15-84 p)
M_Me                      3.08        -0.34         0.34    (15-84 p)
Tc                    59337.31        -0.18         0.16    (15-84 p)
a_AU_(M)              0.054792    -0.000095     0.000097    (15-84 p)
a_AU_(rho,R)          0.054792    -0.000095     0.000097    (15-84 p)


====================================================================================================
     ------------------------------------------------------------------------------------------     
====================================================================================================



****************************************************************************************************

 Parameters corresponding to the Maximum a Posteriori probability ( -565.1217704949609 )

====================================================================================================
     Statistics on the posterior of the sampler parameters     
====================================================================================================

----- dataset:  RVdata_expres
jitter_0        15      1.401826 [    0.0010,    11.5000]
offset_0        16      8.723045 [-9995.9050, 10012.5570]

----- dataset:  RVdata_harps
jitter_0        17      1.085927 [    0.0009,    12.2000]
offset_0        18      9.205780 [-9994.3035, 10013.7475]
offset_1        19     10.451055 [-9994.3035, 10013.7475]

----- dataset:  RVdata_neid
jitter_0        20      1.063467 [    0.0010,    12.2000]
offset_0        21      9.454964 [-9993.3866, 10013.1434]

----- common model:  b
P                0      4.653980 [    0.3785,     6.6439]
K                1     -0.110299 [   -9.9658,     3.3219]
sre_coso         2     -0.050905 [   -1.0000,     1.0000]
sre_sino         3      0.303884 [   -1.0000,     1.0000]
mean_long        4     86.922321 [  -95.6809,   264.3191]

----- common model:  c
P                5      3.690477 [    0.3785,     6.6439]
K                6      0.126823 [   -9.9658,     3.3219]
sre_coso         7      0.147164 [   -1.0000,     1.0000]
sre_sino         8     -0.054059 [   -1.0000,     1.0000]
mean_long        9    189.440128 [   26.0827,   386.0827]

----- common model:  d
P               10      2.226842 [    0.3785,     6.6439]
K               11      0.147237 [   -9.9658,     3.3219]
sre_coso        12      0.371504 [   -1.0000,     1.0000]
sre_sino        13     -0.093853 [   -1.0000,     1.0000]
mean_long       14    239.335422 [   63.3382,   423.3382]

----- common model:  star_parameters

====================================================================================================
     Statistics on the model parameters obtained from the posteriors samples     
====================================================================================================

----- dataset:  RVdata_expres
jitter_0              1.401826 
offset_0              8.723045 


----- dataset:  RVdata_harps
jitter_0              1.085927 
offset_0              9.205780 
offset_1             10.451055 


----- dataset:  RVdata_neid
jitter_0              1.063467 
offset_0              9.454964 


----- common model:  b
P                    25.176043 
K                     0.926396 
mean_long            86.922321 
e                     0.094937 
omega                99.509672 

----- common model:  c
P                    12.910537 
K                     1.091886 
mean_long           189.440128 
e                     0.024580 
omega               -20.170378 

----- common model:  d
P                     4.681081 
K                     1.107447 
mean_long           239.335422 
e                     0.146823 
omega               -14.177945 

----- common model:  star_parameters

====================================================================================================
     Statistics on the derived parameters obtained from the posteriors samples     
====================================================================================================

----- common model:  b
Inclination fixed to 90 deg!
a_Rs                 36.133278 
M_Mj                  0.013296 
M_Me                  4.226808 
Tc                59335.032790 
a_AU_(M)              0.168110 
a_AU_(rho,R)          0.168109 

----- common model:  c
Inclination fixed to 90 deg!
a_Rs                 23.149784 
M_Mj                  0.012597 
M_Me                  4.004490 
Tc                59343.949125 
a_AU_(M)              0.107704 
a_AU_(rho,R)          0.107703 

----- common model:  d
Inclination fixed to 90 deg!
a_Rs                 11.770989 
M_Mj                  0.009014 
M_Me                  2.865656 
Tc                59337.222235 
a_AU_(M)              0.054765 
a_AU_(rho,R)          0.054764 


====================================================================================================
     ------------------------------------------------------------------------------------------     
====================================================================================================



****************************************************************************************************

 Parameters corresponding to the sample closest to the median values ( -566.4533213147639 )

====================================================================================================
     Statistics on the posterior of the sampler parameters     
====================================================================================================

----- dataset:  RVdata_expres
jitter_0        15      1.398818 [    0.0010,    11.5000]
offset_0        16      8.668205 [-9995.9050, 10012.5570]

----- dataset:  RVdata_harps
jitter_0        17      1.228661 [    0.0009,    12.2000]
offset_0        18      9.299972 [-9994.3035, 10013.7475]
offset_1        19     10.362364 [-9994.3035, 10013.7475]

----- dataset:  RVdata_neid
jitter_0        20      1.178704 [    0.0010,    12.2000]
offset_0        21      9.432149 [-9993.3866, 10013.1434]

----- common model:  b
P                0      4.647091 [    0.3785,     6.6439]
K                1     -0.088205 [   -9.9658,     3.3219]
sre_coso         2      0.080599 [   -1.0000,     1.0000]
sre_sino         3      0.202596 [   -1.0000,     1.0000]
mean_long        4     87.097647 [  -95.6809,   264.3191]

----- common model:  c
P                5      3.712071 [    0.3785,     6.6439]
K                6      0.152569 [   -9.9658,     3.3219]
sre_coso         7      0.011105 [   -1.0000,     1.0000]
sre_sino         8     -0.049353 [   -1.0000,     1.0000]
mean_long        9    203.904316 [   26.0827,   386.0827]

----- common model:  d
P               10      2.229361 [    0.3785,     6.6439]
K               11      0.225848 [   -9.9658,     3.3219]
sre_coso        12      0.310574 [   -1.0000,     1.0000]
sre_sino        13     -0.018009 [   -1.0000,     1.0000]
mean_long       14    242.797967 [   63.3382,   423.3382]

----- common model:  star_parameters

====================================================================================================
     Statistics on the model parameters obtained from the posteriors samples     
====================================================================================================

----- dataset:  RVdata_expres
jitter_0              1.398818 
offset_0              8.668205 


----- dataset:  RVdata_harps
jitter_0              1.228661 
offset_0              9.299972 
offset_1             10.362364 


----- dataset:  RVdata_neid
jitter_0              1.178704 
offset_0              9.432149 


----- common model:  b
P                    25.056114 
K                     0.940692 
mean_long            87.097647 
e                     0.047541 
omega                68.305752 

----- common model:  c
P                    13.105234 
K                     1.111547 
mean_long           203.904316 
e                     0.002559 
omega               -77.318945 

----- common model:  d
P                     4.689262 
K                     1.169465 
mean_long           242.797967 
e                     0.096781 
omega                -3.318676 

----- common model:  star_parameters

====================================================================================================
     Statistics on the derived parameters obtained from the posteriors samples     
====================================================================================================

----- common model:  b
Inclination fixed to 90 deg!
a_Rs                 36.018510 
M_Mj                  0.013526 
M_Me                  4.299787 
Tc                59334.766546 
a_AU_(M)              0.167576 
a_AU_(rho,R)          0.167575 

----- common model:  c
Inclination fixed to 90 deg!
a_Rs                 23.381901 
M_Mj                  0.012892 
M_Me                  4.098209 
Tc                59343.656563 
a_AU_(M)              0.108784 
a_AU_(rho,R)          0.108784 

----- common model:  d
Inclination fixed to 90 deg!
a_Rs                 11.784708 
M_Mj                  0.009584 
M_Me                  3.046704 
Tc                59337.254543 
a_AU_(M)              0.054828 
a_AU_(rho,R)          0.054828 


====================================================================================================
     ------------------------------------------------------------------------------------------     
====================================================================================================



****************************************************************************************************

Inclination fixed to 90 deg!
Inclination fixed to 90 deg!
Inclination fixed to 90 deg!
Note: stellar density derived from stellar mass and radius

Inclination fixed to 90 deg!
Inclination fixed to 90 deg!
Inclination fixed to 90 deg!
Inclination fixed to 90 deg!
Inclination fixed to 90 deg!
Inclination fixed to 90 deg!
 Plot FLAT chain 

****************************************************************************************************

Plotting full_correlation plot with pygtc

****************************************************************************************************

 Plotting the chains... 

****************************************************************************************************

 Plotting the Gelman-Rubin traces... 

     Gelman-Rubin:    15     1.003316 RVdata_expres_jitter_0 
     Gelman-Rubin:    16     1.002149 RVdata_expres_offset_0 
     Gelman-Rubin:    17     1.003139 RVdata_harps_jitter_0 
     Gelman-Rubin:    18     1.003386 RVdata_harps_offset_0 
     Gelman-Rubin:    19     1.002357 RVdata_harps_offset_1 
     Gelman-Rubin:    20     1.002899 RVdata_neid_jitter_0 
     Gelman-Rubin:    21     1.003193 RVdata_neid_offset_0 
     Gelman-Rubin:     0     1.002406 b_P 
     Gelman-Rubin:     1     1.002019 b_K 
     Gelman-Rubin:     2     1.003058 b_sre_coso 
     Gelman-Rubin:     3     1.003828 b_sre_sino 
     Gelman-Rubin:     4     1.002305 b_mean_long 
     Gelman-Rubin:     5     1.002712 c_P 
     Gelman-Rubin:     6     1.003450 c_K 
     Gelman-Rubin:     7     1.003088 c_sre_coso 
     Gelman-Rubin:     8     1.003539 c_sre_sino 
     Gelman-Rubin:     9     1.002976 c_mean_long 
     Gelman-Rubin:    10     1.002790 d_P 
     Gelman-Rubin:    11     1.002318 d_K 
     Gelman-Rubin:    12     1.003128 d_sre_coso 
     Gelman-Rubin:    13     1.002864 d_sre_sino 
     Gelman-Rubin:    14     1.002373 d_mean_long 

****************************************************************************************************

Plotting the common models corner plots
     Common model:  b
     Common model:  c
     Common model:  d
     Common model:  star_parameters

****************************************************************************************************

Plotting the dataset + models corner plots 

     Dataset:  RVdata_expres     model:  radial_velocities_b  corner plot  starting 
     Dataset:  RVdata_expres     model:  radial_velocities_b  corner plot  done 
     Dataset:  RVdata_expres     model:  radial_velocities_c  corner plot  starting 
     Dataset:  RVdata_expres     model:  radial_velocities_c  corner plot  done 
     Dataset:  RVdata_expres     model:  radial_velocities_d  corner plot  starting 
     Dataset:  RVdata_expres     model:  radial_velocities_d  corner plot  done 
     Dataset:  RVdata_harps     model:  radial_velocities_b  corner plot  starting 
     Dataset:  RVdata_harps     model:  radial_velocities_b  corner plot  done 
     Dataset:  RVdata_harps     model:  radial_velocities_c  corner plot  starting 
     Dataset:  RVdata_harps     model:  radial_velocities_c  corner plot  done 
     Dataset:  RVdata_harps     model:  radial_velocities_d  corner plot  starting 
     Dataset:  RVdata_harps     model:  radial_velocities_d  corner plot  done 
     Dataset:  RVdata_neid     model:  radial_velocities_b  corner plot  starting 
     Dataset:  RVdata_neid     model:  radial_velocities_b  corner plot  done 
     Dataset:  RVdata_neid     model:  radial_velocities_c  corner plot  starting 
     Dataset:  RVdata_neid     model:  radial_velocities_c  corner plot  done 
     Dataset:  RVdata_neid     model:  radial_velocities_d  corner plot  starting 
     Dataset:  RVdata_neid     model:  radial_velocities_d  corner plot  done 

****************************************************************************************************

 Saving the planet parameter samplings to files (with plots)

****************************************************************************************************

 Saving all the parameter samplings to files (with plots)

****************************************************************************************************

 Computing the models for plot/data writing 
 Writing the plots 
 Writing the   data files 
 Writing the  MAP_ data files 
 Writing the  sampleMED_ data files 

****************************************************************************************************

