
:::---::: PyORBIT v11.0.1 :::---:::

Python version in use:
3.10.18 (main, Jun  5 2025, 13:14:17) [GCC 11.2.0]

Internal reformatting for Nested Sampling compatibility of priors

Opening:  RVdata_expres
Opening:  RVdata_harps
Opening:  RVdata_neid
Opening:  FIESTAdata_expres_mode1
Opening:  FIESTAdata_expres_mode2
Opening:  FIESTAdata_expres_mode3
Opening:  FIESTAdata_harps_mode1
Opening:  FIESTAdata_harps_mode2
Opening:  FIESTAdata_harps_mode3
Opening:  FIESTAdata_harpsn_mode1
Opening:  FIESTAdata_harpsn_mode2
Opening:  FIESTAdata_harpsn_mode3
Opening:  FIESTAdata_neid_mode1
Opening:  FIESTAdata_neid_mode2
Opening:  FIESTAdata_neid_mode3

gp_multidimensional  S+LEAF model, number of harmonics: 4

GP model: gp_multidimensional  hyperparameters_condition:    True
GP model: gp_multidimensional  rotation_decay_condition:     True

====================================================================================================
     Ids, spaces (s), boundaries (b) and priors (p) of the sampler parameters     
====================================================================================================

----- dataset:  RVdata_expres
jitter_0      id:   3  s:Linear      b:[      0.0010,      13.2000]   p:Uniform   []
offset_0      id:   4  s:Linear      b:[  -9995.2560,   10011.7850]   p:Uniform   []

----- dataset: RVdata_expres             ----- model: gp_multidimensional           
rot_amp       id:   5  s:Linear      b:[      0.0000,      10.0000]   p:Uniform   []
con_amp       id:   6  s:Linear      b:[    -20.0000,      20.0000]   p:Uniform   []

----- dataset:  RVdata_harps
jitter_0      id:   7  s:Linear      b:[      0.0009,      12.4000]   p:Uniform   []
offset_0      id:   8  s:Linear      b:[  -9994.3075,   10013.5087]   p:Uniform   []
offset_1      id:   9  s:Linear      b:[  -9994.3075,   10013.5087]   p:Uniform   []

----- dataset: RVdata_harps              ----- model: gp_multidimensional           
rot_amp       id:  10  s:Linear      b:[      0.0000,      10.0000]   p:Uniform   []
con_amp       id:  11  s:Linear      b:[    -20.0000,      20.0000]   p:Uniform   []

----- dataset:  RVdata_neid
jitter_0      id:  12  s:Linear      b:[      0.0010,      12.3000]   p:Uniform   []
offset_0      id:  13  s:Linear      b:[  -9994.4136,   10013.1384]   p:Uniform   []

----- dataset: RVdata_neid               ----- model: gp_multidimensional           
rot_amp       id:  14  s:Linear      b:[      0.0000,      10.0000]   p:Uniform   []
con_amp       id:  15  s:Linear      b:[    -20.0000,      20.0000]   p:Uniform   []

----- dataset:  FIESTAdata_expres_mode1
jitter_0      id:  16  s:Linear      b:[      0.0017,      25.0503]   p:Uniform   []
offset_0      id:  17  s:Linear      b:[ -10002.1097,   10002.2693]   p:Uniform   []

----- dataset: FIESTAdata_expres_mode1   ----- model: gp_multidimensional           
rot_amp       id:  18  s:Linear      b:[    -10.0000,      10.0000]   p:Uniform   []
con_amp       id:  19  s:Linear      b:[    -20.0000,      20.0000]   p:Uniform   []

----- dataset:  FIESTAdata_expres_mode2
jitter_0      id:  20  s:Linear      b:[      0.0019,      28.7598]   p:Uniform   []
offset_0      id:  21  s:Linear      b:[ -10003.4482,   10002.9389]   p:Uniform   []

----- dataset: FIESTAdata_expres_mode2   ----- model: gp_multidimensional           
rot_amp       id:  22  s:Linear      b:[    -10.0000,      10.0000]   p:Uniform   []
con_amp       id:  23  s:Linear      b:[    -20.0000,      20.0000]   p:Uniform   []

----- dataset:  FIESTAdata_expres_mode3
jitter_0      id:  24  s:Linear      b:[      0.0044,      66.9305]   p:Uniform   []
offset_0      id:  25  s:Linear      b:[ -10009.5094,   10007.6113]   p:Uniform   []

----- dataset: FIESTAdata_expres_mode3   ----- model: gp_multidimensional           
rot_amp       id:  26  s:Linear      b:[    -10.0000,      10.0000]   p:Uniform   []
con_amp       id:  27  s:Linear      b:[    -20.0000,      20.0000]   p:Uniform   []

----- dataset:  FIESTAdata_harps_mode1
jitter_0      id:  28  s:Linear      b:[      0.0013,      14.0662]   p:Uniform   []
offset_0      id:  29  s:Linear      b:[ -10001.8133,   10002.5041]   p:Uniform   []

----- dataset: FIESTAdata_harps_mode1    ----- model: gp_multidimensional           
rot_amp       id:  30  s:Linear      b:[    -10.0000,      10.0000]   p:Uniform   []
con_amp       id:  31  s:Linear      b:[    -20.0000,      20.0000]   p:Uniform   []

----- dataset:  FIESTAdata_harps_mode2
jitter_0      id:  32  s:Linear      b:[      0.0016,      16.6180]   p:Uniform   []
offset_0      id:  33  s:Linear      b:[ -10003.5565,   10001.9037]   p:Uniform   []

----- dataset: FIESTAdata_harps_mode2    ----- model: gp_multidimensional           
rot_amp       id:  34  s:Linear      b:[    -10.0000,      10.0000]   p:Uniform   []
con_amp       id:  35  s:Linear      b:[    -20.0000,      20.0000]   p:Uniform   []

----- dataset:  FIESTAdata_harps_mode3
jitter_0      id:  36  s:Linear      b:[      0.0044,      47.5109]   p:Uniform   []
offset_0      id:  37  s:Linear      b:[ -10008.9791,   10011.9671]   p:Uniform   []

----- dataset: FIESTAdata_harps_mode3    ----- model: gp_multidimensional           
rot_amp       id:  38  s:Linear      b:[    -10.0000,      10.0000]   p:Uniform   []
con_amp       id:  39  s:Linear      b:[    -20.0000,      20.0000]   p:Uniform   []

----- dataset:  FIESTAdata_harpsn_mode1
jitter_0      id:  40  s:Linear      b:[      0.0010,      12.1214]   p:Uniform   []
offset_0      id:  41  s:Linear      b:[ -10002.8709,   10003.2575]   p:Uniform   []

----- dataset: FIESTAdata_harpsn_mode1   ----- model: gp_multidimensional           
rot_amp       id:  42  s:Linear      b:[    -10.0000,      10.0000]   p:Uniform   []
con_amp       id:  43  s:Linear      b:[    -20.0000,      20.0000]   p:Uniform   []

----- dataset:  FIESTAdata_harpsn_mode2
jitter_0      id:  44  s:Linear      b:[      0.0011,      14.0279]   p:Uniform   []
offset_0      id:  45  s:Linear      b:[ -10004.2807,   10004.3031]   p:Uniform   []

----- dataset: FIESTAdata_harpsn_mode2   ----- model: gp_multidimensional           
rot_amp       id:  46  s:Linear      b:[    -10.0000,      10.0000]   p:Uniform   []
con_amp       id:  47  s:Linear      b:[    -20.0000,      20.0000]   p:Uniform   []

----- dataset:  FIESTAdata_harpsn_mode3
jitter_0      id:  48  s:Linear      b:[      0.0032,      39.3660]   p:Uniform   []
offset_0      id:  49  s:Linear      b:[ -10009.8611,   10009.4438]   p:Uniform   []

----- dataset: FIESTAdata_harpsn_mode3   ----- model: gp_multidimensional           
rot_amp       id:  50  s:Linear      b:[    -10.0000,      10.0000]   p:Uniform   []
con_amp       id:  51  s:Linear      b:[    -20.0000,      20.0000]   p:Uniform   []

----- dataset:  FIESTAdata_neid_mode1
jitter_0      id:  52  s:Linear      b:[      0.0016,      19.1721]   p:Uniform   []
offset_0      id:  53  s:Linear      b:[ -10002.5191,   10002.0921]   p:Uniform   []

----- dataset: FIESTAdata_neid_mode1     ----- model: gp_multidimensional           
rot_amp       id:  54  s:Linear      b:[    -10.0000,      10.0000]   p:Uniform   []
con_amp       id:  55  s:Linear      b:[    -20.0000,      20.0000]   p:Uniform   []

----- dataset:  FIESTAdata_neid_mode2
jitter_0      id:  56  s:Linear      b:[      0.0020,      23.1467]   p:Uniform   []
offset_0      id:  57  s:Linear      b:[ -10002.4052,   10004.2542]   p:Uniform   []

----- dataset: FIESTAdata_neid_mode2     ----- model: gp_multidimensional           
rot_amp       id:  58  s:Linear      b:[    -10.0000,      10.0000]   p:Uniform   []
con_amp       id:  59  s:Linear      b:[    -20.0000,      20.0000]   p:Uniform   []

----- dataset:  FIESTAdata_neid_mode3
jitter_0      id:  60  s:Linear      b:[      0.0049,      58.2853]   p:Uniform   []
offset_0      id:  61  s:Linear      b:[ -10010.0578,   10009.4503]   p:Uniform   []

----- dataset: FIESTAdata_neid_mode3     ----- model: gp_multidimensional           
rot_amp       id:  62  s:Linear      b:[    -10.0000,      10.0000]   p:Uniform   []
con_amp       id:  63  s:Linear      b:[    -20.0000,      20.0000]   p:Uniform   []

----- common model:  activity
Prot          id:   0  s:Linear      b:[     22.0000,      32.0000]   p:Gaussian   [27.  2.]
Pdec          id:   1  s:Linear      b:[     10.0000,     300.0000]   p:Uniform   []
Oamp          id:   2  s:Log_Base2   b:[     -6.6439,       0.0000]   p:Gaussian   [0.35  0.035]

----- common model:  star_parameters
mass          derived (no id, space, bound)                           p:Gaussian   [1.e+00 1.e-06]
radius        derived (no id, space, bound)                           p:Gaussian   [1.e+00 1.e-06]
density       derived (no id, space, bound)                           p:Gaussian   [1.e+00 1.e-06]

Number of live points: 2000

number of multiprocessing threads: 16

Reference Time Tref:  59334.700184

*************************************************************

Using threading pool for dynesty: True
Setting up the Dynamic Nested Sampling, number of live points =   2000
                                        posterior/evidence split = 0.000
                                        initial stopping criterion = 0.0100
                                        bound =  multi
                                        sample =  rwalk

Running Dynamic Nested Sampling


Getting the results

Summary
=======
niter: 653835
ncall: 54436672
eff(%):  1.201
logz: -2739.498 +/-  0.370


:::---::: PyORBIT v11.0.1 :::---:::

Python version in use:
3.10.18 (main, Jun  5 2025, 13:14:17) [GCC 11.2.0]
LaTeX disabled by default

gp_multidimensional  S+LEAF model, number of harmonics: 4

GP model: gp_multidimensional  hyperparameters_condition:    True
GP model: gp_multidimensional  rotation_decay_condition:     True

### PyORBIT version used in the analysis:  11.0.1
Posteriors analysis from dynesty run with posterior/evidence split = 0.000

Summary - 
=======
niter: 653835
ncall: 54436672
eff(%):  1.201
logz: -2739.498 +/-  0.370

Computation of statistical+sampling errors skipped - workaround after dynesty>1.2 update

Plot a summary of the run.
Plot traces and 1-D marginalized posteriors.
Plot the 2-D marginalized posteriors.

Weighted mean and convariance from original samplings
  RVdata_expres_jitter_0         1.496622 +-        0.012710
  RVdata_expres_offset_0         8.379059 +-        0.077508
  RVdata_expres_gp_multidimensional_rot_amp         7.409195 +-        6.333702
  RVdata_expres_gp_multidimensional_con_amp        -2.016203 +-       11.751807
  RVdata_harps_jitter_0         1.406996 +-        0.008237
  RVdata_harps_offset_0         8.995037 +-        0.086172
  RVdata_harps_offset_1        10.091572 +-        0.121291
  RVdata_harps_gp_multidimensional_rot_amp         2.801019 +-        3.783694
  RVdata_harps_gp_multidimensional_con_amp        -2.437352 +-        9.639576
  RVdata_neid_jitter_0         1.315959 +-        0.009643
  RVdata_neid_offset_0         9.298162 +-        0.083516
  RVdata_neid_gp_multidimensional_rot_amp         2.304441 +-        4.133339
  RVdata_neid_gp_multidimensional_con_amp        -2.228033 +-        8.639185
  FIESTAdata_expres_mode1_jitter_0         0.827926 +-        0.003929
  FIESTAdata_expres_mode1_offset_0        -0.074846 +-        0.102725
  FIESTAdata_expres_mode1_gp_multidimensional_rot_amp         1.378496 +-        5.913639
  FIESTAdata_expres_mode1_gp_multidimensional_con_amp        -2.925212 +-       12.460707
  FIESTAdata_expres_mode2_jitter_0         1.261598 +-        0.007290
  FIESTAdata_expres_mode2_offset_0         0.061734 +-        0.122425
  FIESTAdata_expres_mode2_gp_multidimensional_rot_amp        -0.807225 +-        9.817155
  FIESTAdata_expres_mode2_gp_multidimensional_con_amp         2.899845 +-       14.905000
  FIESTAdata_expres_mode3_jitter_0         3.333314 +-        0.052645
  FIESTAdata_expres_mode3_offset_0         0.159823 +-        0.807654
  FIESTAdata_expres_mode3_gp_multidimensional_rot_amp        -6.038628 +-       15.898744
  FIESTAdata_expres_mode3_gp_multidimensional_con_amp         8.719649 +-       87.920174
  FIESTAdata_harps_mode1_jitter_0         0.933993 +-        0.016072
  FIESTAdata_harps_mode1_offset_0        -0.134391 +-        0.279506
  FIESTAdata_harps_mode1_gp_multidimensional_rot_amp        -0.009830 +-       15.905843
  FIESTAdata_harps_mode1_gp_multidimensional_con_amp         4.782153 +-       33.444395
  FIESTAdata_harps_mode2_jitter_0         1.313479 +-        0.023509
  FIESTAdata_harps_mode2_offset_0         0.129194 +-        0.273998
  FIESTAdata_harps_mode2_gp_multidimensional_rot_amp         1.609439 +-       17.238588
  FIESTAdata_harps_mode2_gp_multidimensional_con_amp        -4.392354 +-       32.913841
  FIESTAdata_harps_mode3_jitter_0         4.583287 +-        0.421434
  FIESTAdata_harps_mode3_offset_0         0.315118 +-        1.471388
  FIESTAdata_harps_mode3_gp_multidimensional_rot_amp        -1.943877 +-       29.075842
  FIESTAdata_harps_mode3_gp_multidimensional_con_amp       -10.417563 +-       82.034762
  FIESTAdata_harpsn_mode1_jitter_0         1.328327 +-        0.009227
  FIESTAdata_harpsn_mode1_offset_0        -0.194761 +-        0.189908
  FIESTAdata_harpsn_mode1_gp_multidimensional_rot_amp         2.894900 +-       11.888889
  FIESTAdata_harpsn_mode1_gp_multidimensional_con_amp        -4.084355 +-       24.202670
  FIESTAdata_harpsn_mode2_jitter_0         1.727505 +-        0.014926
  FIESTAdata_harpsn_mode2_offset_0         0.175159 +-        0.229213
  FIESTAdata_harpsn_mode2_gp_multidimensional_rot_amp        -4.462505 +-       16.297217
  FIESTAdata_harpsn_mode2_gp_multidimensional_con_amp         4.232993 +-       31.123485
  FIESTAdata_harpsn_mode3_jitter_0         3.634971 +-        0.072901
  FIESTAdata_harpsn_mode3_offset_0         0.513160 +-        1.037727
  FIESTAdata_harpsn_mode3_gp_multidimensional_rot_amp         1.780855 +-       26.433406
  FIESTAdata_harpsn_mode3_gp_multidimensional_con_amp        10.584095 +-       77.082680
  FIESTAdata_neid_mode1_jitter_0         0.780166 +-        0.003777
  FIESTAdata_neid_mode1_offset_0        -0.101739 +-        0.098288
  FIESTAdata_neid_mode1_gp_multidimensional_rot_amp         2.472837 +-        8.582874
  FIESTAdata_neid_mode1_gp_multidimensional_con_amp        -2.959161 +-       13.817110
  FIESTAdata_neid_mode2_jitter_0         1.080541 +-        0.006801
  FIESTAdata_neid_mode2_offset_0         0.183899 +-        0.235370
  FIESTAdata_neid_mode2_gp_multidimensional_rot_amp        -4.824175 +-       14.626245
  FIESTAdata_neid_mode2_gp_multidimensional_con_amp         4.461658 +-       32.617981
  FIESTAdata_neid_mode3_jitter_0         3.593251 +-        0.068383
  FIESTAdata_neid_mode3_offset_0        -0.160543 +-        0.252734
  FIESTAdata_neid_mode3_gp_multidimensional_rot_amp         3.410503 +-       23.121084
  FIESTAdata_neid_mode3_gp_multidimensional_con_amp        -2.459200 +-       33.136320
  activity_Prot        30.463828 +-        0.393688
  activity_Pdec       220.388251 +-     3461.419234
  activity_Oamp        -1.411261 +-        0.016033

From now on, all results are from weighted samples

 Reference Time Tref: 59334.700184

 Data points:1291
 Dimensions: 64
 Samples:    653835

Number of samplings: 653835

ln-probability   distribution:  -2470.60       -8.57      7.85 (15-84 p) 
ln-prior         distribution:      0.00        0.00      0.00 (15-84 p) 
ln-likelihood    distribution:  -2470.60       -8.57      7.85 (15-84 p) 


*** Information criteria using the likelihood distribution

 BIC from distribution  (using likelihood)  =   5399.65    -15.69   17.14 (15-84 p)
 AIC from distribution  (using likelihood)  =   5069.20    -15.69   17.14 (15-84 p)
 AICc from distribution (using likelihood)  =   5075.99    -15.69   17.14 (15-84 p)


*** Information criteria using the median parameter set

 ln_probability of Median solution =  -2442.96
 ln_priors of Median solution      =      0.00
 ln_likelihood of Median solution  =  -2442.96

 Median BIC  (using likelihood) =   5344.37
 Median AIC  (using likelihood) =   5013.93
 Median AICc (using likelihood) =   5020.71


*** Information criteria using the MAP parameter set

 ln_probability of MAP solution =  -2784.86
 ln_priors of MAP solution      =   -309.09
 ln_likelihood of MAP solution  =  -2475.77

 MAP BIC  (using likelihood)    =   5409.98
 MAP AIC  (using likelihood)    =   5079.54
 MAP AICc (using likelihood)    =   5086.32

 AICc suggested over AIC because NDATA ( 1291 ) < 40 * NDIM ( 64 )

****************************************************************************************************


====================================================================================================
     Ids, spaces (s), boundaries (b) and priors (p) of the sampler parameters     
====================================================================================================

----- dataset:  RVdata_expres
jitter_0      id:   3  s:Linear      b:[      0.0010,      13.2000]   p:Uniform   []
offset_0      id:   4  s:Linear      b:[  -9995.2560,   10011.7850]   p:Uniform   []

----- dataset: RVdata_expres             ----- model: gp_multidimensional           
rot_amp       id:   5  s:Linear      b:[      0.0000,      10.0000]   p:Uniform   []
con_amp       id:   6  s:Linear      b:[    -20.0000,      20.0000]   p:Uniform   []

----- dataset:  RVdata_harps
jitter_0      id:   7  s:Linear      b:[      0.0009,      12.4000]   p:Uniform   []
offset_0      id:   8  s:Linear      b:[  -9994.3075,   10013.5087]   p:Uniform   []
offset_1      id:   9  s:Linear      b:[  -9994.3075,   10013.5087]   p:Uniform   []

----- dataset: RVdata_harps              ----- model: gp_multidimensional           
rot_amp       id:  10  s:Linear      b:[      0.0000,      10.0000]   p:Uniform   []
con_amp       id:  11  s:Linear      b:[    -20.0000,      20.0000]   p:Uniform   []

----- dataset:  RVdata_neid
jitter_0      id:  12  s:Linear      b:[      0.0010,      12.3000]   p:Uniform   []
offset_0      id:  13  s:Linear      b:[  -9994.4136,   10013.1384]   p:Uniform   []

----- dataset: RVdata_neid               ----- model: gp_multidimensional           
rot_amp       id:  14  s:Linear      b:[      0.0000,      10.0000]   p:Uniform   []
con_amp       id:  15  s:Linear      b:[    -20.0000,      20.0000]   p:Uniform   []

----- dataset:  FIESTAdata_expres_mode1
jitter_0      id:  16  s:Linear      b:[      0.0017,      25.0503]   p:Uniform   []
offset_0      id:  17  s:Linear      b:[ -10002.1097,   10002.2693]   p:Uniform   []

----- dataset: FIESTAdata_expres_mode1   ----- model: gp_multidimensional           
rot_amp       id:  18  s:Linear      b:[    -10.0000,      10.0000]   p:Uniform   []
con_amp       id:  19  s:Linear      b:[    -20.0000,      20.0000]   p:Uniform   []

----- dataset:  FIESTAdata_expres_mode2
jitter_0      id:  20  s:Linear      b:[      0.0019,      28.7598]   p:Uniform   []
offset_0      id:  21  s:Linear      b:[ -10003.4482,   10002.9389]   p:Uniform   []

----- dataset: FIESTAdata_expres_mode2   ----- model: gp_multidimensional           
rot_amp       id:  22  s:Linear      b:[    -10.0000,      10.0000]   p:Uniform   []
con_amp       id:  23  s:Linear      b:[    -20.0000,      20.0000]   p:Uniform   []

----- dataset:  FIESTAdata_expres_mode3
jitter_0      id:  24  s:Linear      b:[      0.0044,      66.9305]   p:Uniform   []
offset_0      id:  25  s:Linear      b:[ -10009.5094,   10007.6113]   p:Uniform   []

----- dataset: FIESTAdata_expres_mode3   ----- model: gp_multidimensional           
rot_amp       id:  26  s:Linear      b:[    -10.0000,      10.0000]   p:Uniform   []
con_amp       id:  27  s:Linear      b:[    -20.0000,      20.0000]   p:Uniform   []

----- dataset:  FIESTAdata_harps_mode1
jitter_0      id:  28  s:Linear      b:[      0.0013,      14.0662]   p:Uniform   []
offset_0      id:  29  s:Linear      b:[ -10001.8133,   10002.5041]   p:Uniform   []

----- dataset: FIESTAdata_harps_mode1    ----- model: gp_multidimensional           
rot_amp       id:  30  s:Linear      b:[    -10.0000,      10.0000]   p:Uniform   []
con_amp       id:  31  s:Linear      b:[    -20.0000,      20.0000]   p:Uniform   []

----- dataset:  FIESTAdata_harps_mode2
jitter_0      id:  32  s:Linear      b:[      0.0016,      16.6180]   p:Uniform   []
offset_0      id:  33  s:Linear      b:[ -10003.5565,   10001.9037]   p:Uniform   []

----- dataset: FIESTAdata_harps_mode2    ----- model: gp_multidimensional           
rot_amp       id:  34  s:Linear      b:[    -10.0000,      10.0000]   p:Uniform   []
con_amp       id:  35  s:Linear      b:[    -20.0000,      20.0000]   p:Uniform   []

----- dataset:  FIESTAdata_harps_mode3
jitter_0      id:  36  s:Linear      b:[      0.0044,      47.5109]   p:Uniform   []
offset_0      id:  37  s:Linear      b:[ -10008.9791,   10011.9671]   p:Uniform   []

----- dataset: FIESTAdata_harps_mode3    ----- model: gp_multidimensional           
rot_amp       id:  38  s:Linear      b:[    -10.0000,      10.0000]   p:Uniform   []
con_amp       id:  39  s:Linear      b:[    -20.0000,      20.0000]   p:Uniform   []

----- dataset:  FIESTAdata_harpsn_mode1
jitter_0      id:  40  s:Linear      b:[      0.0010,      12.1214]   p:Uniform   []
offset_0      id:  41  s:Linear      b:[ -10002.8709,   10003.2575]   p:Uniform   []

----- dataset: FIESTAdata_harpsn_mode1   ----- model: gp_multidimensional           
rot_amp       id:  42  s:Linear      b:[    -10.0000,      10.0000]   p:Uniform   []
con_amp       id:  43  s:Linear      b:[    -20.0000,      20.0000]   p:Uniform   []

----- dataset:  FIESTAdata_harpsn_mode2
jitter_0      id:  44  s:Linear      b:[      0.0011,      14.0279]   p:Uniform   []
offset_0      id:  45  s:Linear      b:[ -10004.2807,   10004.3031]   p:Uniform   []

----- dataset: FIESTAdata_harpsn_mode2   ----- model: gp_multidimensional           
rot_amp       id:  46  s:Linear      b:[    -10.0000,      10.0000]   p:Uniform   []
con_amp       id:  47  s:Linear      b:[    -20.0000,      20.0000]   p:Uniform   []

----- dataset:  FIESTAdata_harpsn_mode3
jitter_0      id:  48  s:Linear      b:[      0.0032,      39.3660]   p:Uniform   []
offset_0      id:  49  s:Linear      b:[ -10009.8611,   10009.4438]   p:Uniform   []

----- dataset: FIESTAdata_harpsn_mode3   ----- model: gp_multidimensional           
rot_amp       id:  50  s:Linear      b:[    -10.0000,      10.0000]   p:Uniform   []
con_amp       id:  51  s:Linear      b:[    -20.0000,      20.0000]   p:Uniform   []

----- dataset:  FIESTAdata_neid_mode1
jitter_0      id:  52  s:Linear      b:[      0.0016,      19.1721]   p:Uniform   []
offset_0      id:  53  s:Linear      b:[ -10002.5191,   10002.0921]   p:Uniform   []

----- dataset: FIESTAdata_neid_mode1     ----- model: gp_multidimensional           
rot_amp       id:  54  s:Linear      b:[    -10.0000,      10.0000]   p:Uniform   []
con_amp       id:  55  s:Linear      b:[    -20.0000,      20.0000]   p:Uniform   []

----- dataset:  FIESTAdata_neid_mode2
jitter_0      id:  56  s:Linear      b:[      0.0020,      23.1467]   p:Uniform   []
offset_0      id:  57  s:Linear      b:[ -10002.4052,   10004.2542]   p:Uniform   []

----- dataset: FIESTAdata_neid_mode2     ----- model: gp_multidimensional           
rot_amp       id:  58  s:Linear      b:[    -10.0000,      10.0000]   p:Uniform   []
con_amp       id:  59  s:Linear      b:[    -20.0000,      20.0000]   p:Uniform   []

----- dataset:  FIESTAdata_neid_mode3
jitter_0      id:  60  s:Linear      b:[      0.0049,      58.2853]   p:Uniform   []
offset_0      id:  61  s:Linear      b:[ -10010.0578,   10009.4503]   p:Uniform   []

----- dataset: FIESTAdata_neid_mode3     ----- model: gp_multidimensional           
rot_amp       id:  62  s:Linear      b:[    -10.0000,      10.0000]   p:Uniform   []
con_amp       id:  63  s:Linear      b:[    -20.0000,      20.0000]   p:Uniform   []

----- common model:  activity
Prot          id:   0  s:Linear      b:[     22.0000,      32.0000]   p:Gaussian   [27.  2.]
Pdec          id:   1  s:Linear      b:[     10.0000,     300.0000]   p:Uniform   []
Oamp          id:   2  s:Log_Base2   b:[     -6.6439,       0.0000]   p:Gaussian   [0.35  0.035]

----- common model:  star_parameters
mass          derived (no id, space, bound)                           p:Gaussian   [1.e+00 1.e-06]
radius        derived (no id, space, bound)                           p:Gaussian   [1.e+00 1.e-06]
density       derived (no id, space, bound)                           p:Gaussian   [1.e+00 1.e-06]


****************************************************************************************************
****************************************************************************************************

 Confidence intervals (median value, 34.135th percentile from the median on the left and right side)

====================================================================================================
     Statistics on the posterior of the sampler parameters     
====================================================================================================

----- dataset:  RVdata_expres
jitter_0         3          1.49        -0.11         0.12   (15-84 p)   [    0.0010,    13.2000]
offset_0         4          8.38        -0.25         0.24   (15-84 p)   [-9995.2560, 10011.7850]

----- dataset: RVdata_expres             ----- model: gp_multidimensional           
rot_amp          5           8.2         -3.1          1.3   (15-84 p)   [    0.0000,    10.0000]
con_amp          6          -2.3         -2.6          2.5   (15-84 p)   [  -20.0000,    20.0000]

----- dataset:  RVdata_harps
jitter_0         7         1.403       -0.087        0.093   (15-84 p)   [    0.0009,    12.4000]
offset_0         8          9.00        -0.28         0.26   (15-84 p)   [-9994.3075, 10013.5087]
offset_1         9         10.08        -0.33         0.34   (15-84 p)   [-9994.3075, 10013.5087]

----- dataset: RVdata_harps              ----- model: gp_multidimensional           
rot_amp         10           2.5         -1.6          2.3   (15-84 p)   [    0.0000,    10.0000]
con_amp         11          -2.9         -1.9          2.0   (15-84 p)   [  -20.0000,    20.0000]

----- dataset:  RVdata_neid
jitter_0        12         1.310       -0.092         0.10   (15-84 p)   [    0.0010,    12.3000]
offset_0        13          9.31        -0.27         0.24   (15-84 p)   [-9994.4136, 10013.1384]

----- dataset: RVdata_neid               ----- model: gp_multidimensional           
rot_amp         14           1.7         -1.2          2.4   (15-84 p)   [    0.0000,    10.0000]
con_amp         15          -2.4         -2.3          2.2   (15-84 p)   [  -20.0000,    20.0000]

----- dataset:  FIESTAdata_expres_mode1
jitter_0        16         0.825       -0.059        0.066   (15-84 p)   [    0.0017,    25.0503]
offset_0        17         -0.06        -0.31         0.28   (15-84 p)   [-10002.1097, 10002.2693]

----- dataset: FIESTAdata_expres_mode1   ----- model: gp_multidimensional           
rot_amp         18           1.6         -2.4          2.0   (15-84 p)   [  -10.0000,    10.0000]
con_amp         19          -3.6         -1.8          1.7   (15-84 p)   [  -20.0000,    20.0000]

----- dataset:  FIESTAdata_expres_mode2
jitter_0        20         1.258       -0.082        0.089   (15-84 p)   [    0.0019,    28.7598]
offset_0        21          0.05        -0.31         0.33   (15-84 p)   [-10003.4482, 10002.9389]

----- dataset: FIESTAdata_expres_mode2   ----- model: gp_multidimensional           
rot_amp         22          -0.9         -2.9          3.1   (15-84 p)   [  -10.0000,    10.0000]
con_amp         23           3.6         -2.1          2.1   (15-84 p)   [  -20.0000,    20.0000]

----- dataset:  FIESTAdata_expres_mode3
jitter_0        24          3.32        -0.22         0.24   (15-84 p)   [    0.0044,    66.9305]
offset_0        25          0.16        -0.86         0.84   (15-84 p)   [-10009.5094, 10007.6113]

----- dataset: FIESTAdata_expres_mode3   ----- model: gp_multidimensional           
rot_amp         26          -7.4         -2.0          4.8   (15-84 p)   [  -10.0000,    10.0000]
con_amp         27          10.9         -6.4          5.3   (15-84 p)   [  -20.0000,    20.0000]

----- dataset:  FIESTAdata_harps_mode1
jitter_0        28          0.92        -0.12         0.14   (15-84 p)   [    0.0013,    14.0662]
offset_0        29         -0.13        -0.49         0.47   (15-84 p)   [-10001.8133, 10002.5041]

----- dataset: FIESTAdata_harps_mode1    ----- model: gp_multidimensional           
rot_amp         30          -0.1         -3.9          4.1   (15-84 p)   [  -10.0000,    10.0000]
con_amp         31           5.9         -2.6          2.7   (15-84 p)   [  -20.0000,    20.0000]

----- dataset:  FIESTAdata_harps_mode2
jitter_0        32          1.30        -0.14         0.16   (15-84 p)   [    0.0016,    16.6180]
offset_0        33          0.13        -0.48         0.49   (15-84 p)   [-10003.5565, 10001.9037]

----- dataset: FIESTAdata_harps_mode2    ----- model: gp_multidimensional           
rot_amp         34           1.9         -4.5          4.0   (15-84 p)   [  -10.0000,    10.0000]
con_amp         35          -5.4         -3.1          3.0   (15-84 p)   [  -20.0000,    20.0000]

----- dataset:  FIESTAdata_harps_mode3
jitter_0        36          4.52        -0.57         0.69   (15-84 p)   [    0.0044,    47.5109]
offset_0        37           0.3         -1.1          1.2   (15-84 p)   [-10008.9791, 10011.9671]

----- dataset: FIESTAdata_harps_mode3    ----- model: gp_multidimensional           
rot_amp         38          -2.7         -5.2          7.1   (15-84 p)   [  -10.0000,    10.0000]
con_amp         39         -12.9         -4.7          7.9   (15-84 p)   [  -20.0000,    20.0000]

----- dataset:  FIESTAdata_harpsn_mode1
jitter_0        40         1.324       -0.091         0.10   (15-84 p)   [    0.0010,    12.1214]
offset_0        41         -0.18        -0.43         0.39   (15-84 p)   [-10002.8709, 10003.2575]

----- dataset: FIESTAdata_harpsn_mode1   ----- model: gp_multidimensional           
rot_amp         42           3.2         -3.5          3.1   (15-84 p)   [  -10.0000,    10.0000]
con_amp         43          -4.9         -2.6          2.6   (15-84 p)   [  -20.0000,    20.0000]

----- dataset:  FIESTAdata_harpsn_mode2
jitter_0        44          1.72        -0.12         0.13   (15-84 p)   [    0.0011,    14.0279]
offset_0        45          0.17        -0.43         0.46   (15-84 p)   [-10004.2807, 10004.3031]

----- dataset: FIESTAdata_harpsn_mode2   ----- model: gp_multidimensional           
rot_amp         46          -5.2         -3.0          4.1   (15-84 p)   [  -10.0000,    10.0000]
con_amp         47           5.1         -3.1          3.3   (15-84 p)   [  -20.0000,    20.0000]

----- dataset:  FIESTAdata_harpsn_mode3
jitter_0        48          3.62        -0.25         0.28   (15-84 p)   [    0.0032,    39.3660]
offset_0        49          0.47        -0.91          1.0   (15-84 p)   [-10009.8611, 10009.4438]

----- dataset: FIESTAdata_harpsn_mode3   ----- model: gp_multidimensional           
rot_amp         50           2.4         -6.5          5.0   (15-84 p)   [  -10.0000,    10.0000]
con_amp         51          12.9         -5.9          4.4   (15-84 p)   [  -20.0000,    20.0000]

----- dataset:  FIESTAdata_neid_mode1
jitter_0        52         0.777       -0.058        0.065   (15-84 p)   [    0.0016,    19.1721]
offset_0        53         -0.10        -0.29         0.28   (15-84 p)   [-10002.5191, 10002.0921]

----- dataset: FIESTAdata_neid_mode1     ----- model: gp_multidimensional           
rot_amp         54           2.7         -2.7          2.4   (15-84 p)   [  -10.0000,    10.0000]
con_amp         55          -3.6         -2.0          1.9   (15-84 p)   [  -20.0000,    20.0000]

----- dataset:  FIESTAdata_neid_mode2
jitter_0        56         1.077       -0.078        0.086   (15-84 p)   [    0.0020,    23.1467]
offset_0        57          0.18        -0.44         0.44   (15-84 p)   [-10002.4052, 10004.2542]

----- dataset: FIESTAdata_neid_mode2     ----- model: gp_multidimensional           
rot_amp         58          -5.6         -2.7          3.9   (15-84 p)   [  -10.0000,    10.0000]
con_amp         59           5.5         -2.8          2.9   (15-84 p)   [  -20.0000,    20.0000]

----- dataset:  FIESTAdata_neid_mode3
jitter_0        60          3.58        -0.25         0.27   (15-84 p)   [    0.0049,    58.2853]
offset_0        61         -0.15        -0.50         0.47   (15-84 p)   [-10010.0578, 10009.4503]

----- dataset: FIESTAdata_neid_mode3     ----- model: gp_multidimensional           
rot_amp         62           4.4         -6.2          3.9   (15-84 p)   [  -10.0000,    10.0000]
con_amp         63          -2.6         -5.2          5.1   (15-84 p)   [  -20.0000,    20.0000]

----- common model:  activity
Prot             0         30.55        -0.56         0.45   (15-84 p)   [   22.0000,    32.0000]
Pdec             1           232          -73           48   (15-84 p)   [   10.0000,   300.0000]
Oamp             2         -1.41        -0.13         0.12   (15-84 p)   [   -6.6439,     0.0000]

----- common model:  star_parameters

====================================================================================================
     Statistics on the model parameters obtained from the posteriors samples     
====================================================================================================

----- dataset:  RVdata_expres
jitter_0                  1.49        -0.11         0.12    (15-84 p)
offset_0                  8.38        -0.25         0.24    (15-84 p)


----- dataset: RVdata_expres             ----- model: gp_multidimensional           
rot_amp                    8.2         -3.1          1.3    (15-84 p)
con_amp                   -2.3         -2.6          2.5    (15-84 p)

----- dataset:  RVdata_harps
jitter_0                 1.403       -0.087        0.093    (15-84 p)
offset_0                  9.00        -0.28         0.26    (15-84 p)
offset_1                 10.08        -0.33         0.34    (15-84 p)


----- dataset: RVdata_harps              ----- model: gp_multidimensional           
rot_amp                    2.5         -1.6          2.3    (15-84 p)
con_amp                   -2.9         -1.9          2.0    (15-84 p)

----- dataset:  RVdata_neid
jitter_0                 1.310       -0.092         0.10    (15-84 p)
offset_0                  9.31        -0.27         0.24    (15-84 p)


----- dataset: RVdata_neid               ----- model: gp_multidimensional           
rot_amp                    1.7         -1.2          2.4    (15-84 p)
con_amp                   -2.4         -2.3          2.2    (15-84 p)

----- dataset:  FIESTAdata_expres_mode1
jitter_0                 0.825       -0.059        0.066    (15-84 p)
offset_0                 -0.06        -0.31         0.28    (15-84 p)


----- dataset: FIESTAdata_expres_mode1   ----- model: gp_multidimensional           
rot_amp                    1.6         -2.4          2.0    (15-84 p)
con_amp                   -3.6         -1.8          1.7    (15-84 p)

----- dataset:  FIESTAdata_expres_mode2
jitter_0                 1.258       -0.082        0.089    (15-84 p)
offset_0                  0.05        -0.31         0.33    (15-84 p)


----- dataset: FIESTAdata_expres_mode2   ----- model: gp_multidimensional           
rot_amp                   -0.9         -2.9          3.1    (15-84 p)
con_amp                    3.6         -2.1          2.1    (15-84 p)

----- dataset:  FIESTAdata_expres_mode3
jitter_0                  3.32        -0.22         0.24    (15-84 p)
offset_0                  0.16        -0.86         0.84    (15-84 p)


----- dataset: FIESTAdata_expres_mode3   ----- model: gp_multidimensional           
rot_amp                   -7.4         -2.0          4.8    (15-84 p)
con_amp                   10.9         -6.4          5.3    (15-84 p)

----- dataset:  FIESTAdata_harps_mode1
jitter_0                  0.92        -0.12         0.14    (15-84 p)
offset_0                 -0.13        -0.49         0.47    (15-84 p)


----- dataset: FIESTAdata_harps_mode1    ----- model: gp_multidimensional           
rot_amp                   -0.1         -3.9          4.1    (15-84 p)
con_amp                    5.9         -2.6          2.7    (15-84 p)

----- dataset:  FIESTAdata_harps_mode2
jitter_0                  1.30        -0.14         0.16    (15-84 p)
offset_0                  0.13        -0.48         0.49    (15-84 p)


----- dataset: FIESTAdata_harps_mode2    ----- model: gp_multidimensional           
rot_amp                    1.9         -4.5          4.0    (15-84 p)
con_amp                   -5.4         -3.1          3.0    (15-84 p)

----- dataset:  FIESTAdata_harps_mode3
jitter_0                  4.52        -0.57         0.69    (15-84 p)
offset_0                   0.3         -1.1          1.2    (15-84 p)


----- dataset: FIESTAdata_harps_mode3    ----- model: gp_multidimensional           
rot_amp                   -2.7         -5.2          7.1    (15-84 p)
con_amp                  -12.9         -4.7          7.9    (15-84 p)

----- dataset:  FIESTAdata_harpsn_mode1
jitter_0                 1.324       -0.091         0.10    (15-84 p)
offset_0                 -0.18        -0.43         0.39    (15-84 p)


----- dataset: FIESTAdata_harpsn_mode1   ----- model: gp_multidimensional           
rot_amp                    3.2         -3.5          3.1    (15-84 p)
con_amp                   -4.9         -2.6          2.6    (15-84 p)

----- dataset:  FIESTAdata_harpsn_mode2
jitter_0                  1.72        -0.12         0.13    (15-84 p)
offset_0                  0.17        -0.43         0.46    (15-84 p)


----- dataset: FIESTAdata_harpsn_mode2   ----- model: gp_multidimensional           
rot_amp                   -5.2         -3.0          4.1    (15-84 p)
con_amp                    5.1         -3.1          3.3    (15-84 p)

----- dataset:  FIESTAdata_harpsn_mode3
jitter_0                  3.62        -0.25         0.28    (15-84 p)
offset_0                  0.47        -0.91          1.0    (15-84 p)


----- dataset: FIESTAdata_harpsn_mode3   ----- model: gp_multidimensional           
rot_amp                    2.4         -6.5          5.0    (15-84 p)
con_amp                   12.9         -5.9          4.4    (15-84 p)

----- dataset:  FIESTAdata_neid_mode1
jitter_0                 0.777       -0.058        0.065    (15-84 p)
offset_0                 -0.10        -0.29         0.28    (15-84 p)


----- dataset: FIESTAdata_neid_mode1     ----- model: gp_multidimensional           
rot_amp                    2.7         -2.7          2.4    (15-84 p)
con_amp                   -3.6         -2.0          1.9    (15-84 p)

----- dataset:  FIESTAdata_neid_mode2
jitter_0                 1.077       -0.078        0.086    (15-84 p)
offset_0                  0.18        -0.44         0.44    (15-84 p)


----- dataset: FIESTAdata_neid_mode2     ----- model: gp_multidimensional           
rot_amp                   -5.6         -2.7          3.9    (15-84 p)
con_amp                    5.5         -2.8          2.9    (15-84 p)

----- dataset:  FIESTAdata_neid_mode3
jitter_0                  3.58        -0.25         0.27    (15-84 p)
offset_0                 -0.15        -0.50         0.47    (15-84 p)


----- dataset: FIESTAdata_neid_mode3     ----- model: gp_multidimensional           
rot_amp                    4.4         -6.2          3.9    (15-84 p)
con_amp                   -2.6         -5.2          5.1    (15-84 p)

----- common model:  activity
Prot                     30.55        -0.56         0.45    (15-84 p)
Pdec                       232          -73           48    (15-84 p)
Oamp                     0.376       -0.031        0.034    (15-84 p)

----- common model:  star_parameters

====================================================================================================
     Statistics on the derived parameters obtained from the posteriors samples     
====================================================================================================


====================================================================================================
     ------------------------------------------------------------------------------------------     
====================================================================================================



****************************************************************************************************

 Parameters corresponding to the Maximum a Posteriori probability ( -2418.2614634424226 )

====================================================================================================
     Statistics on the posterior of the sampler parameters     
====================================================================================================

----- dataset:  RVdata_expres
jitter_0         3      1.683432 [    0.0010,    13.2000]
offset_0         4      9.045069 [-9995.2560, 10011.7850]

----- dataset: RVdata_expres             ----- model: gp_multidimensional           
rot_amp          5      6.805382 [    0.0000,    10.0000]
con_amp          6     -5.309966 [  -20.0000,    20.0000]

----- dataset:  RVdata_harps
jitter_0         7      1.304746 [    0.0009,    12.4000]
offset_0         8      9.394399 [-9994.3075, 10013.5087]
offset_1         9     10.499933 [-9994.3075, 10013.5087]

----- dataset: RVdata_harps              ----- model: gp_multidimensional           
rot_amp         10      0.726225 [    0.0000,    10.0000]
con_amp         11     -4.083132 [  -20.0000,    20.0000]

----- dataset:  RVdata_neid
jitter_0        12      1.256602 [    0.0010,    12.3000]
offset_0        13      9.993159 [-9994.4136, 10013.1384]

----- dataset: RVdata_neid               ----- model: gp_multidimensional           
rot_amp         14      1.807471 [    0.0000,    10.0000]
con_amp         15     -4.619429 [  -20.0000,    20.0000]

----- dataset:  FIESTAdata_expres_mode1
jitter_0        16      0.811331 [    0.0017,    25.0503]
offset_0        17      0.477738 [-10002.1097, 10002.2693]

----- dataset: FIESTAdata_expres_mode1   ----- model: gp_multidimensional           
rot_amp         18      6.260211 [  -10.0000,    10.0000]
con_amp         19     -3.685163 [  -20.0000,    20.0000]

----- dataset:  FIESTAdata_expres_mode2
jitter_0        20      1.303449 [    0.0019,    28.7598]
offset_0        21     -0.407274 [-10003.4482, 10002.9389]

----- dataset: FIESTAdata_expres_mode2   ----- model: gp_multidimensional           
rot_amp         22     -0.907274 [  -10.0000,    10.0000]
con_amp         23      3.457606 [  -20.0000,    20.0000]

----- dataset:  FIESTAdata_expres_mode3
jitter_0        24      3.325456 [    0.0044,    66.9305]
offset_0        25     -1.088138 [-10009.5094, 10007.6113]

----- dataset: FIESTAdata_expres_mode3   ----- model: gp_multidimensional           
rot_amp         26     -7.349486 [  -10.0000,    10.0000]
con_amp         27     13.827121 [  -20.0000,    20.0000]

----- dataset:  FIESTAdata_harps_mode1
jitter_0        28      1.059263 [    0.0013,    14.0662]
offset_0        29     -1.131767 [-10001.8133, 10002.5041]

----- dataset: FIESTAdata_harps_mode1    ----- model: gp_multidimensional           
rot_amp         30     -2.058983 [  -10.0000,    10.0000]
con_amp         31      6.700993 [  -20.0000,    20.0000]

----- dataset:  FIESTAdata_harps_mode2
jitter_0        32      1.156443 [    0.0016,    16.6180]
offset_0        33      0.849217 [-10003.5565, 10001.9037]

----- dataset: FIESTAdata_harps_mode2    ----- model: gp_multidimensional           
rot_amp         34      4.224840 [  -10.0000,    10.0000]
con_amp         35     -4.383610 [  -20.0000,    20.0000]

----- dataset:  FIESTAdata_harps_mode3
jitter_0        36      6.262203 [    0.0044,    47.5109]
offset_0        37      0.344509 [-10008.9791, 10011.9671]

----- dataset: FIESTAdata_harps_mode3    ----- model: gp_multidimensional           
rot_amp         38      3.504466 [  -10.0000,    10.0000]
con_amp         39    -14.841992 [  -20.0000,    20.0000]

----- dataset:  FIESTAdata_harpsn_mode1
jitter_0        40      1.261575 [    0.0010,    12.1214]
offset_0        41      0.393439 [-10002.8709, 10003.2575]

----- dataset: FIESTAdata_harpsn_mode1   ----- model: gp_multidimensional           
rot_amp         42      5.146763 [  -10.0000,    10.0000]
con_amp         43     -3.667785 [  -20.0000,    20.0000]

----- dataset:  FIESTAdata_harpsn_mode2
jitter_0        44      1.565157 [    0.0011,    14.0279]
offset_0        45     -0.879361 [-10004.2807, 10004.3031]

----- dataset: FIESTAdata_harpsn_mode2   ----- model: gp_multidimensional           
rot_amp         46     -6.457458 [  -10.0000,    10.0000]
con_amp         47      9.849003 [  -20.0000,    20.0000]

----- dataset:  FIESTAdata_harpsn_mode3
jitter_0        48      3.365326 [    0.0032,    39.3660]
offset_0        49     -0.450878 [-10009.8611, 10009.4438]

----- dataset: FIESTAdata_harpsn_mode3   ----- model: gp_multidimensional           
rot_amp         50     -6.162079 [  -10.0000,    10.0000]
con_amp         51     13.962714 [  -20.0000,    20.0000]

----- dataset:  FIESTAdata_neid_mode1
jitter_0        52      0.784306 [    0.0016,    19.1721]
offset_0        53      0.291059 [-10002.5191, 10002.0921]

----- dataset: FIESTAdata_neid_mode1     ----- model: gp_multidimensional           
rot_amp         54      6.736570 [  -10.0000,    10.0000]
con_amp         55     -3.525036 [  -20.0000,    20.0000]

----- dataset:  FIESTAdata_neid_mode2
jitter_0        56      1.106074 [    0.0020,    23.1467]
offset_0        57     -0.686639 [-10002.4052, 10004.2542]

----- dataset: FIESTAdata_neid_mode2     ----- model: gp_multidimensional           
rot_amp         58     -4.564988 [  -10.0000,    10.0000]
con_amp         59      6.643100 [  -20.0000,    20.0000]

----- dataset:  FIESTAdata_neid_mode3
jitter_0        60      3.360586 [    0.0049,    58.2853]
offset_0        61      0.081103 [-10010.0578, 10009.4503]

----- dataset: FIESTAdata_neid_mode3     ----- model: gp_multidimensional           
rot_amp         62     -5.995975 [  -10.0000,    10.0000]
con_amp         63     -5.840535 [  -20.0000,    20.0000]

----- common model:  activity
Prot             0     28.714892 [   22.0000,    32.0000]
Pdec             1    106.884400 [   10.0000,   300.0000]
Oamp             2     -1.371580 [   -6.6439,     0.0000]

----- common model:  star_parameters

====================================================================================================
     Statistics on the model parameters obtained from the posteriors samples     
====================================================================================================

----- dataset:  RVdata_expres
jitter_0              1.683432 
offset_0              9.045069 


----- dataset: RVdata_expres             ----- model: gp_multidimensional           
rot_amp               6.805382 
con_amp              -5.309966 

----- dataset:  RVdata_harps
jitter_0              1.304746 
offset_0              9.394399 
offset_1             10.499933 


----- dataset: RVdata_harps              ----- model: gp_multidimensional           
rot_amp               0.726225 
con_amp              -4.083132 

----- dataset:  RVdata_neid
jitter_0              1.256602 
offset_0              9.993159 


----- dataset: RVdata_neid               ----- model: gp_multidimensional           
rot_amp               1.807471 
con_amp              -4.619429 

----- dataset:  FIESTAdata_expres_mode1
jitter_0              0.811331 
offset_0              0.477738 


----- dataset: FIESTAdata_expres_mode1   ----- model: gp_multidimensional           
rot_amp               6.260211 
con_amp              -3.685163 

----- dataset:  FIESTAdata_expres_mode2
jitter_0              1.303449 
offset_0             -0.407274 


----- dataset: FIESTAdata_expres_mode2   ----- model: gp_multidimensional           
rot_amp              -0.907274 
con_amp               3.457606 

----- dataset:  FIESTAdata_expres_mode3
jitter_0              3.325456 
offset_0             -1.088138 


----- dataset: FIESTAdata_expres_mode3   ----- model: gp_multidimensional           
rot_amp              -7.349486 
con_amp              13.827121 

----- dataset:  FIESTAdata_harps_mode1
jitter_0              1.059263 
offset_0             -1.131767 


----- dataset: FIESTAdata_harps_mode1    ----- model: gp_multidimensional           
rot_amp              -2.058983 
con_amp               6.700993 

----- dataset:  FIESTAdata_harps_mode2
jitter_0              1.156443 
offset_0              0.849217 


----- dataset: FIESTAdata_harps_mode2    ----- model: gp_multidimensional           
rot_amp               4.224840 
con_amp              -4.383610 

----- dataset:  FIESTAdata_harps_mode3
jitter_0              6.262203 
offset_0              0.344509 


----- dataset: FIESTAdata_harps_mode3    ----- model: gp_multidimensional           
rot_amp               3.504466 
con_amp             -14.841992 

----- dataset:  FIESTAdata_harpsn_mode1
jitter_0              1.261575 
offset_0              0.393439 


----- dataset: FIESTAdata_harpsn_mode1   ----- model: gp_multidimensional           
rot_amp               5.146763 
con_amp              -3.667785 

----- dataset:  FIESTAdata_harpsn_mode2
jitter_0              1.565157 
offset_0             -0.879361 


----- dataset: FIESTAdata_harpsn_mode2   ----- model: gp_multidimensional           
rot_amp              -6.457458 
con_amp               9.849003 

----- dataset:  FIESTAdata_harpsn_mode3
jitter_0              3.365326 
offset_0             -0.450878 


----- dataset: FIESTAdata_harpsn_mode3   ----- model: gp_multidimensional           
rot_amp              -6.162079 
con_amp              13.962714 

----- dataset:  FIESTAdata_neid_mode1
jitter_0              0.784306 
offset_0              0.291059 


----- dataset: FIESTAdata_neid_mode1     ----- model: gp_multidimensional           
rot_amp               6.736570 
con_amp              -3.525036 

----- dataset:  FIESTAdata_neid_mode2
jitter_0              1.106074 
offset_0             -0.686639 


----- dataset: FIESTAdata_neid_mode2     ----- model: gp_multidimensional           
rot_amp              -4.564988 
con_amp               6.643100 

----- dataset:  FIESTAdata_neid_mode3
jitter_0              3.360586 
offset_0              0.081103 


----- dataset: FIESTAdata_neid_mode3     ----- model: gp_multidimensional           
rot_amp              -5.995975 
con_amp              -5.840535 

----- common model:  activity
Prot                 28.714892 
Pdec                106.884400 
Oamp                  0.386468 

----- common model:  star_parameters

====================================================================================================
     Statistics on the derived parameters obtained from the posteriors samples     
====================================================================================================


====================================================================================================
     ------------------------------------------------------------------------------------------     
====================================================================================================



****************************************************************************************************

 Parameters corresponding to the sample closest to the median values ( -2467.2378840408064 )

====================================================================================================
     Statistics on the posterior of the sampler parameters     
====================================================================================================

----- dataset:  RVdata_expres
jitter_0         3      1.540163 [    0.0010,    13.2000]
offset_0         4      8.303144 [-9995.2560, 10011.7850]

----- dataset: RVdata_expres             ----- model: gp_multidimensional           
rot_amp          5      8.609834 [    0.0000,    10.0000]
con_amp          6     -1.085882 [  -20.0000,    20.0000]

----- dataset:  RVdata_harps
jitter_0         7      1.324050 [    0.0009,    12.4000]
offset_0         8      9.093353 [-9994.3075, 10013.5087]
offset_1         9     10.136039 [-9994.3075, 10013.5087]

----- dataset: RVdata_harps              ----- model: gp_multidimensional           
rot_amp         10      0.793709 [    0.0000,    10.0000]
con_amp         11     -0.403520 [  -20.0000,    20.0000]

----- dataset:  RVdata_neid
jitter_0        12      1.354739 [    0.0010,    12.3000]
offset_0        13      9.323903 [-9994.4136, 10013.1384]

----- dataset: RVdata_neid               ----- model: gp_multidimensional           
rot_amp         14      1.394148 [    0.0000,    10.0000]
con_amp         15     -2.078214 [  -20.0000,    20.0000]

----- dataset:  FIESTAdata_expres_mode1
jitter_0        16      0.826098 [    0.0017,    25.0503]
offset_0        17     -0.046186 [-10002.1097, 10002.2693]

----- dataset: FIESTAdata_expres_mode1   ----- model: gp_multidimensional           
rot_amp         18      3.383653 [  -10.0000,    10.0000]
con_amp         19     -3.595431 [  -20.0000,    20.0000]

----- dataset:  FIESTAdata_expres_mode2
jitter_0        20      1.182496 [    0.0019,    28.7598]
offset_0        21      0.049968 [-10003.4482, 10002.9389]

----- dataset: FIESTAdata_expres_mode2   ----- model: gp_multidimensional           
rot_amp         22     -2.897478 [  -10.0000,    10.0000]
con_amp         23      3.773256 [  -20.0000,    20.0000]

----- dataset:  FIESTAdata_expres_mode3
jitter_0        24      3.224105 [    0.0044,    66.9305]
offset_0        25      0.179871 [-10009.5094, 10007.6113]

----- dataset: FIESTAdata_expres_mode3   ----- model: gp_multidimensional           
rot_amp         26     -8.534380 [  -10.0000,    10.0000]
con_amp         27     12.208858 [  -20.0000,    20.0000]

----- dataset:  FIESTAdata_harps_mode1
jitter_0        28      0.940190 [    0.0013,    14.0662]
offset_0        29     -0.302555 [-10001.8133, 10002.5041]

----- dataset: FIESTAdata_harps_mode1    ----- model: gp_multidimensional           
rot_amp         30     -2.334663 [  -10.0000,    10.0000]
con_amp         31      5.329603 [  -20.0000,    20.0000]

----- dataset:  FIESTAdata_harps_mode2
jitter_0        32      1.308008 [    0.0016,    16.6180]
offset_0        33      0.225322 [-10003.5565, 10001.9037]

----- dataset: FIESTAdata_harps_mode2    ----- model: gp_multidimensional           
rot_amp         34      0.500571 [  -10.0000,    10.0000]
con_amp         35     -6.072308 [  -20.0000,    20.0000]

----- dataset:  FIESTAdata_harps_mode3
jitter_0        36      4.876222 [    0.0044,    47.5109]
offset_0        37      0.393475 [-10008.9791, 10011.9671]

----- dataset: FIESTAdata_harps_mode3    ----- model: gp_multidimensional           
rot_amp         38     -5.471361 [  -10.0000,    10.0000]
con_amp         39    -15.981537 [  -20.0000,    20.0000]

----- dataset:  FIESTAdata_harpsn_mode1
jitter_0        40      1.259396 [    0.0010,    12.1214]
offset_0        41     -0.139852 [-10002.8709, 10003.2575]

----- dataset: FIESTAdata_harpsn_mode1   ----- model: gp_multidimensional           
rot_amp         42      1.204721 [  -10.0000,    10.0000]
con_amp         43     -3.709284 [  -20.0000,    20.0000]

----- dataset:  FIESTAdata_harpsn_mode2
jitter_0        44      1.800153 [    0.0011,    14.0279]
offset_0        45      0.216076 [-10004.2807, 10004.3031]

----- dataset: FIESTAdata_harpsn_mode2   ----- model: gp_multidimensional           
rot_amp         46     -5.142708 [  -10.0000,    10.0000]
con_amp         47      4.110953 [  -20.0000,    20.0000]

----- dataset:  FIESTAdata_harpsn_mode3
jitter_0        48      3.600588 [    0.0032,    39.3660]
offset_0        49      0.242234 [-10009.8611, 10009.4438]

----- dataset: FIESTAdata_harpsn_mode3   ----- model: gp_multidimensional           
rot_amp         50      0.351363 [  -10.0000,    10.0000]
con_amp         51     14.483856 [  -20.0000,    20.0000]

----- dataset:  FIESTAdata_neid_mode1
jitter_0        52      0.797902 [    0.0016,    19.1721]
offset_0        53     -0.127065 [-10002.5191, 10002.0921]

----- dataset: FIESTAdata_neid_mode1     ----- model: gp_multidimensional           
rot_amp         54      2.971726 [  -10.0000,    10.0000]
con_amp         55     -3.978273 [  -20.0000,    20.0000]

----- dataset:  FIESTAdata_neid_mode2
jitter_0        56      1.077767 [    0.0020,    23.1467]
offset_0        57      0.365585 [-10002.4052, 10004.2542]

----- dataset: FIESTAdata_neid_mode2     ----- model: gp_multidimensional           
rot_amp         58     -4.190482 [  -10.0000,    10.0000]
con_amp         59      4.668313 [  -20.0000,    20.0000]

----- dataset:  FIESTAdata_neid_mode3
jitter_0        60      3.498203 [    0.0049,    58.2853]
offset_0        61     -0.379758 [-10010.0578, 10009.4503]

----- dataset: FIESTAdata_neid_mode3     ----- model: gp_multidimensional           
rot_amp         62      4.083082 [  -10.0000,    10.0000]
con_amp         63     -3.041823 [  -20.0000,    20.0000]

----- common model:  activity
Prot             0     30.134800 [   22.0000,    32.0000]
Pdec             1    265.089933 [   10.0000,   300.0000]
Oamp             2     -1.395297 [   -6.6439,     0.0000]

----- common model:  star_parameters

====================================================================================================
     Statistics on the model parameters obtained from the posteriors samples     
====================================================================================================

----- dataset:  RVdata_expres
jitter_0              1.540163 
offset_0              8.303144 


----- dataset: RVdata_expres             ----- model: gp_multidimensional           
rot_amp               8.609834 
con_amp              -1.085882 

----- dataset:  RVdata_harps
jitter_0              1.324050 
offset_0              9.093353 
offset_1             10.136039 


----- dataset: RVdata_harps              ----- model: gp_multidimensional           
rot_amp               0.793709 
con_amp              -0.403520 

----- dataset:  RVdata_neid
jitter_0              1.354739 
offset_0              9.323903 


----- dataset: RVdata_neid               ----- model: gp_multidimensional           
rot_amp               1.394148 
con_amp              -2.078214 

----- dataset:  FIESTAdata_expres_mode1
jitter_0              0.826098 
offset_0             -0.046186 


----- dataset: FIESTAdata_expres_mode1   ----- model: gp_multidimensional           
rot_amp               3.383653 
con_amp              -3.595431 

----- dataset:  FIESTAdata_expres_mode2
jitter_0              1.182496 
offset_0              0.049968 


----- dataset: FIESTAdata_expres_mode2   ----- model: gp_multidimensional           
rot_amp              -2.897478 
con_amp               3.773256 

----- dataset:  FIESTAdata_expres_mode3
jitter_0              3.224105 
offset_0              0.179871 


----- dataset: FIESTAdata_expres_mode3   ----- model: gp_multidimensional           
rot_amp              -8.534380 
con_amp              12.208858 

----- dataset:  FIESTAdata_harps_mode1
jitter_0              0.940190 
offset_0             -0.302555 


----- dataset: FIESTAdata_harps_mode1    ----- model: gp_multidimensional           
rot_amp              -2.334663 
con_amp               5.329603 

----- dataset:  FIESTAdata_harps_mode2
jitter_0              1.308008 
offset_0              0.225322 


----- dataset: FIESTAdata_harps_mode2    ----- model: gp_multidimensional           
rot_amp               0.500571 
con_amp              -6.072308 

----- dataset:  FIESTAdata_harps_mode3
jitter_0              4.876222 
offset_0              0.393475 


----- dataset: FIESTAdata_harps_mode3    ----- model: gp_multidimensional           
rot_amp              -5.471361 
con_amp             -15.981537 

----- dataset:  FIESTAdata_harpsn_mode1
jitter_0              1.259396 
offset_0             -0.139852 


----- dataset: FIESTAdata_harpsn_mode1   ----- model: gp_multidimensional           
rot_amp               1.204721 
con_amp              -3.709284 

----- dataset:  FIESTAdata_harpsn_mode2
jitter_0              1.800153 
offset_0              0.216076 


----- dataset: FIESTAdata_harpsn_mode2   ----- model: gp_multidimensional           
rot_amp              -5.142708 
con_amp               4.110953 

----- dataset:  FIESTAdata_harpsn_mode3
jitter_0              3.600588 
offset_0              0.242234 


----- dataset: FIESTAdata_harpsn_mode3   ----- model: gp_multidimensional           
rot_amp               0.351363 
con_amp              14.483856 

----- dataset:  FIESTAdata_neid_mode1
jitter_0              0.797902 
offset_0             -0.127065 


----- dataset: FIESTAdata_neid_mode1     ----- model: gp_multidimensional           
rot_amp               2.971726 
con_amp              -3.978273 

----- dataset:  FIESTAdata_neid_mode2
jitter_0              1.077767 
offset_0              0.365585 


----- dataset: FIESTAdata_neid_mode2     ----- model: gp_multidimensional           
rot_amp              -4.190482 
con_amp               4.668313 

----- dataset:  FIESTAdata_neid_mode3
jitter_0              3.498203 
offset_0             -0.379758 


----- dataset: FIESTAdata_neid_mode3     ----- model: gp_multidimensional           
rot_amp               4.083082 
con_amp              -3.041823 

----- common model:  activity
Prot                 30.134800 
Pdec                265.089933 
Oamp                  0.380166 

----- common model:  star_parameters

====================================================================================================
     Statistics on the derived parameters obtained from the posteriors samples     
====================================================================================================


====================================================================================================
     ------------------------------------------------------------------------------------------     
====================================================================================================



****************************************************************************************************

Note: stellar density derived from stellar mass and radius

 Skipping full correlation plot due to the high number of parameters
 To avoid this behaviour, set the keyword parameters:force_full_correlation_plot to True

****************************************************************************************************

Plotting the common models corner plots
     Common model:  activity
     Common model:  star_parameters

****************************************************************************************************

Plotting the dataset + models corner plots 

     Dataset:  RVdata_expres     model:  gp_multidimensional  corner plot  starting 
     Dataset:  RVdata_expres     model:  gp_multidimensional  corner plot  done 
     Dataset:  RVdata_harps     model:  gp_multidimensional  corner plot  starting 
     Dataset:  RVdata_harps     model:  gp_multidimensional  corner plot  done 
     Dataset:  RVdata_neid     model:  gp_multidimensional  corner plot  starting 
     Dataset:  RVdata_neid     model:  gp_multidimensional  corner plot  done 
     Dataset:  FIESTAdata_expres_mode1     model:  gp_multidimensional  corner plot  starting 
     Dataset:  FIESTAdata_expres_mode1     model:  gp_multidimensional  corner plot  done 
     Dataset:  FIESTAdata_expres_mode2     model:  gp_multidimensional  corner plot  starting 
     Dataset:  FIESTAdata_expres_mode2     model:  gp_multidimensional  corner plot  done 
     Dataset:  FIESTAdata_expres_mode3     model:  gp_multidimensional  corner plot  starting 
     Dataset:  FIESTAdata_expres_mode3     model:  gp_multidimensional  corner plot  done 
     Dataset:  FIESTAdata_harps_mode1     model:  gp_multidimensional  corner plot  starting 
     Dataset:  FIESTAdata_harps_mode1     model:  gp_multidimensional  corner plot  done 
     Dataset:  FIESTAdata_harps_mode2     model:  gp_multidimensional  corner plot  starting 
     Dataset:  FIESTAdata_harps_mode2     model:  gp_multidimensional  corner plot  done 
     Dataset:  FIESTAdata_harps_mode3     model:  gp_multidimensional  corner plot  starting 
     Dataset:  FIESTAdata_harps_mode3     model:  gp_multidimensional  corner plot  done 
     Dataset:  FIESTAdata_harpsn_mode1     model:  gp_multidimensional  corner plot  starting 
     Dataset:  FIESTAdata_harpsn_mode1     model:  gp_multidimensional  corner plot  done 
     Dataset:  FIESTAdata_harpsn_mode2     model:  gp_multidimensional  corner plot  starting 
     Dataset:  FIESTAdata_harpsn_mode2     model:  gp_multidimensional  corner plot  done 
     Dataset:  FIESTAdata_harpsn_mode3     model:  gp_multidimensional  corner plot  starting 
     Dataset:  FIESTAdata_harpsn_mode3     model:  gp_multidimensional  corner plot  done 
     Dataset:  FIESTAdata_neid_mode1     model:  gp_multidimensional  corner plot  starting 
     Dataset:  FIESTAdata_neid_mode1     model:  gp_multidimensional  corner plot  done 
     Dataset:  FIESTAdata_neid_mode2     model:  gp_multidimensional  corner plot  starting 
     Dataset:  FIESTAdata_neid_mode2     model:  gp_multidimensional  corner plot  done 
     Dataset:  FIESTAdata_neid_mode3     model:  gp_multidimensional  corner plot  starting 
     Dataset:  FIESTAdata_neid_mode3     model:  gp_multidimensional  corner plot  done 

****************************************************************************************************

 Saving the planet parameter samplings to files (with plots)

****************************************************************************************************

 Saving all the parameter samplings to files (with plots)

****************************************************************************************************

 Computing the models for plot/data writing 
     Splitting the plot array to allow GP prediction of extended datasets, it may take a while...
     # 21 chunks of 90 times each
     Check the documentation if the code is taking too long or if it crashes...
     Splitting the plot array to allow GP prediction of extended datasets, it may take a while...
     # 21 chunks of 90 times each
     Check the documentation if the code is taking too long or if it crashes...
     Splitting the plot array to allow GP prediction of extended datasets, it may take a while...
     # 21 chunks of 90 times each
     Check the documentation if the code is taking too long or if it crashes...
     Splitting the plot array to allow GP prediction of extended datasets, it may take a while...
     # 15 chunks of 90 times each
     Check the documentation if the code is taking too long or if it crashes...
     Splitting the plot array to allow GP prediction of extended datasets, it may take a while...
     # 15 chunks of 90 times each
     Check the documentation if the code is taking too long or if it crashes...
     Splitting the plot array to allow GP prediction of extended datasets, it may take a while...
     # 15 chunks of 90 times each
     Check the documentation if the code is taking too long or if it crashes...
     Splitting the plot array to allow GP prediction of extended datasets, it may take a while...
     # 5 chunks of 90 times each
     Check the documentation if the code is taking too long or if it crashes...
     Splitting the plot array to allow GP prediction of extended datasets, it may take a while...
     # 5 chunks of 90 times each
     Check the documentation if the code is taking too long or if it crashes...
     Splitting the plot array to allow GP prediction of extended datasets, it may take a while...
     # 5 chunks of 90 times each
     Check the documentation if the code is taking too long or if it crashes...
     Splitting the plot array to allow GP prediction of extended datasets, it may take a while...
     # 13 chunks of 90 times each
     Check the documentation if the code is taking too long or if it crashes...
     Splitting the plot array to allow GP prediction of extended datasets, it may take a while...
     # 13 chunks of 90 times each
     Check the documentation if the code is taking too long or if it crashes...
     Splitting the plot array to allow GP prediction of extended datasets, it may take a while...
     # 13 chunks of 90 times each
     Check the documentation if the code is taking too long or if it crashes...
     Splitting the plot array to allow GP prediction of extended datasets, it may take a while...
     # 13 chunks of 90 times each
     Check the documentation if the code is taking too long or if it crashes...
     Splitting the plot array to allow GP prediction of extended datasets, it may take a while...
     # 13 chunks of 90 times each
     Check the documentation if the code is taking too long or if it crashes...
     Splitting the plot array to allow GP prediction of extended datasets, it may take a while...
     # 13 chunks of 90 times each
     Check the documentation if the code is taking too long or if it crashes...
     Splitting the plot array to allow GP prediction of extended datasets, it may take a while...
     # 21 chunks of 90 times each
     Check the documentation if the code is taking too long or if it crashes...
     Splitting the plot array to allow GP prediction of extended datasets, it may take a while...
     # 21 chunks of 90 times each
     Check the documentation if the code is taking too long or if it crashes...
     Splitting the plot array to allow GP prediction of extended datasets, it may take a while...
     # 21 chunks of 90 times each
     Check the documentation if the code is taking too long or if it crashes...
     Splitting the plot array to allow GP prediction of extended datasets, it may take a while...
     # 15 chunks of 90 times each
     Check the documentation if the code is taking too long or if it crashes...
     Splitting the plot array to allow GP prediction of extended datasets, it may take a while...
     # 15 chunks of 90 times each
     Check the documentation if the code is taking too long or if it crashes...
     Splitting the plot array to allow GP prediction of extended datasets, it may take a while...
     # 15 chunks of 90 times each
     Check the documentation if the code is taking too long or if it crashes...
     Splitting the plot array to allow GP prediction of extended datasets, it may take a while...
     # 5 chunks of 90 times each
     Check the documentation if the code is taking too long or if it crashes...
     Splitting the plot array to allow GP prediction of extended datasets, it may take a while...
     # 5 chunks of 90 times each
     Check the documentation if the code is taking too long or if it crashes...
     Splitting the plot array to allow GP prediction of extended datasets, it may take a while...
     # 5 chunks of 90 times each
     Check the documentation if the code is taking too long or if it crashes...
     Splitting the plot array to allow GP prediction of extended datasets, it may take a while...
     # 13 chunks of 90 times each
     Check the documentation if the code is taking too long or if it crashes...
     Splitting the plot array to allow GP prediction of extended datasets, it may take a while...
     # 13 chunks of 90 times each
     Check the documentation if the code is taking too long or if it crashes...
     Splitting the plot array to allow GP prediction of extended datasets, it may take a while...
     # 13 chunks of 90 times each
     Check the documentation if the code is taking too long or if it crashes...
     Splitting the plot array to allow GP prediction of extended datasets, it may take a while...
     # 13 chunks of 90 times each
     Check the documentation if the code is taking too long or if it crashes...
     Splitting the plot array to allow GP prediction of extended datasets, it may take a while...
     # 13 chunks of 90 times each
     Check the documentation if the code is taking too long or if it crashes...
     Splitting the plot array to allow GP prediction of extended datasets, it may take a while...
     # 13 chunks of 90 times each
     Check the documentation if the code is taking too long or if it crashes...
     Splitting the plot array to allow GP prediction of extended datasets, it may take a while...
     # 21 chunks of 90 times each
     Check the documentation if the code is taking too long or if it crashes...
     Splitting the plot array to allow GP prediction of extended datasets, it may take a while...
     # 21 chunks of 90 times each
     Check the documentation if the code is taking too long or if it crashes...
     Splitting the plot array to allow GP prediction of extended datasets, it may take a while...
     # 21 chunks of 90 times each
     Check the documentation if the code is taking too long or if it crashes...
     Splitting the plot array to allow GP prediction of extended datasets, it may take a while...
     # 15 chunks of 90 times each
     Check the documentation if the code is taking too long or if it crashes...
     Splitting the plot array to allow GP prediction of extended datasets, it may take a while...
     # 15 chunks of 90 times each
     Check the documentation if the code is taking too long or if it crashes...
     Splitting the plot array to allow GP prediction of extended datasets, it may take a while...
     # 15 chunks of 90 times each
     Check the documentation if the code is taking too long or if it crashes...
     Splitting the plot array to allow GP prediction of extended datasets, it may take a while...
     # 5 chunks of 90 times each
     Check the documentation if the code is taking too long or if it crashes...
     Splitting the plot array to allow GP prediction of extended datasets, it may take a while...
     # 5 chunks of 90 times each
     Check the documentation if the code is taking too long or if it crashes...
     Splitting the plot array to allow GP prediction of extended datasets, it may take a while...
     # 5 chunks of 90 times each
     Check the documentation if the code is taking too long or if it crashes...
     Splitting the plot array to allow GP prediction of extended datasets, it may take a while...
     # 13 chunks of 90 times each
     Check the documentation if the code is taking too long or if it crashes...
     Splitting the plot array to allow GP prediction of extended datasets, it may take a while...
     # 13 chunks of 90 times each
     Check the documentation if the code is taking too long or if it crashes...
     Splitting the plot array to allow GP prediction of extended datasets, it may take a while...
     # 13 chunks of 90 times each
     Check the documentation if the code is taking too long or if it crashes...
     Splitting the plot array to allow GP prediction of extended datasets, it may take a while...
     # 13 chunks of 90 times each
     Check the documentation if the code is taking too long or if it crashes...
     Splitting the plot array to allow GP prediction of extended datasets, it may take a while...
     # 13 chunks of 90 times each
     Check the documentation if the code is taking too long or if it crashes...
     Splitting the plot array to allow GP prediction of extended datasets, it may take a while...
     # 13 chunks of 90 times each
     Check the documentation if the code is taking too long or if it crashes...
 Writing the plots 
 Writing the   data files 
 Writing the  MAP_ data files 
 Writing the  sampleMED_ data files 

****************************************************************************************************

