
:::---::: PyORBIT v11.0.1 :::---:::

Python version in use:
3.10.18 (main, Jun  5 2025, 13:14:17) [GCC 11.2.0]

reloaded_optimize:  False
reloaded_pyde:  False
reloaded_emcee:  False

number of multiprocessing threads: 16
multiprocessing method (should be fork):  fork

parameters/safe_reload flag (must be True for tinygp):  False

Opening:  RVdata_expres
Opening:  RVdata_harps
Opening:  RVdata_neid

Adding common model of planet:  b
Using orbital model:  keplerian
Using orbital parametrization:  Eastman2013


====================================================================================================
     Ids, spaces (s), boundaries (b) and priors (p) of the sampler parameters     
====================================================================================================

----- dataset:  RVdata_expres
jitter_0      id:   5  s:Linear      b:[      0.0010,      14.4000]   p:Uniform   []
offset_0      id:   6  s:Linear      b:[  -9996.1930,   10013.7390]   p:Uniform   []

----- dataset:  RVdata_harps
jitter_0      id:   7  s:Linear      b:[      0.0009,      12.4000]   p:Uniform   []
offset_0      id:   8  s:Linear      b:[  -9994.9455,   10014.6615]   p:Uniform   []
offset_1      id:   9  s:Linear      b:[  -9994.9455,   10014.6615]   p:Uniform   []

----- dataset:  RVdata_neid
jitter_0      id:  10  s:Linear      b:[      0.0010,      12.3000]   p:Uniform   []
offset_0      id:  11  s:Linear      b:[  -9994.3136,   10014.8014]   p:Uniform   []

----- common model:  b
P             id:   0  s:Log_Base2   b:[      0.3785,       6.6439]   p:Uniform   []
K             id:   1  s:Log_Base2   b:[     -9.9658,       3.3219]   p:Uniform   []
sre_coso      id:   2  s:Linear      b:[     -1.0000,       1.0000]   p:Uniform   []
sre_sino      id:   3  s:Linear      b:[     -1.0000,       1.0000]   p:Uniform   []
mean_long     id:   4  s:Linear      b:[      0.0000,     360.0000]   p:Uniform   []
e             derived (no id, space, bound)                           p:Gaussian   [0.    0.098]
omega         derived (no id, space, bound)                           p:Uniform   [0.0, 360.0]

----- common model:  star_parameters
mass          derived (no id, space, bound)                           p:Gaussian   [1.e+00 1.e-06]
radius        derived (no id, space, bound)                           p:Gaussian   [1.e+00 1.e-06]
density       derived (no id, space, bound)                           p:Gaussian   [1.e+00 1.e-06]

Include priors:  True

Reference Time Tref:  59334.700184

Dimensions =  12
Nwalkers =  48

Using threading pool for PyDE: True
PyDE running
Boundaries redefined after PyDE output
PyDE completed, it took          2.3 seconds

====================================================================================================
     Starting point of the sample/optimization routines    
====================================================================================================

----- dataset:  RVdata_expres
jitter_0         5      1.706177 [    0.0010,    14.4000]
offset_0         6      8.766729 [-9996.1930, 10013.7390]

----- dataset:  RVdata_harps
jitter_0         7      1.444381 [    0.0009,    12.4000]
offset_0         8      9.267735 [-9994.9455, 10014.6615]
offset_1         9     10.022326 [-9994.9455, 10014.6615]

----- dataset:  RVdata_neid
jitter_0        10      1.270651 [    0.0010,    12.3000]
offset_0        11      9.808285 [-9994.3136, 10014.8014]

----- common model:  b
P                0      3.843722 [    0.3785,     6.6439]
K                1      1.066363 [   -9.9658,     3.3219]
sre_coso         2     -0.351071 [   -1.0000,     1.0000]
sre_sino         3     -0.029141 [   -1.0000,     1.0000]
mean_long        4     60.005323 [ -119.9947,   240.0053]

----- common model:  star_parameters

====================================================================================================
     Starting point projected onto the model parameter space     
====================================================================================================

----- dataset:  RVdata_expres
jitter_0              1.706177 
offset_0              8.766729 


----- dataset:  RVdata_harps
jitter_0              1.444381 
offset_0              9.267735 
offset_1             10.022326 


----- dataset:  RVdata_neid
jitter_0              1.270651 
offset_0              9.808285 


----- common model:  b
P                    14.357399 
K                     2.094148 
mean_long            60.005323 
e                     0.124100 
omega              -175.255016 

----- common model:  star_parameters

====================================================================================================
     Derived parameters obtained from starting point     
====================================================================================================

----- common model:  b
Inclination fixed to 90 deg!
a_Rs                 24.848455 
M_Mj                  0.024845 
M_Me                  7.898016 
Tc                59336.464548 
a_AU_(M)              0.115608 
a_AU_(rho,R)          0.115607 


====================================================================================================
     Statistics on the log-likelihood     
====================================================================================================

 LN probability:  -642.768555 

====================================================================================================
     ------------------------------------------------------------------------------------------     
====================================================================================================



*************************************************************

Running emcee

emcee version:  3.1.6
Using threading pool for emcee: True

Saving temporary steps


Computing the autocorrelation time of the chains

The chains are more than 50 times longer than the ACF, the estimate can be trusted

Reference thinning used in the analysis: 150
Maximum value of the integrated ACF: 1
Step length used in the analysis: 1*nthin = 150

Convergence criteria: less than 1% variation in ACF after 50 times the integrated ACF
At least 50*ACF after convergence, 100*ACF would be ideal
Negative values: not converged yet

   sampler parameter              |    ACF   | ACF*nthin | converged at | nsteps/ACF | to 100*ACF
                                  |          |           |              |            | 
   RVdata_expres_jitter_0         |    1.32  |      197  |    11100     |      20    |   15844 
   RVdata_expres_offset_0         |    1.36  |      205  |    11400     |      18    |   16859 
   RVdata_harps_jitter_0          |    1.25  |      187  |    10650     |      23    |   14387 
   RVdata_harps_offset_0          |    1.30  |      195  |    10950     |      21    |   15458 
   RVdata_harps_offset_1          |    1.35  |      202  |    12000     |      15    |   17205 
   RVdata_neid_jitter_0           |    1.25  |      187  |    10500     |      24    |   14182 
   RVdata_neid_offset_0           |    1.39  |      209  |    11100     |      19    |   16967 
   b_P                            |    1.16  |      175  |    10650     |      25    |   13111 
   b_K                            |    1.26  |      189  |    10650     |      23    |   14504 
   b_sre_coso                     |    1.54  |      232  |    12600     |      10    |   20759 
   b_sre_sino                     |    1.27  |      190  |    10200     |      25    |   14210 
   b_mean_long                    |    1.24  |      186  |    10950     |      22    |   14573 

All the chains have converged, but PyORBIT should keep running for about:
5867 more steps to reach 50*ACF,
15672 more steps to reach 100*ACF
Suggested value for burnin: 11062

Check the documentation for the correct interpretation of these results:
https://pyorbit.readthedocs.io/running_pyorbit/terminal_output/#autocorrelation-analysis

====================================================================================================
     Statistics on the posterior of the sampler parameters     
====================================================================================================

----- dataset:  RVdata_expres
jitter_0         5          1.73        -0.11         0.13   (15-84 p)   [    0.0010,    14.4000]
offset_0         6          8.77        -0.17         0.17   (15-84 p)   [-9996.1930, 10013.7390]

----- dataset:  RVdata_harps
jitter_0         7         1.471       -0.092         0.11   (15-84 p)   [    0.0009,    12.4000]
offset_0         8          9.27        -0.15         0.16   (15-84 p)   [-9994.9455, 10014.6615]
offset_1         9         10.03        -0.29         0.28   (15-84 p)   [-9994.9455, 10014.6615]

----- dataset:  RVdata_neid
jitter_0        10         1.321       -0.100         0.11   (15-84 p)   [    0.0010,    12.3000]
offset_0        11          9.80        -0.14         0.14   (15-84 p)   [-9994.3136, 10014.8014]

----- common model:  b
P                0        3.8461      -0.0093       0.0099   (15-84 p)   [    0.3785,     6.6439]
K                1         1.050       -0.086        0.085   (15-84 p)   [   -9.9658,     3.3219]
sre_coso         2        -0.289       -0.087         0.14   (15-84 p)   [   -1.0000,     1.0000]
sre_sino         3         -0.01        -0.15         0.16   (15-84 p)   [   -1.0000,     1.0000]
mean_long        4          62.3         -8.9          9.7   (15-84 p)   [ -119.9947,   240.0053]

----- common model:  star_parameters

====================================================================================================
     Statistics on the model parameters obtained from the posteriors samples     
====================================================================================================

----- dataset:  RVdata_expres
jitter_0                  1.73        -0.11         0.13    (15-84 p)
offset_0                  8.77        -0.17         0.17    (15-84 p)


----- dataset:  RVdata_harps
jitter_0                 1.471       -0.092         0.11    (15-84 p)
offset_0                  9.27        -0.15         0.16    (15-84 p)
offset_1                 10.03        -0.29         0.28    (15-84 p)


----- dataset:  RVdata_neid
jitter_0                 1.321       -0.100         0.11    (15-84 p)
offset_0                  9.80        -0.14         0.14    (15-84 p)


----- common model:  b
P                       14.381       -0.092        0.099    (15-84 p)
K                         2.07        -0.12         0.13    (15-84 p)
mean_long                 62.3         -8.9          9.7    (15-84 p)
e                        0.106       -0.056        0.053    (15-84 p)
omega                     -103          -64          270    (15-84 p)

----- common model:  star_parameters

====================================================================================================
     Statistics on the derived parameters obtained from the posteriors samples     
====================================================================================================

----- common model:  b
Inclination fixed to 90 deg!
Computing planetary mass under the approximation M_planet << M_star (threshold at 30.0 Me)
a_Rs                     24.88        -0.11         0.11    (15-84 p)
M_Mj                    0.0246      -0.0014       0.0015    (15-84 p)
M_Me                      7.82        -0.44         0.46    (15-84 p)
Tc                    59336.23        -0.55         0.49    (15-84 p)
a_AU_(M)               0.11574     -0.00050      0.00053    (15-84 p)
a_AU_(rho,R)           0.11574     -0.00049      0.00053    (15-84 p)


====================================================================================================
     ------------------------------------------------------------------------------------------     
====================================================================================================



15000.0   steps completed, average lnprob:,  -649.1065737504371


Computing the autocorrelation time of the chains

The chains are more than 50 times longer than the ACF, the estimate can be trusted

Reference thinning used in the analysis: 150
Maximum value of the integrated ACF: 1
Step length used in the analysis: 1*nthin = 150

Convergence criteria: less than 1% variation in ACF after 50 times the integrated ACF
At least 50*ACF after convergence, 100*ACF would be ideal
Negative values: not converged yet

   sampler parameter              |    ACF   | ACF*nthin | converged at | nsteps/ACF | to 100*ACF
                                  |          |           |              |            | 
   RVdata_expres_jitter_0         |    1.45  |      217  |    11850     |      84    |    3542 
   RVdata_expres_offset_0         |    1.41  |      212  |    11700     |      87    |    2852 
   RVdata_harps_jitter_0          |    1.35  |      202  |    11550     |      91    |    1742 
   RVdata_harps_offset_0          |    1.25  |      187  |    10500     |     104    |       0 
   RVdata_harps_offset_1          |    1.34  |      201  |    11850     |      90    |    1944 
   RVdata_neid_jitter_0           |    1.41  |      212  |    11850     |      86    |    3007 
   RVdata_neid_offset_0           |    1.41  |      212  |    11400     |      88    |    2595 
   b_P                            |    1.34  |      200  |    11250     |      94    |    1291 
   b_K                            |    1.33  |      200  |    11100     |      95    |    1059 
   b_sre_coso                     |    1.62  |      244  |    13200     |      69    |    7566 
   b_sre_sino                     |    1.36  |      204  |    11700     |      90    |    2052 
   b_mean_long                    |    1.42  |      214  |    11700     |      86    |    3073 

All the chains are longer than 50*ACF, but some are shorter than 100*ACF
PyORBIT should keep running for about 2793 more steps to reach 100*ACF
Suggested value for burnin: 11638

Check the documentation for the correct interpretation of these results:
https://pyorbit.readthedocs.io/running_pyorbit/terminal_output/#autocorrelation-analysis

====================================================================================================
     Statistics on the posterior of the sampler parameters     
====================================================================================================

----- dataset:  RVdata_expres
jitter_0         5          1.73        -0.11         0.13   (15-84 p)   [    0.0010,    14.4000]
offset_0         6          8.77        -0.17         0.17   (15-84 p)   [-9996.1930, 10013.7390]

----- dataset:  RVdata_harps
jitter_0         7          1.48        -0.10         0.11   (15-84 p)   [    0.0009,    12.4000]
offset_0         8          9.26        -0.16         0.16   (15-84 p)   [-9994.9455, 10014.6615]
offset_1         9         10.03        -0.29         0.30   (15-84 p)   [-9994.9455, 10014.6615]

----- dataset:  RVdata_neid
jitter_0        10         1.318       -0.098         0.11   (15-84 p)   [    0.0010,    12.3000]
offset_0        11          9.80        -0.14         0.13   (15-84 p)   [-9994.3136, 10014.8014]

----- common model:  b
P                0        3.8461      -0.0089       0.0097   (15-84 p)   [    0.3785,     6.6439]
K                1         1.050       -0.088        0.086   (15-84 p)   [   -9.9658,     3.3219]
sre_coso         2        -0.289       -0.086         0.14   (15-84 p)   [   -1.0000,     1.0000]
sre_sino         3         -0.01        -0.15         0.15   (15-84 p)   [   -1.0000,     1.0000]
mean_long        4          62.3         -8.9          9.8   (15-84 p)   [ -119.9947,   240.0053]

----- common model:  star_parameters

====================================================================================================
     Statistics on the model parameters obtained from the posteriors samples     
====================================================================================================

----- dataset:  RVdata_expres
jitter_0                  1.73        -0.11         0.13    (15-84 p)
offset_0                  8.77        -0.17         0.17    (15-84 p)


----- dataset:  RVdata_harps
jitter_0                  1.48        -0.10         0.11    (15-84 p)
offset_0                  9.26        -0.16         0.16    (15-84 p)
offset_1                 10.03        -0.29         0.30    (15-84 p)


----- dataset:  RVdata_neid
jitter_0                 1.318       -0.098         0.11    (15-84 p)
offset_0                  9.80        -0.14         0.13    (15-84 p)


----- common model:  b
P                       14.381       -0.088        0.097    (15-84 p)
K                         2.07        -0.12         0.13    (15-84 p)
mean_long                 62.3         -8.9          9.8    (15-84 p)
e                        0.105       -0.058        0.052    (15-84 p)
omega                     -107          -62          274    (15-84 p)

----- common model:  star_parameters

====================================================================================================
     Statistics on the derived parameters obtained from the posteriors samples     
====================================================================================================

----- common model:  b
Inclination fixed to 90 deg!
Computing planetary mass under the approximation M_planet << M_star (threshold at 30.0 Me)
a_Rs                     24.88        -0.10         0.11    (15-84 p)
M_Mj                    0.0246      -0.0014       0.0015    (15-84 p)
M_Me                      7.82        -0.45         0.47    (15-84 p)
Tc                    59336.23        -0.57         0.52    (15-84 p)
a_AU_(M)               0.11574     -0.00047      0.00052    (15-84 p)
a_AU_(rho,R)           0.11573     -0.00047      0.00052    (15-84 p)


====================================================================================================
     ------------------------------------------------------------------------------------------     
====================================================================================================



30000.0   steps completed, average lnprob:,  -648.7969064135757


Computing the autocorrelation time of the chains

The chains are more than 50 times longer than the ACF, the estimate can be trusted

Reference thinning used in the analysis: 150
Maximum value of the integrated ACF: 1
Step length used in the analysis: 1*nthin = 150

Convergence criteria: less than 1% variation in ACF after 50 times the integrated ACF
At least 50*ACF after convergence, 100*ACF would be ideal
Negative values: not converged yet

   sampler parameter              |    ACF   | ACF*nthin | converged at | nsteps/ACF | to 100*ACF
                                  |          |           |              |            | 
   RVdata_expres_jitter_0         |    1.43  |      214  |    11850     |     155    |       0 
   RVdata_expres_offset_0         |    1.38  |      207  |    11550     |     161    |       0 
   RVdata_harps_jitter_0          |    1.34  |      201  |    11400     |     167    |       0 
   RVdata_harps_offset_0          |    1.32  |      199  |    11400     |     169    |       0 
   RVdata_harps_offset_1          |    1.39  |      209  |    12150     |     157    |       0 
   RVdata_neid_jitter_0           |    1.49  |      223  |    12900     |     144    |       0 
   RVdata_neid_offset_0           |    1.46  |      219  |    11850     |     151    |       0 
   b_P                            |    1.48  |      221  |    12150     |     148    |       0 
   b_K                            |    1.46  |      219  |    11850     |     151    |       0 
   b_sre_coso                     |    1.72  |      258  |    13500     |     122    |       0 
   b_sre_sino                     |    1.40  |      210  |    12300     |     156    |       0 
   b_mean_long                    |    1.56  |      234  |    13500     |     134    |       0 

All the chains are longer than 100*ACF 
Suggested value for burnin: 12200

Check the documentation for the correct interpretation of these results:
https://pyorbit.readthedocs.io/running_pyorbit/terminal_output/#autocorrelation-analysis

====================================================================================================
     Statistics on the posterior of the sampler parameters     
====================================================================================================

----- dataset:  RVdata_expres
jitter_0         5          1.73        -0.11         0.13   (15-84 p)   [    0.0010,    14.4000]
offset_0         6          8.77        -0.17         0.17   (15-84 p)   [-9996.1930, 10013.7390]

----- dataset:  RVdata_harps
jitter_0         7          1.48        -0.10         0.11   (15-84 p)   [    0.0009,    12.4000]
offset_0         8          9.27        -0.16         0.16   (15-84 p)   [-9994.9455, 10014.6615]
offset_1         9         10.02        -0.29         0.30   (15-84 p)   [-9994.9455, 10014.6615]

----- dataset:  RVdata_neid
jitter_0        10         1.319       -0.098         0.11   (15-84 p)   [    0.0010,    12.3000]
offset_0        11          9.80        -0.14         0.14   (15-84 p)   [-9994.3136, 10014.8014]

----- common model:  b
P                0        3.8464      -0.0090       0.0094   (15-84 p)   [    0.3785,     6.6439]
K                1         1.051       -0.090        0.084   (15-84 p)   [   -9.9658,     3.3219]
sre_coso         2        -0.289       -0.087         0.14   (15-84 p)   [   -1.0000,     1.0000]
sre_sino         3         -0.01        -0.15         0.15   (15-84 p)   [   -1.0000,     1.0000]
mean_long        4          62.5         -8.9          9.6   (15-84 p)   [ -119.9947,   240.0053]

----- common model:  star_parameters

====================================================================================================
     Statistics on the model parameters obtained from the posteriors samples     
====================================================================================================

----- dataset:  RVdata_expres
jitter_0                  1.73        -0.11         0.13    (15-84 p)
offset_0                  8.77        -0.17         0.17    (15-84 p)


----- dataset:  RVdata_harps
jitter_0                  1.48        -0.10         0.11    (15-84 p)
offset_0                  9.27        -0.16         0.16    (15-84 p)
offset_1                 10.02        -0.29         0.30    (15-84 p)


----- dataset:  RVdata_neid
jitter_0                 1.319       -0.098         0.11    (15-84 p)
offset_0                  9.80        -0.14         0.14    (15-84 p)


----- common model:  b
P                       14.384       -0.090        0.094    (15-84 p)
K                         2.07        -0.12         0.12    (15-84 p)
mean_long                 62.5         -8.9          9.6    (15-84 p)
e                        0.105       -0.057        0.053    (15-84 p)
omega                      -98          -70          265    (15-84 p)

----- common model:  star_parameters

====================================================================================================
     Statistics on the derived parameters obtained from the posteriors samples     
====================================================================================================

----- common model:  b
Inclination fixed to 90 deg!
Computing planetary mass under the approximation M_planet << M_star (threshold at 30.0 Me)
a_Rs                     24.88        -0.10         0.11    (15-84 p)
M_Mj                    0.0246      -0.0014       0.0014    (15-84 p)
M_Me                      7.83        -0.46         0.45    (15-84 p)
Tc                    59336.22        -0.56         0.51    (15-84 p)
a_AU_(M)               0.11575     -0.00048      0.00050    (15-84 p)
a_AU_(rho,R)           0.11575     -0.00048      0.00050    (15-84 p)


====================================================================================================
     ------------------------------------------------------------------------------------------     
====================================================================================================



45000.0   steps completed, average lnprob:,  -649.2370571773763


Computing the autocorrelation time of the chains

The chains are more than 50 times longer than the ACF, the estimate can be trusted

Reference thinning used in the analysis: 150
Maximum value of the integrated ACF: 1
Step length used in the analysis: 1*nthin = 150

Convergence criteria: less than 1% variation in ACF after 50 times the integrated ACF
At least 50*ACF after convergence, 100*ACF would be ideal
Negative values: not converged yet

   sampler parameter              |    ACF   | ACF*nthin | converged at | nsteps/ACF | to 100*ACF
                                  |          |           |              |            | 
   RVdata_expres_jitter_0         |    1.43  |      215  |    11850     |     224    |       0 
   RVdata_expres_offset_0         |    1.38  |      208  |    11550     |     233    |       0 
   RVdata_harps_jitter_0          |    1.39  |      209  |    11850     |     231    |       0 
   RVdata_harps_offset_0          |    1.33  |      200  |    11400     |     243    |       0 
   RVdata_harps_offset_1          |    1.36  |      204  |    12000     |     235    |       0 
   RVdata_neid_jitter_0           |    1.50  |      224  |    12900     |     210    |       0 
   RVdata_neid_offset_0           |    1.50  |      225  |    12000     |     214    |       0 
   b_P                            |    1.47  |      221  |    12150     |     217    |       0 
   b_K                            |    1.46  |      220  |    11850     |     219    |       0 
   b_sre_coso                     |    1.67  |      251  |    13350     |     186    |       0 
   b_sre_sino                     |    1.40  |      210  |    12300     |     227    |       0 
   b_mean_long                    |    1.55  |      232  |    13200     |     202    |       0 

All the chains are longer than 100*ACF 
Suggested value for burnin: 12200

Check the documentation for the correct interpretation of these results:
https://pyorbit.readthedocs.io/running_pyorbit/terminal_output/#autocorrelation-analysis

====================================================================================================
     Statistics on the posterior of the sampler parameters     
====================================================================================================

----- dataset:  RVdata_expres
jitter_0         5          1.73        -0.11         0.13   (15-84 p)   [    0.0010,    14.4000]
offset_0         6          8.77        -0.17         0.16   (15-84 p)   [-9996.1930, 10013.7390]

----- dataset:  RVdata_harps
jitter_0         7         1.475       -0.099         0.11   (15-84 p)   [    0.0009,    12.4000]
offset_0         8          9.27        -0.16         0.16   (15-84 p)   [-9994.9455, 10014.6615]
offset_1         9         10.02        -0.29         0.30   (15-84 p)   [-9994.9455, 10014.6615]

----- dataset:  RVdata_neid
jitter_0        10         1.320       -0.098         0.11   (15-84 p)   [    0.0010,    12.3000]
offset_0        11          9.80        -0.14         0.14   (15-84 p)   [-9994.3136, 10014.8014]

----- common model:  b
P                0        3.8464      -0.0089       0.0095   (15-84 p)   [    0.3785,     6.6439]
K                1         1.050       -0.089        0.084   (15-84 p)   [   -9.9658,     3.3219]
sre_coso         2        -0.288       -0.087         0.14   (15-84 p)   [   -1.0000,     1.0000]
sre_sino         3         -0.01        -0.15         0.15   (15-84 p)   [   -1.0000,     1.0000]
mean_long        4          62.5         -8.9          9.6   (15-84 p)   [ -119.9947,   240.0053]

----- common model:  star_parameters

====================================================================================================
     Statistics on the model parameters obtained from the posteriors samples     
====================================================================================================

----- dataset:  RVdata_expres
jitter_0                  1.73        -0.11         0.13    (15-84 p)
offset_0                  8.77        -0.17         0.16    (15-84 p)


----- dataset:  RVdata_harps
jitter_0                 1.475       -0.099         0.11    (15-84 p)
offset_0                  9.27        -0.16         0.16    (15-84 p)
offset_1                 10.02        -0.29         0.30    (15-84 p)


----- dataset:  RVdata_neid
jitter_0                 1.320       -0.098         0.11    (15-84 p)
offset_0                  9.80        -0.14         0.14    (15-84 p)


----- common model:  b
P                       14.384       -0.089        0.095    (15-84 p)
K                         2.07        -0.12         0.12    (15-84 p)
mean_long                 62.5         -8.9          9.6    (15-84 p)
e                        0.105       -0.057        0.053    (15-84 p)
omega                      -92          -76          259    (15-84 p)

----- common model:  star_parameters

====================================================================================================
     Statistics on the derived parameters obtained from the posteriors samples     
====================================================================================================

----- common model:  b
Inclination fixed to 90 deg!
Computing planetary mass under the approximation M_planet << M_star (threshold at 30.0 Me)
a_Rs                     24.88        -0.10         0.11    (15-84 p)
M_Mj                    0.0246      -0.0014       0.0014    (15-84 p)
M_Me                      7.82        -0.45         0.46    (15-84 p)
Tc                    59336.22        -0.55         0.50    (15-84 p)
a_AU_(M)               0.11575     -0.00048      0.00051    (15-84 p)
a_AU_(rho,R)           0.11575     -0.00048      0.00051    (15-84 p)


====================================================================================================
     ------------------------------------------------------------------------------------------     
====================================================================================================



60000.0   steps completed, average lnprob:,  -649.8151342086461


emcee completed


:::---::: PyORBIT v11.0.1 :::---:::

Python version in use:
3.10.18 (main, Jun  5 2025, 13:14:17) [GCC 11.2.0]
LaTeX disabled by default

Using orbital model:  keplerian
Using orbital parametrization:  Eastman2013


### PyORBIT version used in the analysis:  11.0.1

 emcee version:  3.1.6

 Reference Time Tref: 59334.700184

 Data points:319
 Dimensions: 12
 Nwalkers:   48
 Steps:      60000


Number of samplings: 14400

Recomputing ln-prior, it may take a while...

ln-probability   distribution:   -648.78       -2.93      2.15 (15-84 p) 
ln-prior         distribution:    -65.15       -0.72      0.45 (15-84 p) 
ln-likelihood    distribution:   -583.53       -2.97      2.32 (15-84 p) 


*** Information criteria using the likelihood distribution

 BIC from distribution  (using likelihood)  =   1236.25     -4.64    5.95 (15-84 p)
 AIC from distribution  (using likelihood)  =   1191.07     -4.64    5.95 (15-84 p)
 AICc from distribution (using likelihood)  =   1192.08     -4.64    5.95 (15-84 p)


*** Information criteria using the median parameter set

 ln_probability of Median solution =   -643.27
 ln_priors of Median solution      =    -64.93
 ln_likelihood of Median solution  =   -578.34

 Median BIC  (using likelihood) =   1225.85
 Median AIC  (using likelihood) =   1180.67
 Median AICc (using likelihood) =   1181.69


*** Information criteria using the MAP parameter set

 ln_probability of MAP solution =   -643.31
 ln_priors of MAP solution      =    -65.42
 ln_likelihood of MAP solution  =   -577.89

 MAP BIC  (using likelihood)    =   1224.96
 MAP AIC  (using likelihood)    =   1179.78
 MAP AICc (using likelihood)    =   1180.80

 AICc suggested over AIC because NDATA ( 319 ) < 40 * NDIM ( 12 )

****************************************************************************************************


Computing the autocorrelation time of the chains

The chains are more than 50 times longer than the ACF, the estimate can be trusted

Reference thinning used in the analysis: 150
Maximum value of the integrated ACF: 1
Step length used in the analysis: 1*nthin = 150

Convergence criteria: less than 1% variation in ACF after 50 times the integrated ACF
At least 50*ACF after convergence, 100*ACF would be ideal
Negative values: not converged yet

   sampler parameter              |    ACF   | ACF*nthin | converged at | nsteps/ACF | to 100*ACF
                                  |          |           |              |            | 
   RVdata_expres_jitter_0         |    1.43  |      215  |    11850     |     224    |       0 
   RVdata_expres_offset_0         |    1.38  |      208  |    11550     |     233    |       0 
   RVdata_harps_jitter_0          |    1.39  |      209  |    11850     |     231    |       0 
   RVdata_harps_offset_0          |    1.33  |      200  |    11400     |     243    |       0 
   RVdata_harps_offset_1          |    1.36  |      204  |    12000     |     235    |       0 
   RVdata_neid_jitter_0           |    1.50  |      224  |    12900     |     210    |       0 
   RVdata_neid_offset_0           |    1.50  |      225  |    12000     |     214    |       0 
   b_P                            |    1.47  |      221  |    12150     |     217    |       0 
   b_K                            |    1.46  |      220  |    11850     |     219    |       0 
   b_sre_coso                     |    1.67  |      251  |    13350     |     186    |       0 
   b_sre_sino                     |    1.40  |      210  |    12300     |     227    |       0 
   b_mean_long                    |    1.55  |      232  |    13200     |     202    |       0 

All the chains are longer than 100*ACF 
Suggested value for burnin: 12200

Check the documentation for the correct interpretation of these results:
https://pyorbit.readthedocs.io/running_pyorbit/terminal_output/#autocorrelation-analysis

 Plotting the ACF... 


====================================================================================================
     Ids, spaces (s), boundaries (b) and priors (p) of the sampler parameters     
====================================================================================================

----- dataset:  RVdata_expres
jitter_0      id:   5  s:Linear      b:[      0.0010,      14.4000]   p:Uniform   []
offset_0      id:   6  s:Linear      b:[  -9996.1930,   10013.7390]   p:Uniform   []

----- dataset:  RVdata_harps
jitter_0      id:   7  s:Linear      b:[      0.0009,      12.4000]   p:Uniform   []
offset_0      id:   8  s:Linear      b:[  -9994.9455,   10014.6615]   p:Uniform   []
offset_1      id:   9  s:Linear      b:[  -9994.9455,   10014.6615]   p:Uniform   []

----- dataset:  RVdata_neid
jitter_0      id:  10  s:Linear      b:[      0.0010,      12.3000]   p:Uniform   []
offset_0      id:  11  s:Linear      b:[  -9994.3136,   10014.8014]   p:Uniform   []

----- common model:  b
P             id:   0  s:Log_Base2   b:[      0.3785,       6.6439]   p:Uniform   []
K             id:   1  s:Log_Base2   b:[     -9.9658,       3.3219]   p:Uniform   []
sre_coso      id:   2  s:Linear      b:[     -1.0000,       1.0000]   p:Uniform   []
sre_sino      id:   3  s:Linear      b:[     -1.0000,       1.0000]   p:Uniform   []
mean_long     id:   4  s:Linear      b:[   -119.9947,     240.0053]   p:Uniform   []
e             derived (no id, space, bound)                           p:Gaussian   [0.    0.098]
omega         derived (no id, space, bound)                           p:Uniform   [0.0, 360.0]

----- common model:  star_parameters
mass          derived (no id, space, bound)                           p:Gaussian   [1.e+00 1.e-06]
radius        derived (no id, space, bound)                           p:Gaussian   [1.e+00 1.e-06]
density       derived (no id, space, bound)                           p:Gaussian   [1.e+00 1.e-06]


****************************************************************************************************
****************************************************************************************************

 Confidence intervals (median value, 34.135th percentile from the median on the left and right side)

====================================================================================================
     Statistics on the posterior of the sampler parameters     
====================================================================================================

----- dataset:  RVdata_expres
jitter_0         5          1.73        -0.11         0.13   (15-84 p)   [    0.0010,    14.4000]
offset_0         6          8.77        -0.17         0.16   (15-84 p)   [-9996.1930, 10013.7390]

----- dataset:  RVdata_harps
jitter_0         7         1.475       -0.099         0.11   (15-84 p)   [    0.0009,    12.4000]
offset_0         8          9.27        -0.16         0.16   (15-84 p)   [-9994.9455, 10014.6615]
offset_1         9         10.02        -0.29         0.30   (15-84 p)   [-9994.9455, 10014.6615]

----- dataset:  RVdata_neid
jitter_0        10         1.320       -0.098         0.11   (15-84 p)   [    0.0010,    12.3000]
offset_0        11          9.80        -0.14         0.14   (15-84 p)   [-9994.3136, 10014.8014]

----- common model:  b
P                0        3.8464      -0.0089       0.0095   (15-84 p)   [    0.3785,     6.6439]
K                1         1.050       -0.089        0.084   (15-84 p)   [   -9.9658,     3.3219]
sre_coso         2        -0.288       -0.087         0.14   (15-84 p)   [   -1.0000,     1.0000]
sre_sino         3         -0.01        -0.15         0.15   (15-84 p)   [   -1.0000,     1.0000]
mean_long        4          62.5         -8.9          9.6   (15-84 p)   [ -119.9947,   240.0053]

----- common model:  star_parameters

====================================================================================================
     Statistics on the model parameters obtained from the posteriors samples     
====================================================================================================

----- dataset:  RVdata_expres
jitter_0                  1.73        -0.11         0.13    (15-84 p)
offset_0                  8.77        -0.17         0.16    (15-84 p)


----- dataset:  RVdata_harps
jitter_0                 1.475       -0.099         0.11    (15-84 p)
offset_0                  9.27        -0.16         0.16    (15-84 p)
offset_1                 10.02        -0.29         0.30    (15-84 p)


----- dataset:  RVdata_neid
jitter_0                 1.320       -0.098         0.11    (15-84 p)
offset_0                  9.80        -0.14         0.14    (15-84 p)


----- common model:  b
P                       14.384       -0.089        0.095    (15-84 p)
K                         2.07        -0.12         0.12    (15-84 p)
mean_long                 62.5         -8.9          9.6    (15-84 p)
e                        0.105       -0.057        0.053    (15-84 p)
omega                     -178          -34           31    (15-84 p)

----- common model:  star_parameters

====================================================================================================
     Statistics on the derived parameters obtained from the posteriors samples     
====================================================================================================

----- common model:  b
Inclination fixed to 90 deg!
Computing planetary mass under the approximation M_planet << M_star (threshold at 30.0 Me)
a_Rs                     24.88        -0.10         0.11    (15-84 p)
M_Mj                    0.0246      -0.0014       0.0014    (15-84 p)
M_Me                      7.82        -0.45         0.46    (15-84 p)
Tc                    59336.22        -0.55         0.50    (15-84 p)
a_AU_(M)               0.11575     -0.00048      0.00051    (15-84 p)
a_AU_(rho,R)           0.11575     -0.00048      0.00051    (15-84 p)


====================================================================================================
     ------------------------------------------------------------------------------------------     
====================================================================================================



****************************************************************************************************

 Parameters corresponding to the Maximum a Posteriori probability ( -643.3113212611403 )

====================================================================================================
     Statistics on the posterior of the sampler parameters     
====================================================================================================

----- dataset:  RVdata_expres
jitter_0         5      1.727116 [    0.0010,    14.4000]
offset_0         6      8.742772 [-9996.1930, 10013.7390]

----- dataset:  RVdata_harps
jitter_0         7      1.404093 [    0.0009,    12.4000]
offset_0         8      9.287461 [-9994.9455, 10014.6615]
offset_1         9     10.046310 [-9994.9455, 10014.6615]

----- dataset:  RVdata_neid
jitter_0        10      1.218933 [    0.0010,    12.3000]
offset_0        11      9.805888 [-9994.3136, 10014.8014]

----- common model:  b
P                0      3.841508 [    0.3785,     6.6439]
K                1      1.057955 [   -9.9658,     3.3219]
sre_coso         2     -0.355413 [   -1.0000,     1.0000]
sre_sino         3     -0.036310 [   -1.0000,     1.0000]
mean_long        4     56.143892 [ -119.9947,   240.0053]

----- common model:  star_parameters

====================================================================================================
     Statistics on the model parameters obtained from the posteriors samples     
====================================================================================================

----- dataset:  RVdata_expres
jitter_0              1.727116 
offset_0              8.742772 


----- dataset:  RVdata_harps
jitter_0              1.404093 
offset_0              9.287461 
offset_1             10.046310 


----- dataset:  RVdata_neid
jitter_0              1.218933 
offset_0              9.805888 


----- common model:  b
P                    14.335379 
K                     2.081978 
mean_long            56.143892 
e                     0.127637 
omega              -174.166803 

----- common model:  star_parameters

====================================================================================================
     Statistics on the derived parameters obtained from the posteriors samples     
====================================================================================================

----- common model:  b
Inclination fixed to 90 deg!
a_Rs                 24.823062 
M_Mj                  0.024677 
M_Me                  7.844554 
Tc                59336.631855 
a_AU_(M)              0.115490 
a_AU_(rho,R)          0.115489 


====================================================================================================
     ------------------------------------------------------------------------------------------     
====================================================================================================



****************************************************************************************************

 Parameters corresponding to the sample closest to the median values ( -644.309775564057 )

====================================================================================================
     Statistics on the posterior of the sampler parameters     
====================================================================================================

----- dataset:  RVdata_expres
jitter_0         5      1.657436 [    0.0010,    14.4000]
offset_0         6      8.748154 [-9996.1930, 10013.7390]

----- dataset:  RVdata_harps
jitter_0         7      1.535974 [    0.0009,    12.4000]
offset_0         8      9.362704 [-9994.9455, 10014.6615]
offset_1         9      9.975435 [-9994.9455, 10014.6615]

----- dataset:  RVdata_neid
jitter_0        10      1.292424 [    0.0010,    12.3000]
offset_0        11      9.792013 [-9994.3136, 10014.8014]

----- common model:  b
P                0      3.843548 [    0.3785,     6.6439]
K                1      1.051528 [   -9.9658,     3.3219]
sre_coso         2     -0.289982 [   -1.0000,     1.0000]
sre_sino         3     -0.028852 [   -1.0000,     1.0000]
mean_long        4     63.308779 [ -119.9947,   240.0053]

----- common model:  star_parameters

====================================================================================================
     Statistics on the model parameters obtained from the posteriors samples     
====================================================================================================

----- dataset:  RVdata_expres
jitter_0              1.657436 
offset_0              8.748154 


----- dataset:  RVdata_harps
jitter_0              1.535974 
offset_0              9.362704 
offset_1              9.975435 


----- dataset:  RVdata_neid
jitter_0              1.292424 
offset_0              9.792013 


----- common model:  b
P                    14.355663 
K                     2.072724 
mean_long            63.308779 
e                     0.084922 
omega              -174.317954 

----- common model:  star_parameters

====================================================================================================
     Statistics on the derived parameters obtained from the posteriors samples     
====================================================================================================

----- common model:  b
Inclination fixed to 90 deg!
a_Rs                 24.846502 
M_Mj                  0.024692 
M_Me                  7.849346 
Tc                59336.152678 
a_AU_(M)              0.115599 
a_AU_(rho,R)          0.115598 


====================================================================================================
     ------------------------------------------------------------------------------------------     
====================================================================================================



****************************************************************************************************

Inclination fixed to 90 deg!
Note: stellar density derived from stellar mass and radius

Inclination fixed to 90 deg!
Inclination fixed to 90 deg!
 Plot FLAT chain 

****************************************************************************************************

Plotting full_correlation plot with pygtc

****************************************************************************************************

 Plotting the chains... 

****************************************************************************************************

 Plotting the Gelman-Rubin traces... 

     Gelman-Rubin:     5     1.001120 RVdata_expres_jitter_0 
     Gelman-Rubin:     6     1.000238 RVdata_expres_offset_0 
     Gelman-Rubin:     7     1.000640 RVdata_harps_jitter_0 
     Gelman-Rubin:     8     1.000445 RVdata_harps_offset_0 
     Gelman-Rubin:     9     1.000919 RVdata_harps_offset_1 
     Gelman-Rubin:    10     1.000119 RVdata_neid_jitter_0 
     Gelman-Rubin:    11     1.000294 RVdata_neid_offset_0 
     Gelman-Rubin:     0     0.999969 b_P 
     Gelman-Rubin:     1     1.000379 b_K 
     Gelman-Rubin:     2     1.000532 b_sre_coso 
     Gelman-Rubin:     3     1.001492 b_sre_sino 
     Gelman-Rubin:     4     0.999751 b_mean_long 

****************************************************************************************************

Plotting the common models corner plots
     Common model:  b
     Common model:  star_parameters

****************************************************************************************************

Plotting the dataset + models corner plots 

     Dataset:  RVdata_expres     model:  radial_velocities_b  corner plot  starting 
     Dataset:  RVdata_expres     model:  radial_velocities_b  corner plot  done 
     Dataset:  RVdata_harps     model:  radial_velocities_b  corner plot  starting 
     Dataset:  RVdata_harps     model:  radial_velocities_b  corner plot  done 
     Dataset:  RVdata_neid     model:  radial_velocities_b  corner plot  starting 
     Dataset:  RVdata_neid     model:  radial_velocities_b  corner plot  done 

****************************************************************************************************

 Saving the planet parameter samplings to files (with plots)

****************************************************************************************************

 Saving all the parameter samplings to files (with plots)

****************************************************************************************************

 Computing the models for plot/data writing 
 Writing the plots 
 Writing the   data files 
 Writing the  MAP_ data files 
 Writing the  sampleMED_ data files 

****************************************************************************************************

