
:::---::: PyORBIT v11.0.1 :::---:::

Python version in use:
3.10.18 (main, Jun  5 2025, 13:14:17) [GCC 11.2.0]

reloaded_optimize:  False
reloaded_pyde:  False
reloaded_emcee:  False

number of multiprocessing threads: 16
multiprocessing method (should be fork):  fork

parameters/safe_reload flag (must be True for tinygp):  False

Opening:  RVdata

Adding common model of planet:  b
Adding common model of planet:  c
Using orbital model:  keplerian
Using orbital parametrization:  Eastman2013

Using orbital model:  keplerian
Using orbital parametrization:  Eastman2013


====================================================================================================
     Ids, spaces (s), boundaries (b) and priors (p) of the sampler parameters     
====================================================================================================

----- dataset:  RVdata
jitter_0      id:  10  s:Linear      b:[      0.0009,      13.3000]   p:Uniform   []
offset_0      id:  11  s:Linear      b:[ -10006.2420,   10013.7830]   p:Uniform   []
offset_1      id:  12  s:Linear      b:[ -10006.2420,   10013.7830]   p:Uniform   []
offset_2      id:  13  s:Linear      b:[ -10006.2420,   10013.7830]   p:Uniform   []
offset_3      id:  14  s:Linear      b:[ -10006.2420,   10013.7830]   p:Uniform   []

----- common model:  b
P             id:   0  s:Log_Base2   b:[      0.3785,       6.6439]   p:Uniform   []
K             id:   1  s:Log_Base2   b:[     -9.9658,       3.3219]   p:Uniform   []
sre_coso      id:   2  s:Linear      b:[     -1.0000,       1.0000]   p:Uniform   []
sre_sino      id:   3  s:Linear      b:[     -1.0000,       1.0000]   p:Uniform   []
mean_long     id:   4  s:Linear      b:[      0.0000,     360.0000]   p:Uniform   []
e             derived (no id, space, bound)                           p:Gaussian   [0.    0.098]
omega         derived (no id, space, bound)                           p:Uniform   [0.0, 360.0]

----- common model:  c
P             id:   5  s:Log_Base2   b:[      0.3785,       6.6439]   p:Uniform   []
K             id:   6  s:Log_Base2   b:[     -9.9658,       3.3219]   p:Uniform   []
sre_coso      id:   7  s:Linear      b:[     -1.0000,       1.0000]   p:Uniform   []
sre_sino      id:   8  s:Linear      b:[     -1.0000,       1.0000]   p:Uniform   []
mean_long     id:   9  s:Linear      b:[      0.0000,     360.0000]   p:Uniform   []
e             derived (no id, space, bound)                           p:Gaussian   [0.    0.098]
omega         derived (no id, space, bound)                           p:Uniform   [0.0, 360.0]

----- common model:  star_parameters
mass          derived (no id, space, bound)                           p:Gaussian   [1.e+00 1.e-06]
radius        derived (no id, space, bound)                           p:Gaussian   [1.e+00 1.e-06]
density       derived (no id, space, bound)                           p:Gaussian   [1.e+00 1.e-06]

Include priors:  True

Reference Time Tref:  59334.700184

Dimensions =  15
Nwalkers =  60

Using threading pool for PyDE: True
PyDE running
Boundaries redefined after PyDE output
PyDE completed, it took          2.8 seconds

====================================================================================================
     Starting point of the sample/optimization routines    
====================================================================================================

----- dataset:  RVdata
jitter_0        10      1.657448 [    0.0009,    13.3000]
offset_0        11      1.641456 [-10006.2420, 10013.7830]
offset_1        12      3.643971 [-10006.2420, 10013.7830]
offset_2        13      2.800612 [-10006.2420, 10013.7830]
offset_3        14      2.720237 [-10006.2420, 10013.7830]

----- common model:  b
P                0      6.643844 [    0.3785,     6.6439]
K                1      2.634243 [   -9.9658,     3.3219]
sre_coso         2      0.345457 [   -1.0000,     1.0000]
sre_sino         3     -0.501862 [   -1.0000,     1.0000]
mean_long        4    325.542626 [  145.5426,   505.5426]

----- common model:  c
P                5      5.210306 [    0.3785,     6.6439]
K                6     -0.087236 [   -9.9658,     3.3219]
sre_coso         7     -0.059757 [   -1.0000,     1.0000]
sre_sino         8      0.029351 [   -1.0000,     1.0000]
mean_long        9     83.106358 [  -96.8936,   263.1064]

----- common model:  star_parameters

====================================================================================================
     Starting point projected onto the model parameter space     
====================================================================================================

----- dataset:  RVdata
jitter_0              1.657448 
offset_0              1.641456 
offset_1              3.643971 
offset_2              2.800612 
offset_3              2.720237 


----- common model:  b
P                    99.999148 
K                     6.208494 
mean_long           325.542626 
e                     0.371206 
omega               -55.458381 

----- common model:  c
P                    37.021861 
K                     0.941324 
mean_long            83.106358 
e                     0.004432 
omega               153.841279 

----- common model:  star_parameters

====================================================================================================
     Derived parameters obtained from starting point     
====================================================================================================

----- common model:  b
Inclination fixed to 90 deg!
a_Rs                 90.624771 
M_Mj                  0.131642 
M_Me                 41.848167 
Tc                59360.685424 
a_AU_(M)              0.421648 
a_AU_(rho,R)          0.421629 

----- common model:  c
Inclination fixed to 90 deg!
a_Rs                 46.725617 
M_Mj                  0.015433 
M_Me                  4.906157 
Tc                59335.455931 
a_AU_(M)              0.217391 
a_AU_(rho,R)          0.217390 


====================================================================================================
     Statistics on the log-likelihood     
====================================================================================================

 LN probability:  -700.261877 

====================================================================================================
     ------------------------------------------------------------------------------------------     
====================================================================================================



*************************************************************

Running emcee

emcee version:  3.1.6
Using threading pool for emcee: True


Computing the autocorrelation time of the chains

The chains are more than 50 times longer than the ACF, the estimate can be trusted

Reference thinning used in the analysis: 100
Maximum value of the integrated ACF: 3
Step length used in the analysis: 3*nthin = 300

Convergence criteria: less than 1% variation in ACF after 50 times the integrated ACF
At least 50*ACF after convergence, 100*ACF would be ideal
Negative values: not converged yet

   sampler parameter              |    ACF   | ACF*nthin | converged at | nsteps/ACF | to 100*ACF
                                  |          |           |              |            | 
   RVdata_jitter_0                |    2.69  |      269  |    15000     |     130    |       0 
   RVdata_offset_0                |    2.62  |      262  |    15000     |     134    |       0 
   RVdata_offset_1                |    2.88  |      288  |    15900     |     118    |       0 
   RVdata_offset_2                |    2.62  |      262  |    15600     |     131    |       0 
   RVdata_offset_3                |    2.67  |      267  |    15600     |     129    |       0 
   b_P                            |    3.44  |      344  |    18600     |      91    |    3009 
   b_K                            |    2.87  |      287  |    15900     |     119    |       0 
   b_sre_coso                     |    2.58  |      258  |    15000     |     136    |       0 
   b_sre_sino                     |    3.00  |      300  |    16200     |     113    |       0 
   b_mean_long                    |    2.57  |      257  |    15000     |     136    |       0 
   c_P                            |    3.17  |      317  |    19200     |      97    |     933 
   c_K                            |    2.82  |      282  |    15600     |     122    |       0 
   c_sre_coso                     |    2.76  |      276  |    15300     |     126    |       0 
   c_sre_sino                     |    2.86  |      286  |    16200     |     118    |       0 
   c_mean_long                    |    3.03  |      303  |    16500     |     111    |       0 

All the chains are longer than 50*ACF, but some are shorter than 100*ACF
PyORBIT should keep running for about 1971 more steps to reach 100*ACF
Suggested value for burnin: 16040

Check the documentation for the correct interpretation of these results:
https://pyorbit.readthedocs.io/running_pyorbit/terminal_output/#autocorrelation-analysis

====================================================================================================
     Statistics on the posterior of the sampler parameters     
====================================================================================================

----- dataset:  RVdata
jitter_0        10         1.692       -0.066        0.071   (15-84 p)   [    0.0009,    13.3000]
offset_0        11          1.59        -0.17         0.17   (15-84 p)   [-10006.2420, 10013.7830]
offset_1        12          3.62        -0.34         0.34   (15-84 p)   [-10006.2420, 10013.7830]
offset_2        13          2.76        -0.19         0.20   (15-84 p)   [-10006.2420, 10013.7830]
offset_3        14          2.68        -0.19         0.19   (15-84 p)   [-10006.2420, 10013.7830]

----- common model:  b
P                0        6.6377      -0.0094       0.0046   (15-84 p)   [    0.3785,     6.6439]
K                1         2.639       -0.063        0.063   (15-84 p)   [   -9.9658,     3.3219]
sre_coso         2         0.348       -0.045        0.043   (15-84 p)   [   -1.0000,     1.0000]
sre_sino         3        -0.514       -0.035        0.036   (15-84 p)   [   -1.0000,     1.0000]
mean_long        4         324.1         -2.3          2.2   (15-84 p)   [  145.5426,   505.5426]

----- common model:  c
P                5         5.224       -0.072        0.083   (15-84 p)   [    0.3785,     6.6439]
K                6         -0.14        -0.27         0.23   (15-84 p)   [   -9.9658,     3.3219]
sre_coso         7          0.00        -0.19         0.19   (15-84 p)   [   -1.0000,     1.0000]
sre_sino         8          0.02        -0.21         0.21   (15-84 p)   [   -1.0000,     1.0000]
mean_long        9            85          -22           24   (15-84 p)   [  -96.8936,   263.1064]

----- common model:  star_parameters

====================================================================================================
     Statistics on the model parameters obtained from the posteriors samples     
====================================================================================================

----- dataset:  RVdata
jitter_0                 1.692       -0.066        0.071    (15-84 p)
offset_0                  1.59        -0.17         0.17    (15-84 p)
offset_1                  3.62        -0.34         0.34    (15-84 p)
offset_2                  2.76        -0.19         0.20    (15-84 p)
offset_3                  2.68        -0.19         0.19    (15-84 p)


----- common model:  b
P                        99.57        -0.65         0.32    (15-84 p)
K                         6.23        -0.27         0.28    (15-84 p)
mean_long                324.1         -2.3          2.2    (15-84 p)
e                        0.386       -0.034        0.035    (15-84 p)
omega                    -55.9         -4.6          4.5    (15-84 p)

----- common model:  c
P                         37.4         -1.8          2.2    (15-84 p)
K                         0.91        -0.15         0.16    (15-84 p)
mean_long                   85          -22           24    (15-84 p)
e                        0.059       -0.041        0.067    (15-84 p)
omega                       14         -134          107    (15-84 p)

----- common model:  star_parameters

====================================================================================================
     Statistics on the derived parameters obtained from the posteriors samples     
====================================================================================================

----- common model:  b
Inclination fixed to 90 deg!
Computing exact mass of the planet (average approximate mass larger than 30.0 Me)
a_Rs                     90.37        -0.39         0.19    (15-84 p)
M_Mj                    0.1308      -0.0045       0.0046    (15-84 p)
M_Me                      41.6         -1.4          1.5    (15-84 p)
Tc                     59360.6         -1.8          1.8    (15-84 p)
a_AU_(M)               0.42045      -0.0018      0.00090    (15-84 p)
a_AU_(rho,R)           0.42043      -0.0018      0.00090    (15-84 p)

----- common model:  c
Inclination fixed to 90 deg!
Computing planetary mass under the approximation M_planet << M_star (threshold at 30.0 Me)
a_Rs                      47.0         -1.5          1.8    (15-84 p)
M_Mj                    0.0149      -0.0025       0.0025    (15-84 p)
M_Me                      4.73        -0.80         0.80    (15-84 p)
Tc                     59337.9         -2.3           34    (15-84 p)
a_AU_(M)                0.2187      -0.0071       0.0086    (15-84 p)
a_AU_(rho,R)            0.2187      -0.0071       0.0086    (15-84 p)


====================================================================================================
     ------------------------------------------------------------------------------------------     
====================================================================================================



emcee completed


:::---::: PyORBIT v11.0.1 :::---:::

Python version in use:
3.10.18 (main, Jun  5 2025, 13:14:17) [GCC 11.2.0]
LaTeX disabled by default

Using orbital model:  keplerian
Using orbital parametrization:  Eastman2013

Using orbital model:  keplerian
Using orbital parametrization:  Eastman2013


### PyORBIT version used in the analysis:  11.0.1

 emcee version:  3.1.6

 Reference Time Tref: 59334.700184

 Data points:320
 Dimensions: 15
 Nwalkers:   60
 Steps:      50000


Number of samplings: 18000

Recomputing ln-prior, it may take a while...

ln-probability   distribution:   -707.54       -3.11      2.40 (15-84 p) 
ln-prior         distribution:    -84.89       -1.56      1.38 (15-84 p) 
ln-likelihood    distribution:   -622.53       -3.14      2.40 (15-84 p) 


*** Information criteria using the likelihood distribution

 BIC from distribution  (using likelihood)  =   1331.59     -4.79    6.28 (15-84 p)
 AIC from distribution  (using likelihood)  =   1275.06     -4.79    6.28 (15-84 p)
 AICc from distribution (using likelihood)  =   1276.64     -4.79    6.28 (15-84 p)


*** Information criteria using the median parameter set

 ln_probability of Median solution =   -701.24
 ln_priors of Median solution      =    -84.45
 ln_likelihood of Median solution  =   -616.78

 Median BIC  (using likelihood) =   1320.09
 Median AIC  (using likelihood) =   1263.56
 Median AICc (using likelihood) =   1265.14


*** Information criteria using the MAP parameter set

 ln_probability of MAP solution =   -701.23
 ln_priors of MAP solution      =    -84.08
 ln_likelihood of MAP solution  =   -617.15

 MAP BIC  (using likelihood)    =   1320.83
 MAP AIC  (using likelihood)    =   1264.31
 MAP AICc (using likelihood)    =   1265.88

 AICc suggested over AIC because NDATA ( 320 ) < 40 * NDIM ( 15 )

****************************************************************************************************


Computing the autocorrelation time of the chains

The chains are more than 50 times longer than the ACF, the estimate can be trusted

Reference thinning used in the analysis: 100
Maximum value of the integrated ACF: 3
Step length used in the analysis: 3*nthin = 300

Convergence criteria: less than 1% variation in ACF after 50 times the integrated ACF
At least 50*ACF after convergence, 100*ACF would be ideal
Negative values: not converged yet

   sampler parameter              |    ACF   | ACF*nthin | converged at | nsteps/ACF | to 100*ACF
                                  |          |           |              |            | 
   RVdata_jitter_0                |    2.69  |      269  |    15000     |     130    |       0 
   RVdata_offset_0                |    2.62  |      262  |    15000     |     134    |       0 
   RVdata_offset_1                |    2.88  |      288  |    15900     |     118    |       0 
   RVdata_offset_2                |    2.62  |      262  |    15600     |     131    |       0 
   RVdata_offset_3                |    2.67  |      267  |    15600     |     129    |       0 
   b_P                            |    3.44  |      344  |    18600     |      91    |    3009 
   b_K                            |    2.87  |      287  |    15900     |     119    |       0 
   b_sre_coso                     |    2.58  |      258  |    15000     |     136    |       0 
   b_sre_sino                     |    3.00  |      300  |    16200     |     113    |       0 
   b_mean_long                    |    2.57  |      257  |    15000     |     136    |       0 
   c_P                            |    3.17  |      317  |    19200     |      97    |     933 
   c_K                            |    2.82  |      282  |    15600     |     122    |       0 
   c_sre_coso                     |    2.76  |      276  |    15300     |     126    |       0 
   c_sre_sino                     |    2.86  |      286  |    16200     |     118    |       0 
   c_mean_long                    |    3.03  |      303  |    16500     |     111    |       0 

All the chains are longer than 50*ACF, but some are shorter than 100*ACF
PyORBIT should keep running for about 1971 more steps to reach 100*ACF
Suggested value for burnin: 16040

Check the documentation for the correct interpretation of these results:
https://pyorbit.readthedocs.io/running_pyorbit/terminal_output/#autocorrelation-analysis

 Plotting the ACF... 


====================================================================================================
     Ids, spaces (s), boundaries (b) and priors (p) of the sampler parameters     
====================================================================================================

----- dataset:  RVdata
jitter_0      id:  10  s:Linear      b:[      0.0009,      13.3000]   p:Uniform   []
offset_0      id:  11  s:Linear      b:[ -10006.2420,   10013.7830]   p:Uniform   []
offset_1      id:  12  s:Linear      b:[ -10006.2420,   10013.7830]   p:Uniform   []
offset_2      id:  13  s:Linear      b:[ -10006.2420,   10013.7830]   p:Uniform   []
offset_3      id:  14  s:Linear      b:[ -10006.2420,   10013.7830]   p:Uniform   []

----- common model:  b
P             id:   0  s:Log_Base2   b:[      0.3785,       6.6439]   p:Uniform   []
K             id:   1  s:Log_Base2   b:[     -9.9658,       3.3219]   p:Uniform   []
sre_coso      id:   2  s:Linear      b:[     -1.0000,       1.0000]   p:Uniform   []
sre_sino      id:   3  s:Linear      b:[     -1.0000,       1.0000]   p:Uniform   []
mean_long     id:   4  s:Linear      b:[    145.5426,     505.5426]   p:Uniform   []
e             derived (no id, space, bound)                           p:Gaussian   [0.    0.098]
omega         derived (no id, space, bound)                           p:Uniform   [0.0, 360.0]

----- common model:  c
P             id:   5  s:Log_Base2   b:[      0.3785,       6.6439]   p:Uniform   []
K             id:   6  s:Log_Base2   b:[     -9.9658,       3.3219]   p:Uniform   []
sre_coso      id:   7  s:Linear      b:[     -1.0000,       1.0000]   p:Uniform   []
sre_sino      id:   8  s:Linear      b:[     -1.0000,       1.0000]   p:Uniform   []
mean_long     id:   9  s:Linear      b:[    -96.8936,     263.1064]   p:Uniform   []
e             derived (no id, space, bound)                           p:Gaussian   [0.    0.098]
omega         derived (no id, space, bound)                           p:Uniform   [0.0, 360.0]

----- common model:  star_parameters
mass          derived (no id, space, bound)                           p:Gaussian   [1.e+00 1.e-06]
radius        derived (no id, space, bound)                           p:Gaussian   [1.e+00 1.e-06]
density       derived (no id, space, bound)                           p:Gaussian   [1.e+00 1.e-06]


****************************************************************************************************
****************************************************************************************************

 Confidence intervals (median value, 34.135th percentile from the median on the left and right side)

====================================================================================================
     Statistics on the posterior of the sampler parameters     
====================================================================================================

----- dataset:  RVdata
jitter_0        10         1.692       -0.066        0.071   (15-84 p)   [    0.0009,    13.3000]
offset_0        11          1.59        -0.17         0.17   (15-84 p)   [-10006.2420, 10013.7830]
offset_1        12          3.62        -0.34         0.34   (15-84 p)   [-10006.2420, 10013.7830]
offset_2        13          2.76        -0.19         0.20   (15-84 p)   [-10006.2420, 10013.7830]
offset_3        14          2.68        -0.19         0.19   (15-84 p)   [-10006.2420, 10013.7830]

----- common model:  b
P                0        6.6377      -0.0094       0.0046   (15-84 p)   [    0.3785,     6.6439]
K                1         2.639       -0.063        0.063   (15-84 p)   [   -9.9658,     3.3219]
sre_coso         2         0.348       -0.045        0.043   (15-84 p)   [   -1.0000,     1.0000]
sre_sino         3        -0.514       -0.035        0.036   (15-84 p)   [   -1.0000,     1.0000]
mean_long        4         324.1         -2.3          2.2   (15-84 p)   [  145.5426,   505.5426]

----- common model:  c
P                5         5.224       -0.072        0.083   (15-84 p)   [    0.3785,     6.6439]
K                6         -0.14        -0.27         0.23   (15-84 p)   [   -9.9658,     3.3219]
sre_coso         7          0.00        -0.19         0.19   (15-84 p)   [   -1.0000,     1.0000]
sre_sino         8          0.02        -0.21         0.21   (15-84 p)   [   -1.0000,     1.0000]
mean_long        9            85          -22           24   (15-84 p)   [  -96.8936,   263.1064]

----- common model:  star_parameters

====================================================================================================
     Statistics on the model parameters obtained from the posteriors samples     
====================================================================================================

----- dataset:  RVdata
jitter_0                 1.692       -0.066        0.071    (15-84 p)
offset_0                  1.59        -0.17         0.17    (15-84 p)
offset_1                  3.62        -0.34         0.34    (15-84 p)
offset_2                  2.76        -0.19         0.20    (15-84 p)
offset_3                  2.68        -0.19         0.19    (15-84 p)


----- common model:  b
P                        99.57        -0.65         0.32    (15-84 p)
K                         6.23        -0.27         0.28    (15-84 p)
mean_long                324.1         -2.3          2.2    (15-84 p)
e                        0.386       -0.034        0.035    (15-84 p)
omega                    -55.9         -4.6          4.5    (15-84 p)

----- common model:  c
P                         37.4         -1.8          2.2    (15-84 p)
K                         0.91        -0.15         0.16    (15-84 p)
mean_long                   85          -22           24    (15-84 p)
e                        0.059       -0.041        0.067    (15-84 p)
omega                      122         -107          127    (15-84 p)

----- common model:  star_parameters

====================================================================================================
     Statistics on the derived parameters obtained from the posteriors samples     
====================================================================================================

----- common model:  b
Inclination fixed to 90 deg!
Computing exact mass of the planet (average approximate mass larger than 30.0 Me)
a_Rs                     90.37        -0.39         0.19    (15-84 p)
M_Mj                    0.1308      -0.0045       0.0046    (15-84 p)
M_Me                      41.6         -1.4          1.5    (15-84 p)
Tc                     59360.6         -1.8          1.8    (15-84 p)
a_AU_(M)               0.42045      -0.0018      0.00090    (15-84 p)
a_AU_(rho,R)           0.42043      -0.0018      0.00090    (15-84 p)

----- common model:  c
Inclination fixed to 90 deg!
Computing planetary mass under the approximation M_planet << M_star (threshold at 30.0 Me)
a_Rs                      47.0         -1.5          1.8    (15-84 p)
M_Mj                    0.0149      -0.0025       0.0025    (15-84 p)
M_Me                      4.73        -0.80         0.80    (15-84 p)
Tc                     59337.9         -2.3           34    (15-84 p)
a_AU_(M)                0.2187      -0.0071       0.0086    (15-84 p)
a_AU_(rho,R)            0.2187      -0.0071       0.0086    (15-84 p)


====================================================================================================
     ------------------------------------------------------------------------------------------     
====================================================================================================



****************************************************************************************************

 Parameters corresponding to the Maximum a Posteriori probability ( -701.2310315734197 )

====================================================================================================
     Statistics on the posterior of the sampler parameters     
====================================================================================================

----- dataset:  RVdata
jitter_0        10      1.640455 [    0.0009,    13.3000]
offset_0        11      1.518964 [-10006.2420, 10013.7830]
offset_1        12      3.642675 [-10006.2420, 10013.7830]
offset_2        13      2.873958 [-10006.2420, 10013.7830]
offset_3        14      2.634690 [-10006.2420, 10013.7830]

----- common model:  b
P                0      6.642484 [    0.3785,     6.6439]
K                1      2.631810 [   -9.9658,     3.3219]
sre_coso         2      0.329615 [   -1.0000,     1.0000]
sre_sino         3     -0.516137 [   -1.0000,     1.0000]
mean_long        4    324.546827 [  145.5426,   505.5426]

----- common model:  c
P                5      5.235066 [    0.3785,     6.6439]
K                6     -0.088652 [   -9.9658,     3.3219]
sre_coso         7     -0.095422 [   -1.0000,     1.0000]
sre_sino         8      0.111022 [   -1.0000,     1.0000]
mean_long        9     91.537112 [  -96.8936,   263.1064]

----- common model:  star_parameters

====================================================================================================
     Statistics on the model parameters obtained from the posteriors samples     
====================================================================================================

----- dataset:  RVdata
jitter_0              1.640455 
offset_0              1.518964 
offset_1              3.642675 
offset_2              2.873958 
offset_3              2.634690 


----- common model:  b
P                    99.904928 
K                     6.198031 
mean_long           324.546827 
e                     0.375044 
omega               -57.436946 

----- common model:  c
P                    37.662745 
K                     0.940401 
mean_long            91.537112 
e                     0.021431 
omega               130.678702 

----- common model:  star_parameters

====================================================================================================
     Statistics on the derived parameters obtained from the posteriors samples     
====================================================================================================

----- common model:  b
Inclination fixed to 90 deg!
a_Rs                 90.567873 
M_Mj                  0.131160 
M_Me                 41.695040 
Tc                59361.200500 
a_AU_(M)              0.421383 
a_AU_(rho,R)          0.421364 

----- common model:  c
Inclination fixed to 90 deg!
a_Rs                 47.263312 
M_Mj                  0.015503 
M_Me                  4.928371 
Tc                59334.704817 
a_AU_(M)              0.219893 
a_AU_(rho,R)          0.219891 


====================================================================================================
     ------------------------------------------------------------------------------------------     
====================================================================================================



****************************************************************************************************

 Parameters corresponding to the sample closest to the median values ( -702.3650248601749 )

====================================================================================================
     Statistics on the posterior of the sampler parameters     
====================================================================================================

----- dataset:  RVdata
jitter_0        10      1.692428 [    0.0009,    13.3000]
offset_0        11      1.701160 [-10006.2420, 10013.7830]
offset_1        12      3.479082 [-10006.2420, 10013.7830]
offset_2        13      2.689437 [-10006.2420, 10013.7830]
offset_3        14      2.682826 [-10006.2420, 10013.7830]

----- common model:  b
P                0      6.642608 [    0.3785,     6.6439]
K                1      2.639925 [   -9.9658,     3.3219]
sre_coso         2      0.320849 [   -1.0000,     1.0000]
sre_sino         3     -0.528725 [   -1.0000,     1.0000]
mean_long        4    323.511741 [  145.5426,   505.5426]

----- common model:  c
P                5      5.247908 [    0.3785,     6.6439]
K                6     -0.195464 [   -9.9658,     3.3219]
sre_coso         7      0.044033 [   -1.0000,     1.0000]
sre_sino         8      0.051955 [   -1.0000,     1.0000]
mean_long        9     79.919296 [  -96.8936,   263.1064]

----- common model:  star_parameters

====================================================================================================
     Statistics on the model parameters obtained from the posteriors samples     
====================================================================================================

----- dataset:  RVdata
jitter_0              1.692428 
offset_0              1.701160 
offset_1              3.479082 
offset_2              2.689437 
offset_3              2.682826 


----- common model:  b
P                    99.913534 
K                     6.232991 
mean_long           323.511741 
e                     0.382494 
omega               -58.749147 

----- common model:  c
P                    37.999499 
K                     0.873292 
mean_long            79.919296 
e                     0.004638 
omega                49.718077 

----- common model:  star_parameters

====================================================================================================
     Statistics on the derived parameters obtained from the posteriors samples     
====================================================================================================

----- common model:  b
Inclination fixed to 90 deg!
a_Rs                 90.572950 
M_Mj                  0.131470 
M_Me                 41.793517 
Tc                59361.541777 
a_AU_(M)              0.421407 
a_AU_(rho,R)          0.421389 

----- common model:  c
Inclination fixed to 90 deg!
a_Rs                 47.544650 
M_Mj                  0.014443 
M_Me                  4.591277 
Tc                59335.728067 
a_AU_(M)              0.221202 
a_AU_(rho,R)          0.221200 


====================================================================================================
     ------------------------------------------------------------------------------------------     
====================================================================================================



****************************************************************************************************

Inclination fixed to 90 deg!
Inclination fixed to 90 deg!
Note: stellar density derived from stellar mass and radius

Inclination fixed to 90 deg!
Inclination fixed to 90 deg!
Inclination fixed to 90 deg!
Inclination fixed to 90 deg!
 Plot FLAT chain 

****************************************************************************************************

Plotting full_correlation plot with pygtc

****************************************************************************************************

 Plotting the chains... 

****************************************************************************************************

 Plotting the Gelman-Rubin traces... 

     Gelman-Rubin:    10     1.001984 RVdata_jitter_0 
     Gelman-Rubin:    11     1.001751 RVdata_offset_0 
     Gelman-Rubin:    12     1.002083 RVdata_offset_1 
     Gelman-Rubin:    13     1.002531 RVdata_offset_2 
     Gelman-Rubin:    14     1.001223 RVdata_offset_3 
     Gelman-Rubin:     0     1.002445 b_P 
     Gelman-Rubin:     1     1.001517 b_K 
     Gelman-Rubin:     2     1.002061 b_sre_coso 
     Gelman-Rubin:     3     1.002833 b_sre_sino 
     Gelman-Rubin:     4     1.002222 b_mean_long 
     Gelman-Rubin:     5     1.002775 c_P 
     Gelman-Rubin:     6     1.002008 c_K 
     Gelman-Rubin:     7     1.001429 c_sre_coso 
     Gelman-Rubin:     8     1.001456 c_sre_sino 
     Gelman-Rubin:     9     1.002413 c_mean_long 

****************************************************************************************************

Plotting the common models corner plots
     Common model:  b
     Common model:  c
     Common model:  star_parameters

****************************************************************************************************

Plotting the dataset + models corner plots 

     Dataset:  RVdata     model:  radial_velocities_b  corner plot  starting 
     Dataset:  RVdata     model:  radial_velocities_b  corner plot  done 
     Dataset:  RVdata     model:  radial_velocities_c  corner plot  starting 
     Dataset:  RVdata     model:  radial_velocities_c  corner plot  done 

****************************************************************************************************

 Saving the planet parameter samplings to files (with plots)

****************************************************************************************************

 Saving all the parameter samplings to files (with plots)

****************************************************************************************************

 Computing the models for plot/data writing 
 Writing the plots 
 Writing the   data files 
 Writing the  MAP_ data files 
 Writing the  sampleMED_ data files 

****************************************************************************************************

