
:::---::: PyORBIT v11.0.1 :::---:::

Python version in use:
3.10.18 (main, Jun  5 2025, 13:14:17) [GCC 11.2.0]

Internal reformatting for Nested Sampling compatibility of priors
    planet b - parametrization changed from Eastman2013 to Standard
    planet c - parametrization changed from Eastman2013 to Standard
    planet d - parametrization changed from Eastman2013 to Standard

Opening:  RVdata_expres
Opening:  RVdata_harps
Opening:  RVdata_neid
Opening:  FIESTAdata_expres_mode1
Opening:  FIESTAdata_expres_mode2
Opening:  FIESTAdata_harps_mode1
Opening:  FIESTAdata_harps_mode2
Opening:  FIESTAdata_harpsn_mode1
Opening:  FIESTAdata_harpsn_mode2
Opening:  FIESTAdata_neid_mode1
Opening:  FIESTAdata_neid_mode2

Adding common model of planet:  b
Adding common model of planet:  c
Adding common model of planet:  d
Using orbital model:  keplerian
Using orbital parametrization:  Standard

Using orbital model:  keplerian
Using orbital parametrization:  Standard

Using orbital model:  keplerian
Using orbital parametrization:  Standard

gp_multidimensional  S+LEAF model, number of harmonics: 4

GP model: gp_multidimensional  hyperparameters_condition:    True
GP model: gp_multidimensional  rotation_decay_condition:     True

====================================================================================================
     Ids, spaces (s), boundaries (b) and priors (p) of the sampler parameters     
====================================================================================================

----- dataset:  RVdata_expres
jitter_0      id:  18  s:Linear      b:[      0.0010,      13.2000]   p:Uniform   []
offset_0      id:  19  s:Linear      b:[  -9995.2560,   10011.7850]   p:Uniform   []

----- dataset: RVdata_expres             ----- model: gp_multidimensional           
rot_amp       id:  20  s:Linear      b:[      0.0000,      10.0000]   p:Uniform   []
con_amp       id:  21  s:Linear      b:[    -20.0000,      20.0000]   p:Uniform   []

----- dataset:  RVdata_harps
jitter_0      id:  22  s:Linear      b:[      0.0009,      12.4000]   p:Uniform   []
offset_0      id:  23  s:Linear      b:[  -9994.3075,   10013.5087]   p:Uniform   []
offset_1      id:  24  s:Linear      b:[  -9994.3075,   10013.5087]   p:Uniform   []

----- dataset: RVdata_harps              ----- model: gp_multidimensional           
rot_amp       id:  25  s:Linear      b:[      0.0000,      10.0000]   p:Uniform   []
con_amp       id:  26  s:Linear      b:[    -20.0000,      20.0000]   p:Uniform   []

----- dataset:  RVdata_neid
jitter_0      id:  27  s:Linear      b:[      0.0010,      12.3000]   p:Uniform   []
offset_0      id:  28  s:Linear      b:[  -9994.4136,   10013.1384]   p:Uniform   []

----- dataset: RVdata_neid               ----- model: gp_multidimensional           
rot_amp       id:  29  s:Linear      b:[      0.0000,      10.0000]   p:Uniform   []
con_amp       id:  30  s:Linear      b:[    -20.0000,      20.0000]   p:Uniform   []

----- dataset:  FIESTAdata_expres_mode1
jitter_0      id:  31  s:Linear      b:[      0.0017,      25.0503]   p:Uniform   []
offset_0      id:  32  s:Linear      b:[ -10002.1097,   10002.2693]   p:Uniform   []

----- dataset: FIESTAdata_expres_mode1   ----- model: gp_multidimensional           
rot_amp       id:  33  s:Linear      b:[    -10.0000,      10.0000]   p:Uniform   []
con_amp       id:  34  s:Linear      b:[    -20.0000,      20.0000]   p:Uniform   []

----- dataset:  FIESTAdata_expres_mode2
jitter_0      id:  35  s:Linear      b:[      0.0019,      28.7598]   p:Uniform   []
offset_0      id:  36  s:Linear      b:[ -10003.4482,   10002.9389]   p:Uniform   []

----- dataset: FIESTAdata_expres_mode2   ----- model: gp_multidimensional           
rot_amp       id:  37  s:Linear      b:[    -10.0000,      10.0000]   p:Uniform   []
con_amp       id:  38  s:Linear      b:[    -20.0000,      20.0000]   p:Uniform   []

----- dataset:  FIESTAdata_harps_mode1
jitter_0      id:  39  s:Linear      b:[      0.0013,      14.0662]   p:Uniform   []
offset_0      id:  40  s:Linear      b:[ -10001.8133,   10002.5041]   p:Uniform   []

----- dataset: FIESTAdata_harps_mode1    ----- model: gp_multidimensional           
rot_amp       id:  41  s:Linear      b:[    -10.0000,      10.0000]   p:Uniform   []
con_amp       id:  42  s:Linear      b:[    -20.0000,      20.0000]   p:Uniform   []

----- dataset:  FIESTAdata_harps_mode2
jitter_0      id:  43  s:Linear      b:[      0.0016,      16.6180]   p:Uniform   []
offset_0      id:  44  s:Linear      b:[ -10003.5565,   10001.9037]   p:Uniform   []

----- dataset: FIESTAdata_harps_mode2    ----- model: gp_multidimensional           
rot_amp       id:  45  s:Linear      b:[    -10.0000,      10.0000]   p:Uniform   []
con_amp       id:  46  s:Linear      b:[    -20.0000,      20.0000]   p:Uniform   []

----- dataset:  FIESTAdata_harpsn_mode1
jitter_0      id:  47  s:Linear      b:[      0.0010,      12.1214]   p:Uniform   []
offset_0      id:  48  s:Linear      b:[ -10002.8709,   10003.2575]   p:Uniform   []

----- dataset: FIESTAdata_harpsn_mode1   ----- model: gp_multidimensional           
rot_amp       id:  49  s:Linear      b:[    -10.0000,      10.0000]   p:Uniform   []
con_amp       id:  50  s:Linear      b:[    -20.0000,      20.0000]   p:Uniform   []

----- dataset:  FIESTAdata_harpsn_mode2
jitter_0      id:  51  s:Linear      b:[      0.0011,      14.0279]   p:Uniform   []
offset_0      id:  52  s:Linear      b:[ -10004.2807,   10004.3031]   p:Uniform   []

----- dataset: FIESTAdata_harpsn_mode2   ----- model: gp_multidimensional           
rot_amp       id:  53  s:Linear      b:[    -10.0000,      10.0000]   p:Uniform   []
con_amp       id:  54  s:Linear      b:[    -20.0000,      20.0000]   p:Uniform   []

----- dataset:  FIESTAdata_neid_mode1
jitter_0      id:  55  s:Linear      b:[      0.0016,      19.1721]   p:Uniform   []
offset_0      id:  56  s:Linear      b:[ -10002.5191,   10002.0921]   p:Uniform   []

----- dataset: FIESTAdata_neid_mode1     ----- model: gp_multidimensional           
rot_amp       id:  57  s:Linear      b:[    -10.0000,      10.0000]   p:Uniform   []
con_amp       id:  58  s:Linear      b:[    -20.0000,      20.0000]   p:Uniform   []

----- dataset:  FIESTAdata_neid_mode2
jitter_0      id:  59  s:Linear      b:[      0.0020,      23.1467]   p:Uniform   []
offset_0      id:  60  s:Linear      b:[ -10002.4052,   10004.2542]   p:Uniform   []

----- dataset: FIESTAdata_neid_mode2     ----- model: gp_multidimensional           
rot_amp       id:  61  s:Linear      b:[    -10.0000,      10.0000]   p:Uniform   []
con_amp       id:  62  s:Linear      b:[    -20.0000,      20.0000]   p:Uniform   []

----- common model:  b
P             id:   0  s:Log_Base2   b:[      0.1375,       6.6439]   p:Uniform   []
K             id:   1  s:Log_Base2   b:[     -9.9658,       3.3219]   p:Uniform   []
e             id:   2  s:Linear      b:[      0.0000,       0.7000]   p:Gaussian   [0.    0.098]
omega         id:   3  s:Linear      b:[      0.0000,     360.0000]   p:Uniform   []
mean_long     id:   4  s:Linear      b:[      0.0000,     360.0000]   p:Uniform   []

----- common model:  c
P             id:   5  s:Log_Base2   b:[      0.1375,       6.6439]   p:Uniform   []
K             id:   6  s:Log_Base2   b:[     -9.9658,       3.3219]   p:Uniform   []
e             id:   7  s:Linear      b:[      0.0000,       0.7000]   p:Gaussian   [0.    0.098]
omega         id:   8  s:Linear      b:[      0.0000,     360.0000]   p:Uniform   []
mean_long     id:   9  s:Linear      b:[      0.0000,     360.0000]   p:Uniform   []

----- common model:  d
P             id:  10  s:Log_Base2   b:[      0.1375,       6.6439]   p:Uniform   []
K             id:  11  s:Log_Base2   b:[     -9.9658,       3.3219]   p:Uniform   []
e             id:  12  s:Linear      b:[      0.0000,       0.7000]   p:Gaussian   [0.    0.098]
omega         id:  13  s:Linear      b:[      0.0000,     360.0000]   p:Uniform   []
mean_long     id:  14  s:Linear      b:[      0.0000,     360.0000]   p:Uniform   []

----- common model:  activity
Prot          id:  15  s:Linear      b:[     22.0000,      32.0000]   p:Gaussian   [27.  2.]
Pdec          id:  16  s:Linear      b:[     10.0000,     300.0000]   p:Uniform   []
Oamp          id:  17  s:Log_Base2   b:[     -6.6439,       0.0000]   p:Gaussian   [0.35  0.035]

----- common model:  star_parameters
mass          derived (no id, space, bound)                           p:Gaussian   [1.e+00 1.e-06]
radius        derived (no id, space, bound)                           p:Gaussian   [1.e+00 1.e-06]
density       derived (no id, space, bound)                           p:Gaussian   [1.e+00 1.e-06]

Number of live points: 2000

number of multiprocessing threads: 16

Reference Time Tref:  59334.700184

*************************************************************

Using threading pool for dynesty: True
Setting up the Dynamic Nested Sampling, number of live points =   2000
                                        posterior/evidence split = 0.000
                                        initial stopping criterion = 0.0100
                                        bound =  multi
                                        sample =  rwalk

Running Dynamic Nested Sampling


Getting the results

Summary
=======
niter: 538310
ncall: 44664225
eff(%):  1.205
logz: -1821.291 +/-  0.358


:::---::: PyORBIT v11.0.1 :::---:::

Python version in use:
3.10.18 (main, Jun  5 2025, 13:14:17) [GCC 11.2.0]
LaTeX disabled by default

Using orbital model:  keplerian
Using orbital parametrization:  Standard

Using orbital model:  keplerian
Using orbital parametrization:  Standard

Using orbital model:  keplerian
Using orbital parametrization:  Standard

gp_multidimensional  S+LEAF model, number of harmonics: 4

GP model: gp_multidimensional  hyperparameters_condition:    True
GP model: gp_multidimensional  rotation_decay_condition:     True

### PyORBIT version used in the analysis:  11.0.1
Posteriors analysis from dynesty run with posterior/evidence split = 0.000

Summary - 
=======
niter: 538310
ncall: 44664225
eff(%):  1.205
logz: -1821.291 +/-  0.358

Computation of statistical+sampling errors skipped - workaround after dynesty>1.2 update

Plot a summary of the run.
Plot traces and 1-D marginalized posteriors.
Plot the 2-D marginalized posteriors.

Weighted mean and convariance from original samplings
  RVdata_expres_jitter_0         1.729258 +-        0.011319
  RVdata_expres_offset_0        11.235649 +-       12.197013
  RVdata_expres_gp_multidimensional_rot_amp         2.130858 +-        1.513772
  RVdata_expres_gp_multidimensional_con_amp         1.822923 +-        5.242925
  RVdata_harps_jitter_0         1.363832 +-        0.008562
  RVdata_harps_offset_0        12.781092 +-       19.008556
  RVdata_harps_offset_1        13.775482 +-       19.464467
  RVdata_harps_gp_multidimensional_rot_amp         1.868683 +-        1.686601
  RVdata_harps_gp_multidimensional_con_amp         2.392559 +-        7.791294
  RVdata_neid_jitter_0         1.216422 +-        0.006196
  RVdata_neid_offset_0         7.733176 +-       14.017139
  RVdata_neid_gp_multidimensional_rot_amp         6.215289 +-        2.843726
  RVdata_neid_gp_multidimensional_con_amp        -1.033999 +-        5.794201
  FIESTAdata_expres_mode1_jitter_0         0.784947 +-        0.001783
  FIESTAdata_expres_mode1_offset_0        11.352802 +-        4.544937
  FIESTAdata_expres_mode1_gp_multidimensional_rot_amp         0.397712 +-        5.609683
  FIESTAdata_expres_mode1_gp_multidimensional_con_amp         7.340554 +-        1.890107
  FIESTAdata_expres_mode2_jitter_0         1.195731 +-        0.002851
  FIESTAdata_expres_mode2_offset_0       -11.938562 +-        5.771058
  FIESTAdata_expres_mode2_gp_multidimensional_rot_amp        -1.301235 +-        8.089083
  FIESTAdata_expres_mode2_gp_multidimensional_con_amp        -7.726342 +-        2.368203
  FIESTAdata_harps_mode1_jitter_0         0.990766 +-        0.010667
  FIESTAdata_harps_mode1_offset_0       -19.448351 +-       16.688134
  FIESTAdata_harps_mode1_gp_multidimensional_rot_amp         0.767241 +-        9.942382
  FIESTAdata_harps_mode1_gp_multidimensional_con_amp       -12.268476 +-        6.581156
  FIESTAdata_harps_mode2_jitter_0         1.292437 +-        0.010982
  FIESTAdata_harps_mode2_offset_0        15.869593 +-       25.408927
  FIESTAdata_harps_mode2_gp_multidimensional_rot_amp         3.481774 +-        7.750653
  FIESTAdata_harps_mode2_gp_multidimensional_con_amp         9.993431 +-       10.183028
  FIESTAdata_harpsn_mode1_jitter_0         1.416373 +-        0.007604
  FIESTAdata_harpsn_mode1_offset_0        12.616311 +-       11.664374
  FIESTAdata_harpsn_mode1_gp_multidimensional_rot_amp        -0.327133 +-       11.052120
  FIESTAdata_harpsn_mode1_gp_multidimensional_con_amp         8.137470 +-        5.061869
  FIESTAdata_harpsn_mode2_jitter_0         1.797445 +-        0.009467
  FIESTAdata_harpsn_mode2_offset_0       -13.728915 +-       15.871467
  FIESTAdata_harpsn_mode2_gp_multidimensional_rot_amp         1.128528 +-       10.049418
  FIESTAdata_harpsn_mode2_gp_multidimensional_con_amp        -8.853491 +-        6.727944
  FIESTAdata_neid_mode1_jitter_0         0.797771 +-        0.002093
  FIESTAdata_neid_mode1_offset_0         9.570607 +-        5.867880
  FIESTAdata_neid_mode1_gp_multidimensional_rot_amp        -2.077761 +-        8.620780
  FIESTAdata_neid_mode1_gp_multidimensional_con_amp         6.177539 +-        2.418829
  FIESTAdata_neid_mode2_jitter_0         1.121982 +-        0.005044
  FIESTAdata_neid_mode2_offset_0       -14.903783 +-       11.400797
  FIESTAdata_neid_mode2_gp_multidimensional_rot_amp         1.899304 +-       15.940468
  FIESTAdata_neid_mode2_gp_multidimensional_con_amp        -9.573341 +-        4.542600
  b_P         4.099374 +-        0.171525
  b_K        -1.295034 +-        2.889597
  b_e         0.070552 +-        0.001719
  b_omega       255.301597 +-     3934.766474
  b_mean_long       315.961646 +-     2983.358929
  c_P         2.088425 +-        1.663779
  c_K        -4.719690 +-        6.190142
  c_e         0.045986 +-        0.001009
  c_omega       244.626556 +-     4839.858195
  c_mean_long       242.087355 +-     5331.545343
  d_P         3.615368 +-        0.120339
  d_K        -1.207832 +-        2.519868
  d_e         0.043482 +-        0.000771
  d_omega       175.616448 +-     4614.861274
  d_mean_long       178.673731 +-     1672.775119
  activity_Prot        28.676430 +-        0.116881
  activity_Pdec       138.262558 +-      890.570577
  activity_Oamp        -1.387701 +-        0.008965

From now on, all results are from weighted samples

 Reference Time Tref: 59334.700184

 Data points:968
 Dimensions: 63
 Samples:    538310

Number of samplings: 538310

ln-probability   distribution:  -1576.30       -6.51     10.10 (15-84 p) 
ln-prior         distribution:      0.00        0.00      0.00 (15-84 p) 
ln-likelihood    distribution:  -1576.30       -6.51     10.10 (15-84 p) 


*** Information criteria using the likelihood distribution

 BIC from distribution  (using likelihood)  =   3585.75    -20.19   13.03 (15-84 p)
 AIC from distribution  (using likelihood)  =   3278.61    -20.19   13.03 (15-84 p)
 AICc from distribution (using likelihood)  =   3287.53    -20.19   13.03 (15-84 p)


*** Information criteria using the median parameter set

 ln_probability of Median solution =  -1564.00
 ln_priors of Median solution      =      0.00
 ln_likelihood of Median solution  =  -1564.00

 Median BIC  (using likelihood) =   3561.14
 Median AIC  (using likelihood) =   3254.00
 Median AICc (using likelihood) =   3262.92


*** Information criteria using the MAP parameter set

 ln_probability of MAP solution =  -1856.47
 ln_priors of MAP solution      =   -278.76
 ln_likelihood of MAP solution  =  -1577.72

 MAP BIC  (using likelihood)    =   3588.58
 MAP AIC  (using likelihood)    =   3281.44
 MAP AICc (using likelihood)    =   3290.36

 AICc suggested over AIC because NDATA ( 968 ) < 40 * NDIM ( 63 )

****************************************************************************************************


====================================================================================================
     Ids, spaces (s), boundaries (b) and priors (p) of the sampler parameters     
====================================================================================================

----- dataset:  RVdata_expres
jitter_0      id:  18  s:Linear      b:[      0.0010,      13.2000]   p:Uniform   []
offset_0      id:  19  s:Linear      b:[  -9995.2560,   10011.7850]   p:Uniform   []

----- dataset: RVdata_expres             ----- model: gp_multidimensional           
rot_amp       id:  20  s:Linear      b:[      0.0000,      10.0000]   p:Uniform   []
con_amp       id:  21  s:Linear      b:[    -20.0000,      20.0000]   p:Uniform   []

----- dataset:  RVdata_harps
jitter_0      id:  22  s:Linear      b:[      0.0009,      12.4000]   p:Uniform   []
offset_0      id:  23  s:Linear      b:[  -9994.3075,   10013.5087]   p:Uniform   []
offset_1      id:  24  s:Linear      b:[  -9994.3075,   10013.5087]   p:Uniform   []

----- dataset: RVdata_harps              ----- model: gp_multidimensional           
rot_amp       id:  25  s:Linear      b:[      0.0000,      10.0000]   p:Uniform   []
con_amp       id:  26  s:Linear      b:[    -20.0000,      20.0000]   p:Uniform   []

----- dataset:  RVdata_neid
jitter_0      id:  27  s:Linear      b:[      0.0010,      12.3000]   p:Uniform   []
offset_0      id:  28  s:Linear      b:[  -9994.4136,   10013.1384]   p:Uniform   []

----- dataset: RVdata_neid               ----- model: gp_multidimensional           
rot_amp       id:  29  s:Linear      b:[      0.0000,      10.0000]   p:Uniform   []
con_amp       id:  30  s:Linear      b:[    -20.0000,      20.0000]   p:Uniform   []

----- dataset:  FIESTAdata_expres_mode1
jitter_0      id:  31  s:Linear      b:[      0.0017,      25.0503]   p:Uniform   []
offset_0      id:  32  s:Linear      b:[ -10002.1097,   10002.2693]   p:Uniform   []

----- dataset: FIESTAdata_expres_mode1   ----- model: gp_multidimensional           
rot_amp       id:  33  s:Linear      b:[    -10.0000,      10.0000]   p:Uniform   []
con_amp       id:  34  s:Linear      b:[    -20.0000,      20.0000]   p:Uniform   []

----- dataset:  FIESTAdata_expres_mode2
jitter_0      id:  35  s:Linear      b:[      0.0019,      28.7598]   p:Uniform   []
offset_0      id:  36  s:Linear      b:[ -10003.4482,   10002.9389]   p:Uniform   []

----- dataset: FIESTAdata_expres_mode2   ----- model: gp_multidimensional           
rot_amp       id:  37  s:Linear      b:[    -10.0000,      10.0000]   p:Uniform   []
con_amp       id:  38  s:Linear      b:[    -20.0000,      20.0000]   p:Uniform   []

----- dataset:  FIESTAdata_harps_mode1
jitter_0      id:  39  s:Linear      b:[      0.0013,      14.0662]   p:Uniform   []
offset_0      id:  40  s:Linear      b:[ -10001.8133,   10002.5041]   p:Uniform   []

----- dataset: FIESTAdata_harps_mode1    ----- model: gp_multidimensional           
rot_amp       id:  41  s:Linear      b:[    -10.0000,      10.0000]   p:Uniform   []
con_amp       id:  42  s:Linear      b:[    -20.0000,      20.0000]   p:Uniform   []

----- dataset:  FIESTAdata_harps_mode2
jitter_0      id:  43  s:Linear      b:[      0.0016,      16.6180]   p:Uniform   []
offset_0      id:  44  s:Linear      b:[ -10003.5565,   10001.9037]   p:Uniform   []

----- dataset: FIESTAdata_harps_mode2    ----- model: gp_multidimensional           
rot_amp       id:  45  s:Linear      b:[    -10.0000,      10.0000]   p:Uniform   []
con_amp       id:  46  s:Linear      b:[    -20.0000,      20.0000]   p:Uniform   []

----- dataset:  FIESTAdata_harpsn_mode1
jitter_0      id:  47  s:Linear      b:[      0.0010,      12.1214]   p:Uniform   []
offset_0      id:  48  s:Linear      b:[ -10002.8709,   10003.2575]   p:Uniform   []

----- dataset: FIESTAdata_harpsn_mode1   ----- model: gp_multidimensional           
rot_amp       id:  49  s:Linear      b:[    -10.0000,      10.0000]   p:Uniform   []
con_amp       id:  50  s:Linear      b:[    -20.0000,      20.0000]   p:Uniform   []

----- dataset:  FIESTAdata_harpsn_mode2
jitter_0      id:  51  s:Linear      b:[      0.0011,      14.0279]   p:Uniform   []
offset_0      id:  52  s:Linear      b:[ -10004.2807,   10004.3031]   p:Uniform   []

----- dataset: FIESTAdata_harpsn_mode2   ----- model: gp_multidimensional           
rot_amp       id:  53  s:Linear      b:[    -10.0000,      10.0000]   p:Uniform   []
con_amp       id:  54  s:Linear      b:[    -20.0000,      20.0000]   p:Uniform   []

----- dataset:  FIESTAdata_neid_mode1
jitter_0      id:  55  s:Linear      b:[      0.0016,      19.1721]   p:Uniform   []
offset_0      id:  56  s:Linear      b:[ -10002.5191,   10002.0921]   p:Uniform   []

----- dataset: FIESTAdata_neid_mode1     ----- model: gp_multidimensional           
rot_amp       id:  57  s:Linear      b:[    -10.0000,      10.0000]   p:Uniform   []
con_amp       id:  58  s:Linear      b:[    -20.0000,      20.0000]   p:Uniform   []

----- dataset:  FIESTAdata_neid_mode2
jitter_0      id:  59  s:Linear      b:[      0.0020,      23.1467]   p:Uniform   []
offset_0      id:  60  s:Linear      b:[ -10002.4052,   10004.2542]   p:Uniform   []

----- dataset: FIESTAdata_neid_mode2     ----- model: gp_multidimensional           
rot_amp       id:  61  s:Linear      b:[    -10.0000,      10.0000]   p:Uniform   []
con_amp       id:  62  s:Linear      b:[    -20.0000,      20.0000]   p:Uniform   []

----- common model:  b
P             id:   0  s:Log_Base2   b:[      0.1375,       6.6439]   p:Uniform   []
K             id:   1  s:Log_Base2   b:[     -9.9658,       3.3219]   p:Uniform   []
e             id:   2  s:Linear      b:[      0.0000,       0.7000]   p:Gaussian   [0.    0.098]
omega         id:   3  s:Linear      b:[      0.0000,     360.0000]   p:Uniform   []
mean_long     id:   4  s:Linear      b:[      0.0000,     360.0000]   p:Uniform   []

----- common model:  c
P             id:   5  s:Log_Base2   b:[      0.1375,       6.6439]   p:Uniform   []
K             id:   6  s:Log_Base2   b:[     -9.9658,       3.3219]   p:Uniform   []
e             id:   7  s:Linear      b:[      0.0000,       0.7000]   p:Gaussian   [0.    0.098]
omega         id:   8  s:Linear      b:[      0.0000,     360.0000]   p:Uniform   []
mean_long     id:   9  s:Linear      b:[      0.0000,     360.0000]   p:Uniform   []

----- common model:  d
P             id:  10  s:Log_Base2   b:[      0.1375,       6.6439]   p:Uniform   []
K             id:  11  s:Log_Base2   b:[     -9.9658,       3.3219]   p:Uniform   []
e             id:  12  s:Linear      b:[      0.0000,       0.7000]   p:Gaussian   [0.    0.098]
omega         id:  13  s:Linear      b:[      0.0000,     360.0000]   p:Uniform   []
mean_long     id:  14  s:Linear      b:[      0.0000,     360.0000]   p:Uniform   []

----- common model:  activity
Prot          id:  15  s:Linear      b:[     22.0000,      32.0000]   p:Gaussian   [27.  2.]
Pdec          id:  16  s:Linear      b:[     10.0000,     300.0000]   p:Uniform   []
Oamp          id:  17  s:Log_Base2   b:[     -6.6439,       0.0000]   p:Gaussian   [0.35  0.035]

----- common model:  star_parameters
mass          derived (no id, space, bound)                           p:Gaussian   [1.e+00 1.e-06]
radius        derived (no id, space, bound)                           p:Gaussian   [1.e+00 1.e-06]
density       derived (no id, space, bound)                           p:Gaussian   [1.e+00 1.e-06]


****************************************************************************************************
****************************************************************************************************

 Confidence intervals (median value, 34.135th percentile from the median on the left and right side)

====================================================================================================
     Statistics on the posterior of the sampler parameters     
====================================================================================================

----- dataset:  RVdata_expres
jitter_0        18          1.73        -0.12         0.11   (15-84 p)   [    0.0010,    13.2000]
offset_0        19          11.0         -3.1          3.3   (15-84 p)   [-9995.2560, 10011.7850]

----- dataset: RVdata_expres             ----- model: gp_multidimensional           
rot_amp         20           2.1         -1.5          1.3   (15-84 p)   [    0.0000,    10.0000]
con_amp         21           1.7         -2.0          2.2   (15-84 p)   [  -20.0000,    20.0000]

----- dataset:  RVdata_harps
jitter_0        22         1.375        -0.12        0.083   (15-84 p)   [    0.0009,    12.4000]
offset_0        23          13.1         -5.0          4.2   (15-84 p)   [-9994.3075, 10013.5087]
offset_1        24          14.1         -5.0          4.2   (15-84 p)   [-9994.3075, 10013.5087]

----- dataset: RVdata_harps              ----- model: gp_multidimensional           
rot_amp         25          1.63        -0.94          1.2   (15-84 p)   [    0.0000,    10.0000]
con_amp         26           2.6         -3.2          2.6   (15-84 p)   [  -20.0000,    20.0000]

----- dataset:  RVdata_neid
jitter_0        27         1.222       -0.086        0.072   (15-84 p)   [    0.0010,    12.3000]
offset_0        28           7.8         -4.0          3.7   (15-84 p)   [-9994.4136, 10013.1384]

----- dataset: RVdata_neid               ----- model: gp_multidimensional           
rot_amp         29           6.2         -1.6          1.6   (15-84 p)   [    0.0000,    10.0000]
con_amp         30          -1.0         -2.6          2.4   (15-84 p)   [  -20.0000,    20.0000]

----- dataset:  FIESTAdata_expres_mode1
jitter_0        31         0.788       -0.047        0.036   (15-84 p)   [    0.0017,    25.0503]
offset_0        32          11.4         -2.1          1.8   (15-84 p)   [-10002.1097, 10002.2693]

----- dataset: FIESTAdata_expres_mode1   ----- model: gp_multidimensional           
rot_amp         33           0.3         -2.4          2.3   (15-84 p)   [  -10.0000,    10.0000]
con_amp         34           7.3         -1.3          1.2   (15-84 p)   [  -20.0000,    20.0000]

----- dataset:  FIESTAdata_expres_mode2
jitter_0        35         1.188       -0.041        0.062   (15-84 p)   [    0.0019,    28.7598]
offset_0        36         -11.9         -2.0          2.1   (15-84 p)   [-10003.4482, 10002.9389]

----- dataset: FIESTAdata_expres_mode2   ----- model: gp_multidimensional           
rot_amp         37          -1.3         -2.5          2.8   (15-84 p)   [  -10.0000,    10.0000]
con_amp         38          -7.7         -1.3          1.3   (15-84 p)   [  -20.0000,    20.0000]

----- dataset:  FIESTAdata_harps_mode1
jitter_0        39         0.988       -0.091         0.10   (15-84 p)   [    0.0013,    14.0662]
offset_0        40         -19.2         -3.9          3.6   (15-84 p)   [-10001.8133, 10002.5041]

----- dataset: FIESTAdata_harps_mode1    ----- model: gp_multidimensional           
rot_amp         41           0.5         -2.6          3.6   (15-84 p)   [  -10.0000,    10.0000]
con_amp         42         -12.1         -2.4          2.2   (15-84 p)   [  -20.0000,    20.0000]

----- dataset:  FIESTAdata_harps_mode2
jitter_0        43         1.293       -0.098        0.096   (15-84 p)   [    0.0016,    16.6180]
offset_0        44          15.9         -5.1          4.8   (15-84 p)   [-10003.5565, 10001.9037]

----- dataset: FIESTAdata_harps_mode2    ----- model: gp_multidimensional           
rot_amp         45           3.4         -2.8          3.0   (15-84 p)   [  -10.0000,    10.0000]
con_amp         46          10.0         -3.2          3.1   (15-84 p)   [  -20.0000,    20.0000]

----- dataset:  FIESTAdata_harpsn_mode1
jitter_0        47         1.422       -0.097        0.086   (15-84 p)   [    0.0010,    12.1214]
offset_0        48          12.1         -2.4          3.9   (15-84 p)   [-10002.8709, 10003.2575]

----- dataset: FIESTAdata_harpsn_mode1   ----- model: gp_multidimensional           
rot_amp         49          -0.2         -3.4          3.1   (15-84 p)   [  -10.0000,    10.0000]
con_amp         50           7.8         -1.6          2.6   (15-84 p)   [  -20.0000,    20.0000]

----- dataset:  FIESTAdata_harpsn_mode2
jitter_0        51         1.811        -0.12        0.078   (15-84 p)   [    0.0011,    14.0279]
offset_0        52         -13.2         -4.6          3.4   (15-84 p)   [-10004.2807, 10004.3031]

----- dataset: FIESTAdata_harpsn_mode2   ----- model: gp_multidimensional           
rot_amp         53           1.1         -2.9          3.1   (15-84 p)   [  -10.0000,    10.0000]
con_amp         54          -8.5         -3.0          2.2   (15-84 p)   [  -20.0000,    20.0000]

----- dataset:  FIESTAdata_neid_mode1
jitter_0        55         0.801       -0.046        0.038   (15-84 p)   [    0.0016,    19.1721]
offset_0        56           9.5         -2.1          2.3   (15-84 p)   [-10002.5191, 10002.0921]

----- dataset: FIESTAdata_neid_mode1     ----- model: gp_multidimensional           
rot_amp         57          -2.2         -2.7          2.8   (15-84 p)   [  -10.0000,    10.0000]
con_amp         58           6.1         -1.3          1.5   (15-84 p)   [  -20.0000,    20.0000]

----- dataset:  FIESTAdata_neid_mode2
jitter_0        59         1.117       -0.065        0.073   (15-84 p)   [    0.0020,    23.1467]
offset_0        60         -14.7         -3.5          2.9   (15-84 p)   [-10002.4052, 10004.2542]

----- dataset: FIESTAdata_neid_mode2     ----- model: gp_multidimensional           
rot_amp         61           1.5         -3.9          5.2   (15-84 p)   [  -10.0000,    10.0000]
con_amp         62          -9.4         -2.2          1.8   (15-84 p)   [  -20.0000,    20.0000]

----- common model:  b
P                0         4.015       -0.036        0.025   (15-84 p)   [    0.1375,     6.6439]
K                1         -0.82        -0.70         0.39   (15-84 p)   [   -9.9658,     3.3219]
e                2         0.061       -0.024        0.040   (15-84 p)   [    0.0000,     0.7000]
omega            3           249          -60           83   (15-84 p)   [    0.0000,   360.0000]
mean_long        4           331          -30           18   (15-84 p)   [    0.0000,   360.0000]

----- common model:  c
P                5          1.81        -0.97          1.9   (15-84 p)   [    0.1375,     6.6439]
K                6          -5.2         -2.0          3.8   (15-84 p)   [   -9.9658,     3.3219]
e                7         0.041       -0.023        0.030   (15-84 p)   [    0.0000,     0.7000]
omega            8           261          -96           47   (15-84 p)   [    0.0000,   360.0000]
mean_long        9           251          -85           66   (15-84 p)   [    0.0000,   360.0000]

----- common model:  d
P               10         3.700       -0.039        0.029   (15-84 p)   [    0.1375,     6.6439]
K               11         -0.75        -0.49         0.31   (15-84 p)   [   -9.9658,     3.3219]
e               12         0.041       -0.022        0.023   (15-84 p)   [    0.0000,     0.7000]
omega           13           178          -71           64   (15-84 p)   [    0.0000,   360.0000]
mean_long       14           180          -37           33   (15-84 p)   [    0.0000,   360.0000]

----- common model:  activity
Prot            15         28.64        -0.30         0.35   (15-84 p)   [   22.0000,    32.0000]
Pdec            16           135          -24           28   (15-84 p)   [   10.0000,   300.0000]
Oamp            17        -1.409       -0.058         0.12   (15-84 p)   [   -6.6439,     0.0000]

----- common model:  star_parameters

====================================================================================================
     Statistics on the model parameters obtained from the posteriors samples     
====================================================================================================

----- dataset:  RVdata_expres
jitter_0                  1.73        -0.12         0.11    (15-84 p)
offset_0                  11.0         -3.1          3.3    (15-84 p)


----- dataset: RVdata_expres             ----- model: gp_multidimensional           
rot_amp                    2.1         -1.5          1.3    (15-84 p)
con_amp                    1.7         -2.0          2.2    (15-84 p)

----- dataset:  RVdata_harps
jitter_0                 1.375        -0.12        0.083    (15-84 p)
offset_0                  13.1         -5.0          4.2    (15-84 p)
offset_1                  14.1         -5.0          4.2    (15-84 p)


----- dataset: RVdata_harps              ----- model: gp_multidimensional           
rot_amp                   1.63        -0.94          1.2    (15-84 p)
con_amp                    2.6         -3.2          2.6    (15-84 p)

----- dataset:  RVdata_neid
jitter_0                 1.222       -0.086        0.072    (15-84 p)
offset_0                   7.8         -4.0          3.7    (15-84 p)


----- dataset: RVdata_neid               ----- model: gp_multidimensional           
rot_amp                    6.2         -1.6          1.6    (15-84 p)
con_amp                   -1.0         -2.6          2.4    (15-84 p)

----- dataset:  FIESTAdata_expres_mode1
jitter_0                 0.788       -0.047        0.036    (15-84 p)
offset_0                  11.4         -2.1          1.8    (15-84 p)


----- dataset: FIESTAdata_expres_mode1   ----- model: gp_multidimensional           
rot_amp                    0.3         -2.4          2.3    (15-84 p)
con_amp                    7.3         -1.3          1.2    (15-84 p)

----- dataset:  FIESTAdata_expres_mode2
jitter_0                 1.188       -0.041        0.062    (15-84 p)
offset_0                 -11.9         -2.0          2.1    (15-84 p)


----- dataset: FIESTAdata_expres_mode2   ----- model: gp_multidimensional           
rot_amp                   -1.3         -2.5          2.8    (15-84 p)
con_amp                   -7.7         -1.3          1.3    (15-84 p)

----- dataset:  FIESTAdata_harps_mode1
jitter_0                 0.988       -0.091         0.10    (15-84 p)
offset_0                 -19.2         -3.9          3.6    (15-84 p)


----- dataset: FIESTAdata_harps_mode1    ----- model: gp_multidimensional           
rot_amp                    0.5         -2.6          3.6    (15-84 p)
con_amp                  -12.1         -2.4          2.2    (15-84 p)

----- dataset:  FIESTAdata_harps_mode2
jitter_0                 1.293       -0.098        0.096    (15-84 p)
offset_0                  15.9         -5.1          4.8    (15-84 p)


----- dataset: FIESTAdata_harps_mode2    ----- model: gp_multidimensional           
rot_amp                    3.4         -2.8          3.0    (15-84 p)
con_amp                   10.0         -3.2          3.1    (15-84 p)

----- dataset:  FIESTAdata_harpsn_mode1
jitter_0                 1.422       -0.097        0.086    (15-84 p)
offset_0                  12.1         -2.4          3.9    (15-84 p)


----- dataset: FIESTAdata_harpsn_mode1   ----- model: gp_multidimensional           
rot_amp                   -0.2         -3.4          3.1    (15-84 p)
con_amp                    7.8         -1.6          2.6    (15-84 p)

----- dataset:  FIESTAdata_harpsn_mode2
jitter_0                 1.811        -0.12        0.078    (15-84 p)
offset_0                 -13.2         -4.6          3.4    (15-84 p)


----- dataset: FIESTAdata_harpsn_mode2   ----- model: gp_multidimensional           
rot_amp                    1.1         -2.9          3.1    (15-84 p)
con_amp                   -8.5         -3.0          2.2    (15-84 p)

----- dataset:  FIESTAdata_neid_mode1
jitter_0                 0.801       -0.046        0.038    (15-84 p)
offset_0                   9.5         -2.1          2.3    (15-84 p)


----- dataset: FIESTAdata_neid_mode1     ----- model: gp_multidimensional           
rot_amp                   -2.2         -2.7          2.8    (15-84 p)
con_amp                    6.1         -1.3          1.5    (15-84 p)

----- dataset:  FIESTAdata_neid_mode2
jitter_0                 1.117       -0.065        0.073    (15-84 p)
offset_0                 -14.7         -3.5          2.9    (15-84 p)


----- dataset: FIESTAdata_neid_mode2     ----- model: gp_multidimensional           
rot_amp                    1.5         -3.9          5.2    (15-84 p)
con_amp                   -9.4         -2.2          1.8    (15-84 p)

----- common model:  b
P                        16.17        -0.40         0.28    (15-84 p)
K                         0.57        -0.22         0.18    (15-84 p)
e                        0.061       -0.024        0.040    (15-84 p)
omega                      249          -60           83    (15-84 p)
mean_long                  334          -26           18    (15-84 p)

----- common model:  c
P                          3.5         -1.7          9.7    (15-84 p)
K                        0.026       -0.020         0.33    (15-84 p)
e                        0.041       -0.023        0.030    (15-84 p)
omega                      264          -89           48    (15-84 p)
mean_long                  255          -83           66    (15-84 p)

----- common model:  d
P                        13.00        -0.34         0.27    (15-84 p)
K                         0.60        -0.17         0.14    (15-84 p)
e                        0.041       -0.022        0.023    (15-84 p)
omega                      174          -74           61    (15-84 p)
mean_long                  180          -37           33    (15-84 p)

----- common model:  activity
Prot                     28.64        -0.30         0.35    (15-84 p)
Pdec                       135          -24           28    (15-84 p)
Oamp                     0.377       -0.015        0.032    (15-84 p)

----- common model:  star_parameters

====================================================================================================
     Statistics on the derived parameters obtained from the posteriors samples     
====================================================================================================

----- common model:  b
Inclination fixed to 90 deg!
Computing planetary mass under the approximation M_planet << M_star (threshold at 30.0 Me)
a_Rs                     26.89        -0.44         0.31    (15-84 p)
M_Mj                    0.0070      -0.0027       0.0022    (15-84 p)
M_Me                      2.23        -0.85         0.70    (15-84 p)
Tc                    59339.96        -0.87          1.3    (15-84 p)
a_AU_(M)                0.1251      -0.0021       0.0015    (15-84 p)
a_AU_(rho,R)            0.1251      -0.0021       0.0015    (15-84 p)

----- common model:  c
Inclination fixed to 90 deg!
Computing planetary mass under the approximation M_planet << M_star (threshold at 30.0 Me)
a_Rs                       9.7         -3.5           14    (15-84 p)
M_Mj                   0.00020     -0.00015       0.0022    (15-84 p)
M_Me                     0.065       -0.048         0.70    (15-84 p)
Tc                    59336.51        -0.89          4.2    (15-84 p)
a_AU_(M)                 0.045       -0.016        0.064    (15-84 p)
a_AU_(rho,R)             0.045       -0.016        0.064    (15-84 p)

----- common model:  d
Inclination fixed to 90 deg!
Computing planetary mass under the approximation M_planet << M_star (threshold at 30.0 Me)
a_Rs                     23.25        -0.41         0.32    (15-84 p)
M_Mj                    0.0069      -0.0020       0.0017    (15-84 p)
M_Me                      2.19        -0.63         0.53    (15-84 p)
Tc                    59344.48         -1.3         0.93    (15-84 p)
a_AU_(M)                0.1082      -0.0019       0.0015    (15-84 p)
a_AU_(rho,R)            0.1082      -0.0019       0.0015    (15-84 p)


====================================================================================================
     ------------------------------------------------------------------------------------------     
====================================================================================================



****************************************************************************************************

 Parameters corresponding to the Maximum a Posteriori probability ( -1556.506726219656 )

====================================================================================================
     Statistics on the posterior of the sampler parameters     
====================================================================================================

----- dataset:  RVdata_expres
jitter_0        18      1.898206 [    0.0010,    13.2000]
offset_0        19      7.246612 [-9995.2560, 10011.7850]

----- dataset: RVdata_expres             ----- model: gp_multidimensional           
rot_amp         20      3.971808 [    0.0000,    10.0000]
con_amp         21     -0.768807 [  -20.0000,    20.0000]

----- dataset:  RVdata_harps
jitter_0        22      1.347830 [    0.0009,    12.4000]
offset_0        23     14.116547 [-9994.3075, 10013.5087]
offset_1        24     15.192706 [-9994.3075, 10013.5087]

----- dataset: RVdata_harps              ----- model: gp_multidimensional           
rot_amp         25      1.036377 [    0.0000,    10.0000]
con_amp         26      3.182962 [  -20.0000,    20.0000]

----- dataset:  RVdata_neid
jitter_0        27      1.226207 [    0.0010,    12.3000]
offset_0        28      6.560614 [-9994.4136, 10013.1384]

----- dataset: RVdata_neid               ----- model: gp_multidimensional           
rot_amp         29      6.709880 [    0.0000,    10.0000]
con_amp         30     -1.713331 [  -20.0000,    20.0000]

----- dataset:  FIESTAdata_expres_mode1
jitter_0        31      0.791312 [    0.0017,    25.0503]
offset_0        32      9.288155 [-10002.1097, 10002.2693]

----- dataset: FIESTAdata_expres_mode1   ----- model: gp_multidimensional           
rot_amp         33     -0.550977 [  -10.0000,    10.0000]
con_amp         34      6.064559 [  -20.0000,    20.0000]

----- dataset:  FIESTAdata_expres_mode2
jitter_0        35      1.168963 [    0.0019,    28.7598]
offset_0        36     -9.615757 [-10003.4482, 10002.9389]

----- dataset: FIESTAdata_expres_mode2   ----- model: gp_multidimensional           
rot_amp         37     -2.298516 [  -10.0000,    10.0000]
con_amp         38     -6.251713 [  -20.0000,    20.0000]

----- dataset:  FIESTAdata_harps_mode1
jitter_0        39      0.985978 [    0.0013,    14.0662]
offset_0        40    -21.527364 [-10001.8133, 10002.5041]

----- dataset: FIESTAdata_harps_mode1    ----- model: gp_multidimensional           
rot_amp         41      0.512816 [  -10.0000,    10.0000]
con_amp         42    -13.708794 [  -20.0000,    20.0000]

----- dataset:  FIESTAdata_harps_mode2
jitter_0        43      1.388352 [    0.0016,    16.6180]
offset_0        44      7.151043 [-10003.5565, 10001.9037]

----- dataset: FIESTAdata_harps_mode2    ----- model: gp_multidimensional           
rot_amp         45      2.646067 [  -10.0000,    10.0000]
con_amp         46      4.388009 [  -20.0000,    20.0000]

----- dataset:  FIESTAdata_harpsn_mode1
jitter_0        47      1.374243 [    0.0010,    12.1214]
offset_0        48     13.936391 [-10002.8709, 10003.2575]

----- dataset: FIESTAdata_harpsn_mode1   ----- model: gp_multidimensional           
rot_amp         49     -0.912510 [  -10.0000,    10.0000]
con_amp         50      9.030392 [  -20.0000,    20.0000]

----- dataset:  FIESTAdata_harpsn_mode2
jitter_0        51      1.843797 [    0.0011,    14.0279]
offset_0        52    -12.601658 [-10004.2807, 10004.3031]

----- dataset: FIESTAdata_harpsn_mode2   ----- model: gp_multidimensional           
rot_amp         53     -1.923161 [  -10.0000,    10.0000]
con_amp         54     -8.226359 [  -20.0000,    20.0000]

----- dataset:  FIESTAdata_neid_mode1
jitter_0        55      0.840672 [    0.0016,    19.1721]
offset_0        56      8.238750 [-10002.5191, 10002.0921]

----- dataset: FIESTAdata_neid_mode1     ----- model: gp_multidimensional           
rot_amp         57     -1.689397 [  -10.0000,    10.0000]
con_amp         58      5.404052 [  -20.0000,    20.0000]

----- dataset:  FIESTAdata_neid_mode2
jitter_0        59      1.051771 [    0.0020,    23.1467]
offset_0        60    -15.062333 [-10002.4052, 10004.2542]

----- dataset: FIESTAdata_neid_mode2     ----- model: gp_multidimensional           
rot_amp         61      1.914904 [  -10.0000,    10.0000]
con_amp         62     -9.728138 [  -20.0000,    20.0000]

----- common model:  b
P                0      4.054920 [    0.1375,     6.6439]
K                1     -1.384801 [   -9.9658,     3.3219]
e                2      0.070986 [    0.0000,     0.7000]
omega            3    260.241461 [    0.0000,   360.0000]
mean_long        4    352.624810 [    0.0000,   360.0000]

----- common model:  c
P                5      0.705567 [    0.1375,     6.6439]
K                6     -3.793244 [   -9.9658,     3.3219]
e                7      0.027527 [    0.0000,     0.7000]
omega            8    260.120081 [    0.0000,   360.0000]
mean_long        9    242.278819 [    0.0000,   360.0000]

----- common model:  d
P               10      3.706217 [    0.1375,     6.6439]
K               11     -1.094852 [   -9.9658,     3.3219]
e               12      0.041515 [    0.0000,     0.7000]
omega           13    131.351787 [    0.0000,   360.0000]
mean_long       14    185.141094 [    0.0000,   360.0000]

----- common model:  activity
Prot            15     28.430081 [   22.0000,    32.0000]
Pdec            16    116.113122 [   10.0000,   300.0000]
Oamp            17     -1.407655 [   -6.6439,     0.0000]

----- common model:  star_parameters

====================================================================================================
     Statistics on the model parameters obtained from the posteriors samples     
====================================================================================================

----- dataset:  RVdata_expres
jitter_0              1.898206 
offset_0              7.246612 


----- dataset: RVdata_expres             ----- model: gp_multidimensional           
rot_amp               3.971808 
con_amp              -0.768807 

----- dataset:  RVdata_harps
jitter_0              1.347830 
offset_0             14.116547 
offset_1             15.192706 


----- dataset: RVdata_harps              ----- model: gp_multidimensional           
rot_amp               1.036377 
con_amp               3.182962 

----- dataset:  RVdata_neid
jitter_0              1.226207 
offset_0              6.560614 


----- dataset: RVdata_neid               ----- model: gp_multidimensional           
rot_amp               6.709880 
con_amp              -1.713331 

----- dataset:  FIESTAdata_expres_mode1
jitter_0              0.791312 
offset_0              9.288155 


----- dataset: FIESTAdata_expres_mode1   ----- model: gp_multidimensional           
rot_amp              -0.550977 
con_amp               6.064559 

----- dataset:  FIESTAdata_expres_mode2
jitter_0              1.168963 
offset_0             -9.615757 


----- dataset: FIESTAdata_expres_mode2   ----- model: gp_multidimensional           
rot_amp              -2.298516 
con_amp              -6.251713 

----- dataset:  FIESTAdata_harps_mode1
jitter_0              0.985978 
offset_0            -21.527364 


----- dataset: FIESTAdata_harps_mode1    ----- model: gp_multidimensional           
rot_amp               0.512816 
con_amp             -13.708794 

----- dataset:  FIESTAdata_harps_mode2
jitter_0              1.388352 
offset_0              7.151043 


----- dataset: FIESTAdata_harps_mode2    ----- model: gp_multidimensional           
rot_amp               2.646067 
con_amp               4.388009 

----- dataset:  FIESTAdata_harpsn_mode1
jitter_0              1.374243 
offset_0             13.936391 


----- dataset: FIESTAdata_harpsn_mode1   ----- model: gp_multidimensional           
rot_amp              -0.912510 
con_amp               9.030392 

----- dataset:  FIESTAdata_harpsn_mode2
jitter_0              1.843797 
offset_0            -12.601658 


----- dataset: FIESTAdata_harpsn_mode2   ----- model: gp_multidimensional           
rot_amp              -1.923161 
con_amp              -8.226359 

----- dataset:  FIESTAdata_neid_mode1
jitter_0              0.840672 
offset_0              8.238750 


----- dataset: FIESTAdata_neid_mode1     ----- model: gp_multidimensional           
rot_amp              -1.689397 
con_amp               5.404052 

----- dataset:  FIESTAdata_neid_mode2
jitter_0              1.051771 
offset_0            -15.062333 


----- dataset: FIESTAdata_neid_mode2     ----- model: gp_multidimensional           
rot_amp               1.914904 
con_amp              -9.728138 

----- common model:  b
P                    16.620824 
K                     0.382942 
e                     0.070986 
omega               260.241461 
mean_long           352.624810 

----- common model:  c
P                     1.630785 
K                     0.072131 
e                     0.027527 
omega               260.120081 
mean_long           242.278819 

----- common model:  d
P                    13.052166 
K                     0.468184 
e                     0.041515 
omega               131.351787 
mean_long           185.141094 

----- common model:  activity
Prot                 28.430081 
Pdec                116.113122 
Oamp                  0.376924 

----- common model:  star_parameters

====================================================================================================
     Statistics on the derived parameters obtained from the posteriors samples     
====================================================================================================

----- common model:  b
Inclination fixed to 90 deg!
a_Rs                 27.395801 
M_Mj                  0.004795 
M_Me                  1.524418 
Tc                59339.263055 
a_AU_(M)              0.127459 
a_AU_(rho,R)          0.127458 

----- common model:  c
Inclination fixed to 90 deg!
a_Rs                  5.827934 
M_Mj                  0.000417 
M_Me                  0.132720 
Tc                59335.643655 
a_AU_(M)              0.027114 
a_AU_(rho,R)          0.027114 

----- common model:  d
Inclination fixed to 90 deg!
a_Rs                 23.318688 
M_Mj                  0.005418 
M_Me                  1.722346 
Tc                59344.414243 
a_AU_(M)              0.108490 
a_AU_(rho,R)          0.108490 


====================================================================================================
     ------------------------------------------------------------------------------------------     
====================================================================================================



****************************************************************************************************

 Parameters corresponding to the sample closest to the median values ( -1586.967348072982 )

====================================================================================================
     Statistics on the posterior of the sampler parameters     
====================================================================================================

----- dataset:  RVdata_expres
jitter_0        18      1.789155 [    0.0010,    13.2000]
offset_0        19     11.144113 [-9995.2560, 10011.7850]

----- dataset: RVdata_expres             ----- model: gp_multidimensional           
rot_amp         20      2.909388 [    0.0000,    10.0000]
con_amp         21      1.687799 [  -20.0000,    20.0000]

----- dataset:  RVdata_harps
jitter_0        22      1.443534 [    0.0009,    12.4000]
offset_0        23     15.041832 [-9994.3075, 10013.5087]
offset_1        24     15.887177 [-9994.3075, 10013.5087]

----- dataset: RVdata_harps              ----- model: gp_multidimensional           
rot_amp         25      1.741688 [    0.0000,    10.0000]
con_amp         26      3.737775 [  -20.0000,    20.0000]

----- dataset:  RVdata_neid
jitter_0        27      1.201602 [    0.0010,    12.3000]
offset_0        28      9.373716 [-9994.4136, 10013.1384]

----- dataset: RVdata_neid               ----- model: gp_multidimensional           
rot_amp         29      4.871486 [    0.0000,    10.0000]
con_amp         30      0.041944 [  -20.0000,    20.0000]

----- dataset:  FIESTAdata_expres_mode1
jitter_0        31      0.781701 [    0.0017,    25.0503]
offset_0        32     12.556577 [-10002.1097, 10002.2693]

----- dataset: FIESTAdata_expres_mode1   ----- model: gp_multidimensional           
rot_amp         33     -0.806511 [  -10.0000,    10.0000]
con_amp         34      8.113986 [  -20.0000,    20.0000]

----- dataset:  FIESTAdata_expres_mode2
jitter_0        35      1.179391 [    0.0019,    28.7598]
offset_0        36    -12.678219 [-10003.4482, 10002.9389]

----- dataset: FIESTAdata_expres_mode2   ----- model: gp_multidimensional           
rot_amp         37     -1.770938 [  -10.0000,    10.0000]
con_amp         38     -8.203351 [  -20.0000,    20.0000]

----- dataset:  FIESTAdata_harps_mode1
jitter_0        39      0.971320 [    0.0013,    14.0662]
offset_0        40    -19.582314 [-10001.8133, 10002.5041]

----- dataset: FIESTAdata_harps_mode1    ----- model: gp_multidimensional           
rot_amp         41      1.369388 [  -10.0000,    10.0000]
con_amp         42    -12.447894 [  -20.0000,    20.0000]

----- dataset:  FIESTAdata_harps_mode2
jitter_0        43      1.291982 [    0.0016,    16.6180]
offset_0        44     15.052215 [-10003.5565, 10001.9037]

----- dataset: FIESTAdata_harps_mode2    ----- model: gp_multidimensional           
rot_amp         45      3.935882 [  -10.0000,    10.0000]
con_amp         46      9.501580 [  -20.0000,    20.0000]

----- dataset:  FIESTAdata_harpsn_mode1
jitter_0        47      1.427910 [    0.0010,    12.1214]
offset_0        48     13.234119 [-10002.8709, 10003.2575]

----- dataset: FIESTAdata_harpsn_mode1   ----- model: gp_multidimensional           
rot_amp         49      0.377685 [  -10.0000,    10.0000]
con_amp         50      8.512285 [  -20.0000,    20.0000]

----- dataset:  FIESTAdata_harpsn_mode2
jitter_0        51      1.878960 [    0.0011,    14.0279]
offset_0        52    -13.010058 [-10004.2807, 10004.3031]

----- dataset: FIESTAdata_harpsn_mode2   ----- model: gp_multidimensional           
rot_amp         53     -0.346201 [  -10.0000,    10.0000]
con_amp         54     -8.365022 [  -20.0000,    20.0000]

----- dataset:  FIESTAdata_neid_mode1
jitter_0        55      0.808980 [    0.0016,    19.1721]
offset_0        56     10.610486 [-10002.5191, 10002.0921]

----- dataset: FIESTAdata_neid_mode1     ----- model: gp_multidimensional           
rot_amp         57     -2.345389 [  -10.0000,    10.0000]
con_amp         58      6.850627 [  -20.0000,    20.0000]

----- dataset:  FIESTAdata_neid_mode2
jitter_0        59      1.077315 [    0.0020,    23.1467]
offset_0        60    -14.102016 [-10002.4052, 10004.2542]

----- dataset: FIESTAdata_neid_mode2     ----- model: gp_multidimensional           
rot_amp         61      1.223608 [  -10.0000,    10.0000]
con_amp         62     -9.011965 [  -20.0000,    20.0000]

----- common model:  b
P                0      3.983392 [    0.1375,     6.6439]
K                1     -1.022816 [   -9.9658,     3.3219]
e                2      0.047182 [    0.0000,     0.7000]
omega            3    239.911022 [    0.0000,   360.0000]
mean_long        4    283.727828 [    0.0000,   360.0000]

----- common model:  c
P                5      2.235870 [    0.1375,     6.6439]
K                6     -6.001395 [   -9.9658,     3.3219]
e                7      0.063154 [    0.0000,     0.7000]
omega            8    291.544422 [    0.0000,   360.0000]
mean_long        9    220.767066 [    0.0000,   360.0000]

----- common model:  d
P               10      3.726130 [    0.1375,     6.6439]
K               11     -1.236247 [   -9.9658,     3.3219]
e               12      0.038293 [    0.0000,     0.7000]
omega           13    181.200552 [    0.0000,   360.0000]
mean_long       14    188.843063 [    0.0000,   360.0000]

----- common model:  activity
Prot            15     28.787634 [   22.0000,    32.0000]
Pdec            16    162.260035 [   10.0000,   300.0000]
Oamp            17     -1.414475 [   -6.6439,     0.0000]

----- common model:  star_parameters

====================================================================================================
     Statistics on the model parameters obtained from the posteriors samples     
====================================================================================================

----- dataset:  RVdata_expres
jitter_0              1.789155 
offset_0             11.144113 


----- dataset: RVdata_expres             ----- model: gp_multidimensional           
rot_amp               2.909388 
con_amp               1.687799 

----- dataset:  RVdata_harps
jitter_0              1.443534 
offset_0             15.041832 
offset_1             15.887177 


----- dataset: RVdata_harps              ----- model: gp_multidimensional           
rot_amp               1.741688 
con_amp               3.737775 

----- dataset:  RVdata_neid
jitter_0              1.201602 
offset_0              9.373716 


----- dataset: RVdata_neid               ----- model: gp_multidimensional           
rot_amp               4.871486 
con_amp               0.041944 

----- dataset:  FIESTAdata_expres_mode1
jitter_0              0.781701 
offset_0             12.556577 


----- dataset: FIESTAdata_expres_mode1   ----- model: gp_multidimensional           
rot_amp              -0.806511 
con_amp               8.113986 

----- dataset:  FIESTAdata_expres_mode2
jitter_0              1.179391 
offset_0            -12.678219 


----- dataset: FIESTAdata_expres_mode2   ----- model: gp_multidimensional           
rot_amp              -1.770938 
con_amp              -8.203351 

----- dataset:  FIESTAdata_harps_mode1
jitter_0              0.971320 
offset_0            -19.582314 


----- dataset: FIESTAdata_harps_mode1    ----- model: gp_multidimensional           
rot_amp               1.369388 
con_amp             -12.447894 

----- dataset:  FIESTAdata_harps_mode2
jitter_0              1.291982 
offset_0             15.052215 


----- dataset: FIESTAdata_harps_mode2    ----- model: gp_multidimensional           
rot_amp               3.935882 
con_amp               9.501580 

----- dataset:  FIESTAdata_harpsn_mode1
jitter_0              1.427910 
offset_0             13.234119 


----- dataset: FIESTAdata_harpsn_mode1   ----- model: gp_multidimensional           
rot_amp               0.377685 
con_amp               8.512285 

----- dataset:  FIESTAdata_harpsn_mode2
jitter_0              1.878960 
offset_0            -13.010058 


----- dataset: FIESTAdata_harpsn_mode2   ----- model: gp_multidimensional           
rot_amp              -0.346201 
con_amp              -8.365022 

----- dataset:  FIESTAdata_neid_mode1
jitter_0              0.808980 
offset_0             10.610486 


----- dataset: FIESTAdata_neid_mode1     ----- model: gp_multidimensional           
rot_amp              -2.345389 
con_amp               6.850627 

----- dataset:  FIESTAdata_neid_mode2
jitter_0              1.077315 
offset_0            -14.102016 


----- dataset: FIESTAdata_neid_mode2     ----- model: gp_multidimensional           
rot_amp               1.223608 
con_amp              -9.011965 

----- common model:  b
P                    15.816868 
K                     0.492155 
e                     0.047182 
omega               239.911022 
mean_long           283.727828 

----- common model:  c
P                     4.710465 
K                     0.015610 
e                     0.063154 
omega               291.544422 
mean_long           220.767066 

----- common model:  d
P                    13.233568 
K                     0.424476 
e                     0.038293 
omega               181.200552 
mean_long           188.843063 

----- common model:  activity
Prot                 28.787634 
Pdec                162.260035 
Oamp                  0.375146 

----- common model:  star_parameters

====================================================================================================
     Statistics on the derived parameters obtained from the posteriors samples     
====================================================================================================

----- common model:  b
Inclination fixed to 90 deg!
a_Rs                 26.505124 
M_Mj                  0.006071 
M_Me                  1.929785 
Tc                59342.128306 
a_AU_(M)              0.123315 
a_AU_(rho,R)          0.123314 

----- common model:  c
Inclination fixed to 90 deg!
a_Rs                 11.820225 
M_Mj                  0.000128 
M_Me                  0.040839 
Tc                59337.663246 
a_AU_(M)              0.054993 
a_AU_(rho,R)          0.054993 

----- common model:  d
Inclination fixed to 90 deg!
a_Rs                 23.534229 
M_Mj                  0.004935 
M_Me                  1.568955 
Tc                59344.461617 
a_AU_(M)              0.109493 
a_AU_(rho,R)          0.109493 


====================================================================================================
     ------------------------------------------------------------------------------------------     
====================================================================================================



****************************************************************************************************

Inclination fixed to 90 deg!
Inclination fixed to 90 deg!
Inclination fixed to 90 deg!
Note: stellar density derived from stellar mass and radius

Inclination fixed to 90 deg!
Inclination fixed to 90 deg!
Inclination fixed to 90 deg!
Inclination fixed to 90 deg!
Inclination fixed to 90 deg!
Inclination fixed to 90 deg!
 Skipping full correlation plot due to the high number of parameters
 To avoid this behaviour, set the keyword parameters:force_full_correlation_plot to True

****************************************************************************************************

Plotting the common models corner plots
     Common model:  b
     Common model:  c
     Common model:  d
     Common model:  activity
     Common model:  star_parameters

****************************************************************************************************

Plotting the dataset + models corner plots 

     Dataset:  RVdata_expres     model:  gp_multidimensional  corner plot  starting 
     Dataset:  RVdata_expres     model:  gp_multidimensional  corner plot  done 
     Dataset:  RVdata_expres     model:  radial_velocities_b  corner plot  starting 
     Dataset:  RVdata_expres     model:  radial_velocities_b  corner plot  done 
     Dataset:  RVdata_expres     model:  radial_velocities_c  corner plot  starting 
     Dataset:  RVdata_expres     model:  radial_velocities_c  corner plot  done 
     Dataset:  RVdata_expres     model:  radial_velocities_d  corner plot  starting 
     Dataset:  RVdata_expres     model:  radial_velocities_d  corner plot  done 
     Dataset:  RVdata_harps     model:  gp_multidimensional  corner plot  starting 
     Dataset:  RVdata_harps     model:  gp_multidimensional  corner plot  done 
     Dataset:  RVdata_harps     model:  radial_velocities_b  corner plot  starting 
     Dataset:  RVdata_harps     model:  radial_velocities_b  corner plot  done 
     Dataset:  RVdata_harps     model:  radial_velocities_c  corner plot  starting 
     Dataset:  RVdata_harps     model:  radial_velocities_c  corner plot  done 
     Dataset:  RVdata_harps     model:  radial_velocities_d  corner plot  starting 
     Dataset:  RVdata_harps     model:  radial_velocities_d  corner plot  done 
     Dataset:  RVdata_neid     model:  gp_multidimensional  corner plot  starting 
     Dataset:  RVdata_neid     model:  gp_multidimensional  corner plot  done 
     Dataset:  RVdata_neid     model:  radial_velocities_b  corner plot  starting 
     Dataset:  RVdata_neid     model:  radial_velocities_b  corner plot  done 
     Dataset:  RVdata_neid     model:  radial_velocities_c  corner plot  starting 
     Dataset:  RVdata_neid     model:  radial_velocities_c  corner plot  done 
     Dataset:  RVdata_neid     model:  radial_velocities_d  corner plot  starting 
     Dataset:  RVdata_neid     model:  radial_velocities_d  corner plot  done 
     Dataset:  FIESTAdata_expres_mode1     model:  gp_multidimensional  corner plot  starting 
     Dataset:  FIESTAdata_expres_mode1     model:  gp_multidimensional  corner plot  done 
     Dataset:  FIESTAdata_expres_mode2     model:  gp_multidimensional  corner plot  starting 
     Dataset:  FIESTAdata_expres_mode2     model:  gp_multidimensional  corner plot  done 
     Dataset:  FIESTAdata_harps_mode1     model:  gp_multidimensional  corner plot  starting 
     Dataset:  FIESTAdata_harps_mode1     model:  gp_multidimensional  corner plot  done 
     Dataset:  FIESTAdata_harps_mode2     model:  gp_multidimensional  corner plot  starting 
     Dataset:  FIESTAdata_harps_mode2     model:  gp_multidimensional  corner plot  done 
     Dataset:  FIESTAdata_harpsn_mode1     model:  gp_multidimensional  corner plot  starting 
     Dataset:  FIESTAdata_harpsn_mode1     model:  gp_multidimensional  corner plot  done 
     Dataset:  FIESTAdata_harpsn_mode2     model:  gp_multidimensional  corner plot  starting 
     Dataset:  FIESTAdata_harpsn_mode2     model:  gp_multidimensional  corner plot  done 
     Dataset:  FIESTAdata_neid_mode1     model:  gp_multidimensional  corner plot  starting 
     Dataset:  FIESTAdata_neid_mode1     model:  gp_multidimensional  corner plot  done 
     Dataset:  FIESTAdata_neid_mode2     model:  gp_multidimensional  corner plot  starting 
     Dataset:  FIESTAdata_neid_mode2     model:  gp_multidimensional  corner plot  done 

****************************************************************************************************

 Saving the planet parameter samplings to files (with plots)

****************************************************************************************************

 Saving all the parameter samplings to files (with plots)

****************************************************************************************************

 Computing the models for plot/data writing 
     Splitting the plot array to allow GP prediction of extended datasets, it may take a while...
     # 21 chunks of 90 times each
     Check the documentation if the code is taking too long or if it crashes...
     Splitting the plot array to allow GP prediction of extended datasets, it may take a while...
     # 21 chunks of 90 times each
     Check the documentation if the code is taking too long or if it crashes...
     Splitting the plot array to allow GP prediction of extended datasets, it may take a while...
     # 21 chunks of 90 times each
     Check the documentation if the code is taking too long or if it crashes...
     Splitting the plot array to allow GP prediction of extended datasets, it may take a while...
     # 15 chunks of 90 times each
     Check the documentation if the code is taking too long or if it crashes...
     Splitting the plot array to allow GP prediction of extended datasets, it may take a while...
     # 15 chunks of 90 times each
     Check the documentation if the code is taking too long or if it crashes...
     Splitting the plot array to allow GP prediction of extended datasets, it may take a while...
     # 5 chunks of 90 times each
     Check the documentation if the code is taking too long or if it crashes...
     Splitting the plot array to allow GP prediction of extended datasets, it may take a while...
     # 5 chunks of 90 times each
     Check the documentation if the code is taking too long or if it crashes...
     Splitting the plot array to allow GP prediction of extended datasets, it may take a while...
     # 13 chunks of 90 times each
     Check the documentation if the code is taking too long or if it crashes...
     Splitting the plot array to allow GP prediction of extended datasets, it may take a while...
     # 13 chunks of 90 times each
     Check the documentation if the code is taking too long or if it crashes...
     Splitting the plot array to allow GP prediction of extended datasets, it may take a while...
     # 13 chunks of 90 times each
     Check the documentation if the code is taking too long or if it crashes...
     Splitting the plot array to allow GP prediction of extended datasets, it may take a while...
     # 13 chunks of 90 times each
     Check the documentation if the code is taking too long or if it crashes...
     Splitting the plot array to allow GP prediction of extended datasets, it may take a while...
     # 21 chunks of 90 times each
     Check the documentation if the code is taking too long or if it crashes...
     Splitting the plot array to allow GP prediction of extended datasets, it may take a while...
     # 21 chunks of 90 times each
     Check the documentation if the code is taking too long or if it crashes...
     Splitting the plot array to allow GP prediction of extended datasets, it may take a while...
     # 21 chunks of 90 times each
     Check the documentation if the code is taking too long or if it crashes...
     Splitting the plot array to allow GP prediction of extended datasets, it may take a while...
     # 15 chunks of 90 times each
     Check the documentation if the code is taking too long or if it crashes...
     Splitting the plot array to allow GP prediction of extended datasets, it may take a while...
     # 15 chunks of 90 times each
     Check the documentation if the code is taking too long or if it crashes...
     Splitting the plot array to allow GP prediction of extended datasets, it may take a while...
     # 5 chunks of 90 times each
     Check the documentation if the code is taking too long or if it crashes...
     Splitting the plot array to allow GP prediction of extended datasets, it may take a while...
     # 5 chunks of 90 times each
     Check the documentation if the code is taking too long or if it crashes...
     Splitting the plot array to allow GP prediction of extended datasets, it may take a while...
     # 13 chunks of 90 times each
     Check the documentation if the code is taking too long or if it crashes...
     Splitting the plot array to allow GP prediction of extended datasets, it may take a while...
     # 13 chunks of 90 times each
     Check the documentation if the code is taking too long or if it crashes...
     Splitting the plot array to allow GP prediction of extended datasets, it may take a while...
     # 13 chunks of 90 times each
     Check the documentation if the code is taking too long or if it crashes...
     Splitting the plot array to allow GP prediction of extended datasets, it may take a while...
     # 13 chunks of 90 times each
     Check the documentation if the code is taking too long or if it crashes...
     Splitting the plot array to allow GP prediction of extended datasets, it may take a while...
     # 21 chunks of 90 times each
     Check the documentation if the code is taking too long or if it crashes...
     Splitting the plot array to allow GP prediction of extended datasets, it may take a while...
     # 21 chunks of 90 times each
     Check the documentation if the code is taking too long or if it crashes...
     Splitting the plot array to allow GP prediction of extended datasets, it may take a while...
     # 21 chunks of 90 times each
     Check the documentation if the code is taking too long or if it crashes...
     Splitting the plot array to allow GP prediction of extended datasets, it may take a while...
     # 15 chunks of 90 times each
     Check the documentation if the code is taking too long or if it crashes...
     Splitting the plot array to allow GP prediction of extended datasets, it may take a while...
     # 15 chunks of 90 times each
     Check the documentation if the code is taking too long or if it crashes...
     Splitting the plot array to allow GP prediction of extended datasets, it may take a while...
     # 5 chunks of 90 times each
     Check the documentation if the code is taking too long or if it crashes...
     Splitting the plot array to allow GP prediction of extended datasets, it may take a while...
     # 5 chunks of 90 times each
     Check the documentation if the code is taking too long or if it crashes...
     Splitting the plot array to allow GP prediction of extended datasets, it may take a while...
     # 13 chunks of 90 times each
     Check the documentation if the code is taking too long or if it crashes...
     Splitting the plot array to allow GP prediction of extended datasets, it may take a while...
     # 13 chunks of 90 times each
     Check the documentation if the code is taking too long or if it crashes...
     Splitting the plot array to allow GP prediction of extended datasets, it may take a while...
     # 13 chunks of 90 times each
     Check the documentation if the code is taking too long or if it crashes...
     Splitting the plot array to allow GP prediction of extended datasets, it may take a while...
     # 13 chunks of 90 times each
     Check the documentation if the code is taking too long or if it crashes...
 Writing the plots 
 Writing the   data files 
 Writing the  MAP_ data files 
 Writing the  sampleMED_ data files 

****************************************************************************************************

