
:::---::: PyORBIT v11.0.1 :::---:::

Python version in use:
3.10.18 (main, Jun  5 2025, 13:14:17) [GCC 11.2.0]

reloaded_optimize:  False
reloaded_pyde:  False
reloaded_emcee:  False

number of multiprocessing threads: 16
multiprocessing method (should be fork):  fork

parameters/safe_reload flag (must be True for tinygp):  False

Opening:  RVdata
Opening:  FWHMdata
Opening:  Contrastdata

Adding common model of planet:  b
Using orbital model:  keplerian
Using orbital parametrization:  Eastman2013

gp_multidimensional  S+LEAF model, number of harmonics: 4

GP model: gp_multidimensional  hyperparameters_condition:    True
GP model: gp_multidimensional  rotation_decay_condition:     True

====================================================================================================
     Ids, spaces (s), boundaries (b) and priors (p) of the sampler parameters     
====================================================================================================

----- dataset:  RVdata
jitter_0      id:   8  s:Linear      b:[      0.0009,      12.9000]   p:Uniform   []
offset_0      id:   9  s:Linear      b:[  -9995.1400,   10014.6000]   p:Uniform   []
offset_1      id:  10  s:Linear      b:[  -9995.1400,   10014.6000]   p:Uniform   []
offset_2      id:  11  s:Linear      b:[  -9995.1400,   10014.6000]   p:Uniform   []
offset_3      id:  12  s:Linear      b:[  -9995.1400,   10014.6000]   p:Uniform   []

----- dataset: RVdata                    ----- model: gp_multidimensional           
rot_amp       id:  13  s:Linear      b:[      0.0000,      10.0000]   p:Uniform   []
con_amp       id:  14  s:Linear      b:[    -20.0000,      20.0000]   p:Uniform   []

----- dataset:  FWHMdata
jitter_0      id:  15  s:Linear      b:[      0.0500,     500.0000]   p:Uniform   []
offset_0      id:  16  s:Linear      b:[  -3318.5370,   16947.4824]   p:Uniform   []
offset_1      id:  17  s:Linear      b:[  -3318.5370,   16947.4824]   p:Uniform   []
offset_2      id:  18  s:Linear      b:[  -3318.5370,   16947.4824]   p:Uniform   []
offset_3      id:  19  s:Linear      b:[  -3318.5370,   16947.4824]   p:Uniform   []

----- dataset: FWHMdata                  ----- model: gp_multidimensional           
rot_amp       id:  20  s:Linear      b:[    -10.0000,      10.0000]   p:Uniform   []
con_amp       id:  21  s:Linear      b:[    -20.0000,      20.0000]   p:Uniform   []

----- dataset:  Contrastdata
jitter_0      id:  22  s:Linear      b:[      1.3000,   13000.0000]   p:Uniform   []
offset_0      id:  23  s:Linear      b:[-468113.8929, -343053.8068]   p:Uniform   []
offset_1      id:  24  s:Linear      b:[-468113.8929, -343053.8068]   p:Uniform   []
offset_2      id:  25  s:Linear      b:[-468113.8929, -343053.8068]   p:Uniform   []
offset_3      id:  26  s:Linear      b:[-468113.8929, -343053.8068]   p:Uniform   []

----- dataset: Contrastdata              ----- model: gp_multidimensional           
rot_amp       id:  27  s:Linear      b:[    -10.0000,      10.0000]   p:Uniform   []
con_amp       id:  28  s:Linear      b:[    -20.0000,      20.0000]   p:Uniform   []

----- common model:  b
P             id:   0  s:Log_Base2   b:[      0.3785,       6.6439]   p:Uniform   []
K             id:   1  s:Log_Base2   b:[     -9.9658,       3.3219]   p:Uniform   []
sre_coso      id:   2  s:Linear      b:[     -1.0000,       1.0000]   p:Uniform   []
sre_sino      id:   3  s:Linear      b:[     -1.0000,       1.0000]   p:Uniform   []
mean_long     id:   4  s:Linear      b:[      0.0000,     360.0000]   p:Uniform   []
e             derived (no id, space, bound)                           p:Gaussian   [0.    0.098]
omega         derived (no id, space, bound)                           p:Uniform   [0.0, 360.0]

----- common model:  activity
Prot          id:   5  s:Linear      b:[     20.0000,      35.0000]   p:Gaussian   [28.   0.5]
Pdec          id:   6  s:Linear      b:[     30.0000,    1000.0000]   p:Uniform   []
Oamp          id:   7  s:Log_Base2   b:[     -6.6439,       0.0000]   p:Gaussian   [0.35  0.035]

----- common model:  star_parameters
mass          derived (no id, space, bound)                           p:Gaussian   [1.e+00 1.e-06]
radius        derived (no id, space, bound)                           p:Gaussian   [1.e+00 1.e-06]
density       derived (no id, space, bound)                           p:Gaussian   [1.e+00 1.e-06]

Include priors:  True

Reference Time Tref:  59334.700184

Dimensions =  29
Nwalkers =  116

Using threading pool for PyDE: True
PyDE running
Boundaries redefined after PyDE output
PyDE completed, it took         49.0 seconds

====================================================================================================
     Starting point of the sample/optimization routines    
====================================================================================================

----- dataset:  RVdata
jitter_0         8      1.189239 [    0.0009,    12.9000]
offset_0         9      9.060836 [-9995.1400, 10014.6000]
offset_1        10     10.841265 [-9995.1400, 10014.6000]
offset_2        11      9.924191 [-9995.1400, 10014.6000]
offset_3        12     10.278263 [-9995.1400, 10014.6000]

----- dataset: RVdata                    ----- model: gp_multidimensional           
rot_amp         13      5.067671 [    0.0000,    10.0000]
con_amp         14      0.412896 [  -20.0000,    20.0000]

----- dataset:  FWHMdata
jitter_0        15      0.053040 [    0.0500,   500.0000]
offset_0        16   6693.534589 [-3318.5370, 16947.4824]
offset_1        17   6939.611563 [-3318.5370, 16947.4824]
offset_2        18   6857.479076 [-3318.5370, 16947.4824]
offset_3        19   6898.504981 [-3318.5370, 16947.4824]

----- dataset: FWHMdata                  ----- model: gp_multidimensional           
rot_amp         20      4.747278 [  -10.0000,    10.0000]
con_amp         21     -2.050308 [  -20.0000,    20.0000]

----- dataset:  Contrastdata
jitter_0        22    196.443451 [    1.3000, 13000.0000]
offset_0        23  -353862.291654 [-468113.8929, -343053.8068]
offset_1        24  -433654.550135 [-468113.8929, -343053.8068]
offset_2        25  -457692.681929 [-468113.8929, -343053.8068]
offset_3        26  -362705.139752 [-468113.8929, -343053.8068]

----- dataset: Contrastdata              ----- model: gp_multidimensional           
rot_amp         27      9.965942 [  -10.0000,    10.0000]
con_amp         28    -19.999024 [  -20.0000,    20.0000]

----- common model:  b
P                0      1.306632 [    0.3785,     6.6439]
K                1      0.398471 [   -9.9658,     3.3219]
sre_coso         2      0.063824 [   -1.0000,     1.0000]
sre_sino         3      0.184636 [   -1.0000,     1.0000]
mean_long        4     80.719412 [  -99.2806,   260.7194]

----- common model:  activity
Prot             5     27.920347 [   20.0000,    35.0000]
Pdec             6     30.000889 [   30.0000,  1000.0000]
Oamp             7     -1.253510 [   -6.6439,     0.0000]

----- common model:  star_parameters

====================================================================================================
     Starting point projected onto the model parameter space     
====================================================================================================

----- dataset:  RVdata
jitter_0              1.189239 
offset_0              9.060836 
offset_1             10.841265 
offset_2              9.924191 
offset_3             10.278263 


----- dataset: RVdata                    ----- model: gp_multidimensional           
rot_amp               5.067671 
con_amp               0.412896 

----- dataset:  FWHMdata
jitter_0              0.053040 
offset_0           6693.534589 
offset_1           6939.611563 
offset_2           6857.479076 
offset_3           6898.504981 


----- dataset: FWHMdata                  ----- model: gp_multidimensional           
rot_amp               4.747278 
con_amp              -2.050308 

----- dataset:  Contrastdata
jitter_0            196.443451 
offset_0        -353862.291654 
offset_1        -433654.550135 
offset_2        -457692.681929 
offset_3        -362705.139752 


----- dataset: Contrastdata              ----- model: gp_multidimensional           
rot_amp               9.965942 
con_amp             -19.999024 

----- common model:  b
P                     2.473635 
K                     1.318111 
mean_long            80.719412 
e                     0.038164 
omega                70.930864 

----- common model:  activity
Prot                 27.920347 
Pdec                 30.000889 
Oamp                  0.419427 

----- common model:  star_parameters

====================================================================================================
     Derived parameters obtained from starting point     
====================================================================================================

----- common model:  b
Inclination fixed to 90 deg!
a_Rs                  7.693783 
M_Mj                  0.008763 
M_Me                  2.785687 
Tc                59334.754395 
a_AU_(M)              0.035795 
a_AU_(rho,R)          0.035795 


====================================================================================================
     Statistics on the log-likelihood     
====================================================================================================

 LN probability: -2927.114568 

====================================================================================================
     ------------------------------------------------------------------------------------------     
====================================================================================================



*************************************************************

Running emcee

emcee version:  3.1.6
Using threading pool for emcee: True

Saving temporary steps


Computing the autocorrelation time of the chains

***** WARNING ******
The integrated autocorrelation time cannot be reliably estimated
likely the chains are too short, and ACF analysis is not fully reliable
emcee.autocorr.integrated_time tolerance lowered to 20
If you still get a warning, you should drop these results entirely
Chains too short to apply convergence criteria
They should be at least 350*nthin = 52500

====================================================================================================
     Statistics on the posterior of the sampler parameters     
====================================================================================================

----- dataset:  RVdata
jitter_0         8         1.219       -0.061        0.063   (15-84 p)   [    0.0009,    12.9000]
offset_0         9          9.12        -0.28         0.32   (15-84 p)   [-9995.1400, 10014.6000]
offset_1        10         10.88        -0.46         0.49   (15-84 p)   [-9995.1400, 10014.6000]
offset_2        11          9.94        -0.32         0.36   (15-84 p)   [-9995.1400, 10014.6000]
offset_3        12         10.34        -0.32         0.34   (15-84 p)   [-9995.1400, 10014.6000]

----- dataset: RVdata                    ----- model: gp_multidimensional           
rot_amp         13           6.1         -1.2          1.4   (15-84 p)   [    0.0000,    10.0000]
con_amp         14          0.50        -0.13         0.15   (15-84 p)   [  -20.0000,    20.0000]

----- dataset:  FWHMdata
jitter_0        15          0.34        -0.20         0.33   (15-84 p)   [    0.0500,   500.0000]
offset_0        16        6693.3         -1.3          1.3   (15-84 p)   [-3318.5370, 16947.4824]
offset_1        17        6939.6         -1.8          1.8   (15-84 p)   [-3318.5370, 16947.4824]
offset_2        18        6857.3         -1.4          1.3   (15-84 p)   [-3318.5370, 16947.4824]
offset_3        19        6898.3         -1.3          1.3   (15-84 p)   [-3318.5370, 16947.4824]

----- dataset: FWHMdata                  ----- model: gp_multidimensional           
rot_amp         20           5.6         -2.7          2.6   (15-84 p)   [  -10.0000,    10.0000]
con_amp         21         -2.49        -0.58         0.45   (15-84 p)   [  -20.0000,    20.0000]

----- dataset:  Contrastdata
jitter_0        22           204          -13           14   (15-84 p)   [    1.3000, 13000.0000]
offset_0        23       -353863          -26           26   (15-84 p)   [-468113.8929, -343053.8068]
offset_1        24       -433647          -60           62   (15-84 p)   [-468113.8929, -343053.8068]
offset_2        25       -457695          -32           31   (15-84 p)   [-468113.8929, -343053.8068]
offset_3        26       -362706          -32           33   (15-84 p)   [-468113.8929, -343053.8068]

----- dataset: Contrastdata              ----- model: gp_multidimensional           
rot_amp         27           1.4         -7.5          6.1   (15-84 p)   [  -10.0000,    10.0000]
con_amp         28        -19.30        -0.52          1.3   (15-84 p)   [  -20.0000,    20.0000]

----- common model:  b
P                0        1.3065      -0.0026       0.0025   (15-84 p)   [    0.3785,     6.6439]
K                1          0.33        -0.20         0.18   (15-84 p)   [   -9.9658,     3.3219]
sre_coso         2          0.02        -0.19         0.19   (15-84 p)   [   -1.0000,     1.0000]
sre_sino         3          0.07        -0.19         0.17   (15-84 p)   [   -1.0000,     1.0000]
mean_long        4            82          -12           11   (15-84 p)   [  -99.2806,   260.7194]

----- common model:  activity
Prot             5         28.03        -0.57         0.60   (15-84 p)   [   20.0000,    35.0000]
Pdec             6         31.20        -0.88          2.0   (15-84 p)   [   30.0000,  1000.0000]
Oamp             7         -1.27        -0.11         0.11   (15-84 p)   [   -6.6439,     0.0000]

----- common model:  star_parameters

====================================================================================================
     Statistics on the model parameters obtained from the posteriors samples     
====================================================================================================

----- dataset:  RVdata
jitter_0                 1.219       -0.061        0.063    (15-84 p)
offset_0                  9.12        -0.28         0.32    (15-84 p)
offset_1                 10.88        -0.46         0.49    (15-84 p)
offset_2                  9.94        -0.32         0.36    (15-84 p)
offset_3                 10.34        -0.32         0.34    (15-84 p)


----- dataset: RVdata                    ----- model: gp_multidimensional           
rot_amp                    6.1         -1.2          1.4    (15-84 p)
con_amp                   0.50        -0.13         0.15    (15-84 p)

----- dataset:  FWHMdata
jitter_0                  0.34        -0.20         0.33    (15-84 p)
offset_0                6693.3         -1.3          1.3    (15-84 p)
offset_1                6939.6         -1.8          1.8    (15-84 p)
offset_2                6857.3         -1.4          1.3    (15-84 p)
offset_3                6898.3         -1.3          1.3    (15-84 p)


----- dataset: FWHMdata                  ----- model: gp_multidimensional           
rot_amp                    5.6         -2.7          2.6    (15-84 p)
con_amp                  -2.49        -0.58         0.45    (15-84 p)

----- dataset:  Contrastdata
jitter_0                   204          -13           14    (15-84 p)
offset_0               -353863          -26           26    (15-84 p)
offset_1               -433647          -60           62    (15-84 p)
offset_2               -457695          -32           31    (15-84 p)
offset_3               -362706          -32           33    (15-84 p)


----- dataset: Contrastdata              ----- model: gp_multidimensional           
rot_amp                    1.4         -7.5          6.1    (15-84 p)
con_amp                 -19.30        -0.52          1.3    (15-84 p)

----- common model:  b
P                       2.4735      -0.0044       0.0043    (15-84 p)
K                         1.26        -0.16         0.17    (15-84 p)
mean_long                   82          -12           11    (15-84 p)
e                        0.053       -0.037        0.060    (15-84 p)
omega                       40         -142           84    (15-84 p)

----- common model:  activity
Prot                     28.03        -0.57         0.60    (15-84 p)
Pdec                     31.20        -0.88          2.0    (15-84 p)
Oamp                     0.415       -0.031        0.033    (15-84 p)

----- common model:  star_parameters

====================================================================================================
     Statistics on the derived parameters obtained from the posteriors samples     
====================================================================================================

----- common model:  b
Inclination fixed to 90 deg!
Computing planetary mass under the approximation M_planet << M_star (threshold at 30.0 Me)
a_Rs                    7.6935      -0.0092       0.0090    (15-84 p)
M_Mj                    0.0084      -0.0011       0.0011    (15-84 p)
M_Me                      2.66        -0.35         0.35    (15-84 p)
Tc                   59334.820       -0.082          2.3    (15-84 p)
a_AU_(M)              0.035794    -0.000043     0.000042    (15-84 p)
a_AU_(rho,R)          0.035794    -0.000043     0.000042    (15-84 p)


====================================================================================================
     ------------------------------------------------------------------------------------------     
====================================================================================================



15000.0   steps completed, average lnprob:,  -2942.358894180064


Computing the autocorrelation time of the chains

***** WARNING ******
The integrated autocorrelation time cannot be reliably estimated
likely the chains are too short, and ACF analysis is not fully reliable
emcee.autocorr.integrated_time tolerance lowered to 20
If you still get a warning, you should drop these results entirely

Reference thinning used in the analysis: 150
Maximum value of the integrated ACF: 8
Step length used in the analysis: 8*nthin = 1200

Convergence criteria: less than 1% variation in ACF after 20 times the integrated ACF
At least 50*ACF after convergence, 100*ACF would be ideal
Negative values: not converged yet

   sampler parameter              |    ACF   | ACF*nthin | converged at | nsteps/ACF | to 100*ACF
                                  |          |           |              |            | 
   RVdata_jitter_0                |    5.29  |      794  |       -1     |      -1    |   80160 
   RVdata_offset_0                |    5.39  |      809  |       -1     |      -1    |   81694 
   RVdata_offset_1                |    5.39  |      808  |       -1     |      -1    |   81588 
   RVdata_offset_2                |    5.63  |      845  |       -1     |      -1    |   85362 
   RVdata_offset_3                |    5.58  |      837  |       -1     |      -1    |   84562 
   RVdata_gp_multidimensional_rot_amp |    5.57  |      836  |       -1     |      -1    |   84388 
   RVdata_gp_multidimensional_con_amp |    5.67  |      850  |       -1     |      -1    |   85893 
   FWHMdata_jitter_0              |    5.80  |      870  |       -1     |      -1    |   87873 
   FWHMdata_offset_0              |    5.78  |      867  |       -1     |      -1    |   87575 
   FWHMdata_offset_1              |    5.33  |      800  |       -1     |      -1    |   80801 
   FWHMdata_offset_2              |    5.58  |      837  |    28800     |       1    |   82500 
   FWHMdata_offset_3              |    5.49  |      824  |       -1     |      -1    |   83203 
   FWHMdata_gp_multidimensional_rot_amp |    5.32  |      798  |       -1     |      -1    |   80595 
   FWHMdata_gp_multidimensional_con_amp |    5.79  |      868  |       -1     |      -1    |   87697 
   Contrastdata_jitter_0          |    5.64  |      846  |       -1     |      -1    |   85453 
   Contrastdata_offset_0          |    5.19  |      778  |       -1     |      -1    |   78626 
   Contrastdata_offset_1          |    4.57  |      686  |       -1     |      -1    |   69267 
   Contrastdata_offset_2          |    5.02  |      753  |       -1     |      -1    |   76013 
   Contrastdata_offset_3          |    5.30  |      794  |       -1     |      -1    |   80224 
   Contrastdata_gp_multidimensional_rot_amp |    6.01  |      901  |       -1     |      -1    |   90997 
   Contrastdata_gp_multidimensional_con_amp |    8.45  |     1268  |       -1     |      -1    |  128024 
   b_P                            |    4.95  |      743  |       -1     |      -1    |   75062 
   b_K                            |    5.29  |      793  |       -1     |      -1    |   80068 
   b_sre_coso                     |    5.42  |      812  |       -1     |      -1    |   82059 
   b_sre_sino                     |    5.71  |      857  |       -1     |      -1    |   86516 
   b_mean_long                    |    4.87  |      731  |       -1     |      -1    |   73846 
   activity_Prot                  |    4.99  |      748  |       -1     |      -1    |   75587 
   activity_Pdec                  |    7.82  |     1173  |       -1     |      -1    |  118438 
   activity_Oamp                  |    5.05  |      757  |       -1     |      -1    |   76500 

    28 chains have not converged yet, keep going 

Check the documentation for the correct interpretation of these results:
https://pyorbit.readthedocs.io/running_pyorbit/terminal_output/#autocorrelation-analysis

====================================================================================================
     Statistics on the posterior of the sampler parameters     
====================================================================================================

----- dataset:  RVdata
jitter_0         8         1.219       -0.059        0.065   (15-84 p)   [    0.0009,    12.9000]
offset_0         9          9.12        -0.29         0.31   (15-84 p)   [-9995.1400, 10014.6000]
offset_1        10         10.89        -0.45         0.47   (15-84 p)   [-9995.1400, 10014.6000]
offset_2        11          9.96        -0.32         0.33   (15-84 p)   [-9995.1400, 10014.6000]
offset_3        12         10.34        -0.33         0.35   (15-84 p)   [-9995.1400, 10014.6000]

----- dataset: RVdata                    ----- model: gp_multidimensional           
rot_amp         13           6.0         -1.2          1.5   (15-84 p)   [    0.0000,    10.0000]
con_amp         14          0.50        -0.13         0.15   (15-84 p)   [  -20.0000,    20.0000]

----- dataset:  FWHMdata
jitter_0        15          0.34        -0.20         0.32   (15-84 p)   [    0.0500,   500.0000]
offset_0        16        6693.3         -1.4          1.3   (15-84 p)   [-3318.5370, 16947.4824]
offset_1        17        6939.4         -1.8          1.8   (15-84 p)   [-3318.5370, 16947.4824]
offset_2        18        6857.3         -1.4          1.3   (15-84 p)   [-3318.5370, 16947.4824]
offset_3        19        6898.3         -1.4          1.4   (15-84 p)   [-3318.5370, 16947.4824]

----- dataset: FWHMdata                  ----- model: gp_multidimensional           
rot_amp         20           5.6         -2.7          2.6   (15-84 p)   [  -10.0000,    10.0000]
con_amp         21         -2.51        -0.55         0.45   (15-84 p)   [  -20.0000,    20.0000]

----- dataset:  Contrastdata
jitter_0        22           206          -13           13   (15-84 p)   [    1.3000, 13000.0000]
offset_0        23       -353864          -26           26   (15-84 p)   [-468113.8929, -343053.8068]
offset_1        24       -433650          -62           65   (15-84 p)   [-468113.8929, -343053.8068]
offset_2        25       -457693          -32           31   (15-84 p)   [-468113.8929, -343053.8068]
offset_3        26       -362708          -34           32   (15-84 p)   [-468113.8929, -343053.8068]

----- dataset: Contrastdata              ----- model: gp_multidimensional           
rot_amp         27           1.2         -7.4          6.3   (15-84 p)   [  -10.0000,    10.0000]
con_amp         28        -19.20        -0.59          1.3   (15-84 p)   [  -20.0000,    20.0000]

----- common model:  b
P                0        1.3066      -0.0025       0.0025   (15-84 p)   [    0.3785,     6.6439]
K                1          0.33        -0.20         0.18   (15-84 p)   [   -9.9658,     3.3219]
sre_coso         2          0.03        -0.20         0.19   (15-84 p)   [   -1.0000,     1.0000]
sre_sino         3          0.07        -0.20         0.17   (15-84 p)   [   -1.0000,     1.0000]
mean_long        4            81          -11           11   (15-84 p)   [  -99.2806,   260.7194]

----- common model:  activity
Prot             5         28.04        -0.54         0.57   (15-84 p)   [   20.0000,    35.0000]
Pdec             6          31.3         -1.0          2.1   (15-84 p)   [   30.0000,  1000.0000]
Oamp             7         -1.26        -0.11         0.10   (15-84 p)   [   -6.6439,     0.0000]

----- common model:  star_parameters

====================================================================================================
     Statistics on the model parameters obtained from the posteriors samples     
====================================================================================================

----- dataset:  RVdata
jitter_0                 1.219       -0.059        0.065    (15-84 p)
offset_0                  9.12        -0.29         0.31    (15-84 p)
offset_1                 10.89        -0.45         0.47    (15-84 p)
offset_2                  9.96        -0.32         0.33    (15-84 p)
offset_3                 10.34        -0.33         0.35    (15-84 p)


----- dataset: RVdata                    ----- model: gp_multidimensional           
rot_amp                    6.0         -1.2          1.5    (15-84 p)
con_amp                   0.50        -0.13         0.15    (15-84 p)

----- dataset:  FWHMdata
jitter_0                  0.34        -0.20         0.32    (15-84 p)
offset_0                6693.3         -1.4          1.3    (15-84 p)
offset_1                6939.4         -1.8          1.8    (15-84 p)
offset_2                6857.3         -1.4          1.3    (15-84 p)
offset_3                6898.3         -1.4          1.4    (15-84 p)


----- dataset: FWHMdata                  ----- model: gp_multidimensional           
rot_amp                    5.6         -2.7          2.6    (15-84 p)
con_amp                  -2.51        -0.55         0.45    (15-84 p)

----- dataset:  Contrastdata
jitter_0                   206          -13           13    (15-84 p)
offset_0               -353864          -26           26    (15-84 p)
offset_1               -433650          -62           65    (15-84 p)
offset_2               -457693          -32           31    (15-84 p)
offset_3               -362708          -34           32    (15-84 p)


----- dataset: Contrastdata              ----- model: gp_multidimensional           
rot_amp                    1.2         -7.4          6.3    (15-84 p)
con_amp                 -19.20        -0.59          1.3    (15-84 p)

----- common model:  b
P                       2.4735      -0.0043       0.0043    (15-84 p)
K                         1.25        -0.16         0.17    (15-84 p)
mean_long                   81          -11           11    (15-84 p)
e                        0.055       -0.039        0.059    (15-84 p)
omega                       37         -136           87    (15-84 p)

----- common model:  activity
Prot                     28.04        -0.54         0.57    (15-84 p)
Pdec                      31.3         -1.0          2.1    (15-84 p)
Oamp                     0.416       -0.032        0.031    (15-84 p)

----- common model:  star_parameters

====================================================================================================
     Statistics on the derived parameters obtained from the posteriors samples     
====================================================================================================

----- common model:  b
Inclination fixed to 90 deg!
Computing planetary mass under the approximation M_planet << M_star (threshold at 30.0 Me)
a_Rs                    7.6935      -0.0090       0.0088    (15-84 p)
M_Mj                    0.0083      -0.0011       0.0011    (15-84 p)
M_Me                      2.65        -0.34         0.35    (15-84 p)
Tc                   59334.817       -0.078          2.3    (15-84 p)
a_AU_(M)              0.035794    -0.000042     0.000041    (15-84 p)
a_AU_(rho,R)          0.035794    -0.000042     0.000041    (15-84 p)


====================================================================================================
     ------------------------------------------------------------------------------------------     
====================================================================================================



30000.0   steps completed, average lnprob:,  -2942.913839494602


Computing the autocorrelation time of the chains

***** WARNING ******
The integrated autocorrelation time cannot be reliably estimated
likely the chains are too short, and ACF analysis is not fully reliable
emcee.autocorr.integrated_time tolerance lowered to 20
If you still get a warning, you should drop these results entirely

Reference thinning used in the analysis: 150
Maximum value of the integrated ACF: 9
Step length used in the analysis: 9*nthin = 1350

Convergence criteria: less than 1% variation in ACF after 20 times the integrated ACF
At least 50*ACF after convergence, 100*ACF would be ideal
Negative values: not converged yet

   sampler parameter              |    ACF   | ACF*nthin | converged at | nsteps/ACF | to 100*ACF
                                  |          |           |              |            | 
   RVdata_jitter_0                |    6.00  |      899  |    41850     |       4    |   86793 
   RVdata_offset_0                |    6.39  |      959  |       -1     |      -1    |   96863 
   RVdata_offset_1                |    6.03  |      904  |    32400     |      14    |   77835 
   RVdata_offset_2                |    6.17  |      926  |    43200     |       2    |   90808 
   RVdata_offset_3                |    6.26  |      938  |    37800     |       8    |   86649 
   RVdata_gp_multidimensional_rot_amp |    6.47  |      970  |    41850     |       3    |   93827 
   RVdata_gp_multidimensional_con_amp |    6.36  |      954  |    36450     |       9    |   86809 
   FWHMdata_jitter_0              |    6.36  |      954  |    44550     |       0    |   94985 
   FWHMdata_offset_0              |    6.33  |      950  |    33750     |      12    |   83767 
   FWHMdata_offset_1              |    6.21  |      932  |    37800     |       8    |   85977 
   FWHMdata_offset_2              |    6.28  |      942  |    33750     |      12    |   82959 
   FWHMdata_offset_3              |    6.31  |      947  |    40500     |       5    |   90199 
   FWHMdata_gp_multidimensional_rot_amp |    6.23  |      935  |    35100     |      11    |   83551 
   FWHMdata_gp_multidimensional_con_amp |    6.56  |      984  |    40500     |       5    |   93867 
   Contrastdata_jitter_0          |    6.01  |      902  |    35100     |      11    |   80264 
   Contrastdata_offset_0          |    5.88  |      882  |    33750     |      13    |   76929 
   Contrastdata_offset_1          |    5.46  |      819  |    41850     |       4    |   78718 
   Contrastdata_offset_2          |    5.50  |      825  |    37800     |       9    |   75265 
   Contrastdata_offset_3          |    5.86  |      879  |    40500     |       5    |   83432 
   Contrastdata_gp_multidimensional_rot_amp |    6.63  |      994  |    32400     |      13    |   86826 
   Contrastdata_gp_multidimensional_con_amp |    9.10  |     1365  |    37800     |       5    |  129264 
   b_P                            |    5.66  |      849  |       -1     |      -1    |   85781 
   b_K                            |    5.81  |      871  |    39150     |       7    |   81251 
   b_sre_coso                     |    6.07  |      910  |       -1     |      -1    |   91927 
   b_sre_sino                     |    6.06  |      909  |    37800     |       8    |   83682 
   b_mean_long                    |    5.71  |      856  |    44550     |       1    |   85170 
   activity_Prot                  |    5.51  |      827  |    33750     |      14    |   71431 
   activity_Pdec                  |    8.17  |     1225  |    32400     |      10    |  109906 
   activity_Oamp                  |    5.57  |      836  |    37800     |       9    |   76418 

     3 chains have not converged yet, keep going 

Check the documentation for the correct interpretation of these results:
https://pyorbit.readthedocs.io/running_pyorbit/terminal_output/#autocorrelation-analysis

====================================================================================================
     Statistics on the posterior of the sampler parameters     
====================================================================================================

----- dataset:  RVdata
jitter_0         8         1.216       -0.059        0.065   (15-84 p)   [    0.0009,    12.9000]
offset_0         9          9.11        -0.30         0.32   (15-84 p)   [-9995.1400, 10014.6000]
offset_1        10         10.89        -0.44         0.46   (15-84 p)   [-9995.1400, 10014.6000]
offset_2        11          9.95        -0.32         0.34   (15-84 p)   [-9995.1400, 10014.6000]
offset_3        12         10.34        -0.33         0.35   (15-84 p)   [-9995.1400, 10014.6000]

----- dataset: RVdata                    ----- model: gp_multidimensional           
rot_amp         13           6.0         -1.2          1.5   (15-84 p)   [    0.0000,    10.0000]
con_amp         14          0.50        -0.13         0.15   (15-84 p)   [  -20.0000,    20.0000]

----- dataset:  FWHMdata
jitter_0        15          0.33        -0.20         0.32   (15-84 p)   [    0.0500,   500.0000]
offset_0        16        6693.3         -1.4          1.3   (15-84 p)   [-3318.5370, 16947.4824]
offset_1        17        6939.5         -1.8          1.8   (15-84 p)   [-3318.5370, 16947.4824]
offset_2        18        6857.3         -1.4          1.3   (15-84 p)   [-3318.5370, 16947.4824]
offset_3        19        6898.3         -1.4          1.4   (15-84 p)   [-3318.5370, 16947.4824]

----- dataset: FWHMdata                  ----- model: gp_multidimensional           
rot_amp         20           5.7         -2.7          2.5   (15-84 p)   [  -10.0000,    10.0000]
con_amp         21         -2.52        -0.58         0.46   (15-84 p)   [  -20.0000,    20.0000]

----- dataset:  Contrastdata
jitter_0        22           205          -14           14   (15-84 p)   [    1.3000, 13000.0000]
offset_0        23       -353863          -26           26   (15-84 p)   [-468113.8929, -343053.8068]
offset_1        24       -433649          -63           65   (15-84 p)   [-468113.8929, -343053.8068]
offset_2        25       -457693          -31           31   (15-84 p)   [-468113.8929, -343053.8068]
offset_3        26       -362707          -33           33   (15-84 p)   [-468113.8929, -343053.8068]

----- dataset: Contrastdata              ----- model: gp_multidimensional           
rot_amp         27           1.1         -7.4          6.3   (15-84 p)   [  -10.0000,    10.0000]
con_amp         28        -19.19        -0.61          1.4   (15-84 p)   [  -20.0000,    20.0000]

----- common model:  b
P                0        1.3066      -0.0026       0.0025   (15-84 p)   [    0.3785,     6.6439]
K                1          0.33        -0.20         0.18   (15-84 p)   [   -9.9658,     3.3219]
sre_coso         2          0.02        -0.20         0.19   (15-84 p)   [   -1.0000,     1.0000]
sre_sino         3          0.07        -0.19         0.17   (15-84 p)   [   -1.0000,     1.0000]
mean_long        4            82          -11           11   (15-84 p)   [  -99.2806,   260.7194]

----- common model:  activity
Prot             5         28.03        -0.54         0.55   (15-84 p)   [   20.0000,    35.0000]
Pdec             6         31.30        -0.99          2.1   (15-84 p)   [   30.0000,  1000.0000]
Oamp             7         -1.27        -0.11         0.10   (15-84 p)   [   -6.6439,     0.0000]

----- common model:  star_parameters

====================================================================================================
     Statistics on the model parameters obtained from the posteriors samples     
====================================================================================================

----- dataset:  RVdata
jitter_0                 1.216       -0.059        0.065    (15-84 p)
offset_0                  9.11        -0.30         0.32    (15-84 p)
offset_1                 10.89        -0.44         0.46    (15-84 p)
offset_2                  9.95        -0.32         0.34    (15-84 p)
offset_3                 10.34        -0.33         0.35    (15-84 p)


----- dataset: RVdata                    ----- model: gp_multidimensional           
rot_amp                    6.0         -1.2          1.5    (15-84 p)
con_amp                   0.50        -0.13         0.15    (15-84 p)

----- dataset:  FWHMdata
jitter_0                  0.33        -0.20         0.32    (15-84 p)
offset_0                6693.3         -1.4          1.3    (15-84 p)
offset_1                6939.5         -1.8          1.8    (15-84 p)
offset_2                6857.3         -1.4          1.3    (15-84 p)
offset_3                6898.3         -1.4          1.4    (15-84 p)


----- dataset: FWHMdata                  ----- model: gp_multidimensional           
rot_amp                    5.7         -2.7          2.5    (15-84 p)
con_amp                  -2.52        -0.58         0.46    (15-84 p)

----- dataset:  Contrastdata
jitter_0                   205          -14           14    (15-84 p)
offset_0               -353863          -26           26    (15-84 p)
offset_1               -433649          -63           65    (15-84 p)
offset_2               -457693          -31           31    (15-84 p)
offset_3               -362707          -33           33    (15-84 p)


----- dataset: Contrastdata              ----- model: gp_multidimensional           
rot_amp                    1.1         -7.4          6.3    (15-84 p)
con_amp                 -19.19        -0.61          1.4    (15-84 p)

----- common model:  b
P                       2.4735      -0.0044       0.0042    (15-84 p)
K                         1.25        -0.16         0.17    (15-84 p)
mean_long                   82          -11           11    (15-84 p)
e                        0.054       -0.038        0.059    (15-84 p)
omega                       36         -141           88    (15-84 p)

----- common model:  activity
Prot                     28.03        -0.54         0.55    (15-84 p)
Pdec                     31.30        -0.99          2.1    (15-84 p)
Oamp                     0.416       -0.032        0.030    (15-84 p)

----- common model:  star_parameters

====================================================================================================
     Statistics on the derived parameters obtained from the posteriors samples     
====================================================================================================

----- common model:  b
Inclination fixed to 90 deg!
Computing planetary mass under the approximation M_planet << M_star (threshold at 30.0 Me)
a_Rs                    7.6936      -0.0091       0.0087    (15-84 p)
M_Mj                    0.0083      -0.0011       0.0011    (15-84 p)
M_Me                      2.65        -0.34         0.36    (15-84 p)
Tc                   59334.819       -0.080          2.3    (15-84 p)
a_AU_(M)              0.035794    -0.000042     0.000041    (15-84 p)
a_AU_(rho,R)          0.035794    -0.000042     0.000041    (15-84 p)


====================================================================================================
     ------------------------------------------------------------------------------------------     
====================================================================================================



45000.0   steps completed, average lnprob:,  -2941.928382018362


Computing the autocorrelation time of the chains

***** WARNING ******
The integrated autocorrelation time cannot be reliably estimated
likely the chains are too short, and ACF analysis is not fully reliable
emcee.autocorr.integrated_time tolerance lowered to 20
If you still get a warning, you should drop these results entirely

Reference thinning used in the analysis: 150
Maximum value of the integrated ACF: 9
Step length used in the analysis: 9*nthin = 1350

Convergence criteria: less than 1% variation in ACF after 20 times the integrated ACF
At least 50*ACF after convergence, 100*ACF would be ideal
Negative values: not converged yet

   sampler parameter              |    ACF   | ACF*nthin | converged at | nsteps/ACF | to 100*ACF
                                  |          |           |              |            | 
   RVdata_jitter_0                |    6.46  |      969  |    41850     |      19    |   78761 
   RVdata_offset_0                |    6.69  |     1003  |    45900     |      14    |   86189 
   RVdata_offset_1                |    6.66  |      998  |    32400     |      28    |   72226 
   RVdata_offset_2                |    6.58  |      988  |    43200     |      17    |   81954 
   RVdata_offset_3                |    6.48  |      972  |    37800     |      23    |   74975 
   RVdata_gp_multidimensional_rot_amp |    6.62  |      993  |    41850     |      18    |   81187 
   RVdata_gp_multidimensional_con_amp |    6.58  |      987  |    36450     |      24    |   75189 
   FWHMdata_jitter_0              |    6.76  |     1014  |    44550     |      15    |   85951 
   FWHMdata_offset_0              |    6.73  |     1010  |    33750     |      26    |   74772 
   FWHMdata_offset_1              |    6.64  |      996  |    37800     |      22    |   77381 
   FWHMdata_offset_2              |    6.83  |     1025  |    33750     |      26    |   76271 
   FWHMdata_offset_3              |    6.91  |     1036  |    40500     |      19    |   84084 
   FWHMdata_gp_multidimensional_rot_amp |    6.49  |      973  |    35100     |      26    |   72436 
   FWHMdata_gp_multidimensional_con_amp |    6.64  |      996  |    40500     |      20    |   80148 
   Contrastdata_jitter_0          |    6.39  |      959  |    35100     |      26    |   70991 
   Contrastdata_offset_0          |    6.05  |      908  |    33750     |      29    |   64570 
   Contrastdata_offset_1          |    6.07  |      911  |    41850     |      20    |   72944 
   Contrastdata_offset_2          |    5.99  |      898  |    39150     |      23    |   68946 
   Contrastdata_offset_3          |    6.05  |      907  |    40500     |      21    |   71201 
   Contrastdata_gp_multidimensional_rot_amp |    6.81  |     1022  |    32400     |      27    |   74596 
   Contrastdata_gp_multidimensional_con_amp |    9.65  |     1447  |    37800     |      15    |  122499 
   b_P                            |    6.12  |      918  |    48600     |      12    |   80365 
   b_K                            |    6.07  |      910  |    39150     |      23    |   70152 
   b_sre_coso                     |    6.26  |      938  |    45900     |      15    |   79726 
   b_sre_sino                     |    6.99  |     1049  |    37800     |      21    |   82715 
   b_mean_long                    |    6.17  |      926  |    44550     |      17    |   77157 
   activity_Prot                  |    5.86  |      879  |    33750     |      30    |   61680 
   activity_Pdec                  |    8.31  |     1247  |    32400     |      22    |   97081 
   activity_Oamp                  |    6.04  |      906  |    37800     |      25    |   68376 

All the chains have converged, but PyORBIT should keep running for about:
28456 more steps to reach 50*ACF,
78087 more steps to reach 100*ACF
Suggested value for burnin: 38824

Check the documentation for the correct interpretation of these results:
https://pyorbit.readthedocs.io/running_pyorbit/terminal_output/#autocorrelation-analysis

====================================================================================================
     Statistics on the posterior of the sampler parameters     
====================================================================================================

----- dataset:  RVdata
jitter_0         8         1.217       -0.059        0.065   (15-84 p)   [    0.0009,    12.9000]
offset_0         9          9.11        -0.29         0.31   (15-84 p)   [-9995.1400, 10014.6000]
offset_1        10         10.88        -0.45         0.46   (15-84 p)   [-9995.1400, 10014.6000]
offset_2        11          9.94        -0.32         0.33   (15-84 p)   [-9995.1400, 10014.6000]
offset_3        12         10.34        -0.33         0.34   (15-84 p)   [-9995.1400, 10014.6000]

----- dataset: RVdata                    ----- model: gp_multidimensional           
rot_amp         13           6.0         -1.2          1.5   (15-84 p)   [    0.0000,    10.0000]
con_amp         14          0.50        -0.13         0.15   (15-84 p)   [  -20.0000,    20.0000]

----- dataset:  FWHMdata
jitter_0        15          0.33        -0.20         0.32   (15-84 p)   [    0.0500,   500.0000]
offset_0        16        6693.3         -1.3          1.3   (15-84 p)   [-3318.5370, 16947.4824]
offset_1        17        6939.5         -1.8          1.8   (15-84 p)   [-3318.5370, 16947.4824]
offset_2        18        6857.3         -1.4          1.3   (15-84 p)   [-3318.5370, 16947.4824]
offset_3        19        6898.3         -1.4          1.4   (15-84 p)   [-3318.5370, 16947.4824]

----- dataset: FWHMdata                  ----- model: gp_multidimensional           
rot_amp         20           5.7         -2.7          2.5   (15-84 p)   [  -10.0000,    10.0000]
con_amp         21         -2.52        -0.57         0.46   (15-84 p)   [  -20.0000,    20.0000]

----- dataset:  Contrastdata
jitter_0        22           205          -14           14   (15-84 p)   [    1.3000, 13000.0000]
offset_0        23       -353863          -26           26   (15-84 p)   [-468113.8929, -343053.8068]
offset_1        24       -433649          -64           65   (15-84 p)   [-468113.8929, -343053.8068]
offset_2        25       -457693          -31           31   (15-84 p)   [-468113.8929, -343053.8068]
offset_3        26       -362707          -33           33   (15-84 p)   [-468113.8929, -343053.8068]

----- dataset: Contrastdata              ----- model: gp_multidimensional           
rot_amp         27           1.1         -7.3          6.3   (15-84 p)   [  -10.0000,    10.0000]
con_amp         28        -19.18        -0.62          1.4   (15-84 p)   [  -20.0000,    20.0000]

----- common model:  b
P                0        1.3066      -0.0025       0.0025   (15-84 p)   [    0.3785,     6.6439]
K                1          0.33        -0.20         0.18   (15-84 p)   [   -9.9658,     3.3219]
sre_coso         2          0.02        -0.20         0.19   (15-84 p)   [   -1.0000,     1.0000]
sre_sino         3          0.06        -0.19         0.17   (15-84 p)   [   -1.0000,     1.0000]
mean_long        4            81          -11           12   (15-84 p)   [  -99.2806,   260.7194]

----- common model:  activity
Prot             5         28.04        -0.55         0.56   (15-84 p)   [   20.0000,    35.0000]
Pdec             6         31.26        -0.94          2.1   (15-84 p)   [   30.0000,  1000.0000]
Oamp             7         -1.27        -0.11         0.10   (15-84 p)   [   -6.6439,     0.0000]

----- common model:  star_parameters

====================================================================================================
     Statistics on the model parameters obtained from the posteriors samples     
====================================================================================================

----- dataset:  RVdata
jitter_0                 1.217       -0.059        0.065    (15-84 p)
offset_0                  9.11        -0.29         0.31    (15-84 p)
offset_1                 10.88        -0.45         0.46    (15-84 p)
offset_2                  9.94        -0.32         0.33    (15-84 p)
offset_3                 10.34        -0.33         0.34    (15-84 p)


----- dataset: RVdata                    ----- model: gp_multidimensional           
rot_amp                    6.0         -1.2          1.5    (15-84 p)
con_amp                   0.50        -0.13         0.15    (15-84 p)

----- dataset:  FWHMdata
jitter_0                  0.33        -0.20         0.32    (15-84 p)
offset_0                6693.3         -1.3          1.3    (15-84 p)
offset_1                6939.5         -1.8          1.8    (15-84 p)
offset_2                6857.3         -1.4          1.3    (15-84 p)
offset_3                6898.3         -1.4          1.4    (15-84 p)


----- dataset: FWHMdata                  ----- model: gp_multidimensional           
rot_amp                    5.7         -2.7          2.5    (15-84 p)
con_amp                  -2.52        -0.57         0.46    (15-84 p)

----- dataset:  Contrastdata
jitter_0                   205          -14           14    (15-84 p)
offset_0               -353863          -26           26    (15-84 p)
offset_1               -433649          -64           65    (15-84 p)
offset_2               -457693          -31           31    (15-84 p)
offset_3               -362707          -33           33    (15-84 p)


----- dataset: Contrastdata              ----- model: gp_multidimensional           
rot_amp                    1.1         -7.3          6.3    (15-84 p)
con_amp                 -19.18        -0.62          1.4    (15-84 p)

----- common model:  b
P                       2.4735      -0.0044       0.0042    (15-84 p)
K                         1.25        -0.16         0.17    (15-84 p)
mean_long                   81          -11           12    (15-84 p)
e                        0.054       -0.038        0.059    (15-84 p)
omega                       34         -141           90    (15-84 p)

----- common model:  activity
Prot                     28.04        -0.55         0.56    (15-84 p)
Pdec                     31.26        -0.94          2.1    (15-84 p)
Oamp                     0.415       -0.031        0.031    (15-84 p)

----- common model:  star_parameters

====================================================================================================
     Statistics on the derived parameters obtained from the posteriors samples     
====================================================================================================

----- common model:  b
Inclination fixed to 90 deg!
Computing planetary mass under the approximation M_planet << M_star (threshold at 30.0 Me)
a_Rs                    7.6935      -0.0091       0.0088    (15-84 p)
M_Mj                    0.0083      -0.0011       0.0011    (15-84 p)
M_Me                      2.64        -0.35         0.36    (15-84 p)
Tc                   59334.819       -0.080          2.3    (15-84 p)
a_AU_(M)              0.035794    -0.000042     0.000041    (15-84 p)
a_AU_(rho,R)          0.035794    -0.000042     0.000041    (15-84 p)


====================================================================================================
     ------------------------------------------------------------------------------------------     
====================================================================================================



60000.0   steps completed, average lnprob:,  -2942.703691462196


emcee completed


:::---::: PyORBIT v11.0.1 :::---:::

Python version in use:
3.10.18 (main, Jun  5 2025, 13:14:17) [GCC 11.2.0]
LaTeX disabled by default

Using orbital model:  keplerian
Using orbital parametrization:  Eastman2013

gp_multidimensional  S+LEAF model, number of harmonics: 4

GP model: gp_multidimensional  hyperparameters_condition:    True
GP model: gp_multidimensional  rotation_decay_condition:     True

### PyORBIT version used in the analysis:  11.0.1

 emcee version:  3.1.6

 Reference Time Tref: 59334.700184

 Data points:720
 Dimensions: 29
 Nwalkers:   116
 Steps:      60000


Number of samplings: 34800

Recomputing ln-prior, it may take a while...

ln-probability   distribution:  -2942.53       -4.32      3.61 (15-84 p) 
ln-prior         distribution:   -188.47       -2.27      1.54 (15-84 p) 
ln-likelihood    distribution:  -2753.75       -4.46      3.88 (15-84 p) 


*** Information criteria using the likelihood distribution

 BIC from distribution  (using likelihood)  =   5698.30     -7.76    8.92 (15-84 p)
 AIC from distribution  (using likelihood)  =   5565.50     -7.76    8.92 (15-84 p)
 AICc from distribution (using likelihood)  =   5568.02     -7.76    8.92 (15-84 p)


*** Information criteria using the median parameter set

 ln_probability of Median solution =  -2930.11
 ln_priors of Median solution      =   -187.52
 ln_likelihood of Median solution  =  -2742.60

 Median BIC  (using likelihood) =   5676.00
 Median AIC  (using likelihood) =   5543.20
 Median AICc (using likelihood) =   5545.72


*** Information criteria using the MAP parameter set

 ln_probability of MAP solution =  -2931.80
 ln_priors of MAP solution      =   -187.27
 ln_likelihood of MAP solution  =  -2744.53

 MAP BIC  (using likelihood)    =   5679.86
 MAP AIC  (using likelihood)    =   5547.06
 MAP AICc (using likelihood)    =   5549.59

 AICc suggested over AIC because NDATA ( 720 ) < 40 * NDIM ( 29 )

****************************************************************************************************


Computing the autocorrelation time of the chains

***** WARNING ******
The integrated autocorrelation time cannot be reliably estimated
likely the chains are too short, and ACF analysis is not fully reliable
emcee.autocorr.integrated_time tolerance lowered to 20
If you still get a warning, you should drop these results entirely

Reference thinning used in the analysis: 150
Maximum value of the integrated ACF: 9
Step length used in the analysis: 9*nthin = 1350

Convergence criteria: less than 1% variation in ACF after 20 times the integrated ACF
At least 50*ACF after convergence, 100*ACF would be ideal
Negative values: not converged yet

   sampler parameter              |    ACF   | ACF*nthin | converged at | nsteps/ACF | to 100*ACF
                                  |          |           |              |            | 
   RVdata_jitter_0                |    6.46  |      969  |    41850     |      19    |   78761 
   RVdata_offset_0                |    6.69  |     1003  |    45900     |      14    |   86189 
   RVdata_offset_1                |    6.66  |      998  |    32400     |      28    |   72226 
   RVdata_offset_2                |    6.58  |      988  |    43200     |      17    |   81954 
   RVdata_offset_3                |    6.48  |      972  |    37800     |      23    |   74975 
   RVdata_gp_multidimensional_rot_amp |    6.62  |      993  |    41850     |      18    |   81187 
   RVdata_gp_multidimensional_con_amp |    6.58  |      987  |    36450     |      24    |   75189 
   FWHMdata_jitter_0              |    6.76  |     1014  |    44550     |      15    |   85951 
   FWHMdata_offset_0              |    6.73  |     1010  |    33750     |      26    |   74772 
   FWHMdata_offset_1              |    6.64  |      996  |    37800     |      22    |   77381 
   FWHMdata_offset_2              |    6.83  |     1025  |    33750     |      26    |   76271 
   FWHMdata_offset_3              |    6.91  |     1036  |    40500     |      19    |   84084 
   FWHMdata_gp_multidimensional_rot_amp |    6.49  |      973  |    35100     |      26    |   72436 
   FWHMdata_gp_multidimensional_con_amp |    6.64  |      996  |    40500     |      20    |   80148 
   Contrastdata_jitter_0          |    6.39  |      959  |    35100     |      26    |   70991 
   Contrastdata_offset_0          |    6.05  |      908  |    33750     |      29    |   64570 
   Contrastdata_offset_1          |    6.07  |      911  |    41850     |      20    |   72944 
   Contrastdata_offset_2          |    5.99  |      898  |    39150     |      23    |   68946 
   Contrastdata_offset_3          |    6.05  |      907  |    40500     |      21    |   71201 
   Contrastdata_gp_multidimensional_rot_amp |    6.81  |     1022  |    32400     |      27    |   74596 
   Contrastdata_gp_multidimensional_con_amp |    9.65  |     1447  |    37800     |      15    |  122499 
   b_P                            |    6.12  |      918  |    48600     |      12    |   80365 
   b_K                            |    6.07  |      910  |    39150     |      23    |   70152 
   b_sre_coso                     |    6.26  |      938  |    45900     |      15    |   79726 
   b_sre_sino                     |    6.99  |     1049  |    37800     |      21    |   82715 
   b_mean_long                    |    6.17  |      926  |    44550     |      17    |   77157 
   activity_Prot                  |    5.86  |      879  |    33750     |      30    |   61680 
   activity_Pdec                  |    8.31  |     1247  |    32400     |      22    |   97081 
   activity_Oamp                  |    6.04  |      906  |    37800     |      25    |   68376 

All the chains have converged, but PyORBIT should keep running for about:
28456 more steps to reach 50*ACF,
78087 more steps to reach 100*ACF
Suggested value for burnin: 38824

Check the documentation for the correct interpretation of these results:
https://pyorbit.readthedocs.io/running_pyorbit/terminal_output/#autocorrelation-analysis

 Plotting the ACF... 


====================================================================================================
     Ids, spaces (s), boundaries (b) and priors (p) of the sampler parameters     
====================================================================================================

----- dataset:  RVdata
jitter_0      id:   8  s:Linear      b:[      0.0009,      12.9000]   p:Uniform   []
offset_0      id:   9  s:Linear      b:[  -9995.1400,   10014.6000]   p:Uniform   []
offset_1      id:  10  s:Linear      b:[  -9995.1400,   10014.6000]   p:Uniform   []
offset_2      id:  11  s:Linear      b:[  -9995.1400,   10014.6000]   p:Uniform   []
offset_3      id:  12  s:Linear      b:[  -9995.1400,   10014.6000]   p:Uniform   []

----- dataset: RVdata                    ----- model: gp_multidimensional           
rot_amp       id:  13  s:Linear      b:[      0.0000,      10.0000]   p:Uniform   []
con_amp       id:  14  s:Linear      b:[    -20.0000,      20.0000]   p:Uniform   []

----- dataset:  FWHMdata
jitter_0      id:  15  s:Linear      b:[      0.0500,     500.0000]   p:Uniform   []
offset_0      id:  16  s:Linear      b:[  -3318.5370,   16947.4824]   p:Uniform   []
offset_1      id:  17  s:Linear      b:[  -3318.5370,   16947.4824]   p:Uniform   []
offset_2      id:  18  s:Linear      b:[  -3318.5370,   16947.4824]   p:Uniform   []
offset_3      id:  19  s:Linear      b:[  -3318.5370,   16947.4824]   p:Uniform   []

----- dataset: FWHMdata                  ----- model: gp_multidimensional           
rot_amp       id:  20  s:Linear      b:[    -10.0000,      10.0000]   p:Uniform   []
con_amp       id:  21  s:Linear      b:[    -20.0000,      20.0000]   p:Uniform   []

----- dataset:  Contrastdata
jitter_0      id:  22  s:Linear      b:[      1.3000,   13000.0000]   p:Uniform   []
offset_0      id:  23  s:Linear      b:[-468113.8929, -343053.8068]   p:Uniform   []
offset_1      id:  24  s:Linear      b:[-468113.8929, -343053.8068]   p:Uniform   []
offset_2      id:  25  s:Linear      b:[-468113.8929, -343053.8068]   p:Uniform   []
offset_3      id:  26  s:Linear      b:[-468113.8929, -343053.8068]   p:Uniform   []

----- dataset: Contrastdata              ----- model: gp_multidimensional           
rot_amp       id:  27  s:Linear      b:[    -10.0000,      10.0000]   p:Uniform   []
con_amp       id:  28  s:Linear      b:[    -20.0000,      20.0000]   p:Uniform   []

----- common model:  b
P             id:   0  s:Log_Base2   b:[      0.3785,       6.6439]   p:Uniform   []
K             id:   1  s:Log_Base2   b:[     -9.9658,       3.3219]   p:Uniform   []
sre_coso      id:   2  s:Linear      b:[     -1.0000,       1.0000]   p:Uniform   []
sre_sino      id:   3  s:Linear      b:[     -1.0000,       1.0000]   p:Uniform   []
mean_long     id:   4  s:Linear      b:[    -99.2806,     260.7194]   p:Uniform   []
e             derived (no id, space, bound)                           p:Gaussian   [0.    0.098]
omega         derived (no id, space, bound)                           p:Uniform   [0.0, 360.0]

----- common model:  activity
Prot          id:   5  s:Linear      b:[     20.0000,      35.0000]   p:Gaussian   [28.   0.5]
Pdec          id:   6  s:Linear      b:[     30.0000,    1000.0000]   p:Uniform   []
Oamp          id:   7  s:Log_Base2   b:[     -6.6439,       0.0000]   p:Gaussian   [0.35  0.035]

----- common model:  star_parameters
mass          derived (no id, space, bound)                           p:Gaussian   [1.e+00 1.e-06]
radius        derived (no id, space, bound)                           p:Gaussian   [1.e+00 1.e-06]
density       derived (no id, space, bound)                           p:Gaussian   [1.e+00 1.e-06]


****************************************************************************************************
****************************************************************************************************

 Confidence intervals (median value, 34.135th percentile from the median on the left and right side)

====================================================================================================
     Statistics on the posterior of the sampler parameters     
====================================================================================================

----- dataset:  RVdata
jitter_0         8         1.217       -0.059        0.065   (15-84 p)   [    0.0009,    12.9000]
offset_0         9          9.11        -0.29         0.31   (15-84 p)   [-9995.1400, 10014.6000]
offset_1        10         10.88        -0.45         0.46   (15-84 p)   [-9995.1400, 10014.6000]
offset_2        11          9.94        -0.32         0.33   (15-84 p)   [-9995.1400, 10014.6000]
offset_3        12         10.34        -0.33         0.34   (15-84 p)   [-9995.1400, 10014.6000]

----- dataset: RVdata                    ----- model: gp_multidimensional           
rot_amp         13           6.0         -1.2          1.5   (15-84 p)   [    0.0000,    10.0000]
con_amp         14          0.50        -0.13         0.15   (15-84 p)   [  -20.0000,    20.0000]

----- dataset:  FWHMdata
jitter_0        15          0.33        -0.20         0.32   (15-84 p)   [    0.0500,   500.0000]
offset_0        16        6693.3         -1.3          1.3   (15-84 p)   [-3318.5370, 16947.4824]
offset_1        17        6939.5         -1.8          1.8   (15-84 p)   [-3318.5370, 16947.4824]
offset_2        18        6857.3         -1.4          1.3   (15-84 p)   [-3318.5370, 16947.4824]
offset_3        19        6898.3         -1.4          1.4   (15-84 p)   [-3318.5370, 16947.4824]

----- dataset: FWHMdata                  ----- model: gp_multidimensional           
rot_amp         20           5.7         -2.7          2.5   (15-84 p)   [  -10.0000,    10.0000]
con_amp         21         -2.52        -0.57         0.46   (15-84 p)   [  -20.0000,    20.0000]

----- dataset:  Contrastdata
jitter_0        22           205          -14           14   (15-84 p)   [    1.3000, 13000.0000]
offset_0        23       -353863          -26           26   (15-84 p)   [-468113.8929, -343053.8068]
offset_1        24       -433649          -64           65   (15-84 p)   [-468113.8929, -343053.8068]
offset_2        25       -457693          -31           31   (15-84 p)   [-468113.8929, -343053.8068]
offset_3        26       -362707          -33           33   (15-84 p)   [-468113.8929, -343053.8068]

----- dataset: Contrastdata              ----- model: gp_multidimensional           
rot_amp         27           1.1         -7.3          6.3   (15-84 p)   [  -10.0000,    10.0000]
con_amp         28        -19.18        -0.62          1.4   (15-84 p)   [  -20.0000,    20.0000]

----- common model:  b
P                0        1.3066      -0.0025       0.0025   (15-84 p)   [    0.3785,     6.6439]
K                1          0.33        -0.20         0.18   (15-84 p)   [   -9.9658,     3.3219]
sre_coso         2          0.02        -0.20         0.19   (15-84 p)   [   -1.0000,     1.0000]
sre_sino         3          0.06        -0.19         0.17   (15-84 p)   [   -1.0000,     1.0000]
mean_long        4            81          -11           12   (15-84 p)   [  -99.2806,   260.7194]

----- common model:  activity
Prot             5         28.04        -0.55         0.56   (15-84 p)   [   20.0000,    35.0000]
Pdec             6         31.26        -0.94          2.1   (15-84 p)   [   30.0000,  1000.0000]
Oamp             7         -1.27        -0.11         0.10   (15-84 p)   [   -6.6439,     0.0000]

----- common model:  star_parameters

====================================================================================================
     Statistics on the model parameters obtained from the posteriors samples     
====================================================================================================

----- dataset:  RVdata
jitter_0                 1.217       -0.059        0.065    (15-84 p)
offset_0                  9.11        -0.29         0.31    (15-84 p)
offset_1                 10.88        -0.45         0.46    (15-84 p)
offset_2                  9.94        -0.32         0.33    (15-84 p)
offset_3                 10.34        -0.33         0.34    (15-84 p)


----- dataset: RVdata                    ----- model: gp_multidimensional           
rot_amp                    6.0         -1.2          1.5    (15-84 p)
con_amp                   0.50        -0.13         0.15    (15-84 p)

----- dataset:  FWHMdata
jitter_0                  0.33        -0.20         0.32    (15-84 p)
offset_0                6693.3         -1.3          1.3    (15-84 p)
offset_1                6939.5         -1.8          1.8    (15-84 p)
offset_2                6857.3         -1.4          1.3    (15-84 p)
offset_3                6898.3         -1.4          1.4    (15-84 p)


----- dataset: FWHMdata                  ----- model: gp_multidimensional           
rot_amp                    5.7         -2.7          2.5    (15-84 p)
con_amp                  -2.52        -0.57         0.46    (15-84 p)

----- dataset:  Contrastdata
jitter_0                   205          -14           14    (15-84 p)
offset_0               -353863          -26           26    (15-84 p)
offset_1               -433649          -64           65    (15-84 p)
offset_2               -457693          -31           31    (15-84 p)
offset_3               -362707          -33           33    (15-84 p)


----- dataset: Contrastdata              ----- model: gp_multidimensional           
rot_amp                    1.1         -7.3          6.3    (15-84 p)
con_amp                 -19.18        -0.62          1.4    (15-84 p)

----- common model:  b
P                       2.4735      -0.0044       0.0042    (15-84 p)
K                         1.25        -0.16         0.17    (15-84 p)
mean_long                   81          -11           12    (15-84 p)
e                        0.054       -0.038        0.059    (15-84 p)
omega                       59         -106          102    (15-84 p)

----- common model:  activity
Prot                     28.04        -0.55         0.56    (15-84 p)
Pdec                     31.26        -0.94          2.1    (15-84 p)
Oamp                     0.415       -0.031        0.031    (15-84 p)

----- common model:  star_parameters

====================================================================================================
     Statistics on the derived parameters obtained from the posteriors samples     
====================================================================================================

----- common model:  b
Inclination fixed to 90 deg!
Computing planetary mass under the approximation M_planet << M_star (threshold at 30.0 Me)
a_Rs                    7.6935      -0.0091       0.0088    (15-84 p)
M_Mj                    0.0083      -0.0011       0.0011    (15-84 p)
M_Me                      2.64        -0.35         0.36    (15-84 p)
Tc                   59334.819       -0.080          2.3    (15-84 p)
a_AU_(M)              0.035794    -0.000042     0.000041    (15-84 p)
a_AU_(rho,R)          0.035794    -0.000042     0.000041    (15-84 p)


====================================================================================================
     ------------------------------------------------------------------------------------------     
====================================================================================================



****************************************************************************************************

 Parameters corresponding to the Maximum a Posteriori probability ( -2931.8026576311977 )

====================================================================================================
     Statistics on the posterior of the sampler parameters     
====================================================================================================

----- dataset:  RVdata
jitter_0         8      1.187108 [    0.0009,    12.9000]
offset_0         9      8.892777 [-9995.1400, 10014.6000]
offset_1        10     10.880728 [-9995.1400, 10014.6000]
offset_2        11      9.662412 [-9995.1400, 10014.6000]
offset_3        12     10.211401 [-9995.1400, 10014.6000]

----- dataset: RVdata                    ----- model: gp_multidimensional           
rot_amp         13      5.392832 [    0.0000,    10.0000]
con_amp         14      0.469098 [  -20.0000,    20.0000]

----- dataset:  FWHMdata
jitter_0        15      0.318808 [    0.0500,   500.0000]
offset_0        16   6694.384765 [-3318.5370, 16947.4824]
offset_1        17   6938.680942 [-3318.5370, 16947.4824]
offset_2        18   6858.323138 [-3318.5370, 16947.4824]
offset_3        19   6900.131770 [-3318.5370, 16947.4824]

----- dataset: FWHMdata                  ----- model: gp_multidimensional           
rot_amp         20      5.589892 [  -10.0000,    10.0000]
con_amp         21     -2.138635 [  -20.0000,    20.0000]

----- dataset:  Contrastdata
jitter_0        22    195.160228 [    1.3000, 13000.0000]
offset_0        23  -353875.488994 [-468113.8929, -343053.8068]
offset_1        24  -433628.575244 [-468113.8929, -343053.8068]
offset_2        25  -457671.557726 [-468113.8929, -343053.8068]
offset_3        26  -362708.326518 [-468113.8929, -343053.8068]

----- dataset: Contrastdata              ----- model: gp_multidimensional           
rot_amp         27      3.587169 [  -10.0000,    10.0000]
con_amp         28    -19.711026 [  -20.0000,    20.0000]

----- common model:  b
P                0      1.306809 [    0.3785,     6.6439]
K                1      0.386150 [   -9.9658,     3.3219]
sre_coso         2      0.140228 [   -1.0000,     1.0000]
sre_sino         3      0.154455 [   -1.0000,     1.0000]
mean_long        4     81.707285 [  -99.2806,   260.7194]

----- common model:  activity
Prot             5     28.464879 [   20.0000,    35.0000]
Pdec             6     30.204778 [   30.0000,  1000.0000]
Oamp             7     -1.326105 [   -6.6439,     0.0000]

----- common model:  star_parameters

====================================================================================================
     Statistics on the model parameters obtained from the posteriors samples     
====================================================================================================

----- dataset:  RVdata
jitter_0              1.187108 
offset_0              8.892777 
offset_1             10.880728 
offset_2              9.662412 
offset_3             10.211401 


----- dataset: RVdata                    ----- model: gp_multidimensional           
rot_amp               5.392832 
con_amp               0.469098 

----- dataset:  FWHMdata
jitter_0              0.318808 
offset_0           6694.384765 
offset_1           6938.680942 
offset_2           6858.323138 
offset_3           6900.131770 


----- dataset: FWHMdata                  ----- model: gp_multidimensional           
rot_amp               5.589892 
con_amp              -2.138635 

----- dataset:  Contrastdata
jitter_0            195.160228 
offset_0        -353875.488994 
offset_1        -433628.575244 
offset_2        -457671.557726 
offset_3        -362708.326518 


----- dataset: Contrastdata              ----- model: gp_multidimensional           
rot_amp               3.587169 
con_amp             -19.711026 

----- common model:  b
P                     2.473937 
K                     1.306901 
mean_long            81.707285 
e                     0.043520 
omega                47.763909 

----- common model:  activity
Prot                 28.464879 
Pdec                 30.204778 
Oamp                  0.398844 

----- common model:  star_parameters

====================================================================================================
     Statistics on the derived parameters obtained from the posteriors samples     
====================================================================================================

----- common model:  b
Inclination fixed to 90 deg!
a_Rs                  7.694407 
M_Mj                  0.008687 
M_Me                  2.761503 
Tc                59334.734683 
a_AU_(M)              0.035798 
a_AU_(rho,R)          0.035798 


====================================================================================================
     ------------------------------------------------------------------------------------------     
====================================================================================================



****************************************************************************************************

 Parameters corresponding to the sample closest to the median values ( -2935.5005337848415 )

====================================================================================================
     Statistics on the posterior of the sampler parameters     
====================================================================================================

----- dataset:  RVdata
jitter_0         8      1.221043 [    0.0009,    12.9000]
offset_0         9      9.233622 [-9995.1400, 10014.6000]
offset_1        10     10.763886 [-9995.1400, 10014.6000]
offset_2        11      9.816725 [-9995.1400, 10014.6000]
offset_3        12     10.391048 [-9995.1400, 10014.6000]

----- dataset: RVdata                    ----- model: gp_multidimensional           
rot_amp         13      5.873335 [    0.0000,    10.0000]
con_amp         14      0.364371 [  -20.0000,    20.0000]

----- dataset:  FWHMdata
jitter_0        15      0.350949 [    0.0500,   500.0000]
offset_0        16   6693.948998 [-3318.5370, 16947.4824]
offset_1        17   6939.481044 [-3318.5370, 16947.4824]
offset_2        18   6857.760683 [-3318.5370, 16947.4824]
offset_3        19   6899.204937 [-3318.5370, 16947.4824]

----- dataset: FWHMdata                  ----- model: gp_multidimensional           
rot_amp         20      7.372776 [  -10.0000,    10.0000]
con_amp         21     -2.141369 [  -20.0000,    20.0000]

----- dataset:  Contrastdata
jitter_0        22    195.025207 [    1.3000, 13000.0000]
offset_0        23  -353872.192044 [-468113.8929, -343053.8068]
offset_1        24  -433621.935990 [-468113.8929, -343053.8068]
offset_2        25  -457707.152052 [-468113.8929, -343053.8068]
offset_3        26  -362691.797033 [-468113.8929, -343053.8068]

----- dataset: Contrastdata              ----- model: gp_multidimensional           
rot_amp         27      3.265664 [  -10.0000,    10.0000]
con_amp         28    -19.123520 [  -20.0000,    20.0000]

----- common model:  b
P                0      1.308139 [    0.3785,     6.6439]
K                1      0.203006 [   -9.9658,     3.3219]
sre_coso         2      0.040504 [   -1.0000,     1.0000]
sre_sino         3     -0.060795 [   -1.0000,     1.0000]
mean_long        4     78.511930 [  -99.2806,   260.7194]

----- common model:  activity
Prot             5     28.238807 [   20.0000,    35.0000]
Pdec             6     32.444598 [   30.0000,  1000.0000]
Oamp             7     -1.312899 [   -6.6439,     0.0000]

----- common model:  star_parameters

====================================================================================================
     Statistics on the model parameters obtained from the posteriors samples     
====================================================================================================

----- dataset:  RVdata
jitter_0              1.221043 
offset_0              9.233622 
offset_1             10.763886 
offset_2              9.816725 
offset_3             10.391048 


----- dataset: RVdata                    ----- model: gp_multidimensional           
rot_amp               5.873335 
con_amp               0.364371 

----- dataset:  FWHMdata
jitter_0              0.350949 
offset_0           6693.948998 
offset_1           6939.481044 
offset_2           6857.760683 
offset_3           6899.204937 


----- dataset: FWHMdata                  ----- model: gp_multidimensional           
rot_amp               7.372776 
con_amp              -2.141369 

----- dataset:  Contrastdata
jitter_0            195.025207 
offset_0        -353872.192044 
offset_1        -433621.935990 
offset_2        -457707.152052 
offset_3        -362691.797033 


----- dataset: Contrastdata              ----- model: gp_multidimensional           
rot_amp               3.265664 
con_amp             -19.123520 

----- common model:  b
P                     2.476220 
K                     1.151094 
mean_long            78.511930 
e                     0.005337 
omega               -56.326617 

----- common model:  activity
Prot                 28.238807 
Pdec                 32.444598 
Oamp                  0.402511 

----- common model:  star_parameters

====================================================================================================
     Statistics on the derived parameters obtained from the posteriors samples     
====================================================================================================

----- common model:  b
Inclination fixed to 90 deg!
a_Rs                  7.699148 
M_Mj                  0.007661 
M_Me                  2.435301 
Tc                59334.776863 
a_AU_(M)              0.035820 
a_AU_(rho,R)          0.035820 


====================================================================================================
     ------------------------------------------------------------------------------------------     
====================================================================================================



****************************************************************************************************

Inclination fixed to 90 deg!
Note: stellar density derived from stellar mass and radius

Inclination fixed to 90 deg!
Inclination fixed to 90 deg!
 Plot FLAT chain 

****************************************************************************************************

Plotting full_correlation plot with pygtc

****************************************************************************************************

 Plotting the chains... 

****************************************************************************************************

 Plotting the Gelman-Rubin traces... 

     Gelman-Rubin:     8     1.008182 RVdata_jitter_0 
     Gelman-Rubin:     9     1.007522 RVdata_offset_0 
     Gelman-Rubin:    10     1.008320 RVdata_offset_1 
     Gelman-Rubin:    11     1.007359 RVdata_offset_2 
     Gelman-Rubin:    12     1.006186 RVdata_offset_3 
     Gelman-Rubin:    13     1.006676 RVdata_gp_multidimensional_rot_amp 
     Gelman-Rubin:    14     1.010039 RVdata_gp_multidimensional_con_amp 
     Gelman-Rubin:    15     1.010629 FWHMdata_jitter_0 
     Gelman-Rubin:    16     1.007500 FWHMdata_offset_0 
     Gelman-Rubin:    17     1.010654 FWHMdata_offset_1 
     Gelman-Rubin:    18     1.008039 FWHMdata_offset_2 
     Gelman-Rubin:    19     1.006711 FWHMdata_offset_3 
     Gelman-Rubin:    20     1.008492 FWHMdata_gp_multidimensional_rot_amp 
     Gelman-Rubin:    21     1.009691 FWHMdata_gp_multidimensional_con_amp 
     Gelman-Rubin:    22     1.007724 Contrastdata_jitter_0 
     Gelman-Rubin:    23     1.007143 Contrastdata_offset_0 
     Gelman-Rubin:    24     1.006719 Contrastdata_offset_1 
     Gelman-Rubin:    25     1.008108 Contrastdata_offset_2 
     Gelman-Rubin:    26     1.007087 Contrastdata_offset_3 
     Gelman-Rubin:    27     1.006416 Contrastdata_gp_multidimensional_rot_amp 
     Gelman-Rubin:    28     1.010541 Contrastdata_gp_multidimensional_con_amp 
     Gelman-Rubin:     0     1.009063 b_P 
     Gelman-Rubin:     1     1.008412 b_K 
     Gelman-Rubin:     2     1.009868 b_sre_coso 
     Gelman-Rubin:     3     1.007683 b_sre_sino 
     Gelman-Rubin:     4     1.008425 b_mean_long 
     Gelman-Rubin:     5     1.007264 activity_Prot 
     Gelman-Rubin:     6     1.008220 activity_Pdec 
     Gelman-Rubin:     7     1.006126 activity_Oamp 

****************************************************************************************************

Plotting the common models corner plots
     Common model:  b
     Common model:  activity
     Common model:  star_parameters

****************************************************************************************************

Plotting the dataset + models corner plots 

     Dataset:  RVdata     model:  gp_multidimensional  corner plot  starting 
     Dataset:  RVdata     model:  gp_multidimensional  corner plot  done 
     Dataset:  RVdata     model:  radial_velocities_b  corner plot  starting 
     Dataset:  RVdata     model:  radial_velocities_b  corner plot  done 
     Dataset:  FWHMdata     model:  gp_multidimensional  corner plot  starting 
     Dataset:  FWHMdata     model:  gp_multidimensional  corner plot  done 
     Dataset:  Contrastdata     model:  gp_multidimensional  corner plot  starting 
     Dataset:  Contrastdata     model:  gp_multidimensional  corner plot  done 

****************************************************************************************************

 Saving the planet parameter samplings to files (with plots)

****************************************************************************************************

 Saving all the parameter samplings to files (with plots)

****************************************************************************************************

 Computing the models for plot/data writing 
     Splitting the plot array to allow GP prediction of extended datasets, it may take a while...
     # 49 chunks of 100 times each
     Check the documentation if the code is taking too long or if it crashes...
     Splitting the plot array to allow GP prediction of extended datasets, it may take a while...
     # 29 chunks of 100 times each
     Check the documentation if the code is taking too long or if it crashes...
     Splitting the plot array to allow GP prediction of extended datasets, it may take a while...
     # 29 chunks of 100 times each
     Check the documentation if the code is taking too long or if it crashes...
     Splitting the plot array to allow GP prediction of extended datasets, it may take a while...
     # 49 chunks of 100 times each
     Check the documentation if the code is taking too long or if it crashes...
     Splitting the plot array to allow GP prediction of extended datasets, it may take a while...
     # 29 chunks of 100 times each
     Check the documentation if the code is taking too long or if it crashes...
     Splitting the plot array to allow GP prediction of extended datasets, it may take a while...
     # 29 chunks of 100 times each
     Check the documentation if the code is taking too long or if it crashes...
     Splitting the plot array to allow GP prediction of extended datasets, it may take a while...
     # 49 chunks of 100 times each
     Check the documentation if the code is taking too long or if it crashes...
     Splitting the plot array to allow GP prediction of extended datasets, it may take a while...
     # 29 chunks of 100 times each
     Check the documentation if the code is taking too long or if it crashes...
     Splitting the plot array to allow GP prediction of extended datasets, it may take a while...
     # 29 chunks of 100 times each
     Check the documentation if the code is taking too long or if it crashes...
 Writing the plots 
 Writing the   data files 
 Writing the  MAP_ data files 
 Writing the  sampleMED_ data files 

****************************************************************************************************

