
:::---::: PyORBIT v11.0.1 :::---:::

Python version in use:
3.10.18 (main, Jun  5 2025, 13:14:17) [GCC 11.2.0]

Internal reformatting for Nested Sampling compatibility of priors
    planet b - parametrization changed from Eastman2013 to Standard
    planet c - parametrization changed from Eastman2013 to Standard
    planet d - parametrization changed from Eastman2013 to Standard

Opening:  RVdata_expres
Opening:  RVdata_harps
Opening:  RVdata_neid
Opening:  FIESTAdata_expres_mode1
Opening:  FIESTAdata_expres_mode2
Opening:  FIESTAdata_expres_mode3
Opening:  FIESTAdata_harps_mode1
Opening:  FIESTAdata_harps_mode2
Opening:  FIESTAdata_harps_mode3
Opening:  FIESTAdata_harpsn_mode1
Opening:  FIESTAdata_harpsn_mode2
Opening:  FIESTAdata_harpsn_mode3
Opening:  FIESTAdata_neid_mode1
Opening:  FIESTAdata_neid_mode2
Opening:  FIESTAdata_neid_mode3

Adding common model of planet:  b
Adding common model of planet:  c
Adding common model of planet:  d
Using orbital model:  keplerian
Using orbital parametrization:  Standard

Using orbital model:  keplerian
Using orbital parametrization:  Standard

Using orbital model:  keplerian
Using orbital parametrization:  Standard

gp_multidimensional  S+LEAF model, number of harmonics: 4

GP model: gp_multidimensional  hyperparameters_condition:    True
GP model: gp_multidimensional  rotation_decay_condition:     True

====================================================================================================
     Ids, spaces (s), boundaries (b) and priors (p) of the sampler parameters     
====================================================================================================

----- dataset:  RVdata_expres
jitter_0      id:  18  s:Linear      b:[      0.0010,      13.2000]   p:Uniform   []
offset_0      id:  19  s:Linear      b:[  -9995.2560,   10011.7850]   p:Uniform   []

----- dataset: RVdata_expres             ----- model: gp_multidimensional           
rot_amp       id:  20  s:Linear      b:[      0.0000,      10.0000]   p:Uniform   []
con_amp       id:  21  s:Linear      b:[    -20.0000,      20.0000]   p:Uniform   []

----- dataset:  RVdata_harps
jitter_0      id:  22  s:Linear      b:[      0.0009,      12.4000]   p:Uniform   []
offset_0      id:  23  s:Linear      b:[  -9994.3075,   10013.5087]   p:Uniform   []
offset_1      id:  24  s:Linear      b:[  -9994.3075,   10013.5087]   p:Uniform   []

----- dataset: RVdata_harps              ----- model: gp_multidimensional           
rot_amp       id:  25  s:Linear      b:[      0.0000,      10.0000]   p:Uniform   []
con_amp       id:  26  s:Linear      b:[    -20.0000,      20.0000]   p:Uniform   []

----- dataset:  RVdata_neid
jitter_0      id:  27  s:Linear      b:[      0.0010,      12.3000]   p:Uniform   []
offset_0      id:  28  s:Linear      b:[  -9994.4136,   10013.1384]   p:Uniform   []

----- dataset: RVdata_neid               ----- model: gp_multidimensional           
rot_amp       id:  29  s:Linear      b:[      0.0000,      10.0000]   p:Uniform   []
con_amp       id:  30  s:Linear      b:[    -20.0000,      20.0000]   p:Uniform   []

----- dataset:  FIESTAdata_expres_mode1
jitter_0      id:  31  s:Linear      b:[      0.0017,      25.0503]   p:Uniform   []
offset_0      id:  32  s:Linear      b:[ -10002.1097,   10002.2693]   p:Uniform   []

----- dataset: FIESTAdata_expres_mode1   ----- model: gp_multidimensional           
rot_amp       id:  33  s:Linear      b:[    -10.0000,      10.0000]   p:Uniform   []
con_amp       id:  34  s:Linear      b:[    -20.0000,      20.0000]   p:Uniform   []

----- dataset:  FIESTAdata_expres_mode2
jitter_0      id:  35  s:Linear      b:[      0.0019,      28.7598]   p:Uniform   []
offset_0      id:  36  s:Linear      b:[ -10003.4482,   10002.9389]   p:Uniform   []

----- dataset: FIESTAdata_expres_mode2   ----- model: gp_multidimensional           
rot_amp       id:  37  s:Linear      b:[    -10.0000,      10.0000]   p:Uniform   []
con_amp       id:  38  s:Linear      b:[    -20.0000,      20.0000]   p:Uniform   []

----- dataset:  FIESTAdata_expres_mode3
jitter_0      id:  39  s:Linear      b:[      0.0044,      66.9305]   p:Uniform   []
offset_0      id:  40  s:Linear      b:[ -10009.5094,   10007.6113]   p:Uniform   []

----- dataset: FIESTAdata_expres_mode3   ----- model: gp_multidimensional           
rot_amp       id:  41  s:Linear      b:[    -10.0000,      10.0000]   p:Uniform   []
con_amp       id:  42  s:Linear      b:[    -20.0000,      20.0000]   p:Uniform   []

----- dataset:  FIESTAdata_harps_mode1
jitter_0      id:  43  s:Linear      b:[      0.0013,      14.0662]   p:Uniform   []
offset_0      id:  44  s:Linear      b:[ -10001.8133,   10002.5041]   p:Uniform   []

----- dataset: FIESTAdata_harps_mode1    ----- model: gp_multidimensional           
rot_amp       id:  45  s:Linear      b:[    -10.0000,      10.0000]   p:Uniform   []
con_amp       id:  46  s:Linear      b:[    -20.0000,      20.0000]   p:Uniform   []

----- dataset:  FIESTAdata_harps_mode2
jitter_0      id:  47  s:Linear      b:[      0.0016,      16.6180]   p:Uniform   []
offset_0      id:  48  s:Linear      b:[ -10003.5565,   10001.9037]   p:Uniform   []

----- dataset: FIESTAdata_harps_mode2    ----- model: gp_multidimensional           
rot_amp       id:  49  s:Linear      b:[    -10.0000,      10.0000]   p:Uniform   []
con_amp       id:  50  s:Linear      b:[    -20.0000,      20.0000]   p:Uniform   []

----- dataset:  FIESTAdata_harps_mode3
jitter_0      id:  51  s:Linear      b:[      0.0044,      47.5109]   p:Uniform   []
offset_0      id:  52  s:Linear      b:[ -10008.9791,   10011.9671]   p:Uniform   []

----- dataset: FIESTAdata_harps_mode3    ----- model: gp_multidimensional           
rot_amp       id:  53  s:Linear      b:[    -10.0000,      10.0000]   p:Uniform   []
con_amp       id:  54  s:Linear      b:[    -20.0000,      20.0000]   p:Uniform   []

----- dataset:  FIESTAdata_harpsn_mode1
jitter_0      id:  55  s:Linear      b:[      0.0010,      12.1214]   p:Uniform   []
offset_0      id:  56  s:Linear      b:[ -10002.8709,   10003.2575]   p:Uniform   []

----- dataset: FIESTAdata_harpsn_mode1   ----- model: gp_multidimensional           
rot_amp       id:  57  s:Linear      b:[    -10.0000,      10.0000]   p:Uniform   []
con_amp       id:  58  s:Linear      b:[    -20.0000,      20.0000]   p:Uniform   []

----- dataset:  FIESTAdata_harpsn_mode2
jitter_0      id:  59  s:Linear      b:[      0.0011,      14.0279]   p:Uniform   []
offset_0      id:  60  s:Linear      b:[ -10004.2807,   10004.3031]   p:Uniform   []

----- dataset: FIESTAdata_harpsn_mode2   ----- model: gp_multidimensional           
rot_amp       id:  61  s:Linear      b:[    -10.0000,      10.0000]   p:Uniform   []
con_amp       id:  62  s:Linear      b:[    -20.0000,      20.0000]   p:Uniform   []

----- dataset:  FIESTAdata_harpsn_mode3
jitter_0      id:  63  s:Linear      b:[      0.0032,      39.3660]   p:Uniform   []
offset_0      id:  64  s:Linear      b:[ -10009.8611,   10009.4438]   p:Uniform   []

----- dataset: FIESTAdata_harpsn_mode3   ----- model: gp_multidimensional           
rot_amp       id:  65  s:Linear      b:[    -10.0000,      10.0000]   p:Uniform   []
con_amp       id:  66  s:Linear      b:[    -20.0000,      20.0000]   p:Uniform   []

----- dataset:  FIESTAdata_neid_mode1
jitter_0      id:  67  s:Linear      b:[      0.0016,      19.1721]   p:Uniform   []
offset_0      id:  68  s:Linear      b:[ -10002.5191,   10002.0921]   p:Uniform   []

----- dataset: FIESTAdata_neid_mode1     ----- model: gp_multidimensional           
rot_amp       id:  69  s:Linear      b:[    -10.0000,      10.0000]   p:Uniform   []
con_amp       id:  70  s:Linear      b:[    -20.0000,      20.0000]   p:Uniform   []

----- dataset:  FIESTAdata_neid_mode2
jitter_0      id:  71  s:Linear      b:[      0.0020,      23.1467]   p:Uniform   []
offset_0      id:  72  s:Linear      b:[ -10002.4052,   10004.2542]   p:Uniform   []

----- dataset: FIESTAdata_neid_mode2     ----- model: gp_multidimensional           
rot_amp       id:  73  s:Linear      b:[    -10.0000,      10.0000]   p:Uniform   []
con_amp       id:  74  s:Linear      b:[    -20.0000,      20.0000]   p:Uniform   []

----- dataset:  FIESTAdata_neid_mode3
jitter_0      id:  75  s:Linear      b:[      0.0049,      58.2853]   p:Uniform   []
offset_0      id:  76  s:Linear      b:[ -10010.0578,   10009.4503]   p:Uniform   []

----- dataset: FIESTAdata_neid_mode3     ----- model: gp_multidimensional           
rot_amp       id:  77  s:Linear      b:[    -10.0000,      10.0000]   p:Uniform   []
con_amp       id:  78  s:Linear      b:[    -20.0000,      20.0000]   p:Uniform   []

----- common model:  b
P             id:   0  s:Log_Base2   b:[      0.1375,       6.6439]   p:Uniform   []
K             id:   1  s:Log_Base2   b:[     -9.9658,       3.3219]   p:Uniform   []
e             id:   2  s:Linear      b:[      0.0000,       0.7000]   p:Gaussian   [0.    0.098]
omega         id:   3  s:Linear      b:[      0.0000,     360.0000]   p:Uniform   []
mean_long     id:   4  s:Linear      b:[      0.0000,     360.0000]   p:Uniform   []

----- common model:  c
P             id:   5  s:Log_Base2   b:[      0.1375,       6.6439]   p:Uniform   []
K             id:   6  s:Log_Base2   b:[     -9.9658,       3.3219]   p:Uniform   []
e             id:   7  s:Linear      b:[      0.0000,       0.7000]   p:Gaussian   [0.    0.098]
omega         id:   8  s:Linear      b:[      0.0000,     360.0000]   p:Uniform   []
mean_long     id:   9  s:Linear      b:[      0.0000,     360.0000]   p:Uniform   []

----- common model:  d
P             id:  10  s:Log_Base2   b:[      0.1375,       6.6439]   p:Uniform   []
K             id:  11  s:Log_Base2   b:[     -9.9658,       3.3219]   p:Uniform   []
e             id:  12  s:Linear      b:[      0.0000,       0.7000]   p:Gaussian   [0.    0.098]
omega         id:  13  s:Linear      b:[      0.0000,     360.0000]   p:Uniform   []
mean_long     id:  14  s:Linear      b:[      0.0000,     360.0000]   p:Uniform   []

----- common model:  activity
Prot          id:  15  s:Linear      b:[     22.0000,      32.0000]   p:Gaussian   [27.  2.]
Pdec          id:  16  s:Linear      b:[     10.0000,     300.0000]   p:Uniform   []
Oamp          id:  17  s:Log_Base2   b:[     -6.6439,       0.0000]   p:Gaussian   [0.35  0.035]

----- common model:  star_parameters
mass          derived (no id, space, bound)                           p:Gaussian   [1.e+00 1.e-06]
radius        derived (no id, space, bound)                           p:Gaussian   [1.e+00 1.e-06]
density       derived (no id, space, bound)                           p:Gaussian   [1.e+00 1.e-06]

Number of live points: 2000

number of multiprocessing threads: 16

Reference Time Tref:  59334.700184

*************************************************************

Using threading pool for dynesty: True
Setting up the Dynamic Nested Sampling, number of live points =   2000
                                        posterior/evidence split = 0.000
                                        initial stopping criterion = 0.0100
                                        bound =  multi
                                        sample =  rwalk

Running Dynamic Nested Sampling


Getting the results

Summary
=======
niter: 573639
ncall: 56784757
eff(%):  1.010
logz: -2727.548 +/-  0.363


:::---::: PyORBIT v11.0.1 :::---:::

Python version in use:
3.10.18 (main, Jun  5 2025, 13:14:17) [GCC 11.2.0]
LaTeX disabled by default

Using orbital model:  keplerian
Using orbital parametrization:  Standard

Using orbital model:  keplerian
Using orbital parametrization:  Standard

Using orbital model:  keplerian
Using orbital parametrization:  Standard

gp_multidimensional  S+LEAF model, number of harmonics: 4

GP model: gp_multidimensional  hyperparameters_condition:    True
GP model: gp_multidimensional  rotation_decay_condition:     True

### PyORBIT version used in the analysis:  11.0.1
Posteriors analysis from dynesty run with posterior/evidence split = 0.000

Summary - 
=======
niter: 573639
ncall: 56784757
eff(%):  1.010
logz: -2727.548 +/-  0.363

Computation of statistical+sampling errors skipped - workaround after dynesty>1.2 update

Plot a summary of the run.
Plot traces and 1-D marginalized posteriors.
Unable to plot traces and 1-D marginalized posteriors using the internal dynesty routine - skipped
Plot the 2-D marginalized posteriors.

Weighted mean and convariance from original samplings
  RVdata_expres_jitter_0         1.605884 +-        0.004872
  RVdata_expres_offset_0        13.695028 +-        9.176836
  RVdata_expres_gp_multidimensional_rot_amp         4.153481 +-        2.001000
  RVdata_expres_gp_multidimensional_con_amp         4.305122 +-        6.099694
  RVdata_harps_jitter_0         1.445810 +-        0.003661
  RVdata_harps_offset_0        15.343977 +-        4.038889
  RVdata_harps_offset_1        16.378339 +-        4.224773
  RVdata_harps_gp_multidimensional_rot_amp         4.116659 +-        3.136123
  RVdata_harps_gp_multidimensional_con_amp         5.192866 +-        2.728557
  RVdata_neid_jitter_0         1.320216 +-        0.005776
  RVdata_neid_offset_0        14.575474 +-        4.539322
  RVdata_neid_gp_multidimensional_rot_amp         6.562662 +-        2.191736
  RVdata_neid_gp_multidimensional_con_amp         4.235102 +-        2.986423
  FIESTAdata_expres_mode1_jitter_0         0.797644 +-        0.000847
  FIESTAdata_expres_mode1_offset_0         9.802055 +-        2.603270
  FIESTAdata_expres_mode1_gp_multidimensional_rot_amp         4.542089 +-        2.409008
  FIESTAdata_expres_mode1_gp_multidimensional_con_amp         7.950681 +-        1.732035
  FIESTAdata_expres_mode2_jitter_0         1.297277 +-        0.003189
  FIESTAdata_expres_mode2_offset_0        -7.280429 +-        4.259646
  FIESTAdata_expres_mode2_gp_multidimensional_rot_amp        -1.852931 +-        4.378397
  FIESTAdata_expres_mode2_gp_multidimensional_con_amp        -5.918455 +-        2.803044
  FIESTAdata_expres_mode3_jitter_0         3.447881 +-        0.015528
  FIESTAdata_expres_mode3_offset_0       -19.729749 +-        6.670010
  FIESTAdata_expres_mode3_gp_multidimensional_rot_amp        -0.155639 +-       14.021728
  FIESTAdata_expres_mode3_gp_multidimensional_con_amp       -15.820823 +-        4.162059
  FIESTAdata_harps_mode1_jitter_0         1.021898 +-        0.012872
  FIESTAdata_harps_mode1_offset_0       -12.416052 +-        7.967038
  FIESTAdata_harps_mode1_gp_multidimensional_rot_amp        -2.122562 +-        4.910288
  FIESTAdata_harps_mode1_gp_multidimensional_con_amp        -9.831459 +-        5.101215
  FIESTAdata_harps_mode2_jitter_0         1.525660 +-        0.022720
  FIESTAdata_harps_mode2_offset_0        10.566276 +-       11.708269
  FIESTAdata_harps_mode2_gp_multidimensional_rot_amp         0.728848 +-       13.023504
  FIESTAdata_harps_mode2_gp_multidimensional_con_amp         8.345813 +-        7.451835
  FIESTAdata_harps_mode3_jitter_0         4.926355 +-        0.140322
  FIESTAdata_harps_mode3_offset_0         7.272000 +-       42.801059
  FIESTAdata_harps_mode3_gp_multidimensional_rot_amp        -0.855175 +-        7.190355
  FIESTAdata_harps_mode3_gp_multidimensional_con_amp         5.828850 +-       26.364318
  FIESTAdata_harpsn_mode1_jitter_0         1.378946 +-        0.004677
  FIESTAdata_harpsn_mode1_offset_0        11.337224 +-        4.675724
  FIESTAdata_harpsn_mode1_gp_multidimensional_rot_amp         0.894169 +-        4.332869
  FIESTAdata_harpsn_mode1_gp_multidimensional_con_amp         9.317869 +-        3.240542
  FIESTAdata_harpsn_mode2_jitter_0         1.701863 +-        0.006476
  FIESTAdata_harpsn_mode2_offset_0       -14.940723 +-        6.272019
  FIESTAdata_harpsn_mode2_gp_multidimensional_rot_amp         3.062644 +-        4.971723
  FIESTAdata_harpsn_mode2_gp_multidimensional_con_amp       -12.191149 +-        4.184900
  FIESTAdata_harpsn_mode3_jitter_0         3.901419 +-        0.026921
  FIESTAdata_harpsn_mode3_offset_0        -9.958280 +-       18.311119
  FIESTAdata_harpsn_mode3_gp_multidimensional_rot_amp        -5.657960 +-        6.163239
  FIESTAdata_harpsn_mode3_gp_multidimensional_con_amp        -8.055434 +-       12.577598
  FIESTAdata_neid_mode1_jitter_0         0.823587 +-        0.002095
  FIESTAdata_neid_mode1_offset_0         8.454850 +-        2.798529
  FIESTAdata_neid_mode1_gp_multidimensional_rot_amp        -0.094527 +-        2.673951
  FIESTAdata_neid_mode1_gp_multidimensional_con_amp         6.903106 +-        1.865823
  FIESTAdata_neid_mode2_jitter_0         1.149074 +-        0.003500
  FIESTAdata_neid_mode2_offset_0       -14.278385 +-        4.220459
  FIESTAdata_neid_mode2_gp_multidimensional_rot_amp        -1.394018 +-        2.739250
  FIESTAdata_neid_mode2_gp_multidimensional_con_amp       -11.690554 +-        2.811649
  FIESTAdata_neid_mode3_jitter_0         3.720848 +-        0.037973
  FIESTAdata_neid_mode3_offset_0         4.622332 +-       39.981913
  FIESTAdata_neid_mode3_gp_multidimensional_rot_amp        -2.838565 +-        4.006571
  FIESTAdata_neid_mode3_gp_multidimensional_con_amp         3.855474 +-       27.221018
  b_P         4.556958 +-        1.045970
  b_K        -6.029717 +-        2.517127
  b_e         0.079247 +-        0.000785
  b_omega       120.629265 +-     2693.450048
  b_mean_long       199.257614 +-     4675.368863
  c_P         3.756959 +-        0.055815
  c_K        -0.774345 +-        0.120932
  c_e         0.034263 +-        0.000283
  c_omega       240.993847 +-     3980.512219
  c_mean_long       200.265386 +-     1511.719826
  d_P         3.585167 +-        0.685345
  d_K        -2.930958 +-        2.448746
  d_e         0.112819 +-        0.001287
  d_omega       202.422662 +-     2696.483660
  d_mean_long       230.291600 +-     4566.761039
  activity_Prot        29.574670 +-        0.168764
  activity_Pdec       195.637340 +-     1375.440241
  activity_Oamp        -1.509190 +-        0.007811

From now on, all results are from weighted samples

 Reference Time Tref: 59334.700184

 Data points:1291
 Dimensions: 79
 Samples:    573639

Number of samplings: 573639

ln-probability   distribution:  -2467.68       -4.72      4.32 (15-84 p) 
ln-prior         distribution:      0.00        0.00      0.00 (15-84 p) 
ln-likelihood    distribution:  -2467.68       -4.72      4.32 (15-84 p) 


*** Information criteria using the likelihood distribution

 BIC from distribution  (using likelihood)  =   5501.26     -8.64    9.45 (15-84 p)
 AIC from distribution  (using likelihood)  =   5093.37     -8.64    9.45 (15-84 p)
 AICc from distribution (using likelihood)  =   5103.81     -8.64    9.45 (15-84 p)


*** Information criteria using the median parameter set

 ln_probability of Median solution =  -2459.03
 ln_priors of Median solution      =      0.00
 ln_likelihood of Median solution  =  -2459.03

 Median BIC  (using likelihood) =   5483.94
 Median AIC  (using likelihood) =   5076.05
 Median AICc (using likelihood) =   5086.49


*** Information criteria using the MAP parameter set

 ln_probability of MAP solution =  -2831.33
 ln_priors of MAP solution      =   -362.98
 ln_likelihood of MAP solution  =  -2468.34

 MAP BIC  (using likelihood)    =   5502.58
 MAP AIC  (using likelihood)    =   5094.69
 MAP AICc (using likelihood)    =   5105.13

 AICc suggested over AIC because NDATA ( 1291 ) < 40 * NDIM ( 79 )

****************************************************************************************************


====================================================================================================
     Ids, spaces (s), boundaries (b) and priors (p) of the sampler parameters     
====================================================================================================

----- dataset:  RVdata_expres
jitter_0      id:  18  s:Linear      b:[      0.0010,      13.2000]   p:Uniform   []
offset_0      id:  19  s:Linear      b:[  -9995.2560,   10011.7850]   p:Uniform   []

----- dataset: RVdata_expres             ----- model: gp_multidimensional           
rot_amp       id:  20  s:Linear      b:[      0.0000,      10.0000]   p:Uniform   []
con_amp       id:  21  s:Linear      b:[    -20.0000,      20.0000]   p:Uniform   []

----- dataset:  RVdata_harps
jitter_0      id:  22  s:Linear      b:[      0.0009,      12.4000]   p:Uniform   []
offset_0      id:  23  s:Linear      b:[  -9994.3075,   10013.5087]   p:Uniform   []
offset_1      id:  24  s:Linear      b:[  -9994.3075,   10013.5087]   p:Uniform   []

----- dataset: RVdata_harps              ----- model: gp_multidimensional           
rot_amp       id:  25  s:Linear      b:[      0.0000,      10.0000]   p:Uniform   []
con_amp       id:  26  s:Linear      b:[    -20.0000,      20.0000]   p:Uniform   []

----- dataset:  RVdata_neid
jitter_0      id:  27  s:Linear      b:[      0.0010,      12.3000]   p:Uniform   []
offset_0      id:  28  s:Linear      b:[  -9994.4136,   10013.1384]   p:Uniform   []

----- dataset: RVdata_neid               ----- model: gp_multidimensional           
rot_amp       id:  29  s:Linear      b:[      0.0000,      10.0000]   p:Uniform   []
con_amp       id:  30  s:Linear      b:[    -20.0000,      20.0000]   p:Uniform   []

----- dataset:  FIESTAdata_expres_mode1
jitter_0      id:  31  s:Linear      b:[      0.0017,      25.0503]   p:Uniform   []
offset_0      id:  32  s:Linear      b:[ -10002.1097,   10002.2693]   p:Uniform   []

----- dataset: FIESTAdata_expres_mode1   ----- model: gp_multidimensional           
rot_amp       id:  33  s:Linear      b:[    -10.0000,      10.0000]   p:Uniform   []
con_amp       id:  34  s:Linear      b:[    -20.0000,      20.0000]   p:Uniform   []

----- dataset:  FIESTAdata_expres_mode2
jitter_0      id:  35  s:Linear      b:[      0.0019,      28.7598]   p:Uniform   []
offset_0      id:  36  s:Linear      b:[ -10003.4482,   10002.9389]   p:Uniform   []

----- dataset: FIESTAdata_expres_mode2   ----- model: gp_multidimensional           
rot_amp       id:  37  s:Linear      b:[    -10.0000,      10.0000]   p:Uniform   []
con_amp       id:  38  s:Linear      b:[    -20.0000,      20.0000]   p:Uniform   []

----- dataset:  FIESTAdata_expres_mode3
jitter_0      id:  39  s:Linear      b:[      0.0044,      66.9305]   p:Uniform   []
offset_0      id:  40  s:Linear      b:[ -10009.5094,   10007.6113]   p:Uniform   []

----- dataset: FIESTAdata_expres_mode3   ----- model: gp_multidimensional           
rot_amp       id:  41  s:Linear      b:[    -10.0000,      10.0000]   p:Uniform   []
con_amp       id:  42  s:Linear      b:[    -20.0000,      20.0000]   p:Uniform   []

----- dataset:  FIESTAdata_harps_mode1
jitter_0      id:  43  s:Linear      b:[      0.0013,      14.0662]   p:Uniform   []
offset_0      id:  44  s:Linear      b:[ -10001.8133,   10002.5041]   p:Uniform   []

----- dataset: FIESTAdata_harps_mode1    ----- model: gp_multidimensional           
rot_amp       id:  45  s:Linear      b:[    -10.0000,      10.0000]   p:Uniform   []
con_amp       id:  46  s:Linear      b:[    -20.0000,      20.0000]   p:Uniform   []

----- dataset:  FIESTAdata_harps_mode2
jitter_0      id:  47  s:Linear      b:[      0.0016,      16.6180]   p:Uniform   []
offset_0      id:  48  s:Linear      b:[ -10003.5565,   10001.9037]   p:Uniform   []

----- dataset: FIESTAdata_harps_mode2    ----- model: gp_multidimensional           
rot_amp       id:  49  s:Linear      b:[    -10.0000,      10.0000]   p:Uniform   []
con_amp       id:  50  s:Linear      b:[    -20.0000,      20.0000]   p:Uniform   []

----- dataset:  FIESTAdata_harps_mode3
jitter_0      id:  51  s:Linear      b:[      0.0044,      47.5109]   p:Uniform   []
offset_0      id:  52  s:Linear      b:[ -10008.9791,   10011.9671]   p:Uniform   []

----- dataset: FIESTAdata_harps_mode3    ----- model: gp_multidimensional           
rot_amp       id:  53  s:Linear      b:[    -10.0000,      10.0000]   p:Uniform   []
con_amp       id:  54  s:Linear      b:[    -20.0000,      20.0000]   p:Uniform   []

----- dataset:  FIESTAdata_harpsn_mode1
jitter_0      id:  55  s:Linear      b:[      0.0010,      12.1214]   p:Uniform   []
offset_0      id:  56  s:Linear      b:[ -10002.8709,   10003.2575]   p:Uniform   []

----- dataset: FIESTAdata_harpsn_mode1   ----- model: gp_multidimensional           
rot_amp       id:  57  s:Linear      b:[    -10.0000,      10.0000]   p:Uniform   []
con_amp       id:  58  s:Linear      b:[    -20.0000,      20.0000]   p:Uniform   []

----- dataset:  FIESTAdata_harpsn_mode2
jitter_0      id:  59  s:Linear      b:[      0.0011,      14.0279]   p:Uniform   []
offset_0      id:  60  s:Linear      b:[ -10004.2807,   10004.3031]   p:Uniform   []

----- dataset: FIESTAdata_harpsn_mode2   ----- model: gp_multidimensional           
rot_amp       id:  61  s:Linear      b:[    -10.0000,      10.0000]   p:Uniform   []
con_amp       id:  62  s:Linear      b:[    -20.0000,      20.0000]   p:Uniform   []

----- dataset:  FIESTAdata_harpsn_mode3
jitter_0      id:  63  s:Linear      b:[      0.0032,      39.3660]   p:Uniform   []
offset_0      id:  64  s:Linear      b:[ -10009.8611,   10009.4438]   p:Uniform   []

----- dataset: FIESTAdata_harpsn_mode3   ----- model: gp_multidimensional           
rot_amp       id:  65  s:Linear      b:[    -10.0000,      10.0000]   p:Uniform   []
con_amp       id:  66  s:Linear      b:[    -20.0000,      20.0000]   p:Uniform   []

----- dataset:  FIESTAdata_neid_mode1
jitter_0      id:  67  s:Linear      b:[      0.0016,      19.1721]   p:Uniform   []
offset_0      id:  68  s:Linear      b:[ -10002.5191,   10002.0921]   p:Uniform   []

----- dataset: FIESTAdata_neid_mode1     ----- model: gp_multidimensional           
rot_amp       id:  69  s:Linear      b:[    -10.0000,      10.0000]   p:Uniform   []
con_amp       id:  70  s:Linear      b:[    -20.0000,      20.0000]   p:Uniform   []

----- dataset:  FIESTAdata_neid_mode2
jitter_0      id:  71  s:Linear      b:[      0.0020,      23.1467]   p:Uniform   []
offset_0      id:  72  s:Linear      b:[ -10002.4052,   10004.2542]   p:Uniform   []

----- dataset: FIESTAdata_neid_mode2     ----- model: gp_multidimensional           
rot_amp       id:  73  s:Linear      b:[    -10.0000,      10.0000]   p:Uniform   []
con_amp       id:  74  s:Linear      b:[    -20.0000,      20.0000]   p:Uniform   []

----- dataset:  FIESTAdata_neid_mode3
jitter_0      id:  75  s:Linear      b:[      0.0049,      58.2853]   p:Uniform   []
offset_0      id:  76  s:Linear      b:[ -10010.0578,   10009.4503]   p:Uniform   []

----- dataset: FIESTAdata_neid_mode3     ----- model: gp_multidimensional           
rot_amp       id:  77  s:Linear      b:[    -10.0000,      10.0000]   p:Uniform   []
con_amp       id:  78  s:Linear      b:[    -20.0000,      20.0000]   p:Uniform   []

----- common model:  b
P             id:   0  s:Log_Base2   b:[      0.1375,       6.6439]   p:Uniform   []
K             id:   1  s:Log_Base2   b:[     -9.9658,       3.3219]   p:Uniform   []
e             id:   2  s:Linear      b:[      0.0000,       0.7000]   p:Gaussian   [0.    0.098]
omega         id:   3  s:Linear      b:[      0.0000,     360.0000]   p:Uniform   []
mean_long     id:   4  s:Linear      b:[      0.0000,     360.0000]   p:Uniform   []

----- common model:  c
P             id:   5  s:Log_Base2   b:[      0.1375,       6.6439]   p:Uniform   []
K             id:   6  s:Log_Base2   b:[     -9.9658,       3.3219]   p:Uniform   []
e             id:   7  s:Linear      b:[      0.0000,       0.7000]   p:Gaussian   [0.    0.098]
omega         id:   8  s:Linear      b:[      0.0000,     360.0000]   p:Uniform   []
mean_long     id:   9  s:Linear      b:[      0.0000,     360.0000]   p:Uniform   []

----- common model:  d
P             id:  10  s:Log_Base2   b:[      0.1375,       6.6439]   p:Uniform   []
K             id:  11  s:Log_Base2   b:[     -9.9658,       3.3219]   p:Uniform   []
e             id:  12  s:Linear      b:[      0.0000,       0.7000]   p:Gaussian   [0.    0.098]
omega         id:  13  s:Linear      b:[      0.0000,     360.0000]   p:Uniform   []
mean_long     id:  14  s:Linear      b:[      0.0000,     360.0000]   p:Uniform   []

----- common model:  activity
Prot          id:  15  s:Linear      b:[     22.0000,      32.0000]   p:Gaussian   [27.  2.]
Pdec          id:  16  s:Linear      b:[     10.0000,     300.0000]   p:Uniform   []
Oamp          id:  17  s:Log_Base2   b:[     -6.6439,       0.0000]   p:Gaussian   [0.35  0.035]

----- common model:  star_parameters
mass          derived (no id, space, bound)                           p:Gaussian   [1.e+00 1.e-06]
radius        derived (no id, space, bound)                           p:Gaussian   [1.e+00 1.e-06]
density       derived (no id, space, bound)                           p:Gaussian   [1.e+00 1.e-06]


****************************************************************************************************
****************************************************************************************************

 Confidence intervals (median value, 34.135th percentile from the median on the left and right side)

====================================================================================================
     Statistics on the posterior of the sampler parameters     
====================================================================================================

----- dataset:  RVdata_expres
jitter_0        18         1.604       -0.067        0.073   (15-84 p)   [    0.0010,    13.2000]
offset_0        19          13.6         -2.8          2.9   (15-84 p)   [-9995.2560, 10011.7850]

----- dataset: RVdata_expres             ----- model: gp_multidimensional           
rot_amp         20           4.1         -1.4          1.4   (15-84 p)   [    0.0000,    10.0000]
con_amp         21           4.2         -2.3          2.4   (15-84 p)   [  -20.0000,    20.0000]

----- dataset:  RVdata_harps
jitter_0        22         1.446       -0.061        0.061   (15-84 p)   [    0.0009,    12.4000]
offset_0        23          15.4         -1.9          1.8   (15-84 p)   [-9994.3075, 10013.5087]
offset_1        24          16.5         -1.9          1.9   (15-84 p)   [-9994.3075, 10013.5087]

----- dataset: RVdata_harps              ----- model: gp_multidimensional           
rot_amp         25           4.0         -1.7          1.9   (15-84 p)   [    0.0000,    10.0000]
con_amp         26           5.3         -1.5          1.5   (15-84 p)   [  -20.0000,    20.0000]

----- dataset:  RVdata_neid
jitter_0        27         1.317       -0.074        0.082   (15-84 p)   [    0.0010,    12.3000]
offset_0        28          14.5         -2.1          2.1   (15-84 p)   [-9994.4136, 10013.1384]

----- dataset: RVdata_neid               ----- model: gp_multidimensional           
rot_amp         29           6.6         -1.6          1.5   (15-84 p)   [    0.0000,    10.0000]
con_amp         30           4.2         -1.7          1.7   (15-84 p)   [  -20.0000,    20.0000]

----- dataset:  FIESTAdata_expres_mode1
jitter_0        31         0.797       -0.028        0.030   (15-84 p)   [    0.0017,    25.0503]
offset_0        32           9.7         -1.4          1.5   (15-84 p)   [-10002.1097, 10002.2693]

----- dataset: FIESTAdata_expres_mode1   ----- model: gp_multidimensional           
rot_amp         33           4.5         -1.5          1.6   (15-84 p)   [  -10.0000,    10.0000]
con_amp         34           7.9         -1.1          1.2   (15-84 p)   [  -20.0000,    20.0000]

----- dataset:  FIESTAdata_expres_mode2
jitter_0        35         1.297       -0.055        0.056   (15-84 p)   [    0.0019,    28.7598]
offset_0        36          -7.2         -2.1          1.9   (15-84 p)   [-10003.4482, 10002.9389]

----- dataset: FIESTAdata_expres_mode2   ----- model: gp_multidimensional           
rot_amp         37          -1.7         -2.2          1.9   (15-84 p)   [  -10.0000,    10.0000]
con_amp         38          -5.8         -1.7          1.5   (15-84 p)   [  -20.0000,    20.0000]

----- dataset:  FIESTAdata_expres_mode3
jitter_0        39          3.44        -0.12         0.13   (15-84 p)   [    0.0044,    66.9305]
offset_0        40         -19.7         -2.7          2.5   (15-84 p)   [-10009.5094, 10007.6113]

----- dataset: FIESTAdata_expres_mode3   ----- model: gp_multidimensional           
rot_amp         41          -0.1         -4.0          3.9   (15-84 p)   [  -10.0000,    10.0000]
con_amp         42         -15.8         -2.1          2.0   (15-84 p)   [  -20.0000,    20.0000]

----- dataset:  FIESTAdata_harps_mode1
jitter_0        43         1.010       -0.085        0.096   (15-84 p)   [    0.0013,    14.0662]
offset_0        44         -12.4         -2.7          2.6   (15-84 p)   [-10001.8133, 10002.5041]

----- dataset: FIESTAdata_harps_mode1    ----- model: gp_multidimensional           
rot_amp         45          -2.1         -2.2          2.2   (15-84 p)   [  -10.0000,    10.0000]
con_amp         46          -9.8         -2.1          2.1   (15-84 p)   [  -20.0000,    20.0000]

----- dataset:  FIESTAdata_harps_mode2
jitter_0        47          1.52        -0.14         0.16   (15-84 p)   [    0.0016,    16.6180]
offset_0        48          10.5         -3.5          3.4   (15-84 p)   [-10003.5565, 10001.9037]

----- dataset: FIESTAdata_harps_mode2    ----- model: gp_multidimensional           
rot_amp         49           0.8         -3.9          3.6   (15-84 p)   [  -10.0000,    10.0000]
con_amp         50           8.3         -2.8          2.7   (15-84 p)   [  -20.0000,    20.0000]

----- dataset:  FIESTAdata_harps_mode3
jitter_0        51          4.91        -0.35         0.39   (15-84 p)   [    0.0044,    47.5109]
offset_0        52           7.6         -7.3          6.3   (15-84 p)   [-10008.9791, 10011.9671]

----- dataset: FIESTAdata_harps_mode3    ----- model: gp_multidimensional           
rot_amp         53          -0.9         -2.6          2.7   (15-84 p)   [  -10.0000,    10.0000]
con_amp         54           6.1         -5.7          4.9   (15-84 p)   [  -20.0000,    20.0000]

----- dataset:  FIESTAdata_harpsn_mode1
jitter_0        55         1.376       -0.066        0.071   (15-84 p)   [    0.0010,    12.1214]
offset_0        56          11.2         -1.9          2.1   (15-84 p)   [-10002.8709, 10003.2575]

----- dataset: FIESTAdata_harpsn_mode1   ----- model: gp_multidimensional           
rot_amp         57           1.0         -2.1          1.9   (15-84 p)   [  -10.0000,    10.0000]
con_amp         58           9.2         -1.6          1.8   (15-84 p)   [  -20.0000,    20.0000]

----- dataset:  FIESTAdata_harpsn_mode2
jitter_0        59         1.701       -0.082        0.082   (15-84 p)   [    0.0011,    14.0279]
offset_0        60         -15.0         -2.5          2.7   (15-84 p)   [-10004.2807, 10004.3031]

----- dataset: FIESTAdata_harpsn_mode2   ----- model: gp_multidimensional           
rot_amp         61           3.2         -2.4          2.1   (15-84 p)   [  -10.0000,    10.0000]
con_amp         62         -12.2         -2.0          2.2   (15-84 p)   [  -20.0000,    20.0000]

----- dataset:  FIESTAdata_harpsn_mode3
jitter_0        63          3.90        -0.17         0.17   (15-84 p)   [    0.0032,    39.3660]
offset_0        64          -9.8         -4.3          4.1   (15-84 p)   [-10009.8611, 10009.4438]

----- dataset: FIESTAdata_harpsn_mode3   ----- model: gp_multidimensional           
rot_amp         65          -5.9         -2.4          2.8   (15-84 p)   [  -10.0000,    10.0000]
con_amp         66          -8.0         -3.6          3.4   (15-84 p)   [  -20.0000,    20.0000]

----- dataset:  FIESTAdata_neid_mode1
jitter_0        67         0.823       -0.044        0.045   (15-84 p)   [    0.0016,    19.1721]
offset_0        68           8.4         -1.6          1.7   (15-84 p)   [-10002.5191, 10002.0921]

----- dataset: FIESTAdata_neid_mode1     ----- model: gp_multidimensional           
rot_amp         69          -0.1         -1.6          1.7   (15-84 p)   [  -10.0000,    10.0000]
con_amp         70           6.9         -1.3          1.4   (15-84 p)   [  -20.0000,    20.0000]

----- dataset:  FIESTAdata_neid_mode2
jitter_0        71         1.145       -0.055        0.064   (15-84 p)   [    0.0020,    23.1467]
offset_0        72         -14.3         -2.0          2.0   (15-84 p)   [-10002.4052, 10004.2542]

----- dataset: FIESTAdata_neid_mode2     ----- model: gp_multidimensional           
rot_amp         73          -1.4         -1.6          1.6   (15-84 p)   [  -10.0000,    10.0000]
con_amp         74         -11.7         -1.6          1.6   (15-84 p)   [  -20.0000,    20.0000]

----- dataset:  FIESTAdata_neid_mode3
jitter_0        75          3.71        -0.18         0.20   (15-84 p)   [    0.0049,    58.2853]
offset_0        76           4.9         -6.1          5.8   (15-84 p)   [-10010.0578, 10009.4503]

----- dataset: FIESTAdata_neid_mode3     ----- model: gp_multidimensional           
rot_amp         77          -2.9         -1.9          2.0   (15-84 p)   [  -10.0000,    10.0000]
con_amp         78           4.1         -5.1          4.7   (15-84 p)   [  -20.0000,    20.0000]

----- common model:  b
P                0           4.6         -1.2          1.0   (15-84 p)   [    0.1375,     6.6439]
K                1          -6.2         -1.3          1.4   (15-84 p)   [   -9.9658,     3.3219]
e                2         0.077       -0.025        0.029   (15-84 p)   [    0.0000,     0.7000]
omega            3           118          -49           55   (15-84 p)   [    0.0000,   360.0000]
mean_long        4           201          -71           67   (15-84 p)   [    0.0000,   360.0000]

----- common model:  c
P                5         3.725       -0.029        0.029   (15-84 p)   [    0.1375,     6.6439]
K                6         -0.73        -0.36         0.28   (15-84 p)   [   -9.9658,     3.3219]
e                7         0.033       -0.016        0.018   (15-84 p)   [    0.0000,     0.7000]
omega            8           241          -65           70   (15-84 p)   [    0.0000,   360.0000]
mean_long        9           205          -28           25   (15-84 p)   [    0.0000,   360.0000]

----- common model:  d
P               10          3.78         -1.0         0.51   (15-84 p)   [    0.1375,     6.6439]
K               11          -2.7         -1.9          1.4   (15-84 p)   [   -9.9658,     3.3219]
e               12         0.107       -0.026        0.037   (15-84 p)   [    0.0000,     0.7000]
omega           13           202          -49           54   (15-84 p)   [    0.0000,   360.0000]
mean_long       14           230          -69           76   (15-84 p)   [    0.0000,   360.0000]

----- common model:  activity
Prot            15         29.56        -0.40         0.40   (15-84 p)   [   22.0000,    32.0000]
Pdec            16           195          -36           38   (15-84 p)   [   10.0000,   300.0000]
Oamp            17        -1.517       -0.070        0.087   (15-84 p)   [   -6.6439,     0.0000]

----- common model:  star_parameters

====================================================================================================
     Statistics on the model parameters obtained from the posteriors samples     
====================================================================================================

----- dataset:  RVdata_expres
jitter_0                 1.604       -0.067        0.073    (15-84 p)
offset_0                  13.6         -2.8          2.9    (15-84 p)


----- dataset: RVdata_expres             ----- model: gp_multidimensional           
rot_amp                    4.1         -1.4          1.4    (15-84 p)
con_amp                    4.2         -2.3          2.4    (15-84 p)

----- dataset:  RVdata_harps
jitter_0                 1.446       -0.061        0.061    (15-84 p)
offset_0                  15.4         -1.9          1.8    (15-84 p)
offset_1                  16.5         -1.9          1.9    (15-84 p)


----- dataset: RVdata_harps              ----- model: gp_multidimensional           
rot_amp                    4.0         -1.7          1.9    (15-84 p)
con_amp                    5.3         -1.5          1.5    (15-84 p)

----- dataset:  RVdata_neid
jitter_0                 1.317       -0.074        0.082    (15-84 p)
offset_0                  14.5         -2.1          2.1    (15-84 p)


----- dataset: RVdata_neid               ----- model: gp_multidimensional           
rot_amp                    6.6         -1.6          1.5    (15-84 p)
con_amp                    4.2         -1.7          1.7    (15-84 p)

----- dataset:  FIESTAdata_expres_mode1
jitter_0                 0.797       -0.028        0.030    (15-84 p)
offset_0                   9.7         -1.4          1.5    (15-84 p)


----- dataset: FIESTAdata_expres_mode1   ----- model: gp_multidimensional           
rot_amp                    4.5         -1.5          1.6    (15-84 p)
con_amp                    7.9         -1.1          1.2    (15-84 p)

----- dataset:  FIESTAdata_expres_mode2
jitter_0                 1.297       -0.055        0.056    (15-84 p)
offset_0                  -7.2         -2.1          1.9    (15-84 p)


----- dataset: FIESTAdata_expres_mode2   ----- model: gp_multidimensional           
rot_amp                   -1.7         -2.2          1.9    (15-84 p)
con_amp                   -5.8         -1.7          1.5    (15-84 p)

----- dataset:  FIESTAdata_expres_mode3
jitter_0                  3.44        -0.12         0.13    (15-84 p)
offset_0                 -19.7         -2.7          2.5    (15-84 p)


----- dataset: FIESTAdata_expres_mode3   ----- model: gp_multidimensional           
rot_amp                   -0.1         -4.0          3.9    (15-84 p)
con_amp                  -15.8         -2.1          2.0    (15-84 p)

----- dataset:  FIESTAdata_harps_mode1
jitter_0                 1.010       -0.085        0.096    (15-84 p)
offset_0                 -12.4         -2.7          2.6    (15-84 p)


----- dataset: FIESTAdata_harps_mode1    ----- model: gp_multidimensional           
rot_amp                   -2.1         -2.2          2.2    (15-84 p)
con_amp                   -9.8         -2.1          2.1    (15-84 p)

----- dataset:  FIESTAdata_harps_mode2
jitter_0                  1.52        -0.14         0.16    (15-84 p)
offset_0                  10.5         -3.5          3.4    (15-84 p)


----- dataset: FIESTAdata_harps_mode2    ----- model: gp_multidimensional           
rot_amp                    0.8         -3.9          3.6    (15-84 p)
con_amp                    8.3         -2.8          2.7    (15-84 p)

----- dataset:  FIESTAdata_harps_mode3
jitter_0                  4.91        -0.35         0.39    (15-84 p)
offset_0                   7.6         -7.3          6.3    (15-84 p)


----- dataset: FIESTAdata_harps_mode3    ----- model: gp_multidimensional           
rot_amp                   -0.9         -2.6          2.7    (15-84 p)
con_amp                    6.1         -5.7          4.9    (15-84 p)

----- dataset:  FIESTAdata_harpsn_mode1
jitter_0                 1.376       -0.066        0.071    (15-84 p)
offset_0                  11.2         -1.9          2.1    (15-84 p)


----- dataset: FIESTAdata_harpsn_mode1   ----- model: gp_multidimensional           
rot_amp                    1.0         -2.1          1.9    (15-84 p)
con_amp                    9.2         -1.6          1.8    (15-84 p)

----- dataset:  FIESTAdata_harpsn_mode2
jitter_0                 1.701       -0.082        0.082    (15-84 p)
offset_0                 -15.0         -2.5          2.7    (15-84 p)


----- dataset: FIESTAdata_harpsn_mode2   ----- model: gp_multidimensional           
rot_amp                    3.2         -2.4          2.1    (15-84 p)
con_amp                  -12.2         -2.0          2.2    (15-84 p)

----- dataset:  FIESTAdata_harpsn_mode3
jitter_0                  3.90        -0.17         0.17    (15-84 p)
offset_0                  -9.8         -4.3          4.1    (15-84 p)


----- dataset: FIESTAdata_harpsn_mode3   ----- model: gp_multidimensional           
rot_amp                   -5.9         -2.4          2.8    (15-84 p)
con_amp                   -8.0         -3.6          3.4    (15-84 p)

----- dataset:  FIESTAdata_neid_mode1
jitter_0                 0.823       -0.044        0.045    (15-84 p)
offset_0                   8.4         -1.6          1.7    (15-84 p)


----- dataset: FIESTAdata_neid_mode1     ----- model: gp_multidimensional           
rot_amp                   -0.1         -1.6          1.7    (15-84 p)
con_amp                    6.9         -1.3          1.4    (15-84 p)

----- dataset:  FIESTAdata_neid_mode2
jitter_0                 1.145       -0.055        0.064    (15-84 p)
offset_0                 -14.3         -2.0          2.0    (15-84 p)


----- dataset: FIESTAdata_neid_mode2     ----- model: gp_multidimensional           
rot_amp                   -1.4         -1.6          1.6    (15-84 p)
con_amp                  -11.7         -1.6          1.6    (15-84 p)

----- dataset:  FIESTAdata_neid_mode3
jitter_0                  3.71        -0.18         0.20    (15-84 p)
offset_0                   4.9         -6.1          5.8    (15-84 p)


----- dataset: FIESTAdata_neid_mode3     ----- model: gp_multidimensional           
rot_amp                   -2.9         -1.9          2.0    (15-84 p)
con_amp                    4.1         -5.1          4.7    (15-84 p)

----- common model:  b
P                           24          -13           26    (15-84 p)
K                       0.0140      -0.0083        0.023    (15-84 p)
e                        0.077       -0.025        0.029    (15-84 p)
omega                      117          -49           55    (15-84 p)
mean_long                  202          -70           68    (15-84 p)

----- common model:  c
P                        13.23        -0.27         0.27    (15-84 p)
K                         0.60        -0.13         0.13    (15-84 p)
e                        0.033       -0.016        0.018    (15-84 p)
omega                      241          -65           70    (15-84 p)
mean_long                  205          -28           25    (15-84 p)

----- common model:  d
P                         13.7         -7.0          5.8    (15-84 p)
K                         0.15        -0.11         0.26    (15-84 p)
e                        0.107       -0.026        0.037    (15-84 p)
omega                      203          -48           55    (15-84 p)
mean_long                  229          -69           76    (15-84 p)

----- common model:  activity
Prot                     29.56        -0.40         0.40    (15-84 p)
Pdec                       195          -36           38    (15-84 p)
Oamp                     0.349       -0.017        0.022    (15-84 p)

----- common model:  star_parameters

====================================================================================================
     Statistics on the derived parameters obtained from the posteriors samples     
====================================================================================================

----- common model:  b
Inclination fixed to 90 deg!
Computing planetary mass under the approximation M_planet << M_star (threshold at 30.0 Me)
a_Rs                        35          -15           22    (15-84 p)
M_Mj                   0.00020     -0.00013      0.00033    (15-84 p)
M_Me                     0.065       -0.040         0.10    (15-84 p)
Tc                     59349.3         -8.0           18    (15-84 p)
a_AU_(M)                 0.164       -0.068         0.10    (15-84 p)
a_AU_(rho,R)             0.164       -0.068         0.10    (15-84 p)

----- common model:  c
Inclination fixed to 90 deg!
Computing planetary mass under the approximation M_planet << M_star (threshold at 30.0 Me)
a_Rs                     23.52        -0.32         0.32    (15-84 p)
M_Mj                    0.0070      -0.0015       0.0015    (15-84 p)
M_Me                      2.24        -0.48         0.47    (15-84 p)
Tc                    59343.68        -0.83         0.79    (15-84 p)
a_AU_(M)                0.1094      -0.0015       0.0015    (15-84 p)
a_AU_(rho,R)            0.1094      -0.0015       0.0015    (15-84 p)

----- common model:  d
Inclination fixed to 90 deg!
Computing planetary mass under the approximation M_planet << M_star (threshold at 30.0 Me)
a_Rs                      24.1         -9.1          6.4    (15-84 p)
M_Mj                    0.0016      -0.0012       0.0035    (15-84 p)
M_Me                      0.52        -0.38          1.1    (15-84 p)
Tc                     59342.2         -3.5          3.8    (15-84 p)
a_AU_(M)                 0.112       -0.042        0.030    (15-84 p)
a_AU_(rho,R)             0.112       -0.042        0.030    (15-84 p)


====================================================================================================
     ------------------------------------------------------------------------------------------     
====================================================================================================



****************************************************************************************************

 Parameters corresponding to the Maximum a Posteriori probability ( -2445.134221514457 )

====================================================================================================
     Statistics on the posterior of the sampler parameters     
====================================================================================================

----- dataset:  RVdata_expres
jitter_0        18      1.614161 [    0.0010,    13.2000]
offset_0        19     13.837587 [-9995.2560, 10011.7850]

----- dataset: RVdata_expres             ----- model: gp_multidimensional           
rot_amp         20      3.370495 [    0.0000,    10.0000]
con_amp         21      4.414928 [  -20.0000,    20.0000]

----- dataset:  RVdata_harps
jitter_0        22      1.414937 [    0.0009,    12.4000]
offset_0        23     17.073853 [-9994.3075, 10013.5087]
offset_1        24     17.821934 [-9994.3075, 10013.5087]

----- dataset: RVdata_harps              ----- model: gp_multidimensional           
rot_amp         25      3.917082 [    0.0000,    10.0000]
con_amp         26      6.481867 [  -20.0000,    20.0000]

----- dataset:  RVdata_neid
jitter_0        27      1.328696 [    0.0010,    12.3000]
offset_0        28     16.374506 [-9994.4136, 10013.1384]

----- dataset: RVdata_neid               ----- model: gp_multidimensional           
rot_amp         29      7.057816 [    0.0000,    10.0000]
con_amp         30      5.770158 [  -20.0000,    20.0000]

----- dataset:  FIESTAdata_expres_mode1
jitter_0        31      0.808238 [    0.0017,    25.0503]
offset_0        32      8.932000 [-10002.1097, 10002.2693]

----- dataset: FIESTAdata_expres_mode1   ----- model: gp_multidimensional           
rot_amp         33      3.270412 [  -10.0000,    10.0000]
con_amp         34      7.284810 [  -20.0000,    20.0000]

----- dataset:  FIESTAdata_expres_mode2
jitter_0        35      1.286063 [    0.0019,    28.7598]
offset_0        36     -7.757550 [-10003.4482, 10002.9389]

----- dataset: FIESTAdata_expres_mode2   ----- model: gp_multidimensional           
rot_amp         37     -1.795841 [  -10.0000,    10.0000]
con_amp         38     -6.330941 [  -20.0000,    20.0000]

----- dataset:  FIESTAdata_expres_mode3
jitter_0        39      3.450092 [    0.0044,    66.9305]
offset_0        40    -21.646933 [-10009.5094, 10007.6113]

----- dataset: FIESTAdata_expres_mode3   ----- model: gp_multidimensional           
rot_amp         41     -0.754076 [  -10.0000,    10.0000]
con_amp         42    -17.505325 [  -20.0000,    20.0000]

----- dataset:  FIESTAdata_harps_mode1
jitter_0        43      1.074872 [    0.0013,    14.0662]
offset_0        44     -9.395544 [-10001.8133, 10002.5041]

----- dataset: FIESTAdata_harps_mode1    ----- model: gp_multidimensional           
rot_amp         45     -4.646264 [  -10.0000,    10.0000]
con_amp         46     -7.424387 [  -20.0000,    20.0000]

----- dataset:  FIESTAdata_harps_mode2
jitter_0        47      1.569844 [    0.0016,    16.6180]
offset_0        48      9.149994 [-10003.5565, 10001.9037]

----- dataset: FIESTAdata_harps_mode2    ----- model: gp_multidimensional           
rot_amp         49      4.280031 [  -10.0000,    10.0000]
con_amp         50      7.242304 [  -20.0000,    20.0000]

----- dataset:  FIESTAdata_harps_mode3
jitter_0        51      4.726339 [    0.0044,    47.5109]
offset_0        52      3.103220 [-10008.9791, 10011.9671]

----- dataset: FIESTAdata_harps_mode3    ----- model: gp_multidimensional           
rot_amp         53     -3.214407 [  -10.0000,    10.0000]
con_amp         54      2.869861 [  -20.0000,    20.0000]

----- dataset:  FIESTAdata_harpsn_mode1
jitter_0        55      1.420768 [    0.0010,    12.1214]
offset_0        56     10.691465 [-10002.8709, 10003.2575]

----- dataset: FIESTAdata_harpsn_mode1   ----- model: gp_multidimensional           
rot_amp         57      1.377254 [  -10.0000,    10.0000]
con_amp         58      8.886902 [  -20.0000,    20.0000]

----- dataset:  FIESTAdata_harpsn_mode2
jitter_0        59      1.633674 [    0.0011,    14.0279]
offset_0        60    -10.101711 [-10004.2807, 10004.3031]

----- dataset: FIESTAdata_harpsn_mode2   ----- model: gp_multidimensional           
rot_amp         61      5.189212 [  -10.0000,    10.0000]
con_amp         62     -8.123537 [  -20.0000,    20.0000]

----- dataset:  FIESTAdata_harpsn_mode3
jitter_0        63      3.808971 [    0.0032,    39.3660]
offset_0        64     -8.175583 [-10009.8611, 10009.4438]

----- dataset: FIESTAdata_harpsn_mode3   ----- model: gp_multidimensional           
rot_amp         65     -6.601710 [  -10.0000,    10.0000]
con_amp         66     -6.440637 [  -20.0000,    20.0000]

----- dataset:  FIESTAdata_neid_mode1
jitter_0        67      0.804710 [    0.0016,    19.1721]
offset_0        68      8.137108 [-10002.5191, 10002.0921]

----- dataset: FIESTAdata_neid_mode1     ----- model: gp_multidimensional           
rot_amp         69     -0.627041 [  -10.0000,    10.0000]
con_amp         70      6.691927 [  -20.0000,    20.0000]

----- dataset:  FIESTAdata_neid_mode2
jitter_0        71      1.092556 [    0.0020,    23.1467]
offset_0        72    -12.850031 [-10002.4052, 10004.2542]

----- dataset: FIESTAdata_neid_mode2     ----- model: gp_multidimensional           
rot_amp         73     -1.254118 [  -10.0000,    10.0000]
con_amp         74    -10.597245 [  -20.0000,    20.0000]

----- dataset:  FIESTAdata_neid_mode3
jitter_0        75      3.469404 [    0.0049,    58.2853]
offset_0        76      7.907370 [-10010.0578, 10009.4503]

----- dataset: FIESTAdata_neid_mode3     ----- model: gp_multidimensional           
rot_amp         77     -4.158940 [  -10.0000,    10.0000]
con_amp         78      6.709432 [  -20.0000,    20.0000]

----- common model:  b
P                0      5.799545 [    0.1375,     6.6439]
K                1     -5.865617 [   -9.9658,     3.3219]
e                2      0.110797 [    0.0000,     0.7000]
omega            3    106.436598 [    0.0000,   360.0000]
mean_long        4    201.414106 [    0.0000,   360.0000]

----- common model:  c
P                5      3.720668 [    0.1375,     6.6439]
K                6     -0.909325 [   -9.9658,     3.3219]
e                7      0.032362 [    0.0000,     0.7000]
omega            8    209.182779 [    0.0000,   360.0000]
mean_long        9    177.582749 [    0.0000,   360.0000]

----- common model:  d
P               10      3.571511 [    0.1375,     6.6439]
K               11     -2.733028 [   -9.9658,     3.3219]
e               12      0.141585 [    0.0000,     0.7000]
omega           13    260.406140 [    0.0000,   360.0000]
mean_long       14    176.197069 [    0.0000,   360.0000]

----- common model:  activity
Prot            15     30.135398 [   22.0000,    32.0000]
Pdec            16    198.977517 [   10.0000,   300.0000]
Oamp            17     -1.472120 [   -6.6439,     0.0000]

----- common model:  star_parameters

====================================================================================================
     Statistics on the model parameters obtained from the posteriors samples     
====================================================================================================

----- dataset:  RVdata_expres
jitter_0              1.614161 
offset_0             13.837587 


----- dataset: RVdata_expres             ----- model: gp_multidimensional           
rot_amp               3.370495 
con_amp               4.414928 

----- dataset:  RVdata_harps
jitter_0              1.414937 
offset_0             17.073853 
offset_1             17.821934 


----- dataset: RVdata_harps              ----- model: gp_multidimensional           
rot_amp               3.917082 
con_amp               6.481867 

----- dataset:  RVdata_neid
jitter_0              1.328696 
offset_0             16.374506 


----- dataset: RVdata_neid               ----- model: gp_multidimensional           
rot_amp               7.057816 
con_amp               5.770158 

----- dataset:  FIESTAdata_expres_mode1
jitter_0              0.808238 
offset_0              8.932000 


----- dataset: FIESTAdata_expres_mode1   ----- model: gp_multidimensional           
rot_amp               3.270412 
con_amp               7.284810 

----- dataset:  FIESTAdata_expres_mode2
jitter_0              1.286063 
offset_0             -7.757550 


----- dataset: FIESTAdata_expres_mode2   ----- model: gp_multidimensional           
rot_amp              -1.795841 
con_amp              -6.330941 

----- dataset:  FIESTAdata_expres_mode3
jitter_0              3.450092 
offset_0            -21.646933 


----- dataset: FIESTAdata_expres_mode3   ----- model: gp_multidimensional           
rot_amp              -0.754076 
con_amp             -17.505325 

----- dataset:  FIESTAdata_harps_mode1
jitter_0              1.074872 
offset_0             -9.395544 


----- dataset: FIESTAdata_harps_mode1    ----- model: gp_multidimensional           
rot_amp              -4.646264 
con_amp              -7.424387 

----- dataset:  FIESTAdata_harps_mode2
jitter_0              1.569844 
offset_0              9.149994 


----- dataset: FIESTAdata_harps_mode2    ----- model: gp_multidimensional           
rot_amp               4.280031 
con_amp               7.242304 

----- dataset:  FIESTAdata_harps_mode3
jitter_0              4.726339 
offset_0              3.103220 


----- dataset: FIESTAdata_harps_mode3    ----- model: gp_multidimensional           
rot_amp              -3.214407 
con_amp               2.869861 

----- dataset:  FIESTAdata_harpsn_mode1
jitter_0              1.420768 
offset_0             10.691465 


----- dataset: FIESTAdata_harpsn_mode1   ----- model: gp_multidimensional           
rot_amp               1.377254 
con_amp               8.886902 

----- dataset:  FIESTAdata_harpsn_mode2
jitter_0              1.633674 
offset_0            -10.101711 


----- dataset: FIESTAdata_harpsn_mode2   ----- model: gp_multidimensional           
rot_amp               5.189212 
con_amp              -8.123537 

----- dataset:  FIESTAdata_harpsn_mode3
jitter_0              3.808971 
offset_0             -8.175583 


----- dataset: FIESTAdata_harpsn_mode3   ----- model: gp_multidimensional           
rot_amp              -6.601710 
con_amp              -6.440637 

----- dataset:  FIESTAdata_neid_mode1
jitter_0              0.804710 
offset_0              8.137108 


----- dataset: FIESTAdata_neid_mode1     ----- model: gp_multidimensional           
rot_amp              -0.627041 
con_amp               6.691927 

----- dataset:  FIESTAdata_neid_mode2
jitter_0              1.092556 
offset_0            -12.850031 


----- dataset: FIESTAdata_neid_mode2     ----- model: gp_multidimensional           
rot_amp              -1.254118 
con_amp             -10.597245 

----- dataset:  FIESTAdata_neid_mode3
jitter_0              3.469404 
offset_0              7.907370 


----- dataset: FIESTAdata_neid_mode3     ----- model: gp_multidimensional           
rot_amp              -4.158940 
con_amp               6.709432 

----- common model:  b
P                    55.697661 
K                     0.017150 
e                     0.110797 
omega               106.436598 
mean_long           201.414106 

----- common model:  c
P                    13.183561 
K                     0.532434 
e                     0.032362 
omega               209.182779 
mean_long           177.582749 

----- common model:  d
P                    11.888638 
K                     0.150410 
e                     0.141585 
omega               260.406140 
mean_long           176.197069 

----- common model:  activity
Prot                 30.135398 
Pdec                198.977517 
Oamp                  0.360452 

----- common model:  star_parameters

====================================================================================================
     Statistics on the derived parameters obtained from the posteriors samples     
====================================================================================================

----- common model:  b
Inclination fixed to 90 deg!
a_Rs                 61.348933 
M_Mj                  0.000320 
M_Me                  0.101793 
Tc                59373.674636 
a_AU_(M)              0.285425 
a_AU_(rho,R)          0.285424 

----- common model:  c
Inclination fixed to 90 deg!
a_Rs                 23.474941 
M_Mj                  0.006184 
M_Me                  1.965923 
Tc                59344.796349 
a_AU_(M)              0.109217 
a_AU_(rho,R)          0.109217 

----- common model:  d
Inclination fixed to 90 deg!
a_Rs                 21.911444 
M_Mj                  0.001672 
M_Me                  0.531422 
Tc                59343.841879 
a_AU_(M)              0.101943 
a_AU_(rho,R)          0.101942 


====================================================================================================
     ------------------------------------------------------------------------------------------     
====================================================================================================



****************************************************************************************************

 Parameters corresponding to the sample closest to the median values ( -2468.033234448755 )

====================================================================================================
     Statistics on the posterior of the sampler parameters     
====================================================================================================

----- dataset:  RVdata_expres
jitter_0        18      1.593983 [    0.0010,    13.2000]
offset_0        19     13.719484 [-9995.2560, 10011.7850]

----- dataset: RVdata_expres             ----- model: gp_multidimensional           
rot_amp         20      4.672312 [    0.0000,    10.0000]
con_amp         21      4.287604 [  -20.0000,    20.0000]

----- dataset:  RVdata_harps
jitter_0        22      1.399969 [    0.0009,    12.4000]
offset_0        23     16.646157 [-9994.3075, 10013.5087]
offset_1        24     17.679114 [-9994.3075, 10013.5087]

----- dataset: RVdata_harps              ----- model: gp_multidimensional           
rot_amp         25      3.677958 [    0.0000,    10.0000]
con_amp         26      6.299257 [  -20.0000,    20.0000]

----- dataset:  RVdata_neid
jitter_0        27      1.277022 [    0.0010,    12.3000]
offset_0        28     14.413635 [-9994.4136, 10013.1384]

----- dataset: RVdata_neid               ----- model: gp_multidimensional           
rot_amp         29      6.950223 [    0.0000,    10.0000]
con_amp         30      4.082913 [  -20.0000,    20.0000]

----- dataset:  FIESTAdata_expres_mode1
jitter_0        31      0.794274 [    0.0017,    25.0503]
offset_0        32      9.228080 [-10002.1097, 10002.2693]

----- dataset: FIESTAdata_expres_mode1   ----- model: gp_multidimensional           
rot_amp         33      3.850975 [  -10.0000,    10.0000]
con_amp         34      7.515361 [  -20.0000,    20.0000]

----- dataset:  FIESTAdata_expres_mode2
jitter_0        35      1.352795 [    0.0019,    28.7598]
offset_0        36     -5.464693 [-10003.4482, 10002.9389]

----- dataset: FIESTAdata_expres_mode2   ----- model: gp_multidimensional           
rot_amp         37     -1.954894 [  -10.0000,    10.0000]
con_amp         38     -4.461401 [  -20.0000,    20.0000]

----- dataset:  FIESTAdata_expres_mode3
jitter_0        39      3.530809 [    0.0044,    66.9305]
offset_0        40    -19.042965 [-10009.5094, 10007.6113]

----- dataset: FIESTAdata_expres_mode3   ----- model: gp_multidimensional           
rot_amp         41      1.515432 [  -10.0000,    10.0000]
con_amp         42    -15.302245 [  -20.0000,    20.0000]

----- dataset:  FIESTAdata_harps_mode1
jitter_0        43      1.013150 [    0.0013,    14.0662]
offset_0        44    -11.226759 [-10001.8133, 10002.5041]

----- dataset: FIESTAdata_harps_mode1    ----- model: gp_multidimensional           
rot_amp         45     -2.783051 [  -10.0000,    10.0000]
con_amp         46     -8.961563 [  -20.0000,    20.0000]

----- dataset:  FIESTAdata_harps_mode2
jitter_0        47      1.664547 [    0.0016,    16.6180]
offset_0        48      9.937530 [-10003.5565, 10001.9037]

----- dataset: FIESTAdata_harps_mode2    ----- model: gp_multidimensional           
rot_amp         49     -1.817529 [  -10.0000,    10.0000]
con_amp         50      7.968801 [  -20.0000,    20.0000]

----- dataset:  FIESTAdata_harps_mode3
jitter_0        51      4.640746 [    0.0044,    47.5109]
offset_0        52     11.690784 [-10008.9791, 10011.9671]

----- dataset: FIESTAdata_harps_mode3    ----- model: gp_multidimensional           
rot_amp         53     -1.657270 [  -10.0000,    10.0000]
con_amp         54      9.415423 [  -20.0000,    20.0000]

----- dataset:  FIESTAdata_harpsn_mode1
jitter_0        55      1.372449 [    0.0010,    12.1214]
offset_0        56      8.692601 [-10002.8709, 10003.2575]

----- dataset: FIESTAdata_harpsn_mode1   ----- model: gp_multidimensional           
rot_amp         57      0.680835 [  -10.0000,    10.0000]
con_amp         58      7.229246 [  -20.0000,    20.0000]

----- dataset:  FIESTAdata_harpsn_mode2
jitter_0        59      1.719397 [    0.0011,    14.0279]
offset_0        60    -15.809475 [-10004.2807, 10004.3031]

----- dataset: FIESTAdata_harpsn_mode2   ----- model: gp_multidimensional           
rot_amp         61      3.513724 [  -10.0000,    10.0000]
con_amp         62    -12.943878 [  -20.0000,    20.0000]

----- dataset:  FIESTAdata_harpsn_mode3
jitter_0        63      4.023821 [    0.0032,    39.3660]
offset_0        64     -7.184535 [-10009.8611, 10009.4438]

----- dataset: FIESTAdata_harpsn_mode3   ----- model: gp_multidimensional           
rot_amp         65     -7.423088 [  -10.0000,    10.0000]
con_amp         66     -5.840020 [  -20.0000,    20.0000]

----- dataset:  FIESTAdata_neid_mode1
jitter_0        67      0.818123 [    0.0016,    19.1721]
offset_0        68      7.771464 [-10002.5191, 10002.0921]

----- dataset: FIESTAdata_neid_mode1     ----- model: gp_multidimensional           
rot_amp         69     -1.730860 [  -10.0000,    10.0000]
con_amp         70      6.395231 [  -20.0000,    20.0000]

----- dataset:  FIESTAdata_neid_mode2
jitter_0        71      1.126881 [    0.0020,    23.1467]
offset_0        72    -14.024274 [-10002.4052, 10004.2542]

----- dataset: FIESTAdata_neid_mode2     ----- model: gp_multidimensional           
rot_amp         73     -1.823944 [  -10.0000,    10.0000]
con_amp         74    -11.459502 [  -20.0000,    20.0000]

----- dataset:  FIESTAdata_neid_mode3
jitter_0        75      3.737363 [    0.0049,    58.2853]
offset_0        76     10.933046 [-10010.0578, 10009.4503]

----- dataset: FIESTAdata_neid_mode3     ----- model: gp_multidimensional           
rot_amp         77     -3.763273 [  -10.0000,    10.0000]
con_amp         78      9.009877 [  -20.0000,    20.0000]

----- common model:  b
P                0      4.713587 [    0.1375,     6.6439]
K                1     -5.606130 [   -9.9658,     3.3219]
e                2      0.073280 [    0.0000,     0.7000]
omega            3    102.073186 [    0.0000,   360.0000]
mean_long        4    239.473373 [    0.0000,   360.0000]

----- common model:  c
P                5      3.724145 [    0.1375,     6.6439]
K                6     -0.766555 [   -9.9658,     3.3219]
e                7      0.025418 [    0.0000,     0.7000]
omega            8    221.951516 [    0.0000,   360.0000]
mean_long        9    195.726002 [    0.0000,   360.0000]

----- common model:  d
P               10      3.935178 [    0.1375,     6.6439]
K               11     -2.398301 [   -9.9658,     3.3219]
e               12      0.102420 [    0.0000,     0.7000]
omega           13    206.968909 [    0.0000,   360.0000]
mean_long       14    228.603566 [    0.0000,   360.0000]

----- common model:  activity
Prot            15     29.415293 [   22.0000,    32.0000]
Pdec            16    198.414113 [   10.0000,   300.0000]
Oamp            17     -1.550257 [   -6.6439,     0.0000]

----- common model:  star_parameters

====================================================================================================
     Statistics on the model parameters obtained from the posteriors samples     
====================================================================================================

----- dataset:  RVdata_expres
jitter_0              1.593983 
offset_0             13.719484 


----- dataset: RVdata_expres             ----- model: gp_multidimensional           
rot_amp               4.672312 
con_amp               4.287604 

----- dataset:  RVdata_harps
jitter_0              1.399969 
offset_0             16.646157 
offset_1             17.679114 


----- dataset: RVdata_harps              ----- model: gp_multidimensional           
rot_amp               3.677958 
con_amp               6.299257 

----- dataset:  RVdata_neid
jitter_0              1.277022 
offset_0             14.413635 


----- dataset: RVdata_neid               ----- model: gp_multidimensional           
rot_amp               6.950223 
con_amp               4.082913 

----- dataset:  FIESTAdata_expres_mode1
jitter_0              0.794274 
offset_0              9.228080 


----- dataset: FIESTAdata_expres_mode1   ----- model: gp_multidimensional           
rot_amp               3.850975 
con_amp               7.515361 

----- dataset:  FIESTAdata_expres_mode2
jitter_0              1.352795 
offset_0             -5.464693 


----- dataset: FIESTAdata_expres_mode2   ----- model: gp_multidimensional           
rot_amp              -1.954894 
con_amp              -4.461401 

----- dataset:  FIESTAdata_expres_mode3
jitter_0              3.530809 
offset_0            -19.042965 


----- dataset: FIESTAdata_expres_mode3   ----- model: gp_multidimensional           
rot_amp               1.515432 
con_amp             -15.302245 

----- dataset:  FIESTAdata_harps_mode1
jitter_0              1.013150 
offset_0            -11.226759 


----- dataset: FIESTAdata_harps_mode1    ----- model: gp_multidimensional           
rot_amp              -2.783051 
con_amp              -8.961563 

----- dataset:  FIESTAdata_harps_mode2
jitter_0              1.664547 
offset_0              9.937530 


----- dataset: FIESTAdata_harps_mode2    ----- model: gp_multidimensional           
rot_amp              -1.817529 
con_amp               7.968801 

----- dataset:  FIESTAdata_harps_mode3
jitter_0              4.640746 
offset_0             11.690784 


----- dataset: FIESTAdata_harps_mode3    ----- model: gp_multidimensional           
rot_amp              -1.657270 
con_amp               9.415423 

----- dataset:  FIESTAdata_harpsn_mode1
jitter_0              1.372449 
offset_0              8.692601 


----- dataset: FIESTAdata_harpsn_mode1   ----- model: gp_multidimensional           
rot_amp               0.680835 
con_amp               7.229246 

----- dataset:  FIESTAdata_harpsn_mode2
jitter_0              1.719397 
offset_0            -15.809475 


----- dataset: FIESTAdata_harpsn_mode2   ----- model: gp_multidimensional           
rot_amp               3.513724 
con_amp             -12.943878 

----- dataset:  FIESTAdata_harpsn_mode3
jitter_0              4.023821 
offset_0             -7.184535 


----- dataset: FIESTAdata_harpsn_mode3   ----- model: gp_multidimensional           
rot_amp              -7.423088 
con_amp              -5.840020 

----- dataset:  FIESTAdata_neid_mode1
jitter_0              0.818123 
offset_0              7.771464 


----- dataset: FIESTAdata_neid_mode1     ----- model: gp_multidimensional           
rot_amp              -1.730860 
con_amp               6.395231 

----- dataset:  FIESTAdata_neid_mode2
jitter_0              1.126881 
offset_0            -14.024274 


----- dataset: FIESTAdata_neid_mode2     ----- model: gp_multidimensional           
rot_amp              -1.823944 
con_amp             -11.459502 

----- dataset:  FIESTAdata_neid_mode3
jitter_0              3.737363 
offset_0             10.933046 


----- dataset: FIESTAdata_neid_mode3     ----- model: gp_multidimensional           
rot_amp              -3.763273 
con_amp               9.009877 

----- common model:  b
P                    26.238022 
K                     0.020530 
e                     0.073280 
omega               102.073186 
mean_long           239.473373 

----- common model:  c
P                    13.215372 
K                     0.587820 
e                     0.025418 
omega               221.951516 
mean_long           195.726002 

----- common model:  d
P                    15.297017 
K                     0.189688 
e                     0.102420 
omega               206.968909 
mean_long           228.603566 

----- common model:  activity
Prot                 29.415293 
Pdec                198.414113 
Oamp                  0.341449 

----- common model:  star_parameters

====================================================================================================
     Statistics on the derived parameters obtained from the posteriors samples     
====================================================================================================

----- common model:  b
Inclination fixed to 90 deg!
a_Rs                 37.142432 
M_Mj                  0.000299 
M_Me                  0.095143 
Tc                59350.165515 
a_AU_(M)              0.172805 
a_AU_(rho,R)          0.172804 

----- common model:  c
Inclination fixed to 90 deg!
a_Rs                 23.512707 
M_Mj                  0.006834 
M_Me                  2.172607 
Tc                59344.114960 
a_AU_(M)              0.109393 
a_AU_(rho,R)          0.109392 

----- common model:  d
Inclination fixed to 90 deg!
a_Rs                 25.921115 
M_Mj                  0.002304 
M_Me                  0.732489 
Tc                59344.567497 
a_AU_(M)              0.120598 
a_AU_(rho,R)          0.120597 


====================================================================================================
     ------------------------------------------------------------------------------------------     
====================================================================================================



****************************************************************************************************

Inclination fixed to 90 deg!
Inclination fixed to 90 deg!
Inclination fixed to 90 deg!
Note: stellar density derived from stellar mass and radius

Inclination fixed to 90 deg!
Inclination fixed to 90 deg!
Inclination fixed to 90 deg!
Inclination fixed to 90 deg!
Inclination fixed to 90 deg!
Inclination fixed to 90 deg!
 Skipping full correlation plot due to the high number of parameters
 To avoid this behaviour, set the keyword parameters:force_full_correlation_plot to True

****************************************************************************************************

Plotting the common models corner plots
     Common model:  b
     Common model:  c
     Common model:  d
     Common model:  activity
     Common model:  star_parameters

****************************************************************************************************

Plotting the dataset + models corner plots 

     Dataset:  RVdata_expres     model:  gp_multidimensional  corner plot  starting 
     Dataset:  RVdata_expres     model:  gp_multidimensional  corner plot  done 
     Dataset:  RVdata_expres     model:  radial_velocities_b  corner plot  starting 
     Dataset:  RVdata_expres     model:  radial_velocities_b  corner plot  done 
     Dataset:  RVdata_expres     model:  radial_velocities_c  corner plot  starting 
     Dataset:  RVdata_expres     model:  radial_velocities_c  corner plot  done 
     Dataset:  RVdata_expres     model:  radial_velocities_d  corner plot  starting 
     Dataset:  RVdata_expres     model:  radial_velocities_d  corner plot  done 
     Dataset:  RVdata_harps     model:  gp_multidimensional  corner plot  starting 
     Dataset:  RVdata_harps     model:  gp_multidimensional  corner plot  done 
     Dataset:  RVdata_harps     model:  radial_velocities_b  corner plot  starting 
     Dataset:  RVdata_harps     model:  radial_velocities_b  corner plot  done 
     Dataset:  RVdata_harps     model:  radial_velocities_c  corner plot  starting 
     Dataset:  RVdata_harps     model:  radial_velocities_c  corner plot  done 
     Dataset:  RVdata_harps     model:  radial_velocities_d  corner plot  starting 
     Dataset:  RVdata_harps     model:  radial_velocities_d  corner plot  done 
     Dataset:  RVdata_neid     model:  gp_multidimensional  corner plot  starting 
     Dataset:  RVdata_neid     model:  gp_multidimensional  corner plot  done 
     Dataset:  RVdata_neid     model:  radial_velocities_b  corner plot  starting 
     Dataset:  RVdata_neid     model:  radial_velocities_b  corner plot  done 
     Dataset:  RVdata_neid     model:  radial_velocities_c  corner plot  starting 
     Dataset:  RVdata_neid     model:  radial_velocities_c  corner plot  done 
     Dataset:  RVdata_neid     model:  radial_velocities_d  corner plot  starting 
     Dataset:  RVdata_neid     model:  radial_velocities_d  corner plot  done 
     Dataset:  FIESTAdata_expres_mode1     model:  gp_multidimensional  corner plot  starting 
     Dataset:  FIESTAdata_expres_mode1     model:  gp_multidimensional  corner plot  done 
     Dataset:  FIESTAdata_expres_mode2     model:  gp_multidimensional  corner plot  starting 
     Dataset:  FIESTAdata_expres_mode2     model:  gp_multidimensional  corner plot  done 
     Dataset:  FIESTAdata_expres_mode3     model:  gp_multidimensional  corner plot  starting 
     Dataset:  FIESTAdata_expres_mode3     model:  gp_multidimensional  corner plot  done 
     Dataset:  FIESTAdata_harps_mode1     model:  gp_multidimensional  corner plot  starting 
     Dataset:  FIESTAdata_harps_mode1     model:  gp_multidimensional  corner plot  done 
     Dataset:  FIESTAdata_harps_mode2     model:  gp_multidimensional  corner plot  starting 
     Dataset:  FIESTAdata_harps_mode2     model:  gp_multidimensional  corner plot  done 
     Dataset:  FIESTAdata_harps_mode3     model:  gp_multidimensional  corner plot  starting 
     Dataset:  FIESTAdata_harps_mode3     model:  gp_multidimensional  corner plot  done 
     Dataset:  FIESTAdata_harpsn_mode1     model:  gp_multidimensional  corner plot  starting 
     Dataset:  FIESTAdata_harpsn_mode1     model:  gp_multidimensional  corner plot  done 
     Dataset:  FIESTAdata_harpsn_mode2     model:  gp_multidimensional  corner plot  starting 
     Dataset:  FIESTAdata_harpsn_mode2     model:  gp_multidimensional  corner plot  done 
     Dataset:  FIESTAdata_harpsn_mode3     model:  gp_multidimensional  corner plot  starting 
     Dataset:  FIESTAdata_harpsn_mode3     model:  gp_multidimensional  corner plot  done 
     Dataset:  FIESTAdata_neid_mode1     model:  gp_multidimensional  corner plot  starting 
     Dataset:  FIESTAdata_neid_mode1     model:  gp_multidimensional  corner plot  done 
     Dataset:  FIESTAdata_neid_mode2     model:  gp_multidimensional  corner plot  starting 
     Dataset:  FIESTAdata_neid_mode2     model:  gp_multidimensional  corner plot  done 
     Dataset:  FIESTAdata_neid_mode3     model:  gp_multidimensional  corner plot  starting 
     Dataset:  FIESTAdata_neid_mode3     model:  gp_multidimensional  corner plot  done 

****************************************************************************************************

 Saving the planet parameter samplings to files (with plots)

****************************************************************************************************

 Saving all the parameter samplings to files (with plots)

****************************************************************************************************

 Computing the models for plot/data writing 
     Splitting the plot array to allow GP prediction of extended datasets, it may take a while...
     # 21 chunks of 90 times each
     Check the documentation if the code is taking too long or if it crashes...
     Splitting the plot array to allow GP prediction of extended datasets, it may take a while...
     # 21 chunks of 90 times each
     Check the documentation if the code is taking too long or if it crashes...
     Splitting the plot array to allow GP prediction of extended datasets, it may take a while...
     # 21 chunks of 90 times each
     Check the documentation if the code is taking too long or if it crashes...
     Splitting the plot array to allow GP prediction of extended datasets, it may take a while...
     # 15 chunks of 90 times each
     Check the documentation if the code is taking too long or if it crashes...
     Splitting the plot array to allow GP prediction of extended datasets, it may take a while...
     # 15 chunks of 90 times each
     Check the documentation if the code is taking too long or if it crashes...
     Splitting the plot array to allow GP prediction of extended datasets, it may take a while...
     # 15 chunks of 90 times each
     Check the documentation if the code is taking too long or if it crashes...
     Splitting the plot array to allow GP prediction of extended datasets, it may take a while...
     # 5 chunks of 90 times each
     Check the documentation if the code is taking too long or if it crashes...
     Splitting the plot array to allow GP prediction of extended datasets, it may take a while...
     # 5 chunks of 90 times each
     Check the documentation if the code is taking too long or if it crashes...
     Splitting the plot array to allow GP prediction of extended datasets, it may take a while...
     # 5 chunks of 90 times each
     Check the documentation if the code is taking too long or if it crashes...
     Splitting the plot array to allow GP prediction of extended datasets, it may take a while...
     # 13 chunks of 90 times each
     Check the documentation if the code is taking too long or if it crashes...
     Splitting the plot array to allow GP prediction of extended datasets, it may take a while...
     # 13 chunks of 90 times each
     Check the documentation if the code is taking too long or if it crashes...
     Splitting the plot array to allow GP prediction of extended datasets, it may take a while...
     # 13 chunks of 90 times each
     Check the documentation if the code is taking too long or if it crashes...
     Splitting the plot array to allow GP prediction of extended datasets, it may take a while...
     # 13 chunks of 90 times each
     Check the documentation if the code is taking too long or if it crashes...
     Splitting the plot array to allow GP prediction of extended datasets, it may take a while...
     # 13 chunks of 90 times each
     Check the documentation if the code is taking too long or if it crashes...
     Splitting the plot array to allow GP prediction of extended datasets, it may take a while...
     # 13 chunks of 90 times each
     Check the documentation if the code is taking too long or if it crashes...
     Splitting the plot array to allow GP prediction of extended datasets, it may take a while...
     # 21 chunks of 90 times each
     Check the documentation if the code is taking too long or if it crashes...
     Splitting the plot array to allow GP prediction of extended datasets, it may take a while...
     # 21 chunks of 90 times each
     Check the documentation if the code is taking too long or if it crashes...
     Splitting the plot array to allow GP prediction of extended datasets, it may take a while...
     # 21 chunks of 90 times each
     Check the documentation if the code is taking too long or if it crashes...
     Splitting the plot array to allow GP prediction of extended datasets, it may take a while...
     # 15 chunks of 90 times each
     Check the documentation if the code is taking too long or if it crashes...
     Splitting the plot array to allow GP prediction of extended datasets, it may take a while...
     # 15 chunks of 90 times each
     Check the documentation if the code is taking too long or if it crashes...
     Splitting the plot array to allow GP prediction of extended datasets, it may take a while...
     # 15 chunks of 90 times each
     Check the documentation if the code is taking too long or if it crashes...
     Splitting the plot array to allow GP prediction of extended datasets, it may take a while...
     # 5 chunks of 90 times each
     Check the documentation if the code is taking too long or if it crashes...
     Splitting the plot array to allow GP prediction of extended datasets, it may take a while...
     # 5 chunks of 90 times each
     Check the documentation if the code is taking too long or if it crashes...
     Splitting the plot array to allow GP prediction of extended datasets, it may take a while...
     # 5 chunks of 90 times each
     Check the documentation if the code is taking too long or if it crashes...
     Splitting the plot array to allow GP prediction of extended datasets, it may take a while...
     # 13 chunks of 90 times each
     Check the documentation if the code is taking too long or if it crashes...
     Splitting the plot array to allow GP prediction of extended datasets, it may take a while...
     # 13 chunks of 90 times each
     Check the documentation if the code is taking too long or if it crashes...
     Splitting the plot array to allow GP prediction of extended datasets, it may take a while...
     # 13 chunks of 90 times each
     Check the documentation if the code is taking too long or if it crashes...
     Splitting the plot array to allow GP prediction of extended datasets, it may take a while...
     # 13 chunks of 90 times each
     Check the documentation if the code is taking too long or if it crashes...
     Splitting the plot array to allow GP prediction of extended datasets, it may take a while...
     # 13 chunks of 90 times each
     Check the documentation if the code is taking too long or if it crashes...
     Splitting the plot array to allow GP prediction of extended datasets, it may take a while...
     # 13 chunks of 90 times each
     Check the documentation if the code is taking too long or if it crashes...
     Splitting the plot array to allow GP prediction of extended datasets, it may take a while...
     # 21 chunks of 90 times each
     Check the documentation if the code is taking too long or if it crashes...
     Splitting the plot array to allow GP prediction of extended datasets, it may take a while...
     # 21 chunks of 90 times each
     Check the documentation if the code is taking too long or if it crashes...
     Splitting the plot array to allow GP prediction of extended datasets, it may take a while...
     # 21 chunks of 90 times each
     Check the documentation if the code is taking too long or if it crashes...
     Splitting the plot array to allow GP prediction of extended datasets, it may take a while...
     # 15 chunks of 90 times each
     Check the documentation if the code is taking too long or if it crashes...
     Splitting the plot array to allow GP prediction of extended datasets, it may take a while...
     # 15 chunks of 90 times each
     Check the documentation if the code is taking too long or if it crashes...
     Splitting the plot array to allow GP prediction of extended datasets, it may take a while...
     # 15 chunks of 90 times each
     Check the documentation if the code is taking too long or if it crashes...
     Splitting the plot array to allow GP prediction of extended datasets, it may take a while...
     # 5 chunks of 90 times each
     Check the documentation if the code is taking too long or if it crashes...
     Splitting the plot array to allow GP prediction of extended datasets, it may take a while...
     # 5 chunks of 90 times each
     Check the documentation if the code is taking too long or if it crashes...
     Splitting the plot array to allow GP prediction of extended datasets, it may take a while...
     # 5 chunks of 90 times each
     Check the documentation if the code is taking too long or if it crashes...
     Splitting the plot array to allow GP prediction of extended datasets, it may take a while...
     # 13 chunks of 90 times each
     Check the documentation if the code is taking too long or if it crashes...
     Splitting the plot array to allow GP prediction of extended datasets, it may take a while...
     # 13 chunks of 90 times each
     Check the documentation if the code is taking too long or if it crashes...
     Splitting the plot array to allow GP prediction of extended datasets, it may take a while...
     # 13 chunks of 90 times each
     Check the documentation if the code is taking too long or if it crashes...
     Splitting the plot array to allow GP prediction of extended datasets, it may take a while...
     # 13 chunks of 90 times each
     Check the documentation if the code is taking too long or if it crashes...
     Splitting the plot array to allow GP prediction of extended datasets, it may take a while...
     # 13 chunks of 90 times each
     Check the documentation if the code is taking too long or if it crashes...
     Splitting the plot array to allow GP prediction of extended datasets, it may take a while...
     # 13 chunks of 90 times each
     Check the documentation if the code is taking too long or if it crashes...
 Writing the plots 
 Writing the   data files 
 Writing the  MAP_ data files 
 Writing the  sampleMED_ data files 

****************************************************************************************************

