
:::---::: PyORBIT v11.0.1 :::---:::

Python version in use:
3.10.18 (main, Jun  5 2025, 13:14:17) [GCC 11.2.0]

reloaded_optimize:  False
reloaded_pyde:  False
reloaded_emcee:  False

number of multiprocessing threads: 16
multiprocessing method (should be fork):  fork

parameters/safe_reload flag (must be True for tinygp):  False

Opening:  RVdata
Opening:  BISdata
Opening:  FWHMdata

Adding common model of planet:  b
Adding common model of planet:  c
Using orbital model:  keplerian
Using orbital parametrization:  Eastman2013

Using orbital model:  keplerian
Using orbital parametrization:  Eastman2013

gp_multidimensional  S+LEAF model, number of harmonics: 4

GP model: gp_multidimensional  hyperparameters_condition:    True
GP model: gp_multidimensional  rotation_decay_condition:     True

====================================================================================================
     Ids, spaces (s), boundaries (b) and priors (p) of the sampler parameters     
====================================================================================================

----- dataset:  RVdata
jitter_0      id:  13  s:Linear      b:[      0.0009,      13.3000]   p:Uniform   []
offset_0      id:  14  s:Linear      b:[ -10006.2420,   10013.7830]   p:Uniform   []
offset_1      id:  15  s:Linear      b:[ -10006.2420,   10013.7830]   p:Uniform   []
offset_2      id:  16  s:Linear      b:[ -10006.2420,   10013.7830]   p:Uniform   []
offset_3      id:  17  s:Linear      b:[ -10006.2420,   10013.7830]   p:Uniform   []

----- dataset: RVdata                    ----- model: gp_multidimensional           
rot_amp       id:  18  s:Linear      b:[      0.0000,      10.0000]   p:Uniform   []
con_amp       id:  19  s:Linear      b:[    -20.0000,      20.0000]   p:Uniform   []

----- dataset:  BISdata
jitter_0      id:  20  s:Linear      b:[      0.0095,      95.0000]   p:Uniform   []
offset_0      id:  21  s:Linear      b:[ -10079.7500,    9960.6500]   p:Uniform   []
offset_1      id:  22  s:Linear      b:[ -10079.7500,    9960.6500]   p:Uniform   []
offset_2      id:  23  s:Linear      b:[ -10079.7500,    9960.6500]   p:Uniform   []
offset_3      id:  24  s:Linear      b:[ -10079.7500,    9960.6500]   p:Uniform   []

----- dataset: BISdata                   ----- model: gp_multidimensional           
rot_amp       id:  25  s:Linear      b:[    -10.0000,      10.0000]   p:Uniform   []
con_amp       id:  26  s:Linear      b:[    -20.0000,      20.0000]   p:Uniform   []

----- dataset:  FWHMdata
jitter_0      id:  27  s:Linear      b:[      0.0500,     500.0000]   p:Uniform   []
offset_0      id:  28  s:Linear      b:[  -3317.3615,   16947.7259]   p:Uniform   []
offset_1      id:  29  s:Linear      b:[  -3317.3615,   16947.7259]   p:Uniform   []
offset_2      id:  30  s:Linear      b:[  -3317.3615,   16947.7259]   p:Uniform   []
offset_3      id:  31  s:Linear      b:[  -3317.3615,   16947.7259]   p:Uniform   []

----- dataset: FWHMdata                  ----- model: gp_multidimensional           
rot_amp       id:  32  s:Linear      b:[    -10.0000,      10.0000]   p:Uniform   []
con_amp       id:  33  s:Linear      b:[    -20.0000,      20.0000]   p:Uniform   []

----- common model:  b
P             id:   0  s:Log_Base2   b:[      0.3785,       6.6439]   p:Uniform   []
K             id:   1  s:Log_Base2   b:[     -9.9658,       3.3219]   p:Uniform   []
sre_coso      id:   2  s:Linear      b:[     -1.0000,       1.0000]   p:Uniform   []
sre_sino      id:   3  s:Linear      b:[     -1.0000,       1.0000]   p:Uniform   []
mean_long     id:   4  s:Linear      b:[      0.0000,     360.0000]   p:Uniform   []
e             derived (no id, space, bound)                           p:Gaussian   [0.    0.098]
omega         derived (no id, space, bound)                           p:Uniform   [0.0, 360.0]

----- common model:  c
P             id:   5  s:Log_Base2   b:[      0.3785,       6.6439]   p:Uniform   []
K             id:   6  s:Log_Base2   b:[     -9.9658,       3.3219]   p:Uniform   []
sre_coso      id:   7  s:Linear      b:[     -1.0000,       1.0000]   p:Uniform   []
sre_sino      id:   8  s:Linear      b:[     -1.0000,       1.0000]   p:Uniform   []
mean_long     id:   9  s:Linear      b:[      0.0000,     360.0000]   p:Uniform   []
e             derived (no id, space, bound)                           p:Gaussian   [0.    0.098]
omega         derived (no id, space, bound)                           p:Uniform   [0.0, 360.0]

----- common model:  activity
Prot          id:  10  s:Linear      b:[     20.0000,      35.0000]   p:Gaussian   [28.   0.5]
Pdec          id:  11  s:Linear      b:[     30.0000,    1000.0000]   p:Uniform   []
Oamp          id:  12  s:Log_Base2   b:[     -6.6439,       0.0000]   p:Gaussian   [0.35  0.035]

----- common model:  star_parameters
mass          derived (no id, space, bound)                           p:Gaussian   [1.e+00 1.e-06]
radius        derived (no id, space, bound)                           p:Gaussian   [1.e+00 1.e-06]
density       derived (no id, space, bound)                           p:Gaussian   [1.e+00 1.e-06]

Include priors:  True

Reference Time Tref:  59334.700184

Dimensions =  34
Nwalkers =  136

Using threading pool for PyDE: True
PyDE running
Boundaries redefined after PyDE output
PyDE completed, it took        199.6 seconds

====================================================================================================
     Starting point of the sample/optimization routines    
====================================================================================================

----- dataset:  RVdata
jitter_0        13      1.276150 [    0.0009,    13.3000]
offset_0        14      1.948854 [-10006.2420, 10013.7830]
offset_1        15      4.212414 [-10006.2420, 10013.7830]
offset_2        16      3.349956 [-10006.2420, 10013.7830]
offset_3        17      3.199174 [-10006.2420, 10013.7830]

----- dataset: RVdata                    ----- model: gp_multidimensional           
rot_amp         18      0.962239 [    0.0000,    10.0000]
con_amp         19     -3.885452 [  -20.0000,    20.0000]

----- dataset:  BISdata
jitter_0        20      1.690144 [    0.0095,    95.0000]
offset_0        21    -74.152368 [-10079.7500,  9960.6500]
offset_1        22    -44.854169 [-10079.7500,  9960.6500]
offset_2        23    -52.234700 [-10079.7500,  9960.6500]
offset_3        24    -59.840501 [-10079.7500,  9960.6500]

----- dataset: BISdata                   ----- model: gp_multidimensional           
rot_amp         25      3.331008 [  -10.0000,    10.0000]
con_amp         26     -0.257677 [  -20.0000,    20.0000]

----- dataset:  FWHMdata
jitter_0        27      0.051865 [    0.0500,   500.0000]
offset_0        28   6694.212987 [-3317.3615, 16947.7259]
offset_1        29   6939.077414 [-3317.3615, 16947.7259]
offset_2        30   6857.546734 [-3317.3615, 16947.7259]
offset_3        31   6897.392194 [-3317.3615, 16947.7259]

----- dataset: FWHMdata                  ----- model: gp_multidimensional           
rot_amp         32      4.605357 [  -10.0000,    10.0000]
con_amp         33      3.520550 [  -20.0000,    20.0000]

----- common model:  b
P                0      0.727303 [    0.3785,     6.6439]
K                1     -0.257400 [   -9.9658,     3.3219]
sre_coso         2     -0.391166 [   -1.0000,     1.0000]
sre_sino         3      0.043386 [   -1.0000,     1.0000]
mean_long        4     90.730758 [  -89.2692,   270.7308]

----- common model:  c
P                5      3.382115 [    0.3785,     6.6439]
K                6      0.606105 [   -9.9658,     3.3219]
sre_coso         7      0.309255 [   -1.0000,     1.0000]
sre_sino         8     -0.068085 [   -1.0000,     1.0000]
mean_long        9    268.317572 [   88.3176,   448.3176]

----- common model:  activity
Prot            10     28.117521 [   20.0000,    35.0000]
Pdec            11     30.004880 [   30.0000,  1000.0000]
Oamp            12     -1.394375 [   -6.6439,     0.0000]

----- common model:  star_parameters

====================================================================================================
     Starting point projected onto the model parameter space     
====================================================================================================

----- dataset:  RVdata
jitter_0              1.276150 
offset_0              1.948854 
offset_1              4.212414 
offset_2              3.349956 
offset_3              3.199174 


----- dataset: RVdata                    ----- model: gp_multidimensional           
rot_amp               0.962239 
con_amp              -3.885452 

----- dataset:  BISdata
jitter_0              1.690144 
offset_0            -74.152368 
offset_1            -44.854169 
offset_2            -52.234700 
offset_3            -59.840501 


----- dataset: BISdata                   ----- model: gp_multidimensional           
rot_amp               3.331008 
con_amp              -0.257677 

----- dataset:  FWHMdata
jitter_0              0.051865 
offset_0           6694.212987 
offset_1           6939.077414 
offset_2           6857.546734 
offset_3           6897.392194 


----- dataset: FWHMdata                  ----- model: gp_multidimensional           
rot_amp               4.605357 
con_amp               3.520550 

----- common model:  b
P                     1.655541 
K                     0.836594 
mean_long            90.730758 
e                     0.154893 
omega               173.670944 

----- common model:  c
P                    10.426009 
K                     1.522144 
mean_long           268.317572 
e                     0.100274 
omega               -12.416041 

----- common model:  activity
Prot                 28.117521 
Pdec                 30.004880 
Oamp                  0.380409 

----- common model:  star_parameters

====================================================================================================
     Derived parameters obtained from starting point     
====================================================================================================

----- common model:  b
Inclination fixed to 90 deg!
a_Rs                  5.886767 
M_Mj                  0.004810 
M_Me                  1.528993 
Tc                59334.776608 
a_AU_(M)              0.027388 
a_AU_(rho,R)          0.027388 

----- common model:  c
Inclination fixed to 90 deg!
a_Rs                 20.075301 
M_Mj                  0.016276 
M_Me                  5.173939 
Tc                59339.632118 
a_AU_(M)              0.093400 
a_AU_(rho,R)          0.093400 


====================================================================================================
     Statistics on the log-likelihood     
====================================================================================================

 LN probability: -2340.130255 

====================================================================================================
     ------------------------------------------------------------------------------------------     
====================================================================================================



*************************************************************

Running emcee

emcee version:  3.1.6
Using threading pool for emcee: True

Saving temporary steps


Computing the autocorrelation time of the chains

***** WARNING ******
The integrated autocorrelation time cannot be reliably estimated
likely the chains are too short, and ACF analysis is not fully reliable
emcee.autocorr.integrated_time tolerance lowered to 20
If you still get a warning, you should drop these results entirely
Chains too short to apply convergence criteria
They should be at least 450*nthin = 67500

====================================================================================================
     Statistics on the posterior of the sampler parameters     
====================================================================================================

----- dataset:  RVdata
jitter_0        13         1.308       -0.056        0.059   (15-84 p)   [    0.0009,    13.3000]
offset_0        14           3.1         -2.4          2.8   (15-84 p)   [-10006.2420, 10013.7830]
offset_1        15           5.4         -2.4          2.8   (15-84 p)   [-10006.2420, 10013.7830]
offset_2        16           4.5         -2.4          2.8   (15-84 p)   [-10006.2420, 10013.7830]
offset_3        17           4.3         -2.3          2.8   (15-84 p)   [-10006.2420, 10013.7830]

----- dataset: RVdata                    ----- model: gp_multidimensional           
rot_amp         18           2.3         -1.5          2.1   (15-84 p)   [    0.0000,    10.0000]
con_amp         19         -5.24         -1.4         0.96   (15-84 p)   [  -20.0000,    20.0000]

----- dataset:  BISdata
jitter_0        20         1.725       -0.088        0.095   (15-84 p)   [    0.0095,    95.0000]
offset_0        21        -74.09        -0.26         0.30   (15-84 p)   [-10079.7500,  9960.6500]
offset_1        22        -44.73        -0.44         0.45   (15-84 p)   [-10079.7500,  9960.6500]
offset_2        23        -52.14        -0.29         0.33   (15-84 p)   [-10079.7500,  9960.6500]
offset_3        24        -59.77        -0.28         0.32   (15-84 p)   [-10079.7500,  9960.6500]

----- dataset: BISdata                   ----- model: gp_multidimensional           
rot_amp         25           3.9         -1.5          1.9   (15-84 p)   [  -10.0000,    10.0000]
con_amp         26         -0.33        -0.20         0.17   (15-84 p)   [  -20.0000,    20.0000]

----- dataset:  FWHMdata
jitter_0        27          0.32        -0.20         0.32   (15-84 p)   [    0.0500,   500.0000]
offset_0        28        6693.2         -2.7          2.2   (15-84 p)   [-3317.3615, 16947.7259]
offset_1        29        6938.0         -2.8          2.5   (15-84 p)   [-3317.3615, 16947.7259]
offset_2        30        6856.5         -2.6          2.2   (15-84 p)   [-3317.3615, 16947.7259]
offset_3        31        6896.3         -2.6          2.2   (15-84 p)   [-3317.3615, 16947.7259]

----- dataset: FWHMdata                  ----- model: gp_multidimensional           
rot_amp         32           5.2         -3.4          3.1   (15-84 p)   [  -10.0000,    10.0000]
con_amp         33          4.77        -0.96          1.4   (15-84 p)   [  -20.0000,    20.0000]

----- common model:  b
P                0        0.7257      -0.0046       0.0029   (15-84 p)   [    0.3785,     6.6439]
K                1         -0.50        -0.33         0.28   (15-84 p)   [   -9.9658,     3.3219]
sre_coso         2         -0.21        -0.17         0.25   (15-84 p)   [   -1.0000,     1.0000]
sre_sino         3         -0.02        -0.20         0.21   (15-84 p)   [   -1.0000,     1.0000]
mean_long        4            77          -48           29   (15-84 p)   [  -89.2692,   270.7308]

----- common model:  c
P                5         3.382       -0.020        0.020   (15-84 p)   [    0.3785,     6.6439]
K                6          0.44        -0.32         0.27   (15-84 p)   [   -9.9658,     3.3219]
sre_coso         7          0.11        -0.22         0.18   (15-84 p)   [   -1.0000,     1.0000]
sre_sino         8         -0.09        -0.18         0.20   (15-84 p)   [   -1.0000,     1.0000]
mean_long        9           264          -28           28   (15-84 p)   [   88.3176,   448.3176]

----- common model:  activity
Prot            10         28.08        -0.51         0.46   (15-84 p)   [   20.0000,    35.0000]
Pdec            11          36.5         -4.7          8.9   (15-84 p)   [   30.0000,  1000.0000]
Oamp            12         -1.36        -0.12         0.11   (15-84 p)   [   -6.6439,     0.0000]

----- common model:  star_parameters

====================================================================================================
     Statistics on the model parameters obtained from the posteriors samples     
====================================================================================================

----- dataset:  RVdata
jitter_0                 1.308       -0.056        0.059    (15-84 p)
offset_0                   3.1         -2.4          2.8    (15-84 p)
offset_1                   5.4         -2.4          2.8    (15-84 p)
offset_2                   4.5         -2.4          2.8    (15-84 p)
offset_3                   4.3         -2.3          2.8    (15-84 p)


----- dataset: RVdata                    ----- model: gp_multidimensional           
rot_amp                    2.3         -1.5          2.1    (15-84 p)
con_amp                  -5.24         -1.4         0.96    (15-84 p)

----- dataset:  BISdata
jitter_0                 1.725       -0.088        0.095    (15-84 p)
offset_0                -74.09        -0.26         0.30    (15-84 p)
offset_1                -44.73        -0.44         0.45    (15-84 p)
offset_2                -52.14        -0.29         0.33    (15-84 p)
offset_3                -59.77        -0.28         0.32    (15-84 p)


----- dataset: BISdata                   ----- model: gp_multidimensional           
rot_amp                    3.9         -1.5          1.9    (15-84 p)
con_amp                  -0.33        -0.20         0.17    (15-84 p)

----- dataset:  FWHMdata
jitter_0                  0.32        -0.20         0.32    (15-84 p)
offset_0                6693.2         -2.7          2.2    (15-84 p)
offset_1                6938.0         -2.8          2.5    (15-84 p)
offset_2                6856.5         -2.6          2.2    (15-84 p)
offset_3                6896.3         -2.6          2.2    (15-84 p)


----- dataset: FWHMdata                  ----- model: gp_multidimensional           
rot_amp                    5.2         -3.4          3.1    (15-84 p)
con_amp                   4.77        -0.96          1.4    (15-84 p)

----- common model:  b
P                       1.6537      -0.0053       0.0034    (15-84 p)
K                         0.71        -0.14         0.15    (15-84 p)
mean_long                   77          -48           29    (15-84 p)
e                        0.095       -0.066        0.090    (15-84 p)
omega                      -32         -126          189    (15-84 p)

----- common model:  c
P                        10.42        -0.14         0.15    (15-84 p)
K                         1.35        -0.27         0.28    (15-84 p)
mean_long                  264          -28           28    (15-84 p)
e                        0.072       -0.050        0.070    (15-84 p)
omega                      -30          -75           78    (15-84 p)

----- common model:  activity
Prot                     28.08        -0.51         0.46    (15-84 p)
Pdec                      36.5         -4.7          8.9    (15-84 p)
Oamp                     0.389       -0.031        0.032    (15-84 p)

----- common model:  star_parameters

====================================================================================================
     Statistics on the derived parameters obtained from the posteriors samples     
====================================================================================================

----- common model:  b
Inclination fixed to 90 deg!
Computing planetary mass under the approximation M_planet << M_star (threshold at 30.0 Me)
a_Rs                    5.8823       -0.012       0.0079    (15-84 p)
M_Mj                   0.00408     -0.00082      0.00085    (15-84 p)
M_Me                      1.30        -0.26         0.27    (15-84 p)
Tc                    59334.94        -0.17          1.3    (15-84 p)
a_AU_(M)              0.027368    -0.000058     0.000037    (15-84 p)
a_AU_(rho,R)          0.027367    -0.000058     0.000037    (15-84 p)

----- common model:  c
Inclination fixed to 90 deg!
Computing planetary mass under the approximation M_planet << M_star (threshold at 30.0 Me)
a_Rs                     20.07        -0.18         0.19    (15-84 p)
M_Mj                    0.0145      -0.0028       0.0030    (15-84 p)
M_Me                      4.60        -0.90         0.94    (15-84 p)
Tc                    59339.96        -0.81         0.83    (15-84 p)
a_AU_(M)               0.09338     -0.00085      0.00088    (15-84 p)
a_AU_(rho,R)           0.09338     -0.00085      0.00088    (15-84 p)


====================================================================================================
     ------------------------------------------------------------------------------------------     
====================================================================================================



15000.0   steps completed, average lnprob:,  -2358.749516858773


Computing the autocorrelation time of the chains

***** WARNING ******
The integrated autocorrelation time cannot be reliably estimated
likely the chains are too short, and ACF analysis is not fully reliable
emcee.autocorr.integrated_time tolerance lowered to 20
If you still get a warning, you should drop these results entirely
Chains too short to apply convergence criteria
They should be at least 500*nthin = 75000

====================================================================================================
     Statistics on the posterior of the sampler parameters     
====================================================================================================

----- dataset:  RVdata
jitter_0        13         1.306       -0.055        0.058   (15-84 p)   [    0.0009,    13.3000]
offset_0        14           3.2         -2.3          2.6   (15-84 p)   [-10006.2420, 10013.7830]
offset_1        15           5.4         -2.3          2.7   (15-84 p)   [-10006.2420, 10013.7830]
offset_2        16           4.6         -2.3          2.6   (15-84 p)   [-10006.2420, 10013.7830]
offset_3        17           4.4         -2.3          2.6   (15-84 p)   [-10006.2420, 10013.7830]

----- dataset: RVdata                    ----- model: gp_multidimensional           
rot_amp         18           2.3         -1.5          2.2   (15-84 p)   [    0.0000,    10.0000]
con_amp         19          -5.3         -1.5          1.0   (15-84 p)   [  -20.0000,    20.0000]

----- dataset:  BISdata
jitter_0        20         1.730       -0.088        0.096   (15-84 p)   [    0.0095,    95.0000]
offset_0        21        -74.09        -0.25         0.29   (15-84 p)   [-10079.7500,  9960.6500]
offset_1        22        -44.77        -0.46         0.47   (15-84 p)   [-10079.7500,  9960.6500]
offset_2        23        -52.15        -0.28         0.31   (15-84 p)   [-10079.7500,  9960.6500]
offset_3        24        -59.76        -0.28         0.31   (15-84 p)   [-10079.7500,  9960.6500]

----- dataset: BISdata                   ----- model: gp_multidimensional           
rot_amp         25           4.0         -1.6          1.9   (15-84 p)   [  -10.0000,    10.0000]
con_amp         26         -0.33        -0.20         0.18   (15-84 p)   [  -20.0000,    20.0000]

----- dataset:  FWHMdata
jitter_0        27          0.32        -0.19         0.31   (15-84 p)   [    0.0500,   500.0000]
offset_0        28        6693.1         -2.5          2.1   (15-84 p)   [-3317.3615, 16947.7259]
offset_1        29        6938.0         -2.7          2.3   (15-84 p)   [-3317.3615, 16947.7259]
offset_2        30        6856.4         -2.5          2.1   (15-84 p)   [-3317.3615, 16947.7259]
offset_3        31        6896.3         -2.5          2.1   (15-84 p)   [-3317.3615, 16947.7259]

----- dataset: FWHMdata                  ----- model: gp_multidimensional           
rot_amp         32           5.2         -3.3          2.9   (15-84 p)   [  -10.0000,    10.0000]
con_amp         33          4.83        -1.00          1.4   (15-84 p)   [  -20.0000,    20.0000]

----- common model:  b
P                0        0.7256      -0.0045       0.0030   (15-84 p)   [    0.3785,     6.6439]
K                1         -0.50        -0.34         0.28   (15-84 p)   [   -9.9658,     3.3219]
sre_coso         2         -0.22        -0.17         0.25   (15-84 p)   [   -1.0000,     1.0000]
sre_sino         3         -0.02        -0.20         0.20   (15-84 p)   [   -1.0000,     1.0000]
mean_long        4            76          -47           30   (15-84 p)   [  -89.2692,   270.7308]

----- common model:  c
P                5         3.381       -0.021        0.021   (15-84 p)   [    0.3785,     6.6439]
K                6          0.43        -0.31         0.28   (15-84 p)   [   -9.9658,     3.3219]
sre_coso         7          0.10        -0.22         0.18   (15-84 p)   [   -1.0000,     1.0000]
sre_sino         8         -0.09        -0.18         0.20   (15-84 p)   [   -1.0000,     1.0000]
mean_long        9           263          -30           29   (15-84 p)   [   88.3176,   448.3176]

----- common model:  activity
Prot            10         28.09        -0.50         0.45   (15-84 p)   [   20.0000,    35.0000]
Pdec            11          37.9         -5.5          8.6   (15-84 p)   [   30.0000,  1000.0000]
Oamp            12         -1.36        -0.12         0.11   (15-84 p)   [   -6.6439,     0.0000]

----- common model:  star_parameters

====================================================================================================
     Statistics on the model parameters obtained from the posteriors samples     
====================================================================================================

----- dataset:  RVdata
jitter_0                 1.306       -0.055        0.058    (15-84 p)
offset_0                   3.2         -2.3          2.6    (15-84 p)
offset_1                   5.4         -2.3          2.7    (15-84 p)
offset_2                   4.6         -2.3          2.6    (15-84 p)
offset_3                   4.4         -2.3          2.6    (15-84 p)


----- dataset: RVdata                    ----- model: gp_multidimensional           
rot_amp                    2.3         -1.5          2.2    (15-84 p)
con_amp                   -5.3         -1.5          1.0    (15-84 p)

----- dataset:  BISdata
jitter_0                 1.730       -0.088        0.096    (15-84 p)
offset_0                -74.09        -0.25         0.29    (15-84 p)
offset_1                -44.77        -0.46         0.47    (15-84 p)
offset_2                -52.15        -0.28         0.31    (15-84 p)
offset_3                -59.76        -0.28         0.31    (15-84 p)


----- dataset: BISdata                   ----- model: gp_multidimensional           
rot_amp                    4.0         -1.6          1.9    (15-84 p)
con_amp                  -0.33        -0.20         0.18    (15-84 p)

----- dataset:  FWHMdata
jitter_0                  0.32        -0.19         0.31    (15-84 p)
offset_0                6693.1         -2.5          2.1    (15-84 p)
offset_1                6938.0         -2.7          2.3    (15-84 p)
offset_2                6856.4         -2.5          2.1    (15-84 p)
offset_3                6896.3         -2.5          2.1    (15-84 p)


----- dataset: FWHMdata                  ----- model: gp_multidimensional           
rot_amp                    5.2         -3.3          2.9    (15-84 p)
con_amp                   4.83        -1.00          1.4    (15-84 p)

----- common model:  b
P                       1.6536      -0.0052       0.0034    (15-84 p)
K                         0.70        -0.15         0.15    (15-84 p)
mean_long                   76          -47           30    (15-84 p)
e                        0.100       -0.070        0.091    (15-84 p)
omega                      -51         -107          211    (15-84 p)

----- common model:  c
P                        10.42        -0.15         0.15    (15-84 p)
K                         1.35        -0.26         0.29    (15-84 p)
mean_long                  263          -30           29    (15-84 p)
e                        0.073       -0.050        0.070    (15-84 p)
omega                      -34          -75           81    (15-84 p)

----- common model:  activity
Prot                     28.09        -0.50         0.45    (15-84 p)
Pdec                      37.9         -5.5          8.6    (15-84 p)
Oamp                     0.390       -0.031        0.032    (15-84 p)

----- common model:  star_parameters

====================================================================================================
     Statistics on the derived parameters obtained from the posteriors samples     
====================================================================================================

----- common model:  b
Inclination fixed to 90 deg!
Computing planetary mass under the approximation M_planet << M_star (threshold at 30.0 Me)
a_Rs                    5.8822       -0.012       0.0082    (15-84 p)
M_Mj                   0.00406     -0.00084      0.00084    (15-84 p)
M_Me                      1.29        -0.27         0.27    (15-84 p)
Tc                    59334.93        -0.16          1.3    (15-84 p)
a_AU_(M)              0.027367    -0.000057     0.000038    (15-84 p)
a_AU_(rho,R)          0.027367    -0.000057     0.000038    (15-84 p)

----- common model:  c
Inclination fixed to 90 deg!
Computing planetary mass under the approximation M_planet << M_star (threshold at 30.0 Me)
a_Rs                     20.06        -0.20         0.20    (15-84 p)
M_Mj                    0.0144      -0.0028       0.0031    (15-84 p)
M_Me                      4.59        -0.90         0.99    (15-84 p)
Tc                    59339.98        -0.83         0.89    (15-84 p)
a_AU_(M)               0.09335     -0.00091      0.00091    (15-84 p)
a_AU_(rho,R)           0.09335     -0.00091      0.00091    (15-84 p)


====================================================================================================
     ------------------------------------------------------------------------------------------     
====================================================================================================



30000.0   steps completed, average lnprob:,  -2359.238679835552


Computing the autocorrelation time of the chains

***** WARNING ******
The integrated autocorrelation time cannot be reliably estimated
likely the chains are too short, and ACF analysis is not fully reliable
emcee.autocorr.integrated_time tolerance lowered to 20
If you still get a warning, you should drop these results entirely

Reference thinning used in the analysis: 150
Maximum value of the integrated ACF: 11
Step length used in the analysis: 11*nthin = 1650

Convergence criteria: less than 1% variation in ACF after 20 times the integrated ACF
At least 50*ACF after convergence, 100*ACF would be ideal
Negative values: not converged yet

   sampler parameter              |    ACF   | ACF*nthin | converged at | nsteps/ACF | to 100*ACF
                                  |          |           |              |            | 
   RVdata_jitter_0                |    6.97  |     1045  |       -1     |      -1    |  105561 
   RVdata_offset_0                |    8.35  |     1252  |       -1     |      -1    |  126477 
   RVdata_offset_1                |    8.47  |     1270  |       -1     |      -1    |  128292 
   RVdata_offset_2                |    8.37  |     1256  |       -1     |      -1    |  126831 
   RVdata_offset_3                |    8.37  |     1256  |       -1     |      -1    |  126870 
   RVdata_gp_multidimensional_rot_amp |    7.47  |     1120  |       -1     |      -1    |  113117 
   RVdata_gp_multidimensional_con_amp |    9.90  |     1485  |    41250     |       3    |  144772 
   BISdata_jitter_0               |    6.58  |      986  |       -1     |      -1    |   99616 
   BISdata_offset_0               |    7.23  |     1084  |       -1     |      -1    |  109533 
   BISdata_offset_1               |    6.99  |     1049  |    44550     |       0    |  104424 
   BISdata_offset_2               |    7.15  |     1072  |    41250     |       3    |  103439 
   BISdata_offset_3               |    7.51  |     1126  |    41250     |       3    |  108851 
   BISdata_gp_multidimensional_rot_amp |    6.92  |     1038  |    39600     |       5    |   98402 
   BISdata_gp_multidimensional_con_amp |    8.17  |     1226  |    44550     |       0    |  122174 
   FWHMdata_jitter_0              |    6.99  |     1049  |    41250     |       4    |  101121 
   FWHMdata_offset_0              |    8.29  |     1243  |       -1     |      -1    |  125592 
   FWHMdata_offset_1              |    7.93  |     1190  |       -1     |      -1    |  120208 
   FWHMdata_offset_2              |    8.19  |     1229  |       -1     |      -1    |  124093 
   FWHMdata_offset_3              |    8.25  |     1238  |       -1     |      -1    |  125005 
   FWHMdata_gp_multidimensional_rot_amp |    6.78  |     1016  |       -1     |      -1    |  102641 
   FWHMdata_gp_multidimensional_con_amp |    9.88  |     1481  |       -1     |      -1    |  149617 
   b_P                            |    7.16  |     1074  |       -1     |      -1    |  108511 
   b_K                            |    6.60  |      990  |    44550     |       0    |   98528 
   b_sre_coso                     |    6.88  |     1031  |    37950     |       7    |   96092 
   b_sre_sino                     |    6.35  |      953  |    42900     |       2    |   93197 
   b_mean_long                    |    7.38  |     1108  |       -1     |      -1    |  111882 
   c_P                            |    7.28  |     1091  |       -1     |      -1    |  110223 
   c_K                            |    6.56  |      984  |       -1     |      -1    |   99383 
   c_sre_coso                     |    7.20  |     1079  |    42900     |       2    |  105836 
   c_sre_sino                     |    7.22  |     1083  |       -1     |      -1    |  109413 
   c_mean_long                    |    7.32  |     1099  |    44550     |       0    |  109414 
   activity_Prot                  |    6.82  |     1023  |       -1     |      -1    |  103315 
   activity_Pdec                  |   11.03  |     1655  |    42900     |       1    |  163394 
   activity_Oamp                  |    6.91  |     1036  |       -1     |      -1    |  104616 

    21 chains have not converged yet, keep going 

Check the documentation for the correct interpretation of these results:
https://pyorbit.readthedocs.io/running_pyorbit/terminal_output/#autocorrelation-analysis

====================================================================================================
     Statistics on the posterior of the sampler parameters     
====================================================================================================

----- dataset:  RVdata
jitter_0        13         1.304       -0.054        0.059   (15-84 p)   [    0.0009,    13.3000]
offset_0        14           3.3         -2.4          2.7   (15-84 p)   [-10006.2420, 10013.7830]
offset_1        15           5.5         -2.4          2.7   (15-84 p)   [-10006.2420, 10013.7830]
offset_2        16           4.6         -2.4          2.7   (15-84 p)   [-10006.2420, 10013.7830]
offset_3        17           4.5         -2.4          2.7   (15-84 p)   [-10006.2420, 10013.7830]

----- dataset: RVdata                    ----- model: gp_multidimensional           
rot_amp         18           2.2         -1.5          2.2   (15-84 p)   [    0.0000,    10.0000]
con_amp         19          -5.4         -1.5          1.0   (15-84 p)   [  -20.0000,    20.0000]

----- dataset:  BISdata
jitter_0        20         1.730       -0.088        0.096   (15-84 p)   [    0.0095,    95.0000]
offset_0        21        -74.08        -0.25         0.29   (15-84 p)   [-10079.7500,  9960.6500]
offset_1        22        -44.77        -0.44         0.46   (15-84 p)   [-10079.7500,  9960.6500]
offset_2        23        -52.16        -0.28         0.32   (15-84 p)   [-10079.7500,  9960.6500]
offset_3        24        -59.76        -0.28         0.31   (15-84 p)   [-10079.7500,  9960.6500]

----- dataset: BISdata                   ----- model: gp_multidimensional           
rot_amp         25           4.1         -1.6          2.0   (15-84 p)   [  -10.0000,    10.0000]
con_amp         26         -0.33        -0.21         0.18   (15-84 p)   [  -20.0000,    20.0000]

----- dataset:  FWHMdata
jitter_0        27          0.32        -0.19         0.31   (15-84 p)   [    0.0500,   500.0000]
offset_0        28        6693.0         -2.5          2.2   (15-84 p)   [-3317.3615, 16947.7259]
offset_1        29        6937.9         -2.7          2.4   (15-84 p)   [-3317.3615, 16947.7259]
offset_2        30        6856.4         -2.6          2.2   (15-84 p)   [-3317.3615, 16947.7259]
offset_3        31        6896.3         -2.5          2.2   (15-84 p)   [-3317.3615, 16947.7259]

----- dataset: FWHMdata                  ----- model: gp_multidimensional           
rot_amp         32           5.3         -3.4          2.9   (15-84 p)   [  -10.0000,    10.0000]
con_amp         33          4.86        -1.00          1.4   (15-84 p)   [  -20.0000,    20.0000]

----- common model:  b
P                0        0.7257      -0.0044       0.0029   (15-84 p)   [    0.3785,     6.6439]
K                1         -0.50        -0.34         0.27   (15-84 p)   [   -9.9658,     3.3219]
sre_coso         2         -0.22        -0.17         0.25   (15-84 p)   [   -1.0000,     1.0000]
sre_sino         3         -0.02        -0.20         0.20   (15-84 p)   [   -1.0000,     1.0000]
mean_long        4            77          -46           29   (15-84 p)   [  -89.2692,   270.7308]

----- common model:  c
P                5         3.381       -0.021        0.021   (15-84 p)   [    0.3785,     6.6439]
K                6          0.44        -0.31         0.28   (15-84 p)   [   -9.9658,     3.3219]
sre_coso         7          0.11        -0.22         0.18   (15-84 p)   [   -1.0000,     1.0000]
sre_sino         8         -0.10        -0.18         0.21   (15-84 p)   [   -1.0000,     1.0000]
mean_long        9           264          -29           28   (15-84 p)   [   88.3176,   448.3176]

----- common model:  activity
Prot            10         28.10        -0.50         0.46   (15-84 p)   [   20.0000,    35.0000]
Pdec            11          38.1         -5.5          8.7   (15-84 p)   [   30.0000,  1000.0000]
Oamp            12         -1.36        -0.12         0.11   (15-84 p)   [   -6.6439,     0.0000]

----- common model:  star_parameters

====================================================================================================
     Statistics on the model parameters obtained from the posteriors samples     
====================================================================================================

----- dataset:  RVdata
jitter_0                 1.304       -0.054        0.059    (15-84 p)
offset_0                   3.3         -2.4          2.7    (15-84 p)
offset_1                   5.5         -2.4          2.7    (15-84 p)
offset_2                   4.6         -2.4          2.7    (15-84 p)
offset_3                   4.5         -2.4          2.7    (15-84 p)


----- dataset: RVdata                    ----- model: gp_multidimensional           
rot_amp                    2.2         -1.5          2.2    (15-84 p)
con_amp                   -5.4         -1.5          1.0    (15-84 p)

----- dataset:  BISdata
jitter_0                 1.730       -0.088        0.096    (15-84 p)
offset_0                -74.08        -0.25         0.29    (15-84 p)
offset_1                -44.77        -0.44         0.46    (15-84 p)
offset_2                -52.16        -0.28         0.32    (15-84 p)
offset_3                -59.76        -0.28         0.31    (15-84 p)


----- dataset: BISdata                   ----- model: gp_multidimensional           
rot_amp                    4.1         -1.6          2.0    (15-84 p)
con_amp                  -0.33        -0.21         0.18    (15-84 p)

----- dataset:  FWHMdata
jitter_0                  0.32        -0.19         0.31    (15-84 p)
offset_0                6693.0         -2.5          2.2    (15-84 p)
offset_1                6937.9         -2.7          2.4    (15-84 p)
offset_2                6856.4         -2.6          2.2    (15-84 p)
offset_3                6896.3         -2.5          2.2    (15-84 p)


----- dataset: FWHMdata                  ----- model: gp_multidimensional           
rot_amp                    5.3         -3.4          2.9    (15-84 p)
con_amp                   4.86        -1.00          1.4    (15-84 p)

----- common model:  b
P                       1.6536      -0.0051       0.0034    (15-84 p)
K                         0.71        -0.15         0.15    (15-84 p)
mean_long                   77          -46           29    (15-84 p)
e                        0.098       -0.068        0.092    (15-84 p)
omega                      -41         -117          200    (15-84 p)

----- common model:  c
P                        10.42        -0.15         0.15    (15-84 p)
K                         1.36        -0.27         0.29    (15-84 p)
mean_long                  264          -29           28    (15-84 p)
e                        0.074       -0.050        0.070    (15-84 p)
omega                      -33          -73           79    (15-84 p)

----- common model:  activity
Prot                     28.10        -0.50         0.46    (15-84 p)
Pdec                      38.1         -5.5          8.7    (15-84 p)
Oamp                     0.390       -0.031        0.031    (15-84 p)

----- common model:  star_parameters

====================================================================================================
     Statistics on the derived parameters obtained from the posteriors samples     
====================================================================================================

----- common model:  b
Inclination fixed to 90 deg!
Computing planetary mass under the approximation M_planet << M_star (threshold at 30.0 Me)
a_Rs                    5.8823       -0.012       0.0080    (15-84 p)
M_Mj                   0.00407     -0.00084      0.00084    (15-84 p)
M_Me                      1.29        -0.27         0.27    (15-84 p)
Tc                    59334.93        -0.16          1.3    (15-84 p)
a_AU_(M)              0.027367    -0.000056     0.000037    (15-84 p)
a_AU_(rho,R)          0.027367    -0.000056     0.000037    (15-84 p)

----- common model:  c
Inclination fixed to 90 deg!
Computing planetary mass under the approximation M_planet << M_star (threshold at 30.0 Me)
a_Rs                     20.07        -0.19         0.19    (15-84 p)
M_Mj                    0.0145      -0.0028       0.0030    (15-84 p)
M_Me                      4.62        -0.90         0.96    (15-84 p)
Tc                    59339.96        -0.82         0.88    (15-84 p)
a_AU_(M)               0.09336     -0.00090      0.00089    (15-84 p)
a_AU_(rho,R)           0.09336     -0.00090      0.00089    (15-84 p)


====================================================================================================
     ------------------------------------------------------------------------------------------     
====================================================================================================



45000.0   steps completed, average lnprob:,  -2358.9926840463686


Computing the autocorrelation time of the chains

***** WARNING ******
The integrated autocorrelation time cannot be reliably estimated
likely the chains are too short, and ACF analysis is not fully reliable
emcee.autocorr.integrated_time tolerance lowered to 20
If you still get a warning, you should drop these results entirely

Reference thinning used in the analysis: 150
Maximum value of the integrated ACF: 11
Step length used in the analysis: 11*nthin = 1650

Convergence criteria: less than 1% variation in ACF after 20 times the integrated ACF
At least 50*ACF after convergence, 100*ACF would be ideal
Negative values: not converged yet

   sampler parameter              |    ACF   | ACF*nthin | converged at | nsteps/ACF | to 100*ACF
                                  |          |           |              |            | 
   RVdata_jitter_0                |    7.44  |     1116  |    51150     |       8    |  102700 
   RVdata_offset_0                |    8.95  |     1343  |    51150     |       7    |  125473 
   RVdata_offset_1                |    8.95  |     1343  |    51150     |       7    |  125439 
   RVdata_offset_2                |    8.96  |     1344  |    51150     |       7    |  125502 
   RVdata_offset_3                |    8.94  |     1341  |    52800     |       5    |  126938 
   RVdata_gp_multidimensional_rot_amp |    8.03  |     1204  |    47850     |      10    |  108233 
   RVdata_gp_multidimensional_con_amp |    9.94  |     1491  |    41250     |      13    |  130339 
   BISdata_jitter_0               |    7.20  |     1080  |       -1     |      -1    |  109085 
   BISdata_offset_0               |    7.57  |     1135  |    46200     |      12    |   99714 
   BISdata_offset_1               |    7.37  |     1105  |    44550     |      14    |   95075 
   BISdata_offset_2               |    7.41  |     1111  |    41250     |      17    |   92387 
   BISdata_offset_3               |    8.08  |     1213  |    41250     |      15    |  102501 
   BISdata_gp_multidimensional_rot_amp |    7.17  |     1076  |    39600     |      19    |   87154 
   BISdata_gp_multidimensional_con_amp |    8.85  |     1328  |    44550     |      12    |  117369 
   FWHMdata_jitter_0              |    7.30  |     1095  |    41250     |      17    |   90765 
   FWHMdata_offset_0              |    8.75  |     1313  |    52800     |       5    |  124102 
   FWHMdata_offset_1              |    8.45  |     1268  |    52800     |       6    |  119580 
   FWHMdata_offset_2              |    8.74  |     1311  |    49500     |       8    |  120627 
   FWHMdata_offset_3              |    8.95  |     1342  |    51150     |       7    |  125350 
   FWHMdata_gp_multidimensional_rot_amp |    7.53  |     1130  |    49500     |       9    |  102463 
   FWHMdata_gp_multidimensional_con_amp |    9.94  |     1491  |    47850     |       8    |  136994 
   b_P                            |    7.72  |     1159  |    46200     |      12    |  102072 
   b_K                            |    7.06  |     1060  |    44550     |      15    |   90508 
   b_sre_coso                     |    7.36  |     1104  |    37950     |      20    |   88334 
   b_sre_sino                     |    7.10  |     1065  |    44550     |      15    |   91088 
   b_mean_long                    |    7.84  |     1177  |    46200     |      12    |  103862 
   c_P                            |    7.72  |     1158  |    46200     |      12    |  101969 
   c_K                            |    7.16  |     1073  |    49500     |      10    |   96837 
   c_sre_coso                     |    7.52  |     1127  |    42900     |      15    |   95632 
   c_sre_sino                     |    7.54  |     1130  |    51150     |       8    |  104190 
   c_mean_long                    |    7.68  |     1152  |    44550     |      13    |   99760 
   activity_Prot                  |    6.99  |     1048  |    46200     |      13    |   91000 
   activity_Pdec                  |   11.05  |     1657  |    42900     |      10    |  148626 
   activity_Oamp                  |    7.29  |     1094  |    46200     |      13    |   95614 

     1 chains have not converged yet, keep going 

Check the documentation for the correct interpretation of these results:
https://pyorbit.readthedocs.io/running_pyorbit/terminal_output/#autocorrelation-analysis

====================================================================================================
     Statistics on the posterior of the sampler parameters     
====================================================================================================

----- dataset:  RVdata
jitter_0        13         1.305       -0.054        0.058   (15-84 p)   [    0.0009,    13.3000]
offset_0        14           3.3         -2.3          2.7   (15-84 p)   [-10006.2420, 10013.7830]
offset_1        15           5.5         -2.4          2.7   (15-84 p)   [-10006.2420, 10013.7830]
offset_2        16           4.6         -2.4          2.7   (15-84 p)   [-10006.2420, 10013.7830]
offset_3        17           4.5         -2.4          2.7   (15-84 p)   [-10006.2420, 10013.7830]

----- dataset: RVdata                    ----- model: gp_multidimensional           
rot_amp         18           2.3         -1.5          2.2   (15-84 p)   [    0.0000,    10.0000]
con_amp         19          -5.4         -1.5          1.0   (15-84 p)   [  -20.0000,    20.0000]

----- dataset:  BISdata
jitter_0        20         1.731       -0.090        0.095   (15-84 p)   [    0.0095,    95.0000]
offset_0        21        -74.08        -0.25         0.29   (15-84 p)   [-10079.7500,  9960.6500]
offset_1        22        -44.78        -0.44         0.47   (15-84 p)   [-10079.7500,  9960.6500]
offset_2        23        -52.15        -0.28         0.32   (15-84 p)   [-10079.7500,  9960.6500]
offset_3        24        -59.76        -0.28         0.31   (15-84 p)   [-10079.7500,  9960.6500]

----- dataset: BISdata                   ----- model: gp_multidimensional           
rot_amp         25           4.1         -1.6          1.9   (15-84 p)   [  -10.0000,    10.0000]
con_amp         26         -0.33        -0.21         0.18   (15-84 p)   [  -20.0000,    20.0000]

----- dataset:  FWHMdata
jitter_0        27          0.32        -0.19         0.30   (15-84 p)   [    0.0500,   500.0000]
offset_0        28        6693.0         -2.5          2.2   (15-84 p)   [-3317.3615, 16947.7259]
offset_1        29        6937.9         -2.7          2.4   (15-84 p)   [-3317.3615, 16947.7259]
offset_2        30        6856.4         -2.5          2.2   (15-84 p)   [-3317.3615, 16947.7259]
offset_3        31        6896.2         -2.5          2.2   (15-84 p)   [-3317.3615, 16947.7259]

----- dataset: FWHMdata                  ----- model: gp_multidimensional           
rot_amp         32           5.3         -3.4          2.9   (15-84 p)   [  -10.0000,    10.0000]
con_amp         33          4.85        -0.98          1.4   (15-84 p)   [  -20.0000,    20.0000]

----- common model:  b
P                0        0.7257      -0.0045       0.0029   (15-84 p)   [    0.3785,     6.6439]
K                1         -0.50        -0.34         0.27   (15-84 p)   [   -9.9658,     3.3219]
sre_coso         2         -0.22        -0.17         0.25   (15-84 p)   [   -1.0000,     1.0000]
sre_sino         3         -0.02        -0.20         0.20   (15-84 p)   [   -1.0000,     1.0000]
mean_long        4            77          -47           29   (15-84 p)   [  -89.2692,   270.7308]

----- common model:  c
P                5         3.381       -0.021        0.020   (15-84 p)   [    0.3785,     6.6439]
K                6          0.44        -0.31         0.27   (15-84 p)   [   -9.9658,     3.3219]
sre_coso         7          0.11        -0.22         0.18   (15-84 p)   [   -1.0000,     1.0000]
sre_sino         8         -0.10        -0.18         0.21   (15-84 p)   [   -1.0000,     1.0000]
mean_long        9           263          -30           28   (15-84 p)   [   88.3176,   448.3176]

----- common model:  activity
Prot            10         28.10        -0.50         0.46   (15-84 p)   [   20.0000,    35.0000]
Pdec            11          38.0         -5.6          8.8   (15-84 p)   [   30.0000,  1000.0000]
Oamp            12         -1.36        -0.12         0.11   (15-84 p)   [   -6.6439,     0.0000]

----- common model:  star_parameters

====================================================================================================
     Statistics on the model parameters obtained from the posteriors samples     
====================================================================================================

----- dataset:  RVdata
jitter_0                 1.305       -0.054        0.058    (15-84 p)
offset_0                   3.3         -2.3          2.7    (15-84 p)
offset_1                   5.5         -2.4          2.7    (15-84 p)
offset_2                   4.6         -2.4          2.7    (15-84 p)
offset_3                   4.5         -2.4          2.7    (15-84 p)


----- dataset: RVdata                    ----- model: gp_multidimensional           
rot_amp                    2.3         -1.5          2.2    (15-84 p)
con_amp                   -5.4         -1.5          1.0    (15-84 p)

----- dataset:  BISdata
jitter_0                 1.731       -0.090        0.095    (15-84 p)
offset_0                -74.08        -0.25         0.29    (15-84 p)
offset_1                -44.78        -0.44         0.47    (15-84 p)
offset_2                -52.15        -0.28         0.32    (15-84 p)
offset_3                -59.76        -0.28         0.31    (15-84 p)


----- dataset: BISdata                   ----- model: gp_multidimensional           
rot_amp                    4.1         -1.6          1.9    (15-84 p)
con_amp                  -0.33        -0.21         0.18    (15-84 p)

----- dataset:  FWHMdata
jitter_0                  0.32        -0.19         0.30    (15-84 p)
offset_0                6693.0         -2.5          2.2    (15-84 p)
offset_1                6937.9         -2.7          2.4    (15-84 p)
offset_2                6856.4         -2.5          2.2    (15-84 p)
offset_3                6896.2         -2.5          2.2    (15-84 p)


----- dataset: FWHMdata                  ----- model: gp_multidimensional           
rot_amp                    5.3         -3.4          2.9    (15-84 p)
con_amp                   4.85        -0.98          1.4    (15-84 p)

----- common model:  b
P                       1.6537      -0.0052       0.0034    (15-84 p)
K                         0.71        -0.15         0.15    (15-84 p)
mean_long                   77          -47           29    (15-84 p)
e                        0.098       -0.068        0.091    (15-84 p)
omega                      -36         -122          195    (15-84 p)

----- common model:  c
P                        10.42        -0.15         0.15    (15-84 p)
K                         1.36        -0.27         0.28    (15-84 p)
mean_long                  263          -30           28    (15-84 p)
e                        0.074       -0.051        0.070    (15-84 p)
omega                      -35          -73           79    (15-84 p)

----- common model:  activity
Prot                     28.10        -0.50         0.46    (15-84 p)
Pdec                      38.0         -5.6          8.8    (15-84 p)
Oamp                     0.390       -0.032        0.031    (15-84 p)

----- common model:  star_parameters

====================================================================================================
     Statistics on the derived parameters obtained from the posteriors samples     
====================================================================================================

----- common model:  b
Inclination fixed to 90 deg!
Computing planetary mass under the approximation M_planet << M_star (threshold at 30.0 Me)
a_Rs                    5.8824       -0.012       0.0080    (15-84 p)
M_Mj                   0.00407     -0.00084      0.00084    (15-84 p)
M_Me                      1.29        -0.27         0.27    (15-84 p)
Tc                    59334.93        -0.17          1.3    (15-84 p)
a_AU_(M)              0.027368    -0.000057     0.000037    (15-84 p)
a_AU_(rho,R)          0.027368    -0.000057     0.000037    (15-84 p)

----- common model:  c
Inclination fixed to 90 deg!
Computing planetary mass under the approximation M_planet << M_star (threshold at 30.0 Me)
a_Rs                     20.07        -0.19         0.19    (15-84 p)
M_Mj                    0.0145      -0.0028       0.0030    (15-84 p)
M_Me                      4.61        -0.90         0.96    (15-84 p)
Tc                    59339.97        -0.82         0.88    (15-84 p)
a_AU_(M)               0.09335     -0.00091      0.00089    (15-84 p)
a_AU_(rho,R)           0.09335     -0.00091      0.00089    (15-84 p)


====================================================================================================
     ------------------------------------------------------------------------------------------     
====================================================================================================



60000.0   steps completed, average lnprob:,  -2359.6192964324823


emcee completed


:::---::: PyORBIT v11.0.1 :::---:::

Python version in use:
3.10.18 (main, Jun  5 2025, 13:14:17) [GCC 11.2.0]
LaTeX disabled by default

Using orbital model:  keplerian
Using orbital parametrization:  Eastman2013

Using orbital model:  keplerian
Using orbital parametrization:  Eastman2013

gp_multidimensional  S+LEAF model, number of harmonics: 4

GP model: gp_multidimensional  hyperparameters_condition:    True
GP model: gp_multidimensional  rotation_decay_condition:     True

### PyORBIT version used in the analysis:  11.0.1

 emcee version:  3.1.6

 Reference Time Tref: 59334.700184

 Data points:960
 Dimensions: 34
 Nwalkers:   136
 Steps:      60000


Number of samplings: 40800

Recomputing ln-prior, it may take a while...

ln-probability   distribution:  -2359.40       -5.01      4.23 (15-84 p) 
ln-prior         distribution:   -193.45       -2.17      1.45 (15-84 p) 
ln-likelihood    distribution:  -2165.62       -5.00      4.32 (15-84 p) 


*** Information criteria using the likelihood distribution

 BIC from distribution  (using likelihood)  =   4564.72     -8.65   10.00 (15-84 p)
 AIC from distribution  (using likelihood)  =   4399.24     -8.65   10.00 (15-84 p)
 AICc from distribution (using likelihood)  =   4401.82     -8.65   10.00 (15-84 p)


*** Information criteria using the median parameter set

 ln_probability of Median solution =  -2344.25
 ln_priors of Median solution      =   -191.64
 ln_likelihood of Median solution  =  -2152.61

 Median BIC  (using likelihood) =   4538.70
 Median AIC  (using likelihood) =   4373.23
 Median AICc (using likelihood) =   4375.80


*** Information criteria using the MAP parameter set

 ln_probability of MAP solution =  -2345.95
 ln_priors of MAP solution      =   -194.34
 ln_likelihood of MAP solution  =  -2151.62

 MAP BIC  (using likelihood)    =   4536.71
 MAP AIC  (using likelihood)    =   4371.23
 MAP AICc (using likelihood)    =   4373.81

 AICc suggested over AIC because NDATA ( 960 ) < 40 * NDIM ( 34 )

****************************************************************************************************


Computing the autocorrelation time of the chains

***** WARNING ******
The integrated autocorrelation time cannot be reliably estimated
likely the chains are too short, and ACF analysis is not fully reliable
emcee.autocorr.integrated_time tolerance lowered to 20
If you still get a warning, you should drop these results entirely

Reference thinning used in the analysis: 150
Maximum value of the integrated ACF: 11
Step length used in the analysis: 11*nthin = 1650

Convergence criteria: less than 1% variation in ACF after 20 times the integrated ACF
At least 50*ACF after convergence, 100*ACF would be ideal
Negative values: not converged yet

   sampler parameter              |    ACF   | ACF*nthin | converged at | nsteps/ACF | to 100*ACF
                                  |          |           |              |            | 
   RVdata_jitter_0                |    7.44  |     1116  |    51150     |       8    |  102700 
   RVdata_offset_0                |    8.95  |     1343  |    51150     |       7    |  125473 
   RVdata_offset_1                |    8.95  |     1343  |    51150     |       7    |  125439 
   RVdata_offset_2                |    8.96  |     1344  |    51150     |       7    |  125502 
   RVdata_offset_3                |    8.94  |     1341  |    52800     |       5    |  126938 
   RVdata_gp_multidimensional_rot_amp |    8.03  |     1204  |    47850     |      10    |  108233 
   RVdata_gp_multidimensional_con_amp |    9.94  |     1491  |    41250     |      13    |  130339 
   BISdata_jitter_0               |    7.20  |     1080  |       -1     |      -1    |  109085 
   BISdata_offset_0               |    7.57  |     1135  |    46200     |      12    |   99714 
   BISdata_offset_1               |    7.37  |     1105  |    44550     |      14    |   95075 
   BISdata_offset_2               |    7.41  |     1111  |    41250     |      17    |   92387 
   BISdata_offset_3               |    8.08  |     1213  |    41250     |      15    |  102501 
   BISdata_gp_multidimensional_rot_amp |    7.17  |     1076  |    39600     |      19    |   87154 
   BISdata_gp_multidimensional_con_amp |    8.85  |     1328  |    44550     |      12    |  117369 
   FWHMdata_jitter_0              |    7.30  |     1095  |    41250     |      17    |   90765 
   FWHMdata_offset_0              |    8.75  |     1313  |    52800     |       5    |  124102 
   FWHMdata_offset_1              |    8.45  |     1268  |    52800     |       6    |  119580 
   FWHMdata_offset_2              |    8.74  |     1311  |    49500     |       8    |  120627 
   FWHMdata_offset_3              |    8.95  |     1342  |    51150     |       7    |  125350 
   FWHMdata_gp_multidimensional_rot_amp |    7.53  |     1130  |    49500     |       9    |  102463 
   FWHMdata_gp_multidimensional_con_amp |    9.94  |     1491  |    47850     |       8    |  136994 
   b_P                            |    7.72  |     1159  |    46200     |      12    |  102072 
   b_K                            |    7.06  |     1060  |    44550     |      15    |   90508 
   b_sre_coso                     |    7.36  |     1104  |    37950     |      20    |   88334 
   b_sre_sino                     |    7.10  |     1065  |    44550     |      15    |   91088 
   b_mean_long                    |    7.84  |     1177  |    46200     |      12    |  103862 
   c_P                            |    7.72  |     1158  |    46200     |      12    |  101969 
   c_K                            |    7.16  |     1073  |    49500     |      10    |   96837 
   c_sre_coso                     |    7.52  |     1127  |    42900     |      15    |   95632 
   c_sre_sino                     |    7.54  |     1130  |    51150     |       8    |  104190 
   c_mean_long                    |    7.68  |     1152  |    44550     |      13    |   99760 
   activity_Prot                  |    6.99  |     1048  |    46200     |      13    |   91000 
   activity_Pdec                  |   11.05  |     1657  |    42900     |      10    |  148626 
   activity_Oamp                  |    7.29  |     1094  |    46200     |      13    |   95614 

     1 chains have not converged yet, keep going 

Check the documentation for the correct interpretation of these results:
https://pyorbit.readthedocs.io/running_pyorbit/terminal_output/#autocorrelation-analysis

 Plotting the ACF... 


====================================================================================================
     Ids, spaces (s), boundaries (b) and priors (p) of the sampler parameters     
====================================================================================================

----- dataset:  RVdata
jitter_0      id:  13  s:Linear      b:[      0.0009,      13.3000]   p:Uniform   []
offset_0      id:  14  s:Linear      b:[ -10006.2420,   10013.7830]   p:Uniform   []
offset_1      id:  15  s:Linear      b:[ -10006.2420,   10013.7830]   p:Uniform   []
offset_2      id:  16  s:Linear      b:[ -10006.2420,   10013.7830]   p:Uniform   []
offset_3      id:  17  s:Linear      b:[ -10006.2420,   10013.7830]   p:Uniform   []

----- dataset: RVdata                    ----- model: gp_multidimensional           
rot_amp       id:  18  s:Linear      b:[      0.0000,      10.0000]   p:Uniform   []
con_amp       id:  19  s:Linear      b:[    -20.0000,      20.0000]   p:Uniform   []

----- dataset:  BISdata
jitter_0      id:  20  s:Linear      b:[      0.0095,      95.0000]   p:Uniform   []
offset_0      id:  21  s:Linear      b:[ -10079.7500,    9960.6500]   p:Uniform   []
offset_1      id:  22  s:Linear      b:[ -10079.7500,    9960.6500]   p:Uniform   []
offset_2      id:  23  s:Linear      b:[ -10079.7500,    9960.6500]   p:Uniform   []
offset_3      id:  24  s:Linear      b:[ -10079.7500,    9960.6500]   p:Uniform   []

----- dataset: BISdata                   ----- model: gp_multidimensional           
rot_amp       id:  25  s:Linear      b:[    -10.0000,      10.0000]   p:Uniform   []
con_amp       id:  26  s:Linear      b:[    -20.0000,      20.0000]   p:Uniform   []

----- dataset:  FWHMdata
jitter_0      id:  27  s:Linear      b:[      0.0500,     500.0000]   p:Uniform   []
offset_0      id:  28  s:Linear      b:[  -3317.3615,   16947.7259]   p:Uniform   []
offset_1      id:  29  s:Linear      b:[  -3317.3615,   16947.7259]   p:Uniform   []
offset_2      id:  30  s:Linear      b:[  -3317.3615,   16947.7259]   p:Uniform   []
offset_3      id:  31  s:Linear      b:[  -3317.3615,   16947.7259]   p:Uniform   []

----- dataset: FWHMdata                  ----- model: gp_multidimensional           
rot_amp       id:  32  s:Linear      b:[    -10.0000,      10.0000]   p:Uniform   []
con_amp       id:  33  s:Linear      b:[    -20.0000,      20.0000]   p:Uniform   []

----- common model:  b
P             id:   0  s:Log_Base2   b:[      0.3785,       6.6439]   p:Uniform   []
K             id:   1  s:Log_Base2   b:[     -9.9658,       3.3219]   p:Uniform   []
sre_coso      id:   2  s:Linear      b:[     -1.0000,       1.0000]   p:Uniform   []
sre_sino      id:   3  s:Linear      b:[     -1.0000,       1.0000]   p:Uniform   []
mean_long     id:   4  s:Linear      b:[    -89.2692,     270.7308]   p:Uniform   []
e             derived (no id, space, bound)                           p:Gaussian   [0.    0.098]
omega         derived (no id, space, bound)                           p:Uniform   [0.0, 360.0]

----- common model:  c
P             id:   5  s:Log_Base2   b:[      0.3785,       6.6439]   p:Uniform   []
K             id:   6  s:Log_Base2   b:[     -9.9658,       3.3219]   p:Uniform   []
sre_coso      id:   7  s:Linear      b:[     -1.0000,       1.0000]   p:Uniform   []
sre_sino      id:   8  s:Linear      b:[     -1.0000,       1.0000]   p:Uniform   []
mean_long     id:   9  s:Linear      b:[     88.3176,     448.3176]   p:Uniform   []
e             derived (no id, space, bound)                           p:Gaussian   [0.    0.098]
omega         derived (no id, space, bound)                           p:Uniform   [0.0, 360.0]

----- common model:  activity
Prot          id:  10  s:Linear      b:[     20.0000,      35.0000]   p:Gaussian   [28.   0.5]
Pdec          id:  11  s:Linear      b:[     30.0000,    1000.0000]   p:Uniform   []
Oamp          id:  12  s:Log_Base2   b:[     -6.6439,       0.0000]   p:Gaussian   [0.35  0.035]

----- common model:  star_parameters
mass          derived (no id, space, bound)                           p:Gaussian   [1.e+00 1.e-06]
radius        derived (no id, space, bound)                           p:Gaussian   [1.e+00 1.e-06]
density       derived (no id, space, bound)                           p:Gaussian   [1.e+00 1.e-06]


****************************************************************************************************
****************************************************************************************************

 Confidence intervals (median value, 34.135th percentile from the median on the left and right side)

====================================================================================================
     Statistics on the posterior of the sampler parameters     
====================================================================================================

----- dataset:  RVdata
jitter_0        13         1.305       -0.054        0.058   (15-84 p)   [    0.0009,    13.3000]
offset_0        14           3.3         -2.3          2.7   (15-84 p)   [-10006.2420, 10013.7830]
offset_1        15           5.5         -2.4          2.7   (15-84 p)   [-10006.2420, 10013.7830]
offset_2        16           4.6         -2.4          2.7   (15-84 p)   [-10006.2420, 10013.7830]
offset_3        17           4.5         -2.4          2.7   (15-84 p)   [-10006.2420, 10013.7830]

----- dataset: RVdata                    ----- model: gp_multidimensional           
rot_amp         18           2.3         -1.5          2.2   (15-84 p)   [    0.0000,    10.0000]
con_amp         19          -5.4         -1.5          1.0   (15-84 p)   [  -20.0000,    20.0000]

----- dataset:  BISdata
jitter_0        20         1.731       -0.090        0.095   (15-84 p)   [    0.0095,    95.0000]
offset_0        21        -74.08        -0.25         0.29   (15-84 p)   [-10079.7500,  9960.6500]
offset_1        22        -44.78        -0.44         0.47   (15-84 p)   [-10079.7500,  9960.6500]
offset_2        23        -52.15        -0.28         0.32   (15-84 p)   [-10079.7500,  9960.6500]
offset_3        24        -59.76        -0.28         0.31   (15-84 p)   [-10079.7500,  9960.6500]

----- dataset: BISdata                   ----- model: gp_multidimensional           
rot_amp         25           4.1         -1.6          1.9   (15-84 p)   [  -10.0000,    10.0000]
con_amp         26         -0.33        -0.21         0.18   (15-84 p)   [  -20.0000,    20.0000]

----- dataset:  FWHMdata
jitter_0        27          0.32        -0.19         0.30   (15-84 p)   [    0.0500,   500.0000]
offset_0        28        6693.0         -2.5          2.2   (15-84 p)   [-3317.3615, 16947.7259]
offset_1        29        6937.9         -2.7          2.4   (15-84 p)   [-3317.3615, 16947.7259]
offset_2        30        6856.4         -2.5          2.2   (15-84 p)   [-3317.3615, 16947.7259]
offset_3        31        6896.2         -2.5          2.2   (15-84 p)   [-3317.3615, 16947.7259]

----- dataset: FWHMdata                  ----- model: gp_multidimensional           
rot_amp         32           5.3         -3.4          2.9   (15-84 p)   [  -10.0000,    10.0000]
con_amp         33          4.85        -0.98          1.4   (15-84 p)   [  -20.0000,    20.0000]

----- common model:  b
P                0        0.7257      -0.0045       0.0029   (15-84 p)   [    0.3785,     6.6439]
K                1         -0.50        -0.34         0.27   (15-84 p)   [   -9.9658,     3.3219]
sre_coso         2         -0.22        -0.17         0.25   (15-84 p)   [   -1.0000,     1.0000]
sre_sino         3         -0.02        -0.20         0.20   (15-84 p)   [   -1.0000,     1.0000]
mean_long        4            77          -47           29   (15-84 p)   [  -89.2692,   270.7308]

----- common model:  c
P                5         3.381       -0.021        0.020   (15-84 p)   [    0.3785,     6.6439]
K                6          0.44        -0.31         0.27   (15-84 p)   [   -9.9658,     3.3219]
sre_coso         7          0.11        -0.22         0.18   (15-84 p)   [   -1.0000,     1.0000]
sre_sino         8         -0.10        -0.18         0.21   (15-84 p)   [   -1.0000,     1.0000]
mean_long        9           263          -30           28   (15-84 p)   [   88.3176,   448.3176]

----- common model:  activity
Prot            10         28.10        -0.50         0.46   (15-84 p)   [   20.0000,    35.0000]
Pdec            11          38.0         -5.6          8.8   (15-84 p)   [   30.0000,  1000.0000]
Oamp            12         -1.36        -0.12         0.11   (15-84 p)   [   -6.6439,     0.0000]

----- common model:  star_parameters

====================================================================================================
     Statistics on the model parameters obtained from the posteriors samples     
====================================================================================================

----- dataset:  RVdata
jitter_0                 1.305       -0.054        0.058    (15-84 p)
offset_0                   3.3         -2.3          2.7    (15-84 p)
offset_1                   5.5         -2.4          2.7    (15-84 p)
offset_2                   4.6         -2.4          2.7    (15-84 p)
offset_3                   4.5         -2.4          2.7    (15-84 p)


----- dataset: RVdata                    ----- model: gp_multidimensional           
rot_amp                    2.3         -1.5          2.2    (15-84 p)
con_amp                   -5.4         -1.5          1.0    (15-84 p)

----- dataset:  BISdata
jitter_0                 1.731       -0.090        0.095    (15-84 p)
offset_0                -74.08        -0.25         0.29    (15-84 p)
offset_1                -44.78        -0.44         0.47    (15-84 p)
offset_2                -52.15        -0.28         0.32    (15-84 p)
offset_3                -59.76        -0.28         0.31    (15-84 p)


----- dataset: BISdata                   ----- model: gp_multidimensional           
rot_amp                    4.1         -1.6          1.9    (15-84 p)
con_amp                  -0.33        -0.21         0.18    (15-84 p)

----- dataset:  FWHMdata
jitter_0                  0.32        -0.19         0.30    (15-84 p)
offset_0                6693.0         -2.5          2.2    (15-84 p)
offset_1                6937.9         -2.7          2.4    (15-84 p)
offset_2                6856.4         -2.5          2.2    (15-84 p)
offset_3                6896.2         -2.5          2.2    (15-84 p)


----- dataset: FWHMdata                  ----- model: gp_multidimensional           
rot_amp                    5.3         -3.4          2.9    (15-84 p)
con_amp                   4.85        -0.98          1.4    (15-84 p)

----- common model:  b
P                       1.6537      -0.0052       0.0034    (15-84 p)
K                         0.71        -0.15         0.15    (15-84 p)
mean_long                   77          -47           29    (15-84 p)
e                        0.098       -0.068        0.091    (15-84 p)
omega                      183          -58           64    (15-84 p)

----- common model:  c
P                        10.42        -0.15         0.15    (15-84 p)
K                         1.36        -0.27         0.28    (15-84 p)
mean_long                  263          -30           28    (15-84 p)
e                        0.074       -0.051        0.070    (15-84 p)
omega                      -36          -73           77    (15-84 p)

----- common model:  activity
Prot                     28.10        -0.50         0.46    (15-84 p)
Pdec                      38.0         -5.6          8.8    (15-84 p)
Oamp                     0.390       -0.032        0.031    (15-84 p)

----- common model:  star_parameters

====================================================================================================
     Statistics on the derived parameters obtained from the posteriors samples     
====================================================================================================

----- common model:  b
Inclination fixed to 90 deg!
Computing planetary mass under the approximation M_planet << M_star (threshold at 30.0 Me)
a_Rs                    5.8824       -0.012       0.0080    (15-84 p)
M_Mj                   0.00407     -0.00084      0.00084    (15-84 p)
M_Me                      1.29        -0.27         0.27    (15-84 p)
Tc                    59334.93        -0.17          1.3    (15-84 p)
a_AU_(M)              0.027368    -0.000057     0.000037    (15-84 p)
a_AU_(rho,R)          0.027368    -0.000057     0.000037    (15-84 p)

----- common model:  c
Inclination fixed to 90 deg!
Computing planetary mass under the approximation M_planet << M_star (threshold at 30.0 Me)
a_Rs                     20.07        -0.19         0.19    (15-84 p)
M_Mj                    0.0145      -0.0028       0.0030    (15-84 p)
M_Me                      4.61        -0.90         0.96    (15-84 p)
Tc                    59339.97        -0.82         0.88    (15-84 p)
a_AU_(M)               0.09335     -0.00091      0.00089    (15-84 p)
a_AU_(rho,R)           0.09335     -0.00091      0.00089    (15-84 p)


====================================================================================================
     ------------------------------------------------------------------------------------------     
====================================================================================================



****************************************************************************************************

 Parameters corresponding to the Maximum a Posteriori probability ( -2345.9547552727045 )

====================================================================================================
     Statistics on the posterior of the sampler parameters     
====================================================================================================

----- dataset:  RVdata
jitter_0        13      1.256578 [    0.0009,    13.3000]
offset_0        14      2.052659 [-10006.2420, 10013.7830]
offset_1        15      4.455272 [-10006.2420, 10013.7830]
offset_2        16      3.625996 [-10006.2420, 10013.7830]
offset_3        17      3.463123 [-10006.2420, 10013.7830]

----- dataset: RVdata                    ----- model: gp_multidimensional           
rot_amp         18      1.479792 [    0.0000,    10.0000]
con_amp         19     -4.325966 [  -20.0000,    20.0000]

----- dataset:  BISdata
jitter_0        20      1.717513 [    0.0095,    95.0000]
offset_0        21    -74.036965 [-10079.7500,  9960.6500]
offset_1        22    -44.246684 [-10079.7500,  9960.6500]
offset_2        23    -52.225528 [-10079.7500,  9960.6500]
offset_3        24    -59.743064 [-10079.7500,  9960.6500]

----- dataset: BISdata                   ----- model: gp_multidimensional           
rot_amp         25      4.516608 [  -10.0000,    10.0000]
con_amp         26     -0.393740 [  -20.0000,    20.0000]

----- dataset:  FWHMdata
jitter_0        27      0.076025 [    0.0500,   500.0000]
offset_0        28   6693.481202 [-3317.3615, 16947.7259]
offset_1        29   6938.295175 [-3317.3615, 16947.7259]
offset_2        30   6856.819897 [-3317.3615, 16947.7259]
offset_3        31   6897.287062 [-3317.3615, 16947.7259]

----- dataset: FWHMdata                  ----- model: gp_multidimensional           
rot_amp         32      8.230616 [  -10.0000,    10.0000]
con_amp         33      4.264163 [  -20.0000,    20.0000]

----- common model:  b
P                0      0.725525 [    0.3785,     6.6439]
K                1     -0.405116 [   -9.9658,     3.3219]
sre_coso         2     -0.334648 [   -1.0000,     1.0000]
sre_sino         3      0.081824 [   -1.0000,     1.0000]
mean_long        4     74.347739 [  -89.2692,   270.7308]

----- common model:  c
P                5      3.388224 [    0.3785,     6.6439]
K                6      0.691170 [   -9.9658,     3.3219]
sre_coso         7      0.410783 [   -1.0000,     1.0000]
sre_sino         8     -0.044054 [   -1.0000,     1.0000]
mean_long        9    270.290348 [   88.3176,   448.3176]

----- common model:  activity
Prot            10     28.284927 [   20.0000,    35.0000]
Pdec            11     30.539679 [   30.0000,  1000.0000]
Oamp            12     -1.314442 [   -6.6439,     0.0000]

----- common model:  star_parameters

====================================================================================================
     Statistics on the model parameters obtained from the posteriors samples     
====================================================================================================

----- dataset:  RVdata
jitter_0              1.256578 
offset_0              2.052659 
offset_1              4.455272 
offset_2              3.625996 
offset_3              3.463123 


----- dataset: RVdata                    ----- model: gp_multidimensional           
rot_amp               1.479792 
con_amp              -4.325966 

----- dataset:  BISdata
jitter_0              1.717513 
offset_0            -74.036965 
offset_1            -44.246684 
offset_2            -52.225528 
offset_3            -59.743064 


----- dataset: BISdata                   ----- model: gp_multidimensional           
rot_amp               4.516608 
con_amp              -0.393740 

----- dataset:  FWHMdata
jitter_0              0.076025 
offset_0           6693.481202 
offset_1           6938.295175 
offset_2           6856.819897 
offset_3           6897.287062 


----- dataset: FWHMdata                  ----- model: gp_multidimensional           
rot_amp               8.230616 
con_amp               4.264163 

----- common model:  b
P                     1.653503 
K                     0.755175 
mean_long            74.347739 
e                     0.118685 
omega               166.260316 

----- common model:  c
P                    10.470249 
K                     1.614592 
mean_long           270.290348 
e                     0.170683 
omega                -6.121210 

----- common model:  activity
Prot                 28.284927 
Pdec                 30.539679 
Oamp                  0.402081 

----- common model:  star_parameters

====================================================================================================
     Statistics on the derived parameters obtained from the posteriors samples     
====================================================================================================

----- common model:  b
Inclination fixed to 90 deg!
a_Rs                  5.881914 
M_Mj                  0.004362 
M_Me                  1.386603 
Tc                59334.831365 
a_AU_(M)              0.027366 
a_AU_(rho,R)          0.027365 

----- common model:  c
Inclination fixed to 90 deg!
a_Rs                 20.132022 
M_Mj                  0.017121 
M_Me                  5.442711 
Tc                59339.356226 
a_AU_(M)              0.093664 
a_AU_(rho,R)          0.093664 


====================================================================================================
     ------------------------------------------------------------------------------------------     
====================================================================================================



****************************************************************************************************

 Parameters corresponding to the sample closest to the median values ( -2352.452097177137 )

====================================================================================================
     Statistics on the posterior of the sampler parameters     
====================================================================================================

----- dataset:  RVdata
jitter_0        13      1.257535 [    0.0009,    13.3000]
offset_0        14      2.950767 [-10006.2420, 10013.7830]
offset_1        15      5.248146 [-10006.2420, 10013.7830]
offset_2        16      4.678373 [-10006.2420, 10013.7830]
offset_3        17      4.161272 [-10006.2420, 10013.7830]

----- dataset: RVdata                    ----- model: gp_multidimensional           
rot_amp         18      2.363059 [    0.0000,    10.0000]
con_amp         19     -5.942476 [  -20.0000,    20.0000]

----- dataset:  BISdata
jitter_0        20      1.705480 [    0.0095,    95.0000]
offset_0        21    -74.253020 [-10079.7500,  9960.6500]
offset_1        22    -45.236062 [-10079.7500,  9960.6500]
offset_2        23    -52.309427 [-10079.7500,  9960.6500]
offset_3        24    -59.568315 [-10079.7500,  9960.6500]

----- dataset: BISdata                   ----- model: gp_multidimensional           
rot_amp         25      3.698063 [  -10.0000,    10.0000]
con_amp         26     -0.230221 [  -20.0000,    20.0000]

----- dataset:  FWHMdata
jitter_0        27      0.463265 [    0.0500,   500.0000]
offset_0        28   6693.601331 [-3317.3615, 16947.7259]
offset_1        29   6938.464952 [-3317.3615, 16947.7259]
offset_2        30   6856.522050 [-3317.3615, 16947.7259]
offset_3        31   6895.981126 [-3317.3615, 16947.7259]

----- dataset: FWHMdata                  ----- model: gp_multidimensional           
rot_amp         32      7.018193 [  -10.0000,    10.0000]
con_amp         33      4.595782 [  -20.0000,    20.0000]

----- common model:  b
P                0      0.727083 [    0.3785,     6.6439]
K                1     -0.402500 [   -9.9658,     3.3219]
sre_coso         2     -0.299627 [   -1.0000,     1.0000]
sre_sino         3      0.035077 [   -1.0000,     1.0000]
mean_long        4     91.784568 [  -89.2692,   270.7308]

----- common model:  c
P                5      3.383764 [    0.3785,     6.6439]
K                6      0.449018 [   -9.9658,     3.3219]
sre_coso         7      0.173489 [   -1.0000,     1.0000]
sre_sino         8     -0.088369 [   -1.0000,     1.0000]
mean_long        9    272.105182 [   88.3176,   448.3176]

----- common model:  activity
Prot            10     28.062412 [   20.0000,    35.0000]
Pdec            11     41.418805 [   30.0000,  1000.0000]
Oamp            12     -1.432398 [   -6.6439,     0.0000]

----- common model:  star_parameters

====================================================================================================
     Statistics on the model parameters obtained from the posteriors samples     
====================================================================================================

----- dataset:  RVdata
jitter_0              1.257535 
offset_0              2.950767 
offset_1              5.248146 
offset_2              4.678373 
offset_3              4.161272 


----- dataset: RVdata                    ----- model: gp_multidimensional           
rot_amp               2.363059 
con_amp              -5.942476 

----- dataset:  BISdata
jitter_0              1.705480 
offset_0            -74.253020 
offset_1            -45.236062 
offset_2            -52.309427 
offset_3            -59.568315 


----- dataset: BISdata                   ----- model: gp_multidimensional           
rot_amp               3.698063 
con_amp              -0.230221 

----- dataset:  FWHMdata
jitter_0              0.463265 
offset_0           6693.601331 
offset_1           6938.464952 
offset_2           6856.522050 
offset_3           6895.981126 


----- dataset: FWHMdata                  ----- model: gp_multidimensional           
rot_amp               7.018193 
con_amp               4.595782 

----- common model:  b
P                     1.655289 
K                     0.756546 
mean_long            91.784568 
e                     0.091007 
omega               173.322811 

----- common model:  c
P                    10.437934 
K                     1.365111 
mean_long           272.105182 
e                     0.037908 
omega               -26.992663 

----- common model:  activity
Prot                 28.062412 
Pdec                 41.418805 
Oamp                  0.370515 

----- common model:  star_parameters

====================================================================================================
     Statistics on the derived parameters obtained from the posteriors samples     
====================================================================================================

----- common model:  b
Inclination fixed to 90 deg!
a_Rs                  5.886161 
M_Mj                  0.004384 
M_Me                  1.393705 
Tc                59334.739165 
a_AU_(M)              0.027385 
a_AU_(rho,R)          0.027385 

----- common model:  c
Inclination fixed to 90 deg!
a_Rs                 20.090616 
M_Mj                  0.014666 
M_Me                  4.662089 
Tc                59339.744442 
a_AU_(M)              0.093472 
a_AU_(rho,R)          0.093471 


====================================================================================================
     ------------------------------------------------------------------------------------------     
====================================================================================================



****************************************************************************************************

Inclination fixed to 90 deg!
Inclination fixed to 90 deg!
Note: stellar density derived from stellar mass and radius

Inclination fixed to 90 deg!
Inclination fixed to 90 deg!
Inclination fixed to 90 deg!
Inclination fixed to 90 deg!
 Plot FLAT chain 

****************************************************************************************************

 Skipping full correlation plot due to the high number of parameters
 To avoid this behaviour, set the keyword parameters:force_full_correlation_plot to True

****************************************************************************************************

 Plotting the chains... 

****************************************************************************************************

 Plotting the Gelman-Rubin traces... 

     Gelman-Rubin:    13     1.009711 RVdata_jitter_0 
     Gelman-Rubin:    14     1.016767 RVdata_offset_0 
     Gelman-Rubin:    15     1.016453 RVdata_offset_1 
     Gelman-Rubin:    16     1.016842 RVdata_offset_2 
     Gelman-Rubin:    17     1.016684 RVdata_offset_3 
     Gelman-Rubin:    18     1.009012 RVdata_gp_multidimensional_rot_amp 
     Gelman-Rubin:    19     1.012062 RVdata_gp_multidimensional_con_amp 
     Gelman-Rubin:    20     1.010601 BISdata_jitter_0 
     Gelman-Rubin:    21     1.012916 BISdata_offset_0 
     Gelman-Rubin:    22     1.011454 BISdata_offset_1 
     Gelman-Rubin:    23     1.012477 BISdata_offset_2 
     Gelman-Rubin:    24     1.011424 BISdata_offset_3 
     Gelman-Rubin:    25     1.008805 BISdata_gp_multidimensional_rot_amp 
     Gelman-Rubin:    26     1.011252 BISdata_gp_multidimensional_con_amp 
     Gelman-Rubin:    27     1.010096 FWHMdata_jitter_0 
     Gelman-Rubin:    28     1.016701 FWHMdata_offset_0 
     Gelman-Rubin:    29     1.016127 FWHMdata_offset_1 
     Gelman-Rubin:    30     1.016838 FWHMdata_offset_2 
     Gelman-Rubin:    31     1.016936 FWHMdata_offset_3 
     Gelman-Rubin:    32     1.009347 FWHMdata_gp_multidimensional_rot_amp 
     Gelman-Rubin:    33     1.011435 FWHMdata_gp_multidimensional_con_amp 
     Gelman-Rubin:     0     1.013605 b_P 
     Gelman-Rubin:     1     1.012336 b_K 
     Gelman-Rubin:     2     1.009831 b_sre_coso 
     Gelman-Rubin:     3     1.008809 b_sre_sino 
     Gelman-Rubin:     4     1.012922 b_mean_long 
     Gelman-Rubin:     5     1.010055 c_P 
     Gelman-Rubin:     6     1.009771 c_K 
     Gelman-Rubin:     7     1.008261 c_sre_coso 
     Gelman-Rubin:     8     1.011408 c_sre_sino 
     Gelman-Rubin:     9     1.010088 c_mean_long 
     Gelman-Rubin:    10     1.010033 activity_Prot 
     Gelman-Rubin:    11     1.011430 activity_Pdec 
     Gelman-Rubin:    12     1.011909 activity_Oamp 

****************************************************************************************************

Plotting the common models corner plots
     Common model:  b
     Common model:  c
     Common model:  activity
     Common model:  star_parameters

****************************************************************************************************

Plotting the dataset + models corner plots 

     Dataset:  RVdata     model:  gp_multidimensional  corner plot  starting 
     Dataset:  RVdata     model:  gp_multidimensional  corner plot  done 
     Dataset:  RVdata     model:  radial_velocities_b  corner plot  starting 
     Dataset:  RVdata     model:  radial_velocities_b  corner plot  done 
     Dataset:  RVdata     model:  radial_velocities_c  corner plot  starting 
     Dataset:  RVdata     model:  radial_velocities_c  corner plot  done 
     Dataset:  BISdata     model:  gp_multidimensional  corner plot  starting 
     Dataset:  BISdata     model:  gp_multidimensional  corner plot  done 
     Dataset:  FWHMdata     model:  gp_multidimensional  corner plot  starting 
     Dataset:  FWHMdata     model:  gp_multidimensional  corner plot  done 

****************************************************************************************************

 Saving the planet parameter samplings to files (with plots)

****************************************************************************************************

 Saving all the parameter samplings to files (with plots)

****************************************************************************************************

 Computing the models for plot/data writing 
     Splitting the plot array to allow GP prediction of extended datasets, it may take a while...
     # 65 chunks of 100 times each
     Check the documentation if the code is taking too long or if it crashes...
     Splitting the plot array to allow GP prediction of extended datasets, it may take a while...
     # 39 chunks of 100 times each
     Check the documentation if the code is taking too long or if it crashes...
     Splitting the plot array to allow GP prediction of extended datasets, it may take a while...
     # 39 chunks of 100 times each
     Check the documentation if the code is taking too long or if it crashes...
     Splitting the plot array to allow GP prediction of extended datasets, it may take a while...
     # 65 chunks of 100 times each
     Check the documentation if the code is taking too long or if it crashes...
     Splitting the plot array to allow GP prediction of extended datasets, it may take a while...
     # 39 chunks of 100 times each
     Check the documentation if the code is taking too long or if it crashes...
     Splitting the plot array to allow GP prediction of extended datasets, it may take a while...
     # 39 chunks of 100 times each
     Check the documentation if the code is taking too long or if it crashes...
     Splitting the plot array to allow GP prediction of extended datasets, it may take a while...
     # 65 chunks of 100 times each
     Check the documentation if the code is taking too long or if it crashes...
     Splitting the plot array to allow GP prediction of extended datasets, it may take a while...
     # 39 chunks of 100 times each
     Check the documentation if the code is taking too long or if it crashes...
     Splitting the plot array to allow GP prediction of extended datasets, it may take a while...
     # 39 chunks of 100 times each
     Check the documentation if the code is taking too long or if it crashes...
 Writing the plots 
 Writing the   data files 
 Writing the  MAP_ data files 
 Writing the  sampleMED_ data files 

****************************************************************************************************

