
PyORBIT v10.9.1

Python version in use:
3.10.16 (main, Dec 11 2024, 10:24:41) [Clang 14.0.6 ]
 LaTeX disabled by default
Using orbital model:  keplerian
Using orbital parametrization:  Eastman2013

gp_multidimensional  S+LEAF model, number of harmonics: 4


 emcee version:  3.1.6

 Reference Time Tref: 59332.189797

 Dimensions: 17
 Nwalkers:   68
 Steps:      50000


Recomputing ln-prior, it may take a while...

ln-probability distribution:   -548.27       -5.11     13.53 (15-84 p) 
ln-prior       distribution:    -87.65       -0.18      0.24 (15-84 p) 
ln-likelihood  distribution:   -460.68       -5.11     13.68 (15-84 p) 


*** Information criteria using the likelihood distribution

 BIC from distribution  (using likelihood)  =   1012.75    -27.35   10.21 (15-84 p)
 AIC from distribution  (using likelihood)  =    955.37    -27.35   10.21 (15-84 p)
 AICc from distribution (using likelihood)  =    958.46    -27.35   10.21 (15-84 p)


*** Information criteria using the median parameter set

 Median ln_probability =   -545.59
 Median ln_priors      =    -87.44
 Median ln_likelihood  =   -458.16

 Median BIC  (using likelihood) =   1007.69
 Median AIC  (using likelihood) =    950.31
 Median AICc (using likelihood) =    953.40


*** Information criteria using the MAP parameter set

 MAP ln_priors     =   -527.78
 MAP ln_priors     =    -87.77
 MAP ln_likelihood =   -440.02

 MAP BIC  (using likelihood)    =    971.42
 MAP AIC  (using likelihood)    =    914.04
 MAP AICc (using likelihood)    =    917.13

 AICc suggested over AIC because NDATA ( 216 ) < 40 * NDIM ( 17 )

****************************************************************************************************


Computing the autocorrelation time of the chains

***** WARNING ******
The integrated autocorrelation time cannot be reliably estimated
likely the chains are too short, and ACF analysis is not fully reliable
emcee.autocorr.integrated_time tolerance lowered to 20
If you still get a warning, you should drop these results entirely
Chains too short to apply convergence criteria
They should be at least 2650*nthin = 265000

 ACF computation failed, no plot will be generated 


====================================================================================================
     Ids, spaces (s), boundaries (b) and priors (p) of the sampler parameters     
====================================================================================================

----- dataset:  ESSP_EXPRES
jitter_0      id:   8  s:Linear      b:[      0.0017,      18.9000]   p:Uniform   []
offset_0      id:   9  s:Linear      b:[ -10004.1700,   10004.5630]   p:Uniform   []

----- dataset: ESSP_EXPRES               ----- model: gp_multidimensional           
con_amp       id:  10  s:Linear      b:[   -500.0000,     500.0000]   p:Uniform   []
rot_amp       derived (no id, space, bound)                           p:None   []

----- dataset:  ESSP_BIS_EXPRES
jitter_0      id:  11  s:Linear      b:[      0.0095,      95.0000]   p:Uniform   []
offset_0      id:  12  s:Linear      b:[ -10007.9920,   10006.5920]   p:Uniform   []

----- dataset: ESSP_BIS_EXPRES           ----- model: gp_multidimensional           
con_amp       id:  13  s:Linear      b:[   -500.0000,     500.0000]   p:Uniform   []
rot_amp       derived (no id, space, bound)                           p:None   []

----- dataset:  ESSP_FIESTA1_EXPRES
jitter_0      id:  14  s:Linear      b:[      0.0077,      77.7000]   p:Uniform   []
offset_0      id:  15  s:Linear      b:[ -10004.9930,   10004.7140]   p:Uniform   []

----- dataset: ESSP_FIESTA1_EXPRES       ----- model: gp_multidimensional           
con_amp       id:  16  s:Linear      b:[   -500.0000,     500.0000]   p:Uniform   []
rot_amp       derived (no id, space, bound)                           p:None   []

----- common model:  b
P             id:   0  s:Log_Base2   b:[      0.5850,       3.3219]   p:Gaussian   [2.9 1. ]
K             id:   1  s:Log_Base2   b:[     -3.3219,       2.0000]   p:Uniform   []
sre_coso      id:   2  s:Linear      b:[     -1.0000,       1.0000]   p:Uniform   []
sre_sino      id:   3  s:Linear      b:[     -1.0000,       1.0000]   p:Uniform   []
mean_long     id:   4  s:Linear      b:[    -66.0378,     293.9622]   p:Uniform   []
e             derived (no id, space, bound)                           p:Uniform   [0.  0.5]
omega         derived (no id, space, bound)                           p:Uniform   [0.0, 360.0]

----- common model:  activity
Prot          id:   5  s:Linear      b:[     20.0000,      35.0000]   p:Gaussian   [28.  5.]
Pdec          id:   6  s:Linear      b:[     10.0000,    1000.0000]   p:Uniform   []
Oamp          id:   7  s:Log_Base2   b:[     -6.6439,       3.3219]   p:Uniform   []

----- common model:  star_parameters
mass          derived (no id, space, bound)                           p:Gaussian   [1.e+00 1.e-10]


****************************************************************************************************
****************************************************************************************************

 Confidence intervals (median value, 34.135th percentile from the median on the left and right side)

====================================================================================================
     Statistics on the posterior of the sampler parameters     
====================================================================================================

----- dataset:  ESSP_EXPRES
jitter_0         8          1.12        -0.10         0.11   (15-84 p)   [    0.0017,    18.9000]
offset_0         9             0          -11           31   (15-84 p)   [-10004.1700, 10004.5630]

----- dataset: ESSP_EXPRES               ----- model: gp_multidimensional           
con_amp         10            -0          -98          115   (15-84 p)   [ -500.0000,   500.0000]

----- dataset:  ESSP_BIS_EXPRES
jitter_0        11          2.70        -0.28         0.32   (15-84 p)   [    0.0095,    95.0000]
offset_0        12            -0          -65           24   (15-84 p)   [-10007.9920, 10006.5920]

----- dataset: ESSP_BIS_EXPRES           ----- model: gp_multidimensional           
con_amp         13             1         -253          229   (15-84 p)   [ -500.0000,   500.0000]

----- dataset:  ESSP_FIESTA1_EXPRES
jitter_0        14          1.85        -0.18         0.21   (15-84 p)   [    0.0077,    77.7000]
offset_0        15           0.1         -5.0          9.8   (15-84 p)   [-10004.9930, 10004.7140]

----- dataset: ESSP_FIESTA1_EXPRES       ----- model: gp_multidimensional           
con_amp         16            -0          -37           39   (15-84 p)   [ -500.0000,   500.0000]

----- common model:  b
P                0        1.5262      -0.0068       0.0067   (15-84 p)   [    0.5850,     3.3219]
K                1          1.34        -0.15         0.15   (15-84 p)   [   -3.3219,     2.0000]
sre_coso         2         -0.33        -0.14         0.20   (15-84 p)   [   -1.0000,     1.0000]
sre_sino         3         -0.19        -0.19         0.23   (15-84 p)   [   -1.0000,     1.0000]
mean_long        4           112          -11           11   (15-84 p)   [  -66.0378,   293.9622]

----- common model:  activity
Prot             5          26.2         -2.5          5.7   (15-84 p)   [   20.0000,    35.0000]
Pdec             6           544         -305          306   (15-84 p)   [   10.0000,  1000.0000]
Oamp             7           0.7         -5.2          1.7   (15-84 p)   [   -6.6439,     3.3219]

----- common model:  star_parameters

====================================================================================================
     Statistics on the model parameters obtained from the posteriors samples     
====================================================================================================

----- dataset:  ESSP_EXPRES
jitter_0                  1.12        -0.10         0.11    (15-84 p)
offset_0                     0          -11           31    (15-84 p)


----- dataset: ESSP_EXPRES               ----- model: gp_multidimensional           
rot_amp                   0.00                              [fixed]
con_amp                     -0          -98          115    (15-84 p)

----- dataset:  ESSP_BIS_EXPRES
jitter_0                  2.70        -0.28         0.32    (15-84 p)
offset_0                    -0          -65           24    (15-84 p)


----- dataset: ESSP_BIS_EXPRES           ----- model: gp_multidimensional           
rot_amp                   0.00                              [fixed]
con_amp                      1         -253          229    (15-84 p)

----- dataset:  ESSP_FIESTA1_EXPRES
jitter_0                  1.85        -0.18         0.21    (15-84 p)
offset_0                   0.1         -5.0          9.8    (15-84 p)


----- dataset: ESSP_FIESTA1_EXPRES       ----- model: gp_multidimensional           
rot_amp                   0.00                              [fixed]
con_amp                     -0          -37           39    (15-84 p)

----- common model:  b
P                        2.880       -0.013        0.013    (15-84 p)
K                         2.52        -0.25         0.27    (15-84 p)
mean_long                  112          -11           11    (15-84 p)
e                        0.195        -0.10        0.093    (15-84 p)
omega                     -150          -35           35    (15-84 p)

----- common model:  activity
Prot                      26.2         -2.5          5.7    (15-84 p)
Pdec                       544         -305          306    (15-84 p)
Oamp                       1.6         -1.6          3.7    (15-84 p)

----- common model:  star_parameters

====================================================================================================
     Statistics on the derived parameters obtained from the posteriors samples     
====================================================================================================

----- common model:  b
Inclination fixed to 90 deg!
Computing planetary mass under the approximation M_planet << M_star (threshold at 30.0 Me)
M_Mj                    0.0173      -0.0017       0.0017    (15-84 p)
M_Me                      5.49        -0.54         0.55    (15-84 p)
Tc                    59334.86         -2.6         0.15    (15-84 p)
a_AU_(M)               0.03962     -0.00012      0.00012    (15-84 p)


====================================================================================================
     ------------------------------------------------------------------------------------------     
====================================================================================================



****************************************************************************************************

 Parameters corresponding to the Maximum a Posteriori probability ( -527.7845290726268 )

====================================================================================================
     Statistics on the posterior of the sampler parameters     
====================================================================================================

----- dataset:  ESSP_EXPRES
jitter_0         8      1.040386 [    0.0017,    18.9000]
offset_0         9      0.154932 [-10004.1700, 10004.5630]

----- dataset: ESSP_EXPRES               ----- model: gp_multidimensional           
con_amp         10     -0.724771 [ -500.0000,   500.0000]

----- dataset:  ESSP_BIS_EXPRES
jitter_0        11      2.627598 [    0.0095,    95.0000]
offset_0        12     -0.061078 [-10007.9920, 10006.5920]

----- dataset: ESSP_BIS_EXPRES           ----- model: gp_multidimensional           
con_amp         13      1.935946 [ -500.0000,   500.0000]

----- dataset:  ESSP_FIESTA1_EXPRES
jitter_0        14      1.723197 [    0.0077,    77.7000]
offset_0        15     -0.069289 [-10004.9930, 10004.7140]

----- dataset: ESSP_FIESTA1_EXPRES       ----- model: gp_multidimensional           
con_amp         16     -0.014676 [ -500.0000,   500.0000]

----- common model:  b
P                0      1.525711 [    0.5850,     3.3219]
K                1      1.238404 [   -3.3219,     2.0000]
sre_coso         2     -0.397055 [   -1.0000,     1.0000]
sre_sino         3     -0.240898 [   -1.0000,     1.0000]
mean_long        4    113.302158 [  -66.0378,   293.9622]

----- common model:  activity
Prot             5     23.543651 [   20.0000,    35.0000]
Pdec             6    673.275353 [   10.0000,  1000.0000]
Oamp             7     -4.831895 [   -6.6439,     3.3219]

----- common model:  star_parameters

====================================================================================================
     Statistics on the model parameters obtained from the posteriors samples     
====================================================================================================

----- dataset:  ESSP_EXPRES
jitter_0              1.040386 
offset_0              0.154932 


----- dataset: ESSP_EXPRES               ----- model: gp_multidimensional           
rot_amp                   0.00 
con_amp              -0.724771 

----- dataset:  ESSP_BIS_EXPRES
jitter_0              2.627598 
offset_0             -0.061078 


----- dataset: ESSP_BIS_EXPRES           ----- model: gp_multidimensional           
rot_amp                   0.00 
con_amp               1.935946 

----- dataset:  ESSP_FIESTA1_EXPRES
jitter_0              1.723197 
offset_0             -0.069289 


----- dataset: ESSP_FIESTA1_EXPRES       ----- model: gp_multidimensional           
rot_amp                   0.00 
con_amp              -0.014676 

----- common model:  b
P                     2.879285 
K                     2.359374 
mean_long           113.302158 
e                     0.215685 
omega              -148.754291 

----- common model:  activity
Prot                 23.543651 
Pdec                673.275353 
Oamp                  0.035112 

----- common model:  star_parameters

====================================================================================================
     Statistics on the derived parameters obtained from the posteriors samples     
====================================================================================================

----- common model:  b
Inclination fixed to 90 deg!
M_Mj                  0.016123 
M_Me                  5.125479 
Tc                59335.065962 
a_AU_(M)              0.039609 


====================================================================================================
     ------------------------------------------------------------------------------------------     
====================================================================================================



****************************************************************************************************

 Parameters corresponding to the sample closest to the median values ( -541.6382433555214 )

====================================================================================================
     Statistics on the posterior of the sampler parameters     
====================================================================================================

----- dataset:  ESSP_EXPRES
jitter_0         8      1.188328 [    0.0017,    18.9000]
offset_0         9      0.952429 [-10004.1700, 10004.5630]

----- dataset: ESSP_EXPRES               ----- model: gp_multidimensional           
con_amp         10     11.984445 [ -500.0000,   500.0000]

----- dataset:  ESSP_BIS_EXPRES
jitter_0        11      2.659637 [    0.0095,    95.0000]
offset_0        12     -1.952845 [-10007.9920, 10006.5920]

----- dataset: ESSP_BIS_EXPRES           ----- model: gp_multidimensional           
con_amp         13    -32.463059 [ -500.0000,   500.0000]

----- dataset:  ESSP_FIESTA1_EXPRES
jitter_0        14      1.762860 [    0.0077,    77.7000]
offset_0        15      0.346558 [-10004.9930, 10004.7140]

----- dataset: ESSP_FIESTA1_EXPRES       ----- model: gp_multidimensional           
con_amp         16      8.063077 [ -500.0000,   500.0000]

----- common model:  b
P                0      1.530338 [    0.5850,     3.3219]
K                1      1.360119 [   -3.3219,     2.0000]
sre_coso         2     -0.323763 [   -1.0000,     1.0000]
sre_sino         3     -0.171518 [   -1.0000,     1.0000]
mean_long        4    117.884386 [  -66.0378,   293.9622]

----- common model:  activity
Prot             5     24.731283 [   20.0000,    35.0000]
Pdec             6    591.873443 [   10.0000,  1000.0000]
Oamp             7      0.137319 [   -6.6439,     3.3219]

----- common model:  star_parameters

====================================================================================================
     Statistics on the model parameters obtained from the posteriors samples     
====================================================================================================

----- dataset:  ESSP_EXPRES
jitter_0              1.188328 
offset_0              0.952429 


----- dataset: ESSP_EXPRES               ----- model: gp_multidimensional           
rot_amp                   0.00 
con_amp              11.984445 

----- dataset:  ESSP_BIS_EXPRES
jitter_0              2.659637 
offset_0             -1.952845 


----- dataset: ESSP_BIS_EXPRES           ----- model: gp_multidimensional           
rot_amp                   0.00 
con_amp             -32.463059 

----- dataset:  ESSP_FIESTA1_EXPRES
jitter_0              1.762860 
offset_0              0.346558 


----- dataset: ESSP_FIESTA1_EXPRES       ----- model: gp_multidimensional           
rot_amp                   0.00 
con_amp               8.063077 

----- common model:  b
P                     2.888536 
K                     2.567064 
mean_long           117.884386 
e                     0.134241 
omega              -152.086983 

----- common model:  activity
Prot                 24.731283 
Pdec                591.873443 
Oamp                  1.099859 

----- common model:  star_parameters

====================================================================================================
     Statistics on the derived parameters obtained from the posteriors samples     
====================================================================================================

----- common model:  b
Inclination fixed to 90 deg!
M_Mj                  0.017822 
M_Me                  5.665451 
Tc                59334.968757 
a_AU_(M)              0.039694 


====================================================================================================
     ------------------------------------------------------------------------------------------     
====================================================================================================



****************************************************************************************************

Inclination fixed to 90 deg!
 *** Please provide a prior on stellar mass, radius or density *** 

Inclination fixed to 90 deg!
Inclination fixed to 90 deg!
 Plot FLAT chain 

****************************************************************************************************

Plotting full_correlation plot with pygtc

****************************************************************************************************

 Plotting the chains... 

****************************************************************************************************

 Plotting the Gelman-Rubin traces... 

     Gelman-Rubin:     8     1.025608 ESSP_EXPRES_jitter_0 
     Gelman-Rubin:     9     1.321287 ESSP_EXPRES_offset_0 
     Gelman-Rubin:    10     1.344592 ESSP_EXPRES_gp_multidimensional_con_amp 
     Gelman-Rubin:    11     1.060104 ESSP_BIS_EXPRES_jitter_0 
     Gelman-Rubin:    12     1.350260 ESSP_BIS_EXPRES_offset_0 
     Gelman-Rubin:    13     1.376660 ESSP_BIS_EXPRES_gp_multidimensional_con_amp 
     Gelman-Rubin:    14     1.029405 ESSP_FIESTA1_EXPRES_jitter_0 
     Gelman-Rubin:    15     1.297731 ESSP_FIESTA1_EXPRES_offset_0 
     Gelman-Rubin:    16     1.276792 ESSP_FIESTA1_EXPRES_gp_multidimensional_con_amp 
     Gelman-Rubin:     0     1.026224 b_P 
     Gelman-Rubin:     1     1.020256 b_K 
     Gelman-Rubin:     2     1.027557 b_sre_coso 
     Gelman-Rubin:     3     1.027431 b_sre_sino 
     Gelman-Rubin:     4     1.024059 b_mean_long 
     Gelman-Rubin:     5     1.200593 activity_Prot 
     Gelman-Rubin:     6     1.023133 activity_Pdec 
     Gelman-Rubin:     7     1.254759 activity_Oamp 

****************************************************************************************************

Plotting the common models corner plots
     Common model:  b
     Common model:  activity
     Common model:  star_parameters

****************************************************************************************************

Plotting the dataset + models corner plots 

     Dataset:  ESSP_EXPRES     model:  gp_multidimensional  corner plot  starting 
     Dataset:  ESSP_EXPRES     model:  gp_multidimensional  corner plot  done 
     Dataset:  ESSP_EXPRES     model:  radial_velocities_b  corner plot  starting 
     Dataset:  ESSP_EXPRES     model:  radial_velocities_b  corner plot  done 
     Dataset:  ESSP_BIS_EXPRES     model:  gp_multidimensional  corner plot  starting 
     Dataset:  ESSP_BIS_EXPRES     model:  gp_multidimensional  corner plot  done 
     Dataset:  ESSP_FIESTA1_EXPRES     model:  gp_multidimensional  corner plot  starting 
     Dataset:  ESSP_FIESTA1_EXPRES     model:  gp_multidimensional  corner plot  done 

****************************************************************************************************

 Saving the planet parameter samplings to files (with plots)

****************************************************************************************************

 Saving all the parameter samplings to files (with plots)

****************************************************************************************************

 Computing the models for plot/data writing 
     computing GP prediction for the whole temporal range, it may take a while...
     computing GP prediction for the whole temporal range, it may take a while...
     computing GP prediction for the whole temporal range, it may take a while...
     computing GP prediction for the whole temporal range, it may take a while...
     computing GP prediction for the whole temporal range, it may take a while...
     computing GP prediction for the whole temporal range, it may take a while...
     computing GP prediction for the whole temporal range, it may take a while...
     computing GP prediction for the whole temporal range, it may take a while...
     computing GP prediction for the whole temporal range, it may take a while...
 Writing the plots 
 Writing the   data files 
 Writing the  MAP_ data files 
 Writing the  sampleMED_ data files 

****************************************************************************************************

