
:::---::: PyORBIT v11.0.1 :::---:::

Python version in use:
3.10.18 (main, Jun  5 2025, 13:14:17) [GCC 11.2.0]

reloaded_optimize:  False
reloaded_pyde:  False
reloaded_emcee:  False

number of multiprocessing threads: 16
multiprocessing method (should be fork):  fork

parameters/safe_reload flag (must be True for tinygp):  False

Opening:  RVdata_expres
Opening:  RVdata_harps
Opening:  RVdata_neid
Opening:  FIESTAdata_expres_mode1
Opening:  FIESTAdata_expres_mode2
Opening:  FIESTAdata_harps_mode1
Opening:  FIESTAdata_harps_mode2
Opening:  FIESTAdata_harpsn_mode1
Opening:  FIESTAdata_harpsn_mode2
Opening:  FIESTAdata_neid_mode1
Opening:  FIESTAdata_neid_mode2

gp_multidimensional  S+LEAF model, number of harmonics: 4

GP model: gp_multidimensional  hyperparameters_condition:    True
GP model: gp_multidimensional  rotation_decay_condition:     True

====================================================================================================
     Ids, spaces (s), boundaries (b) and priors (p) of the sampler parameters     
====================================================================================================

----- dataset:  RVdata_expres
jitter_0      id:   3  s:Linear      b:[      0.0010,      14.4000]   p:Uniform   []
offset_0      id:   4  s:Linear      b:[  -9996.1930,   10013.7390]   p:Uniform   []

----- dataset: RVdata_expres             ----- model: gp_multidimensional           
rot_amp       id:   5  s:Linear      b:[      0.0000,      10.0000]   p:Uniform   []
con_amp       id:   6  s:Linear      b:[    -20.0000,      20.0000]   p:Uniform   []

----- dataset:  RVdata_harps
jitter_0      id:   7  s:Linear      b:[      0.0009,      12.4000]   p:Uniform   []
offset_0      id:   8  s:Linear      b:[  -9994.9455,   10014.6615]   p:Uniform   []
offset_1      id:   9  s:Linear      b:[  -9994.9455,   10014.6615]   p:Uniform   []

----- dataset: RVdata_harps              ----- model: gp_multidimensional           
rot_amp       id:  10  s:Linear      b:[      0.0000,      10.0000]   p:Uniform   []
con_amp       id:  11  s:Linear      b:[    -20.0000,      20.0000]   p:Uniform   []

----- dataset:  RVdata_neid
jitter_0      id:  12  s:Linear      b:[      0.0010,      12.3000]   p:Uniform   []
offset_0      id:  13  s:Linear      b:[  -9994.3136,   10014.8014]   p:Uniform   []

----- dataset: RVdata_neid               ----- model: gp_multidimensional           
rot_amp       id:  14  s:Linear      b:[      0.0000,      10.0000]   p:Uniform   []
con_amp       id:  15  s:Linear      b:[    -20.0000,      20.0000]   p:Uniform   []

----- dataset:  FIESTAdata_expres_mode1
jitter_0      id:  16  s:Linear      b:[      0.0017,      23.1624]   p:Uniform   []
offset_0      id:  17  s:Linear      b:[ -10002.1847,   10001.9137]   p:Uniform   []

----- dataset: FIESTAdata_expres_mode1   ----- model: gp_multidimensional           
rot_amp       id:  18  s:Linear      b:[    -10.0000,      10.0000]   p:Uniform   []
con_amp       id:  19  s:Linear      b:[    -20.0000,      20.0000]   p:Uniform   []

----- dataset:  FIESTAdata_expres_mode2
jitter_0      id:  20  s:Linear      b:[      0.0019,      26.5895]   p:Uniform   []
offset_0      id:  21  s:Linear      b:[ -10003.0918,   10003.3536]   p:Uniform   []

----- dataset: FIESTAdata_expres_mode2   ----- model: gp_multidimensional           
rot_amp       id:  22  s:Linear      b:[    -10.0000,      10.0000]   p:Uniform   []
con_amp       id:  23  s:Linear      b:[    -20.0000,      20.0000]   p:Uniform   []

----- dataset:  FIESTAdata_harps_mode1
jitter_0      id:  24  s:Linear      b:[      0.0013,      14.0975]   p:Uniform   []
offset_0      id:  25  s:Linear      b:[ -10001.5162,   10001.7187]   p:Uniform   []

----- dataset: FIESTAdata_harps_mode1    ----- model: gp_multidimensional           
rot_amp       id:  26  s:Linear      b:[    -10.0000,      10.0000]   p:Uniform   []
con_amp       id:  27  s:Linear      b:[    -20.0000,      20.0000]   p:Uniform   []

----- dataset:  FIESTAdata_harps_mode2
jitter_0      id:  28  s:Linear      b:[      0.0016,      16.6619]   p:Uniform   []
offset_0      id:  29  s:Linear      b:[ -10002.0632,   10001.8156]   p:Uniform   []

----- dataset: FIESTAdata_harps_mode2    ----- model: gp_multidimensional           
rot_amp       id:  30  s:Linear      b:[    -10.0000,      10.0000]   p:Uniform   []
con_amp       id:  31  s:Linear      b:[    -20.0000,      20.0000]   p:Uniform   []

----- dataset:  FIESTAdata_harpsn_mode1
jitter_0      id:  32  s:Linear      b:[      0.0010,      12.1573]   p:Uniform   []
offset_0      id:  33  s:Linear      b:[ -10003.6215,   10002.5502]   p:Uniform   []

----- dataset: FIESTAdata_harpsn_mode1   ----- model: gp_multidimensional           
rot_amp       id:  34  s:Linear      b:[    -10.0000,      10.0000]   p:Uniform   []
con_amp       id:  35  s:Linear      b:[    -20.0000,      20.0000]   p:Uniform   []

----- dataset:  FIESTAdata_harpsn_mode2
jitter_0      id:  36  s:Linear      b:[      0.0012,      14.0974]   p:Uniform   []
offset_0      id:  37  s:Linear      b:[ -10003.8285,   10004.7191]   p:Uniform   []

----- dataset: FIESTAdata_harpsn_mode2   ----- model: gp_multidimensional           
rot_amp       id:  38  s:Linear      b:[    -10.0000,      10.0000]   p:Uniform   []
con_amp       id:  39  s:Linear      b:[    -20.0000,      20.0000]   p:Uniform   []

----- dataset:  FIESTAdata_neid_mode1
jitter_0      id:  40  s:Linear      b:[      0.0016,      19.2528]   p:Uniform   []
offset_0      id:  41  s:Linear      b:[ -10002.1932,   10001.8029]   p:Uniform   []

----- dataset: FIESTAdata_neid_mode1     ----- model: gp_multidimensional           
rot_amp       id:  42  s:Linear      b:[    -10.0000,      10.0000]   p:Uniform   []
con_amp       id:  43  s:Linear      b:[    -20.0000,      20.0000]   p:Uniform   []

----- dataset:  FIESTAdata_neid_mode2
jitter_0      id:  44  s:Linear      b:[      0.0020,      23.2183]   p:Uniform   []
offset_0      id:  45  s:Linear      b:[ -10002.9015,   10003.2537]   p:Uniform   []

----- dataset: FIESTAdata_neid_mode2     ----- model: gp_multidimensional           
rot_amp       id:  46  s:Linear      b:[    -10.0000,      10.0000]   p:Uniform   []
con_amp       id:  47  s:Linear      b:[    -20.0000,      20.0000]   p:Uniform   []

----- common model:  activity
Prot          id:   0  s:Linear      b:[     20.0000,      35.0000]   p:Gaussian   [28.   0.5]
Pdec          id:   1  s:Linear      b:[     30.0000,    1000.0000]   p:Uniform   []
Oamp          id:   2  s:Log_Base2   b:[     -6.6439,       0.0000]   p:Gaussian   [0.35  0.035]

----- common model:  star_parameters
mass          derived (no id, space, bound)                           p:Gaussian   [1.e+00 1.e-06]
radius        derived (no id, space, bound)                           p:Gaussian   [1.e+00 1.e-06]
density       derived (no id, space, bound)                           p:Gaussian   [1.e+00 1.e-06]

Include priors:  True

Reference Time Tref:  59334.700184

Dimensions =  48
Nwalkers =  192

Using threading pool for PyDE: True
PyDE running
Boundaries redefined after PyDE output
PyDE completed, it took        154.3 seconds

====================================================================================================
     Starting point of the sample/optimization routines    
====================================================================================================

----- dataset:  RVdata_expres
jitter_0         3      1.346720 [    0.0010,    14.4000]
offset_0         4      8.984200 [-9996.1930, 10013.7390]

----- dataset: RVdata_expres             ----- model: gp_multidimensional           
rot_amp          5      0.773436 [    0.0000,    10.0000]
con_amp          6     -2.616159 [  -20.0000,    20.0000]

----- dataset:  RVdata_harps
jitter_0         7      0.978583 [    0.0009,    12.4000]
offset_0         8      9.486706 [-9994.9455, 10014.6615]
offset_1         9      9.992910 [-9994.9455, 10014.6615]

----- dataset: RVdata_harps              ----- model: gp_multidimensional           
rot_amp         10      0.875902 [    0.0000,    10.0000]
con_amp         11     -2.555302 [  -20.0000,    20.0000]

----- dataset:  RVdata_neid
jitter_0        12      0.953285 [    0.0010,    12.3000]
offset_0        13      9.837247 [-9994.3136, 10014.8014]

----- dataset: RVdata_neid               ----- model: gp_multidimensional           
rot_amp         14      0.000230 [    0.0000,    10.0000]
con_amp         15     -2.369391 [  -20.0000,    20.0000]

----- dataset:  FIESTAdata_expres_mode1
jitter_0        16      0.818332 [    0.0017,    23.1624]
offset_0        17      0.020614 [-10002.1847, 10001.9137]

----- dataset: FIESTAdata_expres_mode1   ----- model: gp_multidimensional           
rot_amp         18     -0.342060 [  -10.0000,    10.0000]
con_amp         19     -0.033972 [  -20.0000,    20.0000]

----- dataset:  FIESTAdata_expres_mode2
jitter_0        20      1.181588 [    0.0019,    26.5895]
offset_0        21     -0.039357 [-10003.0918, 10003.3536]

----- dataset: FIESTAdata_expres_mode2   ----- model: gp_multidimensional           
rot_amp         22      0.150344 [  -10.0000,    10.0000]
con_amp         23      0.305545 [  -20.0000,    20.0000]

----- dataset:  FIESTAdata_harps_mode1
jitter_0        24      0.914464 [    0.0013,    14.0975]
offset_0        25      0.069259 [-10001.5162, 10001.7187]

----- dataset: FIESTAdata_harps_mode1    ----- model: gp_multidimensional           
rot_amp         26      0.709197 [  -10.0000,    10.0000]
con_amp         27      0.110008 [  -20.0000,    20.0000]

----- dataset:  FIESTAdata_harps_mode2
jitter_0        28      1.086518 [    0.0016,    16.6619]
offset_0        29     -0.008762 [-10002.0632, 10001.8156]

----- dataset: FIESTAdata_harps_mode2    ----- model: gp_multidimensional           
rot_amp         30     -0.447412 [  -10.0000,    10.0000]
con_amp         31     -0.598655 [  -20.0000,    20.0000]

----- dataset:  FIESTAdata_harpsn_mode1
jitter_0        32      1.310324 [    0.0010,    12.1573]
offset_0        33     -0.000723 [-10003.6215, 10002.5502]

----- dataset: FIESTAdata_harpsn_mode1   ----- model: gp_multidimensional           
rot_amp         34      0.530342 [  -10.0000,    10.0000]
con_amp         35     -0.552478 [  -20.0000,    20.0000]

----- dataset:  FIESTAdata_harpsn_mode2
jitter_0        36      1.713352 [    0.0012,    14.0974]
offset_0        37     -0.009437 [-10003.8285, 10004.7191]

----- dataset: FIESTAdata_harpsn_mode2   ----- model: gp_multidimensional           
rot_amp         38     -0.426425 [  -10.0000,    10.0000]
con_amp         39      0.745222 [  -20.0000,    20.0000]

----- dataset:  FIESTAdata_neid_mode1
jitter_0        40      0.696824 [    0.0016,    19.2528]
offset_0        41      0.021458 [-10002.1932, 10001.8029]

----- dataset: FIESTAdata_neid_mode1     ----- model: gp_multidimensional           
rot_amp         42      0.611640 [  -10.0000,    10.0000]
con_amp         43      0.107143 [  -20.0000,    20.0000]

----- dataset:  FIESTAdata_neid_mode2
jitter_0        44      1.093387 [    0.0020,    23.2183]
offset_0        45     -0.059692 [-10002.9015, 10003.2537]

----- dataset: FIESTAdata_neid_mode2     ----- model: gp_multidimensional           
rot_amp         46     -1.185312 [  -10.0000,    10.0000]
con_amp         47      0.062464 [  -20.0000,    20.0000]

----- common model:  activity
Prot             0     28.086839 [   20.0000,    35.0000]
Pdec             1     30.002809 [   30.0000,  1000.0000]
Oamp             2     -1.487587 [   -6.6439,     0.0000]

----- common model:  star_parameters

====================================================================================================
     Starting point projected onto the model parameter space     
====================================================================================================

----- dataset:  RVdata_expres
jitter_0              1.346720 
offset_0              8.984200 


----- dataset: RVdata_expres             ----- model: gp_multidimensional           
rot_amp               0.773436 
con_amp              -2.616159 

----- dataset:  RVdata_harps
jitter_0              0.978583 
offset_0              9.486706 
offset_1              9.992910 


----- dataset: RVdata_harps              ----- model: gp_multidimensional           
rot_amp               0.875902 
con_amp              -2.555302 

----- dataset:  RVdata_neid
jitter_0              0.953285 
offset_0              9.837247 


----- dataset: RVdata_neid               ----- model: gp_multidimensional           
rot_amp               0.000230 
con_amp              -2.369391 

----- dataset:  FIESTAdata_expres_mode1
jitter_0              0.818332 
offset_0              0.020614 


----- dataset: FIESTAdata_expres_mode1   ----- model: gp_multidimensional           
rot_amp              -0.342060 
con_amp              -0.033972 

----- dataset:  FIESTAdata_expres_mode2
jitter_0              1.181588 
offset_0             -0.039357 


----- dataset: FIESTAdata_expres_mode2   ----- model: gp_multidimensional           
rot_amp               0.150344 
con_amp               0.305545 

----- dataset:  FIESTAdata_harps_mode1
jitter_0              0.914464 
offset_0              0.069259 


----- dataset: FIESTAdata_harps_mode1    ----- model: gp_multidimensional           
rot_amp               0.709197 
con_amp               0.110008 

----- dataset:  FIESTAdata_harps_mode2
jitter_0              1.086518 
offset_0             -0.008762 


----- dataset: FIESTAdata_harps_mode2    ----- model: gp_multidimensional           
rot_amp              -0.447412 
con_amp              -0.598655 

----- dataset:  FIESTAdata_harpsn_mode1
jitter_0              1.310324 
offset_0             -0.000723 


----- dataset: FIESTAdata_harpsn_mode1   ----- model: gp_multidimensional           
rot_amp               0.530342 
con_amp              -0.552478 

----- dataset:  FIESTAdata_harpsn_mode2
jitter_0              1.713352 
offset_0             -0.009437 


----- dataset: FIESTAdata_harpsn_mode2   ----- model: gp_multidimensional           
rot_amp              -0.426425 
con_amp               0.745222 

----- dataset:  FIESTAdata_neid_mode1
jitter_0              0.696824 
offset_0              0.021458 


----- dataset: FIESTAdata_neid_mode1     ----- model: gp_multidimensional           
rot_amp               0.611640 
con_amp               0.107143 

----- dataset:  FIESTAdata_neid_mode2
jitter_0              1.093387 
offset_0             -0.059692 


----- dataset: FIESTAdata_neid_mode2     ----- model: gp_multidimensional           
rot_amp              -1.185312 
con_amp               0.062464 

----- common model:  activity
Prot                 28.086839 
Pdec                 30.002809 
Oamp                  0.356609 

----- common model:  star_parameters

====================================================================================================
     Derived parameters obtained from starting point     
====================================================================================================


====================================================================================================
     Statistics on the log-likelihood     
====================================================================================================

 LN probability: -1711.135532 

====================================================================================================
     ------------------------------------------------------------------------------------------     
====================================================================================================



*************************************************************

Running emcee

emcee version:  3.1.6
Using threading pool for emcee: True

Saving temporary steps


Computing the autocorrelation time of the chains

***** WARNING ******
The integrated autocorrelation time cannot be reliably estimated
likely the chains are too short, and ACF analysis is not fully reliable
emcee.autocorr.integrated_time tolerance lowered to 20
If you still get a warning, you should drop these results entirely
Chains too short to apply convergence criteria
They should be at least 20650*nthin = 206500

====================================================================================================
     Statistics on the posterior of the sampler parameters     
====================================================================================================

----- dataset:  RVdata_expres
jitter_0         3         1.369       -0.100         0.12   (15-84 p)   [    0.0010,    14.4000]
offset_0         4          11.1         -6.3          6.2   (15-84 p)   [-9996.1930, 10013.7390]

----- dataset: RVdata_expres             ----- model: gp_multidimensional           
rot_amp          5           5.6         -3.1          2.7   (15-84 p)   [    0.0000,    10.0000]
con_amp          6         -17.3         -1.8          2.6   (15-84 p)   [  -20.0000,    20.0000]

----- dataset:  RVdata_harps
jitter_0         7         1.001       -0.075        0.082   (15-84 p)   [    0.0009,    12.4000]
offset_0         8          11.6         -6.2          6.2   (15-84 p)   [-9994.9455, 10014.6615]
offset_1         9          12.1         -6.2          6.2   (15-84 p)   [-9994.9455, 10014.6615]

----- dataset: RVdata_harps              ----- model: gp_multidimensional           
rot_amp         10           6.7         -2.8          2.2   (15-84 p)   [    0.0000,    10.0000]
con_amp         11         -17.0         -1.8          2.5   (15-84 p)   [  -20.0000,    20.0000]

----- dataset:  RVdata_neid
jitter_0        12         0.961       -0.077        0.088   (15-84 p)   [    0.0010,    12.3000]
offset_0        13          11.8         -5.9          5.9   (15-84 p)   [-9994.3136, 10014.8014]

----- dataset: RVdata_neid               ----- model: gp_multidimensional           
rot_amp         14          1.28        -0.94          1.7   (15-84 p)   [    0.0000,    10.0000]
con_amp         15         -16.0         -1.9          2.3   (15-84 p)   [  -20.0000,    20.0000]

----- dataset:  FIESTAdata_expres_mode1
jitter_0        16         0.836       -0.058        0.064   (15-84 p)   [    0.0017,    23.1624]
offset_0        17          0.03        -0.22         0.28   (15-84 p)   [-10002.1847, 10001.9137]

----- dataset: FIESTAdata_expres_mode1   ----- model: gp_multidimensional           
rot_amp         18          -1.8         -1.8          1.7   (15-84 p)   [  -10.0000,    10.0000]
con_amp         19         -0.26        -0.80         0.77   (15-84 p)   [  -20.0000,    20.0000]

----- dataset:  FIESTAdata_expres_mode2
jitter_0        20         1.206       -0.082        0.094   (15-84 p)   [    0.0019,    26.5895]
offset_0        21         -0.19        -0.90         0.64   (15-84 p)   [-10003.0918, 10003.3536]

----- dataset: FIESTAdata_expres_mode2   ----- model: gp_multidimensional           
rot_amp         22           0.8         -2.6          2.5   (15-84 p)   [  -10.0000,    10.0000]
con_amp         23           2.1         -1.2          1.2   (15-84 p)   [  -20.0000,    20.0000]

----- dataset:  FIESTAdata_harps_mode1
jitter_0        24          0.99        -0.13         0.17   (15-84 p)   [    0.0013,    14.0975]
offset_0        25          0.05        -0.69         0.51   (15-84 p)   [-10001.5162, 10001.7187]

----- dataset: FIESTAdata_harps_mode1    ----- model: gp_multidimensional           
rot_amp         26           4.1         -3.5          3.2   (15-84 p)   [  -10.0000,    10.0000]
con_amp         27           0.8         -1.8          1.8   (15-84 p)   [  -20.0000,    20.0000]

----- dataset:  FIESTAdata_harps_mode2
jitter_0        28          1.18        -0.16         0.21   (15-84 p)   [    0.0016,    16.6619]
offset_0        29           0.3         -1.3          1.8   (15-84 p)   [-10002.0632, 10001.8156]

----- dataset: FIESTAdata_harps_mode2    ----- model: gp_multidimensional           
rot_amp         30          -2.3         -3.9          4.2   (15-84 p)   [  -10.0000,    10.0000]
con_amp         31          -4.1         -2.3          2.2   (15-84 p)   [  -20.0000,    20.0000]

----- dataset:  FIESTAdata_harpsn_mode1
jitter_0        32          1.35        -0.10         0.11   (15-84 p)   [    0.0010,    12.1573]
offset_0        33           0.3         -1.2          1.4   (15-84 p)   [-10003.6215, 10002.5502]

----- dataset: FIESTAdata_harpsn_mode1   ----- model: gp_multidimensional           
rot_amp         34           3.3         -2.9          2.9   (15-84 p)   [  -10.0000,    10.0000]
con_amp         35          -3.4         -1.4          1.3   (15-84 p)   [  -20.0000,    20.0000]

----- dataset:  FIESTAdata_harpsn_mode2
jitter_0        36          1.76        -0.13         0.14   (15-84 p)   [    0.0012,    14.0974]
offset_0        37          -0.5         -1.9          1.5   (15-84 p)   [-10003.8285, 10004.7191]

----- dataset: FIESTAdata_harpsn_mode2   ----- model: gp_multidimensional           
rot_amp         38          -2.1         -3.7          3.7   (15-84 p)   [  -10.0000,    10.0000]
con_amp         39           4.7         -1.8          1.9   (15-84 p)   [  -20.0000,    20.0000]

----- dataset:  FIESTAdata_neid_mode1
jitter_0        40         0.716       -0.056        0.065   (15-84 p)   [    0.0016,    19.2528]
offset_0        41         -0.04        -0.37         0.24   (15-84 p)   [-10002.1932, 10001.8029]

----- dataset: FIESTAdata_neid_mode1     ----- model: gp_multidimensional           
rot_amp         42           3.4         -1.7          1.7   (15-84 p)   [  -10.0000,    10.0000]
con_amp         43          0.73        -0.69         0.74   (15-84 p)   [  -20.0000,    20.0000]

----- dataset:  FIESTAdata_neid_mode2
jitter_0        44         1.125       -0.084        0.097   (15-84 p)   [    0.0020,    23.2183]
offset_0        45         -0.06        -0.37         0.34   (15-84 p)   [-10002.9015, 10003.2537]

----- dataset: FIESTAdata_neid_mode2     ----- model: gp_multidimensional           
rot_amp         46          -6.7         -2.1          2.3   (15-84 p)   [  -10.0000,    10.0000]
con_amp         47           0.3         -1.1          1.2   (15-84 p)   [  -20.0000,    20.0000]

----- common model:  activity
Prot             0         28.26        -0.50         0.47   (15-84 p)   [   20.0000,    35.0000]
Pdec             1            95          -17           17   (15-84 p)   [   30.0000,  1000.0000]
Oamp             2         -1.30        -0.13         0.11   (15-84 p)   [   -6.6439,     0.0000]

----- common model:  star_parameters

====================================================================================================
     Statistics on the model parameters obtained from the posteriors samples     
====================================================================================================

----- dataset:  RVdata_expres
jitter_0                 1.369       -0.100         0.12    (15-84 p)
offset_0                  11.1         -6.3          6.2    (15-84 p)


----- dataset: RVdata_expres             ----- model: gp_multidimensional           
rot_amp                    5.6         -3.1          2.7    (15-84 p)
con_amp                  -17.3         -1.8          2.6    (15-84 p)

----- dataset:  RVdata_harps
jitter_0                 1.001       -0.075        0.082    (15-84 p)
offset_0                  11.6         -6.2          6.2    (15-84 p)
offset_1                  12.1         -6.2          6.2    (15-84 p)


----- dataset: RVdata_harps              ----- model: gp_multidimensional           
rot_amp                    6.7         -2.8          2.2    (15-84 p)
con_amp                  -17.0         -1.8          2.5    (15-84 p)

----- dataset:  RVdata_neid
jitter_0                 0.961       -0.077        0.088    (15-84 p)
offset_0                  11.8         -5.9          5.9    (15-84 p)


----- dataset: RVdata_neid               ----- model: gp_multidimensional           
rot_amp                   1.28        -0.94          1.7    (15-84 p)
con_amp                  -16.0         -1.9          2.3    (15-84 p)

----- dataset:  FIESTAdata_expres_mode1
jitter_0                 0.836       -0.058        0.064    (15-84 p)
offset_0                  0.03        -0.22         0.28    (15-84 p)


----- dataset: FIESTAdata_expres_mode1   ----- model: gp_multidimensional           
rot_amp                   -1.8         -1.8          1.7    (15-84 p)
con_amp                  -0.26        -0.80         0.77    (15-84 p)

----- dataset:  FIESTAdata_expres_mode2
jitter_0                 1.206       -0.082        0.094    (15-84 p)
offset_0                 -0.19        -0.90         0.64    (15-84 p)


----- dataset: FIESTAdata_expres_mode2   ----- model: gp_multidimensional           
rot_amp                    0.8         -2.6          2.5    (15-84 p)
con_amp                    2.1         -1.2          1.2    (15-84 p)

----- dataset:  FIESTAdata_harps_mode1
jitter_0                  0.99        -0.13         0.17    (15-84 p)
offset_0                  0.05        -0.69         0.51    (15-84 p)


----- dataset: FIESTAdata_harps_mode1    ----- model: gp_multidimensional           
rot_amp                    4.1         -3.5          3.2    (15-84 p)
con_amp                    0.8         -1.8          1.8    (15-84 p)

----- dataset:  FIESTAdata_harps_mode2
jitter_0                  1.18        -0.16         0.21    (15-84 p)
offset_0                   0.3         -1.3          1.8    (15-84 p)


----- dataset: FIESTAdata_harps_mode2    ----- model: gp_multidimensional           
rot_amp                   -2.3         -3.9          4.2    (15-84 p)
con_amp                   -4.1         -2.3          2.2    (15-84 p)

----- dataset:  FIESTAdata_harpsn_mode1
jitter_0                  1.35        -0.10         0.11    (15-84 p)
offset_0                   0.3         -1.2          1.4    (15-84 p)


----- dataset: FIESTAdata_harpsn_mode1   ----- model: gp_multidimensional           
rot_amp                    3.3         -2.9          2.9    (15-84 p)
con_amp                   -3.4         -1.4          1.3    (15-84 p)

----- dataset:  FIESTAdata_harpsn_mode2
jitter_0                  1.76        -0.13         0.14    (15-84 p)
offset_0                  -0.5         -1.9          1.5    (15-84 p)


----- dataset: FIESTAdata_harpsn_mode2   ----- model: gp_multidimensional           
rot_amp                   -2.1         -3.7          3.7    (15-84 p)
con_amp                    4.7         -1.8          1.9    (15-84 p)

----- dataset:  FIESTAdata_neid_mode1
jitter_0                 0.716       -0.056        0.065    (15-84 p)
offset_0                 -0.04        -0.37         0.24    (15-84 p)


----- dataset: FIESTAdata_neid_mode1     ----- model: gp_multidimensional           
rot_amp                    3.4         -1.7          1.7    (15-84 p)
con_amp                   0.73        -0.69         0.74    (15-84 p)

----- dataset:  FIESTAdata_neid_mode2
jitter_0                 1.125       -0.084        0.097    (15-84 p)
offset_0                 -0.06        -0.37         0.34    (15-84 p)


----- dataset: FIESTAdata_neid_mode2     ----- model: gp_multidimensional           
rot_amp                   -6.7         -2.1          2.3    (15-84 p)
con_amp                    0.3         -1.1          1.2    (15-84 p)

----- common model:  activity
Prot                     28.26        -0.50         0.47    (15-84 p)
Pdec                        95          -17           17    (15-84 p)
Oamp                     0.406       -0.035        0.033    (15-84 p)

----- common model:  star_parameters

====================================================================================================
     Statistics on the derived parameters obtained from the posteriors samples     
====================================================================================================


====================================================================================================
     ------------------------------------------------------------------------------------------     
====================================================================================================



35000.0   steps completed, average lnprob:,  -1754.325889631475


Computing the autocorrelation time of the chains

***** WARNING ******
The integrated autocorrelation time cannot be reliably estimated
likely the chains are too short, and ACF analysis is not fully reliable
emcee.autocorr.integrated_time tolerance lowered to 20
If you still get a warning, you should drop these results entirely
Chains too short to apply convergence criteria
They should be at least 33500*nthin = 335000

====================================================================================================
     Statistics on the posterior of the sampler parameters     
====================================================================================================

----- dataset:  RVdata_expres
jitter_0         3          1.37        -0.10         0.12   (15-84 p)   [    0.0010,    14.4000]
offset_0         4          12.1         -6.9          6.7   (15-84 p)   [-9996.1930, 10013.7390]

----- dataset: RVdata_expres             ----- model: gp_multidimensional           
rot_amp          5           5.7         -3.0          2.6   (15-84 p)   [    0.0000,    10.0000]
con_amp          6         -17.4         -1.8          2.6   (15-84 p)   [  -20.0000,    20.0000]

----- dataset:  RVdata_harps
jitter_0         7         1.000       -0.075        0.082   (15-84 p)   [    0.0009,    12.4000]
offset_0         8          12.5         -6.8          6.6   (15-84 p)   [-9994.9455, 10014.6615]
offset_1         9          13.0         -6.8          6.6   (15-84 p)   [-9994.9455, 10014.6615]

----- dataset: RVdata_harps              ----- model: gp_multidimensional           
rot_amp         10           6.7         -2.7          2.2   (15-84 p)   [    0.0000,    10.0000]
con_amp         11         -17.0         -1.8          2.4   (15-84 p)   [  -20.0000,    20.0000]

----- dataset:  RVdata_neid
jitter_0        12         0.961       -0.077        0.090   (15-84 p)   [    0.0010,    12.3000]
offset_0        13          12.7         -6.4          6.2   (15-84 p)   [-9994.3136, 10014.8014]

----- dataset: RVdata_neid               ----- model: gp_multidimensional           
rot_amp         14          1.34        -0.98          1.8   (15-84 p)   [    0.0000,    10.0000]
con_amp         15         -16.0         -1.9          2.3   (15-84 p)   [  -20.0000,    20.0000]

----- dataset:  FIESTAdata_expres_mode1
jitter_0        16         0.837       -0.058        0.064   (15-84 p)   [    0.0017,    23.1624]
offset_0        17          0.03        -0.25         0.30   (15-84 p)   [-10002.1847, 10001.9137]

----- dataset: FIESTAdata_expres_mode1   ----- model: gp_multidimensional           
rot_amp         18          -1.8         -1.8          1.7   (15-84 p)   [  -10.0000,    10.0000]
con_amp         19         -0.23        -0.83         0.80   (15-84 p)   [  -20.0000,    20.0000]

----- dataset:  FIESTAdata_expres_mode2
jitter_0        20         1.206       -0.081        0.090   (15-84 p)   [    0.0019,    26.5895]
offset_0        21         -0.27        -0.96         0.65   (15-84 p)   [-10003.0918, 10003.3536]

----- dataset: FIESTAdata_expres_mode2   ----- model: gp_multidimensional           
rot_amp         22           0.6         -2.7          2.7   (15-84 p)   [  -10.0000,    10.0000]
con_amp         23           2.0         -1.1          1.2   (15-84 p)   [  -20.0000,    20.0000]

----- dataset:  FIESTAdata_harps_mode1
jitter_0        24          0.99        -0.13         0.17   (15-84 p)   [    0.0013,    14.0975]
offset_0        25          0.01        -0.78         0.56   (15-84 p)   [-10001.5162, 10001.7187]

----- dataset: FIESTAdata_harps_mode1    ----- model: gp_multidimensional           
rot_amp         26           4.2         -3.5          3.2   (15-84 p)   [  -10.0000,    10.0000]
con_amp         27           0.8         -1.7          1.8   (15-84 p)   [  -20.0000,    20.0000]

----- dataset:  FIESTAdata_harps_mode2
jitter_0        28          1.18        -0.16         0.20   (15-84 p)   [    0.0016,    16.6619]
offset_0        29           0.5         -1.3          2.1   (15-84 p)   [-10002.0632, 10001.8156]

----- dataset: FIESTAdata_harps_mode2    ----- model: gp_multidimensional           
rot_amp         30          -2.4         -3.9          4.2   (15-84 p)   [  -10.0000,    10.0000]
con_amp         31          -4.0         -2.3          2.1   (15-84 p)   [  -20.0000,    20.0000]

----- dataset:  FIESTAdata_harpsn_mode1
jitter_0        32          1.35        -0.10         0.11   (15-84 p)   [    0.0010,    12.1573]
offset_0        33           0.5         -1.2          1.5   (15-84 p)   [-10003.6215, 10002.5502]

----- dataset: FIESTAdata_harpsn_mode1   ----- model: gp_multidimensional           
rot_amp         34           3.3         -2.9          2.9   (15-84 p)   [  -10.0000,    10.0000]
con_amp         35          -3.4         -1.5          1.4   (15-84 p)   [  -20.0000,    20.0000]

----- dataset:  FIESTAdata_harpsn_mode2
jitter_0        36          1.76        -0.13         0.14   (15-84 p)   [    0.0012,    14.0974]
offset_0        37          -0.7         -2.1          1.7   (15-84 p)   [-10003.8285, 10004.7191]

----- dataset: FIESTAdata_harpsn_mode2   ----- model: gp_multidimensional           
rot_amp         38          -2.3         -3.6          3.7   (15-84 p)   [  -10.0000,    10.0000]
con_amp         39           4.6         -1.8          1.9   (15-84 p)   [  -20.0000,    20.0000]

----- dataset:  FIESTAdata_neid_mode1
jitter_0        40         0.718       -0.057        0.063   (15-84 p)   [    0.0016,    19.2528]
offset_0        41         -0.05        -0.42         0.26   (15-84 p)   [-10002.1932, 10001.8029]

----- dataset: FIESTAdata_neid_mode1     ----- model: gp_multidimensional           
rot_amp         42           3.4         -1.7          1.8   (15-84 p)   [  -10.0000,    10.0000]
con_amp         43          0.72        -0.70         0.74   (15-84 p)   [  -20.0000,    20.0000]

----- dataset:  FIESTAdata_neid_mode2
jitter_0        44         1.126       -0.082        0.094   (15-84 p)   [    0.0020,    23.2183]
offset_0        45         -0.07        -0.43         0.35   (15-84 p)   [-10002.9015, 10003.2537]

----- dataset: FIESTAdata_neid_mode2     ----- model: gp_multidimensional           
rot_amp         46          -6.7         -2.1          2.4   (15-84 p)   [  -10.0000,    10.0000]
con_amp         47           0.3         -1.1          1.1   (15-84 p)   [  -20.0000,    20.0000]

----- common model:  activity
Prot             0         28.27        -0.49         0.46   (15-84 p)   [   20.0000,    35.0000]
Pdec             1            95          -17           17   (15-84 p)   [   30.0000,  1000.0000]
Oamp             2         -1.30        -0.13         0.12   (15-84 p)   [   -6.6439,     0.0000]

----- common model:  star_parameters

====================================================================================================
     Statistics on the model parameters obtained from the posteriors samples     
====================================================================================================

----- dataset:  RVdata_expres
jitter_0                  1.37        -0.10         0.12    (15-84 p)
offset_0                  12.1         -6.9          6.7    (15-84 p)


----- dataset: RVdata_expres             ----- model: gp_multidimensional           
rot_amp                    5.7         -3.0          2.6    (15-84 p)
con_amp                  -17.4         -1.8          2.6    (15-84 p)

----- dataset:  RVdata_harps
jitter_0                 1.000       -0.075        0.082    (15-84 p)
offset_0                  12.5         -6.8          6.6    (15-84 p)
offset_1                  13.0         -6.8          6.6    (15-84 p)


----- dataset: RVdata_harps              ----- model: gp_multidimensional           
rot_amp                    6.7         -2.7          2.2    (15-84 p)
con_amp                  -17.0         -1.8          2.4    (15-84 p)

----- dataset:  RVdata_neid
jitter_0                 0.961       -0.077        0.090    (15-84 p)
offset_0                  12.7         -6.4          6.2    (15-84 p)


----- dataset: RVdata_neid               ----- model: gp_multidimensional           
rot_amp                   1.34        -0.98          1.8    (15-84 p)
con_amp                  -16.0         -1.9          2.3    (15-84 p)

----- dataset:  FIESTAdata_expres_mode1
jitter_0                 0.837       -0.058        0.064    (15-84 p)
offset_0                  0.03        -0.25         0.30    (15-84 p)


----- dataset: FIESTAdata_expres_mode1   ----- model: gp_multidimensional           
rot_amp                   -1.8         -1.8          1.7    (15-84 p)
con_amp                  -0.23        -0.83         0.80    (15-84 p)

----- dataset:  FIESTAdata_expres_mode2
jitter_0                 1.206       -0.081        0.090    (15-84 p)
offset_0                 -0.27        -0.96         0.65    (15-84 p)


----- dataset: FIESTAdata_expres_mode2   ----- model: gp_multidimensional           
rot_amp                    0.6         -2.7          2.7    (15-84 p)
con_amp                    2.0         -1.1          1.2    (15-84 p)

----- dataset:  FIESTAdata_harps_mode1
jitter_0                  0.99        -0.13         0.17    (15-84 p)
offset_0                  0.01        -0.78         0.56    (15-84 p)


----- dataset: FIESTAdata_harps_mode1    ----- model: gp_multidimensional           
rot_amp                    4.2         -3.5          3.2    (15-84 p)
con_amp                    0.8         -1.7          1.8    (15-84 p)

----- dataset:  FIESTAdata_harps_mode2
jitter_0                  1.18        -0.16         0.20    (15-84 p)
offset_0                   0.5         -1.3          2.1    (15-84 p)


----- dataset: FIESTAdata_harps_mode2    ----- model: gp_multidimensional           
rot_amp                   -2.4         -3.9          4.2    (15-84 p)
con_amp                   -4.0         -2.3          2.1    (15-84 p)

----- dataset:  FIESTAdata_harpsn_mode1
jitter_0                  1.35        -0.10         0.11    (15-84 p)
offset_0                   0.5         -1.2          1.5    (15-84 p)


----- dataset: FIESTAdata_harpsn_mode1   ----- model: gp_multidimensional           
rot_amp                    3.3         -2.9          2.9    (15-84 p)
con_amp                   -3.4         -1.5          1.4    (15-84 p)

----- dataset:  FIESTAdata_harpsn_mode2
jitter_0                  1.76        -0.13         0.14    (15-84 p)
offset_0                  -0.7         -2.1          1.7    (15-84 p)


----- dataset: FIESTAdata_harpsn_mode2   ----- model: gp_multidimensional           
rot_amp                   -2.3         -3.6          3.7    (15-84 p)
con_amp                    4.6         -1.8          1.9    (15-84 p)

----- dataset:  FIESTAdata_neid_mode1
jitter_0                 0.718       -0.057        0.063    (15-84 p)
offset_0                 -0.05        -0.42         0.26    (15-84 p)


----- dataset: FIESTAdata_neid_mode1     ----- model: gp_multidimensional           
rot_amp                    3.4         -1.7          1.8    (15-84 p)
con_amp                   0.72        -0.70         0.74    (15-84 p)

----- dataset:  FIESTAdata_neid_mode2
jitter_0                 1.126       -0.082        0.094    (15-84 p)
offset_0                 -0.07        -0.43         0.35    (15-84 p)


----- dataset: FIESTAdata_neid_mode2     ----- model: gp_multidimensional           
rot_amp                   -6.7         -2.1          2.4    (15-84 p)
con_amp                    0.3         -1.1          1.1    (15-84 p)

----- common model:  activity
Prot                     28.27        -0.49         0.46    (15-84 p)
Pdec                        95          -17           17    (15-84 p)
Oamp                     0.405       -0.034        0.034    (15-84 p)

----- common model:  star_parameters

====================================================================================================
     Statistics on the derived parameters obtained from the posteriors samples     
====================================================================================================


====================================================================================================
     ------------------------------------------------------------------------------------------     
====================================================================================================



70000.0   steps completed, average lnprob:,  -1754.57159027245


emcee completed


:::---::: PyORBIT v11.0.1 :::---:::

Python version in use:
3.10.18 (main, Jun  5 2025, 13:14:17) [GCC 11.2.0]
LaTeX disabled by default

gp_multidimensional  S+LEAF model, number of harmonics: 4

GP model: gp_multidimensional  hyperparameters_condition:    True
GP model: gp_multidimensional  rotation_decay_condition:     True

### PyORBIT version used in the analysis:  11.0.1

 emcee version:  3.1.6

 Reference Time Tref: 59334.700184

 Data points:959
 Dimensions: 48
 Nwalkers:   192
 Steps:      70000


Number of samplings: 1056000

Recomputing ln-prior, it may take a while...

ln-probability   distribution:  -1754.23       -5.27      4.68 (15-84 p) 
ln-prior         distribution:   -227.70       -2.08      1.28 (15-84 p) 
ln-likelihood    distribution:  -1526.17       -5.40      4.88 (15-84 p) 


*** Information criteria using the likelihood distribution

 BIC from distribution  (using likelihood)  =   3381.90     -9.77   10.79 (15-84 p)
 AIC from distribution  (using likelihood)  =   3148.34     -9.77   10.79 (15-84 p)
 AICc from distribution (using likelihood)  =   3153.51     -9.77   10.79 (15-84 p)


*** Information criteria using the median parameter set

 ln_probability of Median solution =  -1734.32
 ln_priors of Median solution      =   -227.19
 ln_likelihood of Median solution  =  -1507.13

 Median BIC  (using likelihood) =   3343.82
 Median AIC  (using likelihood) =   3110.26
 Median AICc (using likelihood) =   3115.43


*** Information criteria using the MAP parameter set

 ln_probability of MAP solution =  -1735.02
 ln_priors of MAP solution      =   -226.08
 ln_likelihood of MAP solution  =  -1508.94

 MAP BIC  (using likelihood)    =   3347.44
 MAP AIC  (using likelihood)    =   3113.88
 MAP AICc (using likelihood)    =   3119.05

 AICc suggested over AIC because NDATA ( 959 ) < 40 * NDIM ( 48 )

****************************************************************************************************


Computing the autocorrelation time of the chains

***** WARNING ******
The integrated autocorrelation time cannot be reliably estimated
likely the chains are too short, and ACF analysis is not fully reliable
emcee.autocorr.integrated_time tolerance lowered to 20
If you still get a warning, you should drop these results entirely
Chains too short to apply convergence criteria
They should be at least 33500*nthin = 335000

 ACF computation failed, no plot will be generated 


====================================================================================================
     Ids, spaces (s), boundaries (b) and priors (p) of the sampler parameters     
====================================================================================================

----- dataset:  RVdata_expres
jitter_0      id:   3  s:Linear      b:[      0.0010,      14.4000]   p:Uniform   []
offset_0      id:   4  s:Linear      b:[  -9996.1930,   10013.7390]   p:Uniform   []

----- dataset: RVdata_expres             ----- model: gp_multidimensional           
rot_amp       id:   5  s:Linear      b:[      0.0000,      10.0000]   p:Uniform   []
con_amp       id:   6  s:Linear      b:[    -20.0000,      20.0000]   p:Uniform   []

----- dataset:  RVdata_harps
jitter_0      id:   7  s:Linear      b:[      0.0009,      12.4000]   p:Uniform   []
offset_0      id:   8  s:Linear      b:[  -9994.9455,   10014.6615]   p:Uniform   []
offset_1      id:   9  s:Linear      b:[  -9994.9455,   10014.6615]   p:Uniform   []

----- dataset: RVdata_harps              ----- model: gp_multidimensional           
rot_amp       id:  10  s:Linear      b:[      0.0000,      10.0000]   p:Uniform   []
con_amp       id:  11  s:Linear      b:[    -20.0000,      20.0000]   p:Uniform   []

----- dataset:  RVdata_neid
jitter_0      id:  12  s:Linear      b:[      0.0010,      12.3000]   p:Uniform   []
offset_0      id:  13  s:Linear      b:[  -9994.3136,   10014.8014]   p:Uniform   []

----- dataset: RVdata_neid               ----- model: gp_multidimensional           
rot_amp       id:  14  s:Linear      b:[      0.0000,      10.0000]   p:Uniform   []
con_amp       id:  15  s:Linear      b:[    -20.0000,      20.0000]   p:Uniform   []

----- dataset:  FIESTAdata_expres_mode1
jitter_0      id:  16  s:Linear      b:[      0.0017,      23.1624]   p:Uniform   []
offset_0      id:  17  s:Linear      b:[ -10002.1847,   10001.9137]   p:Uniform   []

----- dataset: FIESTAdata_expres_mode1   ----- model: gp_multidimensional           
rot_amp       id:  18  s:Linear      b:[    -10.0000,      10.0000]   p:Uniform   []
con_amp       id:  19  s:Linear      b:[    -20.0000,      20.0000]   p:Uniform   []

----- dataset:  FIESTAdata_expres_mode2
jitter_0      id:  20  s:Linear      b:[      0.0019,      26.5895]   p:Uniform   []
offset_0      id:  21  s:Linear      b:[ -10003.0918,   10003.3536]   p:Uniform   []

----- dataset: FIESTAdata_expres_mode2   ----- model: gp_multidimensional           
rot_amp       id:  22  s:Linear      b:[    -10.0000,      10.0000]   p:Uniform   []
con_amp       id:  23  s:Linear      b:[    -20.0000,      20.0000]   p:Uniform   []

----- dataset:  FIESTAdata_harps_mode1
jitter_0      id:  24  s:Linear      b:[      0.0013,      14.0975]   p:Uniform   []
offset_0      id:  25  s:Linear      b:[ -10001.5162,   10001.7187]   p:Uniform   []

----- dataset: FIESTAdata_harps_mode1    ----- model: gp_multidimensional           
rot_amp       id:  26  s:Linear      b:[    -10.0000,      10.0000]   p:Uniform   []
con_amp       id:  27  s:Linear      b:[    -20.0000,      20.0000]   p:Uniform   []

----- dataset:  FIESTAdata_harps_mode2
jitter_0      id:  28  s:Linear      b:[      0.0016,      16.6619]   p:Uniform   []
offset_0      id:  29  s:Linear      b:[ -10002.0632,   10001.8156]   p:Uniform   []

----- dataset: FIESTAdata_harps_mode2    ----- model: gp_multidimensional           
rot_amp       id:  30  s:Linear      b:[    -10.0000,      10.0000]   p:Uniform   []
con_amp       id:  31  s:Linear      b:[    -20.0000,      20.0000]   p:Uniform   []

----- dataset:  FIESTAdata_harpsn_mode1
jitter_0      id:  32  s:Linear      b:[      0.0010,      12.1573]   p:Uniform   []
offset_0      id:  33  s:Linear      b:[ -10003.6215,   10002.5502]   p:Uniform   []

----- dataset: FIESTAdata_harpsn_mode1   ----- model: gp_multidimensional           
rot_amp       id:  34  s:Linear      b:[    -10.0000,      10.0000]   p:Uniform   []
con_amp       id:  35  s:Linear      b:[    -20.0000,      20.0000]   p:Uniform   []

----- dataset:  FIESTAdata_harpsn_mode2
jitter_0      id:  36  s:Linear      b:[      0.0012,      14.0974]   p:Uniform   []
offset_0      id:  37  s:Linear      b:[ -10003.8285,   10004.7191]   p:Uniform   []

----- dataset: FIESTAdata_harpsn_mode2   ----- model: gp_multidimensional           
rot_amp       id:  38  s:Linear      b:[    -10.0000,      10.0000]   p:Uniform   []
con_amp       id:  39  s:Linear      b:[    -20.0000,      20.0000]   p:Uniform   []

----- dataset:  FIESTAdata_neid_mode1
jitter_0      id:  40  s:Linear      b:[      0.0016,      19.2528]   p:Uniform   []
offset_0      id:  41  s:Linear      b:[ -10002.1932,   10001.8029]   p:Uniform   []

----- dataset: FIESTAdata_neid_mode1     ----- model: gp_multidimensional           
rot_amp       id:  42  s:Linear      b:[    -10.0000,      10.0000]   p:Uniform   []
con_amp       id:  43  s:Linear      b:[    -20.0000,      20.0000]   p:Uniform   []

----- dataset:  FIESTAdata_neid_mode2
jitter_0      id:  44  s:Linear      b:[      0.0020,      23.2183]   p:Uniform   []
offset_0      id:  45  s:Linear      b:[ -10002.9015,   10003.2537]   p:Uniform   []

----- dataset: FIESTAdata_neid_mode2     ----- model: gp_multidimensional           
rot_amp       id:  46  s:Linear      b:[    -10.0000,      10.0000]   p:Uniform   []
con_amp       id:  47  s:Linear      b:[    -20.0000,      20.0000]   p:Uniform   []

----- common model:  activity
Prot          id:   0  s:Linear      b:[     20.0000,      35.0000]   p:Gaussian   [28.   0.5]
Pdec          id:   1  s:Linear      b:[     30.0000,    1000.0000]   p:Uniform   []
Oamp          id:   2  s:Log_Base2   b:[     -6.6439,       0.0000]   p:Gaussian   [0.35  0.035]

----- common model:  star_parameters
mass          derived (no id, space, bound)                           p:Gaussian   [1.e+00 1.e-06]
radius        derived (no id, space, bound)                           p:Gaussian   [1.e+00 1.e-06]
density       derived (no id, space, bound)                           p:Gaussian   [1.e+00 1.e-06]


****************************************************************************************************
****************************************************************************************************

 Confidence intervals (median value, 34.135th percentile from the median on the left and right side)

====================================================================================================
     Statistics on the posterior of the sampler parameters     
====================================================================================================

----- dataset:  RVdata_expres
jitter_0         3          1.37        -0.10         0.12   (15-84 p)   [    0.0010,    14.4000]
offset_0         4          12.1         -6.9          6.7   (15-84 p)   [-9996.1930, 10013.7390]

----- dataset: RVdata_expres             ----- model: gp_multidimensional           
rot_amp          5           5.7         -3.0          2.6   (15-84 p)   [    0.0000,    10.0000]
con_amp          6         -17.4         -1.8          2.6   (15-84 p)   [  -20.0000,    20.0000]

----- dataset:  RVdata_harps
jitter_0         7         1.000       -0.075        0.082   (15-84 p)   [    0.0009,    12.4000]
offset_0         8          12.5         -6.8          6.6   (15-84 p)   [-9994.9455, 10014.6615]
offset_1         9          13.0         -6.8          6.6   (15-84 p)   [-9994.9455, 10014.6615]

----- dataset: RVdata_harps              ----- model: gp_multidimensional           
rot_amp         10           6.7         -2.7          2.2   (15-84 p)   [    0.0000,    10.0000]
con_amp         11         -17.0         -1.8          2.4   (15-84 p)   [  -20.0000,    20.0000]

----- dataset:  RVdata_neid
jitter_0        12         0.961       -0.077        0.090   (15-84 p)   [    0.0010,    12.3000]
offset_0        13          12.7         -6.4          6.2   (15-84 p)   [-9994.3136, 10014.8014]

----- dataset: RVdata_neid               ----- model: gp_multidimensional           
rot_amp         14          1.34        -0.98          1.8   (15-84 p)   [    0.0000,    10.0000]
con_amp         15         -16.0         -1.9          2.3   (15-84 p)   [  -20.0000,    20.0000]

----- dataset:  FIESTAdata_expres_mode1
jitter_0        16         0.837       -0.058        0.064   (15-84 p)   [    0.0017,    23.1624]
offset_0        17          0.03        -0.25         0.30   (15-84 p)   [-10002.1847, 10001.9137]

----- dataset: FIESTAdata_expres_mode1   ----- model: gp_multidimensional           
rot_amp         18          -1.8         -1.8          1.7   (15-84 p)   [  -10.0000,    10.0000]
con_amp         19         -0.23        -0.83         0.80   (15-84 p)   [  -20.0000,    20.0000]

----- dataset:  FIESTAdata_expres_mode2
jitter_0        20         1.206       -0.081        0.090   (15-84 p)   [    0.0019,    26.5895]
offset_0        21         -0.27        -0.96         0.65   (15-84 p)   [-10003.0918, 10003.3536]

----- dataset: FIESTAdata_expres_mode2   ----- model: gp_multidimensional           
rot_amp         22           0.6         -2.7          2.7   (15-84 p)   [  -10.0000,    10.0000]
con_amp         23           2.0         -1.1          1.2   (15-84 p)   [  -20.0000,    20.0000]

----- dataset:  FIESTAdata_harps_mode1
jitter_0        24          0.99        -0.13         0.17   (15-84 p)   [    0.0013,    14.0975]
offset_0        25          0.01        -0.78         0.56   (15-84 p)   [-10001.5162, 10001.7187]

----- dataset: FIESTAdata_harps_mode1    ----- model: gp_multidimensional           
rot_amp         26           4.2         -3.5          3.2   (15-84 p)   [  -10.0000,    10.0000]
con_amp         27           0.8         -1.7          1.8   (15-84 p)   [  -20.0000,    20.0000]

----- dataset:  FIESTAdata_harps_mode2
jitter_0        28          1.18        -0.16         0.20   (15-84 p)   [    0.0016,    16.6619]
offset_0        29           0.5         -1.3          2.1   (15-84 p)   [-10002.0632, 10001.8156]

----- dataset: FIESTAdata_harps_mode2    ----- model: gp_multidimensional           
rot_amp         30          -2.4         -3.9          4.2   (15-84 p)   [  -10.0000,    10.0000]
con_amp         31          -4.0         -2.3          2.1   (15-84 p)   [  -20.0000,    20.0000]

----- dataset:  FIESTAdata_harpsn_mode1
jitter_0        32          1.35        -0.10         0.11   (15-84 p)   [    0.0010,    12.1573]
offset_0        33           0.5         -1.2          1.5   (15-84 p)   [-10003.6215, 10002.5502]

----- dataset: FIESTAdata_harpsn_mode1   ----- model: gp_multidimensional           
rot_amp         34           3.3         -2.9          2.9   (15-84 p)   [  -10.0000,    10.0000]
con_amp         35          -3.4         -1.5          1.4   (15-84 p)   [  -20.0000,    20.0000]

----- dataset:  FIESTAdata_harpsn_mode2
jitter_0        36          1.76        -0.13         0.14   (15-84 p)   [    0.0012,    14.0974]
offset_0        37          -0.7         -2.1          1.7   (15-84 p)   [-10003.8285, 10004.7191]

----- dataset: FIESTAdata_harpsn_mode2   ----- model: gp_multidimensional           
rot_amp         38          -2.3         -3.6          3.7   (15-84 p)   [  -10.0000,    10.0000]
con_amp         39           4.6         -1.8          1.9   (15-84 p)   [  -20.0000,    20.0000]

----- dataset:  FIESTAdata_neid_mode1
jitter_0        40         0.718       -0.057        0.063   (15-84 p)   [    0.0016,    19.2528]
offset_0        41         -0.05        -0.42         0.26   (15-84 p)   [-10002.1932, 10001.8029]

----- dataset: FIESTAdata_neid_mode1     ----- model: gp_multidimensional           
rot_amp         42           3.4         -1.7          1.8   (15-84 p)   [  -10.0000,    10.0000]
con_amp         43          0.72        -0.70         0.74   (15-84 p)   [  -20.0000,    20.0000]

----- dataset:  FIESTAdata_neid_mode2
jitter_0        44         1.126       -0.082        0.094   (15-84 p)   [    0.0020,    23.2183]
offset_0        45         -0.07        -0.43         0.35   (15-84 p)   [-10002.9015, 10003.2537]

----- dataset: FIESTAdata_neid_mode2     ----- model: gp_multidimensional           
rot_amp         46          -6.7         -2.1          2.4   (15-84 p)   [  -10.0000,    10.0000]
con_amp         47           0.3         -1.1          1.1   (15-84 p)   [  -20.0000,    20.0000]

----- common model:  activity
Prot             0         28.27        -0.49         0.46   (15-84 p)   [   20.0000,    35.0000]
Pdec             1            95          -17           17   (15-84 p)   [   30.0000,  1000.0000]
Oamp             2         -1.30        -0.13         0.12   (15-84 p)   [   -6.6439,     0.0000]

----- common model:  star_parameters

====================================================================================================
     Statistics on the model parameters obtained from the posteriors samples     
====================================================================================================

----- dataset:  RVdata_expres
jitter_0                  1.37        -0.10         0.12    (15-84 p)
offset_0                  12.1         -6.9          6.7    (15-84 p)


----- dataset: RVdata_expres             ----- model: gp_multidimensional           
rot_amp                    5.7         -3.0          2.6    (15-84 p)
con_amp                  -17.4         -1.8          2.6    (15-84 p)

----- dataset:  RVdata_harps
jitter_0                 1.000       -0.075        0.082    (15-84 p)
offset_0                  12.5         -6.8          6.6    (15-84 p)
offset_1                  13.0         -6.8          6.6    (15-84 p)


----- dataset: RVdata_harps              ----- model: gp_multidimensional           
rot_amp                    6.7         -2.7          2.2    (15-84 p)
con_amp                  -17.0         -1.8          2.4    (15-84 p)

----- dataset:  RVdata_neid
jitter_0                 0.961       -0.077        0.090    (15-84 p)
offset_0                  12.7         -6.4          6.2    (15-84 p)


----- dataset: RVdata_neid               ----- model: gp_multidimensional           
rot_amp                   1.34        -0.98          1.8    (15-84 p)
con_amp                  -16.0         -1.9          2.3    (15-84 p)

----- dataset:  FIESTAdata_expres_mode1
jitter_0                 0.837       -0.058        0.064    (15-84 p)
offset_0                  0.03        -0.25         0.30    (15-84 p)


----- dataset: FIESTAdata_expres_mode1   ----- model: gp_multidimensional           
rot_amp                   -1.8         -1.8          1.7    (15-84 p)
con_amp                  -0.23        -0.83         0.80    (15-84 p)

----- dataset:  FIESTAdata_expres_mode2
jitter_0                 1.206       -0.081        0.090    (15-84 p)
offset_0                 -0.27        -0.96         0.65    (15-84 p)


----- dataset: FIESTAdata_expres_mode2   ----- model: gp_multidimensional           
rot_amp                    0.6         -2.7          2.7    (15-84 p)
con_amp                    2.0         -1.1          1.2    (15-84 p)

----- dataset:  FIESTAdata_harps_mode1
jitter_0                  0.99        -0.13         0.17    (15-84 p)
offset_0                  0.01        -0.78         0.56    (15-84 p)


----- dataset: FIESTAdata_harps_mode1    ----- model: gp_multidimensional           
rot_amp                    4.2         -3.5          3.2    (15-84 p)
con_amp                    0.8         -1.7          1.8    (15-84 p)

----- dataset:  FIESTAdata_harps_mode2
jitter_0                  1.18        -0.16         0.20    (15-84 p)
offset_0                   0.5         -1.3          2.1    (15-84 p)


----- dataset: FIESTAdata_harps_mode2    ----- model: gp_multidimensional           
rot_amp                   -2.4         -3.9          4.2    (15-84 p)
con_amp                   -4.0         -2.3          2.1    (15-84 p)

----- dataset:  FIESTAdata_harpsn_mode1
jitter_0                  1.35        -0.10         0.11    (15-84 p)
offset_0                   0.5         -1.2          1.5    (15-84 p)


----- dataset: FIESTAdata_harpsn_mode1   ----- model: gp_multidimensional           
rot_amp                    3.3         -2.9          2.9    (15-84 p)
con_amp                   -3.4         -1.5          1.4    (15-84 p)

----- dataset:  FIESTAdata_harpsn_mode2
jitter_0                  1.76        -0.13         0.14    (15-84 p)
offset_0                  -0.7         -2.1          1.7    (15-84 p)


----- dataset: FIESTAdata_harpsn_mode2   ----- model: gp_multidimensional           
rot_amp                   -2.3         -3.6          3.7    (15-84 p)
con_amp                    4.6         -1.8          1.9    (15-84 p)

----- dataset:  FIESTAdata_neid_mode1
jitter_0                 0.718       -0.057        0.063    (15-84 p)
offset_0                 -0.05        -0.42         0.26    (15-84 p)


----- dataset: FIESTAdata_neid_mode1     ----- model: gp_multidimensional           
rot_amp                    3.4         -1.7          1.8    (15-84 p)
con_amp                   0.72        -0.70         0.74    (15-84 p)

----- dataset:  FIESTAdata_neid_mode2
jitter_0                 1.126       -0.082        0.094    (15-84 p)
offset_0                 -0.07        -0.43         0.35    (15-84 p)


----- dataset: FIESTAdata_neid_mode2     ----- model: gp_multidimensional           
rot_amp                   -6.7         -2.1          2.4    (15-84 p)
con_amp                    0.3         -1.1          1.1    (15-84 p)

----- common model:  activity
Prot                     28.27        -0.49         0.46    (15-84 p)
Pdec                        95          -17           17    (15-84 p)
Oamp                     0.405       -0.034        0.034    (15-84 p)

----- common model:  star_parameters

====================================================================================================
     Statistics on the derived parameters obtained from the posteriors samples     
====================================================================================================


====================================================================================================
     ------------------------------------------------------------------------------------------     
====================================================================================================



****************************************************************************************************

 Parameters corresponding to the Maximum a Posteriori probability ( -1735.0233271403342 )

====================================================================================================
     Statistics on the posterior of the sampler parameters     
====================================================================================================

----- dataset:  RVdata_expres
jitter_0         3      1.319443 [    0.0010,    14.4000]
offset_0         4     10.201928 [-9996.1930, 10013.7390]

----- dataset: RVdata_expres             ----- model: gp_multidimensional           
rot_amp          5      3.528987 [    0.0000,    10.0000]
con_amp          6     -8.251687 [  -20.0000,    20.0000]

----- dataset:  RVdata_harps
jitter_0         7      1.092361 [    0.0009,    12.4000]
offset_0         8     10.552331 [-9994.9455, 10014.6615]
offset_1         9     10.969696 [-9994.9455, 10014.6615]

----- dataset: RVdata_harps              ----- model: gp_multidimensional           
rot_amp         10      5.250090 [    0.0000,    10.0000]
con_amp         11     -7.395159 [  -20.0000,    20.0000]

----- dataset:  RVdata_neid
jitter_0        12      0.948380 [    0.0010,    12.3000]
offset_0        13     10.789682 [-9994.3136, 10014.8014]

----- dataset: RVdata_neid               ----- model: gp_multidimensional           
rot_amp         14      1.068966 [    0.0000,    10.0000]
con_amp         15     -7.265681 [  -20.0000,    20.0000]

----- dataset:  FIESTAdata_expres_mode1
jitter_0        16      0.887087 [    0.0017,    23.1624]
offset_0        17      0.048230 [-10002.1847, 10001.9137]

----- dataset: FIESTAdata_expres_mode1   ----- model: gp_multidimensional           
rot_amp         18     -0.394208 [  -10.0000,    10.0000]
con_amp         19     -0.159248 [  -20.0000,    20.0000]

----- dataset:  FIESTAdata_expres_mode2
jitter_0        20      1.200060 [    0.0019,    26.5895]
offset_0        21     -0.069705 [-10003.0918, 10003.3536]

----- dataset: FIESTAdata_expres_mode2   ----- model: gp_multidimensional           
rot_amp         22      0.808498 [  -10.0000,    10.0000]
con_amp         23      1.056074 [  -20.0000,    20.0000]

----- dataset:  FIESTAdata_harps_mode1
jitter_0        24      1.130335 [    0.0013,    14.0975]
offset_0        25      0.012893 [-10001.5162, 10001.7187]

----- dataset: FIESTAdata_harps_mode1    ----- model: gp_multidimensional           
rot_amp         26      3.021302 [  -10.0000,    10.0000]
con_amp         27      0.382191 [  -20.0000,    20.0000]

----- dataset:  FIESTAdata_harps_mode2
jitter_0        28      1.581136 [    0.0016,    16.6619]
offset_0        29      0.520836 [-10002.0632, 10001.8156]

----- dataset: FIESTAdata_harps_mode2    ----- model: gp_multidimensional           
rot_amp         30     -1.208450 [  -10.0000,    10.0000]
con_amp         31     -3.039536 [  -20.0000,    20.0000]

----- dataset:  FIESTAdata_harpsn_mode1
jitter_0        32      1.196010 [    0.0010,    12.1573]
offset_0        33      0.150493 [-10003.6215, 10002.5502]

----- dataset: FIESTAdata_harpsn_mode1   ----- model: gp_multidimensional           
rot_amp         34      1.776047 [  -10.0000,    10.0000]
con_amp         35     -1.333234 [  -20.0000,    20.0000]

----- dataset:  FIESTAdata_harpsn_mode2
jitter_0        36      1.700781 [    0.0012,    14.0974]
offset_0        37     -0.167349 [-10003.8285, 10004.7191]

----- dataset: FIESTAdata_harpsn_mode2   ----- model: gp_multidimensional           
rot_amp         38     -0.505229 [  -10.0000,    10.0000]
con_amp         39      2.022889 [  -20.0000,    20.0000]

----- dataset:  FIESTAdata_neid_mode1
jitter_0        40      0.710083 [    0.0016,    19.2528]
offset_0        41     -0.188416 [-10002.1932, 10001.8029]

----- dataset: FIESTAdata_neid_mode1     ----- model: gp_multidimensional           
rot_amp         42      1.150617 [  -10.0000,    10.0000]
con_amp         43      0.570359 [  -20.0000,    20.0000]

----- dataset:  FIESTAdata_neid_mode2
jitter_0        44      1.054937 [    0.0020,    23.2183]
offset_0        45     -0.147009 [-10002.9015, 10003.2537]

----- dataset: FIESTAdata_neid_mode2     ----- model: gp_multidimensional           
rot_amp         46     -2.398615 [  -10.0000,    10.0000]
con_amp         47      0.160887 [  -20.0000,    20.0000]

----- common model:  activity
Prot             0     28.383410 [   20.0000,    35.0000]
Pdec             1     50.186331 [   30.0000,  1000.0000]
Oamp             2     -1.509568 [   -6.6439,     0.0000]

----- common model:  star_parameters

====================================================================================================
     Statistics on the model parameters obtained from the posteriors samples     
====================================================================================================

----- dataset:  RVdata_expres
jitter_0              1.319443 
offset_0             10.201928 


----- dataset: RVdata_expres             ----- model: gp_multidimensional           
rot_amp               3.528987 
con_amp              -8.251687 

----- dataset:  RVdata_harps
jitter_0              1.092361 
offset_0             10.552331 
offset_1             10.969696 


----- dataset: RVdata_harps              ----- model: gp_multidimensional           
rot_amp               5.250090 
con_amp              -7.395159 

----- dataset:  RVdata_neid
jitter_0              0.948380 
offset_0             10.789682 


----- dataset: RVdata_neid               ----- model: gp_multidimensional           
rot_amp               1.068966 
con_amp              -7.265681 

----- dataset:  FIESTAdata_expres_mode1
jitter_0              0.887087 
offset_0              0.048230 


----- dataset: FIESTAdata_expres_mode1   ----- model: gp_multidimensional           
rot_amp              -0.394208 
con_amp              -0.159248 

----- dataset:  FIESTAdata_expres_mode2
jitter_0              1.200060 
offset_0             -0.069705 


----- dataset: FIESTAdata_expres_mode2   ----- model: gp_multidimensional           
rot_amp               0.808498 
con_amp               1.056074 

----- dataset:  FIESTAdata_harps_mode1
jitter_0              1.130335 
offset_0              0.012893 


----- dataset: FIESTAdata_harps_mode1    ----- model: gp_multidimensional           
rot_amp               3.021302 
con_amp               0.382191 

----- dataset:  FIESTAdata_harps_mode2
jitter_0              1.581136 
offset_0              0.520836 


----- dataset: FIESTAdata_harps_mode2    ----- model: gp_multidimensional           
rot_amp              -1.208450 
con_amp              -3.039536 

----- dataset:  FIESTAdata_harpsn_mode1
jitter_0              1.196010 
offset_0              0.150493 


----- dataset: FIESTAdata_harpsn_mode1   ----- model: gp_multidimensional           
rot_amp               1.776047 
con_amp              -1.333234 

----- dataset:  FIESTAdata_harpsn_mode2
jitter_0              1.700781 
offset_0             -0.167349 


----- dataset: FIESTAdata_harpsn_mode2   ----- model: gp_multidimensional           
rot_amp              -0.505229 
con_amp               2.022889 

----- dataset:  FIESTAdata_neid_mode1
jitter_0              0.710083 
offset_0             -0.188416 


----- dataset: FIESTAdata_neid_mode1     ----- model: gp_multidimensional           
rot_amp               1.150617 
con_amp               0.570359 

----- dataset:  FIESTAdata_neid_mode2
jitter_0              1.054937 
offset_0             -0.147009 


----- dataset: FIESTAdata_neid_mode2     ----- model: gp_multidimensional           
rot_amp              -2.398615 
con_amp               0.160887 

----- common model:  activity
Prot                 28.383410 
Pdec                 50.186331 
Oamp                  0.351216 

----- common model:  star_parameters

====================================================================================================
     Statistics on the derived parameters obtained from the posteriors samples     
====================================================================================================


====================================================================================================
     ------------------------------------------------------------------------------------------     
====================================================================================================



****************************************************************************************************

 Parameters corresponding to the sample closest to the median values ( -1743.8504169836121 )

====================================================================================================
     Statistics on the posterior of the sampler parameters     
====================================================================================================

----- dataset:  RVdata_expres
jitter_0         3      1.429280 [    0.0010,    14.4000]
offset_0         4     13.336026 [-9996.1930, 10013.7390]

----- dataset: RVdata_expres             ----- model: gp_multidimensional           
rot_amp          5      6.267810 [    0.0000,    10.0000]
con_amp          6    -17.921220 [  -20.0000,    20.0000]

----- dataset:  RVdata_harps
jitter_0         7      0.984824 [    0.0009,    12.4000]
offset_0         8     13.609717 [-9994.9455, 10014.6615]
offset_1         9     13.797028 [-9994.9455, 10014.6615]

----- dataset: RVdata_harps              ----- model: gp_multidimensional           
rot_amp         10      7.756345 [    0.0000,    10.0000]
con_amp         11    -16.882149 [  -20.0000,    20.0000]

----- dataset:  RVdata_neid
jitter_0        12      0.875931 [    0.0010,    12.3000]
offset_0        13     13.786692 [-9994.3136, 10014.8014]

----- dataset: RVdata_neid               ----- model: gp_multidimensional           
rot_amp         14      0.735717 [    0.0000,    10.0000]
con_amp         15    -15.766193 [  -20.0000,    20.0000]

----- dataset:  FIESTAdata_expres_mode1
jitter_0        16      0.861921 [    0.0017,    23.1624]
offset_0        17      0.010960 [-10002.1847, 10001.9137]

----- dataset: FIESTAdata_expres_mode1   ----- model: gp_multidimensional           
rot_amp         18     -2.156499 [  -10.0000,    10.0000]
con_amp         19      0.495392 [  -20.0000,    20.0000]

----- dataset:  FIESTAdata_expres_mode2
jitter_0        20      1.129968 [    0.0019,    26.5895]
offset_0        21     -0.412361 [-10003.0918, 10003.3536]

----- dataset: FIESTAdata_expres_mode2   ----- model: gp_multidimensional           
rot_amp         22      0.860061 [  -10.0000,    10.0000]
con_amp         23      1.305052 [  -20.0000,    20.0000]

----- dataset:  FIESTAdata_harps_mode1
jitter_0        24      1.084738 [    0.0013,    14.0975]
offset_0        25     -0.799890 [-10001.5162, 10001.7187]

----- dataset: FIESTAdata_harps_mode1    ----- model: gp_multidimensional           
rot_amp         26      5.099055 [  -10.0000,    10.0000]
con_amp         27      3.711677 [  -20.0000,    20.0000]

----- dataset:  FIESTAdata_harps_mode2
jitter_0        28      1.203824 [    0.0016,    16.6619]
offset_0        29      1.477128 [-10002.0632, 10001.8156]

----- dataset: FIESTAdata_harps_mode2    ----- model: gp_multidimensional           
rot_amp         30     -1.956678 [  -10.0000,    10.0000]
con_amp         31     -5.679560 [  -20.0000,    20.0000]

----- dataset:  FIESTAdata_harpsn_mode1
jitter_0        32      1.323230 [    0.0010,    12.1573]
offset_0        33      1.289564 [-10003.6215, 10002.5502]

----- dataset: FIESTAdata_harpsn_mode1   ----- model: gp_multidimensional           
rot_amp         34      2.376480 [  -10.0000,    10.0000]
con_amp         35     -4.861709 [  -20.0000,    20.0000]

----- dataset:  FIESTAdata_harpsn_mode2
jitter_0        36      1.642129 [    0.0012,    14.0974]
offset_0        37     -0.527142 [-10003.8285, 10004.7191]

----- dataset: FIESTAdata_harpsn_mode2   ----- model: gp_multidimensional           
rot_amp         38     -1.528471 [  -10.0000,    10.0000]
con_amp         39      1.908801 [  -20.0000,    20.0000]

----- dataset:  FIESTAdata_neid_mode1
jitter_0        40      0.710416 [    0.0016,    19.2528]
offset_0        41     -0.307680 [-10002.1932, 10001.8029]

----- dataset: FIESTAdata_neid_mode1     ----- model: gp_multidimensional           
rot_amp         42      3.189689 [  -10.0000,    10.0000]
con_amp         43      0.870248 [  -20.0000,    20.0000]

----- dataset:  FIESTAdata_neid_mode2
jitter_0        44      1.132169 [    0.0020,    23.2183]
offset_0        45     -0.194146 [-10002.9015, 10003.2537]

----- dataset: FIESTAdata_neid_mode2     ----- model: gp_multidimensional           
rot_amp         46     -6.258895 [  -10.0000,    10.0000]
con_amp         47     -0.020392 [  -20.0000,    20.0000]

----- common model:  activity
Prot             0     28.241487 [   20.0000,    35.0000]
Pdec             1     86.631422 [   30.0000,  1000.0000]
Oamp             2     -1.332281 [   -6.6439,     0.0000]

----- common model:  star_parameters

====================================================================================================
     Statistics on the model parameters obtained from the posteriors samples     
====================================================================================================

----- dataset:  RVdata_expres
jitter_0              1.429280 
offset_0             13.336026 


----- dataset: RVdata_expres             ----- model: gp_multidimensional           
rot_amp               6.267810 
con_amp             -17.921220 

----- dataset:  RVdata_harps
jitter_0              0.984824 
offset_0             13.609717 
offset_1             13.797028 


----- dataset: RVdata_harps              ----- model: gp_multidimensional           
rot_amp               7.756345 
con_amp             -16.882149 

----- dataset:  RVdata_neid
jitter_0              0.875931 
offset_0             13.786692 


----- dataset: RVdata_neid               ----- model: gp_multidimensional           
rot_amp               0.735717 
con_amp             -15.766193 

----- dataset:  FIESTAdata_expres_mode1
jitter_0              0.861921 
offset_0              0.010960 


----- dataset: FIESTAdata_expres_mode1   ----- model: gp_multidimensional           
rot_amp              -2.156499 
con_amp               0.495392 

----- dataset:  FIESTAdata_expres_mode2
jitter_0              1.129968 
offset_0             -0.412361 


----- dataset: FIESTAdata_expres_mode2   ----- model: gp_multidimensional           
rot_amp               0.860061 
con_amp               1.305052 

----- dataset:  FIESTAdata_harps_mode1
jitter_0              1.084738 
offset_0             -0.799890 


----- dataset: FIESTAdata_harps_mode1    ----- model: gp_multidimensional           
rot_amp               5.099055 
con_amp               3.711677 

----- dataset:  FIESTAdata_harps_mode2
jitter_0              1.203824 
offset_0              1.477128 


----- dataset: FIESTAdata_harps_mode2    ----- model: gp_multidimensional           
rot_amp              -1.956678 
con_amp              -5.679560 

----- dataset:  FIESTAdata_harpsn_mode1
jitter_0              1.323230 
offset_0              1.289564 


----- dataset: FIESTAdata_harpsn_mode1   ----- model: gp_multidimensional           
rot_amp               2.376480 
con_amp              -4.861709 

----- dataset:  FIESTAdata_harpsn_mode2
jitter_0              1.642129 
offset_0             -0.527142 


----- dataset: FIESTAdata_harpsn_mode2   ----- model: gp_multidimensional           
rot_amp              -1.528471 
con_amp               1.908801 

----- dataset:  FIESTAdata_neid_mode1
jitter_0              0.710416 
offset_0             -0.307680 


----- dataset: FIESTAdata_neid_mode1     ----- model: gp_multidimensional           
rot_amp               3.189689 
con_amp               0.870248 

----- dataset:  FIESTAdata_neid_mode2
jitter_0              1.132169 
offset_0             -0.194146 


----- dataset: FIESTAdata_neid_mode2     ----- model: gp_multidimensional           
rot_amp              -6.258895 
con_amp              -0.020392 

----- common model:  activity
Prot                 28.241487 
Pdec                 86.631422 
Oamp                  0.397140 

----- common model:  star_parameters

====================================================================================================
     Statistics on the derived parameters obtained from the posteriors samples     
====================================================================================================


====================================================================================================
     ------------------------------------------------------------------------------------------     
====================================================================================================



****************************************************************************************************

Note: stellar density derived from stellar mass and radius

 Plot FLAT chain 

****************************************************************************************************

 Skipping full correlation plot due to the high number of parameters
 To avoid this behaviour, set the keyword parameters:force_full_correlation_plot to True

****************************************************************************************************

 Plotting the chains... 

****************************************************************************************************

 Plotting the Gelman-Rubin traces... 

     Gelman-Rubin:     3     1.034732 RVdata_expres_jitter_0 
     Gelman-Rubin:     4     1.445350 RVdata_expres_offset_0 
     Gelman-Rubin:     5     1.034999 RVdata_expres_gp_multidimensional_rot_amp 
     Gelman-Rubin:     6     1.016748 RVdata_expres_gp_multidimensional_con_amp 
     Gelman-Rubin:     7     1.040303 RVdata_harps_jitter_0 
     Gelman-Rubin:     8     1.443819 RVdata_harps_offset_0 
     Gelman-Rubin:     9     1.441525 RVdata_harps_offset_1 
     Gelman-Rubin:    10     1.040023 RVdata_harps_gp_multidimensional_rot_amp 
     Gelman-Rubin:    11     1.015174 RVdata_harps_gp_multidimensional_con_amp 
     Gelman-Rubin:    12     1.039324 RVdata_neid_jitter_0 
     Gelman-Rubin:    13     1.443016 RVdata_neid_offset_0 
     Gelman-Rubin:    14     1.045761 RVdata_neid_gp_multidimensional_rot_amp 
     Gelman-Rubin:    15     1.017416 RVdata_neid_gp_multidimensional_con_amp 
     Gelman-Rubin:    16     1.035737 FIESTAdata_expres_mode1_jitter_0 
     Gelman-Rubin:    17     1.095400 FIESTAdata_expres_mode1_offset_0 
     Gelman-Rubin:    18     1.046295 FIESTAdata_expres_mode1_gp_multidimensional_rot_amp 
     Gelman-Rubin:    19     1.051166 FIESTAdata_expres_mode1_gp_multidimensional_con_amp 
     Gelman-Rubin:    20     1.029467 FIESTAdata_expres_mode2_jitter_0 
     Gelman-Rubin:    21     1.306575 FIESTAdata_expres_mode2_offset_0 
     Gelman-Rubin:    22     1.043506 FIESTAdata_expres_mode2_gp_multidimensional_rot_amp 
     Gelman-Rubin:    23     1.062429 FIESTAdata_expres_mode2_gp_multidimensional_con_amp 
     Gelman-Rubin:    24     1.043390 FIESTAdata_harps_mode1_jitter_0 
     Gelman-Rubin:    25     1.105875 FIESTAdata_harps_mode1_offset_0 
     Gelman-Rubin:    26     1.049428 FIESTAdata_harps_mode1_gp_multidimensional_rot_amp 
     Gelman-Rubin:    27     1.057116 FIESTAdata_harps_mode1_gp_multidimensional_con_amp 
     Gelman-Rubin:    28     1.037566 FIESTAdata_harps_mode2_jitter_0 
     Gelman-Rubin:    29     1.310949 FIESTAdata_harps_mode2_offset_0 
     Gelman-Rubin:    30     1.043667 FIESTAdata_harps_mode2_gp_multidimensional_rot_amp 
     Gelman-Rubin:    31     1.046817 FIESTAdata_harps_mode2_gp_multidimensional_con_amp 
     Gelman-Rubin:    32     1.037391 FIESTAdata_harpsn_mode1_jitter_0 
     Gelman-Rubin:    33     1.370076 FIESTAdata_harpsn_mode1_offset_0 
     Gelman-Rubin:    34     1.039668 FIESTAdata_harpsn_mode1_gp_multidimensional_rot_amp 
     Gelman-Rubin:    35     1.047994 FIESTAdata_harpsn_mode1_gp_multidimensional_con_amp 
     Gelman-Rubin:    36     1.038110 FIESTAdata_harpsn_mode2_jitter_0 
     Gelman-Rubin:    37     1.386365 FIESTAdata_harpsn_mode2_offset_0 
     Gelman-Rubin:    38     1.035290 FIESTAdata_harpsn_mode2_gp_multidimensional_rot_amp 
     Gelman-Rubin:    39     1.042750 FIESTAdata_harpsn_mode2_gp_multidimensional_con_amp 
     Gelman-Rubin:    40     1.035641 FIESTAdata_neid_mode1_jitter_0 
     Gelman-Rubin:    41     1.230524 FIESTAdata_neid_mode1_offset_0 
     Gelman-Rubin:    42     1.034069 FIESTAdata_neid_mode1_gp_multidimensional_rot_amp 
     Gelman-Rubin:    43     1.055926 FIESTAdata_neid_mode1_gp_multidimensional_con_amp 
     Gelman-Rubin:    44     1.036731 FIESTAdata_neid_mode2_jitter_0 
     Gelman-Rubin:    45     1.086639 FIESTAdata_neid_mode2_offset_0 
     Gelman-Rubin:    46     1.036057 FIESTAdata_neid_mode2_gp_multidimensional_rot_amp 
     Gelman-Rubin:    47     1.057044 FIESTAdata_neid_mode2_gp_multidimensional_con_amp 
     Gelman-Rubin:     0     1.036190 activity_Prot 
     Gelman-Rubin:     1     1.019979 activity_Pdec 
     Gelman-Rubin:     2     1.033850 activity_Oamp 

****************************************************************************************************

Plotting the common models corner plots
     Common model:  activity
     Common model:  star_parameters

****************************************************************************************************

Plotting the dataset + models corner plots 

     Dataset:  RVdata_expres     model:  gp_multidimensional  corner plot  starting 
     Dataset:  RVdata_expres     model:  gp_multidimensional  corner plot  done 
     Dataset:  RVdata_harps     model:  gp_multidimensional  corner plot  starting 
     Dataset:  RVdata_harps     model:  gp_multidimensional  corner plot  done 
     Dataset:  RVdata_neid     model:  gp_multidimensional  corner plot  starting 
     Dataset:  RVdata_neid     model:  gp_multidimensional  corner plot  done 
     Dataset:  FIESTAdata_expres_mode1     model:  gp_multidimensional  corner plot  starting 
     Dataset:  FIESTAdata_expres_mode1     model:  gp_multidimensional  corner plot  done 
     Dataset:  FIESTAdata_expres_mode2     model:  gp_multidimensional  corner plot  starting 
     Dataset:  FIESTAdata_expres_mode2     model:  gp_multidimensional  corner plot  done 
     Dataset:  FIESTAdata_harps_mode1     model:  gp_multidimensional  corner plot  starting 
     Dataset:  FIESTAdata_harps_mode1     model:  gp_multidimensional  corner plot  done 
     Dataset:  FIESTAdata_harps_mode2     model:  gp_multidimensional  corner plot  starting 
     Dataset:  FIESTAdata_harps_mode2     model:  gp_multidimensional  corner plot  done 
     Dataset:  FIESTAdata_harpsn_mode1     model:  gp_multidimensional  corner plot  starting 
     Dataset:  FIESTAdata_harpsn_mode1     model:  gp_multidimensional  corner plot  done 
     Dataset:  FIESTAdata_harpsn_mode2     model:  gp_multidimensional  corner plot  starting 
     Dataset:  FIESTAdata_harpsn_mode2     model:  gp_multidimensional  corner plot  done 
     Dataset:  FIESTAdata_neid_mode1     model:  gp_multidimensional  corner plot  starting 
     Dataset:  FIESTAdata_neid_mode1     model:  gp_multidimensional  corner plot  done 
     Dataset:  FIESTAdata_neid_mode2     model:  gp_multidimensional  corner plot  starting 
     Dataset:  FIESTAdata_neid_mode2     model:  gp_multidimensional  corner plot  done 

****************************************************************************************************

 Saving the planet parameter samplings to files (with plots)

****************************************************************************************************

 Saving all the parameter samplings to files (with plots)

****************************************************************************************************

 Computing the models for plot/data writing 
     Splitting the plot array to allow GP prediction of extended datasets, it may take a while...
     # 21 chunks of 92 times each
     Check the documentation if the code is taking too long or if it crashes...
     Splitting the plot array to allow GP prediction of extended datasets, it may take a while...
     # 21 chunks of 92 times each
     Check the documentation if the code is taking too long or if it crashes...
     Splitting the plot array to allow GP prediction of extended datasets, it may take a while...
     # 21 chunks of 92 times each
     Check the documentation if the code is taking too long or if it crashes...
     Splitting the plot array to allow GP prediction of extended datasets, it may take a while...
     # 15 chunks of 92 times each
     Check the documentation if the code is taking too long or if it crashes...
     Splitting the plot array to allow GP prediction of extended datasets, it may take a while...
     # 15 chunks of 92 times each
     Check the documentation if the code is taking too long or if it crashes...
     Splitting the plot array to allow GP prediction of extended datasets, it may take a while...
     # 4 chunks of 92 times each
     Check the documentation if the code is taking too long or if it crashes...
     Splitting the plot array to allow GP prediction of extended datasets, it may take a while...
     # 4 chunks of 92 times each
     Check the documentation if the code is taking too long or if it crashes...
     Splitting the plot array to allow GP prediction of extended datasets, it may take a while...
     # 12 chunks of 92 times each
     Check the documentation if the code is taking too long or if it crashes...
     Splitting the plot array to allow GP prediction of extended datasets, it may take a while...
     # 12 chunks of 92 times each
     Check the documentation if the code is taking too long or if it crashes...
     Splitting the plot array to allow GP prediction of extended datasets, it may take a while...
     # 13 chunks of 92 times each
     Check the documentation if the code is taking too long or if it crashes...
     Splitting the plot array to allow GP prediction of extended datasets, it may take a while...
     # 13 chunks of 92 times each
     Check the documentation if the code is taking too long or if it crashes...
     Splitting the plot array to allow GP prediction of extended datasets, it may take a while...
     # 21 chunks of 92 times each
     Check the documentation if the code is taking too long or if it crashes...
     Splitting the plot array to allow GP prediction of extended datasets, it may take a while...
     # 21 chunks of 92 times each
     Check the documentation if the code is taking too long or if it crashes...
     Splitting the plot array to allow GP prediction of extended datasets, it may take a while...
     # 21 chunks of 92 times each
     Check the documentation if the code is taking too long or if it crashes...
     Splitting the plot array to allow GP prediction of extended datasets, it may take a while...
     # 15 chunks of 92 times each
     Check the documentation if the code is taking too long or if it crashes...
     Splitting the plot array to allow GP prediction of extended datasets, it may take a while...
     # 15 chunks of 92 times each
     Check the documentation if the code is taking too long or if it crashes...
     Splitting the plot array to allow GP prediction of extended datasets, it may take a while...
     # 4 chunks of 92 times each
     Check the documentation if the code is taking too long or if it crashes...
     Splitting the plot array to allow GP prediction of extended datasets, it may take a while...
     # 4 chunks of 92 times each
     Check the documentation if the code is taking too long or if it crashes...
     Splitting the plot array to allow GP prediction of extended datasets, it may take a while...
     # 12 chunks of 92 times each
     Check the documentation if the code is taking too long or if it crashes...
     Splitting the plot array to allow GP prediction of extended datasets, it may take a while...
     # 12 chunks of 92 times each
     Check the documentation if the code is taking too long or if it crashes...
     Splitting the plot array to allow GP prediction of extended datasets, it may take a while...
     # 13 chunks of 92 times each
     Check the documentation if the code is taking too long or if it crashes...
     Splitting the plot array to allow GP prediction of extended datasets, it may take a while...
     # 13 chunks of 92 times each
     Check the documentation if the code is taking too long or if it crashes...
     Splitting the plot array to allow GP prediction of extended datasets, it may take a while...
     # 21 chunks of 92 times each
     Check the documentation if the code is taking too long or if it crashes...
     Splitting the plot array to allow GP prediction of extended datasets, it may take a while...
     # 21 chunks of 92 times each
     Check the documentation if the code is taking too long or if it crashes...
     Splitting the plot array to allow GP prediction of extended datasets, it may take a while...
     # 21 chunks of 92 times each
     Check the documentation if the code is taking too long or if it crashes...
     Splitting the plot array to allow GP prediction of extended datasets, it may take a while...
     # 15 chunks of 92 times each
     Check the documentation if the code is taking too long or if it crashes...
     Splitting the plot array to allow GP prediction of extended datasets, it may take a while...
     # 15 chunks of 92 times each
     Check the documentation if the code is taking too long or if it crashes...
     Splitting the plot array to allow GP prediction of extended datasets, it may take a while...
     # 4 chunks of 92 times each
     Check the documentation if the code is taking too long or if it crashes...
     Splitting the plot array to allow GP prediction of extended datasets, it may take a while...
     # 4 chunks of 92 times each
     Check the documentation if the code is taking too long or if it crashes...
     Splitting the plot array to allow GP prediction of extended datasets, it may take a while...
     # 12 chunks of 92 times each
     Check the documentation if the code is taking too long or if it crashes...
     Splitting the plot array to allow GP prediction of extended datasets, it may take a while...
     # 12 chunks of 92 times each
     Check the documentation if the code is taking too long or if it crashes...
     Splitting the plot array to allow GP prediction of extended datasets, it may take a while...
     # 13 chunks of 92 times each
     Check the documentation if the code is taking too long or if it crashes...
     Splitting the plot array to allow GP prediction of extended datasets, it may take a while...
     # 13 chunks of 92 times each
     Check the documentation if the code is taking too long or if it crashes...
 Writing the plots 
 Writing the   data files 
 Writing the  MAP_ data files 
 Writing the  sampleMED_ data files 

****************************************************************************************************

