
:::---::: PyORBIT v11.0.1 :::---:::

Python version in use:
3.10.18 (main, Jun  5 2025, 13:14:17) [GCC 11.2.0]

reloaded_optimize:  False
reloaded_pyde:  False
reloaded_emcee:  False

number of multiprocessing threads: 16
multiprocessing method (should be fork):  fork

parameters/safe_reload flag (must be True for tinygp):  False

Opening:  RVdata

Adding common model of planet:  b
Adding common model of planet:  c
Using orbital model:  keplerian
Using orbital parametrization:  Eastman2013

Using orbital model:  keplerian
Using orbital parametrization:  Eastman2013


====================================================================================================
     Ids, spaces (s), boundaries (b) and priors (p) of the sampler parameters     
====================================================================================================

----- dataset:  RVdata
jitter_0      id:  10  s:Linear      b:[      0.0010,      13.3000]   p:Uniform   []
offset_0      id:  11  s:Linear      b:[  -9995.8980,   10015.6560]   p:Uniform   []
offset_1      id:  12  s:Linear      b:[  -9995.8980,   10015.6560]   p:Uniform   []
offset_2      id:  13  s:Linear      b:[  -9995.8980,   10015.6560]   p:Uniform   []
offset_3      id:  14  s:Linear      b:[  -9995.8980,   10015.6560]   p:Uniform   []

----- common model:  b
P             id:   0  s:Log_Base2   b:[      0.3785,       6.6439]   p:Uniform   []
K             id:   1  s:Log_Base2   b:[     -9.9658,       3.3219]   p:Uniform   []
sre_coso      id:   2  s:Linear      b:[     -1.0000,       1.0000]   p:Uniform   []
sre_sino      id:   3  s:Linear      b:[     -1.0000,       1.0000]   p:Uniform   []
mean_long     id:   4  s:Linear      b:[      0.0000,     360.0000]   p:Uniform   []
e             derived (no id, space, bound)                           p:Gaussian   [0.    0.098]
omega         derived (no id, space, bound)                           p:Uniform   [0.0, 360.0]

----- common model:  c
P             id:   5  s:Log_Base2   b:[      0.3785,       6.6439]   p:Uniform   []
K             id:   6  s:Log_Base2   b:[     -9.9658,       3.3219]   p:Uniform   []
sre_coso      id:   7  s:Linear      b:[     -1.0000,       1.0000]   p:Uniform   []
sre_sino      id:   8  s:Linear      b:[     -1.0000,       1.0000]   p:Uniform   []
mean_long     id:   9  s:Linear      b:[      0.0000,     360.0000]   p:Uniform   []
e             derived (no id, space, bound)                           p:Gaussian   [0.    0.098]
omega         derived (no id, space, bound)                           p:Uniform   [0.0, 360.0]

----- common model:  star_parameters
mass          derived (no id, space, bound)                           p:Gaussian   [1.e+00 1.e-06]
radius        derived (no id, space, bound)                           p:Gaussian   [1.e+00 1.e-06]
density       derived (no id, space, bound)                           p:Gaussian   [1.e+00 1.e-06]

Include priors:  True

Reference Time Tref:  59334.700184

Dimensions =  15
Nwalkers =  60

Using threading pool for PyDE: True
PyDE running
Boundaries redefined after PyDE output
PyDE completed, it took          2.6 seconds

====================================================================================================
     Starting point of the sample/optimization routines    
====================================================================================================

----- dataset:  RVdata
jitter_0        10      1.477803 [    0.0010,    13.3000]
offset_0        11      8.193329 [-9995.8980, 10015.6560]
offset_1        12     10.577732 [-9995.8980, 10015.6560]
offset_2        13      9.707941 [-9995.8980, 10015.6560]
offset_3        14      9.892759 [-9995.8980, 10015.6560]

----- common model:  b
P                0      5.820452 [    0.3785,     6.6439]
K                1      1.227502 [   -9.9658,     3.3219]
sre_coso         2     -0.259914 [   -1.0000,     1.0000]
sre_sino         3     -0.353806 [   -1.0000,     1.0000]
mean_long        4    266.618948 [   86.6189,   446.6189]

----- common model:  c
P                5      3.863097 [    0.3785,     6.6439]
K                6      0.226153 [   -9.9658,     3.3219]
sre_coso         7      0.336316 [   -1.0000,     1.0000]
sre_sino         8     -0.111676 [   -1.0000,     1.0000]
mean_long        9    312.405142 [  132.4051,   492.4051]

----- common model:  star_parameters

====================================================================================================
     Starting point projected onto the model parameter space     
====================================================================================================

----- dataset:  RVdata
jitter_0              1.477803 
offset_0              8.193329 
offset_1             10.577732 
offset_2              9.707941 
offset_3              9.892759 


----- common model:  b
P                    56.510696 
K                     2.341612 
mean_long           266.618948 
e                     0.192734 
omega              -126.301883 

----- common model:  c
P                    14.551507 
K                     1.169711 
mean_long           312.405142 
e                     0.125580 
omega               -18.369120 

----- common model:  star_parameters

====================================================================================================
     Derived parameters obtained from starting point     
====================================================================================================

----- common model:  b
Inclination fixed to 90 deg!
a_Rs                 61.944558 
M_Mj                  0.043376 
M_Me                 13.789014 
Tc                59365.801124 
a_AU_(M)              0.288200 
a_AU_(rho,R)          0.288195 

----- common model:  c
Inclination fixed to 90 deg!
a_Rs                 25.071966 
M_Mj                  0.013937 
M_Me                  4.430470 
Tc                59339.694388 
a_AU_(M)              0.116647 
a_AU_(rho,R)          0.116647 


====================================================================================================
     Statistics on the log-likelihood     
====================================================================================================

 LN probability:  -586.670600 

====================================================================================================
     ------------------------------------------------------------------------------------------     
====================================================================================================



*************************************************************

Running emcee

emcee version:  3.1.6
Using threading pool for emcee: True


Computing the autocorrelation time of the chains

The chains are more than 50 times longer than the ACF, the estimate can be trusted

Reference thinning used in the analysis: 100
Maximum value of the integrated ACF: 2
Step length used in the analysis: 2*nthin = 200

Convergence criteria: less than 1% variation in ACF after 50 times the integrated ACF
At least 50*ACF after convergence, 100*ACF would be ideal
Negative values: not converged yet

   sampler parameter              |    ACF   | ACF*nthin | converged at | nsteps/ACF | to 100*ACF
                                  |          |           |              |            | 
   RVdata_jitter_0                |    2.32  |      232  |    13600     |     157    |       0 
   RVdata_offset_0                |    2.60  |      260  |    15200     |     134    |       0 
   RVdata_offset_1                |    2.50  |      250  |    13800     |     145    |       0 
   RVdata_offset_2                |    2.53  |      253  |    13600     |     144    |       0 
   RVdata_offset_3                |    2.41  |      241  |    13400     |     152    |       0 
   b_P                            |    2.57  |      257  |    13800     |     141    |       0 
   b_K                            |    2.29  |      229  |    13200     |     161    |       0 
   b_sre_coso                     |    2.69  |      269  |    14600     |     131    |       0 
   b_sre_sino                     |    2.80  |      280  |    15000     |     125    |       0 
   b_mean_long                    |    2.48  |      248  |    13600     |     147    |       0 
   c_P                            |    2.51  |      251  |    13400     |     146    |       0 
   c_K                            |    2.62  |      262  |    14200     |     136    |       0 
   c_sre_coso                     |    2.45  |      245  |    14200     |     146    |       0 
   c_sre_sino                     |    2.72  |      272  |    14400     |     131    |       0 
   c_mean_long                    |    2.57  |      257  |    13800     |     141    |       0 

All the chains are longer than 100*ACF 
Suggested value for burnin: 13987

Check the documentation for the correct interpretation of these results:
https://pyorbit.readthedocs.io/running_pyorbit/terminal_output/#autocorrelation-analysis

====================================================================================================
     Statistics on the posterior of the sampler parameters     
====================================================================================================

----- dataset:  RVdata
jitter_0        10         1.523       -0.065        0.068   (15-84 p)   [    0.0010,    13.3000]
offset_0        11          8.22        -0.16         0.16   (15-84 p)   [-9995.8980, 10015.6560]
offset_1        12         10.63        -0.36         0.37   (15-84 p)   [-9995.8980, 10015.6560]
offset_2        13          9.72        -0.17         0.17   (15-84 p)   [-9995.8980, 10015.6560]
offset_3        14          9.89        -0.18         0.19   (15-84 p)   [-9995.8980, 10015.6560]

----- common model:  b
P                0         5.835       -0.033        0.036   (15-84 p)   [    0.3785,     6.6439]
K                1         1.212       -0.096        0.090   (15-84 p)   [   -9.9658,     3.3219]
sre_coso         2        -0.263       -0.091         0.11   (15-84 p)   [   -1.0000,     1.0000]
sre_sino         3        -0.334       -0.088         0.11   (15-84 p)   [   -1.0000,     1.0000]
mean_long        4         269.1         -7.1          7.4   (15-84 p)   [   86.6189,   446.6189]

----- common model:  c
P                5         3.872       -0.018        0.023   (15-84 p)   [    0.3785,     6.6439]
K                6          0.13        -0.22         0.19   (15-84 p)   [   -9.9658,     3.3219]
sre_coso         7          0.16        -0.23         0.18   (15-84 p)   [   -1.0000,     1.0000]
sre_sino         8         -0.06        -0.19         0.20   (15-84 p)   [   -1.0000,     1.0000]
mean_long        9           319          -16           19   (15-84 p)   [  132.4051,   492.4051]

----- common model:  star_parameters

====================================================================================================
     Statistics on the model parameters obtained from the posteriors samples     
====================================================================================================

----- dataset:  RVdata
jitter_0                 1.523       -0.065        0.068    (15-84 p)
offset_0                  8.22        -0.16         0.16    (15-84 p)
offset_1                 10.63        -0.36         0.37    (15-84 p)
offset_2                  9.72        -0.17         0.17    (15-84 p)
offset_3                  9.89        -0.18         0.19    (15-84 p)


----- common model:  b
P                         57.1         -1.3          1.5    (15-84 p)
K                         2.32        -0.15         0.15    (15-84 p)
mean_long                269.1         -7.1          7.4    (15-84 p)
e                        0.190       -0.050        0.050    (15-84 p)
omega                     -128          -18           17    (15-84 p)

----- common model:  c
P                        14.64        -0.18         0.23    (15-84 p)
K                         1.09        -0.15         0.16    (15-84 p)
mean_long                  319          -16           19    (15-84 p)
e                        0.081       -0.056        0.078    (15-84 p)
omega                      -19          -67           74    (15-84 p)

----- common model:  star_parameters

====================================================================================================
     Statistics on the derived parameters obtained from the posteriors samples     
====================================================================================================

----- common model:  b
Inclination fixed to 90 deg!
Computing planetary mass under the approximation M_planet << M_star (threshold at 30.0 Me)
a_Rs                     62.37        -0.96          1.1    (15-84 p)
M_Mj                    0.0430      -0.0027       0.0027    (15-84 p)
M_Me                     13.68        -0.86         0.86    (15-84 p)
Tc                     59365.6         -1.3          1.3    (15-84 p)
a_AU_(M)                0.2902      -0.0045       0.0049    (15-84 p)
a_AU_(rho,R)            0.2902      -0.0045       0.0049    (15-84 p)

----- common model:  c
Inclination fixed to 90 deg!
Computing planetary mass under the approximation M_planet << M_star (threshold at 30.0 Me)
a_Rs                     25.18        -0.20         0.27    (15-84 p)
M_Mj                    0.0131      -0.0018       0.0018    (15-84 p)
M_Me                      4.15        -0.57         0.58    (15-84 p)
Tc                    59339.72        -0.64         0.61    (15-84 p)
a_AU_(M)               0.11714     -0.00095       0.0012    (15-84 p)
a_AU_(rho,R)           0.11714     -0.00095       0.0012    (15-84 p)


====================================================================================================
     ------------------------------------------------------------------------------------------     
====================================================================================================



emcee completed


:::---::: PyORBIT v11.0.1 :::---:::

Python version in use:
3.10.18 (main, Jun  5 2025, 13:14:17) [GCC 11.2.0]
LaTeX disabled by default

Using orbital model:  keplerian
Using orbital parametrization:  Eastman2013

Using orbital model:  keplerian
Using orbital parametrization:  Eastman2013


### PyORBIT version used in the analysis:  11.0.1

 emcee version:  3.1.6

 Reference Time Tref: 59334.700184

 Data points:280
 Dimensions: 15
 Nwalkers:   60
 Steps:      50000


Number of samplings: 18000

Recomputing ln-prior, it may take a while...

ln-probability   distribution:   -594.28       -3.07      2.40 (15-84 p) 
ln-prior         distribution:    -79.20       -1.40      1.04 (15-84 p) 
ln-likelihood    distribution:   -514.91       -3.29      2.62 (15-84 p) 


*** Information criteria using the likelihood distribution

 BIC from distribution  (using likelihood)  =   1114.34     -5.24    6.57 (15-84 p)
 AIC from distribution  (using likelihood)  =   1059.82     -5.24    6.57 (15-84 p)
 AICc from distribution (using likelihood)  =   1061.64     -5.24    6.57 (15-84 p)


*** Information criteria using the median parameter set

 ln_probability of Median solution =   -587.72
 ln_priors of Median solution      =    -78.49
 ln_likelihood of Median solution  =   -509.24

 Median BIC  (using likelihood) =   1103.00
 Median AIC  (using likelihood) =   1048.48
 Median AICc (using likelihood) =   1050.30


*** Information criteria using the MAP parameter set

 ln_probability of MAP solution =   -587.54
 ln_priors of MAP solution      =    -79.05
 ln_likelihood of MAP solution  =   -508.49

 MAP BIC  (using likelihood)    =   1101.51
 MAP AIC  (using likelihood)    =   1046.98
 MAP AICc (using likelihood)    =   1048.80

 AICc suggested over AIC because NDATA ( 280 ) < 40 * NDIM ( 15 )

****************************************************************************************************


Computing the autocorrelation time of the chains

The chains are more than 50 times longer than the ACF, the estimate can be trusted

Reference thinning used in the analysis: 100
Maximum value of the integrated ACF: 2
Step length used in the analysis: 2*nthin = 200

Convergence criteria: less than 1% variation in ACF after 50 times the integrated ACF
At least 50*ACF after convergence, 100*ACF would be ideal
Negative values: not converged yet

   sampler parameter              |    ACF   | ACF*nthin | converged at | nsteps/ACF | to 100*ACF
                                  |          |           |              |            | 
   RVdata_jitter_0                |    2.32  |      232  |    13600     |     157    |       0 
   RVdata_offset_0                |    2.60  |      260  |    15200     |     134    |       0 
   RVdata_offset_1                |    2.50  |      250  |    13800     |     145    |       0 
   RVdata_offset_2                |    2.53  |      253  |    13600     |     144    |       0 
   RVdata_offset_3                |    2.41  |      241  |    13400     |     152    |       0 
   b_P                            |    2.57  |      257  |    13800     |     141    |       0 
   b_K                            |    2.29  |      229  |    13200     |     161    |       0 
   b_sre_coso                     |    2.69  |      269  |    14600     |     131    |       0 
   b_sre_sino                     |    2.80  |      280  |    15000     |     125    |       0 
   b_mean_long                    |    2.48  |      248  |    13600     |     147    |       0 
   c_P                            |    2.51  |      251  |    13400     |     146    |       0 
   c_K                            |    2.62  |      262  |    14200     |     136    |       0 
   c_sre_coso                     |    2.45  |      245  |    14200     |     146    |       0 
   c_sre_sino                     |    2.72  |      272  |    14400     |     131    |       0 
   c_mean_long                    |    2.57  |      257  |    13800     |     141    |       0 

All the chains are longer than 100*ACF 
Suggested value for burnin: 13987

Check the documentation for the correct interpretation of these results:
https://pyorbit.readthedocs.io/running_pyorbit/terminal_output/#autocorrelation-analysis

 Plotting the ACF... 


====================================================================================================
     Ids, spaces (s), boundaries (b) and priors (p) of the sampler parameters     
====================================================================================================

----- dataset:  RVdata
jitter_0      id:  10  s:Linear      b:[      0.0010,      13.3000]   p:Uniform   []
offset_0      id:  11  s:Linear      b:[  -9995.8980,   10015.6560]   p:Uniform   []
offset_1      id:  12  s:Linear      b:[  -9995.8980,   10015.6560]   p:Uniform   []
offset_2      id:  13  s:Linear      b:[  -9995.8980,   10015.6560]   p:Uniform   []
offset_3      id:  14  s:Linear      b:[  -9995.8980,   10015.6560]   p:Uniform   []

----- common model:  b
P             id:   0  s:Log_Base2   b:[      0.3785,       6.6439]   p:Uniform   []
K             id:   1  s:Log_Base2   b:[     -9.9658,       3.3219]   p:Uniform   []
sre_coso      id:   2  s:Linear      b:[     -1.0000,       1.0000]   p:Uniform   []
sre_sino      id:   3  s:Linear      b:[     -1.0000,       1.0000]   p:Uniform   []
mean_long     id:   4  s:Linear      b:[     86.6189,     446.6189]   p:Uniform   []
e             derived (no id, space, bound)                           p:Gaussian   [0.    0.098]
omega         derived (no id, space, bound)                           p:Uniform   [0.0, 360.0]

----- common model:  c
P             id:   5  s:Log_Base2   b:[      0.3785,       6.6439]   p:Uniform   []
K             id:   6  s:Log_Base2   b:[     -9.9658,       3.3219]   p:Uniform   []
sre_coso      id:   7  s:Linear      b:[     -1.0000,       1.0000]   p:Uniform   []
sre_sino      id:   8  s:Linear      b:[     -1.0000,       1.0000]   p:Uniform   []
mean_long     id:   9  s:Linear      b:[    132.4051,     492.4051]   p:Uniform   []
e             derived (no id, space, bound)                           p:Gaussian   [0.    0.098]
omega         derived (no id, space, bound)                           p:Uniform   [0.0, 360.0]

----- common model:  star_parameters
mass          derived (no id, space, bound)                           p:Gaussian   [1.e+00 1.e-06]
radius        derived (no id, space, bound)                           p:Gaussian   [1.e+00 1.e-06]
density       derived (no id, space, bound)                           p:Gaussian   [1.e+00 1.e-06]


****************************************************************************************************
****************************************************************************************************

 Confidence intervals (median value, 34.135th percentile from the median on the left and right side)

====================================================================================================
     Statistics on the posterior of the sampler parameters     
====================================================================================================

----- dataset:  RVdata
jitter_0        10         1.523       -0.065        0.068   (15-84 p)   [    0.0010,    13.3000]
offset_0        11          8.22        -0.16         0.16   (15-84 p)   [-9995.8980, 10015.6560]
offset_1        12         10.63        -0.36         0.37   (15-84 p)   [-9995.8980, 10015.6560]
offset_2        13          9.72        -0.17         0.17   (15-84 p)   [-9995.8980, 10015.6560]
offset_3        14          9.89        -0.18         0.19   (15-84 p)   [-9995.8980, 10015.6560]

----- common model:  b
P                0         5.835       -0.033        0.036   (15-84 p)   [    0.3785,     6.6439]
K                1         1.212       -0.096        0.090   (15-84 p)   [   -9.9658,     3.3219]
sre_coso         2        -0.263       -0.091         0.11   (15-84 p)   [   -1.0000,     1.0000]
sre_sino         3        -0.334       -0.088         0.11   (15-84 p)   [   -1.0000,     1.0000]
mean_long        4         269.1         -7.1          7.4   (15-84 p)   [   86.6189,   446.6189]

----- common model:  c
P                5         3.872       -0.018        0.023   (15-84 p)   [    0.3785,     6.6439]
K                6          0.13        -0.22         0.19   (15-84 p)   [   -9.9658,     3.3219]
sre_coso         7          0.16        -0.23         0.18   (15-84 p)   [   -1.0000,     1.0000]
sre_sino         8         -0.06        -0.19         0.20   (15-84 p)   [   -1.0000,     1.0000]
mean_long        9           319          -16           19   (15-84 p)   [  132.4051,   492.4051]

----- common model:  star_parameters

====================================================================================================
     Statistics on the model parameters obtained from the posteriors samples     
====================================================================================================

----- dataset:  RVdata
jitter_0                 1.523       -0.065        0.068    (15-84 p)
offset_0                  8.22        -0.16         0.16    (15-84 p)
offset_1                 10.63        -0.36         0.37    (15-84 p)
offset_2                  9.72        -0.17         0.17    (15-84 p)
offset_3                  9.89        -0.18         0.19    (15-84 p)


----- common model:  b
P                         57.1         -1.3          1.5    (15-84 p)
K                         2.32        -0.15         0.15    (15-84 p)
mean_long                269.1         -7.1          7.4    (15-84 p)
e                        0.190       -0.050        0.050    (15-84 p)
omega                     -128          -18           17    (15-84 p)

----- common model:  c
P                        14.64        -0.18         0.23    (15-84 p)
K                         1.09        -0.15         0.16    (15-84 p)
mean_long                  319          -16           19    (15-84 p)
e                        0.081       -0.056        0.078    (15-84 p)
omega                      -21          -70           69    (15-84 p)

----- common model:  star_parameters

====================================================================================================
     Statistics on the derived parameters obtained from the posteriors samples     
====================================================================================================

----- common model:  b
Inclination fixed to 90 deg!
Computing planetary mass under the approximation M_planet << M_star (threshold at 30.0 Me)
a_Rs                     62.37        -0.96          1.1    (15-84 p)
M_Mj                    0.0430      -0.0027       0.0027    (15-84 p)
M_Me                     13.68        -0.86         0.86    (15-84 p)
Tc                     59365.6         -1.3          1.3    (15-84 p)
a_AU_(M)                0.2902      -0.0045       0.0049    (15-84 p)
a_AU_(rho,R)            0.2902      -0.0045       0.0049    (15-84 p)

----- common model:  c
Inclination fixed to 90 deg!
Computing planetary mass under the approximation M_planet << M_star (threshold at 30.0 Me)
a_Rs                     25.18        -0.20         0.27    (15-84 p)
M_Mj                    0.0131      -0.0018       0.0018    (15-84 p)
M_Me                      4.15        -0.57         0.58    (15-84 p)
Tc                    59339.72        -0.64         0.61    (15-84 p)
a_AU_(M)               0.11714     -0.00095       0.0012    (15-84 p)
a_AU_(rho,R)           0.11714     -0.00095       0.0012    (15-84 p)


====================================================================================================
     ------------------------------------------------------------------------------------------     
====================================================================================================



****************************************************************************************************

 Parameters corresponding to the Maximum a Posteriori probability ( -587.5390128572956 )

====================================================================================================
     Statistics on the posterior of the sampler parameters     
====================================================================================================

----- dataset:  RVdata
jitter_0        10      1.456239 [    0.0010,    13.3000]
offset_0        11      8.236833 [-9995.8980, 10015.6560]
offset_1        12     10.688101 [-9995.8980, 10015.6560]
offset_2        13      9.666363 [-9995.8980, 10015.6560]
offset_3        14      9.970033 [-9995.8980, 10015.6560]

----- common model:  b
P                0      5.820393 [    0.3785,     6.6439]
K                1      1.244787 [   -9.9658,     3.3219]
sre_coso         2     -0.191282 [   -1.0000,     1.0000]
sre_sino         3     -0.376637 [   -1.0000,     1.0000]
mean_long        4    267.070885 [   86.6189,   446.6189]

----- common model:  c
P                5      3.866198 [    0.3785,     6.6439]
K                6      0.170175 [   -9.9658,     3.3219]
sre_coso         7      0.318578 [   -1.0000,     1.0000]
sre_sino         8     -0.104935 [   -1.0000,     1.0000]
mean_long        9    315.658212 [  132.4051,   492.4051]

----- common model:  star_parameters

====================================================================================================
     Statistics on the model parameters obtained from the posteriors samples     
====================================================================================================

----- dataset:  RVdata
jitter_0              1.456239 
offset_0              8.236833 
offset_1             10.688101 
offset_2              9.666363 
offset_3              9.970033 


----- common model:  b
P                    56.508385 
K                     2.369836 
mean_long           267.070885 
e                     0.178445 
omega              -116.924571 

----- common model:  c
P                    14.582825 
K                     1.125195 
mean_long           315.658212 
e                     0.112504 
omega               -18.231191 

----- common model:  star_parameters

====================================================================================================
     Statistics on the derived parameters obtained from the posteriors samples     
====================================================================================================

----- common model:  b
Inclination fixed to 90 deg!
a_Rs                 61.942920 
M_Mj                  0.044019 
M_Me                 13.993406 
Tc                59365.060424 
a_AU_(M)              0.288192 
a_AU_(rho,R)          0.288187 

----- common model:  c
Inclination fixed to 90 deg!
a_Rs                 25.107900 
M_Mj                  0.013437 
M_Me                  4.271646 
Tc                59339.633644 
a_AU_(M)              0.116815 
a_AU_(rho,R)          0.116814 


====================================================================================================
     ------------------------------------------------------------------------------------------     
====================================================================================================



****************************************************************************************************

 Parameters corresponding to the sample closest to the median values ( -589.0999412026538 )

====================================================================================================
     Statistics on the posterior of the sampler parameters     
====================================================================================================

----- dataset:  RVdata
jitter_0        10      1.529285 [    0.0010,    13.3000]
offset_0        11      8.158160 [-9995.8980, 10015.6560]
offset_1        12     10.851265 [-9995.8980, 10015.6560]
offset_2        13      9.699751 [-9995.8980, 10015.6560]
offset_3        14      9.862224 [-9995.8980, 10015.6560]

----- common model:  b
P                0      5.850217 [    0.3785,     6.6439]
K                1      1.175304 [   -9.9658,     3.3219]
sre_coso         2     -0.203368 [   -1.0000,     1.0000]
sre_sino         3     -0.335474 [   -1.0000,     1.0000]
mean_long        4    274.606993 [   86.6189,   446.6189]

----- common model:  c
P                5      3.865774 [    0.3785,     6.6439]
K                6      0.079795 [   -9.9658,     3.3219]
sre_coso         7      0.178977 [   -1.0000,     1.0000]
sre_sino         8     -0.019485 [   -1.0000,     1.0000]
mean_long        9    312.603921 [  132.4051,   492.4051]

----- common model:  star_parameters

====================================================================================================
     Statistics on the model parameters obtained from the posteriors samples     
====================================================================================================

----- dataset:  RVdata
jitter_0              1.529285 
offset_0              8.158160 
offset_1             10.851265 
offset_2              9.699751 
offset_3              9.862224 


----- common model:  b
P                    57.688698 
K                     2.258405 
mean_long           274.606993 
e                     0.153901 
omega              -121.224663 

----- common model:  c
P                    14.578533 
K                     1.056868 
mean_long           312.603921 
e                     0.032412 
omega                -6.213409 

----- common model:  star_parameters

====================================================================================================
     Statistics on the derived parameters obtained from the posteriors samples     
====================================================================================================

----- common model:  b
Inclination fixed to 90 deg!
a_Rs                 62.802454 
M_Mj                  0.042417 
M_Me                 13.484067 
Tc                59364.428407 
a_AU_(M)              0.292191 
a_AU_(rho,R)          0.292187 

----- common model:  c
Inclination fixed to 90 deg!
a_Rs                 25.103011 
M_Mj                  0.012694 
M_Me                  4.035363 
Tc                59340.114271 
a_AU_(M)              0.116792 
a_AU_(rho,R)          0.116791 


====================================================================================================
     ------------------------------------------------------------------------------------------     
====================================================================================================



****************************************************************************************************

Inclination fixed to 90 deg!
Inclination fixed to 90 deg!
Note: stellar density derived from stellar mass and radius

Inclination fixed to 90 deg!
Inclination fixed to 90 deg!
Inclination fixed to 90 deg!
Inclination fixed to 90 deg!
 Plot FLAT chain 

****************************************************************************************************

Plotting full_correlation plot with pygtc

****************************************************************************************************

 Plotting the chains... 

****************************************************************************************************

 Plotting the Gelman-Rubin traces... 

     Gelman-Rubin:    10     1.001708 RVdata_jitter_0 
     Gelman-Rubin:    11     1.001273 RVdata_offset_0 
     Gelman-Rubin:    12     1.000738 RVdata_offset_1 
     Gelman-Rubin:    13     1.002262 RVdata_offset_2 
     Gelman-Rubin:    14     1.002130 RVdata_offset_3 
     Gelman-Rubin:     0     1.002149 b_P 
     Gelman-Rubin:     1     1.002178 b_K 
     Gelman-Rubin:     2     1.001944 b_sre_coso 
     Gelman-Rubin:     3     1.001297 b_sre_sino 
     Gelman-Rubin:     4     1.002216 b_mean_long 
     Gelman-Rubin:     5     1.002459 c_P 
     Gelman-Rubin:     6     1.001524 c_K 
     Gelman-Rubin:     7     1.001170 c_sre_coso 
     Gelman-Rubin:     8     1.001061 c_sre_sino 
     Gelman-Rubin:     9     1.002458 c_mean_long 

****************************************************************************************************

Plotting the common models corner plots
     Common model:  b
     Common model:  c
     Common model:  star_parameters

****************************************************************************************************

Plotting the dataset + models corner plots 

     Dataset:  RVdata     model:  radial_velocities_b  corner plot  starting 
     Dataset:  RVdata     model:  radial_velocities_b  corner plot  done 
     Dataset:  RVdata     model:  radial_velocities_c  corner plot  starting 
     Dataset:  RVdata     model:  radial_velocities_c  corner plot  done 

****************************************************************************************************

 Saving the planet parameter samplings to files (with plots)

****************************************************************************************************

 Saving all the parameter samplings to files (with plots)

****************************************************************************************************

 Computing the models for plot/data writing 
 Writing the plots 
 Writing the   data files 
 Writing the  MAP_ data files 
 Writing the  sampleMED_ data files 

****************************************************************************************************

