
:::---::: PyORBIT v11.0.1 :::---:::

Python version in use:
3.10.18 (main, Jun  5 2025, 13:14:17) [GCC 11.2.0]

reloaded_optimize:  False
reloaded_pyde:  False
reloaded_emcee:  False

number of multiprocessing threads: 16
multiprocessing method (should be fork):  fork

parameters/safe_reload flag (must be True for tinygp):  False

Opening:  RVdata
Opening:  FWHMdata
Opening:  Contrastdata

Adding common model of planet:  b
Adding common model of planet:  c
Adding common model of planet:  d
Using orbital model:  keplerian
Using orbital parametrization:  Eastman2013

Using orbital model:  keplerian
Using orbital parametrization:  Eastman2013

Using orbital model:  keplerian
Using orbital parametrization:  Eastman2013

gp_multidimensional  S+LEAF model, number of harmonics: 4

GP model: gp_multidimensional  hyperparameters_condition:    True
GP model: gp_multidimensional  rotation_decay_condition:     True

====================================================================================================
     Ids, spaces (s), boundaries (b) and priors (p) of the sampler parameters     
====================================================================================================

----- dataset:  RVdata
jitter_0      id:  18  s:Linear      b:[      0.0009,      13.3000]   p:Uniform   []
offset_0      id:  19  s:Linear      b:[  -9997.8210,   10017.2110]   p:Uniform   []
offset_1      id:  20  s:Linear      b:[  -9997.8210,   10017.2110]   p:Uniform   []
offset_2      id:  21  s:Linear      b:[  -9997.8210,   10017.2110]   p:Uniform   []
offset_3      id:  22  s:Linear      b:[  -9997.8210,   10017.2110]   p:Uniform   []

----- dataset: RVdata                    ----- model: gp_multidimensional           
rot_amp       id:  23  s:Linear      b:[      0.0000,      10.0000]   p:Uniform   []
con_amp       id:  24  s:Linear      b:[    -20.0000,      20.0000]   p:Uniform   []

----- dataset:  FWHMdata
jitter_0      id:  25  s:Linear      b:[      0.0500,     500.0000]   p:Uniform   []
offset_0      id:  26  s:Linear      b:[  -3319.7439,   16948.1456]   p:Uniform   []
offset_1      id:  27  s:Linear      b:[  -3319.7439,   16948.1456]   p:Uniform   []
offset_2      id:  28  s:Linear      b:[  -3319.7439,   16948.1456]   p:Uniform   []
offset_3      id:  29  s:Linear      b:[  -3319.7439,   16948.1456]   p:Uniform   []

----- dataset: FWHMdata                  ----- model: gp_multidimensional           
rot_amp       id:  30  s:Linear      b:[    -10.0000,      10.0000]   p:Uniform   []
con_amp       id:  31  s:Linear      b:[    -20.0000,      20.0000]   p:Uniform   []

----- dataset:  Contrastdata
jitter_0      id:  32  s:Linear      b:[      1.3000,   13000.0000]   p:Uniform   []
offset_0      id:  33  s:Linear      b:[-468110.1377, -343008.9918]   p:Uniform   []
offset_1      id:  34  s:Linear      b:[-468110.1377, -343008.9918]   p:Uniform   []
offset_2      id:  35  s:Linear      b:[-468110.1377, -343008.9918]   p:Uniform   []
offset_3      id:  36  s:Linear      b:[-468110.1377, -343008.9918]   p:Uniform   []

----- dataset: Contrastdata              ----- model: gp_multidimensional           
rot_amp       id:  37  s:Linear      b:[    -10.0000,      10.0000]   p:Uniform   []
con_amp       id:  38  s:Linear      b:[    -20.0000,      20.0000]   p:Uniform   []

----- common model:  b
P             id:   0  s:Log_Base2   b:[      0.3785,       6.6439]   p:Uniform   []
K             id:   1  s:Log_Base2   b:[     -9.9658,       3.3219]   p:Uniform   []
sre_coso      id:   2  s:Linear      b:[     -1.0000,       1.0000]   p:Uniform   []
sre_sino      id:   3  s:Linear      b:[     -1.0000,       1.0000]   p:Uniform   []
mean_long     id:   4  s:Linear      b:[      0.0000,     360.0000]   p:Uniform   []
e             derived (no id, space, bound)                           p:Gaussian   [0.    0.098]
omega         derived (no id, space, bound)                           p:Uniform   [0.0, 360.0]

----- common model:  c
P             id:   5  s:Log_Base2   b:[      0.3785,       6.6439]   p:Uniform   []
K             id:   6  s:Log_Base2   b:[     -9.9658,       3.3219]   p:Uniform   []
sre_coso      id:   7  s:Linear      b:[     -1.0000,       1.0000]   p:Uniform   []
sre_sino      id:   8  s:Linear      b:[     -1.0000,       1.0000]   p:Uniform   []
mean_long     id:   9  s:Linear      b:[      0.0000,     360.0000]   p:Uniform   []
e             derived (no id, space, bound)                           p:Gaussian   [0.    0.098]
omega         derived (no id, space, bound)                           p:Uniform   [0.0, 360.0]

----- common model:  d
P             id:  10  s:Log_Base2   b:[      0.3785,       6.6439]   p:Uniform   []
K             id:  11  s:Log_Base2   b:[     -9.9658,       3.3219]   p:Uniform   []
sre_coso      id:  12  s:Linear      b:[     -1.0000,       1.0000]   p:Uniform   []
sre_sino      id:  13  s:Linear      b:[     -1.0000,       1.0000]   p:Uniform   []
mean_long     id:  14  s:Linear      b:[      0.0000,     360.0000]   p:Uniform   []
e             derived (no id, space, bound)                           p:Gaussian   [0.    0.098]
omega         derived (no id, space, bound)                           p:Uniform   [0.0, 360.0]

----- common model:  activity
Prot          id:  15  s:Linear      b:[     20.0000,      35.0000]   p:Gaussian   [28.   0.5]
Pdec          id:  16  s:Linear      b:[     30.0000,    1000.0000]   p:Uniform   []
Oamp          id:  17  s:Log_Base2   b:[     -6.6439,       0.0000]   p:Gaussian   [0.35  0.035]

----- common model:  star_parameters
mass          derived (no id, space, bound)                           p:Gaussian   [1.e+00 1.e-06]
radius        derived (no id, space, bound)                           p:Gaussian   [1.e+00 1.e-06]
density       derived (no id, space, bound)                           p:Gaussian   [1.e+00 1.e-06]

Include priors:  True

Reference Time Tref:  59334.700184

Dimensions =  39
Nwalkers =  156

Using threading pool for PyDE: True
PyDE running
Boundaries redefined after PyDE output
PyDE completed, it took        169.9 seconds

====================================================================================================
     Starting point of the sample/optimization routines    
====================================================================================================

----- dataset:  RVdata
jitter_0        18      1.136069 [    0.0009,    13.3000]
offset_0        19      8.341542 [-9997.8210, 10017.2110]
offset_1        20     10.227587 [-9997.8210, 10017.2110]
offset_2        21      9.739703 [-9997.8210, 10017.2110]
offset_3        22      9.615279 [-9997.8210, 10017.2110]

----- dataset: RVdata                    ----- model: gp_multidimensional           
rot_amp         23      4.145083 [    0.0000,    10.0000]
con_amp         24      1.547290 [  -20.0000,    20.0000]

----- dataset:  FWHMdata
jitter_0        25      0.052048 [    0.0500,   500.0000]
offset_0        26   6694.355626 [-3319.7439, 16948.1456]
offset_1        27   6938.476010 [-3319.7439, 16948.1456]
offset_2        28   6857.835433 [-3319.7439, 16948.1456]
offset_3        29   6896.106773 [-3319.7439, 16948.1456]

----- dataset: FWHMdata                  ----- model: gp_multidimensional           
rot_amp         30      1.061687 [  -10.0000,    10.0000]
con_amp         31     -1.923001 [  -20.0000,    20.0000]

----- dataset:  Contrastdata
jitter_0        32    180.552676 [    1.3000, 13000.0000]
offset_0        33  -353764.031224 [-468110.1377, -343008.9918]
offset_1        34  -433630.244655 [-468110.1377, -343008.9918]
offset_2        35  -457684.780382 [-468110.1377, -343008.9918]
offset_3        36  -362686.273542 [-468110.1377, -343008.9918]

----- dataset: Contrastdata              ----- model: gp_multidimensional           
rot_amp         37      9.988229 [  -10.0000,    10.0000]
con_amp         38    -19.999592 [  -20.0000,    20.0000]

----- common model:  b
P                0      4.669576 [    0.3785,     6.6439]
K                1      1.259090 [   -9.9658,     3.3219]
sre_coso         2      0.166880 [   -1.0000,     1.0000]
sre_sino         3     -0.351482 [   -1.0000,     1.0000]
mean_long        4     47.193284 [ -132.8067,   227.1933]

----- common model:  c
P                5      0.482960 [    0.3785,     6.6439]
K                6     -0.318672 [   -9.9658,     3.3219]
sre_coso         7     -0.297181 [   -1.0000,     1.0000]
sre_sino         8     -0.226364 [   -1.0000,     1.0000]
mean_long        9    324.986931 [  144.9869,   504.9869]

----- common model:  d
P               10      5.661008 [    0.3785,     6.6439]
K               11     -0.337555 [   -9.9658,     3.3219]
sre_coso        12      0.055224 [   -1.0000,     1.0000]
sre_sino        13     -0.061886 [   -1.0000,     1.0000]
mean_long       14     84.846129 [  -95.1539,   264.8461]

----- common model:  activity
Prot            15     28.260997 [   20.0000,    35.0000]
Pdec            16     30.001084 [   30.0000,  1000.0000]
Oamp            17     -1.279839 [   -6.6439,     0.0000]

----- common model:  star_parameters

====================================================================================================
     Starting point projected onto the model parameter space     
====================================================================================================

----- dataset:  RVdata
jitter_0              1.136069 
offset_0              8.341542 
offset_1             10.227587 
offset_2              9.739703 
offset_3              9.615279 


----- dataset: RVdata                    ----- model: gp_multidimensional           
rot_amp               4.145083 
con_amp               1.547290 

----- dataset:  FWHMdata
jitter_0              0.052048 
offset_0           6694.355626 
offset_1           6938.476010 
offset_2           6857.835433 
offset_3           6896.106773 


----- dataset: FWHMdata                  ----- model: gp_multidimensional           
rot_amp               1.061687 
con_amp              -1.923001 

----- dataset:  Contrastdata
jitter_0            180.552676 
offset_0        -353764.031224 
offset_1        -433630.244655 
offset_2        -457684.780382 
offset_3        -362686.273542 


----- dataset: Contrastdata              ----- model: gp_multidimensional           
rot_amp               9.988229 
con_amp             -19.999592 

----- common model:  b
P                    25.449691 
K                     2.393447 
mean_long            47.193284 
e                     0.151388 
omega               -64.602048 

----- common model:  c
P                     1.397608 
K                     0.801807 
mean_long           324.986931 
e                     0.139557 
omega              -142.703282 

----- common model:  d
P                    50.597969 
K                     0.791381 
mean_long            84.846129 
e                     0.006879 
omega               -48.255950 

----- common model:  activity
Prot                 28.260997 
Pdec                 30.001084 
Oamp                  0.411841 

----- common model:  star_parameters

====================================================================================================
     Derived parameters obtained from starting point     
====================================================================================================

----- common model:  b
Inclination fixed to 90 deg!
a_Rs                 36.394705 
M_Mj                  0.034234 
M_Me                 10.882841 
Tc                59337.141249 
a_AU_(M)              0.169328 
a_AU_(rho,R)          0.169325 

----- common model:  c
Inclination fixed to 90 deg!
a_Rs                  5.258235 
M_Mj                  0.004367 
M_Me                  1.388175 
Tc                59335.238115 
a_AU_(M)              0.024464 
a_AU_(rho,R)          0.024464 

----- common model:  d
Inclination fixed to 90 deg!
a_Rs                 57.544602 
M_Mj                  0.014399 
M_Me                  4.577266 
Tc                59335.350504 
a_AU_(M)              0.267727 
a_AU_(rho,R)          0.267725 


====================================================================================================
     Statistics on the log-likelihood     
====================================================================================================

 LN probability: -3369.748424 

====================================================================================================
     ------------------------------------------------------------------------------------------     
====================================================================================================



*************************************************************

Running emcee

emcee version:  3.1.6
Using threading pool for emcee: True

Saving temporary steps


Computing the autocorrelation time of the chains

***** WARNING ******
The integrated autocorrelation time cannot be reliably estimated
likely the chains are too short, and ACF analysis is not fully reliable
emcee.autocorr.integrated_time tolerance lowered to 20
If you still get a warning, you should drop these results entirely
Chains too short to apply convergence criteria
They should be at least 500*nthin = 75000

====================================================================================================
     Statistics on the posterior of the sampler parameters     
====================================================================================================

----- dataset:  RVdata
jitter_0        18         1.168       -0.050        0.054   (15-84 p)   [    0.0009,    13.3000]
offset_0        19          8.32        -0.74         0.80   (15-84 p)   [-9997.8210, 10017.2110]
offset_1        20         10.18        -0.79         0.82   (15-84 p)   [-9997.8210, 10017.2110]
offset_2        21          9.74        -0.73         0.79   (15-84 p)   [-9997.8210, 10017.2110]
offset_3        22          9.59        -0.73         0.79   (15-84 p)   [-9997.8210, 10017.2110]

----- dataset: RVdata                    ----- model: gp_multidimensional           
rot_amp         23           5.2         -1.5          1.7   (15-84 p)   [    0.0000,    10.0000]
con_amp         24          1.66        -0.27         0.37   (15-84 p)   [  -20.0000,    20.0000]

----- dataset:  FWHMdata
jitter_0        25          0.31        -0.18         0.29   (15-84 p)   [    0.0500,   500.0000]
offset_0        26        6694.4         -1.2          1.1   (15-84 p)   [-3319.7439, 16948.1456]
offset_1        27        6938.4         -1.5          1.4   (15-84 p)   [-3319.7439, 16948.1456]
offset_2        28        6858.0         -1.2          1.1   (15-84 p)   [-3319.7439, 16948.1456]
offset_3        29        6896.2         -1.2          1.1   (15-84 p)   [-3319.7439, 16948.1456]

----- dataset: FWHMdata                  ----- model: gp_multidimensional           
rot_amp         30           0.6         -2.0          2.0   (15-84 p)   [  -10.0000,    10.0000]
con_amp         31         -2.13        -0.46         0.35   (15-84 p)   [  -20.0000,    20.0000]

----- dataset:  Contrastdata
jitter_0        32           188          -13           13   (15-84 p)   [    1.3000, 13000.0000]
offset_0        33       -353762          -26           26   (15-84 p)   [-468110.1377, -343008.9918]
offset_1        34       -433624          -52           48   (15-84 p)   [-468110.1377, -343008.9918]
offset_2        35       -457682          -27           28   (15-84 p)   [-468110.1377, -343008.9918]
offset_3        36       -362683          -27           28   (15-84 p)   [-468110.1377, -343008.9918]

----- dataset: Contrastdata              ----- model: gp_multidimensional           
rot_amp         37           2.5         -7.9          5.4   (15-84 p)   [  -10.0000,    10.0000]
con_amp         38        -19.65        -0.26         0.65   (15-84 p)   [  -20.0000,    20.0000]

----- common model:  b
P                0         4.686       -0.051        0.053   (15-84 p)   [    0.3785,     6.6439]
K                1          0.94        -0.45         0.34   (15-84 p)   [   -9.9658,     3.3219]
sre_coso         2          0.01        -0.21         0.22   (15-84 p)   [   -1.0000,     1.0000]
sre_sino         3         -0.14        -0.20         0.24   (15-84 p)   [   -1.0000,     1.0000]
mean_long        4            51          -23           24   (15-84 p)   [ -132.8067,   227.1933]

----- common model:  c
P                5        0.4821      -0.0022       0.0020   (15-84 p)   [    0.3785,     6.6439]
K                6         -0.44        -0.33         0.27   (15-84 p)   [   -9.9658,     3.3219]
sre_coso         7         -0.11        -0.22         0.25   (15-84 p)   [   -1.0000,     1.0000]
sre_sino         8         -0.15        -0.17         0.22   (15-84 p)   [   -1.0000,     1.0000]
mean_long        9           319          -18           18   (15-84 p)   [  144.9869,   504.9869]

----- common model:  d
P               10           5.0         -2.5          1.1   (15-84 p)   [    0.3785,     6.6439]
K               11          -4.3         -3.9          3.4   (15-84 p)   [   -9.9658,     3.3219]
sre_coso        12         -0.00        -0.21         0.21   (15-84 p)   [   -1.0000,     1.0000]
sre_sino        13         -0.00        -0.21         0.21   (15-84 p)   [   -1.0000,     1.0000]
mean_long       14            98         -122          108   (15-84 p)   [  -95.1539,   264.8461]

----- common model:  activity
Prot            15         28.26        -0.38         0.39   (15-84 p)   [   20.0000,    35.0000]
Pdec            16         31.25        -0.96          2.7   (15-84 p)   [   30.0000,  1000.0000]
Oamp            17         -1.32        -0.11         0.11   (15-84 p)   [   -6.6439,     0.0000]

----- common model:  star_parameters

====================================================================================================
     Statistics on the model parameters obtained from the posteriors samples     
====================================================================================================

----- dataset:  RVdata
jitter_0                 1.168       -0.050        0.054    (15-84 p)
offset_0                  8.32        -0.74         0.80    (15-84 p)
offset_1                 10.18        -0.79         0.82    (15-84 p)
offset_2                  9.74        -0.73         0.79    (15-84 p)
offset_3                  9.59        -0.73         0.79    (15-84 p)


----- dataset: RVdata                    ----- model: gp_multidimensional           
rot_amp                    5.2         -1.5          1.7    (15-84 p)
con_amp                   1.66        -0.27         0.37    (15-84 p)

----- dataset:  FWHMdata
jitter_0                  0.31        -0.18         0.29    (15-84 p)
offset_0                6694.4         -1.2          1.1    (15-84 p)
offset_1                6938.4         -1.5          1.4    (15-84 p)
offset_2                6858.0         -1.2          1.1    (15-84 p)
offset_3                6896.2         -1.2          1.1    (15-84 p)


----- dataset: FWHMdata                  ----- model: gp_multidimensional           
rot_amp                    0.6         -2.0          2.0    (15-84 p)
con_amp                  -2.13        -0.46         0.35    (15-84 p)

----- dataset:  Contrastdata
jitter_0                   188          -13           13    (15-84 p)
offset_0               -353762          -26           26    (15-84 p)
offset_1               -433624          -52           48    (15-84 p)
offset_2               -457682          -27           28    (15-84 p)
offset_3               -362683          -27           28    (15-84 p)


----- dataset: Contrastdata              ----- model: gp_multidimensional           
rot_amp                    2.5         -7.9          5.4    (15-84 p)
con_amp                 -19.65        -0.26         0.65    (15-84 p)

----- common model:  b
P                        25.73        -0.90         0.97    (15-84 p)
K                         1.92        -0.51         0.50    (15-84 p)
mean_long                   51          -23           24    (15-84 p)
e                        0.084       -0.059        0.088    (15-84 p)
omega                      -58          -70          135    (15-84 p)

----- common model:  c
P                       1.3968      -0.0021       0.0019    (15-84 p)
K                         0.74        -0.15         0.15    (15-84 p)
mean_long                  319          -18           18    (15-84 p)
e                        0.098       -0.069        0.089    (15-84 p)
omega                      -91          -60          182    (15-84 p)

----- common model:  d
P                           32          -26           38    (15-84 p)
K                        0.050       -0.047         0.47    (15-84 p)
mean_long                   98         -122          108    (15-84 p)
e                        0.067       -0.047        0.076    (15-84 p)
omega                       -1         -124          124    (15-84 p)

----- common model:  activity
Prot                     28.26        -0.38         0.39    (15-84 p)
Pdec                     31.25        -0.96          2.7    (15-84 p)
Oamp                     0.401       -0.031        0.031    (15-84 p)

----- common model:  star_parameters

====================================================================================================
     Statistics on the derived parameters obtained from the posteriors samples     
====================================================================================================

----- common model:  b
Inclination fixed to 90 deg!
Computing planetary mass under the approximation M_planet << M_star (threshold at 30.0 Me)
a_Rs                     36.66        -0.86         0.91    (15-84 p)
M_Mj                    0.0276      -0.0074       0.0073    (15-84 p)
M_Me                       8.8         -2.4          2.3    (15-84 p)
Tc                     59337.7         -1.7          2.0    (15-84 p)
a_AU_(M)                0.1706      -0.0040       0.0043    (15-84 p)
a_AU_(rho,R)            0.1706      -0.0040       0.0043    (15-84 p)

----- common model:  c
Inclination fixed to 90 deg!
Computing planetary mass under the approximation M_planet << M_star (threshold at 30.0 Me)
a_Rs                    5.2561      -0.0052       0.0047    (15-84 p)
M_Mj                   0.00404     -0.00082      0.00081    (15-84 p)
M_Me                      1.28        -0.26         0.26    (15-84 p)
Tc                   59335.228       -0.080        0.073    (15-84 p)
a_AU_(M)              0.024454    -0.000024     0.000022    (15-84 p)
a_AU_(rho,R)          0.024454    -0.000024     0.000022    (15-84 p)

----- common model:  d
Inclination fixed to 90 deg!
Computing planetary mass under the approximation M_planet << M_star (threshold at 30.0 Me)
a_Rs                        42          -29           29    (15-84 p)
M_Mj                   0.00068     -0.00063       0.0076    (15-84 p)
M_Me                      0.21        -0.20          2.4    (15-84 p)
Tc                     59344.4         -8.0           37    (15-84 p)
a_AU_(M)                  0.20        -0.13         0.13    (15-84 p)
a_AU_(rho,R)              0.20        -0.13         0.13    (15-84 p)


====================================================================================================
     ------------------------------------------------------------------------------------------     
====================================================================================================



15000.0   steps completed, average lnprob:,  -3391.855116535675


Computing the autocorrelation time of the chains

***** WARNING ******
The integrated autocorrelation time cannot be reliably estimated
likely the chains are too short, and ACF analysis is not fully reliable
emcee.autocorr.integrated_time tolerance lowered to 20
If you still get a warning, you should drop these results entirely
Chains too short to apply convergence criteria
They should be at least 850*nthin = 127500

====================================================================================================
     Statistics on the posterior of the sampler parameters     
====================================================================================================

----- dataset:  RVdata
jitter_0        18         1.163       -0.054        0.058   (15-84 p)   [    0.0009,    13.3000]
offset_0        19          8.38        -0.79         0.82   (15-84 p)   [-9997.8210, 10017.2110]
offset_1        20         10.18        -0.84         0.86   (15-84 p)   [-9997.8210, 10017.2110]
offset_2        21          9.78        -0.79         0.82   (15-84 p)   [-9997.8210, 10017.2110]
offset_3        22          9.63        -0.81         0.82   (15-84 p)   [-9997.8210, 10017.2110]

----- dataset: RVdata                    ----- model: gp_multidimensional           
rot_amp         23           5.3         -1.5          1.7   (15-84 p)   [    0.0000,    10.0000]
con_amp         24          1.72        -0.30         0.39   (15-84 p)   [  -20.0000,    20.0000]

----- dataset:  FWHMdata
jitter_0        25          0.32        -0.19         0.32   (15-84 p)   [    0.0500,   500.0000]
offset_0        26        6694.3         -1.2          1.1   (15-84 p)   [-3319.7439, 16948.1456]
offset_1        27        6938.3         -1.5          1.5   (15-84 p)   [-3319.7439, 16948.1456]
offset_2        28        6857.9         -1.1          1.2   (15-84 p)   [-3319.7439, 16948.1456]
offset_3        29        6896.1         -1.2          1.2   (15-84 p)   [-3319.7439, 16948.1456]

----- dataset: FWHMdata                  ----- model: gp_multidimensional           
rot_amp         30           0.7         -2.2          2.0   (15-84 p)   [  -10.0000,    10.0000]
con_amp         31         -2.21        -0.49         0.39   (15-84 p)   [  -20.0000,    20.0000]

----- dataset:  Contrastdata
jitter_0        32           190          -12           13   (15-84 p)   [    1.3000, 13000.0000]
offset_0        33       -353761          -26           25   (15-84 p)   [-468110.1377, -343008.9918]
offset_1        34       -433627          -48           49   (15-84 p)   [-468110.1377, -343008.9918]
offset_2        35       -457683          -26           30   (15-84 p)   [-468110.1377, -343008.9918]
offset_3        36       -362680          -27           27   (15-84 p)   [-468110.1377, -343008.9918]

----- dataset: Contrastdata              ----- model: gp_multidimensional           
rot_amp         37           1.3         -7.0          6.2   (15-84 p)   [  -10.0000,    10.0000]
con_amp         38        -19.41        -0.43         0.99   (15-84 p)   [  -20.0000,    20.0000]

----- common model:  b
P                0         4.686       -0.051        0.052   (15-84 p)   [    0.3785,     6.6439]
K                1          0.97        -0.46         0.35   (15-84 p)   [   -9.9658,     3.3219]
sre_coso         2          0.05        -0.23         0.21   (15-84 p)   [   -1.0000,     1.0000]
sre_sino         3         -0.13        -0.20         0.25   (15-84 p)   [   -1.0000,     1.0000]
mean_long        4            51          -23           24   (15-84 p)   [ -132.8067,   227.1933]

----- common model:  c
P                5        0.4822      -0.0024       0.0019   (15-84 p)   [    0.3785,     6.6439]
K                6         -0.42        -0.33         0.27   (15-84 p)   [   -9.9658,     3.3219]
sre_coso         7         -0.11        -0.21         0.24   (15-84 p)   [   -1.0000,     1.0000]
sre_sino         8         -0.17        -0.17         0.23   (15-84 p)   [   -1.0000,     1.0000]
mean_long        9           319          -18           17   (15-84 p)   [  144.9869,   504.9869]

----- common model:  d
P               10           3.6         -2.1          1.9   (15-84 p)   [    0.3785,     6.6439]
K               11          -3.9         -4.1          3.1   (15-84 p)   [   -9.9658,     3.3219]
sre_coso        12         -0.01        -0.21         0.21   (15-84 p)   [   -1.0000,     1.0000]
sre_sino        13         -0.01        -0.21         0.21   (15-84 p)   [   -1.0000,     1.0000]
mean_long       14            89         -119          108   (15-84 p)   [  -95.1539,   264.8461]

----- common model:  activity
Prot            15         28.27        -0.35         0.38   (15-84 p)   [   20.0000,    35.0000]
Pdec            16          32.6         -1.9          3.3   (15-84 p)   [   30.0000,  1000.0000]
Oamp            17         -1.32        -0.11         0.10   (15-84 p)   [   -6.6439,     0.0000]

----- common model:  star_parameters

====================================================================================================
     Statistics on the model parameters obtained from the posteriors samples     
====================================================================================================

----- dataset:  RVdata
jitter_0                 1.163       -0.054        0.058    (15-84 p)
offset_0                  8.38        -0.79         0.82    (15-84 p)
offset_1                 10.18        -0.84         0.86    (15-84 p)
offset_2                  9.78        -0.79         0.82    (15-84 p)
offset_3                  9.63        -0.81         0.82    (15-84 p)


----- dataset: RVdata                    ----- model: gp_multidimensional           
rot_amp                    5.3         -1.5          1.7    (15-84 p)
con_amp                   1.72        -0.30         0.39    (15-84 p)

----- dataset:  FWHMdata
jitter_0                  0.32        -0.19         0.32    (15-84 p)
offset_0                6694.3         -1.2          1.1    (15-84 p)
offset_1                6938.3         -1.5          1.5    (15-84 p)
offset_2                6857.9         -1.1          1.2    (15-84 p)
offset_3                6896.1         -1.2          1.2    (15-84 p)


----- dataset: FWHMdata                  ----- model: gp_multidimensional           
rot_amp                    0.7         -2.2          2.0    (15-84 p)
con_amp                  -2.21        -0.49         0.39    (15-84 p)

----- dataset:  Contrastdata
jitter_0                   190          -12           13    (15-84 p)
offset_0               -353761          -26           25    (15-84 p)
offset_1               -433627          -48           49    (15-84 p)
offset_2               -457683          -26           30    (15-84 p)
offset_3               -362680          -27           27    (15-84 p)


----- dataset: Contrastdata              ----- model: gp_multidimensional           
rot_amp                    1.3         -7.0          6.2    (15-84 p)
con_amp                 -19.41        -0.43         0.99    (15-84 p)

----- common model:  b
P                        25.73        -0.89         0.94    (15-84 p)
K                         1.96        -0.54         0.53    (15-84 p)
mean_long                   51          -23           24    (15-84 p)
e                        0.087       -0.061        0.086    (15-84 p)
omega                      -48          -71          121    (15-84 p)

----- common model:  c
P                       1.3969      -0.0023       0.0019    (15-84 p)
K                         0.75        -0.15         0.16    (15-84 p)
mean_long                  319          -18           17    (15-84 p)
e                        0.101       -0.069        0.084    (15-84 p)
omega                      -95          -55          174    (15-84 p)

----- common model:  d
P                         12.4         -9.5           35    (15-84 p)
K                        0.068       -0.064         0.51    (15-84 p)
mean_long                   89         -119          108    (15-84 p)
e                        0.065       -0.046        0.073    (15-84 p)
omega                       -6         -120          133    (15-84 p)

----- common model:  activity
Prot                     28.27        -0.35         0.38    (15-84 p)
Pdec                      32.6         -1.9          3.3    (15-84 p)
Oamp                     0.400       -0.030        0.029    (15-84 p)

----- common model:  star_parameters

====================================================================================================
     Statistics on the derived parameters obtained from the posteriors samples     
====================================================================================================

----- common model:  b
Inclination fixed to 90 deg!
Computing planetary mass under the approximation M_planet << M_star (threshold at 30.0 Me)
a_Rs                     36.66        -0.85         0.88    (15-84 p)
M_Mj                    0.0283      -0.0078       0.0077    (15-84 p)
M_Me                       9.0         -2.5          2.5    (15-84 p)
Tc                     59337.7         -1.6          2.4    (15-84 p)
a_AU_(M)                0.1706      -0.0040       0.0041    (15-84 p)
a_AU_(rho,R)            0.1706      -0.0040       0.0041    (15-84 p)

----- common model:  c
Inclination fixed to 90 deg!
Computing planetary mass under the approximation M_planet << M_star (threshold at 30.0 Me)
a_Rs                    5.2564      -0.0057       0.0047    (15-84 p)
M_Mj                   0.00409     -0.00082      0.00084    (15-84 p)
M_Me                      1.30        -0.26         0.27    (15-84 p)
Tc                   59335.226       -0.069        0.075    (15-84 p)
a_AU_(M)              0.024455    -0.000027     0.000022    (15-84 p)
a_AU_(rho,R)          0.024455    -0.000027     0.000022    (15-84 p)

----- common model:  d
Inclination fixed to 90 deg!
Computing planetary mass under the approximation M_planet << M_star (threshold at 30.0 Me)
a_Rs                        23          -14           33    (15-84 p)
M_Mj                   0.00072     -0.00068       0.0058    (15-84 p)
M_Me                      0.23        -0.22          1.8    (15-84 p)
Tc                     59339.4         -3.8           17    (15-84 p)
a_AU_(M)                 0.105       -0.065         0.15    (15-84 p)
a_AU_(rho,R)             0.105       -0.065         0.15    (15-84 p)


====================================================================================================
     ------------------------------------------------------------------------------------------     
====================================================================================================



30000.0   steps completed, average lnprob:,  -3391.230112853348


Computing the autocorrelation time of the chains

***** WARNING ******
The integrated autocorrelation time cannot be reliably estimated
likely the chains are too short, and ACF analysis is not fully reliable
emcee.autocorr.integrated_time tolerance lowered to 20
If you still get a warning, you should drop these results entirely
Chains too short to apply convergence criteria
They should be at least 1000*nthin = 150000

====================================================================================================
     Statistics on the posterior of the sampler parameters     
====================================================================================================

----- dataset:  RVdata
jitter_0        18         1.164       -0.053        0.058   (15-84 p)   [    0.0009,    13.3000]
offset_0        19          8.38        -0.80         0.82   (15-84 p)   [-9997.8210, 10017.2110]
offset_1        20         10.20        -0.82         0.86   (15-84 p)   [-9997.8210, 10017.2110]
offset_2        21          9.78        -0.79         0.83   (15-84 p)   [-9997.8210, 10017.2110]
offset_3        22          9.63        -0.80         0.83   (15-84 p)   [-9997.8210, 10017.2110]

----- dataset: RVdata                    ----- model: gp_multidimensional           
rot_amp         23           5.3         -1.5          1.7   (15-84 p)   [    0.0000,    10.0000]
con_amp         24          1.71        -0.29         0.39   (15-84 p)   [  -20.0000,    20.0000]

----- dataset:  FWHMdata
jitter_0        25          0.34        -0.20         0.32   (15-84 p)   [    0.0500,   500.0000]
offset_0        26        6694.3         -1.2          1.2   (15-84 p)   [-3319.7439, 16948.1456]
offset_1        27        6938.3         -1.5          1.5   (15-84 p)   [-3319.7439, 16948.1456]
offset_2        28        6857.9         -1.2          1.1   (15-84 p)   [-3319.7439, 16948.1456]
offset_3        29        6896.1         -1.2          1.2   (15-84 p)   [-3319.7439, 16948.1456]

----- dataset: FWHMdata                  ----- model: gp_multidimensional           
rot_amp         30           0.5         -2.1          2.1   (15-84 p)   [  -10.0000,    10.0000]
con_amp         31         -2.20        -0.50         0.38   (15-84 p)   [  -20.0000,    20.0000]

----- dataset:  Contrastdata
jitter_0        32           190          -12           13   (15-84 p)   [    1.3000, 13000.0000]
offset_0        33       -353760          -26           25   (15-84 p)   [-468110.1377, -343008.9918]
offset_1        34       -433627          -49           48   (15-84 p)   [-468110.1377, -343008.9918]
offset_2        35       -457682          -27           28   (15-84 p)   [-468110.1377, -343008.9918]
offset_3        36       -362681          -27           27   (15-84 p)   [-468110.1377, -343008.9918]

----- dataset: Contrastdata              ----- model: gp_multidimensional           
rot_amp         37           0.7         -6.9          6.5   (15-84 p)   [  -10.0000,    10.0000]
con_amp         38        -19.38        -0.46          1.1   (15-84 p)   [  -20.0000,    20.0000]

----- common model:  b
P                0         4.687       -0.052        0.052   (15-84 p)   [    0.3785,     6.6439]
K                1          0.97        -0.44         0.34   (15-84 p)   [   -9.9658,     3.3219]
sre_coso         2          0.05        -0.23         0.21   (15-84 p)   [   -1.0000,     1.0000]
sre_sino         3         -0.12        -0.21         0.25   (15-84 p)   [   -1.0000,     1.0000]
mean_long        4            51          -23           24   (15-84 p)   [ -132.8067,   227.1933]

----- common model:  c
P                5        0.4821      -0.0023       0.0020   (15-84 p)   [    0.3785,     6.6439]
K                6         -0.41        -0.32         0.27   (15-84 p)   [   -9.9658,     3.3219]
sre_coso         7         -0.11        -0.21         0.24   (15-84 p)   [   -1.0000,     1.0000]
sre_sino         8         -0.17        -0.17         0.23   (15-84 p)   [   -1.0000,     1.0000]
mean_long        9           319          -17           18   (15-84 p)   [  144.9869,   504.9869]

----- common model:  d
P               10           3.7         -2.1          1.9   (15-84 p)   [    0.3785,     6.6439]
K               11          -4.1         -4.0          3.2   (15-84 p)   [   -9.9658,     3.3219]
sre_coso        12         -0.01        -0.21         0.22   (15-84 p)   [   -1.0000,     1.0000]
sre_sino        13         -0.01        -0.21         0.21   (15-84 p)   [   -1.0000,     1.0000]
mean_long       14            85         -116          112   (15-84 p)   [  -95.1539,   264.8461]

----- common model:  activity
Prot            15         28.28        -0.37         0.37   (15-84 p)   [   20.0000,    35.0000]
Pdec            16          32.6         -1.9          3.5   (15-84 p)   [   30.0000,  1000.0000]
Oamp            17         -1.32        -0.11         0.10   (15-84 p)   [   -6.6439,     0.0000]

----- common model:  star_parameters

====================================================================================================
     Statistics on the model parameters obtained from the posteriors samples     
====================================================================================================

----- dataset:  RVdata
jitter_0                 1.164       -0.053        0.058    (15-84 p)
offset_0                  8.38        -0.80         0.82    (15-84 p)
offset_1                 10.20        -0.82         0.86    (15-84 p)
offset_2                  9.78        -0.79         0.83    (15-84 p)
offset_3                  9.63        -0.80         0.83    (15-84 p)


----- dataset: RVdata                    ----- model: gp_multidimensional           
rot_amp                    5.3         -1.5          1.7    (15-84 p)
con_amp                   1.71        -0.29         0.39    (15-84 p)

----- dataset:  FWHMdata
jitter_0                  0.34        -0.20         0.32    (15-84 p)
offset_0                6694.3         -1.2          1.2    (15-84 p)
offset_1                6938.3         -1.5          1.5    (15-84 p)
offset_2                6857.9         -1.2          1.1    (15-84 p)
offset_3                6896.1         -1.2          1.2    (15-84 p)


----- dataset: FWHMdata                  ----- model: gp_multidimensional           
rot_amp                    0.5         -2.1          2.1    (15-84 p)
con_amp                  -2.20        -0.50         0.38    (15-84 p)

----- dataset:  Contrastdata
jitter_0                   190          -12           13    (15-84 p)
offset_0               -353760          -26           25    (15-84 p)
offset_1               -433627          -49           48    (15-84 p)
offset_2               -457682          -27           28    (15-84 p)
offset_3               -362681          -27           27    (15-84 p)


----- dataset: Contrastdata              ----- model: gp_multidimensional           
rot_amp                    0.7         -6.9          6.5    (15-84 p)
con_amp                 -19.38        -0.46          1.1    (15-84 p)

----- common model:  b
P                        25.76        -0.92         0.95    (15-84 p)
K                         1.96        -0.51         0.52    (15-84 p)
mean_long                   51          -23           24    (15-84 p)
e                        0.087       -0.060        0.085    (15-84 p)
omega                      -47          -72          124    (15-84 p)

----- common model:  c
P                       1.3968      -0.0022       0.0019    (15-84 p)
K                         0.75        -0.15         0.16    (15-84 p)
mean_long                  319          -17           18    (15-84 p)
e                        0.102       -0.070        0.086    (15-84 p)
omega                      -96          -54          172    (15-84 p)

----- common model:  d
P                         12.7         -9.7           36    (15-84 p)
K                        0.059       -0.055         0.50    (15-84 p)
mean_long                   85         -116          112    (15-84 p)
e                        0.066       -0.047        0.072    (15-84 p)
omega                       -7         -121          134    (15-84 p)

----- common model:  activity
Prot                     28.28        -0.37         0.37    (15-84 p)
Pdec                      32.6         -1.9          3.5    (15-84 p)
Oamp                     0.400       -0.029        0.030    (15-84 p)

----- common model:  star_parameters

====================================================================================================
     Statistics on the derived parameters obtained from the posteriors samples     
====================================================================================================

----- common model:  b
Inclination fixed to 90 deg!
Computing planetary mass under the approximation M_planet << M_star (threshold at 30.0 Me)
a_Rs                     36.69        -0.88         0.90    (15-84 p)
M_Mj                    0.0283      -0.0075       0.0076    (15-84 p)
M_Me                       9.0         -2.4          2.4    (15-84 p)
Tc                     59337.7         -1.6          2.4    (15-84 p)
a_AU_(M)                0.1707      -0.0041       0.0042    (15-84 p)
a_AU_(rho,R)            0.1707      -0.0041       0.0042    (15-84 p)

----- common model:  c
Inclination fixed to 90 deg!
Computing planetary mass under the approximation M_planet << M_star (threshold at 30.0 Me)
a_Rs                    5.2562      -0.0056       0.0048    (15-84 p)
M_Mj                   0.00409     -0.00082      0.00084    (15-84 p)
M_Me                      1.30        -0.26         0.27    (15-84 p)
Tc                   59335.229       -0.074        0.073    (15-84 p)
a_AU_(M)              0.024455    -0.000026     0.000022    (15-84 p)
a_AU_(rho,R)          0.024454    -0.000026     0.000022    (15-84 p)

----- common model:  d
Inclination fixed to 90 deg!
Computing planetary mass under the approximation M_planet << M_star (threshold at 30.0 Me)
a_Rs                        23          -14           33    (15-84 p)
M_Mj                   0.00064     -0.00060       0.0059    (15-84 p)
M_Me                      0.20        -0.19          1.9    (15-84 p)
Tc                     59339.5         -3.8           17    (15-84 p)
a_AU_(M)                 0.106       -0.066         0.15    (15-84 p)
a_AU_(rho,R)             0.106       -0.066         0.15    (15-84 p)


====================================================================================================
     ------------------------------------------------------------------------------------------     
====================================================================================================



45000.0   steps completed, average lnprob:,  -3392.0800915044074


Computing the autocorrelation time of the chains

***** WARNING ******
The integrated autocorrelation time cannot be reliably estimated
likely the chains are too short, and ACF analysis is not fully reliable
emcee.autocorr.integrated_time tolerance lowered to 20
If you still get a warning, you should drop these results entirely
Chains too short to apply convergence criteria
They should be at least 1100*nthin = 165000

====================================================================================================
     Statistics on the posterior of the sampler parameters     
====================================================================================================

----- dataset:  RVdata
jitter_0        18         1.164       -0.053        0.058   (15-84 p)   [    0.0009,    13.3000]
offset_0        19          8.39        -0.80         0.83   (15-84 p)   [-9997.8210, 10017.2110]
offset_1        20         10.21        -0.82         0.87   (15-84 p)   [-9997.8210, 10017.2110]
offset_2        21          9.79        -0.80         0.84   (15-84 p)   [-9997.8210, 10017.2110]
offset_3        22          9.64        -0.80         0.85   (15-84 p)   [-9997.8210, 10017.2110]

----- dataset: RVdata                    ----- model: gp_multidimensional           
rot_amp         23           5.3         -1.5          1.7   (15-84 p)   [    0.0000,    10.0000]
con_amp         24          1.71        -0.30         0.39   (15-84 p)   [  -20.0000,    20.0000]

----- dataset:  FWHMdata
jitter_0        25          0.34        -0.21         0.33   (15-84 p)   [    0.0500,   500.0000]
offset_0        26        6694.3         -1.2          1.2   (15-84 p)   [-3319.7439, 16948.1456]
offset_1        27        6938.3         -1.5          1.5   (15-84 p)   [-3319.7439, 16948.1456]
offset_2        28        6857.9         -1.2          1.1   (15-84 p)   [-3319.7439, 16948.1456]
offset_3        29        6896.1         -1.2          1.2   (15-84 p)   [-3319.7439, 16948.1456]

----- dataset: FWHMdata                  ----- model: gp_multidimensional           
rot_amp         30           0.5         -2.1          2.1   (15-84 p)   [  -10.0000,    10.0000]
con_amp         31         -2.19        -0.49         0.38   (15-84 p)   [  -20.0000,    20.0000]

----- dataset:  Contrastdata
jitter_0        32           190          -12           13   (15-84 p)   [    1.3000, 13000.0000]
offset_0        33       -353761          -26           25   (15-84 p)   [-468110.1377, -343008.9918]
offset_1        34       -433627          -49           48   (15-84 p)   [-468110.1377, -343008.9918]
offset_2        35       -457681          -27           28   (15-84 p)   [-468110.1377, -343008.9918]
offset_3        36       -362682          -27           27   (15-84 p)   [-468110.1377, -343008.9918]

----- dataset: Contrastdata              ----- model: gp_multidimensional           
rot_amp         37           0.9         -7.0          6.5   (15-84 p)   [  -10.0000,    10.0000]
con_amp         38        -19.37        -0.47          1.1   (15-84 p)   [  -20.0000,    20.0000]

----- common model:  b
P                0         4.688       -0.053        0.052   (15-84 p)   [    0.3785,     6.6439]
K                1          0.97        -0.44         0.34   (15-84 p)   [   -9.9658,     3.3219]
sre_coso         2          0.05        -0.23         0.21   (15-84 p)   [   -1.0000,     1.0000]
sre_sino         3         -0.13        -0.20         0.25   (15-84 p)   [   -1.0000,     1.0000]
mean_long        4            52          -23           24   (15-84 p)   [ -132.8067,   227.1933]

----- common model:  c
P                5        0.4822      -0.0023       0.0020   (15-84 p)   [    0.3785,     6.6439]
K                6         -0.41        -0.32         0.27   (15-84 p)   [   -9.9658,     3.3219]
sre_coso         7         -0.13        -0.21         0.24   (15-84 p)   [   -1.0000,     1.0000]
sre_sino         8         -0.17        -0.16         0.22   (15-84 p)   [   -1.0000,     1.0000]
mean_long        9           319          -17           18   (15-84 p)   [  144.9869,   504.9869]

----- common model:  d
P               10           3.7         -2.1          2.0   (15-84 p)   [    0.3785,     6.6439]
K               11          -4.3         -3.9          3.3   (15-84 p)   [   -9.9658,     3.3219]
sre_coso        12         -0.01        -0.21         0.22   (15-84 p)   [   -1.0000,     1.0000]
sre_sino        13         -0.01        -0.21         0.21   (15-84 p)   [   -1.0000,     1.0000]
mean_long       14            85         -116          112   (15-84 p)   [  -95.1539,   264.8461]

----- common model:  activity
Prot            15         28.27        -0.37         0.38   (15-84 p)   [   20.0000,    35.0000]
Pdec            16          32.6         -2.0          3.6   (15-84 p)   [   30.0000,  1000.0000]
Oamp            17         -1.32        -0.11         0.10   (15-84 p)   [   -6.6439,     0.0000]

----- common model:  star_parameters

====================================================================================================
     Statistics on the model parameters obtained from the posteriors samples     
====================================================================================================

----- dataset:  RVdata
jitter_0                 1.164       -0.053        0.058    (15-84 p)
offset_0                  8.39        -0.80         0.83    (15-84 p)
offset_1                 10.21        -0.82         0.87    (15-84 p)
offset_2                  9.79        -0.80         0.84    (15-84 p)
offset_3                  9.64        -0.80         0.85    (15-84 p)


----- dataset: RVdata                    ----- model: gp_multidimensional           
rot_amp                    5.3         -1.5          1.7    (15-84 p)
con_amp                   1.71        -0.30         0.39    (15-84 p)

----- dataset:  FWHMdata
jitter_0                  0.34        -0.21         0.33    (15-84 p)
offset_0                6694.3         -1.2          1.2    (15-84 p)
offset_1                6938.3         -1.5          1.5    (15-84 p)
offset_2                6857.9         -1.2          1.1    (15-84 p)
offset_3                6896.1         -1.2          1.2    (15-84 p)


----- dataset: FWHMdata                  ----- model: gp_multidimensional           
rot_amp                    0.5         -2.1          2.1    (15-84 p)
con_amp                  -2.19        -0.49         0.38    (15-84 p)

----- dataset:  Contrastdata
jitter_0                   190          -12           13    (15-84 p)
offset_0               -353761          -26           25    (15-84 p)
offset_1               -433627          -49           48    (15-84 p)
offset_2               -457681          -27           28    (15-84 p)
offset_3               -362682          -27           27    (15-84 p)


----- dataset: Contrastdata              ----- model: gp_multidimensional           
rot_amp                    0.9         -7.0          6.5    (15-84 p)
con_amp                 -19.37        -0.47          1.1    (15-84 p)

----- common model:  b
P                        25.78        -0.93         0.95    (15-84 p)
K                         1.96        -0.52         0.51    (15-84 p)
mean_long                   52          -23           24    (15-84 p)
e                        0.086       -0.060        0.085    (15-84 p)
omega                      -47          -71          123    (15-84 p)

----- common model:  c
P                       1.3969      -0.0022       0.0019    (15-84 p)
K                         0.75        -0.15         0.15    (15-84 p)
mean_long                  319          -17           18    (15-84 p)
e                        0.104       -0.071        0.087    (15-84 p)
omega                      -99          -52          167    (15-84 p)

----- common model:  d
P                         12.8         -9.8           37    (15-84 p)
K                        0.052       -0.048         0.47    (15-84 p)
mean_long                   85         -116          112    (15-84 p)
e                        0.065       -0.046        0.072    (15-84 p)
omega                       -4         -123          132    (15-84 p)

----- common model:  activity
Prot                     28.27        -0.37         0.38    (15-84 p)
Pdec                      32.6         -2.0          3.6    (15-84 p)
Oamp                     0.400       -0.030        0.030    (15-84 p)

----- common model:  star_parameters

====================================================================================================
     Statistics on the derived parameters obtained from the posteriors samples     
====================================================================================================

----- common model:  b
Inclination fixed to 90 deg!
Computing planetary mass under the approximation M_planet << M_star (threshold at 30.0 Me)
a_Rs                     36.71        -0.89         0.89    (15-84 p)
M_Mj                    0.0283      -0.0075       0.0075    (15-84 p)
M_Me                       9.0         -2.4          2.4    (15-84 p)
Tc                     59337.6         -1.6          2.3    (15-84 p)
a_AU_(M)                0.1708      -0.0041       0.0042    (15-84 p)
a_AU_(rho,R)            0.1708      -0.0041       0.0042    (15-84 p)

----- common model:  c
Inclination fixed to 90 deg!
Computing planetary mass under the approximation M_planet << M_star (threshold at 30.0 Me)
a_Rs                    5.2563      -0.0055       0.0048    (15-84 p)
M_Mj                   0.00411     -0.00080      0.00082    (15-84 p)
M_Me                      1.31        -0.26         0.26    (15-84 p)
Tc                   59335.229       -0.076        0.073    (15-84 p)
a_AU_(M)              0.024455    -0.000026     0.000022    (15-84 p)
a_AU_(rho,R)          0.024455    -0.000026     0.000022    (15-84 p)

----- common model:  d
Inclination fixed to 90 deg!
Computing planetary mass under the approximation M_planet << M_star (threshold at 30.0 Me)
a_Rs                        23          -14           34    (15-84 p)
M_Mj                   0.00057     -0.00053       0.0056    (15-84 p)
M_Me                      0.18        -0.17          1.8    (15-84 p)
Tc                     59339.5         -3.8           18    (15-84 p)
a_AU_(M)                 0.107       -0.067         0.16    (15-84 p)
a_AU_(rho,R)             0.107       -0.067         0.16    (15-84 p)


====================================================================================================
     ------------------------------------------------------------------------------------------     
====================================================================================================



60000.0   steps completed, average lnprob:,  -3391.525846857929


emcee completed


:::---::: PyORBIT v11.0.1 :::---:::

Python version in use:
3.10.18 (main, Jun  5 2025, 13:14:17) [GCC 11.2.0]
LaTeX disabled by default

Using orbital model:  keplerian
Using orbital parametrization:  Eastman2013

Using orbital model:  keplerian
Using orbital parametrization:  Eastman2013

Using orbital model:  keplerian
Using orbital parametrization:  Eastman2013

gp_multidimensional  S+LEAF model, number of harmonics: 4

GP model: gp_multidimensional  hyperparameters_condition:    True
GP model: gp_multidimensional  rotation_decay_condition:     True

### PyORBIT version used in the analysis:  11.0.1

 emcee version:  3.1.6

 Reference Time Tref: 59334.700184

 Data points:834
 Dimensions: 39
 Nwalkers:   156
 Steps:      60000


Number of samplings: 46800

Recomputing ln-prior, it may take a while...

ln-probability   distribution:  -3391.68       -5.05      4.53 (15-84 p) 
ln-prior         distribution:   -224.01       -2.51      1.74 (15-84 p) 
ln-likelihood    distribution:  -3167.37       -5.20      4.81 (15-84 p) 


*** Information criteria using the likelihood distribution

 BIC from distribution  (using likelihood)  =   6597.06     -9.62   10.40 (15-84 p)
 AIC from distribution  (using likelihood)  =   6412.73     -9.62   10.40 (15-84 p)
 AICc from distribution (using likelihood)  =   6416.66     -9.62   10.40 (15-84 p)


*** Information criteria using the median parameter set

 ln_probability of Median solution =  -3377.28
 ln_priors of Median solution      =   -221.63
 ln_likelihood of Median solution  =  -3155.64

 Median BIC  (using likelihood) =   6573.61
 Median AIC  (using likelihood) =   6389.29
 Median AICc (using likelihood) =   6393.21


*** Information criteria using the MAP parameter set

 ln_probability of MAP solution =  -3376.22
 ln_priors of MAP solution      =   -222.01
 ln_likelihood of MAP solution  =  -3154.21

 MAP BIC  (using likelihood)    =   6570.74
 MAP AIC  (using likelihood)    =   6386.41
 MAP AICc (using likelihood)    =   6390.34

 AICc suggested over AIC because NDATA ( 834 ) < 40 * NDIM ( 39 )

****************************************************************************************************


Computing the autocorrelation time of the chains

***** WARNING ******
The integrated autocorrelation time cannot be reliably estimated
likely the chains are too short, and ACF analysis is not fully reliable
emcee.autocorr.integrated_time tolerance lowered to 20
If you still get a warning, you should drop these results entirely
Chains too short to apply convergence criteria
They should be at least 1100*nthin = 165000

 ACF computation failed, no plot will be generated 


====================================================================================================
     Ids, spaces (s), boundaries (b) and priors (p) of the sampler parameters     
====================================================================================================

----- dataset:  RVdata
jitter_0      id:  18  s:Linear      b:[      0.0009,      13.3000]   p:Uniform   []
offset_0      id:  19  s:Linear      b:[  -9997.8210,   10017.2110]   p:Uniform   []
offset_1      id:  20  s:Linear      b:[  -9997.8210,   10017.2110]   p:Uniform   []
offset_2      id:  21  s:Linear      b:[  -9997.8210,   10017.2110]   p:Uniform   []
offset_3      id:  22  s:Linear      b:[  -9997.8210,   10017.2110]   p:Uniform   []

----- dataset: RVdata                    ----- model: gp_multidimensional           
rot_amp       id:  23  s:Linear      b:[      0.0000,      10.0000]   p:Uniform   []
con_amp       id:  24  s:Linear      b:[    -20.0000,      20.0000]   p:Uniform   []

----- dataset:  FWHMdata
jitter_0      id:  25  s:Linear      b:[      0.0500,     500.0000]   p:Uniform   []
offset_0      id:  26  s:Linear      b:[  -3319.7439,   16948.1456]   p:Uniform   []
offset_1      id:  27  s:Linear      b:[  -3319.7439,   16948.1456]   p:Uniform   []
offset_2      id:  28  s:Linear      b:[  -3319.7439,   16948.1456]   p:Uniform   []
offset_3      id:  29  s:Linear      b:[  -3319.7439,   16948.1456]   p:Uniform   []

----- dataset: FWHMdata                  ----- model: gp_multidimensional           
rot_amp       id:  30  s:Linear      b:[    -10.0000,      10.0000]   p:Uniform   []
con_amp       id:  31  s:Linear      b:[    -20.0000,      20.0000]   p:Uniform   []

----- dataset:  Contrastdata
jitter_0      id:  32  s:Linear      b:[      1.3000,   13000.0000]   p:Uniform   []
offset_0      id:  33  s:Linear      b:[-468110.1377, -343008.9918]   p:Uniform   []
offset_1      id:  34  s:Linear      b:[-468110.1377, -343008.9918]   p:Uniform   []
offset_2      id:  35  s:Linear      b:[-468110.1377, -343008.9918]   p:Uniform   []
offset_3      id:  36  s:Linear      b:[-468110.1377, -343008.9918]   p:Uniform   []

----- dataset: Contrastdata              ----- model: gp_multidimensional           
rot_amp       id:  37  s:Linear      b:[    -10.0000,      10.0000]   p:Uniform   []
con_amp       id:  38  s:Linear      b:[    -20.0000,      20.0000]   p:Uniform   []

----- common model:  b
P             id:   0  s:Log_Base2   b:[      0.3785,       6.6439]   p:Uniform   []
K             id:   1  s:Log_Base2   b:[     -9.9658,       3.3219]   p:Uniform   []
sre_coso      id:   2  s:Linear      b:[     -1.0000,       1.0000]   p:Uniform   []
sre_sino      id:   3  s:Linear      b:[     -1.0000,       1.0000]   p:Uniform   []
mean_long     id:   4  s:Linear      b:[   -132.8067,     227.1933]   p:Uniform   []
e             derived (no id, space, bound)                           p:Gaussian   [0.    0.098]
omega         derived (no id, space, bound)                           p:Uniform   [0.0, 360.0]

----- common model:  c
P             id:   5  s:Log_Base2   b:[      0.3785,       6.6439]   p:Uniform   []
K             id:   6  s:Log_Base2   b:[     -9.9658,       3.3219]   p:Uniform   []
sre_coso      id:   7  s:Linear      b:[     -1.0000,       1.0000]   p:Uniform   []
sre_sino      id:   8  s:Linear      b:[     -1.0000,       1.0000]   p:Uniform   []
mean_long     id:   9  s:Linear      b:[    144.9869,     504.9869]   p:Uniform   []
e             derived (no id, space, bound)                           p:Gaussian   [0.    0.098]
omega         derived (no id, space, bound)                           p:Uniform   [0.0, 360.0]

----- common model:  d
P             id:  10  s:Log_Base2   b:[      0.3785,       6.6439]   p:Uniform   []
K             id:  11  s:Log_Base2   b:[     -9.9658,       3.3219]   p:Uniform   []
sre_coso      id:  12  s:Linear      b:[     -1.0000,       1.0000]   p:Uniform   []
sre_sino      id:  13  s:Linear      b:[     -1.0000,       1.0000]   p:Uniform   []
mean_long     id:  14  s:Linear      b:[    -95.1539,     264.8461]   p:Uniform   []
e             derived (no id, space, bound)                           p:Gaussian   [0.    0.098]
omega         derived (no id, space, bound)                           p:Uniform   [0.0, 360.0]

----- common model:  activity
Prot          id:  15  s:Linear      b:[     20.0000,      35.0000]   p:Gaussian   [28.   0.5]
Pdec          id:  16  s:Linear      b:[     30.0000,    1000.0000]   p:Uniform   []
Oamp          id:  17  s:Log_Base2   b:[     -6.6439,       0.0000]   p:Gaussian   [0.35  0.035]

----- common model:  star_parameters
mass          derived (no id, space, bound)                           p:Gaussian   [1.e+00 1.e-06]
radius        derived (no id, space, bound)                           p:Gaussian   [1.e+00 1.e-06]
density       derived (no id, space, bound)                           p:Gaussian   [1.e+00 1.e-06]


****************************************************************************************************
****************************************************************************************************

 Confidence intervals (median value, 34.135th percentile from the median on the left and right side)

====================================================================================================
     Statistics on the posterior of the sampler parameters     
====================================================================================================

----- dataset:  RVdata
jitter_0        18         1.164       -0.053        0.058   (15-84 p)   [    0.0009,    13.3000]
offset_0        19          8.39        -0.80         0.83   (15-84 p)   [-9997.8210, 10017.2110]
offset_1        20         10.21        -0.82         0.87   (15-84 p)   [-9997.8210, 10017.2110]
offset_2        21          9.79        -0.80         0.84   (15-84 p)   [-9997.8210, 10017.2110]
offset_3        22          9.64        -0.80         0.85   (15-84 p)   [-9997.8210, 10017.2110]

----- dataset: RVdata                    ----- model: gp_multidimensional           
rot_amp         23           5.3         -1.5          1.7   (15-84 p)   [    0.0000,    10.0000]
con_amp         24          1.71        -0.30         0.39   (15-84 p)   [  -20.0000,    20.0000]

----- dataset:  FWHMdata
jitter_0        25          0.34        -0.21         0.33   (15-84 p)   [    0.0500,   500.0000]
offset_0        26        6694.3         -1.2          1.2   (15-84 p)   [-3319.7439, 16948.1456]
offset_1        27        6938.3         -1.5          1.5   (15-84 p)   [-3319.7439, 16948.1456]
offset_2        28        6857.9         -1.2          1.1   (15-84 p)   [-3319.7439, 16948.1456]
offset_3        29        6896.1         -1.2          1.2   (15-84 p)   [-3319.7439, 16948.1456]

----- dataset: FWHMdata                  ----- model: gp_multidimensional           
rot_amp         30           0.5         -2.1          2.1   (15-84 p)   [  -10.0000,    10.0000]
con_amp         31         -2.19        -0.49         0.38   (15-84 p)   [  -20.0000,    20.0000]

----- dataset:  Contrastdata
jitter_0        32           190          -12           13   (15-84 p)   [    1.3000, 13000.0000]
offset_0        33       -353761          -26           25   (15-84 p)   [-468110.1377, -343008.9918]
offset_1        34       -433627          -49           48   (15-84 p)   [-468110.1377, -343008.9918]
offset_2        35       -457681          -27           28   (15-84 p)   [-468110.1377, -343008.9918]
offset_3        36       -362682          -27           27   (15-84 p)   [-468110.1377, -343008.9918]

----- dataset: Contrastdata              ----- model: gp_multidimensional           
rot_amp         37           0.9         -7.0          6.5   (15-84 p)   [  -10.0000,    10.0000]
con_amp         38        -19.37        -0.47          1.1   (15-84 p)   [  -20.0000,    20.0000]

----- common model:  b
P                0         4.688       -0.053        0.052   (15-84 p)   [    0.3785,     6.6439]
K                1          0.97        -0.44         0.34   (15-84 p)   [   -9.9658,     3.3219]
sre_coso         2          0.05        -0.23         0.21   (15-84 p)   [   -1.0000,     1.0000]
sre_sino         3         -0.13        -0.20         0.25   (15-84 p)   [   -1.0000,     1.0000]
mean_long        4            52          -23           24   (15-84 p)   [ -132.8067,   227.1933]

----- common model:  c
P                5        0.4822      -0.0023       0.0020   (15-84 p)   [    0.3785,     6.6439]
K                6         -0.41        -0.32         0.27   (15-84 p)   [   -9.9658,     3.3219]
sre_coso         7         -0.13        -0.21         0.24   (15-84 p)   [   -1.0000,     1.0000]
sre_sino         8         -0.17        -0.16         0.22   (15-84 p)   [   -1.0000,     1.0000]
mean_long        9           319          -17           18   (15-84 p)   [  144.9869,   504.9869]

----- common model:  d
P               10           3.7         -2.1          2.0   (15-84 p)   [    0.3785,     6.6439]
K               11          -4.3         -3.9          3.3   (15-84 p)   [   -9.9658,     3.3219]
sre_coso        12         -0.01        -0.21         0.22   (15-84 p)   [   -1.0000,     1.0000]
sre_sino        13         -0.01        -0.21         0.21   (15-84 p)   [   -1.0000,     1.0000]
mean_long       14            85         -116          112   (15-84 p)   [  -95.1539,   264.8461]

----- common model:  activity
Prot            15         28.27        -0.37         0.38   (15-84 p)   [   20.0000,    35.0000]
Pdec            16          32.6         -2.0          3.6   (15-84 p)   [   30.0000,  1000.0000]
Oamp            17         -1.32        -0.11         0.10   (15-84 p)   [   -6.6439,     0.0000]

----- common model:  star_parameters

====================================================================================================
     Statistics on the model parameters obtained from the posteriors samples     
====================================================================================================

----- dataset:  RVdata
jitter_0                 1.164       -0.053        0.058    (15-84 p)
offset_0                  8.39        -0.80         0.83    (15-84 p)
offset_1                 10.21        -0.82         0.87    (15-84 p)
offset_2                  9.79        -0.80         0.84    (15-84 p)
offset_3                  9.64        -0.80         0.85    (15-84 p)


----- dataset: RVdata                    ----- model: gp_multidimensional           
rot_amp                    5.3         -1.5          1.7    (15-84 p)
con_amp                   1.71        -0.30         0.39    (15-84 p)

----- dataset:  FWHMdata
jitter_0                  0.34        -0.21         0.33    (15-84 p)
offset_0                6694.3         -1.2          1.2    (15-84 p)
offset_1                6938.3         -1.5          1.5    (15-84 p)
offset_2                6857.9         -1.2          1.1    (15-84 p)
offset_3                6896.1         -1.2          1.2    (15-84 p)


----- dataset: FWHMdata                  ----- model: gp_multidimensional           
rot_amp                    0.5         -2.1          2.1    (15-84 p)
con_amp                  -2.19        -0.49         0.38    (15-84 p)

----- dataset:  Contrastdata
jitter_0                   190          -12           13    (15-84 p)
offset_0               -353761          -26           25    (15-84 p)
offset_1               -433627          -49           48    (15-84 p)
offset_2               -457681          -27           28    (15-84 p)
offset_3               -362682          -27           27    (15-84 p)


----- dataset: Contrastdata              ----- model: gp_multidimensional           
rot_amp                    0.9         -7.0          6.5    (15-84 p)
con_amp                 -19.37        -0.47          1.1    (15-84 p)

----- common model:  b
P                        25.78        -0.93         0.95    (15-84 p)
K                         1.96        -0.52         0.51    (15-84 p)
mean_long                   52          -23           24    (15-84 p)
e                        0.086       -0.060        0.085    (15-84 p)
omega                      -70          -90           84    (15-84 p)

----- common model:  c
P                       1.3969      -0.0022       0.0019    (15-84 p)
K                         0.75        -0.15         0.15    (15-84 p)
mean_long                  319          -17           18    (15-84 p)
e                        0.104       -0.071        0.087    (15-84 p)
omega                      113         -206          104    (15-84 p)

----- common model:  d
P                         12.8         -9.8           37    (15-84 p)
K                        0.052       -0.048         0.47    (15-84 p)
mean_long                  102         -112          117    (15-84 p)
e                        0.065       -0.046        0.072    (15-84 p)
omega                     -152         -116          120    (15-84 p)

----- common model:  activity
Prot                     28.27        -0.37         0.38    (15-84 p)
Pdec                      32.6         -2.0          3.6    (15-84 p)
Oamp                     0.400       -0.030        0.030    (15-84 p)

----- common model:  star_parameters

====================================================================================================
     Statistics on the derived parameters obtained from the posteriors samples     
====================================================================================================

----- common model:  b
Inclination fixed to 90 deg!
Computing planetary mass under the approximation M_planet << M_star (threshold at 30.0 Me)
a_Rs                     36.71        -0.89         0.89    (15-84 p)
M_Mj                    0.0283      -0.0075       0.0075    (15-84 p)
M_Me                       9.0         -2.4          2.4    (15-84 p)
Tc                     59337.6         -1.6          2.3    (15-84 p)
a_AU_(M)                0.1708      -0.0041       0.0042    (15-84 p)
a_AU_(rho,R)            0.1708      -0.0041       0.0042    (15-84 p)

----- common model:  c
Inclination fixed to 90 deg!
Computing planetary mass under the approximation M_planet << M_star (threshold at 30.0 Me)
a_Rs                    5.2563      -0.0055       0.0048    (15-84 p)
M_Mj                   0.00411     -0.00080      0.00082    (15-84 p)
M_Me                      1.31        -0.26         0.26    (15-84 p)
Tc                   59335.229       -0.076        0.073    (15-84 p)
a_AU_(M)              0.024455    -0.000026     0.000022    (15-84 p)
a_AU_(rho,R)          0.024455    -0.000026     0.000022    (15-84 p)

----- common model:  d
Inclination fixed to 90 deg!
Computing planetary mass under the approximation M_planet << M_star (threshold at 30.0 Me)
a_Rs                        23          -14           34    (15-84 p)
M_Mj                   0.00057     -0.00053       0.0056    (15-84 p)
M_Me                      0.18        -0.17          1.8    (15-84 p)
Tc                     59339.5         -3.8           18    (15-84 p)
a_AU_(M)                 0.107       -0.067         0.16    (15-84 p)
a_AU_(rho,R)             0.107       -0.067         0.16    (15-84 p)


====================================================================================================
     ------------------------------------------------------------------------------------------     
====================================================================================================



****************************************************************************************************

 Parameters corresponding to the Maximum a Posteriori probability ( -3376.219795617097 )

====================================================================================================
     Statistics on the posterior of the sampler parameters     
====================================================================================================

----- dataset:  RVdata
jitter_0        18      1.134961 [    0.0009,    13.3000]
offset_0        19      8.112045 [-9997.8210, 10017.2110]
offset_1        20      9.725849 [-9997.8210, 10017.2110]
offset_2        21      9.539739 [-9997.8210, 10017.2110]
offset_3        22      9.358241 [-9997.8210, 10017.2110]

----- dataset: RVdata                    ----- model: gp_multidimensional           
rot_amp         23      4.400056 [    0.0000,    10.0000]
con_amp         24      1.517321 [  -20.0000,    20.0000]

----- dataset:  FWHMdata
jitter_0        25      0.255044 [    0.0500,   500.0000]
offset_0        26   6694.693787 [-3319.7439, 16948.1456]
offset_1        27   6937.304129 [-3319.7439, 16948.1456]
offset_2        28   6857.573355 [-3319.7439, 16948.1456]
offset_3        29   6895.872418 [-3319.7439, 16948.1456]

----- dataset: FWHMdata                  ----- model: gp_multidimensional           
rot_amp         30      2.242515 [  -10.0000,    10.0000]
con_amp         31     -2.431903 [  -20.0000,    20.0000]

----- dataset:  Contrastdata
jitter_0        32    200.578411 [    1.3000, 13000.0000]
offset_0        33  -353759.588226 [-468110.1377, -343008.9918]
offset_1        34  -433610.306832 [-468110.1377, -343008.9918]
offset_2        35  -457699.336400 [-468110.1377, -343008.9918]
offset_3        36  -362673.876291 [-468110.1377, -343008.9918]

----- dataset: Contrastdata              ----- model: gp_multidimensional           
rot_amp         37      0.588578 [  -10.0000,    10.0000]
con_amp         38    -19.629466 [  -20.0000,    20.0000]

----- common model:  b
P                0      4.686432 [    0.3785,     6.6439]
K                1      0.825810 [   -9.9658,     3.3219]
sre_coso         2      0.067575 [   -1.0000,     1.0000]
sre_sino         3     -0.312461 [   -1.0000,     1.0000]
mean_long        4     48.363783 [ -132.8067,   227.1933]

----- common model:  c
P                5      0.477753 [    0.3785,     6.6439]
K                6     -0.151936 [   -9.9658,     3.3219]
sre_coso         7      0.048555 [   -1.0000,     1.0000]
sre_sino         8      0.083397 [   -1.0000,     1.0000]
mean_long        9    296.521135 [  144.9869,   504.9869]

----- common model:  d
P               10      2.452722 [    0.3785,     6.6439]
K               11     -0.508559 [   -9.9658,     3.3219]
sre_coso        12     -0.295403 [   -1.0000,     1.0000]
sre_sino        13     -0.161278 [   -1.0000,     1.0000]
mean_long       14    107.689304 [  -95.1539,   264.8461]

----- common model:  activity
Prot            15     28.333535 [   20.0000,    35.0000]
Pdec            16     31.646362 [   30.0000,  1000.0000]
Oamp            17     -1.416108 [   -6.6439,     0.0000]

----- common model:  star_parameters

====================================================================================================
     Statistics on the model parameters obtained from the posteriors samples     
====================================================================================================

----- dataset:  RVdata
jitter_0              1.134961 
offset_0              8.112045 
offset_1              9.725849 
offset_2              9.539739 
offset_3              9.358241 


----- dataset: RVdata                    ----- model: gp_multidimensional           
rot_amp               4.400056 
con_amp               1.517321 

----- dataset:  FWHMdata
jitter_0              0.255044 
offset_0           6694.693787 
offset_1           6937.304129 
offset_2           6857.573355 
offset_3           6895.872418 


----- dataset: FWHMdata                  ----- model: gp_multidimensional           
rot_amp               2.242515 
con_amp              -2.431903 

----- dataset:  Contrastdata
jitter_0            200.578411 
offset_0        -353759.588226 
offset_1        -433610.306832 
offset_2        -457699.336400 
offset_3        -362673.876291 


----- dataset: Contrastdata              ----- model: gp_multidimensional           
rot_amp               0.588578 
con_amp             -19.629466 

----- common model:  b
P                    25.748773 
K                     1.772530 
mean_long            48.363783 
e                     0.102198 
omega               -77.796787 

----- common model:  c
P                     1.392573 
K                     0.900042 
mean_long           296.521135 
e                     0.009313 
omega                59.791556 

----- common model:  d
P                     5.474481 
K                     0.702924 
mean_long           107.689304 
e                     0.113273 
omega              -151.367293 

----- common model:  activity
Prot                 28.333535 
Pdec                 31.646362 
Oamp                  0.374722 

----- common model:  star_parameters

====================================================================================================
     Statistics on the derived parameters obtained from the posteriors samples     
====================================================================================================

----- common model:  b
Inclination fixed to 90 deg!
a_Rs                 36.679199 
M_Mj                  0.025614 
M_Me                  8.142451 
Tc                59337.486914 
a_AU_(M)              0.170651 
a_AU_(rho,R)          0.170649 

----- common model:  c
Inclination fixed to 90 deg!
a_Rs                  5.245593 
M_Mj                  0.004944 
M_Me                  1.571691 
Tc                59335.291815 
a_AU_(M)              0.024405 
a_AU_(rho,R)          0.024405 

----- common model:  d
Inclination fixed to 90 deg!
a_Rs                 13.066049 
M_Mj                  0.006055 
M_Me                  1.924875 
Tc                59340.085931 
a_AU_(M)              0.060790 
a_AU_(rho,R)          0.060789 


====================================================================================================
     ------------------------------------------------------------------------------------------     
====================================================================================================



****************************************************************************************************

 Parameters corresponding to the sample closest to the median values ( -3384.595470190184 )

====================================================================================================
     Statistics on the posterior of the sampler parameters     
====================================================================================================

----- dataset:  RVdata
jitter_0        18      1.169470 [    0.0009,    13.3000]
offset_0        19      8.642311 [-9997.8210, 10017.2110]
offset_1        20      9.914756 [-9997.8210, 10017.2110]
offset_2        21     10.043656 [-9997.8210, 10017.2110]
offset_3        22     10.011171 [-9997.8210, 10017.2110]

----- dataset: RVdata                    ----- model: gp_multidimensional           
rot_amp         23      6.758578 [    0.0000,    10.0000]
con_amp         24      1.528395 [  -20.0000,    20.0000]

----- dataset:  FWHMdata
jitter_0        25      0.250604 [    0.0500,   500.0000]
offset_0        26   6694.097533 [-3319.7439, 16948.1456]
offset_1        27   6936.527295 [-3319.7439, 16948.1456]
offset_2        28   6857.180352 [-3319.7439, 16948.1456]
offset_3        29   6895.630868 [-3319.7439, 16948.1456]

----- dataset: FWHMdata                  ----- model: gp_multidimensional           
rot_amp         30     -0.877777 [  -10.0000,    10.0000]
con_amp         31     -2.381305 [  -20.0000,    20.0000]

----- dataset:  Contrastdata
jitter_0        32    183.572344 [    1.3000, 13000.0000]
offset_0        33  -353766.765920 [-468110.1377, -343008.9918]
offset_1        34  -433666.805927 [-468110.1377, -343008.9918]
offset_2        35  -457679.732519 [-468110.1377, -343008.9918]
offset_3        36  -362679.210775 [-468110.1377, -343008.9918]

----- dataset: Contrastdata              ----- model: gp_multidimensional           
rot_amp         37      3.872381 [  -10.0000,    10.0000]
con_amp         38    -19.626571 [  -20.0000,    20.0000]

----- common model:  b
P                0      4.643951 [    0.3785,     6.6439]
K                1      0.237397 [   -9.9658,     3.3219]
sre_coso         2     -0.123437 [   -1.0000,     1.0000]
sre_sino         3     -0.072287 [   -1.0000,     1.0000]
mean_long        4     52.439075 [ -132.8067,   227.1933]

----- common model:  c
P                5      0.481935 [    0.3785,     6.6439]
K                6     -0.652437 [   -9.9658,     3.3219]
sre_coso         7     -0.185074 [   -1.0000,     1.0000]
sre_sino         8     -0.162486 [   -1.0000,     1.0000]
mean_long        9    325.014202 [  144.9869,   504.9869]

----- common model:  d
P               10      3.937169 [    0.3785,     6.6439]
K               11     -5.136467 [   -9.9658,     3.3219]
sre_coso        12     -0.163109 [   -1.0000,     1.0000]
sre_sino        13     -0.080010 [   -1.0000,     1.0000]
mean_long       14     30.969247 [  -95.1539,   264.8461]

----- common model:  activity
Prot            15     28.484729 [   20.0000,    35.0000]
Pdec            16     30.044786 [   30.0000,  1000.0000]
Oamp            17     -1.287638 [   -6.6439,     0.0000]

----- common model:  star_parameters

====================================================================================================
     Statistics on the model parameters obtained from the posteriors samples     
====================================================================================================

----- dataset:  RVdata
jitter_0              1.169470 
offset_0              8.642311 
offset_1              9.914756 
offset_2             10.043656 
offset_3             10.011171 


----- dataset: RVdata                    ----- model: gp_multidimensional           
rot_amp               6.758578 
con_amp               1.528395 

----- dataset:  FWHMdata
jitter_0              0.250604 
offset_0           6694.097533 
offset_1           6936.527295 
offset_2           6857.180352 
offset_3           6895.630868 


----- dataset: FWHMdata                  ----- model: gp_multidimensional           
rot_amp              -0.877777 
con_amp              -2.381305 

----- dataset:  Contrastdata
jitter_0            183.572344 
offset_0        -353766.765920 
offset_1        -433666.805927 
offset_2        -457679.732519 
offset_3        -362679.210775 


----- dataset: Contrastdata              ----- model: gp_multidimensional           
rot_amp               3.872381 
con_amp             -19.626571 

----- common model:  b
P                    25.001643 
K                     1.178864 
mean_long            52.439075 
e                     0.020462 
omega              -149.646012 

----- common model:  c
P                     1.396616 
K                     0.636205 
mean_long           325.014202 
e                     0.060654 
omega              -138.718490 

----- common model:  d
P                    15.318138 
K                     0.028430 
mean_long            30.969247 
e                     0.033006 
omega              -153.870550 

----- common model:  activity
Prot                 28.484729 
Pdec                 30.044786 
Oamp                  0.409621 

----- common model:  star_parameters

====================================================================================================
     Statistics on the derived parameters obtained from the posteriors samples     
====================================================================================================

----- common model:  b
Inclination fixed to 90 deg!
a_Rs                 35.966298 
M_Mj                  0.016954 
M_Me                  5.389507 
Tc                59337.450364 
a_AU_(M)              0.167333 
a_AU_(rho,R)          0.167332 

----- common model:  c
Inclination fixed to 90 deg!
a_Rs                  5.255738 
M_Mj                  0.003492 
M_Me                  1.110041 
Tc                59335.205946 
a_AU_(M)              0.024452 
a_AU_(rho,R)          0.024452 

----- common model:  d
Inclination fixed to 90 deg!
a_Rs                 25.944985 
M_Mj                  0.000347 
M_Me                  0.110353 
Tc                59337.358022 
a_AU_(M)              0.120709 
a_AU_(rho,R)          0.120708 


====================================================================================================
     ------------------------------------------------------------------------------------------     
====================================================================================================



****************************************************************************************************

Inclination fixed to 90 deg!
Inclination fixed to 90 deg!
Inclination fixed to 90 deg!
Note: stellar density derived from stellar mass and radius

Inclination fixed to 90 deg!
Inclination fixed to 90 deg!
Inclination fixed to 90 deg!
Inclination fixed to 90 deg!
Inclination fixed to 90 deg!
Inclination fixed to 90 deg!
 Plot FLAT chain 

****************************************************************************************************

 Skipping full correlation plot due to the high number of parameters
 To avoid this behaviour, set the keyword parameters:force_full_correlation_plot to True

****************************************************************************************************

 Plotting the chains... 

****************************************************************************************************

 Plotting the Gelman-Rubin traces... 

     Gelman-Rubin:    18     1.034604 RVdata_jitter_0 
     Gelman-Rubin:    19     1.031660 RVdata_offset_0 
     Gelman-Rubin:    20     1.026614 RVdata_offset_1 
     Gelman-Rubin:    21     1.030867 RVdata_offset_2 
     Gelman-Rubin:    22     1.031479 RVdata_offset_3 
     Gelman-Rubin:    23     1.038735 RVdata_gp_multidimensional_rot_amp 
     Gelman-Rubin:    24     1.041304 RVdata_gp_multidimensional_con_amp 
     Gelman-Rubin:    25     1.031577 FWHMdata_jitter_0 
     Gelman-Rubin:    26     1.035273 FWHMdata_offset_0 
     Gelman-Rubin:    27     1.031989 FWHMdata_offset_1 
     Gelman-Rubin:    28     1.032910 FWHMdata_offset_2 
     Gelman-Rubin:    29     1.044548 FWHMdata_offset_3 
     Gelman-Rubin:    30     1.033787 FWHMdata_gp_multidimensional_rot_amp 
     Gelman-Rubin:    31     1.047279 FWHMdata_gp_multidimensional_con_amp 
     Gelman-Rubin:    32     1.031665 Contrastdata_jitter_0 
     Gelman-Rubin:    33     1.034187 Contrastdata_offset_0 
     Gelman-Rubin:    34     1.038115 Contrastdata_offset_1 
     Gelman-Rubin:    35     1.043144 Contrastdata_offset_2 
     Gelman-Rubin:    36     1.033434 Contrastdata_offset_3 
     Gelman-Rubin:    37     1.035577 Contrastdata_gp_multidimensional_rot_amp 
     Gelman-Rubin:    38     1.063070 Contrastdata_gp_multidimensional_con_amp 
     Gelman-Rubin:     0     1.134695 b_P 
     Gelman-Rubin:     1     1.170293 b_K 
     Gelman-Rubin:     2     1.042912 b_sre_coso 
     Gelman-Rubin:     3     1.044764 b_sre_sino 
     Gelman-Rubin:     4     1.071876 b_mean_long 
     Gelman-Rubin:     5     1.037724 c_P 
     Gelman-Rubin:     6     1.035520 c_K 
     Gelman-Rubin:     7     1.038468 c_sre_coso 
     Gelman-Rubin:     8     1.030904 c_sre_sino 
     Gelman-Rubin:     9     1.032544 c_mean_long 
     Gelman-Rubin:    10     1.031453 d_P 
     Gelman-Rubin:    11     1.059166 d_K 
     Gelman-Rubin:    12     1.037709 d_sre_coso 
     Gelman-Rubin:    13     1.033516 d_sre_sino 
     Gelman-Rubin:    14     1.041510 d_mean_long 
     Gelman-Rubin:    15     1.036656 activity_Prot 
     Gelman-Rubin:    16     1.033290 activity_Pdec 
     Gelman-Rubin:    17     1.031592 activity_Oamp 

****************************************************************************************************

Plotting the common models corner plots
     Common model:  b
     Common model:  c
     Common model:  d
     Common model:  activity
     Common model:  star_parameters

****************************************************************************************************

Plotting the dataset + models corner plots 

     Dataset:  RVdata     model:  gp_multidimensional  corner plot  starting 
     Dataset:  RVdata     model:  gp_multidimensional  corner plot  done 
     Dataset:  RVdata     model:  radial_velocities_b  corner plot  starting 
     Dataset:  RVdata     model:  radial_velocities_b  corner plot  done 
     Dataset:  RVdata     model:  radial_velocities_c  corner plot  starting 
     Dataset:  RVdata     model:  radial_velocities_c  corner plot  done 
     Dataset:  RVdata     model:  radial_velocities_d  corner plot  starting 
     Dataset:  RVdata     model:  radial_velocities_d  corner plot  done 
     Dataset:  FWHMdata     model:  gp_multidimensional  corner plot  starting 
     Dataset:  FWHMdata     model:  gp_multidimensional  corner plot  done 
     Dataset:  Contrastdata     model:  gp_multidimensional  corner plot  starting 
     Dataset:  Contrastdata     model:  gp_multidimensional  corner plot  done 

****************************************************************************************************

 Saving the planet parameter samplings to files (with plots)

****************************************************************************************************

 Saving all the parameter samplings to files (with plots)

****************************************************************************************************

 Computing the models for plot/data writing 
     Splitting the plot array to allow GP prediction of extended datasets, it may take a while...
     # 56 chunks of 100 times each
     Check the documentation if the code is taking too long or if it crashes...
     Splitting the plot array to allow GP prediction of extended datasets, it may take a while...
     # 34 chunks of 100 times each
     Check the documentation if the code is taking too long or if it crashes...
     Splitting the plot array to allow GP prediction of extended datasets, it may take a while...
     # 34 chunks of 100 times each
     Check the documentation if the code is taking too long or if it crashes...
     Splitting the plot array to allow GP prediction of extended datasets, it may take a while...
     # 56 chunks of 100 times each
     Check the documentation if the code is taking too long or if it crashes...
     Splitting the plot array to allow GP prediction of extended datasets, it may take a while...
     # 34 chunks of 100 times each
     Check the documentation if the code is taking too long or if it crashes...
     Splitting the plot array to allow GP prediction of extended datasets, it may take a while...
     # 34 chunks of 100 times each
     Check the documentation if the code is taking too long or if it crashes...
     Splitting the plot array to allow GP prediction of extended datasets, it may take a while...
     # 56 chunks of 100 times each
     Check the documentation if the code is taking too long or if it crashes...
     Splitting the plot array to allow GP prediction of extended datasets, it may take a while...
     # 34 chunks of 100 times each
     Check the documentation if the code is taking too long or if it crashes...
     Splitting the plot array to allow GP prediction of extended datasets, it may take a while...
     # 34 chunks of 100 times each
     Check the documentation if the code is taking too long or if it crashes...
 Writing the plots 
 Writing the   data files 
 Writing the  MAP_ data files 
 Writing the  sampleMED_ data files 

****************************************************************************************************

