
:::---::: PyORBIT v11.0.1 :::---:::

Python version in use:
3.10.18 (main, Jun  5 2025, 13:14:17) [GCC 11.2.0]

reloaded_optimize:  False
reloaded_pyde:  False
reloaded_emcee:  False

number of multiprocessing threads: 16
multiprocessing method (should be fork):  fork

parameters/safe_reload flag (must be True for tinygp):  False

Opening:  RVdata
Opening:  FWHMdata
Opening:  Contrastdata

Adding common model of planet:  b
Adding common model of planet:  c
Using orbital model:  keplerian
Using orbital parametrization:  Eastman2013

Using orbital model:  keplerian
Using orbital parametrization:  Eastman2013

gp_multidimensional  S+LEAF model, number of harmonics: 4

GP model: gp_multidimensional  hyperparameters_condition:    True
GP model: gp_multidimensional  rotation_decay_condition:     True

====================================================================================================
     Ids, spaces (s), boundaries (b) and priors (p) of the sampler parameters     
====================================================================================================

----- dataset:  RVdata
jitter_0      id:  13  s:Linear      b:[      0.0009,      12.9000]   p:Uniform   []
offset_0      id:  14  s:Linear      b:[  -9995.1400,   10014.6000]   p:Uniform   []
offset_1      id:  15  s:Linear      b:[  -9995.1400,   10014.6000]   p:Uniform   []
offset_2      id:  16  s:Linear      b:[  -9995.1400,   10014.6000]   p:Uniform   []
offset_3      id:  17  s:Linear      b:[  -9995.1400,   10014.6000]   p:Uniform   []

----- dataset: RVdata                    ----- model: gp_multidimensional           
rot_amp       id:  18  s:Linear      b:[      0.0000,      10.0000]   p:Uniform   []
con_amp       id:  19  s:Linear      b:[    -20.0000,      20.0000]   p:Uniform   []

----- dataset:  FWHMdata
jitter_0      id:  20  s:Linear      b:[      0.0500,     500.0000]   p:Uniform   []
offset_0      id:  21  s:Linear      b:[  -3318.5370,   16947.4824]   p:Uniform   []
offset_1      id:  22  s:Linear      b:[  -3318.5370,   16947.4824]   p:Uniform   []
offset_2      id:  23  s:Linear      b:[  -3318.5370,   16947.4824]   p:Uniform   []
offset_3      id:  24  s:Linear      b:[  -3318.5370,   16947.4824]   p:Uniform   []

----- dataset: FWHMdata                  ----- model: gp_multidimensional           
rot_amp       id:  25  s:Linear      b:[    -10.0000,      10.0000]   p:Uniform   []
con_amp       id:  26  s:Linear      b:[    -20.0000,      20.0000]   p:Uniform   []

----- dataset:  Contrastdata
jitter_0      id:  27  s:Linear      b:[      1.3000,   13000.0000]   p:Uniform   []
offset_0      id:  28  s:Linear      b:[-468113.8929, -343053.8068]   p:Uniform   []
offset_1      id:  29  s:Linear      b:[-468113.8929, -343053.8068]   p:Uniform   []
offset_2      id:  30  s:Linear      b:[-468113.8929, -343053.8068]   p:Uniform   []
offset_3      id:  31  s:Linear      b:[-468113.8929, -343053.8068]   p:Uniform   []

----- dataset: Contrastdata              ----- model: gp_multidimensional           
rot_amp       id:  32  s:Linear      b:[    -10.0000,      10.0000]   p:Uniform   []
con_amp       id:  33  s:Linear      b:[    -20.0000,      20.0000]   p:Uniform   []

----- common model:  b
P             id:   0  s:Log_Base2   b:[      0.3785,       6.6439]   p:Uniform   []
K             id:   1  s:Log_Base2   b:[     -9.9658,       3.3219]   p:Uniform   []
sre_coso      id:   2  s:Linear      b:[     -1.0000,       1.0000]   p:Uniform   []
sre_sino      id:   3  s:Linear      b:[     -1.0000,       1.0000]   p:Uniform   []
mean_long     id:   4  s:Linear      b:[      0.0000,     360.0000]   p:Uniform   []
e             derived (no id, space, bound)                           p:Gaussian   [0.    0.098]
omega         derived (no id, space, bound)                           p:Uniform   [0.0, 360.0]

----- common model:  c
P             id:   5  s:Log_Base2   b:[      0.3785,       6.6439]   p:Uniform   []
K             id:   6  s:Log_Base2   b:[     -9.9658,       3.3219]   p:Uniform   []
sre_coso      id:   7  s:Linear      b:[     -1.0000,       1.0000]   p:Uniform   []
sre_sino      id:   8  s:Linear      b:[     -1.0000,       1.0000]   p:Uniform   []
mean_long     id:   9  s:Linear      b:[      0.0000,     360.0000]   p:Uniform   []
e             derived (no id, space, bound)                           p:Gaussian   [0.    0.098]
omega         derived (no id, space, bound)                           p:Uniform   [0.0, 360.0]

----- common model:  activity
Prot          id:  10  s:Linear      b:[     20.0000,      35.0000]   p:Gaussian   [28.   0.5]
Pdec          id:  11  s:Linear      b:[     30.0000,    1000.0000]   p:Uniform   []
Oamp          id:  12  s:Log_Base2   b:[     -6.6439,       0.0000]   p:Gaussian   [0.35  0.035]

----- common model:  star_parameters
mass          derived (no id, space, bound)                           p:Gaussian   [1.e+00 1.e-06]
radius        derived (no id, space, bound)                           p:Gaussian   [1.e+00 1.e-06]
density       derived (no id, space, bound)                           p:Gaussian   [1.e+00 1.e-06]

Include priors:  True

Reference Time Tref:  59334.700184

Dimensions =  34
Nwalkers =  136

Using threading pool for PyDE: True
PyDE running
Boundaries redefined after PyDE output
PyDE completed, it took         72.4 seconds

====================================================================================================
     Starting point of the sample/optimization routines    
====================================================================================================

----- dataset:  RVdata
jitter_0        13      1.116184 [    0.0009,    12.9000]
offset_0        14      9.119876 [-9995.1400, 10014.6000]
offset_1        15     11.027034 [-9995.1400, 10014.6000]
offset_2        16      9.948529 [-9995.1400, 10014.6000]
offset_3        17     10.285444 [-9995.1400, 10014.6000]

----- dataset: RVdata                    ----- model: gp_multidimensional           
rot_amp         18      5.560817 [    0.0000,    10.0000]
con_amp         19      0.477709 [  -20.0000,    20.0000]

----- dataset:  FWHMdata
jitter_0        20      0.053039 [    0.0500,   500.0000]
offset_0        21   6693.398879 [-3318.5370, 16947.4824]
offset_1        22   6939.564993 [-3318.5370, 16947.4824]
offset_2        23   6857.411746 [-3318.5370, 16947.4824]
offset_3        24   6898.428832 [-3318.5370, 16947.4824]

----- dataset: FWHMdata                  ----- model: gp_multidimensional           
rot_amp         25      5.426139 [  -10.0000,    10.0000]
con_amp         26     -2.015107 [  -20.0000,    20.0000]

----- dataset:  Contrastdata
jitter_0        27    196.174870 [    1.3000, 13000.0000]
offset_0        28  -353864.829360 [-468113.8929, -343053.8068]
offset_1        29  -433654.696780 [-468113.8929, -343053.8068]
offset_2        30  -457694.656884 [-468113.8929, -343053.8068]
offset_3        31  -362706.823112 [-468113.8929, -343053.8068]

----- dataset: Contrastdata              ----- model: gp_multidimensional           
rot_amp         32      9.981192 [  -10.0000,    10.0000]
con_amp         33    -19.999236 [  -20.0000,    20.0000]

----- common model:  b
P                0      1.305354 [    0.3785,     6.6439]
K                1      0.499624 [   -9.9658,     3.3219]
sre_coso         2     -0.156495 [   -1.0000,     1.0000]
sre_sino         3      0.136207 [   -1.0000,     1.0000]
mean_long        4     66.403161 [ -113.5968,   246.4032]

----- common model:  c
P                5      1.430803 [    0.3785,     6.6439]
K                6     -0.229607 [   -9.9658,     3.3219]
sre_coso         7     -0.018514 [   -1.0000,     1.0000]
sre_sino         8     -0.264905 [   -1.0000,     1.0000]
mean_long        9    261.819588 [   81.8196,   441.8196]

----- common model:  activity
Prot            10     27.841072 [   20.0000,    35.0000]
Pdec            11     30.000653 [   30.0000,  1000.0000]
Oamp            12     -1.241485 [   -6.6439,     0.0000]

----- common model:  star_parameters

====================================================================================================
     Starting point projected onto the model parameter space     
====================================================================================================

----- dataset:  RVdata
jitter_0              1.116184 
offset_0              9.119876 
offset_1             11.027034 
offset_2              9.948529 
offset_3             10.285444 


----- dataset: RVdata                    ----- model: gp_multidimensional           
rot_amp               5.560817 
con_amp               0.477709 

----- dataset:  FWHMdata
jitter_0              0.053039 
offset_0           6693.398879 
offset_1           6939.564993 
offset_2           6857.411746 
offset_3           6898.428832 


----- dataset: FWHMdata                  ----- model: gp_multidimensional           
rot_amp               5.426139 
con_amp              -2.015107 

----- dataset:  Contrastdata
jitter_0            196.174870 
offset_0        -353864.829360 
offset_1        -433654.696780 
offset_2        -457694.656884 
offset_3        -362706.823112 


----- dataset: Contrastdata              ----- model: gp_multidimensional           
rot_amp               9.981192 
con_amp             -19.999236 

----- common model:  b
P                     2.471443 
K                     1.413845 
mean_long            66.403161 
e                     0.043043 
omega               138.964943 

----- common model:  c
P                     2.695967 
K                     0.852867 
mean_long           261.819588 
e                     0.070517 
omega               -93.997833 

----- common model:  activity
Prot                 27.841072 
Pdec                 30.000653 
Oamp                  0.422937 

----- common model:  star_parameters

====================================================================================================
     Derived parameters obtained from starting point     
====================================================================================================

----- common model:  b
Inclination fixed to 90 deg!
a_Rs                  7.689240 
M_Mj                  0.009395 
M_Me                  2.986532 
Tc                59334.887185 
a_AU_(M)              0.035774 
a_AU_(rho,R)          0.035774 

----- common model:  c
Inclination fixed to 90 deg!
a_Rs                  8.148162 
M_Mj                  0.005825 
M_Me                  1.851632 
Tc                59336.113882 
a_AU_(M)              0.037909 
a_AU_(rho,R)          0.037909 


====================================================================================================
     Statistics on the log-likelihood     
====================================================================================================

 LN probability: -2931.904219 

====================================================================================================
     ------------------------------------------------------------------------------------------     
====================================================================================================



*************************************************************

Running emcee

emcee version:  3.1.6
Using threading pool for emcee: True

Saving temporary steps


Computing the autocorrelation time of the chains

***** WARNING ******
The integrated autocorrelation time cannot be reliably estimated
likely the chains are too short, and ACF analysis is not fully reliable
emcee.autocorr.integrated_time tolerance lowered to 20
If you still get a warning, you should drop these results entirely
Chains too short to apply convergence criteria
They should be at least 450*nthin = 67500

====================================================================================================
     Statistics on the posterior of the sampler parameters     
====================================================================================================

----- dataset:  RVdata
jitter_0        13         1.156       -0.057        0.062   (15-84 p)   [    0.0009,    12.9000]
offset_0        14          9.17        -0.31         0.34   (15-84 p)   [-9995.1400, 10014.6000]
offset_1        15         11.07        -0.46         0.46   (15-84 p)   [-9995.1400, 10014.6000]
offset_2        16         10.00        -0.35         0.35   (15-84 p)   [-9995.1400, 10014.6000]
offset_3        17         10.36        -0.35         0.35   (15-84 p)   [-9995.1400, 10014.6000]

----- dataset: RVdata                    ----- model: gp_multidimensional           
rot_amp         18           6.4         -1.3          1.5   (15-84 p)   [    0.0000,    10.0000]
con_amp         19          0.54        -0.14         0.15   (15-84 p)   [  -20.0000,    20.0000]

----- dataset:  FWHMdata
jitter_0        20          0.33        -0.20         0.32   (15-84 p)   [    0.0500,   500.0000]
offset_0        21        6693.2         -1.3          1.3   (15-84 p)   [-3318.5370, 16947.4824]
offset_1        22        6939.5         -1.8          1.8   (15-84 p)   [-3318.5370, 16947.4824]
offset_2        23        6857.2         -1.4          1.3   (15-84 p)   [-3318.5370, 16947.4824]
offset_3        24        6898.3         -1.3          1.3   (15-84 p)   [-3318.5370, 16947.4824]

----- dataset: FWHMdata                  ----- model: gp_multidimensional           
rot_amp         25           6.2         -2.8          2.4   (15-84 p)   [  -10.0000,    10.0000]
con_amp         26         -2.45        -0.55         0.42   (15-84 p)   [  -20.0000,    20.0000]

----- dataset:  Contrastdata
jitter_0        27           205          -13           15   (15-84 p)   [    1.3000, 13000.0000]
offset_0        28       -353863          -27           26   (15-84 p)   [-468113.8929, -343053.8068]
offset_1        29       -433651          -63           66   (15-84 p)   [-468113.8929, -343053.8068]
offset_2        30       -457696          -32           33   (15-84 p)   [-468113.8929, -343053.8068]
offset_3        31       -362708          -32           32   (15-84 p)   [-468113.8929, -343053.8068]

----- dataset: Contrastdata              ----- model: gp_multidimensional           
rot_amp         32           1.4         -7.2          6.2   (15-84 p)   [  -10.0000,    10.0000]
con_amp         33        -19.23        -0.59          1.3   (15-84 p)   [  -20.0000,    20.0000]

----- common model:  b
P                0        1.3057      -0.0024       0.0023   (15-84 p)   [    0.3785,     6.6439]
K                1          0.41        -0.20         0.18   (15-84 p)   [   -9.9658,     3.3219]
sre_coso         2         -0.02        -0.20         0.20   (15-84 p)   [   -1.0000,     1.0000]
sre_sino         3          0.06        -0.18         0.16   (15-84 p)   [   -1.0000,     1.0000]
mean_long        4            70          -11           11   (15-84 p)   [ -113.5968,   246.4032]

----- common model:  c
P                5        1.4289      -0.0064       0.0052   (15-84 p)   [    0.3785,     6.6439]
K                6         -0.51        -0.48         0.35   (15-84 p)   [   -9.9658,     3.3219]
sre_coso         7         -0.01        -0.21         0.21   (15-84 p)   [   -1.0000,     1.0000]
sre_sino         8         -0.09        -0.20         0.22   (15-84 p)   [   -1.0000,     1.0000]
mean_long        9           258          -22           21   (15-84 p)   [   81.8196,   441.8196]

----- common model:  activity
Prot            10         28.05        -0.58         0.60   (15-84 p)   [   20.0000,    35.0000]
Pdec            11         30.76        -0.56          1.4   (15-84 p)   [   30.0000,  1000.0000]
Oamp            12        -1.264        -0.11        0.100   (15-84 p)   [   -6.6439,     0.0000]

----- common model:  star_parameters

====================================================================================================
     Statistics on the model parameters obtained from the posteriors samples     
====================================================================================================

----- dataset:  RVdata
jitter_0                 1.156       -0.057        0.062    (15-84 p)
offset_0                  9.17        -0.31         0.34    (15-84 p)
offset_1                 11.07        -0.46         0.46    (15-84 p)
offset_2                 10.00        -0.35         0.35    (15-84 p)
offset_3                 10.36        -0.35         0.35    (15-84 p)


----- dataset: RVdata                    ----- model: gp_multidimensional           
rot_amp                    6.4         -1.3          1.5    (15-84 p)
con_amp                   0.54        -0.14         0.15    (15-84 p)

----- dataset:  FWHMdata
jitter_0                  0.33        -0.20         0.32    (15-84 p)
offset_0                6693.2         -1.3          1.3    (15-84 p)
offset_1                6939.5         -1.8          1.8    (15-84 p)
offset_2                6857.2         -1.4          1.3    (15-84 p)
offset_3                6898.3         -1.3          1.3    (15-84 p)


----- dataset: FWHMdata                  ----- model: gp_multidimensional           
rot_amp                    6.2         -2.8          2.4    (15-84 p)
con_amp                  -2.45        -0.55         0.42    (15-84 p)

----- dataset:  Contrastdata
jitter_0                   205          -13           15    (15-84 p)
offset_0               -353863          -27           26    (15-84 p)
offset_1               -433651          -63           66    (15-84 p)
offset_2               -457696          -32           33    (15-84 p)
offset_3               -362708          -32           32    (15-84 p)


----- dataset: Contrastdata              ----- model: gp_multidimensional           
rot_amp                    1.4         -7.2          6.2    (15-84 p)
con_amp                 -19.23        -0.59          1.3    (15-84 p)

----- common model:  b
P                       2.4721      -0.0042       0.0039    (15-84 p)
K                         1.32        -0.17         0.18    (15-84 p)
mean_long                   70          -11           11    (15-84 p)
e                        0.052       -0.036        0.056    (15-84 p)
omega                       38         -156          101    (15-84 p)

----- common model:  c
P                       2.6924       -0.012       0.0096    (15-84 p)
K                         0.70        -0.20         0.19    (15-84 p)
mean_long                  258          -22           21    (15-84 p)
e                        0.069       -0.049        0.074    (15-84 p)
omega                      -52          -79          155    (15-84 p)

----- common model:  activity
Prot                     28.05        -0.58         0.60    (15-84 p)
Pdec                     30.76        -0.56          1.4    (15-84 p)
Oamp                     0.416       -0.030        0.030    (15-84 p)

----- common model:  star_parameters

====================================================================================================
     Statistics on the derived parameters obtained from the posteriors samples     
====================================================================================================

----- common model:  b
Inclination fixed to 90 deg!
Computing planetary mass under the approximation M_planet << M_star (threshold at 30.0 Me)
a_Rs                    7.6906      -0.0086       0.0081    (15-84 p)
M_Mj                    0.0088      -0.0012       0.0012    (15-84 p)
M_Me                      2.79        -0.37         0.38    (15-84 p)
Tc                   59334.854       -0.084         0.10    (15-84 p)
a_AU_(M)              0.035781    -0.000040     0.000038    (15-84 p)
a_AU_(rho,R)          0.035780    -0.000040     0.000038    (15-84 p)

----- common model:  c
Inclination fixed to 90 deg!
Computing planetary mass under the approximation M_planet << M_star (threshold at 30.0 Me)
a_Rs                     8.141       -0.024        0.019    (15-84 p)
M_Mj                    0.0048      -0.0014       0.0013    (15-84 p)
M_Me                      1.51        -0.43         0.41    (15-84 p)
Tc                    59336.14        -0.17         0.18    (15-84 p)
a_AU_(M)              0.037876     -0.00011     0.000090    (15-84 p)
a_AU_(rho,R)          0.037876     -0.00011     0.000090    (15-84 p)


====================================================================================================
     ------------------------------------------------------------------------------------------     
====================================================================================================



15000.0   steps completed, average lnprob:,  -2950.025820612641


Computing the autocorrelation time of the chains

***** WARNING ******
The integrated autocorrelation time cannot be reliably estimated
likely the chains are too short, and ACF analysis is not fully reliable
emcee.autocorr.integrated_time tolerance lowered to 20
If you still get a warning, you should drop these results entirely
Chains too short to apply convergence criteria
They should be at least 550*nthin = 82500

====================================================================================================
     Statistics on the posterior of the sampler parameters     
====================================================================================================

----- dataset:  RVdata
jitter_0        13         1.155       -0.057        0.063   (15-84 p)   [    0.0009,    12.9000]
offset_0        14          9.18        -0.30         0.33   (15-84 p)   [-9995.1400, 10014.6000]
offset_1        15         11.08        -0.46         0.47   (15-84 p)   [-9995.1400, 10014.6000]
offset_2        16         10.00        -0.34         0.36   (15-84 p)   [-9995.1400, 10014.6000]
offset_3        17         10.37        -0.35         0.36   (15-84 p)   [-9995.1400, 10014.6000]

----- dataset: RVdata                    ----- model: gp_multidimensional           
rot_amp         18           6.4         -1.3          1.5   (15-84 p)   [    0.0000,    10.0000]
con_amp         19          0.55        -0.14         0.16   (15-84 p)   [  -20.0000,    20.0000]

----- dataset:  FWHMdata
jitter_0        20          0.35        -0.21         0.33   (15-84 p)   [    0.0500,   500.0000]
offset_0        21        6693.2         -1.3          1.3   (15-84 p)   [-3318.5370, 16947.4824]
offset_1        22        6939.4         -1.8          1.8   (15-84 p)   [-3318.5370, 16947.4824]
offset_2        23        6857.2         -1.4          1.3   (15-84 p)   [-3318.5370, 16947.4824]
offset_3        24        6898.2         -1.4          1.4   (15-84 p)   [-3318.5370, 16947.4824]

----- dataset: FWHMdata                  ----- model: gp_multidimensional           
rot_amp         25           6.4         -2.8          2.3   (15-84 p)   [  -10.0000,    10.0000]
con_amp         26         -2.47        -0.59         0.45   (15-84 p)   [  -20.0000,    20.0000]

----- dataset:  Contrastdata
jitter_0        27           205          -14           14   (15-84 p)   [    1.3000, 13000.0000]
offset_0        28       -353865          -26           26   (15-84 p)   [-468113.8929, -343053.8068]
offset_1        29       -433647          -62           62   (15-84 p)   [-468113.8929, -343053.8068]
offset_2        30       -457695          -31           30   (15-84 p)   [-468113.8929, -343053.8068]
offset_3        31       -362706          -33           32   (15-84 p)   [-468113.8929, -343053.8068]

----- dataset: Contrastdata              ----- model: gp_multidimensional           
rot_amp         32           1.0         -7.1          6.3   (15-84 p)   [  -10.0000,    10.0000]
con_amp         33        -19.16        -0.64          1.4   (15-84 p)   [  -20.0000,    20.0000]

----- common model:  b
P                0        1.3057      -0.0024       0.0024   (15-84 p)   [    0.3785,     6.6439]
K                1          0.42        -0.19         0.18   (15-84 p)   [   -9.9658,     3.3219]
sre_coso         2         -0.02        -0.20         0.21   (15-84 p)   [   -1.0000,     1.0000]
sre_sino         3          0.06        -0.18         0.16   (15-84 p)   [   -1.0000,     1.0000]
mean_long        4            70          -11           11   (15-84 p)   [ -113.5968,   246.4032]

----- common model:  c
P                5        1.4292      -0.0064       0.0051   (15-84 p)   [    0.3785,     6.6439]
K                6         -0.52        -0.47         0.35   (15-84 p)   [   -9.9658,     3.3219]
sre_coso         7         -0.00        -0.21         0.20   (15-84 p)   [   -1.0000,     1.0000]
sre_sino         8         -0.10        -0.19         0.22   (15-84 p)   [   -1.0000,     1.0000]
mean_long        9           259          -22           21   (15-84 p)   [   81.8196,   441.8196]

----- common model:  activity
Prot            10         28.03        -0.57         0.62   (15-84 p)   [   20.0000,    35.0000]
Pdec            11         31.08        -0.81          1.8   (15-84 p)   [   30.0000,  1000.0000]
Oamp            12         -1.27        -0.11         0.10   (15-84 p)   [   -6.6439,     0.0000]

----- common model:  star_parameters

====================================================================================================
     Statistics on the model parameters obtained from the posteriors samples     
====================================================================================================

----- dataset:  RVdata
jitter_0                 1.155       -0.057        0.063    (15-84 p)
offset_0                  9.18        -0.30         0.33    (15-84 p)
offset_1                 11.08        -0.46         0.47    (15-84 p)
offset_2                 10.00        -0.34         0.36    (15-84 p)
offset_3                 10.37        -0.35         0.36    (15-84 p)


----- dataset: RVdata                    ----- model: gp_multidimensional           
rot_amp                    6.4         -1.3          1.5    (15-84 p)
con_amp                   0.55        -0.14         0.16    (15-84 p)

----- dataset:  FWHMdata
jitter_0                  0.35        -0.21         0.33    (15-84 p)
offset_0                6693.2         -1.3          1.3    (15-84 p)
offset_1                6939.4         -1.8          1.8    (15-84 p)
offset_2                6857.2         -1.4          1.3    (15-84 p)
offset_3                6898.2         -1.4          1.4    (15-84 p)


----- dataset: FWHMdata                  ----- model: gp_multidimensional           
rot_amp                    6.4         -2.8          2.3    (15-84 p)
con_amp                  -2.47        -0.59         0.45    (15-84 p)

----- dataset:  Contrastdata
jitter_0                   205          -14           14    (15-84 p)
offset_0               -353865          -26           26    (15-84 p)
offset_1               -433647          -62           62    (15-84 p)
offset_2               -457695          -31           30    (15-84 p)
offset_3               -362706          -33           32    (15-84 p)


----- dataset: Contrastdata              ----- model: gp_multidimensional           
rot_amp                    1.0         -7.1          6.3    (15-84 p)
con_amp                 -19.16        -0.64          1.4    (15-84 p)

----- common model:  b
P                       2.4721      -0.0041       0.0040    (15-84 p)
K                         1.33        -0.17         0.18    (15-84 p)
mean_long                   70          -11           11    (15-84 p)
e                        0.053       -0.037        0.057    (15-84 p)
omega                       38         -152          101    (15-84 p)

----- common model:  c
P                       2.6930       -0.012       0.0095    (15-84 p)
K                         0.70        -0.19         0.19    (15-84 p)
mean_long                  259          -22           21    (15-84 p)
e                        0.069       -0.048        0.071    (15-84 p)
omega                      -51          -77          147    (15-84 p)

----- common model:  activity
Prot                     28.03        -0.57         0.62    (15-84 p)
Pdec                     31.08        -0.81          1.8    (15-84 p)
Oamp                     0.416       -0.031        0.031    (15-84 p)

----- common model:  star_parameters

====================================================================================================
     Statistics on the derived parameters obtained from the posteriors samples     
====================================================================================================

----- common model:  b
Inclination fixed to 90 deg!
Computing planetary mass under the approximation M_planet << M_star (threshold at 30.0 Me)
a_Rs                    7.6906      -0.0085       0.0084    (15-84 p)
M_Mj                    0.0088      -0.0011       0.0012    (15-84 p)
M_Me                      2.81        -0.36         0.39    (15-84 p)
Tc                   59334.857       -0.084         0.10    (15-84 p)
a_AU_(M)              0.035781    -0.000040     0.000039    (15-84 p)
a_AU_(rho,R)          0.035780    -0.000040     0.000039    (15-84 p)

----- common model:  c
Inclination fixed to 90 deg!
Computing planetary mass under the approximation M_planet << M_star (threshold at 30.0 Me)
a_Rs                     8.142       -0.024        0.019    (15-84 p)
M_Mj                    0.0047      -0.0013       0.0013    (15-84 p)
M_Me                      1.51        -0.42         0.41    (15-84 p)
Tc                    59336.13        -0.17         0.17    (15-84 p)
a_AU_(M)              0.037882     -0.00011     0.000089    (15-84 p)
a_AU_(rho,R)          0.037881     -0.00011     0.000089    (15-84 p)


====================================================================================================
     ------------------------------------------------------------------------------------------     
====================================================================================================



30000.0   steps completed, average lnprob:,  -2949.8770607585184


Computing the autocorrelation time of the chains

***** WARNING ******
The integrated autocorrelation time cannot be reliably estimated
likely the chains are too short, and ACF analysis is not fully reliable
emcee.autocorr.integrated_time tolerance lowered to 20
If you still get a warning, you should drop these results entirely

Reference thinning used in the analysis: 150
Maximum value of the integrated ACF: 11
Step length used in the analysis: 11*nthin = 1650

Convergence criteria: less than 1% variation in ACF after 20 times the integrated ACF
At least 50*ACF after convergence, 100*ACF would be ideal
Negative values: not converged yet

   sampler parameter              |    ACF   | ACF*nthin | converged at | nsteps/ACF | to 100*ACF
                                  |          |           |              |            | 
   RVdata_jitter_0                |    7.16  |     1074  |       -1     |      -1    |  108496 
   RVdata_offset_0                |    8.03  |     1205  |       -1     |      -1    |  121709 
   RVdata_offset_1                |    7.57  |     1135  |    44550     |       0    |  113065 
   RVdata_offset_2                |    8.00  |     1200  |    44550     |       0    |  119547 
   RVdata_offset_3                |    7.50  |     1125  |    41250     |       3    |  108790 
   RVdata_gp_multidimensional_rot_amp |    8.14  |     1221  |    44550     |       0    |  121619 
   RVdata_gp_multidimensional_con_amp |    8.43  |     1264  |       -1     |      -1    |  127650 
   FWHMdata_jitter_0              |    8.23  |     1235  |    41250     |       3    |  119771 
   FWHMdata_offset_0              |    7.64  |     1146  |       -1     |      -1    |  115709 
   FWHMdata_offset_1              |    6.60  |      989  |    44550     |       0    |   98479 
   FWHMdata_offset_2              |    7.77  |     1165  |    41250     |       3    |  112739 
   FWHMdata_offset_3              |    7.29  |     1093  |       -1     |      -1    |  110432 
   FWHMdata_gp_multidimensional_rot_amp |    8.02  |     1203  |    44550     |       0    |  119862 
   FWHMdata_gp_multidimensional_con_amp |    8.42  |     1264  |       -1     |      -1    |  127623 
   Contrastdata_jitter_0          |    7.19  |     1079  |       -1     |      -1    |  108968 
   Contrastdata_offset_0          |    7.33  |     1099  |    44550     |       0    |  109441 
   Contrastdata_offset_1          |    7.39  |     1108  |       -1     |      -1    |  111890 
   Contrastdata_offset_2          |    7.47  |     1121  |    42900     |       2    |  109990 
   Contrastdata_offset_3          |    7.31  |     1096  |       -1     |      -1    |  110688 
   Contrastdata_gp_multidimensional_rot_amp |    9.46  |     1419  |    39600     |       4    |  136471 
   Contrastdata_gp_multidimensional_con_amp |    9.39  |     1409  |       -1     |      -1    |  142290 
   b_P                            |    7.31  |     1097  |       -1     |      -1    |  110778 
   b_K                            |    8.11  |     1217  |       -1     |      -1    |  122922 
   b_sre_coso                     |    7.50  |     1125  |    44550     |       0    |  112050 
   b_sre_sino                     |    7.73  |     1160  |       -1     |      -1    |  117124 
   b_mean_long                    |    7.57  |     1136  |       -1     |      -1    |  114751 
   c_P                            |    8.99  |     1348  |       -1     |      -1    |  136196 
   c_K                            |    8.40  |     1260  |       -1     |      -1    |  127289 
   c_sre_coso                     |    8.16  |     1223  |       -1     |      -1    |  123557 
   c_sre_sino                     |    6.92  |     1039  |       -1     |      -1    |  104910 
   c_mean_long                    |    8.44  |     1266  |       -1     |      -1    |  127880 
   activity_Prot                  |    7.84  |     1177  |       -1     |      -1    |  118827 
   activity_Pdec                  |   11.95  |     1793  |    44550     |       0    |  178801 
   activity_Oamp                  |    6.98  |     1048  |       -1     |      -1    |  105821 

    21 chains have not converged yet, keep going 

Check the documentation for the correct interpretation of these results:
https://pyorbit.readthedocs.io/running_pyorbit/terminal_output/#autocorrelation-analysis

====================================================================================================
     Statistics on the posterior of the sampler parameters     
====================================================================================================

----- dataset:  RVdata
jitter_0        13         1.155       -0.057        0.062   (15-84 p)   [    0.0009,    12.9000]
offset_0        14          9.18        -0.31         0.34   (15-84 p)   [-9995.1400, 10014.6000]
offset_1        15         11.07        -0.46         0.47   (15-84 p)   [-9995.1400, 10014.6000]
offset_2        16          9.99        -0.34         0.36   (15-84 p)   [-9995.1400, 10014.6000]
offset_3        17         10.37        -0.35         0.36   (15-84 p)   [-9995.1400, 10014.6000]

----- dataset: RVdata                    ----- model: gp_multidimensional           
rot_amp         18           6.4         -1.3          1.5   (15-84 p)   [    0.0000,    10.0000]
con_amp         19          0.56        -0.14         0.16   (15-84 p)   [  -20.0000,    20.0000]

----- dataset:  FWHMdata
jitter_0        20          0.34        -0.21         0.33   (15-84 p)   [    0.0500,   500.0000]
offset_0        21        6693.2         -1.3          1.3   (15-84 p)   [-3318.5370, 16947.4824]
offset_1        22        6939.4         -1.8          1.8   (15-84 p)   [-3318.5370, 16947.4824]
offset_2        23        6857.2         -1.4          1.3   (15-84 p)   [-3318.5370, 16947.4824]
offset_3        24        6898.2         -1.4          1.4   (15-84 p)   [-3318.5370, 16947.4824]

----- dataset: FWHMdata                  ----- model: gp_multidimensional           
rot_amp         25           6.4         -2.8          2.3   (15-84 p)   [  -10.0000,    10.0000]
con_amp         26         -2.48        -0.58         0.44   (15-84 p)   [  -20.0000,    20.0000]

----- dataset:  Contrastdata
jitter_0        27           205          -13           14   (15-84 p)   [    1.3000, 13000.0000]
offset_0        28       -353865          -26           25   (15-84 p)   [-468113.8929, -343053.8068]
offset_1        29       -433647          -63           63   (15-84 p)   [-468113.8929, -343053.8068]
offset_2        30       -457695          -31           31   (15-84 p)   [-468113.8929, -343053.8068]
offset_3        31       -362707          -32           33   (15-84 p)   [-468113.8929, -343053.8068]

----- dataset: Contrastdata              ----- model: gp_multidimensional           
rot_amp         32           1.2         -7.2          6.2   (15-84 p)   [  -10.0000,    10.0000]
con_amp         33        -19.16        -0.63          1.4   (15-84 p)   [  -20.0000,    20.0000]

----- common model:  b
P                0        1.3057      -0.0024       0.0023   (15-84 p)   [    0.3785,     6.6439]
K                1          0.41        -0.20         0.18   (15-84 p)   [   -9.9658,     3.3219]
sre_coso         2         -0.02        -0.20         0.20   (15-84 p)   [   -1.0000,     1.0000]
sre_sino         3          0.05        -0.18         0.16   (15-84 p)   [   -1.0000,     1.0000]
mean_long        4            70          -11           11   (15-84 p)   [ -113.5968,   246.4032]

----- common model:  c
P                5        1.4292      -0.0064       0.0051   (15-84 p)   [    0.3785,     6.6439]
K                6         -0.52        -0.49         0.35   (15-84 p)   [   -9.9658,     3.3219]
sre_coso         7         -0.00        -0.20         0.21   (15-84 p)   [   -1.0000,     1.0000]
sre_sino         8         -0.09        -0.19         0.22   (15-84 p)   [   -1.0000,     1.0000]
mean_long        9           259          -22           21   (15-84 p)   [   81.8196,   441.8196]

----- common model:  activity
Prot            10         28.04        -0.57         0.62   (15-84 p)   [   20.0000,    35.0000]
Pdec            11         31.07        -0.80          1.7   (15-84 p)   [   30.0000,  1000.0000]
Oamp            12         -1.27        -0.11         0.10   (15-84 p)   [   -6.6439,     0.0000]

----- common model:  star_parameters

====================================================================================================
     Statistics on the model parameters obtained from the posteriors samples     
====================================================================================================

----- dataset:  RVdata
jitter_0                 1.155       -0.057        0.062    (15-84 p)
offset_0                  9.18        -0.31         0.34    (15-84 p)
offset_1                 11.07        -0.46         0.47    (15-84 p)
offset_2                  9.99        -0.34         0.36    (15-84 p)
offset_3                 10.37        -0.35         0.36    (15-84 p)


----- dataset: RVdata                    ----- model: gp_multidimensional           
rot_amp                    6.4         -1.3          1.5    (15-84 p)
con_amp                   0.56        -0.14         0.16    (15-84 p)

----- dataset:  FWHMdata
jitter_0                  0.34        -0.21         0.33    (15-84 p)
offset_0                6693.2         -1.3          1.3    (15-84 p)
offset_1                6939.4         -1.8          1.8    (15-84 p)
offset_2                6857.2         -1.4          1.3    (15-84 p)
offset_3                6898.2         -1.4          1.4    (15-84 p)


----- dataset: FWHMdata                  ----- model: gp_multidimensional           
rot_amp                    6.4         -2.8          2.3    (15-84 p)
con_amp                  -2.48        -0.58         0.44    (15-84 p)

----- dataset:  Contrastdata
jitter_0                   205          -13           14    (15-84 p)
offset_0               -353865          -26           25    (15-84 p)
offset_1               -433647          -63           63    (15-84 p)
offset_2               -457695          -31           31    (15-84 p)
offset_3               -362707          -32           33    (15-84 p)


----- dataset: Contrastdata              ----- model: gp_multidimensional           
rot_amp                    1.2         -7.2          6.2    (15-84 p)
con_amp                 -19.16        -0.63          1.4    (15-84 p)

----- common model:  b
P                       2.4720      -0.0042       0.0040    (15-84 p)
K                         1.33        -0.17         0.18    (15-84 p)
mean_long                   70          -11           11    (15-84 p)
e                        0.052       -0.037        0.057    (15-84 p)
omega                       38         -154          102    (15-84 p)

----- common model:  c
P                       2.6931       -0.012       0.0095    (15-84 p)
K                         0.70        -0.20         0.19    (15-84 p)
mean_long                  259          -22           21    (15-84 p)
e                        0.068       -0.047        0.072    (15-84 p)
omega                      -50          -80          150    (15-84 p)

----- common model:  activity
Prot                     28.04        -0.57         0.62    (15-84 p)
Pdec                     31.07        -0.80          1.7    (15-84 p)
Oamp                     0.416       -0.031        0.031    (15-84 p)

----- common model:  star_parameters

====================================================================================================
     Statistics on the derived parameters obtained from the posteriors samples     
====================================================================================================

----- common model:  b
Inclination fixed to 90 deg!
Computing planetary mass under the approximation M_planet << M_star (threshold at 30.0 Me)
a_Rs                    7.6904      -0.0086       0.0083    (15-84 p)
M_Mj                    0.0088      -0.0011       0.0012    (15-84 p)
M_Me                      2.80        -0.36         0.38    (15-84 p)
Tc                   59334.857       -0.082         0.10    (15-84 p)
a_AU_(M)              0.035780    -0.000040     0.000039    (15-84 p)
a_AU_(rho,R)          0.035779    -0.000040     0.000039    (15-84 p)

----- common model:  c
Inclination fixed to 90 deg!
Computing planetary mass under the approximation M_planet << M_star (threshold at 30.0 Me)
a_Rs                     8.142       -0.024        0.019    (15-84 p)
M_Mj                    0.0047      -0.0014       0.0013    (15-84 p)
M_Me                      1.51        -0.43         0.42    (15-84 p)
Tc                    59336.13        -0.17         0.18    (15-84 p)
a_AU_(M)              0.037882     -0.00011     0.000089    (15-84 p)
a_AU_(rho,R)          0.037882     -0.00011     0.000089    (15-84 p)


====================================================================================================
     ------------------------------------------------------------------------------------------     
====================================================================================================



45000.0   steps completed, average lnprob:,  -2949.1486250927073


Computing the autocorrelation time of the chains

***** WARNING ******
The integrated autocorrelation time cannot be reliably estimated
likely the chains are too short, and ACF analysis is not fully reliable
emcee.autocorr.integrated_time tolerance lowered to 20
If you still get a warning, you should drop these results entirely

Reference thinning used in the analysis: 150
Maximum value of the integrated ACF: 12
Step length used in the analysis: 12*nthin = 1800

Convergence criteria: less than 1% variation in ACF after 20 times the integrated ACF
At least 50*ACF after convergence, 100*ACF would be ideal
Negative values: not converged yet

   sampler parameter              |    ACF   | ACF*nthin | converged at | nsteps/ACF | to 100*ACF
                                  |          |           |              |            | 
   RVdata_jitter_0                |    7.57  |     1136  |    50400     |       8    |  103951 
   RVdata_offset_0                |    8.41  |     1261  |    48600     |       9    |  114689 
   RVdata_offset_1                |    7.95  |     1192  |    48600     |      10    |  107823 
   RVdata_offset_2                |    8.38  |     1257  |    46800     |      10    |  112542 
   RVdata_offset_3                |    8.01  |     1201  |    54000     |       5    |  114090 
   RVdata_gp_multidimensional_rot_amp |    9.12  |     1368  |    45000     |      11    |  121761 
   RVdata_gp_multidimensional_con_amp |    8.57  |     1286  |    48600     |       9    |  117152 
   FWHMdata_jitter_0              |    9.12  |     1368  |    45000     |      11    |  121814 
   FWHMdata_offset_0              |    8.20  |     1230  |    48600     |       9    |  111644 
   FWHMdata_offset_1              |    7.42  |     1113  |    52200     |       7    |  103498 
   FWHMdata_offset_2              |    8.29  |     1243  |    46800     |      11    |  111129 
   FWHMdata_offset_3              |    7.89  |     1183  |    54000     |       5    |  112308 
   FWHMdata_gp_multidimensional_rot_amp |    8.60  |     1291  |    50400     |       7    |  119451 
   FWHMdata_gp_multidimensional_con_amp |    9.56  |     1435  |       -1     |      -1    |  144904 
   Contrastdata_jitter_0          |    7.87  |     1181  |    54000     |       5    |  112118 
   Contrastdata_offset_0          |    7.99  |     1198  |    46800     |      11    |  106619 
   Contrastdata_offset_1          |    7.77  |     1165  |    48600     |      10    |  105121 
   Contrastdata_offset_2          |    8.19  |     1228  |    54000     |       5    |  116800 
   Contrastdata_offset_3          |    7.79  |     1169  |    54000     |       5    |  110914 
   Contrastdata_gp_multidimensional_rot_amp |    9.51  |     1427  |    46800     |       9    |  129462 
   Contrastdata_gp_multidimensional_con_amp |   10.39  |     1559  |    59400     |       0    |  155291 
   b_P                            |    7.91  |     1187  |    55800     |       4    |  114464 
   b_K                            |    8.89  |     1333  |       -1     |      -1    |  134668 
   b_sre_coso                     |    8.11  |     1217  |    43200     |      14    |  104886 
   b_sre_sino                     |    8.35  |     1252  |    52200     |       6    |  117416 
   b_mean_long                    |    8.16  |     1224  |    55800     |       3    |  118162 
   c_P                            |   10.36  |     1554  |       -1     |      -1    |  156956 
   c_K                            |    9.21  |     1382  |    59400     |       0    |  137587 
   c_sre_coso                     |    8.62  |     1292  |    52200     |       6    |  121444 
   c_sre_sino                     |    7.58  |     1138  |    41400     |      16    |   95151 
   c_mean_long                    |    9.99  |     1499  |       -1     |      -1    |  151408 
   activity_Prot                  |    8.42  |     1263  |    52200     |       6    |  118452 
   activity_Pdec                  |   12.39  |     1858  |    54000     |       3    |  179776 
   activity_Oamp                  |    8.02  |     1202  |    54000     |       5    |  114232 

     4 chains have not converged yet, keep going 

Check the documentation for the correct interpretation of these results:
https://pyorbit.readthedocs.io/running_pyorbit/terminal_output/#autocorrelation-analysis

====================================================================================================
     Statistics on the posterior of the sampler parameters     
====================================================================================================

----- dataset:  RVdata
jitter_0        13         1.155       -0.056        0.062   (15-84 p)   [    0.0009,    12.9000]
offset_0        14          9.18        -0.32         0.34   (15-84 p)   [-9995.1400, 10014.6000]
offset_1        15         11.07        -0.47         0.47   (15-84 p)   [-9995.1400, 10014.6000]
offset_2        16          9.99        -0.34         0.36   (15-84 p)   [-9995.1400, 10014.6000]
offset_3        17         10.36        -0.35         0.37   (15-84 p)   [-9995.1400, 10014.6000]

----- dataset: RVdata                    ----- model: gp_multidimensional           
rot_amp         18           6.4         -1.3          1.5   (15-84 p)   [    0.0000,    10.0000]
con_amp         19          0.56        -0.14         0.16   (15-84 p)   [  -20.0000,    20.0000]

----- dataset:  FWHMdata
jitter_0        20          0.34        -0.21         0.33   (15-84 p)   [    0.0500,   500.0000]
offset_0        21        6693.2         -1.3          1.3   (15-84 p)   [-3318.5370, 16947.4824]
offset_1        22        6939.5         -1.8          1.8   (15-84 p)   [-3318.5370, 16947.4824]
offset_2        23        6857.2         -1.4          1.3   (15-84 p)   [-3318.5370, 16947.4824]
offset_3        24        6898.2         -1.4          1.4   (15-84 p)   [-3318.5370, 16947.4824]

----- dataset: FWHMdata                  ----- model: gp_multidimensional           
rot_amp         25           6.4         -2.8          2.3   (15-84 p)   [  -10.0000,    10.0000]
con_amp         26         -2.48        -0.58         0.44   (15-84 p)   [  -20.0000,    20.0000]

----- dataset:  Contrastdata
jitter_0        27           205          -13           14   (15-84 p)   [    1.3000, 13000.0000]
offset_0        28       -353865          -26           25   (15-84 p)   [-468113.8929, -343053.8068]
offset_1        29       -433646          -63           64   (15-84 p)   [-468113.8929, -343053.8068]
offset_2        30       -457695          -31           31   (15-84 p)   [-468113.8929, -343053.8068]
offset_3        31       -362707          -33           33   (15-84 p)   [-468113.8929, -343053.8068]

----- dataset: Contrastdata              ----- model: gp_multidimensional           
rot_amp         32           1.4         -7.3          6.1   (15-84 p)   [  -10.0000,    10.0000]
con_amp         33        -19.17        -0.63          1.4   (15-84 p)   [  -20.0000,    20.0000]

----- common model:  b
P                0        1.3057      -0.0024       0.0024   (15-84 p)   [    0.3785,     6.6439]
K                1          0.41        -0.20         0.18   (15-84 p)   [   -9.9658,     3.3219]
sre_coso         2         -0.03        -0.19         0.20   (15-84 p)   [   -1.0000,     1.0000]
sre_sino         3          0.05        -0.18         0.16   (15-84 p)   [   -1.0000,     1.0000]
mean_long        4            70          -11           11   (15-84 p)   [ -113.5968,   246.4032]

----- common model:  c
P                5        1.4293      -0.0065       0.0051   (15-84 p)   [    0.3785,     6.6439]
K                6         -0.52        -0.48         0.35   (15-84 p)   [   -9.9658,     3.3219]
sre_coso         7         -0.00        -0.20         0.21   (15-84 p)   [   -1.0000,     1.0000]
sre_sino         8         -0.09        -0.19         0.22   (15-84 p)   [   -1.0000,     1.0000]
mean_long        9           259          -22           21   (15-84 p)   [   81.8196,   441.8196]

----- common model:  activity
Prot            10         28.04        -0.57         0.62   (15-84 p)   [   20.0000,    35.0000]
Pdec            11         31.07        -0.80          1.8   (15-84 p)   [   30.0000,  1000.0000]
Oamp            12         -1.26        -0.11         0.10   (15-84 p)   [   -6.6439,     0.0000]

----- common model:  star_parameters

====================================================================================================
     Statistics on the model parameters obtained from the posteriors samples     
====================================================================================================

----- dataset:  RVdata
jitter_0                 1.155       -0.056        0.062    (15-84 p)
offset_0                  9.18        -0.32         0.34    (15-84 p)
offset_1                 11.07        -0.47         0.47    (15-84 p)
offset_2                  9.99        -0.34         0.36    (15-84 p)
offset_3                 10.36        -0.35         0.37    (15-84 p)


----- dataset: RVdata                    ----- model: gp_multidimensional           
rot_amp                    6.4         -1.3          1.5    (15-84 p)
con_amp                   0.56        -0.14         0.16    (15-84 p)

----- dataset:  FWHMdata
jitter_0                  0.34        -0.21         0.33    (15-84 p)
offset_0                6693.2         -1.3          1.3    (15-84 p)
offset_1                6939.5         -1.8          1.8    (15-84 p)
offset_2                6857.2         -1.4          1.3    (15-84 p)
offset_3                6898.2         -1.4          1.4    (15-84 p)


----- dataset: FWHMdata                  ----- model: gp_multidimensional           
rot_amp                    6.4         -2.8          2.3    (15-84 p)
con_amp                  -2.48        -0.58         0.44    (15-84 p)

----- dataset:  Contrastdata
jitter_0                   205          -13           14    (15-84 p)
offset_0               -353865          -26           25    (15-84 p)
offset_1               -433646          -63           64    (15-84 p)
offset_2               -457695          -31           31    (15-84 p)
offset_3               -362707          -33           33    (15-84 p)


----- dataset: Contrastdata              ----- model: gp_multidimensional           
rot_amp                    1.4         -7.3          6.1    (15-84 p)
con_amp                 -19.17        -0.63          1.4    (15-84 p)

----- common model:  b
P                       2.4720      -0.0041       0.0040    (15-84 p)
K                         1.33        -0.17         0.18    (15-84 p)
mean_long                   70          -11           11    (15-84 p)
e                        0.052       -0.037        0.057    (15-84 p)
omega                       39         -158          101    (15-84 p)

----- common model:  c
P                       2.6931       -0.012       0.0095    (15-84 p)
K                         0.70        -0.20         0.19    (15-84 p)
mean_long                  259          -22           21    (15-84 p)
e                        0.068       -0.047        0.072    (15-84 p)
omega                      -50          -80          151    (15-84 p)

----- common model:  activity
Prot                     28.04        -0.57         0.62    (15-84 p)
Pdec                     31.07        -0.80          1.8    (15-84 p)
Oamp                     0.416       -0.031        0.031    (15-84 p)

----- common model:  star_parameters

====================================================================================================
     Statistics on the derived parameters obtained from the posteriors samples     
====================================================================================================

----- common model:  b
Inclination fixed to 90 deg!
Computing planetary mass under the approximation M_planet << M_star (threshold at 30.0 Me)
a_Rs                    7.6904      -0.0085       0.0084    (15-84 p)
M_Mj                    0.0088      -0.0011       0.0012    (15-84 p)
M_Me                      2.80        -0.36         0.37    (15-84 p)
Tc                   59334.857       -0.082        0.100    (15-84 p)
a_AU_(M)              0.035780    -0.000040     0.000039    (15-84 p)
a_AU_(rho,R)          0.035779    -0.000040     0.000039    (15-84 p)

----- common model:  c
Inclination fixed to 90 deg!
Computing planetary mass under the approximation M_planet << M_star (threshold at 30.0 Me)
a_Rs                     8.142       -0.024        0.019    (15-84 p)
M_Mj                    0.0047      -0.0014       0.0013    (15-84 p)
M_Me                      1.51        -0.43         0.42    (15-84 p)
Tc                    59336.13        -0.17         0.18    (15-84 p)
a_AU_(M)              0.037882     -0.00011     0.000089    (15-84 p)
a_AU_(rho,R)          0.037882     -0.00011     0.000089    (15-84 p)


====================================================================================================
     ------------------------------------------------------------------------------------------     
====================================================================================================



60000.0   steps completed, average lnprob:,  -2950.0492776186


emcee completed


:::---::: PyORBIT v11.0.1 :::---:::

Python version in use:
3.10.18 (main, Jun  5 2025, 13:14:17) [GCC 11.2.0]
LaTeX disabled by default

Using orbital model:  keplerian
Using orbital parametrization:  Eastman2013

Using orbital model:  keplerian
Using orbital parametrization:  Eastman2013

gp_multidimensional  S+LEAF model, number of harmonics: 4

GP model: gp_multidimensional  hyperparameters_condition:    True
GP model: gp_multidimensional  rotation_decay_condition:     True

### PyORBIT version used in the analysis:  11.0.1

 emcee version:  3.1.6

 Reference Time Tref: 59334.700184

 Data points:720
 Dimensions: 34
 Nwalkers:   136
 Steps:      60000


Number of samplings: 40800

Recomputing ln-prior, it may take a while...

ln-probability   distribution:  -2950.02       -4.92      4.00 (15-84 p) 
ln-prior         distribution:   -206.36       -2.46      1.72 (15-84 p) 
ln-likelihood    distribution:  -2743.36       -5.11      4.34 (15-84 p) 


*** Information criteria using the likelihood distribution

 BIC from distribution  (using likelihood)  =   5710.41     -8.67   10.22 (15-84 p)
 AIC from distribution  (using likelihood)  =   5554.71     -8.67   10.22 (15-84 p)
 AICc from distribution (using likelihood)  =   5558.19     -8.67   10.22 (15-84 p)


*** Information criteria using the median parameter set

 ln_probability of Median solution =  -2935.60
 ln_priors of Median solution      =   -204.83
 ln_likelihood of Median solution  =  -2730.77

 Median BIC  (using likelihood) =   5685.24
 Median AIC  (using likelihood) =   5529.55
 Median AICc (using likelihood) =   5533.02


*** Information criteria using the MAP parameter set

 ln_probability of MAP solution =  -2937.93
 ln_priors of MAP solution      =   -207.56
 ln_likelihood of MAP solution  =  -2730.37

 MAP BIC  (using likelihood)    =   5684.43
 MAP AIC  (using likelihood)    =   5528.74
 MAP AICc (using likelihood)    =   5532.21

 AICc suggested over AIC because NDATA ( 720 ) < 40 * NDIM ( 34 )

****************************************************************************************************


Computing the autocorrelation time of the chains

***** WARNING ******
The integrated autocorrelation time cannot be reliably estimated
likely the chains are too short, and ACF analysis is not fully reliable
emcee.autocorr.integrated_time tolerance lowered to 20
If you still get a warning, you should drop these results entirely

Reference thinning used in the analysis: 150
Maximum value of the integrated ACF: 12
Step length used in the analysis: 12*nthin = 1800

Convergence criteria: less than 1% variation in ACF after 20 times the integrated ACF
At least 50*ACF after convergence, 100*ACF would be ideal
Negative values: not converged yet

   sampler parameter              |    ACF   | ACF*nthin | converged at | nsteps/ACF | to 100*ACF
                                  |          |           |              |            | 
   RVdata_jitter_0                |    7.57  |     1136  |    50400     |       8    |  103951 
   RVdata_offset_0                |    8.41  |     1261  |    48600     |       9    |  114689 
   RVdata_offset_1                |    7.95  |     1192  |    48600     |      10    |  107823 
   RVdata_offset_2                |    8.38  |     1257  |    46800     |      10    |  112542 
   RVdata_offset_3                |    8.01  |     1201  |    54000     |       5    |  114090 
   RVdata_gp_multidimensional_rot_amp |    9.12  |     1368  |    45000     |      11    |  121761 
   RVdata_gp_multidimensional_con_amp |    8.57  |     1286  |    48600     |       9    |  117152 
   FWHMdata_jitter_0              |    9.12  |     1368  |    45000     |      11    |  121814 
   FWHMdata_offset_0              |    8.20  |     1230  |    48600     |       9    |  111644 
   FWHMdata_offset_1              |    7.42  |     1113  |    52200     |       7    |  103498 
   FWHMdata_offset_2              |    8.29  |     1243  |    46800     |      11    |  111129 
   FWHMdata_offset_3              |    7.89  |     1183  |    54000     |       5    |  112308 
   FWHMdata_gp_multidimensional_rot_amp |    8.60  |     1291  |    50400     |       7    |  119451 
   FWHMdata_gp_multidimensional_con_amp |    9.56  |     1435  |       -1     |      -1    |  144904 
   Contrastdata_jitter_0          |    7.87  |     1181  |    54000     |       5    |  112118 
   Contrastdata_offset_0          |    7.99  |     1198  |    46800     |      11    |  106619 
   Contrastdata_offset_1          |    7.77  |     1165  |    48600     |      10    |  105121 
   Contrastdata_offset_2          |    8.19  |     1228  |    54000     |       5    |  116800 
   Contrastdata_offset_3          |    7.79  |     1169  |    54000     |       5    |  110914 
   Contrastdata_gp_multidimensional_rot_amp |    9.51  |     1427  |    46800     |       9    |  129462 
   Contrastdata_gp_multidimensional_con_amp |   10.39  |     1559  |    59400     |       0    |  155291 
   b_P                            |    7.91  |     1187  |    55800     |       4    |  114464 
   b_K                            |    8.89  |     1333  |       -1     |      -1    |  134668 
   b_sre_coso                     |    8.11  |     1217  |    43200     |      14    |  104886 
   b_sre_sino                     |    8.35  |     1252  |    52200     |       6    |  117416 
   b_mean_long                    |    8.16  |     1224  |    55800     |       3    |  118162 
   c_P                            |   10.36  |     1554  |       -1     |      -1    |  156956 
   c_K                            |    9.21  |     1382  |    59400     |       0    |  137587 
   c_sre_coso                     |    8.62  |     1292  |    52200     |       6    |  121444 
   c_sre_sino                     |    7.58  |     1138  |    41400     |      16    |   95151 
   c_mean_long                    |    9.99  |     1499  |       -1     |      -1    |  151408 
   activity_Prot                  |    8.42  |     1263  |    52200     |       6    |  118452 
   activity_Pdec                  |   12.39  |     1858  |    54000     |       3    |  179776 
   activity_Oamp                  |    8.02  |     1202  |    54000     |       5    |  114232 

     4 chains have not converged yet, keep going 

Check the documentation for the correct interpretation of these results:
https://pyorbit.readthedocs.io/running_pyorbit/terminal_output/#autocorrelation-analysis

 Plotting the ACF... 


====================================================================================================
     Ids, spaces (s), boundaries (b) and priors (p) of the sampler parameters     
====================================================================================================

----- dataset:  RVdata
jitter_0      id:  13  s:Linear      b:[      0.0009,      12.9000]   p:Uniform   []
offset_0      id:  14  s:Linear      b:[  -9995.1400,   10014.6000]   p:Uniform   []
offset_1      id:  15  s:Linear      b:[  -9995.1400,   10014.6000]   p:Uniform   []
offset_2      id:  16  s:Linear      b:[  -9995.1400,   10014.6000]   p:Uniform   []
offset_3      id:  17  s:Linear      b:[  -9995.1400,   10014.6000]   p:Uniform   []

----- dataset: RVdata                    ----- model: gp_multidimensional           
rot_amp       id:  18  s:Linear      b:[      0.0000,      10.0000]   p:Uniform   []
con_amp       id:  19  s:Linear      b:[    -20.0000,      20.0000]   p:Uniform   []

----- dataset:  FWHMdata
jitter_0      id:  20  s:Linear      b:[      0.0500,     500.0000]   p:Uniform   []
offset_0      id:  21  s:Linear      b:[  -3318.5370,   16947.4824]   p:Uniform   []
offset_1      id:  22  s:Linear      b:[  -3318.5370,   16947.4824]   p:Uniform   []
offset_2      id:  23  s:Linear      b:[  -3318.5370,   16947.4824]   p:Uniform   []
offset_3      id:  24  s:Linear      b:[  -3318.5370,   16947.4824]   p:Uniform   []

----- dataset: FWHMdata                  ----- model: gp_multidimensional           
rot_amp       id:  25  s:Linear      b:[    -10.0000,      10.0000]   p:Uniform   []
con_amp       id:  26  s:Linear      b:[    -20.0000,      20.0000]   p:Uniform   []

----- dataset:  Contrastdata
jitter_0      id:  27  s:Linear      b:[      1.3000,   13000.0000]   p:Uniform   []
offset_0      id:  28  s:Linear      b:[-468113.8929, -343053.8068]   p:Uniform   []
offset_1      id:  29  s:Linear      b:[-468113.8929, -343053.8068]   p:Uniform   []
offset_2      id:  30  s:Linear      b:[-468113.8929, -343053.8068]   p:Uniform   []
offset_3      id:  31  s:Linear      b:[-468113.8929, -343053.8068]   p:Uniform   []

----- dataset: Contrastdata              ----- model: gp_multidimensional           
rot_amp       id:  32  s:Linear      b:[    -10.0000,      10.0000]   p:Uniform   []
con_amp       id:  33  s:Linear      b:[    -20.0000,      20.0000]   p:Uniform   []

----- common model:  b
P             id:   0  s:Log_Base2   b:[      0.3785,       6.6439]   p:Uniform   []
K             id:   1  s:Log_Base2   b:[     -9.9658,       3.3219]   p:Uniform   []
sre_coso      id:   2  s:Linear      b:[     -1.0000,       1.0000]   p:Uniform   []
sre_sino      id:   3  s:Linear      b:[     -1.0000,       1.0000]   p:Uniform   []
mean_long     id:   4  s:Linear      b:[   -113.5968,     246.4032]   p:Uniform   []
e             derived (no id, space, bound)                           p:Gaussian   [0.    0.098]
omega         derived (no id, space, bound)                           p:Uniform   [0.0, 360.0]

----- common model:  c
P             id:   5  s:Log_Base2   b:[      0.3785,       6.6439]   p:Uniform   []
K             id:   6  s:Log_Base2   b:[     -9.9658,       3.3219]   p:Uniform   []
sre_coso      id:   7  s:Linear      b:[     -1.0000,       1.0000]   p:Uniform   []
sre_sino      id:   8  s:Linear      b:[     -1.0000,       1.0000]   p:Uniform   []
mean_long     id:   9  s:Linear      b:[     81.8196,     441.8196]   p:Uniform   []
e             derived (no id, space, bound)                           p:Gaussian   [0.    0.098]
omega         derived (no id, space, bound)                           p:Uniform   [0.0, 360.0]

----- common model:  activity
Prot          id:  10  s:Linear      b:[     20.0000,      35.0000]   p:Gaussian   [28.   0.5]
Pdec          id:  11  s:Linear      b:[     30.0000,    1000.0000]   p:Uniform   []
Oamp          id:  12  s:Log_Base2   b:[     -6.6439,       0.0000]   p:Gaussian   [0.35  0.035]

----- common model:  star_parameters
mass          derived (no id, space, bound)                           p:Gaussian   [1.e+00 1.e-06]
radius        derived (no id, space, bound)                           p:Gaussian   [1.e+00 1.e-06]
density       derived (no id, space, bound)                           p:Gaussian   [1.e+00 1.e-06]


****************************************************************************************************
****************************************************************************************************

 Confidence intervals (median value, 34.135th percentile from the median on the left and right side)

====================================================================================================
     Statistics on the posterior of the sampler parameters     
====================================================================================================

----- dataset:  RVdata
jitter_0        13         1.155       -0.056        0.062   (15-84 p)   [    0.0009,    12.9000]
offset_0        14          9.18        -0.32         0.34   (15-84 p)   [-9995.1400, 10014.6000]
offset_1        15         11.07        -0.47         0.47   (15-84 p)   [-9995.1400, 10014.6000]
offset_2        16          9.99        -0.34         0.36   (15-84 p)   [-9995.1400, 10014.6000]
offset_3        17         10.36        -0.35         0.37   (15-84 p)   [-9995.1400, 10014.6000]

----- dataset: RVdata                    ----- model: gp_multidimensional           
rot_amp         18           6.4         -1.3          1.5   (15-84 p)   [    0.0000,    10.0000]
con_amp         19          0.56        -0.14         0.16   (15-84 p)   [  -20.0000,    20.0000]

----- dataset:  FWHMdata
jitter_0        20          0.34        -0.21         0.33   (15-84 p)   [    0.0500,   500.0000]
offset_0        21        6693.2         -1.3          1.3   (15-84 p)   [-3318.5370, 16947.4824]
offset_1        22        6939.5         -1.8          1.8   (15-84 p)   [-3318.5370, 16947.4824]
offset_2        23        6857.2         -1.4          1.3   (15-84 p)   [-3318.5370, 16947.4824]
offset_3        24        6898.2         -1.4          1.4   (15-84 p)   [-3318.5370, 16947.4824]

----- dataset: FWHMdata                  ----- model: gp_multidimensional           
rot_amp         25           6.4         -2.8          2.3   (15-84 p)   [  -10.0000,    10.0000]
con_amp         26         -2.48        -0.58         0.44   (15-84 p)   [  -20.0000,    20.0000]

----- dataset:  Contrastdata
jitter_0        27           205          -13           14   (15-84 p)   [    1.3000, 13000.0000]
offset_0        28       -353865          -26           25   (15-84 p)   [-468113.8929, -343053.8068]
offset_1        29       -433646          -63           64   (15-84 p)   [-468113.8929, -343053.8068]
offset_2        30       -457695          -31           31   (15-84 p)   [-468113.8929, -343053.8068]
offset_3        31       -362707          -33           33   (15-84 p)   [-468113.8929, -343053.8068]

----- dataset: Contrastdata              ----- model: gp_multidimensional           
rot_amp         32           1.4         -7.3          6.1   (15-84 p)   [  -10.0000,    10.0000]
con_amp         33        -19.17        -0.63          1.4   (15-84 p)   [  -20.0000,    20.0000]

----- common model:  b
P                0        1.3057      -0.0024       0.0024   (15-84 p)   [    0.3785,     6.6439]
K                1          0.41        -0.20         0.18   (15-84 p)   [   -9.9658,     3.3219]
sre_coso         2         -0.03        -0.19         0.20   (15-84 p)   [   -1.0000,     1.0000]
sre_sino         3          0.05        -0.18         0.16   (15-84 p)   [   -1.0000,     1.0000]
mean_long        4            70          -11           11   (15-84 p)   [ -113.5968,   246.4032]

----- common model:  c
P                5        1.4293      -0.0065       0.0051   (15-84 p)   [    0.3785,     6.6439]
K                6         -0.52        -0.48         0.35   (15-84 p)   [   -9.9658,     3.3219]
sre_coso         7         -0.00        -0.20         0.21   (15-84 p)   [   -1.0000,     1.0000]
sre_sino         8         -0.09        -0.19         0.22   (15-84 p)   [   -1.0000,     1.0000]
mean_long        9           259          -22           21   (15-84 p)   [   81.8196,   441.8196]

----- common model:  activity
Prot            10         28.04        -0.57         0.62   (15-84 p)   [   20.0000,    35.0000]
Pdec            11         31.07        -0.80          1.8   (15-84 p)   [   30.0000,  1000.0000]
Oamp            12         -1.26        -0.11         0.10   (15-84 p)   [   -6.6439,     0.0000]

----- common model:  star_parameters

====================================================================================================
     Statistics on the model parameters obtained from the posteriors samples     
====================================================================================================

----- dataset:  RVdata
jitter_0                 1.155       -0.056        0.062    (15-84 p)
offset_0                  9.18        -0.32         0.34    (15-84 p)
offset_1                 11.07        -0.47         0.47    (15-84 p)
offset_2                  9.99        -0.34         0.36    (15-84 p)
offset_3                 10.36        -0.35         0.37    (15-84 p)


----- dataset: RVdata                    ----- model: gp_multidimensional           
rot_amp                    6.4         -1.3          1.5    (15-84 p)
con_amp                   0.56        -0.14         0.16    (15-84 p)

----- dataset:  FWHMdata
jitter_0                  0.34        -0.21         0.33    (15-84 p)
offset_0                6693.2         -1.3          1.3    (15-84 p)
offset_1                6939.5         -1.8          1.8    (15-84 p)
offset_2                6857.2         -1.4          1.3    (15-84 p)
offset_3                6898.2         -1.4          1.4    (15-84 p)


----- dataset: FWHMdata                  ----- model: gp_multidimensional           
rot_amp                    6.4         -2.8          2.3    (15-84 p)
con_amp                  -2.48        -0.58         0.44    (15-84 p)

----- dataset:  Contrastdata
jitter_0                   205          -13           14    (15-84 p)
offset_0               -353865          -26           25    (15-84 p)
offset_1               -433646          -63           64    (15-84 p)
offset_2               -457695          -31           31    (15-84 p)
offset_3               -362707          -33           33    (15-84 p)


----- dataset: Contrastdata              ----- model: gp_multidimensional           
rot_amp                    1.4         -7.3          6.1    (15-84 p)
con_amp                 -19.17        -0.63          1.4    (15-84 p)

----- common model:  b
P                       2.4720      -0.0041       0.0040    (15-84 p)
K                         1.33        -0.17         0.18    (15-84 p)
mean_long                   70          -11           11    (15-84 p)
e                        0.052       -0.037        0.057    (15-84 p)
omega                      143         -100          118    (15-84 p)

----- common model:  c
P                       2.6931       -0.012       0.0095    (15-84 p)
K                         0.70        -0.20         0.19    (15-84 p)
mean_long                  259          -22           21    (15-84 p)
e                        0.068       -0.047        0.072    (15-84 p)
omega                      -84          -90          102    (15-84 p)

----- common model:  activity
Prot                     28.04        -0.57         0.62    (15-84 p)
Pdec                     31.07        -0.80          1.8    (15-84 p)
Oamp                     0.416       -0.031        0.031    (15-84 p)

----- common model:  star_parameters

====================================================================================================
     Statistics on the derived parameters obtained from the posteriors samples     
====================================================================================================

----- common model:  b
Inclination fixed to 90 deg!
Computing planetary mass under the approximation M_planet << M_star (threshold at 30.0 Me)
a_Rs                    7.6904      -0.0085       0.0084    (15-84 p)
M_Mj                    0.0088      -0.0011       0.0012    (15-84 p)
M_Me                      2.80        -0.36         0.37    (15-84 p)
Tc                   59334.857       -0.082        0.100    (15-84 p)
a_AU_(M)              0.035780    -0.000040     0.000039    (15-84 p)
a_AU_(rho,R)          0.035779    -0.000040     0.000039    (15-84 p)

----- common model:  c
Inclination fixed to 90 deg!
Computing planetary mass under the approximation M_planet << M_star (threshold at 30.0 Me)
a_Rs                     8.142       -0.024        0.019    (15-84 p)
M_Mj                    0.0047      -0.0014       0.0013    (15-84 p)
M_Me                      1.51        -0.43         0.42    (15-84 p)
Tc                    59336.13        -0.17         0.18    (15-84 p)
a_AU_(M)              0.037882     -0.00011     0.000089    (15-84 p)
a_AU_(rho,R)          0.037882     -0.00011     0.000089    (15-84 p)


====================================================================================================
     ------------------------------------------------------------------------------------------     
====================================================================================================



****************************************************************************************************

 Parameters corresponding to the Maximum a Posteriori probability ( -2937.930946656576 )

====================================================================================================
     Statistics on the posterior of the sampler parameters     
====================================================================================================

----- dataset:  RVdata
jitter_0        13      1.145223 [    0.0009,    12.9000]
offset_0        14      9.124746 [-9995.1400, 10014.6000]
offset_1        15     11.423445 [-9995.1400, 10014.6000]
offset_2        16      9.923799 [-9995.1400, 10014.6000]
offset_3        17     10.165294 [-9995.1400, 10014.6000]

----- dataset: RVdata                    ----- model: gp_multidimensional           
rot_amp         18      6.119047 [    0.0000,    10.0000]
con_amp         19      0.438134 [  -20.0000,    20.0000]

----- dataset:  FWHMdata
jitter_0        20      0.110532 [    0.0500,   500.0000]
offset_0        21   6693.083346 [-3318.5370, 16947.4824]
offset_1        22   6939.335295 [-3318.5370, 16947.4824]
offset_2        23   6856.757798 [-3318.5370, 16947.4824]
offset_3        24   6898.513711 [-3318.5370, 16947.4824]

----- dataset: FWHMdata                  ----- model: gp_multidimensional           
rot_amp         25      3.905885 [  -10.0000,    10.0000]
con_amp         26     -2.011233 [  -20.0000,    20.0000]

----- dataset:  Contrastdata
jitter_0        27    188.043332 [    1.3000, 13000.0000]
offset_0        28  -353866.513075 [-468113.8929, -343053.8068]
offset_1        29  -433607.680333 [-468113.8929, -343053.8068]
offset_2        30  -457718.776415 [-468113.8929, -343053.8068]
offset_3        31  -362714.447709 [-468113.8929, -343053.8068]

----- dataset: Contrastdata              ----- model: gp_multidimensional           
rot_amp         32      3.581934 [  -10.0000,    10.0000]
con_amp         33    -18.758337 [  -20.0000,    20.0000]

----- common model:  b
P                0      1.305494 [    0.3785,     6.6439]
K                1      0.572094 [   -9.9658,     3.3219]
sre_coso         2     -0.209456 [   -1.0000,     1.0000]
sre_sino         3      0.047752 [   -1.0000,     1.0000]
mean_long        4     67.616125 [ -113.5968,   246.4032]

----- common model:  c
P                5      1.432070 [    0.3785,     6.6439]
K                6     -0.123017 [   -9.9658,     3.3219]
sre_coso         7      0.075569 [   -1.0000,     1.0000]
sre_sino         8     -0.199719 [   -1.0000,     1.0000]
mean_long        9    267.342177 [   81.8196,   441.8196]

----- common model:  activity
Prot            10     28.181060 [   20.0000,    35.0000]
Pdec            11     30.726713 [   30.0000,  1000.0000]
Oamp            12     -1.145512 [   -6.6439,     0.0000]

----- common model:  star_parameters

====================================================================================================
     Statistics on the model parameters obtained from the posteriors samples     
====================================================================================================

----- dataset:  RVdata
jitter_0              1.145223 
offset_0              9.124746 
offset_1             11.423445 
offset_2              9.923799 
offset_3             10.165294 


----- dataset: RVdata                    ----- model: gp_multidimensional           
rot_amp               6.119047 
con_amp               0.438134 

----- dataset:  FWHMdata
jitter_0              0.110532 
offset_0           6693.083346 
offset_1           6939.335295 
offset_2           6856.757798 
offset_3           6898.513711 


----- dataset: FWHMdata                  ----- model: gp_multidimensional           
rot_amp               3.905885 
con_amp              -2.011233 

----- dataset:  Contrastdata
jitter_0            188.043332 
offset_0        -353866.513075 
offset_1        -433607.680333 
offset_2        -457718.776415 
offset_3        -362714.447709 


----- dataset: Contrastdata              ----- model: gp_multidimensional           
rot_amp               3.581934 
con_amp             -18.758337 

----- common model:  b
P                     2.471684 
K                     1.486680 
mean_long            67.616125 
e                     0.046152 
omega               167.157118 

----- common model:  c
P                     2.698336 
K                     0.918265 
mean_long           267.342177 
e                     0.045598 
omega               -69.274548 

----- common model:  activity
Prot                 28.181060 
Pdec                 30.726713 
Oamp                  0.452029 

----- common model:  star_parameters

====================================================================================================
     Statistics on the derived parameters obtained from the posteriors samples     
====================================================================================================

----- common model:  b
Inclination fixed to 90 deg!
a_Rs                  7.689734 
M_Mj                  0.009878 
M_Me                  3.140056 
Tc                59334.888987 
a_AU_(M)              0.035776 
a_AU_(rho,R)          0.035776 

----- common model:  c
Inclination fixed to 90 deg!
a_Rs                  8.152923 
M_Mj                  0.006282 
M_Me                  1.997099 
Tc                59336.054958 
a_AU_(M)              0.037931 
a_AU_(rho,R)          0.037931 


====================================================================================================
     ------------------------------------------------------------------------------------------     
====================================================================================================



****************************************************************************************************

 Parameters corresponding to the sample closest to the median values ( -2940.5626111345846 )

====================================================================================================
     Statistics on the posterior of the sampler parameters     
====================================================================================================

----- dataset:  RVdata
jitter_0        13      1.122338 [    0.0009,    12.9000]
offset_0        14      9.227294 [-9995.1400, 10014.6000]
offset_1        15     10.783007 [-9995.1400, 10014.6000]
offset_2        16      9.976443 [-9995.1400, 10014.6000]
offset_3        17     10.251837 [-9995.1400, 10014.6000]

----- dataset: RVdata                    ----- model: gp_multidimensional           
rot_amp         18      6.266749 [    0.0000,    10.0000]
con_amp         19      0.520601 [  -20.0000,    20.0000]

----- dataset:  FWHMdata
jitter_0        20      0.358357 [    0.0500,   500.0000]
offset_0        21   6692.459580 [-3318.5370, 16947.4824]
offset_1        22   6937.501333 [-3318.5370, 16947.4824]
offset_2        23   6857.393345 [-3318.5370, 16947.4824]
offset_3        24   6897.487457 [-3318.5370, 16947.4824]

----- dataset: FWHMdata                  ----- model: gp_multidimensional           
rot_amp         25      7.028591 [  -10.0000,    10.0000]
con_amp         26     -2.488247 [  -20.0000,    20.0000]

----- dataset:  Contrastdata
jitter_0        27    212.568567 [    1.3000, 13000.0000]
offset_0        28  -353842.866381 [-468113.8929, -343053.8068]
offset_1        29  -433639.160639 [-468113.8929, -343053.8068]
offset_2        30  -457684.029228 [-468113.8929, -343053.8068]
offset_3        31  -362707.992018 [-468113.8929, -343053.8068]

----- dataset: Contrastdata              ----- model: gp_multidimensional           
rot_amp         32      0.553538 [  -10.0000,    10.0000]
con_amp         33    -18.362914 [  -20.0000,    20.0000]

----- common model:  b
P                0      1.305898 [    0.3785,     6.6439]
K                1      0.390500 [   -9.9658,     3.3219]
sre_coso         2      0.042274 [   -1.0000,     1.0000]
sre_sino         3      0.053691 [   -1.0000,     1.0000]
mean_long        4     68.091625 [ -113.5968,   246.4032]

----- common model:  c
P                5      1.432234 [    0.3785,     6.6439]
K                6     -0.427968 [   -9.9658,     3.3219]
sre_coso         7      0.063514 [   -1.0000,     1.0000]
sre_sino         8     -0.098895 [   -1.0000,     1.0000]
mean_long        9    269.584486 [   81.8196,   441.8196]

----- common model:  activity
Prot            10     27.475806 [   20.0000,    35.0000]
Pdec            11     31.381087 [   30.0000,  1000.0000]
Oamp            12     -1.159563 [   -6.6439,     0.0000]

----- common model:  star_parameters

====================================================================================================
     Statistics on the model parameters obtained from the posteriors samples     
====================================================================================================

----- dataset:  RVdata
jitter_0              1.122338 
offset_0              9.227294 
offset_1             10.783007 
offset_2              9.976443 
offset_3             10.251837 


----- dataset: RVdata                    ----- model: gp_multidimensional           
rot_amp               6.266749 
con_amp               0.520601 

----- dataset:  FWHMdata
jitter_0              0.358357 
offset_0           6692.459580 
offset_1           6937.501333 
offset_2           6857.393345 
offset_3           6897.487457 


----- dataset: FWHMdata                  ----- model: gp_multidimensional           
rot_amp               7.028591 
con_amp              -2.488247 

----- dataset:  Contrastdata
jitter_0            212.568567 
offset_0        -353842.866381 
offset_1        -433639.160639 
offset_2        -457684.029228 
offset_3        -362707.992018 


----- dataset: Contrastdata              ----- model: gp_multidimensional           
rot_amp               0.553538 
con_amp             -18.362914 

----- common model:  b
P                     2.472375 
K                     1.310848 
mean_long            68.091625 
e                     0.004670 
omega                51.784753 

----- common model:  c
P                     2.698642 
K                     0.743308 
mean_long           269.584486 
e                     0.013814 
omega               -57.290077 

----- common model:  activity
Prot                 27.475806 
Pdec                 31.381087 
Oamp                  0.447648 

----- common model:  star_parameters

====================================================================================================
     Statistics on the derived parameters obtained from the posteriors samples     
====================================================================================================

----- common model:  b
Inclination fixed to 90 deg!
a_Rs                  7.691177 
M_Mj                  0.008719 
M_Me                  2.771854 
Tc                59334.848377 
a_AU_(M)              0.035783 
a_AU_(rho,R)          0.035783 

----- common model:  c
Inclination fixed to 90 deg!
a_Rs                  8.153552 
M_Mj                  0.005090 
M_Me                  1.618177 
Tc                59336.046151 
a_AU_(M)              0.037934 
a_AU_(rho,R)          0.037934 


====================================================================================================
     ------------------------------------------------------------------------------------------     
====================================================================================================



****************************************************************************************************

Inclination fixed to 90 deg!
Inclination fixed to 90 deg!
Note: stellar density derived from stellar mass and radius

Inclination fixed to 90 deg!
Inclination fixed to 90 deg!
Inclination fixed to 90 deg!
Inclination fixed to 90 deg!
 Plot FLAT chain 

****************************************************************************************************

 Skipping full correlation plot due to the high number of parameters
 To avoid this behaviour, set the keyword parameters:force_full_correlation_plot to True

****************************************************************************************************

 Plotting the chains... 

****************************************************************************************************

 Plotting the Gelman-Rubin traces... 

     Gelman-Rubin:    13     1.010663 RVdata_jitter_0 
     Gelman-Rubin:    14     1.011018 RVdata_offset_0 
     Gelman-Rubin:    15     1.015252 RVdata_offset_1 
     Gelman-Rubin:    16     1.013586 RVdata_offset_2 
     Gelman-Rubin:    17     1.011208 RVdata_offset_3 
     Gelman-Rubin:    18     1.010967 RVdata_gp_multidimensional_rot_amp 
     Gelman-Rubin:    19     1.014025 RVdata_gp_multidimensional_con_amp 
     Gelman-Rubin:    20     1.012886 FWHMdata_jitter_0 
     Gelman-Rubin:    21     1.011962 FWHMdata_offset_0 
     Gelman-Rubin:    22     1.013829 FWHMdata_offset_1 
     Gelman-Rubin:    23     1.014074 FWHMdata_offset_2 
     Gelman-Rubin:    24     1.011444 FWHMdata_offset_3 
     Gelman-Rubin:    25     1.010986 FWHMdata_gp_multidimensional_rot_amp 
     Gelman-Rubin:    26     1.013012 FWHMdata_gp_multidimensional_con_amp 
     Gelman-Rubin:    27     1.013302 Contrastdata_jitter_0 
     Gelman-Rubin:    28     1.009858 Contrastdata_offset_0 
     Gelman-Rubin:    29     1.010451 Contrastdata_offset_1 
     Gelman-Rubin:    30     1.011664 Contrastdata_offset_2 
     Gelman-Rubin:    31     1.008671 Contrastdata_offset_3 
     Gelman-Rubin:    32     1.013964 Contrastdata_gp_multidimensional_rot_amp 
     Gelman-Rubin:    33     1.020580 Contrastdata_gp_multidimensional_con_amp 
     Gelman-Rubin:     0     1.011386 b_P 
     Gelman-Rubin:     1     1.010959 b_K 
     Gelman-Rubin:     2     1.011467 b_sre_coso 
     Gelman-Rubin:     3     1.013042 b_sre_sino 
     Gelman-Rubin:     4     1.012386 b_mean_long 
     Gelman-Rubin:     5     1.024410 c_P 
     Gelman-Rubin:     6     1.301187 c_K 
     Gelman-Rubin:     7     1.009167 c_sre_coso 
     Gelman-Rubin:     8     1.011602 c_sre_sino 
     Gelman-Rubin:     9     1.037263 c_mean_long 
     Gelman-Rubin:    10     1.012371 activity_Prot 
     Gelman-Rubin:    11     1.015830 activity_Pdec 
     Gelman-Rubin:    12     1.012037 activity_Oamp 

****************************************************************************************************

Plotting the common models corner plots
     Common model:  b
     Common model:  c
     Common model:  activity
     Common model:  star_parameters

****************************************************************************************************

Plotting the dataset + models corner plots 

     Dataset:  RVdata     model:  gp_multidimensional  corner plot  starting 
     Dataset:  RVdata     model:  gp_multidimensional  corner plot  done 
     Dataset:  RVdata     model:  radial_velocities_b  corner plot  starting 
     Dataset:  RVdata     model:  radial_velocities_b  corner plot  done 
     Dataset:  RVdata     model:  radial_velocities_c  corner plot  starting 
     Dataset:  RVdata     model:  radial_velocities_c  corner plot  done 
     Dataset:  FWHMdata     model:  gp_multidimensional  corner plot  starting 
     Dataset:  FWHMdata     model:  gp_multidimensional  corner plot  done 
     Dataset:  Contrastdata     model:  gp_multidimensional  corner plot  starting 
     Dataset:  Contrastdata     model:  gp_multidimensional  corner plot  done 

****************************************************************************************************

 Saving the planet parameter samplings to files (with plots)

****************************************************************************************************

 Saving all the parameter samplings to files (with plots)

****************************************************************************************************

 Computing the models for plot/data writing 
     Splitting the plot array to allow GP prediction of extended datasets, it may take a while...
     # 49 chunks of 100 times each
     Check the documentation if the code is taking too long or if it crashes...
     Splitting the plot array to allow GP prediction of extended datasets, it may take a while...
     # 29 chunks of 100 times each
     Check the documentation if the code is taking too long or if it crashes...
     Splitting the plot array to allow GP prediction of extended datasets, it may take a while...
     # 29 chunks of 100 times each
     Check the documentation if the code is taking too long or if it crashes...
     Splitting the plot array to allow GP prediction of extended datasets, it may take a while...
     # 49 chunks of 100 times each
     Check the documentation if the code is taking too long or if it crashes...
     Splitting the plot array to allow GP prediction of extended datasets, it may take a while...
     # 29 chunks of 100 times each
     Check the documentation if the code is taking too long or if it crashes...
     Splitting the plot array to allow GP prediction of extended datasets, it may take a while...
     # 29 chunks of 100 times each
     Check the documentation if the code is taking too long or if it crashes...
     Splitting the plot array to allow GP prediction of extended datasets, it may take a while...
     # 49 chunks of 100 times each
     Check the documentation if the code is taking too long or if it crashes...
     Splitting the plot array to allow GP prediction of extended datasets, it may take a while...
     # 29 chunks of 100 times each
     Check the documentation if the code is taking too long or if it crashes...
     Splitting the plot array to allow GP prediction of extended datasets, it may take a while...
     # 29 chunks of 100 times each
     Check the documentation if the code is taking too long or if it crashes...
 Writing the plots 
 Writing the   data files 
 Writing the  MAP_ data files 
 Writing the  sampleMED_ data files 

****************************************************************************************************

