
:::---::: PyORBIT v11.0.1 :::---:::

Python version in use:
3.10.18 (main, Jun  5 2025, 13:14:17) [GCC 11.2.0]

reloaded_optimize:  False
reloaded_pyde:  False
reloaded_emcee:  False

number of multiprocessing threads: 16
multiprocessing method (should be fork):  fork

parameters/safe_reload flag (must be True for tinygp):  False

Opening:  RVdata
Opening:  FWHMdata
Opening:  Contrastdata

Adding common model of planet:  b
Using orbital model:  keplerian
Using orbital parametrization:  Eastman2013

gp_multidimensional  S+LEAF model, number of harmonics: 4

GP model: gp_multidimensional  hyperparameters_condition:    True
GP model: gp_multidimensional  rotation_decay_condition:     True

====================================================================================================
     Ids, spaces (s), boundaries (b) and priors (p) of the sampler parameters     
====================================================================================================

----- dataset:  RVdata
jitter_0      id:   8  s:Linear      b:[      0.0009,      14.4000]   p:Uniform   []
offset_0      id:   9  s:Linear      b:[  -9996.1930,   10016.9830]   p:Uniform   []
offset_1      id:  10  s:Linear      b:[  -9996.1930,   10016.9830]   p:Uniform   []
offset_2      id:  11  s:Linear      b:[  -9996.1930,   10016.9830]   p:Uniform   []
offset_3      id:  12  s:Linear      b:[  -9996.1930,   10016.9830]   p:Uniform   []

----- dataset: RVdata                    ----- model: gp_multidimensional           
rot_amp       id:  13  s:Linear      b:[      0.0000,      10.0000]   p:Uniform   []
con_amp       id:  14  s:Linear      b:[    -20.0000,      20.0000]   p:Uniform   []

----- dataset:  FWHMdata
jitter_0      id:  15  s:Linear      b:[      0.0500,     500.0000]   p:Uniform   []
offset_0      id:  16  s:Linear      b:[  -3319.7953,   16947.8039]   p:Uniform   []
offset_1      id:  17  s:Linear      b:[  -3319.7953,   16947.8039]   p:Uniform   []
offset_2      id:  18  s:Linear      b:[  -3319.7953,   16947.8039]   p:Uniform   []
offset_3      id:  19  s:Linear      b:[  -3319.7953,   16947.8039]   p:Uniform   []

----- dataset: FWHMdata                  ----- model: gp_multidimensional           
rot_amp       id:  20  s:Linear      b:[    -10.0000,      10.0000]   p:Uniform   []
con_amp       id:  21  s:Linear      b:[    -20.0000,      20.0000]   p:Uniform   []

----- dataset:  Contrastdata
jitter_0      id:  22  s:Linear      b:[      1.3000,   13000.0000]   p:Uniform   []
offset_0      id:  23  s:Linear      b:[-468097.7760, -343163.8137]   p:Uniform   []
offset_1      id:  24  s:Linear      b:[-468097.7760, -343163.8137]   p:Uniform   []
offset_2      id:  25  s:Linear      b:[-468097.7760, -343163.8137]   p:Uniform   []
offset_3      id:  26  s:Linear      b:[-468097.7760, -343163.8137]   p:Uniform   []

----- dataset: Contrastdata              ----- model: gp_multidimensional           
rot_amp       id:  27  s:Linear      b:[    -10.0000,      10.0000]   p:Uniform   []
con_amp       id:  28  s:Linear      b:[    -20.0000,      20.0000]   p:Uniform   []

----- common model:  b
P             id:   0  s:Log_Base2   b:[      0.3785,       6.6439]   p:Uniform   []
K             id:   1  s:Log_Base2   b:[     -9.9658,       3.3219]   p:Uniform   []
sre_coso      id:   2  s:Linear      b:[     -1.0000,       1.0000]   p:Uniform   []
sre_sino      id:   3  s:Linear      b:[     -1.0000,       1.0000]   p:Uniform   []
mean_long     id:   4  s:Linear      b:[      0.0000,     360.0000]   p:Uniform   []
e             derived (no id, space, bound)                           p:Gaussian   [0.    0.098]
omega         derived (no id, space, bound)                           p:Uniform   [0.0, 360.0]

----- common model:  activity
Prot          id:   5  s:Linear      b:[     20.0000,      35.0000]   p:Gaussian   [28.   0.5]
Pdec          id:   6  s:Linear      b:[     30.0000,    1000.0000]   p:Uniform   []
Oamp          id:   7  s:Log_Base2   b:[     -6.6439,       0.0000]   p:Gaussian   [0.35  0.035]

----- common model:  star_parameters
mass          derived (no id, space, bound)                           p:Gaussian   [1.e+00 1.e-06]
radius        derived (no id, space, bound)                           p:Gaussian   [1.e+00 1.e-06]
density       derived (no id, space, bound)                           p:Gaussian   [1.e+00 1.e-06]

Include priors:  True

Reference Time Tref:  59334.700184

Dimensions =  29
Nwalkers =  116

Using threading pool for PyDE: True
PyDE running
Boundaries redefined after PyDE output
PyDE completed, it took         55.1 seconds

====================================================================================================
     Starting point of the sample/optimization routines    
====================================================================================================

----- dataset:  RVdata
jitter_0         8      1.204288 [    0.0009,    14.4000]
offset_0         9      9.293797 [-9996.1930, 10016.9830]
offset_1        10     10.327960 [-9996.1930, 10016.9830]
offset_2        11     10.240043 [-9996.1930, 10016.9830]
offset_3        12     10.173898 [-9996.1930, 10016.9830]

----- dataset: RVdata                    ----- model: gp_multidimensional           
rot_amp         13      6.920229 [    0.0000,    10.0000]
con_amp         14      0.200411 [  -20.0000,    20.0000]

----- dataset:  FWHMdata
jitter_0        15      0.051940 [    0.0500,   500.0000]
offset_0        16   6693.013743 [-3319.7953, 16947.8039]
offset_1        17   6938.620828 [-3319.7953, 16947.8039]
offset_2        18   6857.506595 [-3319.7953, 16947.8039]
offset_3        19   6896.193713 [-3319.7953, 16947.8039]

----- dataset: FWHMdata                  ----- model: gp_multidimensional           
rot_amp         20     -1.888557 [  -10.0000,    10.0000]
con_amp         21     -1.551445 [  -20.0000,    20.0000]

----- dataset:  Contrastdata
jitter_0        22    172.812044 [    1.3000, 13000.0000]
offset_0        23  -353872.438052 [-468097.7760, -343163.8137]
offset_1        24  -433661.799661 [-468097.7760, -343163.8137]
offset_2        25  -457690.661412 [-468097.7760, -343163.8137]
offset_3        26  -362704.700901 [-468097.7760, -343163.8137]

----- dataset: Contrastdata              ----- model: gp_multidimensional           
rot_amp         27     -9.975006 [  -10.0000,    10.0000]
con_amp         28    -19.999607 [  -20.0000,    20.0000]

----- common model:  b
P                0      6.007899 [    0.3785,     6.6439]
K                1      0.179121 [   -9.9658,     3.3219]
sre_coso         2      0.189117 [   -1.0000,     1.0000]
sre_sino         3     -0.002495 [   -1.0000,     1.0000]
mean_long        4    273.618672 [   93.6187,   453.6187]

----- common model:  activity
Prot             5     28.200776 [   20.0000,    35.0000]
Pdec             6     30.001520 [   30.0000,  1000.0000]
Oamp             7     -1.164205 [   -6.6439,     0.0000]

----- common model:  star_parameters

====================================================================================================
     Starting point projected onto the model parameter space     
====================================================================================================

----- dataset:  RVdata
jitter_0              1.204288 
offset_0              9.293797 
offset_1             10.327960 
offset_2             10.240043 
offset_3             10.173898 


----- dataset: RVdata                    ----- model: gp_multidimensional           
rot_amp               6.920229 
con_amp               0.200411 

----- dataset:  FWHMdata
jitter_0              0.051940 
offset_0           6693.013743 
offset_1           6938.620828 
offset_2           6857.506595 
offset_3           6896.193713 


----- dataset: FWHMdata                  ----- model: gp_multidimensional           
rot_amp              -1.888557 
con_amp              -1.551445 

----- dataset:  Contrastdata
jitter_0            172.812044 
offset_0        -353872.438052 
offset_1        -433661.799661 
offset_2        -457690.661412 
offset_3        -362704.700901 


----- dataset: Contrastdata              ----- model: gp_multidimensional           
rot_amp              -9.975006 
con_amp             -19.999607 

----- common model:  b
P                    64.351377 
K                     1.132194 
mean_long           273.618672 
e                     0.035772 
omega                -0.755815 

----- common model:  activity
Prot                 28.200776 
Pdec                 30.001520 
Oamp                  0.446210 

----- common model:  star_parameters

====================================================================================================
     Derived parameters obtained from starting point     
====================================================================================================

----- common model:  b
Inclination fixed to 90 deg!
a_Rs                 67.549349 
M_Mj                  0.022305 
M_Me                  7.090612 
Tc                59365.496247 
a_AU_(M)              0.314275 
a_AU_(rho,R)          0.314271 


====================================================================================================
     Statistics on the log-likelihood     
====================================================================================================

 LN probability: -3808.501587 

====================================================================================================
     ------------------------------------------------------------------------------------------     
====================================================================================================



*************************************************************

Running emcee

emcee version:  3.1.6
Using threading pool for emcee: True

Saving temporary steps


Computing the autocorrelation time of the chains

***** WARNING ******
The integrated autocorrelation time cannot be reliably estimated
likely the chains are too short, and ACF analysis is not fully reliable
emcee.autocorr.integrated_time tolerance lowered to 20
If you still get a warning, you should drop these results entirely
Chains too short to apply convergence criteria
They should be at least 300*nthin = 45000

====================================================================================================
     Statistics on the posterior of the sampler parameters     
====================================================================================================

----- dataset:  RVdata
jitter_0         8         1.215       -0.051        0.054   (15-84 p)   [    0.0009,    14.4000]
offset_0         9          9.43        -0.25         0.28   (15-84 p)   [-9996.1930, 10016.9830]
offset_1        10         10.47        -0.35         0.38   (15-84 p)   [-9996.1930, 10016.9830]
offset_2        11         10.37        -0.26         0.28   (15-84 p)   [-9996.1930, 10016.9830]
offset_3        12         10.30        -0.26         0.30   (15-84 p)   [-9996.1930, 10016.9830]

----- dataset: RVdata                    ----- model: gp_multidimensional           
rot_amp         13           8.4         -1.2          1.1   (15-84 p)   [    0.0000,    10.0000]
con_amp         14          0.25        -0.16         0.15   (15-84 p)   [  -20.0000,    20.0000]

----- dataset:  FWHMdata
jitter_0        15          0.30        -0.18         0.27   (15-84 p)   [    0.0500,   500.0000]
offset_0        16       6692.82         -1.1         0.99   (15-84 p)   [-3319.7953, 16947.8039]
offset_1        17        6938.5         -1.4          1.4   (15-84 p)   [-3319.7953, 16947.8039]
offset_2        18        6857.3         -1.1          1.0   (15-84 p)   [-3319.7953, 16947.8039]
offset_3        19        6896.0         -1.0          1.0   (15-84 p)   [-3319.7953, 16947.8039]

----- dataset: FWHMdata                  ----- model: gp_multidimensional           
rot_amp         20          -2.1         -1.6          1.4   (15-84 p)   [  -10.0000,    10.0000]
con_amp         21         -1.80        -0.33         0.28   (15-84 p)   [  -20.0000,    20.0000]

----- dataset:  Contrastdata
jitter_0        22           180          -12           12   (15-84 p)   [    1.3000, 13000.0000]
offset_0        23       -353874          -23           23   (15-84 p)   [-468097.7760, -343163.8137]
offset_1        24       -433655          -44           46   (15-84 p)   [-468097.7760, -343163.8137]
offset_2        25       -457689          -26           25   (15-84 p)   [-468097.7760, -343163.8137]
offset_3        26       -362704          -25           24   (15-84 p)   [-468097.7760, -343163.8137]

----- dataset: Contrastdata              ----- model: gp_multidimensional           
rot_amp         27          -0.9         -6.4          7.1   (15-84 p)   [  -10.0000,    10.0000]
con_amp         28        -19.59        -0.31         0.66   (15-84 p)   [  -20.0000,    20.0000]

----- common model:  b
P                0          6.08        -0.22         0.26   (15-84 p)   [    0.3785,     6.6439]
K                1          0.16        -0.38         0.33   (15-84 p)   [   -9.9658,     3.3219]
sre_coso         2          0.02        -0.21         0.21   (15-84 p)   [   -1.0000,     1.0000]
sre_sino         3          0.01        -0.21         0.21   (15-84 p)   [   -1.0000,     1.0000]
mean_long        4           285          -39           39   (15-84 p)   [   93.6187,   453.6187]

----- common model:  activity
Prot             5         28.21        -0.45         0.42   (15-84 p)   [   20.0000,    35.0000]
Pdec             6         31.14        -0.83          1.9   (15-84 p)   [   30.0000,  1000.0000]
Oamp             7        -1.170        -0.10        0.097   (15-84 p)   [   -6.6439,     0.0000]

----- common model:  star_parameters

====================================================================================================
     Statistics on the model parameters obtained from the posteriors samples     
====================================================================================================

----- dataset:  RVdata
jitter_0                 1.215       -0.051        0.054    (15-84 p)
offset_0                  9.43        -0.25         0.28    (15-84 p)
offset_1                 10.47        -0.35         0.38    (15-84 p)
offset_2                 10.37        -0.26         0.28    (15-84 p)
offset_3                 10.30        -0.26         0.30    (15-84 p)


----- dataset: RVdata                    ----- model: gp_multidimensional           
rot_amp                    8.4         -1.2          1.1    (15-84 p)
con_amp                   0.25        -0.16         0.15    (15-84 p)

----- dataset:  FWHMdata
jitter_0                  0.30        -0.18         0.27    (15-84 p)
offset_0               6692.82         -1.1         0.99    (15-84 p)
offset_1                6938.5         -1.4          1.4    (15-84 p)
offset_2                6857.3         -1.1          1.0    (15-84 p)
offset_3                6896.0         -1.0          1.0    (15-84 p)


----- dataset: FWHMdata                  ----- model: gp_multidimensional           
rot_amp                   -2.1         -1.6          1.4    (15-84 p)
con_amp                  -1.80        -0.33         0.28    (15-84 p)

----- dataset:  Contrastdata
jitter_0                   180          -12           12    (15-84 p)
offset_0               -353874          -23           23    (15-84 p)
offset_1               -433655          -44           46    (15-84 p)
offset_2               -457689          -26           25    (15-84 p)
offset_3               -362704          -25           24    (15-84 p)


----- dataset: Contrastdata              ----- model: gp_multidimensional           
rot_amp                   -0.9         -6.4          7.1    (15-84 p)
con_amp                 -19.59        -0.31         0.66    (15-84 p)

----- common model:  b
P                         67.4         -9.4           13    (15-84 p)
K                         1.12        -0.26         0.29    (15-84 p)
mean_long                  285          -39           39    (15-84 p)
e                        0.065       -0.047        0.070    (15-84 p)
omega                        4         -121          112    (15-84 p)

----- common model:  activity
Prot                     28.21        -0.45         0.42    (15-84 p)
Pdec                     31.14        -0.83          1.9    (15-84 p)
Oamp                     0.444       -0.031        0.031    (15-84 p)

----- common model:  star_parameters

====================================================================================================
     Statistics on the derived parameters obtained from the posteriors samples     
====================================================================================================

----- common model:  b
Inclination fixed to 90 deg!
Computing planetary mass under the approximation M_planet << M_star (threshold at 30.0 Me)
a_Rs                      69.7         -6.7          9.0    (15-84 p)
M_Mj                    0.0221      -0.0052       0.0065    (15-84 p)
M_Me                       7.0         -1.7          2.1    (15-84 p)
Tc                     59365.5         -3.7          3.2    (15-84 p)
a_AU_(M)                 0.324       -0.031        0.042    (15-84 p)
a_AU_(rho,R)             0.324       -0.031        0.042    (15-84 p)


====================================================================================================
     ------------------------------------------------------------------------------------------     
====================================================================================================



15000.0   steps completed, average lnprob:,  -3823.671486284177


Computing the autocorrelation time of the chains

***** WARNING ******
The integrated autocorrelation time cannot be reliably estimated
likely the chains are too short, and ACF analysis is not fully reliable
emcee.autocorr.integrated_time tolerance lowered to 20
If you still get a warning, you should drop these results entirely

Reference thinning used in the analysis: 150
Maximum value of the integrated ACF: 8
Step length used in the analysis: 8*nthin = 1200

Convergence criteria: less than 1% variation in ACF after 20 times the integrated ACF
At least 50*ACF after convergence, 100*ACF would be ideal
Negative values: not converged yet

   sampler parameter              |    ACF   | ACF*nthin | converged at | nsteps/ACF | to 100*ACF
                                  |          |           |              |            | 
   RVdata_jitter_0                |    5.41  |      811  |       -1     |      -1    |   81940 
   RVdata_offset_0                |    6.25  |      937  |       -1     |      -1    |   94618 
   RVdata_offset_1                |    5.96  |      894  |       -1     |      -1    |   90308 
   RVdata_offset_2                |    6.33  |      950  |       -1     |      -1    |   95938 
   RVdata_offset_3                |    6.15  |      922  |       -1     |      -1    |   93158 
   RVdata_gp_multidimensional_rot_amp |    5.66  |      849  |    27600     |       3    |   82492 
   RVdata_gp_multidimensional_con_amp |    7.33  |     1099  |       -1     |      -1    |  111030 
   FWHMdata_jitter_0              |    5.87  |      880  |       -1     |      -1    |   88862 
   FWHMdata_offset_0              |    6.15  |      922  |       -1     |      -1    |   93097 
   FWHMdata_offset_1              |    5.62  |      843  |       -1     |      -1    |   85141 
   FWHMdata_offset_2              |    5.79  |      869  |       -1     |      -1    |   87761 
   FWHMdata_offset_3              |    5.69  |      854  |       -1     |      -1    |   86266 
   FWHMdata_gp_multidimensional_rot_amp |    5.55  |      832  |       -1     |      -1    |   84080 
   FWHMdata_gp_multidimensional_con_amp |    6.07  |      910  |       -1     |      -1    |   91893 
   Contrastdata_jitter_0          |    5.54  |      831  |       -1     |      -1    |   83900 
   Contrastdata_offset_0          |    5.45  |      818  |       -1     |      -1    |   82582 
   Contrastdata_offset_1          |    5.48  |      822  |       -1     |      -1    |   83015 
   Contrastdata_offset_2          |    5.40  |      809  |       -1     |      -1    |   81759 
   Contrastdata_offset_3          |    5.21  |      782  |       -1     |      -1    |   78980 
   Contrastdata_gp_multidimensional_rot_amp |    7.39  |     1109  |    28800     |       1    |  109683 
   Contrastdata_gp_multidimensional_con_amp |    8.07  |     1211  |       -1     |      -1    |  122295 
   b_P                            |    6.83  |     1025  |       -1     |      -1    |  103493 
   b_K                            |    7.37  |     1105  |       -1     |      -1    |  111648 
   b_sre_coso                     |    5.72  |      858  |       -1     |      -1    |   86684 
   b_sre_sino                     |    5.70  |      855  |       -1     |      -1    |   86341 
   b_mean_long                    |    6.52  |      978  |       -1     |      -1    |   98740 
   activity_Prot                  |    5.47  |      821  |       -1     |      -1    |   82885 
   activity_Pdec                  |    8.04  |     1207  |       -1     |      -1    |  121868 
   activity_Oamp                  |    5.17  |      776  |       -1     |      -1    |   78355 

    27 chains have not converged yet, keep going 

Check the documentation for the correct interpretation of these results:
https://pyorbit.readthedocs.io/running_pyorbit/terminal_output/#autocorrelation-analysis

====================================================================================================
     Statistics on the posterior of the sampler parameters     
====================================================================================================

----- dataset:  RVdata
jitter_0         8         1.216       -0.050        0.055   (15-84 p)   [    0.0009,    14.4000]
offset_0         9          9.43        -0.26         0.30   (15-84 p)   [-9996.1930, 10016.9830]
offset_1        10         10.50        -0.38         0.38   (15-84 p)   [-9996.1930, 10016.9830]
offset_2        11         10.37        -0.26         0.29   (15-84 p)   [-9996.1930, 10016.9830]
offset_3        12         10.32        -0.27         0.30   (15-84 p)   [-9996.1930, 10016.9830]

----- dataset: RVdata                    ----- model: gp_multidimensional           
rot_amp         13           8.4         -1.3          1.1   (15-84 p)   [    0.0000,    10.0000]
con_amp         14          0.25        -0.16         0.15   (15-84 p)   [  -20.0000,    20.0000]

----- dataset:  FWHMdata
jitter_0        15          0.29        -0.17         0.27   (15-84 p)   [    0.0500,   500.0000]
offset_0        16        6692.8         -1.0          1.0   (15-84 p)   [-3319.7953, 16947.8039]
offset_1        17        6938.5         -1.4          1.3   (15-84 p)   [-3319.7953, 16947.8039]
offset_2        18        6857.3         -1.0          1.0   (15-84 p)   [-3319.7953, 16947.8039]
offset_3        19        6896.0         -1.1          1.0   (15-84 p)   [-3319.7953, 16947.8039]

----- dataset: FWHMdata                  ----- model: gp_multidimensional           
rot_amp         20          -2.2         -1.6          1.5   (15-84 p)   [  -10.0000,    10.0000]
con_amp         21         -1.78        -0.32         0.27   (15-84 p)   [  -20.0000,    20.0000]

----- dataset:  Contrastdata
jitter_0        22           180          -11           12   (15-84 p)   [    1.3000, 13000.0000]
offset_0        23       -353872          -23           23   (15-84 p)   [-468097.7760, -343163.8137]
offset_1        24       -433656          -46           44   (15-84 p)   [-468097.7760, -343163.8137]
offset_2        25       -457690          -26           25   (15-84 p)   [-468097.7760, -343163.8137]
offset_3        26       -362705          -25           25   (15-84 p)   [-468097.7760, -343163.8137]

----- dataset: Contrastdata              ----- model: gp_multidimensional           
rot_amp         27          -1.2         -6.3          7.4   (15-84 p)   [  -10.0000,    10.0000]
con_amp         28        -19.55        -0.34         0.76   (15-84 p)   [  -20.0000,    20.0000]

----- common model:  b
P                0          6.07        -0.21         0.27   (15-84 p)   [    0.3785,     6.6439]
K                1          0.15        -0.39         0.33   (15-84 p)   [   -9.9658,     3.3219]
sre_coso         2          0.02        -0.21         0.21   (15-84 p)   [   -1.0000,     1.0000]
sre_sino         3          0.00        -0.20         0.21   (15-84 p)   [   -1.0000,     1.0000]
mean_long        4           285          -41           40   (15-84 p)   [   93.6187,   453.6187]

----- common model:  activity
Prot             5         28.19        -0.44         0.42   (15-84 p)   [   20.0000,    35.0000]
Pdec             6         31.21        -0.91          1.9   (15-84 p)   [   30.0000,  1000.0000]
Oamp             7        -1.166        -0.10        0.092   (15-84 p)   [   -6.6439,     0.0000]

----- common model:  star_parameters

====================================================================================================
     Statistics on the model parameters obtained from the posteriors samples     
====================================================================================================

----- dataset:  RVdata
jitter_0                 1.216       -0.050        0.055    (15-84 p)
offset_0                  9.43        -0.26         0.30    (15-84 p)
offset_1                 10.50        -0.38         0.38    (15-84 p)
offset_2                 10.37        -0.26         0.29    (15-84 p)
offset_3                 10.32        -0.27         0.30    (15-84 p)


----- dataset: RVdata                    ----- model: gp_multidimensional           
rot_amp                    8.4         -1.3          1.1    (15-84 p)
con_amp                   0.25        -0.16         0.15    (15-84 p)

----- dataset:  FWHMdata
jitter_0                  0.29        -0.17         0.27    (15-84 p)
offset_0                6692.8         -1.0          1.0    (15-84 p)
offset_1                6938.5         -1.4          1.3    (15-84 p)
offset_2                6857.3         -1.0          1.0    (15-84 p)
offset_3                6896.0         -1.1          1.0    (15-84 p)


----- dataset: FWHMdata                  ----- model: gp_multidimensional           
rot_amp                   -2.2         -1.6          1.5    (15-84 p)
con_amp                  -1.78        -0.32         0.27    (15-84 p)

----- dataset:  Contrastdata
jitter_0                   180          -11           12    (15-84 p)
offset_0               -353872          -23           23    (15-84 p)
offset_1               -433656          -46           44    (15-84 p)
offset_2               -457690          -26           25    (15-84 p)
offset_3               -362705          -25           25    (15-84 p)


----- dataset: Contrastdata              ----- model: gp_multidimensional           
rot_amp                   -1.2         -6.3          7.4    (15-84 p)
con_amp                 -19.55        -0.34         0.76    (15-84 p)

----- common model:  b
P                         67.0         -9.0           14    (15-84 p)
K                         1.11        -0.26         0.29    (15-84 p)
mean_long                  285          -41           40    (15-84 p)
e                        0.065       -0.046        0.072    (15-84 p)
omega                        2         -121          111    (15-84 p)

----- common model:  activity
Prot                     28.19        -0.44         0.42    (15-84 p)
Pdec                     31.21        -0.91          1.9    (15-84 p)
Oamp                     0.446       -0.031        0.029    (15-84 p)

----- common model:  star_parameters

====================================================================================================
     Statistics on the derived parameters obtained from the posteriors samples     
====================================================================================================

----- common model:  b
Inclination fixed to 90 deg!
Computing planetary mass under the approximation M_planet << M_star (threshold at 30.0 Me)
a_Rs                      69.4         -6.3          9.2    (15-84 p)
M_Mj                    0.0219      -0.0053       0.0066    (15-84 p)
M_Me                       7.0         -1.7          2.1    (15-84 p)
Tc                     59365.4         -3.7          3.4    (15-84 p)
a_AU_(M)                 0.323       -0.030        0.043    (15-84 p)
a_AU_(rho,R)             0.323       -0.030        0.043    (15-84 p)


====================================================================================================
     ------------------------------------------------------------------------------------------     
====================================================================================================



30000.0   steps completed, average lnprob:,  -3823.70862839836


Computing the autocorrelation time of the chains

***** WARNING ******
The integrated autocorrelation time cannot be reliably estimated
likely the chains are too short, and ACF analysis is not fully reliable
emcee.autocorr.integrated_time tolerance lowered to 20
If you still get a warning, you should drop these results entirely

Reference thinning used in the analysis: 150
Maximum value of the integrated ACF: 9
Step length used in the analysis: 9*nthin = 1350

Convergence criteria: less than 1% variation in ACF after 20 times the integrated ACF
At least 50*ACF after convergence, 100*ACF would be ideal
Negative values: not converged yet

   sampler parameter              |    ACF   | ACF*nthin | converged at | nsteps/ACF | to 100*ACF
                                  |          |           |              |            | 
   RVdata_jitter_0                |    6.04  |      905  |    40500     |       5    |   86026 
   RVdata_offset_0                |    7.26  |     1088  |       -1     |      -1    |  109926 
   RVdata_offset_1                |    6.78  |     1017  |    43200     |       2    |   99860 
   RVdata_offset_2                |    7.11  |     1067  |    40500     |       4    |  102184 
   RVdata_offset_3                |    7.12  |     1067  |    41850     |       3    |  103586 
   RVdata_gp_multidimensional_rot_amp |    6.23  |      934  |    33750     |      12    |   82151 
   RVdata_gp_multidimensional_con_amp |    8.52  |     1278  |       -1     |      -1    |  129067 
   FWHMdata_jitter_0              |    6.82  |     1023  |    29700     |      15    |   86966 
   FWHMdata_offset_0              |    7.23  |     1085  |       -1     |      -1    |  109595 
   FWHMdata_offset_1              |    6.99  |     1049  |       -1     |      -1    |  105899 
   FWHMdata_offset_2              |    6.82  |     1023  |    36450     |       8    |   93719 
   FWHMdata_offset_3              |    6.77  |     1016  |       -1     |      -1    |  102587 
   FWHMdata_gp_multidimensional_rot_amp |    6.14  |      921  |    37800     |       8    |   84935 
   FWHMdata_gp_multidimensional_con_amp |    7.16  |     1074  |       -1     |      -1    |  108458 
   Contrastdata_jitter_0          |    6.42  |      963  |    40500     |       5    |   91835 
   Contrastdata_offset_0          |    6.41  |      961  |    29700     |      16    |   80809 
   Contrastdata_offset_1          |    5.97  |      896  |    35100     |      11    |   79718 
   Contrastdata_offset_2          |    5.92  |      888  |    35100     |      11    |   78935 
   Contrastdata_offset_3          |    5.99  |      898  |    29700     |      17    |   74484 
   Contrastdata_gp_multidimensional_rot_amp |    7.75  |     1163  |    31050     |      12    |  102332 
   Contrastdata_gp_multidimensional_con_amp |    9.08  |     1362  |    37800     |       5    |  129036 
   b_P                            |    8.10  |     1214  |       -1     |      -1    |  122661 
   b_K                            |    8.40  |     1261  |       -1     |      -1    |  127332 
   b_sre_coso                     |    6.39  |      958  |    40500     |       5    |   91307 
   b_sre_sino                     |    6.60  |      991  |       -1     |      -1    |  100064 
   b_mean_long                    |    7.86  |     1179  |       -1     |      -1    |  119098 
   activity_Prot                  |    6.14  |      922  |    43200     |       2    |   90351 
   activity_Pdec                  |    8.61  |     1291  |    35100     |       8    |  119210 
   activity_Oamp                  |    6.21  |      931  |       -1     |      -1    |   94028 

    11 chains have not converged yet, keep going 

Check the documentation for the correct interpretation of these results:
https://pyorbit.readthedocs.io/running_pyorbit/terminal_output/#autocorrelation-analysis

====================================================================================================
     Statistics on the posterior of the sampler parameters     
====================================================================================================

----- dataset:  RVdata
jitter_0         8         1.215       -0.050        0.054   (15-84 p)   [    0.0009,    14.4000]
offset_0         9          9.43        -0.26         0.29   (15-84 p)   [-9996.1930, 10016.9830]
offset_1        10         10.50        -0.38         0.38   (15-84 p)   [-9996.1930, 10016.9830]
offset_2        11         10.37        -0.26         0.29   (15-84 p)   [-9996.1930, 10016.9830]
offset_3        12         10.32        -0.27         0.30   (15-84 p)   [-9996.1930, 10016.9830]

----- dataset: RVdata                    ----- model: gp_multidimensional           
rot_amp         13           8.4         -1.3          1.1   (15-84 p)   [    0.0000,    10.0000]
con_amp         14          0.25        -0.16         0.15   (15-84 p)   [  -20.0000,    20.0000]

----- dataset:  FWHMdata
jitter_0        15          0.29        -0.17         0.28   (15-84 p)   [    0.0500,   500.0000]
offset_0        16        6692.8         -1.0          1.0   (15-84 p)   [-3319.7953, 16947.8039]
offset_1        17        6938.5         -1.4          1.3   (15-84 p)   [-3319.7953, 16947.8039]
offset_2        18        6857.3         -1.0          1.0   (15-84 p)   [-3319.7953, 16947.8039]
offset_3        19        6896.0         -1.1          1.0   (15-84 p)   [-3319.7953, 16947.8039]

----- dataset: FWHMdata                  ----- model: gp_multidimensional           
rot_amp         20          -2.2         -1.6          1.5   (15-84 p)   [  -10.0000,    10.0000]
con_amp         21         -1.78        -0.32         0.27   (15-84 p)   [  -20.0000,    20.0000]

----- dataset:  Contrastdata
jitter_0        22           180          -12           12   (15-84 p)   [    1.3000, 13000.0000]
offset_0        23       -353873          -23           23   (15-84 p)   [-468097.7760, -343163.8137]
offset_1        24       -433657          -45           44   (15-84 p)   [-468097.7760, -343163.8137]
offset_2        25       -457691          -25           26   (15-84 p)   [-468097.7760, -343163.8137]
offset_3        26       -362705          -24           25   (15-84 p)   [-468097.7760, -343163.8137]

----- dataset: Contrastdata              ----- model: gp_multidimensional           
rot_amp         27          -0.8         -6.4          7.3   (15-84 p)   [  -10.0000,    10.0000]
con_amp         28        -19.56        -0.34         0.76   (15-84 p)   [  -20.0000,    20.0000]

----- common model:  b
P                0          6.07        -0.21         0.28   (15-84 p)   [    0.3785,     6.6439]
K                1          0.15        -0.38         0.34   (15-84 p)   [   -9.9658,     3.3219]
sre_coso         2          0.02        -0.22         0.21   (15-84 p)   [   -1.0000,     1.0000]
sre_sino         3          0.01        -0.21         0.21   (15-84 p)   [   -1.0000,     1.0000]
mean_long        4           285          -40           41   (15-84 p)   [   93.6187,   453.6187]

----- common model:  activity
Prot             5         28.20        -0.42         0.41   (15-84 p)   [   20.0000,    35.0000]
Pdec             6         31.19        -0.89          1.9   (15-84 p)   [   30.0000,  1000.0000]
Oamp             7        -1.165        -0.10        0.092   (15-84 p)   [   -6.6439,     0.0000]

----- common model:  star_parameters

====================================================================================================
     Statistics on the model parameters obtained from the posteriors samples     
====================================================================================================

----- dataset:  RVdata
jitter_0                 1.215       -0.050        0.054    (15-84 p)
offset_0                  9.43        -0.26         0.29    (15-84 p)
offset_1                 10.50        -0.38         0.38    (15-84 p)
offset_2                 10.37        -0.26         0.29    (15-84 p)
offset_3                 10.32        -0.27         0.30    (15-84 p)


----- dataset: RVdata                    ----- model: gp_multidimensional           
rot_amp                    8.4         -1.3          1.1    (15-84 p)
con_amp                   0.25        -0.16         0.15    (15-84 p)

----- dataset:  FWHMdata
jitter_0                  0.29        -0.17         0.28    (15-84 p)
offset_0                6692.8         -1.0          1.0    (15-84 p)
offset_1                6938.5         -1.4          1.3    (15-84 p)
offset_2                6857.3         -1.0          1.0    (15-84 p)
offset_3                6896.0         -1.1          1.0    (15-84 p)


----- dataset: FWHMdata                  ----- model: gp_multidimensional           
rot_amp                   -2.2         -1.6          1.5    (15-84 p)
con_amp                  -1.78        -0.32         0.27    (15-84 p)

----- dataset:  Contrastdata
jitter_0                   180          -12           12    (15-84 p)
offset_0               -353873          -23           23    (15-84 p)
offset_1               -433657          -45           44    (15-84 p)
offset_2               -457691          -25           26    (15-84 p)
offset_3               -362705          -24           25    (15-84 p)


----- dataset: Contrastdata              ----- model: gp_multidimensional           
rot_amp                   -0.8         -6.4          7.3    (15-84 p)
con_amp                 -19.56        -0.34         0.76    (15-84 p)

----- common model:  b
P                         67.1         -9.2           14    (15-84 p)
K                         1.11        -0.26         0.29    (15-84 p)
mean_long                  285          -40           41    (15-84 p)
e                        0.065       -0.046        0.073    (15-84 p)
omega                        6         -123          111    (15-84 p)

----- common model:  activity
Prot                     28.20        -0.42         0.41    (15-84 p)
Pdec                     31.19        -0.89          1.9    (15-84 p)
Oamp                     0.446       -0.030        0.030    (15-84 p)

----- common model:  star_parameters

====================================================================================================
     Statistics on the derived parameters obtained from the posteriors samples     
====================================================================================================

----- common model:  b
Inclination fixed to 90 deg!
Computing planetary mass under the approximation M_planet << M_star (threshold at 30.0 Me)
a_Rs                      69.5         -6.5          9.6    (15-84 p)
M_Mj                    0.0219      -0.0053       0.0066    (15-84 p)
M_Me                       7.0         -1.7          2.1    (15-84 p)
Tc                     59365.5         -3.8          3.3    (15-84 p)
a_AU_(M)                 0.323       -0.030        0.044    (15-84 p)
a_AU_(rho,R)             0.323       -0.030        0.044    (15-84 p)


====================================================================================================
     ------------------------------------------------------------------------------------------     
====================================================================================================



45000.0   steps completed, average lnprob:,  -3823.763703324912


Computing the autocorrelation time of the chains

***** WARNING ******
The integrated autocorrelation time cannot be reliably estimated
likely the chains are too short, and ACF analysis is not fully reliable
emcee.autocorr.integrated_time tolerance lowered to 20
If you still get a warning, you should drop these results entirely

Reference thinning used in the analysis: 150
Maximum value of the integrated ACF: 9
Step length used in the analysis: 9*nthin = 1350

Convergence criteria: less than 1% variation in ACF after 20 times the integrated ACF
At least 50*ACF after convergence, 100*ACF would be ideal
Negative values: not converged yet

   sampler parameter              |    ACF   | ACF*nthin | converged at | nsteps/ACF | to 100*ACF
                                  |          |           |              |            | 
   RVdata_jitter_0                |    6.57  |      985  |    40500     |      20    |   79017 
   RVdata_offset_0                |    7.76  |     1164  |    45900     |      12    |  102347 
   RVdata_offset_1                |    7.18  |     1078  |    43200     |      16    |   90955 
   RVdata_offset_2                |    7.38  |     1107  |    40500     |      18    |   91186 
   RVdata_offset_3                |    7.56  |     1135  |    41850     |      16    |   95325 
   RVdata_gp_multidimensional_rot_amp |    6.89  |     1033  |    33750     |      25    |   77029 
   RVdata_gp_multidimensional_con_amp |    9.38  |     1407  |    48600     |       8    |  129294 
   FWHMdata_jitter_0              |    7.55  |     1133  |    33750     |      23    |   87023 
   FWHMdata_offset_0              |    7.57  |     1136  |    48600     |      10    |  102186 
   FWHMdata_offset_1              |    7.45  |     1118  |    47250     |      11    |   99019 
   FWHMdata_offset_2              |    7.37  |     1105  |    36450     |      21    |   86949 
   FWHMdata_offset_3              |    7.35  |     1102  |    47250     |      12    |   97430 
   FWHMdata_gp_multidimensional_rot_amp |    6.51  |      976  |    37800     |      23    |   75424 
   FWHMdata_gp_multidimensional_con_amp |    7.31  |     1096  |    49950     |       9    |   99558 
   Contrastdata_jitter_0          |    7.06  |     1059  |    40500     |      18    |   86418 
   Contrastdata_offset_0          |    6.92  |     1038  |    29700     |      29    |   73496 
   Contrastdata_offset_1          |    6.23  |      935  |    35100     |      27    |   68591 
   Contrastdata_offset_2          |    6.52  |      977  |    35100     |      25    |   72843 
   Contrastdata_offset_3          |    6.48  |      973  |    29700     |      31    |   66972 
   Contrastdata_gp_multidimensional_rot_amp |    7.88  |     1182  |    31050     |      24    |   89248 
   Contrastdata_gp_multidimensional_con_amp |    9.99  |     1499  |    44550     |      10    |  134416 
   b_P                            |    8.79  |     1318  |    51300     |       7    |  123093 
   b_K                            |    9.74  |     1462  |    55350     |       3    |  141513 
   b_sre_coso                     |    6.74  |     1011  |    40500     |      19    |   81605 
   b_sre_sino                     |    7.08  |     1062  |    47250     |      12    |   93468 
   b_mean_long                    |    8.28  |     1242  |    45900     |      11    |  110122 
   activity_Prot                  |    6.42  |      963  |    43200     |      17    |   79474 
   activity_Pdec                  |    9.21  |     1382  |    36450     |      17    |  114630 
   activity_Oamp                  |    6.65  |      998  |    49950     |      10    |   89705 

All the chains have converged, but PyORBIT should keep running for about:
38091 more steps to reach 50*ACF,
94425 more steps to reach 100*ACF
Suggested value for burnin: 41757

Check the documentation for the correct interpretation of these results:
https://pyorbit.readthedocs.io/running_pyorbit/terminal_output/#autocorrelation-analysis

====================================================================================================
     Statistics on the posterior of the sampler parameters     
====================================================================================================

----- dataset:  RVdata
jitter_0         8         1.216       -0.050        0.054   (15-84 p)   [    0.0009,    14.4000]
offset_0         9          9.44        -0.26         0.30   (15-84 p)   [-9996.1930, 10016.9830]
offset_1        10         10.51        -0.38         0.38   (15-84 p)   [-9996.1930, 10016.9830]
offset_2        11         10.37        -0.26         0.30   (15-84 p)   [-9996.1930, 10016.9830]
offset_3        12         10.32        -0.27         0.30   (15-84 p)   [-9996.1930, 10016.9830]

----- dataset: RVdata                    ----- model: gp_multidimensional           
rot_amp         13           8.4         -1.3          1.1   (15-84 p)   [    0.0000,    10.0000]
con_amp         14          0.26        -0.16         0.15   (15-84 p)   [  -20.0000,    20.0000]

----- dataset:  FWHMdata
jitter_0        15          0.29        -0.17         0.28   (15-84 p)   [    0.0500,   500.0000]
offset_0        16        6692.8         -1.0          1.0   (15-84 p)   [-3319.7953, 16947.8039]
offset_1        17        6938.5         -1.4          1.3   (15-84 p)   [-3319.7953, 16947.8039]
offset_2        18        6857.3         -1.0          1.0   (15-84 p)   [-3319.7953, 16947.8039]
offset_3        19        6896.0         -1.1          1.0   (15-84 p)   [-3319.7953, 16947.8039]

----- dataset: FWHMdata                  ----- model: gp_multidimensional           
rot_amp         20          -2.1         -1.6          1.5   (15-84 p)   [  -10.0000,    10.0000]
con_amp         21         -1.78        -0.33         0.27   (15-84 p)   [  -20.0000,    20.0000]

----- dataset:  Contrastdata
jitter_0        22           180          -12           12   (15-84 p)   [    1.3000, 13000.0000]
offset_0        23       -353873          -23           23   (15-84 p)   [-468097.7760, -343163.8137]
offset_1        24       -433656          -45           45   (15-84 p)   [-468097.7760, -343163.8137]
offset_2        25       -457691          -25           25   (15-84 p)   [-468097.7760, -343163.8137]
offset_3        26       -362704          -24           25   (15-84 p)   [-468097.7760, -343163.8137]

----- dataset: Contrastdata              ----- model: gp_multidimensional           
rot_amp         27          -0.8         -6.4          7.2   (15-84 p)   [  -10.0000,    10.0000]
con_amp         28        -19.55        -0.34         0.77   (15-84 p)   [  -20.0000,    20.0000]

----- common model:  b
P                0          6.07        -0.21         0.27   (15-84 p)   [    0.3785,     6.6439]
K                1          0.14        -0.39         0.33   (15-84 p)   [   -9.9658,     3.3219]
sre_coso         2          0.02        -0.22         0.21   (15-84 p)   [   -1.0000,     1.0000]
sre_sino         3          0.01        -0.21         0.21   (15-84 p)   [   -1.0000,     1.0000]
mean_long        4           285          -40           40   (15-84 p)   [   93.6187,   453.6187]

----- common model:  activity
Prot             5         28.20        -0.43         0.42   (15-84 p)   [   20.0000,    35.0000]
Pdec             6         31.18        -0.88          1.9   (15-84 p)   [   30.0000,  1000.0000]
Oamp             7        -1.165        -0.10        0.092   (15-84 p)   [   -6.6439,     0.0000]

----- common model:  star_parameters

====================================================================================================
     Statistics on the model parameters obtained from the posteriors samples     
====================================================================================================

----- dataset:  RVdata
jitter_0                 1.216       -0.050        0.054    (15-84 p)
offset_0                  9.44        -0.26         0.30    (15-84 p)
offset_1                 10.51        -0.38         0.38    (15-84 p)
offset_2                 10.37        -0.26         0.30    (15-84 p)
offset_3                 10.32        -0.27         0.30    (15-84 p)


----- dataset: RVdata                    ----- model: gp_multidimensional           
rot_amp                    8.4         -1.3          1.1    (15-84 p)
con_amp                   0.26        -0.16         0.15    (15-84 p)

----- dataset:  FWHMdata
jitter_0                  0.29        -0.17         0.28    (15-84 p)
offset_0                6692.8         -1.0          1.0    (15-84 p)
offset_1                6938.5         -1.4          1.3    (15-84 p)
offset_2                6857.3         -1.0          1.0    (15-84 p)
offset_3                6896.0         -1.1          1.0    (15-84 p)


----- dataset: FWHMdata                  ----- model: gp_multidimensional           
rot_amp                   -2.1         -1.6          1.5    (15-84 p)
con_amp                  -1.78        -0.33         0.27    (15-84 p)

----- dataset:  Contrastdata
jitter_0                   180          -12           12    (15-84 p)
offset_0               -353873          -23           23    (15-84 p)
offset_1               -433656          -45           45    (15-84 p)
offset_2               -457691          -25           25    (15-84 p)
offset_3               -362704          -24           25    (15-84 p)


----- dataset: Contrastdata              ----- model: gp_multidimensional           
rot_amp                   -0.8         -6.4          7.2    (15-84 p)
con_amp                 -19.55        -0.34         0.77    (15-84 p)

----- common model:  b
P                         67.0         -9.2           14    (15-84 p)
K                         1.11        -0.26         0.29    (15-84 p)
mean_long                  285          -40           40    (15-84 p)
e                        0.065       -0.046        0.072    (15-84 p)
omega                        6         -122          111    (15-84 p)

----- common model:  activity
Prot                     28.20        -0.43         0.42    (15-84 p)
Pdec                     31.18        -0.88          1.9    (15-84 p)
Oamp                     0.446       -0.030        0.030    (15-84 p)

----- common model:  star_parameters

====================================================================================================
     Statistics on the derived parameters obtained from the posteriors samples     
====================================================================================================

----- common model:  b
Inclination fixed to 90 deg!
Computing planetary mass under the approximation M_planet << M_star (threshold at 30.0 Me)
a_Rs                      69.4         -6.5          9.4    (15-84 p)
M_Mj                    0.0219      -0.0054       0.0066    (15-84 p)
M_Me                       7.0         -1.7          2.1    (15-84 p)
Tc                     59365.5         -3.8          3.3    (15-84 p)
a_AU_(M)                 0.323       -0.030        0.044    (15-84 p)
a_AU_(rho,R)             0.323       -0.030        0.044    (15-84 p)


====================================================================================================
     ------------------------------------------------------------------------------------------     
====================================================================================================



60000.0   steps completed, average lnprob:,  -3822.98953326882


emcee completed


:::---::: PyORBIT v11.0.1 :::---:::

Python version in use:
3.10.18 (main, Jun  5 2025, 13:14:17) [GCC 11.2.0]
LaTeX disabled by default

Using orbital model:  keplerian
Using orbital parametrization:  Eastman2013

gp_multidimensional  S+LEAF model, number of harmonics: 4

GP model: gp_multidimensional  hyperparameters_condition:    True
GP model: gp_multidimensional  rotation_decay_condition:     True

### PyORBIT version used in the analysis:  11.0.1

 emcee version:  3.1.6

 Reference Time Tref: 59334.700184

 Data points:957
 Dimensions: 29
 Nwalkers:   116
 Steps:      60000


Number of samplings: 34800

Recomputing ln-prior, it may take a while...

ln-probability   distribution:  -3823.45       -4.14      3.45 (15-84 p) 
ln-prior         distribution:   -190.58       -2.86      2.19 (15-84 p) 
ln-likelihood    distribution:  -3632.56       -4.66      4.11 (15-84 p) 


*** Information criteria using the likelihood distribution

 BIC from distribution  (using likelihood)  =   7464.18     -8.22    9.32 (15-84 p)
 AIC from distribution  (using likelihood)  =   7323.13     -8.22    9.32 (15-84 p)
 AICc from distribution (using likelihood)  =   7325.01     -8.22    9.32 (15-84 p)


*** Information criteria using the median parameter set

 ln_probability of Median solution =  -3811.30
 ln_priors of Median solution      =   -189.72
 ln_likelihood of Median solution  =  -3621.58

 Median BIC  (using likelihood) =   7442.21
 Median AIC  (using likelihood) =   7301.16
 Median AICc (using likelihood) =   7303.04


*** Information criteria using the MAP parameter set

 ln_probability of MAP solution =  -3812.60
 ln_priors of MAP solution      =   -190.33
 ln_likelihood of MAP solution  =  -3622.27

 MAP BIC  (using likelihood)    =   7443.58
 MAP AIC  (using likelihood)    =   7302.53
 MAP AICc (using likelihood)    =   7304.41

 AICc suggested over AIC because NDATA ( 957 ) < 40 * NDIM ( 29 )

****************************************************************************************************


Computing the autocorrelation time of the chains

***** WARNING ******
The integrated autocorrelation time cannot be reliably estimated
likely the chains are too short, and ACF analysis is not fully reliable
emcee.autocorr.integrated_time tolerance lowered to 20
If you still get a warning, you should drop these results entirely

Reference thinning used in the analysis: 150
Maximum value of the integrated ACF: 9
Step length used in the analysis: 9*nthin = 1350

Convergence criteria: less than 1% variation in ACF after 20 times the integrated ACF
At least 50*ACF after convergence, 100*ACF would be ideal
Negative values: not converged yet

   sampler parameter              |    ACF   | ACF*nthin | converged at | nsteps/ACF | to 100*ACF
                                  |          |           |              |            | 
   RVdata_jitter_0                |    6.57  |      985  |    40500     |      20    |   79017 
   RVdata_offset_0                |    7.76  |     1164  |    45900     |      12    |  102347 
   RVdata_offset_1                |    7.18  |     1078  |    43200     |      16    |   90955 
   RVdata_offset_2                |    7.38  |     1107  |    40500     |      18    |   91186 
   RVdata_offset_3                |    7.56  |     1135  |    41850     |      16    |   95325 
   RVdata_gp_multidimensional_rot_amp |    6.89  |     1033  |    33750     |      25    |   77029 
   RVdata_gp_multidimensional_con_amp |    9.38  |     1407  |    48600     |       8    |  129294 
   FWHMdata_jitter_0              |    7.55  |     1133  |    33750     |      23    |   87023 
   FWHMdata_offset_0              |    7.57  |     1136  |    48600     |      10    |  102186 
   FWHMdata_offset_1              |    7.45  |     1118  |    47250     |      11    |   99019 
   FWHMdata_offset_2              |    7.37  |     1105  |    36450     |      21    |   86949 
   FWHMdata_offset_3              |    7.35  |     1102  |    47250     |      12    |   97430 
   FWHMdata_gp_multidimensional_rot_amp |    6.51  |      976  |    37800     |      23    |   75424 
   FWHMdata_gp_multidimensional_con_amp |    7.31  |     1096  |    49950     |       9    |   99558 
   Contrastdata_jitter_0          |    7.06  |     1059  |    40500     |      18    |   86418 
   Contrastdata_offset_0          |    6.92  |     1038  |    29700     |      29    |   73496 
   Contrastdata_offset_1          |    6.23  |      935  |    35100     |      27    |   68591 
   Contrastdata_offset_2          |    6.52  |      977  |    35100     |      25    |   72843 
   Contrastdata_offset_3          |    6.48  |      973  |    29700     |      31    |   66972 
   Contrastdata_gp_multidimensional_rot_amp |    7.88  |     1182  |    31050     |      24    |   89248 
   Contrastdata_gp_multidimensional_con_amp |    9.99  |     1499  |    44550     |      10    |  134416 
   b_P                            |    8.79  |     1318  |    51300     |       7    |  123093 
   b_K                            |    9.74  |     1462  |    55350     |       3    |  141513 
   b_sre_coso                     |    6.74  |     1011  |    40500     |      19    |   81605 
   b_sre_sino                     |    7.08  |     1062  |    47250     |      12    |   93468 
   b_mean_long                    |    8.28  |     1242  |    45900     |      11    |  110122 
   activity_Prot                  |    6.42  |      963  |    43200     |      17    |   79474 
   activity_Pdec                  |    9.21  |     1382  |    36450     |      17    |  114630 
   activity_Oamp                  |    6.65  |      998  |    49950     |      10    |   89705 

All the chains have converged, but PyORBIT should keep running for about:
38091 more steps to reach 50*ACF,
94425 more steps to reach 100*ACF
Suggested value for burnin: 41757

Check the documentation for the correct interpretation of these results:
https://pyorbit.readthedocs.io/running_pyorbit/terminal_output/#autocorrelation-analysis

 Plotting the ACF... 


====================================================================================================
     Ids, spaces (s), boundaries (b) and priors (p) of the sampler parameters     
====================================================================================================

----- dataset:  RVdata
jitter_0      id:   8  s:Linear      b:[      0.0009,      14.4000]   p:Uniform   []
offset_0      id:   9  s:Linear      b:[  -9996.1930,   10016.9830]   p:Uniform   []
offset_1      id:  10  s:Linear      b:[  -9996.1930,   10016.9830]   p:Uniform   []
offset_2      id:  11  s:Linear      b:[  -9996.1930,   10016.9830]   p:Uniform   []
offset_3      id:  12  s:Linear      b:[  -9996.1930,   10016.9830]   p:Uniform   []

----- dataset: RVdata                    ----- model: gp_multidimensional           
rot_amp       id:  13  s:Linear      b:[      0.0000,      10.0000]   p:Uniform   []
con_amp       id:  14  s:Linear      b:[    -20.0000,      20.0000]   p:Uniform   []

----- dataset:  FWHMdata
jitter_0      id:  15  s:Linear      b:[      0.0500,     500.0000]   p:Uniform   []
offset_0      id:  16  s:Linear      b:[  -3319.7953,   16947.8039]   p:Uniform   []
offset_1      id:  17  s:Linear      b:[  -3319.7953,   16947.8039]   p:Uniform   []
offset_2      id:  18  s:Linear      b:[  -3319.7953,   16947.8039]   p:Uniform   []
offset_3      id:  19  s:Linear      b:[  -3319.7953,   16947.8039]   p:Uniform   []

----- dataset: FWHMdata                  ----- model: gp_multidimensional           
rot_amp       id:  20  s:Linear      b:[    -10.0000,      10.0000]   p:Uniform   []
con_amp       id:  21  s:Linear      b:[    -20.0000,      20.0000]   p:Uniform   []

----- dataset:  Contrastdata
jitter_0      id:  22  s:Linear      b:[      1.3000,   13000.0000]   p:Uniform   []
offset_0      id:  23  s:Linear      b:[-468097.7760, -343163.8137]   p:Uniform   []
offset_1      id:  24  s:Linear      b:[-468097.7760, -343163.8137]   p:Uniform   []
offset_2      id:  25  s:Linear      b:[-468097.7760, -343163.8137]   p:Uniform   []
offset_3      id:  26  s:Linear      b:[-468097.7760, -343163.8137]   p:Uniform   []

----- dataset: Contrastdata              ----- model: gp_multidimensional           
rot_amp       id:  27  s:Linear      b:[    -10.0000,      10.0000]   p:Uniform   []
con_amp       id:  28  s:Linear      b:[    -20.0000,      20.0000]   p:Uniform   []

----- common model:  b
P             id:   0  s:Log_Base2   b:[      0.3785,       6.6439]   p:Uniform   []
K             id:   1  s:Log_Base2   b:[     -9.9658,       3.3219]   p:Uniform   []
sre_coso      id:   2  s:Linear      b:[     -1.0000,       1.0000]   p:Uniform   []
sre_sino      id:   3  s:Linear      b:[     -1.0000,       1.0000]   p:Uniform   []
mean_long     id:   4  s:Linear      b:[     93.6187,     453.6187]   p:Uniform   []
e             derived (no id, space, bound)                           p:Gaussian   [0.    0.098]
omega         derived (no id, space, bound)                           p:Uniform   [0.0, 360.0]

----- common model:  activity
Prot          id:   5  s:Linear      b:[     20.0000,      35.0000]   p:Gaussian   [28.   0.5]
Pdec          id:   6  s:Linear      b:[     30.0000,    1000.0000]   p:Uniform   []
Oamp          id:   7  s:Log_Base2   b:[     -6.6439,       0.0000]   p:Gaussian   [0.35  0.035]

----- common model:  star_parameters
mass          derived (no id, space, bound)                           p:Gaussian   [1.e+00 1.e-06]
radius        derived (no id, space, bound)                           p:Gaussian   [1.e+00 1.e-06]
density       derived (no id, space, bound)                           p:Gaussian   [1.e+00 1.e-06]


****************************************************************************************************
****************************************************************************************************

 Confidence intervals (median value, 34.135th percentile from the median on the left and right side)

====================================================================================================
     Statistics on the posterior of the sampler parameters     
====================================================================================================

----- dataset:  RVdata
jitter_0         8         1.216       -0.050        0.054   (15-84 p)   [    0.0009,    14.4000]
offset_0         9          9.44        -0.26         0.30   (15-84 p)   [-9996.1930, 10016.9830]
offset_1        10         10.51        -0.38         0.38   (15-84 p)   [-9996.1930, 10016.9830]
offset_2        11         10.37        -0.26         0.30   (15-84 p)   [-9996.1930, 10016.9830]
offset_3        12         10.32        -0.27         0.30   (15-84 p)   [-9996.1930, 10016.9830]

----- dataset: RVdata                    ----- model: gp_multidimensional           
rot_amp         13           8.4         -1.3          1.1   (15-84 p)   [    0.0000,    10.0000]
con_amp         14          0.26        -0.16         0.15   (15-84 p)   [  -20.0000,    20.0000]

----- dataset:  FWHMdata
jitter_0        15          0.29        -0.17         0.28   (15-84 p)   [    0.0500,   500.0000]
offset_0        16        6692.8         -1.0          1.0   (15-84 p)   [-3319.7953, 16947.8039]
offset_1        17        6938.5         -1.4          1.3   (15-84 p)   [-3319.7953, 16947.8039]
offset_2        18        6857.3         -1.0          1.0   (15-84 p)   [-3319.7953, 16947.8039]
offset_3        19        6896.0         -1.1          1.0   (15-84 p)   [-3319.7953, 16947.8039]

----- dataset: FWHMdata                  ----- model: gp_multidimensional           
rot_amp         20          -2.1         -1.6          1.5   (15-84 p)   [  -10.0000,    10.0000]
con_amp         21         -1.78        -0.33         0.27   (15-84 p)   [  -20.0000,    20.0000]

----- dataset:  Contrastdata
jitter_0        22           180          -12           12   (15-84 p)   [    1.3000, 13000.0000]
offset_0        23       -353873          -23           23   (15-84 p)   [-468097.7760, -343163.8137]
offset_1        24       -433656          -45           45   (15-84 p)   [-468097.7760, -343163.8137]
offset_2        25       -457691          -25           25   (15-84 p)   [-468097.7760, -343163.8137]
offset_3        26       -362704          -24           25   (15-84 p)   [-468097.7760, -343163.8137]

----- dataset: Contrastdata              ----- model: gp_multidimensional           
rot_amp         27          -0.8         -6.4          7.2   (15-84 p)   [  -10.0000,    10.0000]
con_amp         28        -19.55        -0.34         0.77   (15-84 p)   [  -20.0000,    20.0000]

----- common model:  b
P                0          6.07        -0.21         0.27   (15-84 p)   [    0.3785,     6.6439]
K                1          0.14        -0.39         0.33   (15-84 p)   [   -9.9658,     3.3219]
sre_coso         2          0.02        -0.22         0.21   (15-84 p)   [   -1.0000,     1.0000]
sre_sino         3          0.01        -0.21         0.21   (15-84 p)   [   -1.0000,     1.0000]
mean_long        4           285          -40           40   (15-84 p)   [   93.6187,   453.6187]

----- common model:  activity
Prot             5         28.20        -0.43         0.42   (15-84 p)   [   20.0000,    35.0000]
Pdec             6         31.18        -0.88          1.9   (15-84 p)   [   30.0000,  1000.0000]
Oamp             7        -1.165        -0.10        0.092   (15-84 p)   [   -6.6439,     0.0000]

----- common model:  star_parameters

====================================================================================================
     Statistics on the model parameters obtained from the posteriors samples     
====================================================================================================

----- dataset:  RVdata
jitter_0                 1.216       -0.050        0.054    (15-84 p)
offset_0                  9.44        -0.26         0.30    (15-84 p)
offset_1                 10.51        -0.38         0.38    (15-84 p)
offset_2                 10.37        -0.26         0.30    (15-84 p)
offset_3                 10.32        -0.27         0.30    (15-84 p)


----- dataset: RVdata                    ----- model: gp_multidimensional           
rot_amp                    8.4         -1.3          1.1    (15-84 p)
con_amp                   0.26        -0.16         0.15    (15-84 p)

----- dataset:  FWHMdata
jitter_0                  0.29        -0.17         0.28    (15-84 p)
offset_0                6692.8         -1.0          1.0    (15-84 p)
offset_1                6938.5         -1.4          1.3    (15-84 p)
offset_2                6857.3         -1.0          1.0    (15-84 p)
offset_3                6896.0         -1.1          1.0    (15-84 p)


----- dataset: FWHMdata                  ----- model: gp_multidimensional           
rot_amp                   -2.1         -1.6          1.5    (15-84 p)
con_amp                  -1.78        -0.33         0.27    (15-84 p)

----- dataset:  Contrastdata
jitter_0                   180          -12           12    (15-84 p)
offset_0               -353873          -23           23    (15-84 p)
offset_1               -433656          -45           45    (15-84 p)
offset_2               -457691          -25           25    (15-84 p)
offset_3               -362704          -24           25    (15-84 p)


----- dataset: Contrastdata              ----- model: gp_multidimensional           
rot_amp                   -0.8         -6.4          7.2    (15-84 p)
con_amp                 -19.55        -0.34         0.77    (15-84 p)

----- common model:  b
P                         67.0         -9.2           14    (15-84 p)
K                         1.11        -0.26         0.29    (15-84 p)
mean_long                  285          -40           40    (15-84 p)
e                        0.065       -0.046        0.072    (15-84 p)
omega                     -128         -134          125    (15-84 p)

----- common model:  activity
Prot                     28.20        -0.43         0.42    (15-84 p)
Pdec                     31.18        -0.88          1.9    (15-84 p)
Oamp                     0.446       -0.030        0.030    (15-84 p)

----- common model:  star_parameters

====================================================================================================
     Statistics on the derived parameters obtained from the posteriors samples     
====================================================================================================

----- common model:  b
Inclination fixed to 90 deg!
Computing planetary mass under the approximation M_planet << M_star (threshold at 30.0 Me)
a_Rs                      69.4         -6.5          9.4    (15-84 p)
M_Mj                    0.0219      -0.0054       0.0066    (15-84 p)
M_Me                       7.0         -1.7          2.1    (15-84 p)
Tc                     59365.5         -3.8          3.3    (15-84 p)
a_AU_(M)                 0.323       -0.030        0.044    (15-84 p)
a_AU_(rho,R)             0.323       -0.030        0.044    (15-84 p)


====================================================================================================
     ------------------------------------------------------------------------------------------     
====================================================================================================



****************************************************************************************************

 Parameters corresponding to the Maximum a Posteriori probability ( -3812.597004961899 )

====================================================================================================
     Statistics on the posterior of the sampler parameters     
====================================================================================================

----- dataset:  RVdata
jitter_0         8      1.204487 [    0.0009,    14.4000]
offset_0         9      9.362765 [-9996.1930, 10016.9830]
offset_1        10     10.534925 [-9996.1930, 10016.9830]
offset_2        11     10.269407 [-9996.1930, 10016.9830]
offset_3        12     10.170886 [-9996.1930, 10016.9830]

----- dataset: RVdata                    ----- model: gp_multidimensional           
rot_amp         13      8.265957 [    0.0000,    10.0000]
con_amp         14      0.224230 [  -20.0000,    20.0000]

----- dataset:  FWHMdata
jitter_0        15      0.171998 [    0.0500,   500.0000]
offset_0        16   6693.089042 [-3319.7953, 16947.8039]
offset_1        17   6938.320468 [-3319.7953, 16947.8039]
offset_2        18   6856.612437 [-3319.7953, 16947.8039]
offset_3        19   6895.416835 [-3319.7953, 16947.8039]

----- dataset: FWHMdata                  ----- model: gp_multidimensional           
rot_amp         20     -1.626317 [  -10.0000,    10.0000]
con_amp         21     -1.592784 [  -20.0000,    20.0000]

----- dataset:  Contrastdata
jitter_0        22    176.652419 [    1.3000, 13000.0000]
offset_0        23  -353878.904782 [-468097.7760, -343163.8137]
offset_1        24  -433652.987342 [-468097.7760, -343163.8137]
offset_2        25  -457694.078728 [-468097.7760, -343163.8137]
offset_3        26  -362706.245036 [-468097.7760, -343163.8137]

----- dataset: Contrastdata              ----- model: gp_multidimensional           
rot_amp         27     -8.040641 [  -10.0000,    10.0000]
con_amp         28    -19.778445 [  -20.0000,    20.0000]

----- common model:  b
P                0      6.013861 [    0.3785,     6.6439]
K                1     -0.029903 [   -9.9658,     3.3219]
sre_coso         2     -0.137366 [   -1.0000,     1.0000]
sre_sino         3     -0.145634 [   -1.0000,     1.0000]
mean_long        4    280.841650 [   93.6187,   453.6187]

----- common model:  activity
Prot             5     28.028854 [   20.0000,    35.0000]
Pdec             6     30.831183 [   30.0000,  1000.0000]
Oamp             7     -1.140867 [   -6.6439,     0.0000]

----- common model:  star_parameters

====================================================================================================
     Statistics on the model parameters obtained from the posteriors samples     
====================================================================================================

----- dataset:  RVdata
jitter_0              1.204487 
offset_0              9.362765 
offset_1             10.534925 
offset_2             10.269407 
offset_3             10.170886 


----- dataset: RVdata                    ----- model: gp_multidimensional           
rot_amp               8.265957 
con_amp               0.224230 

----- dataset:  FWHMdata
jitter_0              0.171998 
offset_0           6693.089042 
offset_1           6938.320468 
offset_2           6856.612437 
offset_3           6895.416835 


----- dataset: FWHMdata                  ----- model: gp_multidimensional           
rot_amp              -1.626317 
con_amp              -1.592784 

----- dataset:  Contrastdata
jitter_0            176.652419 
offset_0        -353878.904782 
offset_1        -433652.987342 
offset_2        -457694.078728 
offset_3        -362706.245036 


----- dataset: Contrastdata              ----- model: gp_multidimensional           
rot_amp              -8.040641 
con_amp             -19.778445 

----- common model:  b
P                    64.617841 
K                     0.979486 
mean_long           280.841650 
e                     0.040079 
omega              -133.326413 

----- common model:  activity
Prot                 28.028854 
Pdec                 30.831183 
Oamp                  0.453487 

----- common model:  star_parameters

====================================================================================================
     Statistics on the derived parameters obtained from the posteriors samples     
====================================================================================================

----- common model:  b
Inclination fixed to 90 deg!
a_Rs                 67.735709 
M_Mj                  0.019320 
M_Me                  6.141691 
Tc                59365.641271 
a_AU_(M)              0.315141 
a_AU_(rho,R)          0.315139 


====================================================================================================
     ------------------------------------------------------------------------------------------     
====================================================================================================



****************************************************************************************************

 Parameters corresponding to the sample closest to the median values ( -3813.5643420010692 )

====================================================================================================
     Statistics on the posterior of the sampler parameters     
====================================================================================================

----- dataset:  RVdata
jitter_0         8      1.206308 [    0.0009,    14.4000]
offset_0         9      9.387513 [-9996.1930, 10016.9830]
offset_1        10     10.755240 [-9996.1930, 10016.9830]
offset_2        11     10.300073 [-9996.1930, 10016.9830]
offset_3        12     10.328777 [-9996.1930, 10016.9830]

----- dataset: RVdata                    ----- model: gp_multidimensional           
rot_amp         13      7.886029 [    0.0000,    10.0000]
con_amp         14      0.301921 [  -20.0000,    20.0000]

----- dataset:  FWHMdata
jitter_0        15      0.188016 [    0.0500,   500.0000]
offset_0        16   6692.730227 [-3319.7953, 16947.8039]
offset_1        17   6937.889413 [-3319.7953, 16947.8039]
offset_2        18   6856.692585 [-3319.7953, 16947.8039]
offset_3        19   6896.053994 [-3319.7953, 16947.8039]

----- dataset: FWHMdata                  ----- model: gp_multidimensional           
rot_amp         20     -2.307105 [  -10.0000,    10.0000]
con_amp         21     -1.527073 [  -20.0000,    20.0000]

----- dataset:  Contrastdata
jitter_0        22    181.755365 [    1.3000, 13000.0000]
offset_0        23  -353883.183074 [-468097.7760, -343163.8137]
offset_1        24  -433636.335235 [-468097.7760, -343163.8137]
offset_2        25  -457696.510745 [-468097.7760, -343163.8137]
offset_3        26  -362703.491240 [-468097.7760, -343163.8137]

----- dataset: Contrastdata              ----- model: gp_multidimensional           
rot_amp         27     -0.282554 [  -10.0000,    10.0000]
con_amp         28    -19.573582 [  -20.0000,    20.0000]

----- common model:  b
P                0      5.953274 [    0.3785,     6.6439]
K                1     -0.144786 [   -9.9658,     3.3219]
sre_coso         2     -0.101876 [   -1.0000,     1.0000]
sre_sino         3      0.069599 [   -1.0000,     1.0000]
mean_long        4    272.291137 [   93.6187,   453.6187]

----- common model:  activity
Prot             5     27.826577 [   20.0000,    35.0000]
Pdec             6     30.731891 [   30.0000,  1000.0000]
Oamp             7     -1.133957 [   -6.6439,     0.0000]

----- common model:  star_parameters

====================================================================================================
     Statistics on the model parameters obtained from the posteriors samples     
====================================================================================================

----- dataset:  RVdata
jitter_0              1.206308 
offset_0              9.387513 
offset_1             10.755240 
offset_2             10.300073 
offset_3             10.328777 


----- dataset: RVdata                    ----- model: gp_multidimensional           
rot_amp               7.886029 
con_amp               0.301921 

----- dataset:  FWHMdata
jitter_0              0.188016 
offset_0           6692.730227 
offset_1           6937.889413 
offset_2           6856.692585 
offset_3           6896.053994 


----- dataset: FWHMdata                  ----- model: gp_multidimensional           
rot_amp              -2.307105 
con_amp              -1.527073 

----- dataset:  Contrastdata
jitter_0            181.755365 
offset_0        -353883.183074 
offset_1        -433636.335235 
offset_2        -457696.510745 
offset_3        -362703.491240 


----- dataset: Contrastdata              ----- model: gp_multidimensional           
rot_amp              -0.282554 
con_amp             -19.573582 

----- common model:  b
P                    61.960395 
K                     0.904514 
mean_long           272.291137 
e                     0.015223 
omega               145.660140 

----- common model:  activity
Prot                 27.826577 
Pdec                 30.731891 
Oamp                  0.455664 

----- common model:  star_parameters

====================================================================================================
     Statistics on the derived parameters obtained from the posteriors samples     
====================================================================================================

----- common model:  b
Inclination fixed to 90 deg!
a_Rs                 65.865706 
M_Mj                  0.017605 
M_Me                  5.596593 
Tc                59365.532358 
a_AU_(M)              0.306441 
a_AU_(rho,R)          0.306438 


====================================================================================================
     ------------------------------------------------------------------------------------------     
====================================================================================================



****************************************************************************************************

Inclination fixed to 90 deg!
Note: stellar density derived from stellar mass and radius

Inclination fixed to 90 deg!
Inclination fixed to 90 deg!
 Plot FLAT chain 

****************************************************************************************************

Plotting full_correlation plot with pygtc

****************************************************************************************************

 Plotting the chains... 

****************************************************************************************************

 Plotting the Gelman-Rubin traces... 

     Gelman-Rubin:     8     1.005837 RVdata_jitter_0 
     Gelman-Rubin:     9     1.010484 RVdata_offset_0 
     Gelman-Rubin:    10     1.009942 RVdata_offset_1 
     Gelman-Rubin:    11     1.010362 RVdata_offset_2 
     Gelman-Rubin:    12     1.011871 RVdata_offset_3 
     Gelman-Rubin:    13     1.009865 RVdata_gp_multidimensional_rot_amp 
     Gelman-Rubin:    14     1.017162 RVdata_gp_multidimensional_con_amp 
     Gelman-Rubin:    15     1.011573 FWHMdata_jitter_0 
     Gelman-Rubin:    16     1.008985 FWHMdata_offset_0 
     Gelman-Rubin:    17     1.009942 FWHMdata_offset_1 
     Gelman-Rubin:    18     1.011043 FWHMdata_offset_2 
     Gelman-Rubin:    19     1.009501 FWHMdata_offset_3 
     Gelman-Rubin:    20     1.007704 FWHMdata_gp_multidimensional_rot_amp 
     Gelman-Rubin:    21     1.009827 FWHMdata_gp_multidimensional_con_amp 
     Gelman-Rubin:    22     1.007601 Contrastdata_jitter_0 
     Gelman-Rubin:    23     1.008640 Contrastdata_offset_0 
     Gelman-Rubin:    24     1.010772 Contrastdata_offset_1 
     Gelman-Rubin:    25     1.009409 Contrastdata_offset_2 
     Gelman-Rubin:    26     1.008784 Contrastdata_offset_3 
     Gelman-Rubin:    27     1.007673 Contrastdata_gp_multidimensional_rot_amp 
     Gelman-Rubin:    28     1.014524 Contrastdata_gp_multidimensional_con_amp 
     Gelman-Rubin:     0     1.013163 b_P 
     Gelman-Rubin:     1     1.016800 b_K 
     Gelman-Rubin:     2     1.008930 b_sre_coso 
     Gelman-Rubin:     3     1.007949 b_sre_sino 
     Gelman-Rubin:     4     1.013627 b_mean_long 
     Gelman-Rubin:     5     1.008073 activity_Prot 
     Gelman-Rubin:     6     1.015204 activity_Pdec 
     Gelman-Rubin:     7     1.011204 activity_Oamp 

****************************************************************************************************

Plotting the common models corner plots
     Common model:  b
     Common model:  activity
     Common model:  star_parameters

****************************************************************************************************

Plotting the dataset + models corner plots 

     Dataset:  RVdata     model:  gp_multidimensional  corner plot  starting 
     Dataset:  RVdata     model:  gp_multidimensional  corner plot  done 
     Dataset:  RVdata     model:  radial_velocities_b  corner plot  starting 
     Dataset:  RVdata     model:  radial_velocities_b  corner plot  done 
     Dataset:  FWHMdata     model:  gp_multidimensional  corner plot  starting 
     Dataset:  FWHMdata     model:  gp_multidimensional  corner plot  done 
     Dataset:  Contrastdata     model:  gp_multidimensional  corner plot  starting 
     Dataset:  Contrastdata     model:  gp_multidimensional  corner plot  done 

****************************************************************************************************

 Saving the planet parameter samplings to files (with plots)

****************************************************************************************************

 Saving all the parameter samplings to files (with plots)

****************************************************************************************************

 Computing the models for plot/data writing 
     Splitting the plot array to allow GP prediction of extended datasets, it may take a while...
     # 64 chunks of 100 times each
     Check the documentation if the code is taking too long or if it crashes...
     Splitting the plot array to allow GP prediction of extended datasets, it may take a while...
     # 39 chunks of 100 times each
     Check the documentation if the code is taking too long or if it crashes...
     Splitting the plot array to allow GP prediction of extended datasets, it may take a while...
     # 39 chunks of 100 times each
     Check the documentation if the code is taking too long or if it crashes...
     Splitting the plot array to allow GP prediction of extended datasets, it may take a while...
     # 64 chunks of 100 times each
     Check the documentation if the code is taking too long or if it crashes...
     Splitting the plot array to allow GP prediction of extended datasets, it may take a while...
     # 39 chunks of 100 times each
     Check the documentation if the code is taking too long or if it crashes...
     Splitting the plot array to allow GP prediction of extended datasets, it may take a while...
     # 39 chunks of 100 times each
     Check the documentation if the code is taking too long or if it crashes...
     Splitting the plot array to allow GP prediction of extended datasets, it may take a while...
     # 64 chunks of 100 times each
     Check the documentation if the code is taking too long or if it crashes...
     Splitting the plot array to allow GP prediction of extended datasets, it may take a while...
     # 39 chunks of 100 times each
     Check the documentation if the code is taking too long or if it crashes...
     Splitting the plot array to allow GP prediction of extended datasets, it may take a while...
     # 39 chunks of 100 times each
     Check the documentation if the code is taking too long or if it crashes...
 Writing the plots 
 Writing the   data files 
 Writing the  MAP_ data files 
 Writing the  sampleMED_ data files 

****************************************************************************************************

