
:::---::: PyORBIT v11.0.1 :::---:::

Python version in use:
3.10.18 (main, Jun  5 2025, 13:14:17) [GCC 11.2.0]

reloaded_optimize:  False
reloaded_pyde:  False
reloaded_emcee:  False

number of multiprocessing threads: 16
multiprocessing method (should be fork):  fork

parameters/safe_reload flag (must be True for tinygp):  False

Opening:  RVdata
Opening:  FWHMdata
Opening:  Contrastdata

Adding common model of planet:  b
Adding common model of planet:  c
Using orbital model:  keplerian
Using orbital parametrization:  Eastman2013

Using orbital model:  keplerian
Using orbital parametrization:  Eastman2013

gp_multidimensional  S+LEAF model, number of harmonics: 4

GP model: gp_multidimensional  hyperparameters_condition:    True
GP model: gp_multidimensional  rotation_decay_condition:     True

====================================================================================================
     Ids, spaces (s), boundaries (b) and priors (p) of the sampler parameters     
====================================================================================================

----- dataset:  RVdata
jitter_0      id:  13  s:Linear      b:[      0.0009,      14.4000]   p:Uniform   []
offset_0      id:  14  s:Linear      b:[  -9996.1930,   10016.9830]   p:Uniform   []
offset_1      id:  15  s:Linear      b:[  -9996.1930,   10016.9830]   p:Uniform   []
offset_2      id:  16  s:Linear      b:[  -9996.1930,   10016.9830]   p:Uniform   []
offset_3      id:  17  s:Linear      b:[  -9996.1930,   10016.9830]   p:Uniform   []

----- dataset: RVdata                    ----- model: gp_multidimensional           
rot_amp       id:  18  s:Linear      b:[      0.0000,      10.0000]   p:Uniform   []
con_amp       id:  19  s:Linear      b:[    -20.0000,      20.0000]   p:Uniform   []

----- dataset:  FWHMdata
jitter_0      id:  20  s:Linear      b:[      0.0500,     500.0000]   p:Uniform   []
offset_0      id:  21  s:Linear      b:[  -3319.7953,   16947.8039]   p:Uniform   []
offset_1      id:  22  s:Linear      b:[  -3319.7953,   16947.8039]   p:Uniform   []
offset_2      id:  23  s:Linear      b:[  -3319.7953,   16947.8039]   p:Uniform   []
offset_3      id:  24  s:Linear      b:[  -3319.7953,   16947.8039]   p:Uniform   []

----- dataset: FWHMdata                  ----- model: gp_multidimensional           
rot_amp       id:  25  s:Linear      b:[    -10.0000,      10.0000]   p:Uniform   []
con_amp       id:  26  s:Linear      b:[    -20.0000,      20.0000]   p:Uniform   []

----- dataset:  Contrastdata
jitter_0      id:  27  s:Linear      b:[      1.3000,   13000.0000]   p:Uniform   []
offset_0      id:  28  s:Linear      b:[-468097.7760, -343163.8137]   p:Uniform   []
offset_1      id:  29  s:Linear      b:[-468097.7760, -343163.8137]   p:Uniform   []
offset_2      id:  30  s:Linear      b:[-468097.7760, -343163.8137]   p:Uniform   []
offset_3      id:  31  s:Linear      b:[-468097.7760, -343163.8137]   p:Uniform   []

----- dataset: Contrastdata              ----- model: gp_multidimensional           
rot_amp       id:  32  s:Linear      b:[    -10.0000,      10.0000]   p:Uniform   []
con_amp       id:  33  s:Linear      b:[    -20.0000,      20.0000]   p:Uniform   []

----- common model:  b
P             id:   0  s:Log_Base2   b:[      0.3785,       6.6439]   p:Uniform   []
K             id:   1  s:Log_Base2   b:[     -9.9658,       3.3219]   p:Uniform   []
sre_coso      id:   2  s:Linear      b:[     -1.0000,       1.0000]   p:Uniform   []
sre_sino      id:   3  s:Linear      b:[     -1.0000,       1.0000]   p:Uniform   []
mean_long     id:   4  s:Linear      b:[      0.0000,     360.0000]   p:Uniform   []
e             derived (no id, space, bound)                           p:Gaussian   [0.    0.098]
omega         derived (no id, space, bound)                           p:Uniform   [0.0, 360.0]

----- common model:  c
P             id:   5  s:Log_Base2   b:[      0.3785,       6.6439]   p:Uniform   []
K             id:   6  s:Log_Base2   b:[     -9.9658,       3.3219]   p:Uniform   []
sre_coso      id:   7  s:Linear      b:[     -1.0000,       1.0000]   p:Uniform   []
sre_sino      id:   8  s:Linear      b:[     -1.0000,       1.0000]   p:Uniform   []
mean_long     id:   9  s:Linear      b:[      0.0000,     360.0000]   p:Uniform   []
e             derived (no id, space, bound)                           p:Gaussian   [0.    0.098]
omega         derived (no id, space, bound)                           p:Uniform   [0.0, 360.0]

----- common model:  activity
Prot          id:  10  s:Linear      b:[     20.0000,      35.0000]   p:Gaussian   [28.   0.5]
Pdec          id:  11  s:Linear      b:[     30.0000,    1000.0000]   p:Uniform   []
Oamp          id:  12  s:Log_Base2   b:[     -6.6439,       0.0000]   p:Gaussian   [0.35  0.035]

----- common model:  star_parameters
mass          derived (no id, space, bound)                           p:Gaussian   [1.e+00 1.e-06]
radius        derived (no id, space, bound)                           p:Gaussian   [1.e+00 1.e-06]
density       derived (no id, space, bound)                           p:Gaussian   [1.e+00 1.e-06]

Include priors:  True

Reference Time Tref:  59334.700184

Dimensions =  34
Nwalkers =  136

Using threading pool for PyDE: True
PyDE running
Boundaries redefined after PyDE output
PyDE completed, it took        109.3 seconds

====================================================================================================
     Starting point of the sample/optimization routines    
====================================================================================================

----- dataset:  RVdata
jitter_0        13      1.200968 [    0.0009,    14.4000]
offset_0        14      9.897058 [-9996.1930, 10016.9830]
offset_1        15     10.949124 [-9996.1930, 10016.9830]
offset_2        16     10.832929 [-9996.1930, 10016.9830]
offset_3        17     10.792164 [-9996.1930, 10016.9830]

----- dataset: RVdata                    ----- model: gp_multidimensional           
rot_amp         18      1.326683 [    0.0000,    10.0000]
con_amp         19     -2.543959 [  -20.0000,    20.0000]

----- dataset:  FWHMdata
jitter_0        20      0.051666 [    0.0500,   500.0000]
offset_0        21   6693.213368 [-3319.7953, 16947.8039]
offset_1        22   6939.269678 [-3319.7953, 16947.8039]
offset_2        23   6857.740474 [-3319.7953, 16947.8039]
offset_3        24   6896.591341 [-3319.7953, 16947.8039]

----- dataset: FWHMdata                  ----- model: gp_multidimensional           
rot_amp         25      0.011891 [  -10.0000,    10.0000]
con_amp         26      1.529707 [  -20.0000,    20.0000]

----- dataset:  Contrastdata
jitter_0        27    168.251092 [    1.3000, 13000.0000]
offset_0        28  -353872.152472 [-468097.7760, -343163.8137]
offset_1        29  -433653.945476 [-468097.7760, -343163.8137]
offset_2        30  -457689.094935 [-468097.7760, -343163.8137]
offset_3        31  -362700.501322 [-468097.7760, -343163.8137]

----- dataset: Contrastdata              ----- model: gp_multidimensional           
rot_amp         32      9.926647 [  -10.0000,    10.0000]
con_amp         33     19.999674 [  -20.0000,    20.0000]

----- common model:  b
P                0      6.643810 [    0.3785,     6.6439]
K                1      2.573634 [   -9.9658,     3.3219]
sre_coso         2     -0.000763 [   -1.0000,     1.0000]
sre_sino         3      0.411079 [   -1.0000,     1.0000]
mean_long        4    124.440444 [  -55.5596,   304.4404]

----- common model:  c
P                5      4.891249 [    0.3785,     6.6439]
K                6      1.605200 [   -9.9658,     3.3219]
sre_coso         7      0.013805 [   -1.0000,     1.0000]
sre_sino         8      0.356079 [   -1.0000,     1.0000]
mean_long        9    100.933032 [  -79.0670,   280.9330]

----- common model:  activity
Prot            10     28.117096 [   20.0000,    35.0000]
Pdec            11     30.000986 [   30.0000,  1000.0000]
Oamp            12     -1.239085 [   -6.6439,     0.0000]

----- common model:  star_parameters

====================================================================================================
     Starting point projected onto the model parameter space     
====================================================================================================

----- dataset:  RVdata
jitter_0              1.200968 
offset_0              9.897058 
offset_1             10.949124 
offset_2             10.832929 
offset_3             10.792164 


----- dataset: RVdata                    ----- model: gp_multidimensional           
rot_amp               1.326683 
con_amp              -2.543959 

----- dataset:  FWHMdata
jitter_0              0.051666 
offset_0           6693.213368 
offset_1           6939.269678 
offset_2           6857.740474 
offset_3           6896.591341 


----- dataset: FWHMdata                  ----- model: gp_multidimensional           
rot_amp               0.011891 
con_amp               1.529707 

----- dataset:  Contrastdata
jitter_0            168.251092 
offset_0        -353872.152472 
offset_1        -433653.945476 
offset_2        -457689.094935 
offset_3        -362700.501322 


----- dataset: Contrastdata              ----- model: gp_multidimensional           
rot_amp               9.926647 
con_amp              19.999674 

----- common model:  b
P                    99.996802 
K                     5.953069 
mean_long           124.440444 
e                     0.168987 
omega                90.106278 

----- common model:  c
P                    29.676502 
K                     3.042380 
mean_long           100.933032 
e                     0.126983 
omega                87.779759 

----- common model:  activity
Prot                 28.117096 
Pdec                 30.000986 
Oamp                  0.423641 

----- common model:  star_parameters

====================================================================================================
     Derived parameters obtained from starting point     
====================================================================================================

----- common model:  b
Inclination fixed to 90 deg!
a_Rs                 90.623352 
M_Mj                  0.133983 
M_Me                 42.592269 
Tc                59425.139339 
a_AU_(M)              0.421642 
a_AU_(rho,R)          0.421622 

----- common model:  c
Inclination fixed to 90 deg!
a_Rs                 40.320394 
M_Mj                  0.045962 
M_Me                 14.611105 
Tc                59363.433040 
a_AU_(M)              0.187593 
a_AU_(rho,R)          0.187589 


====================================================================================================
     Statistics on the log-likelihood     
====================================================================================================

 LN probability: -3824.161758 

====================================================================================================
     ------------------------------------------------------------------------------------------     
====================================================================================================



*************************************************************

Running emcee

emcee version:  3.1.6
Using threading pool for emcee: True

Saving temporary steps


Computing the autocorrelation time of the chains

***** WARNING ******
The integrated autocorrelation time cannot be reliably estimated
likely the chains are too short, and ACF analysis is not fully reliable
emcee.autocorr.integrated_time tolerance lowered to 20
If you still get a warning, you should drop these results entirely
Chains too short to apply convergence criteria
They should be at least 450*nthin = 67500

====================================================================================================
     Statistics on the posterior of the sampler parameters     
====================================================================================================

----- dataset:  RVdata
jitter_0        13         1.207       -0.049        0.054   (15-84 p)   [    0.0009,    14.4000]
offset_0        14           9.9         -1.1          1.7   (15-84 p)   [-9996.1930, 10016.9830]
offset_1        15          10.9         -1.1          1.7   (15-84 p)   [-9996.1930, 10016.9830]
offset_2        16          10.8         -1.1          1.7   (15-84 p)   [-9996.1930, 10016.9830]
offset_3        17          10.7         -1.0          1.7   (15-84 p)   [-9996.1930, 10016.9830]

----- dataset: RVdata                    ----- model: gp_multidimensional           
rot_amp         18           4.4         -3.1          3.7   (15-84 p)   [    0.0000,    10.0000]
con_amp         19          -2.7         -1.1          1.7   (15-84 p)   [  -20.0000,    20.0000]

----- dataset:  FWHMdata
jitter_0        20          0.31        -0.18         0.31   (15-84 p)   [    0.0500,   500.0000]
offset_0        21        6693.0         -1.0          1.1   (15-84 p)   [-3319.7953, 16947.8039]
offset_1        22        6939.1         -1.5          1.4   (15-84 p)   [-3319.7953, 16947.8039]
offset_2        23        6857.4         -1.1          1.0   (15-84 p)   [-3319.7953, 16947.8039]
offset_3        24       6896.41         -1.1         0.99   (15-84 p)   [-3319.7953, 16947.8039]

----- dataset: FWHMdata                  ----- model: gp_multidimensional           
rot_amp         25          -0.9         -1.3          1.3   (15-84 p)   [  -10.0000,    10.0000]
con_amp         26          1.83        -0.33         0.44   (15-84 p)   [  -20.0000,    20.0000]

----- dataset:  Contrastdata
jitter_0        27           178          -12           13   (15-84 p)   [    1.3000, 13000.0000]
offset_0        28       -353874          -24           23   (15-84 p)   [-468097.7760, -343163.8137]
offset_1        29       -433648          -45           47   (15-84 p)   [-468097.7760, -343163.8137]
offset_2        30       -457692          -27           25   (15-84 p)   [-468097.7760, -343163.8137]
offset_3        31       -362702          -24           26   (15-84 p)   [-468097.7760, -343163.8137]

----- dataset: Contrastdata              ----- model: gp_multidimensional           
rot_amp         32          -0.2         -6.9          7.0   (15-84 p)   [  -10.0000,    10.0000]
con_amp         33         19.70        -0.49         0.22   (15-84 p)   [  -20.0000,    20.0000]

----- common model:  b
P                0         6.615       -0.041        0.021   (15-84 p)   [    0.3785,     6.6439]
K                1          2.35        -0.91         0.51   (15-84 p)   [   -9.9658,     3.3219]
sre_coso         2          0.01        -0.20         0.26   (15-84 p)   [   -1.0000,     1.0000]
sre_sino         3          0.35        -0.33         0.12   (15-84 p)   [   -1.0000,     1.0000]
mean_long        4           118          -36           12   (15-84 p)   [  -55.5596,   304.4404]

----- common model:  c
P                5         4.908       -0.056        0.065   (15-84 p)   [    0.3785,     6.6439]
K                6          1.25        -0.61         0.50   (15-84 p)   [   -9.9658,     3.3219]
sre_coso         7          0.07        -0.23         0.22   (15-84 p)   [   -1.0000,     1.0000]
sre_sino         8          0.09        -0.23         0.21   (15-84 p)   [   -1.0000,     1.0000]
mean_long        9            99          -33           30   (15-84 p)   [  -79.0670,   280.9330]

----- common model:  activity
Prot            10         28.25        -0.46         0.43   (15-84 p)   [   20.0000,    35.0000]
Pdec            11         30.69        -0.51          1.2   (15-84 p)   [   30.0000,  1000.0000]
Oamp            12         -1.22        -0.11         0.10   (15-84 p)   [   -6.6439,     0.0000]

----- common model:  star_parameters

====================================================================================================
     Statistics on the model parameters obtained from the posteriors samples     
====================================================================================================

----- dataset:  RVdata
jitter_0                 1.207       -0.049        0.054    (15-84 p)
offset_0                   9.9         -1.1          1.7    (15-84 p)
offset_1                  10.9         -1.1          1.7    (15-84 p)
offset_2                  10.8         -1.1          1.7    (15-84 p)
offset_3                  10.7         -1.0          1.7    (15-84 p)


----- dataset: RVdata                    ----- model: gp_multidimensional           
rot_amp                    4.4         -3.1          3.7    (15-84 p)
con_amp                   -2.7         -1.1          1.7    (15-84 p)

----- dataset:  FWHMdata
jitter_0                  0.31        -0.18         0.31    (15-84 p)
offset_0                6693.0         -1.0          1.1    (15-84 p)
offset_1                6939.1         -1.5          1.4    (15-84 p)
offset_2                6857.4         -1.1          1.0    (15-84 p)
offset_3               6896.41         -1.1         0.99    (15-84 p)


----- dataset: FWHMdata                  ----- model: gp_multidimensional           
rot_amp                   -0.9         -1.3          1.3    (15-84 p)
con_amp                   1.83        -0.33         0.44    (15-84 p)

----- dataset:  Contrastdata
jitter_0                   178          -12           13    (15-84 p)
offset_0               -353874          -24           23    (15-84 p)
offset_1               -433648          -45           47    (15-84 p)
offset_2               -457692          -27           25    (15-84 p)
offset_3               -362702          -24           26    (15-84 p)


----- dataset: Contrastdata              ----- model: gp_multidimensional           
rot_amp                   -0.2         -6.9          7.0    (15-84 p)
con_amp                  19.70        -0.49         0.22    (15-84 p)

----- common model:  b
P                         98.1         -2.8          1.4    (15-84 p)
K                          5.1         -2.4          2.2    (15-84 p)
mean_long                  118          -36           12    (15-84 p)
e                        0.171       -0.092        0.081    (15-84 p)
omega                       86          -80           31    (15-84 p)

----- common model:  c
P                         30.0         -1.1          1.4    (15-84 p)
K                         2.38        -0.82         0.98    (15-84 p)
mean_long                   99          -33           30    (15-84 p)
e                        0.085       -0.060        0.084    (15-84 p)
omega                       34         -105           82    (15-84 p)

----- common model:  activity
Prot                     28.25        -0.46         0.43    (15-84 p)
Pdec                     30.69        -0.51          1.2    (15-84 p)
Oamp                     0.430       -0.031        0.032    (15-84 p)

----- common model:  star_parameters

====================================================================================================
     Statistics on the derived parameters obtained from the posteriors samples     
====================================================================================================

----- common model:  b
Inclination fixed to 90 deg!
Computing exact mass of the planet (average approximate mass larger than 30.0 Me)
a_Rs                     89.44         -1.7         0.86    (15-84 p)
M_Mj                     0.114       -0.053        0.047    (15-84 p)
M_Me                        36          -17           15    (15-84 p)
Tc                     59424.1         -4.6          3.0    (15-84 p)
a_AU_(M)                0.4162      -0.0079       0.0040    (15-84 p)
a_AU_(rho,R)            0.4161      -0.0079       0.0040    (15-84 p)

----- common model:  c
Inclination fixed to 90 deg!
Computing planetary mass under the approximation M_planet << M_star (threshold at 30.0 Me)
a_Rs                      40.6         -1.0          1.2    (15-84 p)
M_Mj                     0.036       -0.012        0.015    (15-84 p)
M_Me                      11.5         -3.9          4.8    (15-84 p)
Tc                     59362.0          -26          1.8    (15-84 p)
a_AU_(M)                0.1891      -0.0048       0.0057    (15-84 p)
a_AU_(rho,R)            0.1891      -0.0048       0.0057    (15-84 p)


====================================================================================================
     ------------------------------------------------------------------------------------------     
====================================================================================================



15000.0   steps completed, average lnprob:,  -3842.708406543189


Computing the autocorrelation time of the chains

***** WARNING ******
The integrated autocorrelation time cannot be reliably estimated
likely the chains are too short, and ACF analysis is not fully reliable
emcee.autocorr.integrated_time tolerance lowered to 20
If you still get a warning, you should drop these results entirely
Chains too short to apply convergence criteria
They should be at least 1000*nthin = 150000

====================================================================================================
     Statistics on the posterior of the sampler parameters     
====================================================================================================

----- dataset:  RVdata
jitter_0        13         1.210       -0.052        0.054   (15-84 p)   [    0.0009,    14.4000]
offset_0        14          9.31        -0.86          1.9   (15-84 p)   [-9996.1930, 10016.9830]
offset_1        15         10.42        -0.91          1.9   (15-84 p)   [-9996.1930, 10016.9830]
offset_2        16         10.24        -0.86          1.9   (15-84 p)   [-9996.1930, 10016.9830]
offset_3        17         10.22        -0.84          1.9   (15-84 p)   [-9996.1930, 10016.9830]

----- dataset: RVdata                    ----- model: gp_multidimensional           
rot_amp         18           6.1         -4.3          2.6   (15-84 p)   [    0.0000,    10.0000]
con_amp         19          -1.9         -1.7          1.8   (15-84 p)   [  -20.0000,    20.0000]

----- dataset:  FWHMdata
jitter_0        20          0.30        -0.18         0.29   (15-84 p)   [    0.0500,   500.0000]
offset_0        21       6692.92         -1.0         0.97   (15-84 p)   [-3319.7953, 16947.8039]
offset_1        22        6939.0         -1.4          1.4   (15-84 p)   [-3319.7953, 16947.8039]
offset_2        23        6857.4         -1.1          1.0   (15-84 p)   [-3319.7953, 16947.8039]
offset_3        24       6896.28         -1.0         0.96   (15-84 p)   [-3319.7953, 16947.8039]

----- dataset: FWHMdata                  ----- model: gp_multidimensional           
rot_amp         25          -0.9         -1.3          1.3   (15-84 p)   [  -10.0000,    10.0000]
con_amp         26          1.75        -0.33         0.45   (15-84 p)   [  -20.0000,    20.0000]

----- dataset:  Contrastdata
jitter_0        27           176          -13           12   (15-84 p)   [    1.3000, 13000.0000]
offset_0        28       -353875          -23           22   (15-84 p)   [-468097.7760, -343163.8137]
offset_1        29       -433651          -48           46   (15-84 p)   [-468097.7760, -343163.8137]
offset_2        30       -457692          -25           25   (15-84 p)   [-468097.7760, -343163.8137]
offset_3        31       -362701          -25           24   (15-84 p)   [-468097.7760, -343163.8137]

----- dataset: Contrastdata              ----- model: gp_multidimensional           
rot_amp         32          -1.7         -5.8          7.6   (15-84 p)   [  -10.0000,    10.0000]
con_amp         33         19.59        -0.73         0.31   (15-84 p)   [  -20.0000,    20.0000]

----- common model:  b
P                0         6.592        -0.22        0.040   (15-84 p)   [    0.3785,     6.6439]
K                1          1.93        -0.82         0.84   (15-84 p)   [   -9.9658,     3.3219]
sre_coso         2         -0.00        -0.21         0.26   (15-84 p)   [   -1.0000,     1.0000]
sre_sino         3          0.26        -0.45         0.20   (15-84 p)   [   -1.0000,     1.0000]
mean_long        4           105         -101           22   (15-84 p)   [  -55.5596,   304.4404]

----- common model:  c
P                5         4.901       -0.063        0.068   (15-84 p)   [    0.3785,     6.6439]
K                6          1.11        -0.63         0.49   (15-84 p)   [   -9.9658,     3.3219]
sre_coso         7          0.10        -0.24         0.20   (15-84 p)   [   -1.0000,     1.0000]
sre_sino         8          0.02        -0.23         0.23   (15-84 p)   [   -1.0000,     1.0000]
mean_long        9            83          -43           41   (15-84 p)   [  -79.0670,   280.9330]

----- common model:  activity
Prot            10         28.28        -0.46         0.46   (15-84 p)   [   20.0000,    35.0000]
Pdec            11         31.02        -0.76          1.6   (15-84 p)   [   30.0000,  1000.0000]
Oamp            12        -1.205        -0.11        0.100   (15-84 p)   [   -6.6439,     0.0000]

----- common model:  star_parameters

====================================================================================================
     Statistics on the model parameters obtained from the posteriors samples     
====================================================================================================

----- dataset:  RVdata
jitter_0                 1.210       -0.052        0.054    (15-84 p)
offset_0                  9.31        -0.86          1.9    (15-84 p)
offset_1                 10.42        -0.91          1.9    (15-84 p)
offset_2                 10.24        -0.86          1.9    (15-84 p)
offset_3                 10.22        -0.84          1.9    (15-84 p)


----- dataset: RVdata                    ----- model: gp_multidimensional           
rot_amp                    6.1         -4.3          2.6    (15-84 p)
con_amp                   -1.9         -1.7          1.8    (15-84 p)

----- dataset:  FWHMdata
jitter_0                  0.30        -0.18         0.29    (15-84 p)
offset_0               6692.92         -1.0         0.97    (15-84 p)
offset_1                6939.0         -1.4          1.4    (15-84 p)
offset_2                6857.4         -1.1          1.0    (15-84 p)
offset_3               6896.28         -1.0         0.96    (15-84 p)


----- dataset: FWHMdata                  ----- model: gp_multidimensional           
rot_amp                   -0.9         -1.3          1.3    (15-84 p)
con_amp                   1.75        -0.33         0.45    (15-84 p)

----- dataset:  Contrastdata
jitter_0                   176          -13           12    (15-84 p)
offset_0               -353875          -23           22    (15-84 p)
offset_1               -433651          -48           46    (15-84 p)
offset_2               -457692          -25           25    (15-84 p)
offset_3               -362701          -25           24    (15-84 p)


----- dataset: Contrastdata              ----- model: gp_multidimensional           
rot_amp                   -1.7         -5.8          7.6    (15-84 p)
con_amp                  19.59        -0.73         0.31    (15-84 p)

----- common model:  b
P                         96.5          -13          2.7    (15-84 p)
K                          3.8         -1.6          3.0    (15-84 p)
mean_long                  105         -101           22    (15-84 p)
e                        0.157       -0.100        0.095    (15-84 p)
omega                       75         -138           41    (15-84 p)

----- common model:  c
P                         29.9         -1.3          1.4    (15-84 p)
K                         2.17        -0.77         0.87    (15-84 p)
mean_long                   83          -43           41    (15-84 p)
e                        0.082       -0.057        0.086    (15-84 p)
omega                        9          -94           97    (15-84 p)

----- common model:  activity
Prot                     28.28        -0.46         0.46    (15-84 p)
Pdec                     31.02        -0.76          1.6    (15-84 p)
Oamp                     0.434       -0.032        0.031    (15-84 p)

----- common model:  star_parameters

====================================================================================================
     Statistics on the derived parameters obtained from the posteriors samples     
====================================================================================================

----- common model:  b
Inclination fixed to 90 deg!
Computing exact mass of the planet (average approximate mass larger than 30.0 Me)
a_Rs                      88.5         -8.4          1.6    (15-84 p)
M_Mj                     0.085       -0.038        0.066    (15-84 p)
M_Me                        27          -12           21    (15-84 p)
Tc                     59422.5          -72          3.8    (15-84 p)
a_AU_(M)                0.4117       -0.039       0.0076    (15-84 p)
a_AU_(rho,R)            0.4117       -0.039       0.0076    (15-84 p)

----- common model:  c
Inclination fixed to 90 deg!
Computing planetary mass under the approximation M_planet << M_star (threshold at 30.0 Me)
a_Rs                      40.5         -1.2          1.3    (15-84 p)
M_Mj                     0.033       -0.012        0.013    (15-84 p)
M_Me                      10.4         -3.7          4.2    (15-84 p)
Tc                     59341.3         -5.3           22    (15-84 p)
a_AU_(M)                0.1884      -0.0054       0.0060    (15-84 p)
a_AU_(rho,R)            0.1884      -0.0054       0.0060    (15-84 p)


====================================================================================================
     ------------------------------------------------------------------------------------------     
====================================================================================================



30000.0   steps completed, average lnprob:,  -3841.1860047365562


Computing the autocorrelation time of the chains

***** WARNING ******
The integrated autocorrelation time cannot be reliably estimated
likely the chains are too short, and ACF analysis is not fully reliable
emcee.autocorr.integrated_time tolerance lowered to 20
If you still get a warning, you should drop these results entirely
Chains too short to apply convergence criteria
They should be at least 1550*nthin = 232500

====================================================================================================
     Statistics on the posterior of the sampler parameters     
====================================================================================================

----- dataset:  RVdata
jitter_0        13         1.210       -0.050        0.053   (15-84 p)   [    0.0009,    14.4000]
offset_0        14          9.10        -0.72          2.0   (15-84 p)   [-9996.1930, 10016.9830]
offset_1        15         10.23        -0.81          2.0   (15-84 p)   [-9996.1930, 10016.9830]
offset_2        16         10.03        -0.71          2.0   (15-84 p)   [-9996.1930, 10016.9830]
offset_3        17         10.02        -0.72          2.0   (15-84 p)   [-9996.1930, 10016.9830]

----- dataset: RVdata                    ----- model: gp_multidimensional           
rot_amp         18           6.7         -4.6          2.2   (15-84 p)   [    0.0000,    10.0000]
con_amp         19         -1.04         -2.4         0.99   (15-84 p)   [  -20.0000,    20.0000]

----- dataset:  FWHMdata
jitter_0        20          0.31        -0.18         0.30   (15-84 p)   [    0.0500,   500.0000]
offset_0        21       6692.94         -1.1         0.96   (15-84 p)   [-3319.7953, 16947.8039]
offset_1        22        6939.0         -1.4          1.3   (15-84 p)   [-3319.7953, 16947.8039]
offset_2        23        6857.3         -1.1          1.0   (15-84 p)   [-3319.7953, 16947.8039]
offset_3        24       6896.29         -1.1         0.97   (15-84 p)   [-3319.7953, 16947.8039]

----- dataset: FWHMdata                  ----- model: gp_multidimensional           
rot_amp         25          -0.9         -1.4          1.3   (15-84 p)   [  -10.0000,    10.0000]
con_amp         26          1.73        -0.32         0.44   (15-84 p)   [  -20.0000,    20.0000]

----- dataset:  Contrastdata
jitter_0        27           176          -13           13   (15-84 p)   [    1.3000, 13000.0000]
offset_0        28       -353874          -23           22   (15-84 p)   [-468097.7760, -343163.8137]
offset_1        29       -433650          -47           45   (15-84 p)   [-468097.7760, -343163.8137]
offset_2        30       -457691          -24           25   (15-84 p)   [-468097.7760, -343163.8137]
offset_3        31       -362703          -25           25   (15-84 p)   [-468097.7760, -343163.8137]

----- dataset: Contrastdata              ----- model: gp_multidimensional           
rot_amp         32          -1.9         -5.8          7.6   (15-84 p)   [  -10.0000,    10.0000]
con_amp         33         19.61        -0.66         0.29   (15-84 p)   [  -20.0000,    20.0000]

----- common model:  b
P                0         6.575        -0.28        0.054   (15-84 p)   [    0.3785,     6.6439]
K                1          1.52        -0.45          1.2   (15-84 p)   [   -9.9658,     3.3219]
sre_coso         2         -0.01        -0.21         0.25   (15-84 p)   [   -1.0000,     1.0000]
sre_sino         3          0.17        -0.38         0.28   (15-84 p)   [   -1.0000,     1.0000]
mean_long        4            81          -90           45   (15-84 p)   [  -55.5596,   304.4404]

----- common model:  c
P                5         4.899       -0.065        0.074   (15-84 p)   [    0.3785,     6.6439]
K                6          1.08        -0.65         0.49   (15-84 p)   [   -9.9658,     3.3219]
sre_coso         7          0.10        -0.24         0.21   (15-84 p)   [   -1.0000,     1.0000]
sre_sino         8          0.00        -0.23         0.24   (15-84 p)   [   -1.0000,     1.0000]
mean_long        9            77          -42           45   (15-84 p)   [  -79.0670,   280.9330]

----- common model:  activity
Prot            10         28.28        -0.45         0.45   (15-84 p)   [   20.0000,    35.0000]
Pdec            11         31.03        -0.77          1.8   (15-84 p)   [   30.0000,  1000.0000]
Oamp            12        -1.199        -0.11        0.098   (15-84 p)   [   -6.6439,     0.0000]

----- common model:  star_parameters

====================================================================================================
     Statistics on the model parameters obtained from the posteriors samples     
====================================================================================================

----- dataset:  RVdata
jitter_0                 1.210       -0.050        0.053    (15-84 p)
offset_0                  9.10        -0.72          2.0    (15-84 p)
offset_1                 10.23        -0.81          2.0    (15-84 p)
offset_2                 10.03        -0.71          2.0    (15-84 p)
offset_3                 10.02        -0.72          2.0    (15-84 p)


----- dataset: RVdata                    ----- model: gp_multidimensional           
rot_amp                    6.7         -4.6          2.2    (15-84 p)
con_amp                  -1.04         -2.4         0.99    (15-84 p)

----- dataset:  FWHMdata
jitter_0                  0.31        -0.18         0.30    (15-84 p)
offset_0               6692.94         -1.1         0.96    (15-84 p)
offset_1                6939.0         -1.4          1.3    (15-84 p)
offset_2                6857.3         -1.1          1.0    (15-84 p)
offset_3               6896.29         -1.1         0.97    (15-84 p)


----- dataset: FWHMdata                  ----- model: gp_multidimensional           
rot_amp                   -0.9         -1.4          1.3    (15-84 p)
con_amp                   1.73        -0.32         0.44    (15-84 p)

----- dataset:  Contrastdata
jitter_0                   176          -13           13    (15-84 p)
offset_0               -353874          -23           22    (15-84 p)
offset_1               -433650          -47           45    (15-84 p)
offset_2               -457691          -24           25    (15-84 p)
offset_3               -362703          -25           25    (15-84 p)


----- dataset: Contrastdata              ----- model: gp_multidimensional           
rot_amp                   -1.9         -5.8          7.6    (15-84 p)
con_amp                  19.61        -0.66         0.29    (15-84 p)

----- common model:  b
P                         95.3          -17          3.7    (15-84 p)
K                         2.86        -0.76          3.8    (15-84 p)
mean_long                   81          -90           45    (15-84 p)
e                        0.142       -0.096         0.10    (15-84 p)
omega                       62         -144           54    (15-84 p)

----- common model:  c
P                         29.8         -1.3          1.6    (15-84 p)
K                         2.12        -0.77         0.86    (15-84 p)
mean_long                   77          -42           45    (15-84 p)
e                        0.084       -0.059        0.087    (15-84 p)
omega                        1          -93          100    (15-84 p)

----- common model:  activity
Prot                     28.28        -0.45         0.45    (15-84 p)
Pdec                     31.03        -0.77          1.8    (15-84 p)
Oamp                     0.436       -0.032        0.031    (15-84 p)

----- common model:  star_parameters

====================================================================================================
     Statistics on the derived parameters obtained from the posteriors samples     
====================================================================================================

----- common model:  b
Inclination fixed to 90 deg!
Computing planetary mass under the approximation M_planet << M_star (threshold at 30.0 Me)
a_Rs                      87.8          -11          2.2    (15-84 p)
M_Mj                     0.064       -0.019        0.082    (15-84 p)
M_Me                      20.2         -6.1           26    (15-84 p)
Tc                     59419.7          -70          6.2    (15-84 p)
a_AU_(M)                 0.408       -0.050        0.010    (15-84 p)
a_AU_(rho,R)             0.408       -0.050        0.010    (15-84 p)

----- common model:  c
Inclination fixed to 90 deg!
Computing planetary mass under the approximation M_planet << M_star (threshold at 30.0 Me)
a_Rs                      40.5         -1.2          1.4    (15-84 p)
M_Mj                     0.032       -0.011        0.013    (15-84 p)
M_Me                      10.2         -3.6          4.2    (15-84 p)
Tc                     59340.1         -3.9           23    (15-84 p)
a_AU_(M)                0.1883      -0.0056       0.0065    (15-84 p)
a_AU_(rho,R)            0.1883      -0.0056       0.0065    (15-84 p)


====================================================================================================
     ------------------------------------------------------------------------------------------     
====================================================================================================



45000.0   steps completed, average lnprob:,  -3842.0656085551263


Computing the autocorrelation time of the chains

***** WARNING ******
The integrated autocorrelation time cannot be reliably estimated
likely the chains are too short, and ACF analysis is not fully reliable
emcee.autocorr.integrated_time tolerance lowered to 20
If you still get a warning, you should drop these results entirely
Chains too short to apply convergence criteria
They should be at least 2050*nthin = 307500

====================================================================================================
     Statistics on the posterior of the sampler parameters     
====================================================================================================

----- dataset:  RVdata
jitter_0        13         1.208       -0.050        0.053   (15-84 p)   [    0.0009,    14.4000]
offset_0        14          8.96        -0.63          2.0   (15-84 p)   [-9996.1930, 10016.9830]
offset_1        15         10.08        -0.72          1.9   (15-84 p)   [-9996.1930, 10016.9830]
offset_2        16          9.90        -0.61          2.0   (15-84 p)   [-9996.1930, 10016.9830]
offset_3        17          9.88        -0.63          1.9   (15-84 p)   [-9996.1930, 10016.9830]

----- dataset: RVdata                    ----- model: gp_multidimensional           
rot_amp         18           7.1         -4.6          1.9   (15-84 p)   [    0.0000,    10.0000]
con_amp         19         -0.62         -2.7         0.60   (15-84 p)   [  -20.0000,    20.0000]

----- dataset:  FWHMdata
jitter_0        20          0.32        -0.19         0.29   (15-84 p)   [    0.0500,   500.0000]
offset_0        21       6692.94         -1.0         0.95   (15-84 p)   [-3319.7953, 16947.8039]
offset_1        22        6939.0         -1.4          1.4   (15-84 p)   [-3319.7953, 16947.8039]
offset_2        23       6857.33         -1.1         1.00   (15-84 p)   [-3319.7953, 16947.8039]
offset_3        24       6896.29         -1.1         0.97   (15-84 p)   [-3319.7953, 16947.8039]

----- dataset: FWHMdata                  ----- model: gp_multidimensional           
rot_amp         25          -0.9         -1.3          1.3   (15-84 p)   [  -10.0000,    10.0000]
con_amp         26          1.71        -0.31         0.43   (15-84 p)   [  -20.0000,    20.0000]

----- dataset:  Contrastdata
jitter_0        27           176          -13           13   (15-84 p)   [    1.3000, 13000.0000]
offset_0        28       -353874          -23           22   (15-84 p)   [-468097.7760, -343163.8137]
offset_1        29       -433652          -47           45   (15-84 p)   [-468097.7760, -343163.8137]
offset_2        30       -457692          -25           25   (15-84 p)   [-468097.7760, -343163.8137]
offset_3        31       -362702          -25           25   (15-84 p)   [-468097.7760, -343163.8137]

----- dataset: Contrastdata              ----- model: gp_multidimensional           
rot_amp         32          -2.2         -5.5          7.7   (15-84 p)   [  -10.0000,    10.0000]
con_amp         33         19.61        -0.67         0.29   (15-84 p)   [  -20.0000,    20.0000]

----- common model:  b
P                0         6.558        -0.30        0.069   (15-84 p)   [    0.3785,     6.6439]
K                1          1.39        -0.34          1.3   (15-84 p)   [   -9.9658,     3.3219]
sre_coso         2         -0.00        -0.21         0.25   (15-84 p)   [   -1.0000,     1.0000]
sre_sino         3          0.12        -0.34         0.33   (15-84 p)   [   -1.0000,     1.0000]
mean_long        4            57          -73           67   (15-84 p)   [  -55.5596,   304.4404]

----- common model:  c
P                5         4.897       -0.067        0.074   (15-84 p)   [    0.3785,     6.6439]
K                6          1.05        -0.63         0.49   (15-84 p)   [   -9.9658,     3.3219]
sre_coso         7          0.10        -0.24         0.21   (15-84 p)   [   -1.0000,     1.0000]
sre_sino         8         -0.00        -0.23         0.23   (15-84 p)   [   -1.0000,     1.0000]
mean_long        9            72          -42           46   (15-84 p)   [  -79.0670,   280.9330]

----- common model:  activity
Prot            10         28.28        -0.46         0.45   (15-84 p)   [   20.0000,    35.0000]
Pdec            11         31.06        -0.80          1.8   (15-84 p)   [   30.0000,  1000.0000]
Oamp            12        -1.196        -0.11        0.100   (15-84 p)   [   -6.6439,     0.0000]

----- common model:  star_parameters

====================================================================================================
     Statistics on the model parameters obtained from the posteriors samples     
====================================================================================================

----- dataset:  RVdata
jitter_0                 1.208       -0.050        0.053    (15-84 p)
offset_0                  8.96        -0.63          2.0    (15-84 p)
offset_1                 10.08        -0.72          1.9    (15-84 p)
offset_2                  9.90        -0.61          2.0    (15-84 p)
offset_3                  9.88        -0.63          1.9    (15-84 p)


----- dataset: RVdata                    ----- model: gp_multidimensional           
rot_amp                    7.1         -4.6          1.9    (15-84 p)
con_amp                  -0.62         -2.7         0.60    (15-84 p)

----- dataset:  FWHMdata
jitter_0                  0.32        -0.19         0.29    (15-84 p)
offset_0               6692.94         -1.0         0.95    (15-84 p)
offset_1                6939.0         -1.4          1.4    (15-84 p)
offset_2               6857.33         -1.1         1.00    (15-84 p)
offset_3               6896.29         -1.1         0.97    (15-84 p)


----- dataset: FWHMdata                  ----- model: gp_multidimensional           
rot_amp                   -0.9         -1.3          1.3    (15-84 p)
con_amp                   1.71        -0.31         0.43    (15-84 p)

----- dataset:  Contrastdata
jitter_0                   176          -13           13    (15-84 p)
offset_0               -353874          -23           22    (15-84 p)
offset_1               -433652          -47           45    (15-84 p)
offset_2               -457692          -25           25    (15-84 p)
offset_3               -362702          -25           25    (15-84 p)


----- dataset: Contrastdata              ----- model: gp_multidimensional           
rot_amp                   -2.2         -5.5          7.7    (15-84 p)
con_amp                  19.61        -0.67         0.29    (15-84 p)

----- common model:  b
P                         94.2          -18          4.6    (15-84 p)
K                         2.62        -0.54          3.7    (15-84 p)
mean_long                   57          -73           67    (15-84 p)
e                        0.131       -0.090         0.11    (15-84 p)
omega                       49         -143           66    (15-84 p)

----- common model:  c
P                         29.8         -1.4          1.6    (15-84 p)
K                         2.07        -0.74         0.84    (15-84 p)
mean_long                   72          -42           46    (15-84 p)
e                        0.083       -0.058        0.086    (15-84 p)
omega                       -2          -95           99    (15-84 p)

----- common model:  activity
Prot                     28.28        -0.46         0.45    (15-84 p)
Pdec                     31.06        -0.80          1.8    (15-84 p)
Oamp                     0.436       -0.032        0.031    (15-84 p)

----- common model:  star_parameters

====================================================================================================
     Statistics on the derived parameters obtained from the posteriors samples     
====================================================================================================

----- common model:  b
Inclination fixed to 90 deg!
Computing planetary mass under the approximation M_planet << M_star (threshold at 30.0 Me)
a_Rs                      87.1          -11          2.8    (15-84 p)
M_Mj                     0.057       -0.014        0.082    (15-84 p)
M_Me                      18.2         -4.4           26    (15-84 p)
Tc                       59361          -10           65    (15-84 p)
a_AU_(M)                 0.405       -0.052        0.013    (15-84 p)
a_AU_(rho,R)             0.405       -0.052        0.013    (15-84 p)

----- common model:  c
Inclination fixed to 90 deg!
Computing planetary mass under the approximation M_planet << M_star (threshold at 30.0 Me)
a_Rs                      40.4         -1.2          1.4    (15-84 p)
M_Mj                     0.031       -0.011        0.013    (15-84 p)
M_Me                      10.0         -3.5          4.1    (15-84 p)
Tc                     59339.7         -3.5           24    (15-84 p)
a_AU_(M)                0.1881      -0.0058       0.0066    (15-84 p)
a_AU_(rho,R)            0.1881      -0.0058       0.0066    (15-84 p)


====================================================================================================
     ------------------------------------------------------------------------------------------     
====================================================================================================



60000.0   steps completed, average lnprob:,  -3841.400968814303


emcee completed


:::---::: PyORBIT v11.0.1 :::---:::

Python version in use:
3.10.18 (main, Jun  5 2025, 13:14:17) [GCC 11.2.0]
LaTeX disabled by default

Using orbital model:  keplerian
Using orbital parametrization:  Eastman2013

Using orbital model:  keplerian
Using orbital parametrization:  Eastman2013

gp_multidimensional  S+LEAF model, number of harmonics: 4

GP model: gp_multidimensional  hyperparameters_condition:    True
GP model: gp_multidimensional  rotation_decay_condition:     True

### PyORBIT version used in the analysis:  11.0.1

 emcee version:  3.1.6

 Reference Time Tref: 59334.700184

 Data points:957
 Dimensions: 34
 Nwalkers:   136
 Steps:      60000


Number of samplings: 40800

Recomputing ln-prior, it may take a while...

ln-probability   distribution:  -3841.59       -5.48      4.26 (15-84 p) 
ln-prior         distribution:   -209.00       -3.10      2.43 (15-84 p) 
ln-likelihood    distribution:  -3632.50       -5.64      4.98 (15-84 p) 


*** Information criteria using the likelihood distribution

 BIC from distribution  (using likelihood)  =   7498.38     -9.96   11.28 (15-84 p)
 AIC from distribution  (using likelihood)  =   7333.01     -9.96   11.28 (15-84 p)
 AICc from distribution (using likelihood)  =   7335.59     -9.96   11.28 (15-84 p)


*** Information criteria using the median parameter set

 ln_probability of Median solution =  -3832.17
 ln_priors of Median solution      =   -206.36
 ln_likelihood of Median solution  =  -3625.81

 Median BIC  (using likelihood) =   7485.00
 Median AIC  (using likelihood) =   7319.63
 Median AICc (using likelihood) =   7322.21


*** Information criteria using the MAP parameter set

 ln_probability of MAP solution =  -3828.80
 ln_priors of MAP solution      =   -207.18
 ln_likelihood of MAP solution  =  -3621.62

 MAP BIC  (using likelihood)    =   7476.60
 MAP AIC  (using likelihood)    =   7311.23
 MAP AICc (using likelihood)    =   7313.82

 AICc suggested over AIC because NDATA ( 957 ) < 40 * NDIM ( 34 )

****************************************************************************************************


Computing the autocorrelation time of the chains

***** WARNING ******
The integrated autocorrelation time cannot be reliably estimated
likely the chains are too short, and ACF analysis is not fully reliable
emcee.autocorr.integrated_time tolerance lowered to 20
If you still get a warning, you should drop these results entirely
Chains too short to apply convergence criteria
They should be at least 2050*nthin = 307500

 ACF computation failed, no plot will be generated 


====================================================================================================
     Ids, spaces (s), boundaries (b) and priors (p) of the sampler parameters     
====================================================================================================

----- dataset:  RVdata
jitter_0      id:  13  s:Linear      b:[      0.0009,      14.4000]   p:Uniform   []
offset_0      id:  14  s:Linear      b:[  -9996.1930,   10016.9830]   p:Uniform   []
offset_1      id:  15  s:Linear      b:[  -9996.1930,   10016.9830]   p:Uniform   []
offset_2      id:  16  s:Linear      b:[  -9996.1930,   10016.9830]   p:Uniform   []
offset_3      id:  17  s:Linear      b:[  -9996.1930,   10016.9830]   p:Uniform   []

----- dataset: RVdata                    ----- model: gp_multidimensional           
rot_amp       id:  18  s:Linear      b:[      0.0000,      10.0000]   p:Uniform   []
con_amp       id:  19  s:Linear      b:[    -20.0000,      20.0000]   p:Uniform   []

----- dataset:  FWHMdata
jitter_0      id:  20  s:Linear      b:[      0.0500,     500.0000]   p:Uniform   []
offset_0      id:  21  s:Linear      b:[  -3319.7953,   16947.8039]   p:Uniform   []
offset_1      id:  22  s:Linear      b:[  -3319.7953,   16947.8039]   p:Uniform   []
offset_2      id:  23  s:Linear      b:[  -3319.7953,   16947.8039]   p:Uniform   []
offset_3      id:  24  s:Linear      b:[  -3319.7953,   16947.8039]   p:Uniform   []

----- dataset: FWHMdata                  ----- model: gp_multidimensional           
rot_amp       id:  25  s:Linear      b:[    -10.0000,      10.0000]   p:Uniform   []
con_amp       id:  26  s:Linear      b:[    -20.0000,      20.0000]   p:Uniform   []

----- dataset:  Contrastdata
jitter_0      id:  27  s:Linear      b:[      1.3000,   13000.0000]   p:Uniform   []
offset_0      id:  28  s:Linear      b:[-468097.7760, -343163.8137]   p:Uniform   []
offset_1      id:  29  s:Linear      b:[-468097.7760, -343163.8137]   p:Uniform   []
offset_2      id:  30  s:Linear      b:[-468097.7760, -343163.8137]   p:Uniform   []
offset_3      id:  31  s:Linear      b:[-468097.7760, -343163.8137]   p:Uniform   []

----- dataset: Contrastdata              ----- model: gp_multidimensional           
rot_amp       id:  32  s:Linear      b:[    -10.0000,      10.0000]   p:Uniform   []
con_amp       id:  33  s:Linear      b:[    -20.0000,      20.0000]   p:Uniform   []

----- common model:  b
P             id:   0  s:Log_Base2   b:[      0.3785,       6.6439]   p:Uniform   []
K             id:   1  s:Log_Base2   b:[     -9.9658,       3.3219]   p:Uniform   []
sre_coso      id:   2  s:Linear      b:[     -1.0000,       1.0000]   p:Uniform   []
sre_sino      id:   3  s:Linear      b:[     -1.0000,       1.0000]   p:Uniform   []
mean_long     id:   4  s:Linear      b:[    -55.5596,     304.4404]   p:Uniform   []
e             derived (no id, space, bound)                           p:Gaussian   [0.    0.098]
omega         derived (no id, space, bound)                           p:Uniform   [0.0, 360.0]

----- common model:  c
P             id:   5  s:Log_Base2   b:[      0.3785,       6.6439]   p:Uniform   []
K             id:   6  s:Log_Base2   b:[     -9.9658,       3.3219]   p:Uniform   []
sre_coso      id:   7  s:Linear      b:[     -1.0000,       1.0000]   p:Uniform   []
sre_sino      id:   8  s:Linear      b:[     -1.0000,       1.0000]   p:Uniform   []
mean_long     id:   9  s:Linear      b:[    -79.0670,     280.9330]   p:Uniform   []
e             derived (no id, space, bound)                           p:Gaussian   [0.    0.098]
omega         derived (no id, space, bound)                           p:Uniform   [0.0, 360.0]

----- common model:  activity
Prot          id:  10  s:Linear      b:[     20.0000,      35.0000]   p:Gaussian   [28.   0.5]
Pdec          id:  11  s:Linear      b:[     30.0000,    1000.0000]   p:Uniform   []
Oamp          id:  12  s:Log_Base2   b:[     -6.6439,       0.0000]   p:Gaussian   [0.35  0.035]

----- common model:  star_parameters
mass          derived (no id, space, bound)                           p:Gaussian   [1.e+00 1.e-06]
radius        derived (no id, space, bound)                           p:Gaussian   [1.e+00 1.e-06]
density       derived (no id, space, bound)                           p:Gaussian   [1.e+00 1.e-06]


****************************************************************************************************
****************************************************************************************************

 Confidence intervals (median value, 34.135th percentile from the median on the left and right side)

====================================================================================================
     Statistics on the posterior of the sampler parameters     
====================================================================================================

----- dataset:  RVdata
jitter_0        13         1.208       -0.050        0.053   (15-84 p)   [    0.0009,    14.4000]
offset_0        14          8.96        -0.63          2.0   (15-84 p)   [-9996.1930, 10016.9830]
offset_1        15         10.08        -0.72          1.9   (15-84 p)   [-9996.1930, 10016.9830]
offset_2        16          9.90        -0.61          2.0   (15-84 p)   [-9996.1930, 10016.9830]
offset_3        17          9.88        -0.63          1.9   (15-84 p)   [-9996.1930, 10016.9830]

----- dataset: RVdata                    ----- model: gp_multidimensional           
rot_amp         18           7.1         -4.6          1.9   (15-84 p)   [    0.0000,    10.0000]
con_amp         19         -0.62         -2.7         0.60   (15-84 p)   [  -20.0000,    20.0000]

----- dataset:  FWHMdata
jitter_0        20          0.32        -0.19         0.29   (15-84 p)   [    0.0500,   500.0000]
offset_0        21       6692.94         -1.0         0.95   (15-84 p)   [-3319.7953, 16947.8039]
offset_1        22        6939.0         -1.4          1.4   (15-84 p)   [-3319.7953, 16947.8039]
offset_2        23       6857.33         -1.1         1.00   (15-84 p)   [-3319.7953, 16947.8039]
offset_3        24       6896.29         -1.1         0.97   (15-84 p)   [-3319.7953, 16947.8039]

----- dataset: FWHMdata                  ----- model: gp_multidimensional           
rot_amp         25          -0.9         -1.3          1.3   (15-84 p)   [  -10.0000,    10.0000]
con_amp         26          1.71        -0.31         0.43   (15-84 p)   [  -20.0000,    20.0000]

----- dataset:  Contrastdata
jitter_0        27           176          -13           13   (15-84 p)   [    1.3000, 13000.0000]
offset_0        28       -353874          -23           22   (15-84 p)   [-468097.7760, -343163.8137]
offset_1        29       -433652          -47           45   (15-84 p)   [-468097.7760, -343163.8137]
offset_2        30       -457692          -25           25   (15-84 p)   [-468097.7760, -343163.8137]
offset_3        31       -362702          -25           25   (15-84 p)   [-468097.7760, -343163.8137]

----- dataset: Contrastdata              ----- model: gp_multidimensional           
rot_amp         32          -2.2         -5.5          7.7   (15-84 p)   [  -10.0000,    10.0000]
con_amp         33         19.61        -0.67         0.29   (15-84 p)   [  -20.0000,    20.0000]

----- common model:  b
P                0         6.558        -0.30        0.069   (15-84 p)   [    0.3785,     6.6439]
K                1          1.39        -0.34          1.3   (15-84 p)   [   -9.9658,     3.3219]
sre_coso         2         -0.00        -0.21         0.25   (15-84 p)   [   -1.0000,     1.0000]
sre_sino         3          0.12        -0.34         0.33   (15-84 p)   [   -1.0000,     1.0000]
mean_long        4            57          -73           67   (15-84 p)   [  -55.5596,   304.4404]

----- common model:  c
P                5         4.897       -0.067        0.074   (15-84 p)   [    0.3785,     6.6439]
K                6          1.05        -0.63         0.49   (15-84 p)   [   -9.9658,     3.3219]
sre_coso         7          0.10        -0.24         0.21   (15-84 p)   [   -1.0000,     1.0000]
sre_sino         8         -0.00        -0.23         0.23   (15-84 p)   [   -1.0000,     1.0000]
mean_long        9            72          -42           46   (15-84 p)   [  -79.0670,   280.9330]

----- common model:  activity
Prot            10         28.28        -0.46         0.45   (15-84 p)   [   20.0000,    35.0000]
Pdec            11         31.06        -0.80          1.8   (15-84 p)   [   30.0000,  1000.0000]
Oamp            12        -1.196        -0.11        0.100   (15-84 p)   [   -6.6439,     0.0000]

----- common model:  star_parameters

====================================================================================================
     Statistics on the model parameters obtained from the posteriors samples     
====================================================================================================

----- dataset:  RVdata
jitter_0                 1.208       -0.050        0.053    (15-84 p)
offset_0                  8.96        -0.63          2.0    (15-84 p)
offset_1                 10.08        -0.72          1.9    (15-84 p)
offset_2                  9.90        -0.61          2.0    (15-84 p)
offset_3                  9.88        -0.63          1.9    (15-84 p)


----- dataset: RVdata                    ----- model: gp_multidimensional           
rot_amp                    7.1         -4.6          1.9    (15-84 p)
con_amp                  -0.62         -2.7         0.60    (15-84 p)

----- dataset:  FWHMdata
jitter_0                  0.32        -0.19         0.29    (15-84 p)
offset_0               6692.94         -1.0         0.95    (15-84 p)
offset_1                6939.0         -1.4          1.4    (15-84 p)
offset_2               6857.33         -1.1         1.00    (15-84 p)
offset_3               6896.29         -1.1         0.97    (15-84 p)


----- dataset: FWHMdata                  ----- model: gp_multidimensional           
rot_amp                   -0.9         -1.3          1.3    (15-84 p)
con_amp                   1.71        -0.31         0.43    (15-84 p)

----- dataset:  Contrastdata
jitter_0                   176          -13           13    (15-84 p)
offset_0               -353874          -23           22    (15-84 p)
offset_1               -433652          -47           45    (15-84 p)
offset_2               -457692          -25           25    (15-84 p)
offset_3               -362702          -25           25    (15-84 p)


----- dataset: Contrastdata              ----- model: gp_multidimensional           
rot_amp                   -2.2         -5.5          7.7    (15-84 p)
con_amp                  19.61        -0.67         0.29    (15-84 p)

----- common model:  b
P                         94.2          -18          4.6    (15-84 p)
K                         2.62        -0.54          3.7    (15-84 p)
mean_long                   57          -73           67    (15-84 p)
e                        0.131       -0.090         0.11    (15-84 p)
omega                       34         -145           76    (15-84 p)

----- common model:  c
P                         29.8         -1.4          1.6    (15-84 p)
K                         2.07        -0.74         0.84    (15-84 p)
mean_long                   72          -42           46    (15-84 p)
e                        0.083       -0.058        0.086    (15-84 p)
omega                      -57         -160           84    (15-84 p)

----- common model:  activity
Prot                     28.28        -0.46         0.45    (15-84 p)
Pdec                     31.06        -0.80          1.8    (15-84 p)
Oamp                     0.436       -0.032        0.031    (15-84 p)

----- common model:  star_parameters

====================================================================================================
     Statistics on the derived parameters obtained from the posteriors samples     
====================================================================================================

----- common model:  b
Inclination fixed to 90 deg!
Computing planetary mass under the approximation M_planet << M_star (threshold at 30.0 Me)
a_Rs                      87.1          -11          2.8    (15-84 p)
M_Mj                     0.057       -0.014        0.082    (15-84 p)
M_Me                      18.2         -4.4           26    (15-84 p)
Tc                       59361          -10           65    (15-84 p)
a_AU_(M)                 0.405       -0.052        0.013    (15-84 p)
a_AU_(rho,R)             0.405       -0.052        0.013    (15-84 p)

----- common model:  c
Inclination fixed to 90 deg!
Computing planetary mass under the approximation M_planet << M_star (threshold at 30.0 Me)
a_Rs                      40.4         -1.2          1.4    (15-84 p)
M_Mj                     0.031       -0.011        0.013    (15-84 p)
M_Me                      10.0         -3.5          4.1    (15-84 p)
Tc                     59339.7         -3.5           24    (15-84 p)
a_AU_(M)                0.1881      -0.0058       0.0066    (15-84 p)
a_AU_(rho,R)            0.1881      -0.0058       0.0066    (15-84 p)


====================================================================================================
     ------------------------------------------------------------------------------------------     
====================================================================================================



****************************************************************************************************

 Parameters corresponding to the Maximum a Posteriori probability ( -3828.7988353229357 )

====================================================================================================
     Statistics on the posterior of the sampler parameters     
====================================================================================================

----- dataset:  RVdata
jitter_0        13      1.194706 [    0.0009,    14.4000]
offset_0        14      9.392855 [-9996.1930, 10016.9830]
offset_1        15     10.334991 [-9996.1930, 10016.9830]
offset_2        16     10.260787 [-9996.1930, 10016.9830]
offset_3        17     10.310466 [-9996.1930, 10016.9830]

----- dataset: RVdata                    ----- model: gp_multidimensional           
rot_amp         18      6.453202 [    0.0000,    10.0000]
con_amp         19     -0.633600 [  -20.0000,    20.0000]

----- dataset:  FWHMdata
jitter_0        20      0.076612 [    0.0500,   500.0000]
offset_0        21   6692.448325 [-3319.7953, 16947.8039]
offset_1        22   6939.561935 [-3319.7953, 16947.8039]
offset_2        23   6856.862339 [-3319.7953, 16947.8039]
offset_3        24   6896.306901 [-3319.7953, 16947.8039]

----- dataset: FWHMdata                  ----- model: gp_multidimensional           
rot_amp         25     -1.206042 [  -10.0000,    10.0000]
con_amp         26      1.485086 [  -20.0000,    20.0000]

----- dataset:  Contrastdata
jitter_0        27    161.479293 [    1.3000, 13000.0000]
offset_0        28  -353897.550342 [-468097.7760, -343163.8137]
offset_1        29  -433652.451511 [-468097.7760, -343163.8137]
offset_2        30  -457709.244834 [-468097.7760, -343163.8137]
offset_3        31  -362711.686239 [-468097.7760, -343163.8137]

----- dataset: Contrastdata              ----- model: gp_multidimensional           
rot_amp         32     -9.555453 [  -10.0000,    10.0000]
con_amp         33     19.866030 [  -20.0000,    20.0000]

----- common model:  b
P                0      6.594053 [    0.3785,     6.6439]
K                1      1.174256 [   -9.9658,     3.3219]
sre_coso         2      0.363046 [   -1.0000,     1.0000]
sre_sino         3     -0.183821 [   -1.0000,     1.0000]
mean_long        4     73.228419 [  -55.5596,   304.4404]

----- common model:  c
P                5      4.926133 [    0.3785,     6.6439]
K                6      0.779769 [   -9.9658,     3.3219]
sre_coso         7     -0.087894 [   -1.0000,     1.0000]
sre_sino         8     -0.294568 [   -1.0000,     1.0000]
mean_long        9     73.154551 [  -79.0670,   280.9330]

----- common model:  activity
Prot            10     28.353592 [   20.0000,    35.0000]
Pdec            11     30.196316 [   30.0000,  1000.0000]
Oamp            12     -1.257464 [   -6.6439,     0.0000]

----- common model:  star_parameters

====================================================================================================
     Statistics on the model parameters obtained from the posteriors samples     
====================================================================================================

----- dataset:  RVdata
jitter_0              1.194706 
offset_0              9.392855 
offset_1             10.334991 
offset_2             10.260787 
offset_3             10.310466 


----- dataset: RVdata                    ----- model: gp_multidimensional           
rot_amp               6.453202 
con_amp              -0.633600 

----- dataset:  FWHMdata
jitter_0              0.076612 
offset_0           6692.448325 
offset_1           6939.561935 
offset_2           6856.862339 
offset_3           6896.306901 


----- dataset: FWHMdata                  ----- model: gp_multidimensional           
rot_amp              -1.206042 
con_amp               1.485086 

----- dataset:  Contrastdata
jitter_0            161.479293 
offset_0        -353897.550342 
offset_1        -433652.451511 
offset_2        -457709.244834 
offset_3        -362711.686239 


----- dataset: Contrastdata              ----- model: gp_multidimensional           
rot_amp              -9.555453 
con_amp              19.866030 

----- common model:  b
P                    96.606811 
K                     2.256765 
mean_long            73.228419 
e                     0.165593 
omega               -26.854500 

----- common model:  c
P                    30.402825 
K                     1.716856 
mean_long            73.154551 
e                     0.094496 
omega              -106.614175 

----- common model:  activity
Prot                 28.353592 
Pdec                 30.196316 
Oamp                  0.418278 

----- common model:  star_parameters

====================================================================================================
     Statistics on the derived parameters obtained from the posteriors samples     
====================================================================================================

----- common model:  b
Inclination fixed to 90 deg!
a_Rs                 88.563465 
M_Mj                  0.050238 
M_Me                 15.970344 
Tc                59431.014371 
a_AU_(M)              0.412047 
a_AU_(rho,R)          0.412039 

----- common model:  c
Inclination fixed to 90 deg!
a_Rs                 40.975537 
M_Mj                  0.026242 
M_Me                  8.342198 
Tc                59336.403181 
a_AU_(M)              0.190640 
a_AU_(rho,R)          0.190638 


====================================================================================================
     ------------------------------------------------------------------------------------------     
====================================================================================================



****************************************************************************************************

 Parameters corresponding to the sample closest to the median values ( -3836.4964178254822 )

====================================================================================================
     Statistics on the posterior of the sampler parameters     
====================================================================================================

----- dataset:  RVdata
jitter_0        13      1.202252 [    0.0009,    14.4000]
offset_0        14      9.252915 [-9996.1930, 10016.9830]
offset_1        15     10.052683 [-9996.1930, 10016.9830]
offset_2        16      9.828494 [-9996.1930, 10016.9830]
offset_3        17      9.933606 [-9996.1930, 10016.9830]

----- dataset: RVdata                    ----- model: gp_multidimensional           
rot_amp         18      6.442845 [    0.0000,    10.0000]
con_amp         19     -0.422518 [  -20.0000,    20.0000]

----- dataset:  FWHMdata
jitter_0        20      0.306015 [    0.0500,   500.0000]
offset_0        21   6693.097556 [-3319.7953, 16947.8039]
offset_1        22   6938.998993 [-3319.7953, 16947.8039]
offset_2        23   6856.611926 [-3319.7953, 16947.8039]
offset_3        24   6895.606011 [-3319.7953, 16947.8039]

----- dataset: FWHMdata                  ----- model: gp_multidimensional           
rot_amp         25     -0.819195 [  -10.0000,    10.0000]
con_amp         26      1.319780 [  -20.0000,    20.0000]

----- dataset:  Contrastdata
jitter_0        27    168.826661 [    1.3000, 13000.0000]
offset_0        28  -353875.442184 [-468097.7760, -343163.8137]
offset_1        29  -433641.873736 [-468097.7760, -343163.8137]
offset_2        30  -457678.378964 [-468097.7760, -343163.8137]
offset_3        31  -362707.695183 [-468097.7760, -343163.8137]

----- dataset: Contrastdata              ----- model: gp_multidimensional           
rot_amp         32     -1.252086 [  -10.0000,    10.0000]
con_amp         33     19.612665 [  -20.0000,    20.0000]

----- common model:  b
P                0      6.609781 [    0.3785,     6.6439]
K                1      1.089684 [   -9.9658,     3.3219]
sre_coso         2     -0.112318 [   -1.0000,     1.0000]
sre_sino         3      0.098367 [   -1.0000,     1.0000]
mean_long        4     61.135478 [  -55.5596,   304.4404]

----- common model:  c
P                5      4.919767 [    0.3785,     6.6439]
K                6      0.943875 [   -9.9658,     3.3219]
sre_coso         7      0.083298 [   -1.0000,     1.0000]
sre_sino         8      0.148997 [   -1.0000,     1.0000]
mean_long        9     70.686004 [  -79.0670,   280.9330]

----- common model:  activity
Prot            10     28.232500 [   20.0000,    35.0000]
Pdec            11     30.184638 [   30.0000,  1000.0000]
Oamp            12     -1.039758 [   -6.6439,     0.0000]

----- common model:  star_parameters

====================================================================================================
     Statistics on the model parameters obtained from the posteriors samples     
====================================================================================================

----- dataset:  RVdata
jitter_0              1.202252 
offset_0              9.252915 
offset_1             10.052683 
offset_2              9.828494 
offset_3              9.933606 


----- dataset: RVdata                    ----- model: gp_multidimensional           
rot_amp               6.442845 
con_amp              -0.422518 

----- dataset:  FWHMdata
jitter_0              0.306015 
offset_0           6693.097556 
offset_1           6938.998993 
offset_2           6856.611926 
offset_3           6895.606011 


----- dataset: FWHMdata                  ----- model: gp_multidimensional           
rot_amp              -0.819195 
con_amp               1.319780 

----- dataset:  Contrastdata
jitter_0            168.826661 
offset_0        -353875.442184 
offset_1        -433641.873736 
offset_2        -457678.378964 
offset_3        -362707.695183 


----- dataset: Contrastdata              ----- model: gp_multidimensional           
rot_amp              -1.252086 
con_amp              19.612665 

----- common model:  b
P                    97.665750 
K                     2.128275 
mean_long            61.135478 
e                     0.022291 
omega               138.788288 

----- common model:  c
P                    30.268960 
K                     1.923689 
mean_long            70.686004 
e                     0.029139 
omega                60.792104 

----- common model:  activity
Prot                 28.232500 
Pdec                 30.184638 
Oamp                  0.486409 

----- common model:  star_parameters

====================================================================================================
     Statistics on the derived parameters obtained from the posteriors samples     
====================================================================================================

----- common model:  b
Inclination fixed to 90 deg!
a_Rs                 89.209313 
M_Mj                  0.048204 
M_Me                 15.323673 
Tc                59343.046565 
a_AU_(M)              0.415052 
a_AU_(rho,R)          0.415045 

----- common model:  c
Inclination fixed to 90 deg!
a_Rs                 40.855244 
M_Mj                  0.029480 
M_Me                  9.371446 
Tc                59336.189688 
a_AU_(M)              0.190080 
a_AU_(rho,R)          0.190078 


====================================================================================================
     ------------------------------------------------------------------------------------------     
====================================================================================================



****************************************************************************************************

Inclination fixed to 90 deg!
Inclination fixed to 90 deg!
Note: stellar density derived from stellar mass and radius

Inclination fixed to 90 deg!
Inclination fixed to 90 deg!
Inclination fixed to 90 deg!
Inclination fixed to 90 deg!
 Plot FLAT chain 

****************************************************************************************************

 Skipping full correlation plot due to the high number of parameters
 To avoid this behaviour, set the keyword parameters:force_full_correlation_plot to True

****************************************************************************************************

 Plotting the chains... 

****************************************************************************************************

 Plotting the Gelman-Rubin traces... 

     Gelman-Rubin:    13     1.026444 RVdata_jitter_0 
     Gelman-Rubin:    14     1.126868 RVdata_offset_0 
     Gelman-Rubin:    15     1.123788 RVdata_offset_1 
     Gelman-Rubin:    16     1.128374 RVdata_offset_2 
     Gelman-Rubin:    17     1.126901 RVdata_offset_3 
     Gelman-Rubin:    18     1.147280 RVdata_gp_multidimensional_rot_amp 
     Gelman-Rubin:    19     1.242784 RVdata_gp_multidimensional_con_amp 
     Gelman-Rubin:    20     1.030992 FWHMdata_jitter_0 
     Gelman-Rubin:    21     1.044370 FWHMdata_offset_0 
     Gelman-Rubin:    22     1.031542 FWHMdata_offset_1 
     Gelman-Rubin:    23     1.037541 FWHMdata_offset_2 
     Gelman-Rubin:    24     1.040215 FWHMdata_offset_3 
     Gelman-Rubin:    25     1.028273 FWHMdata_gp_multidimensional_rot_amp 
     Gelman-Rubin:    26     1.093002 FWHMdata_gp_multidimensional_con_amp 
     Gelman-Rubin:    27     1.041376 Contrastdata_jitter_0 
     Gelman-Rubin:    28     1.029825 Contrastdata_offset_0 
     Gelman-Rubin:    29     1.030640 Contrastdata_offset_1 
     Gelman-Rubin:    30     1.026443 Contrastdata_offset_2 
     Gelman-Rubin:    31     1.037767 Contrastdata_offset_3 
     Gelman-Rubin:    32     1.037265 Contrastdata_gp_multidimensional_rot_amp 
     Gelman-Rubin:    33     1.083041 Contrastdata_gp_multidimensional_con_amp 
     Gelman-Rubin:     0     1.105996 b_P 
     Gelman-Rubin:     1     1.217612 b_K 
     Gelman-Rubin:     2     1.051169 b_sre_coso 
     Gelman-Rubin:     3     1.166873 b_sre_sino 
     Gelman-Rubin:     4     1.199442 b_mean_long 
     Gelman-Rubin:     5     1.256261 c_P 
     Gelman-Rubin:     6     1.306518 c_K 
     Gelman-Rubin:     7     1.038667 c_sre_coso 
     Gelman-Rubin:     8     1.040748 c_sre_sino 
     Gelman-Rubin:     9     1.158833 c_mean_long 
     Gelman-Rubin:    10     1.032245 activity_Prot 
     Gelman-Rubin:    11     1.045247 activity_Pdec 
     Gelman-Rubin:    12     1.038887 activity_Oamp 

****************************************************************************************************

Plotting the common models corner plots
     Common model:  b
     Common model:  c
     Common model:  activity
     Common model:  star_parameters

****************************************************************************************************

Plotting the dataset + models corner plots 

     Dataset:  RVdata     model:  gp_multidimensional  corner plot  starting 
     Dataset:  RVdata     model:  gp_multidimensional  corner plot  done 
     Dataset:  RVdata     model:  radial_velocities_b  corner plot  starting 
     Dataset:  RVdata     model:  radial_velocities_b  corner plot  done 
     Dataset:  RVdata     model:  radial_velocities_c  corner plot  starting 
     Dataset:  RVdata     model:  radial_velocities_c  corner plot  done 
     Dataset:  FWHMdata     model:  gp_multidimensional  corner plot  starting 
     Dataset:  FWHMdata     model:  gp_multidimensional  corner plot  done 
     Dataset:  Contrastdata     model:  gp_multidimensional  corner plot  starting 
     Dataset:  Contrastdata     model:  gp_multidimensional  corner plot  done 

****************************************************************************************************

 Saving the planet parameter samplings to files (with plots)

****************************************************************************************************

 Saving all the parameter samplings to files (with plots)

****************************************************************************************************

 Computing the models for plot/data writing 
     Splitting the plot array to allow GP prediction of extended datasets, it may take a while...
     # 64 chunks of 100 times each
     Check the documentation if the code is taking too long or if it crashes...
     Splitting the plot array to allow GP prediction of extended datasets, it may take a while...
     # 39 chunks of 100 times each
     Check the documentation if the code is taking too long or if it crashes...
     Splitting the plot array to allow GP prediction of extended datasets, it may take a while...
     # 39 chunks of 100 times each
     Check the documentation if the code is taking too long or if it crashes...
     Splitting the plot array to allow GP prediction of extended datasets, it may take a while...
     # 64 chunks of 100 times each
     Check the documentation if the code is taking too long or if it crashes...
     Splitting the plot array to allow GP prediction of extended datasets, it may take a while...
     # 39 chunks of 100 times each
     Check the documentation if the code is taking too long or if it crashes...
     Splitting the plot array to allow GP prediction of extended datasets, it may take a while...
     # 39 chunks of 100 times each
     Check the documentation if the code is taking too long or if it crashes...
     Splitting the plot array to allow GP prediction of extended datasets, it may take a while...
     # 64 chunks of 100 times each
     Check the documentation if the code is taking too long or if it crashes...
     Splitting the plot array to allow GP prediction of extended datasets, it may take a while...
     # 39 chunks of 100 times each
     Check the documentation if the code is taking too long or if it crashes...
     Splitting the plot array to allow GP prediction of extended datasets, it may take a while...
     # 39 chunks of 100 times each
     Check the documentation if the code is taking too long or if it crashes...
 Writing the plots 
 Writing the   data files 
 Writing the  MAP_ data files 
 Writing the  sampleMED_ data files 

****************************************************************************************************

