
:::---::: PyORBIT v11.0.1 :::---:::

Python version in use:
3.10.18 (main, Jun  5 2025, 13:14:17) [GCC 11.2.0]

reloaded_optimize:  False
reloaded_pyde:  False
reloaded_emcee:  False

number of multiprocessing threads: 16
multiprocessing method (should be fork):  fork

parameters/safe_reload flag (must be True for tinygp):  False

Opening:  RVdata_expres
Opening:  RVdata_harps
Opening:  RVdata_neid

Adding common model of planet:  b
Using orbital model:  keplerian
Using orbital parametrization:  Eastman2013


====================================================================================================
     Ids, spaces (s), boundaries (b) and priors (p) of the sampler parameters     
====================================================================================================

----- dataset:  RVdata_expres
jitter_0      id:   5  s:Linear      b:[      0.0010,      11.5000]   p:Uniform   []
offset_0      id:   6  s:Linear      b:[  -9997.8210,   10014.4770]   p:Uniform   []

----- dataset:  RVdata_harps
jitter_0      id:   7  s:Linear      b:[      0.0009,      13.3000]   p:Uniform   []
offset_0      id:   8  s:Linear      b:[  -9996.1123,   10015.3455]   p:Uniform   []
offset_1      id:   9  s:Linear      b:[  -9996.1123,   10015.3455]   p:Uniform   []

----- dataset:  RVdata_neid
jitter_0      id:  10  s:Linear      b:[      0.0010,      12.2000]   p:Uniform   []
offset_0      id:  11  s:Linear      b:[  -9996.9356,   10015.5004]   p:Uniform   []

----- common model:  b
P             id:   0  s:Log_Base2   b:[      0.3785,       6.6439]   p:Uniform   []
K             id:   1  s:Log_Base2   b:[     -9.9658,       3.3219]   p:Uniform   []
sre_coso      id:   2  s:Linear      b:[     -1.0000,       1.0000]   p:Uniform   []
sre_sino      id:   3  s:Linear      b:[     -1.0000,       1.0000]   p:Uniform   []
mean_long     id:   4  s:Linear      b:[      0.0000,     360.0000]   p:Uniform   []
e             derived (no id, space, bound)                           p:Gaussian   [0.    0.098]
omega         derived (no id, space, bound)                           p:Uniform   [0.0, 360.0]

----- common model:  star_parameters
mass          derived (no id, space, bound)                           p:Gaussian   [1.e+00 1.e-06]
radius        derived (no id, space, bound)                           p:Gaussian   [1.e+00 1.e-06]
density       derived (no id, space, bound)                           p:Gaussian   [1.e+00 1.e-06]

Include priors:  True

Reference Time Tref:  59334.700184

Dimensions =  12
Nwalkers =  48

Using threading pool for PyDE: True
PyDE running
Boundaries redefined after PyDE output
PyDE completed, it took          2.0 seconds

====================================================================================================
     Starting point of the sample/optimization routines    
====================================================================================================

----- dataset:  RVdata_expres
jitter_0         5      1.631613 [    0.0010,    11.5000]
offset_0         6      7.235777 [-9997.8210, 10014.4770]

----- dataset:  RVdata_harps
jitter_0         7      1.203053 [    0.0009,    13.3000]
offset_0         8      8.297752 [-9996.1123, 10015.3455]
offset_1         9      8.744925 [-9996.1123, 10015.3455]

----- dataset:  RVdata_neid
jitter_0        10      1.607730 [    0.0010,    12.2000]
offset_0        11      8.810184 [-9996.9356, 10015.5004]

----- common model:  b
P                0      6.643829 [    0.3785,     6.6439]
K                1      1.945864 [   -9.9658,     3.3219]
sre_coso         2      0.359686 [   -1.0000,     1.0000]
sre_sino         3     -0.664424 [   -1.0000,     1.0000]
mean_long        4    316.416960 [  136.4170,   496.4170]

----- common model:  star_parameters

====================================================================================================
     Starting point projected onto the model parameter space     
====================================================================================================

----- dataset:  RVdata_expres
jitter_0              1.631613 
offset_0              7.235777 


----- dataset:  RVdata_harps
jitter_0              1.203053 
offset_0              8.297752 
offset_1              8.744925 


----- dataset:  RVdata_neid
jitter_0              1.607730 
offset_0              8.810184 


----- common model:  b
P                    99.998113 
K                     3.852685 
mean_long           316.416960 
e                     0.570833 
omega               -61.571070 

----- common model:  star_parameters

====================================================================================================
     Derived parameters obtained from starting point     
====================================================================================================

----- common model:  b
Inclination fixed to 90 deg!
a_Rs                 90.624144 
M_Mj                  0.072231 
M_Me                 22.961902 
Tc                59358.207907 
a_AU_(M)              0.421637 
a_AU_(rho,R)          0.421626 


====================================================================================================
     Statistics on the log-likelihood     
====================================================================================================

 LN probability:  -578.971312 

====================================================================================================
     ------------------------------------------------------------------------------------------     
====================================================================================================



*************************************************************

Running emcee

emcee version:  3.1.6
Using threading pool for emcee: True

Saving temporary steps


Computing the autocorrelation time of the chains

The chains are more than 50 times longer than the ACF, the estimate can be trusted

Reference thinning used in the analysis: 150
Maximum value of the integrated ACF: 1
Step length used in the analysis: 1*nthin = 150

Convergence criteria: less than 1% variation in ACF after 50 times the integrated ACF
At least 50*ACF after convergence, 100*ACF would be ideal
Negative values: not converged yet

   sampler parameter              |    ACF   | ACF*nthin | converged at | nsteps/ACF | to 100*ACF
                                  |          |           |              |            | 
   RVdata_expres_jitter_0         |    1.25  |      187  |    11100     |      21    |   14811 
   RVdata_expres_offset_0         |    1.35  |      203  |    11250     |      18    |   16558 
   RVdata_harps_jitter_0          |    1.26  |      189  |    10950     |      21    |   14840 
   RVdata_harps_offset_0          |    1.29  |      194  |    10650     |      22    |   15061 
   RVdata_harps_offset_1          |    1.32  |      198  |    11250     |      19    |   16036 
   RVdata_neid_jitter_0           |    1.28  |      192  |    10200     |      25    |   14371 
   RVdata_neid_offset_0           |    1.28  |      192  |    11100     |      20    |   15320 
   b_P                            |    1.32  |      198  |    10950     |      20    |   15747 
   b_K                            |    1.32  |      198  |    10800     |      21    |   15611 
   b_sre_coso                     |    1.15  |      172  |     9600     |      31    |   11789 
   b_sre_sino                     |    1.15  |      172  |     9600     |      31    |   11777 
   b_mean_long                    |    1.31  |      197  |    10500     |      23    |   15193 

All the chains have converged, but PyORBIT should keep running for about:
5211 more steps to reach 50*ACF,
14759 more steps to reach 100*ACF
Suggested value for burnin: 10662

Check the documentation for the correct interpretation of these results:
https://pyorbit.readthedocs.io/running_pyorbit/terminal_output/#autocorrelation-analysis

====================================================================================================
     Statistics on the posterior of the sampler parameters     
====================================================================================================

----- dataset:  RVdata_expres
jitter_0         5          1.66        -0.12         0.14   (15-84 p)   [    0.0010,    11.5000]
offset_0         6          7.21        -0.18         0.18   (15-84 p)   [-9997.8210, 10014.4770]

----- dataset:  RVdata_harps
jitter_0         7         1.233       -0.082        0.095   (15-84 p)   [    0.0009,    13.3000]
offset_0         8          8.28        -0.13         0.14   (15-84 p)   [-9996.1123, 10015.3455]
offset_1         9          8.72        -0.30         0.27   (15-84 p)   [-9996.1123, 10015.3455]

----- dataset:  RVdata_neid
jitter_0        10          1.65        -0.13         0.14   (15-84 p)   [    0.0010,    12.2000]
offset_0        11          8.81        -0.19         0.19   (15-84 p)   [-9996.9356, 10015.5004]

----- common model:  b
P                0        6.6365       -0.012       0.0054   (15-84 p)   [    0.3785,     6.6439]
K                1         1.955       -0.070        0.068   (15-84 p)   [   -9.9658,     3.3219]
sre_coso         2         0.360       -0.053        0.053   (15-84 p)   [   -1.0000,     1.0000]
sre_sino         3        -0.672       -0.029        0.033   (15-84 p)   [   -1.0000,     1.0000]
mean_long        4         315.2         -2.9          3.1   (15-84 p)   [  136.4170,   496.4170]

----- common model:  star_parameters

====================================================================================================
     Statistics on the model parameters obtained from the posteriors samples     
====================================================================================================

----- dataset:  RVdata_expres
jitter_0                  1.66        -0.12         0.14    (15-84 p)
offset_0                  7.21        -0.18         0.18    (15-84 p)


----- dataset:  RVdata_harps
jitter_0                 1.233       -0.082        0.095    (15-84 p)
offset_0                  8.28        -0.13         0.14    (15-84 p)
offset_1                  8.72        -0.30         0.27    (15-84 p)


----- dataset:  RVdata_neid
jitter_0                  1.65        -0.13         0.14    (15-84 p)
offset_0                  8.81        -0.19         0.19    (15-84 p)


----- common model:  b
P                        99.49        -0.80         0.37    (15-84 p)
K                         3.88        -0.18         0.19    (15-84 p)
mean_long                315.2         -2.9          3.1    (15-84 p)
e                        0.583       -0.032        0.032    (15-84 p)
omega                    -61.9         -4.2          4.3    (15-84 p)

----- common model:  star_parameters

====================================================================================================
     Statistics on the derived parameters obtained from the posteriors samples     
====================================================================================================

----- common model:  b
Inclination fixed to 90 deg!
Computing planetary mass under the approximation M_planet << M_star (threshold at 30.0 Me)
a_Rs                     90.32        -0.49         0.22    (15-84 p)
M_Mj                    0.0717      -0.0031       0.0030    (15-84 p)
M_Me                     22.79        -0.98         0.95    (15-84 p)
Tc                     59358.0         -2.5          2.7    (15-84 p)
a_AU_(M)                0.4202      -0.0023       0.0010    (15-84 p)
a_AU_(rho,R)            0.4202      -0.0023       0.0010    (15-84 p)


====================================================================================================
     ------------------------------------------------------------------------------------------     
====================================================================================================



15000.0   steps completed, average lnprob:,  -584.388847230516


Computing the autocorrelation time of the chains

The chains are more than 50 times longer than the ACF, the estimate can be trusted

Reference thinning used in the analysis: 150
Maximum value of the integrated ACF: 1
Step length used in the analysis: 1*nthin = 150

Convergence criteria: less than 1% variation in ACF after 50 times the integrated ACF
At least 50*ACF after convergence, 100*ACF would be ideal
Negative values: not converged yet

   sampler parameter              |    ACF   | ACF*nthin | converged at | nsteps/ACF | to 100*ACF
                                  |          |           |              |            | 
   RVdata_expres_jitter_0         |    1.38  |      207  |    11400     |      90    |    2056 
   RVdata_expres_offset_0         |    1.54  |      230  |    12450     |      76    |    5482 
   RVdata_harps_jitter_0          |    1.40  |      210  |    11700     |      87    |    2685 
   RVdata_harps_offset_0          |    1.47  |      220  |    12000     |      82    |    4007 
   RVdata_harps_offset_1          |    1.39  |      209  |    12000     |      86    |    2906 
   RVdata_neid_jitter_0           |    1.41  |      212  |    11700     |      86    |    2911 
   RVdata_neid_offset_0           |    1.36  |      204  |    11400     |      91    |    1768 
   b_P                            |    1.43  |      215  |    11400     |      87    |    2900 
   b_K                            |    1.41  |      212  |    11550     |      87    |    2717 
   b_sre_coso                     |    1.41  |      211  |    11700     |      87    |    2845 
   b_sre_sino                     |    1.42  |      212  |    11250     |      88    |    2498 
   b_mean_long                    |    1.42  |      213  |    11700     |      86    |    3020 

All the chains are longer than 50*ACF, but some are shorter than 100*ACF
PyORBIT should keep running for about 2983 more steps to reach 100*ACF
Suggested value for burnin: 11688

Check the documentation for the correct interpretation of these results:
https://pyorbit.readthedocs.io/running_pyorbit/terminal_output/#autocorrelation-analysis

====================================================================================================
     Statistics on the posterior of the sampler parameters     
====================================================================================================

----- dataset:  RVdata_expres
jitter_0         5          1.66        -0.12         0.13   (15-84 p)   [    0.0010,    11.5000]
offset_0         6          7.22        -0.17         0.18   (15-84 p)   [-9997.8210, 10014.4770]

----- dataset:  RVdata_harps
jitter_0         7         1.239       -0.084        0.095   (15-84 p)   [    0.0009,    13.3000]
offset_0         8          8.28        -0.14         0.14   (15-84 p)   [-9996.1123, 10015.3455]
offset_1         9          8.72        -0.29         0.29   (15-84 p)   [-9996.1123, 10015.3455]

----- dataset:  RVdata_neid
jitter_0        10          1.64        -0.13         0.15   (15-84 p)   [    0.0010,    12.2000]
offset_0        11          8.80        -0.20         0.20   (15-84 p)   [-9996.9356, 10015.5004]

----- common model:  b
P                0        6.6362       -0.011       0.0057   (15-84 p)   [    0.3785,     6.6439]
K                1         1.956       -0.068        0.066   (15-84 p)   [   -9.9658,     3.3219]
sre_coso         2         0.360       -0.056        0.051   (15-84 p)   [   -1.0000,     1.0000]
sre_sino         3        -0.673       -0.028        0.032   (15-84 p)   [   -1.0000,     1.0000]
mean_long        4         315.2         -3.1          3.1   (15-84 p)   [  136.4170,   496.4170]

----- common model:  star_parameters

====================================================================================================
     Statistics on the model parameters obtained from the posteriors samples     
====================================================================================================

----- dataset:  RVdata_expres
jitter_0                  1.66        -0.12         0.13    (15-84 p)
offset_0                  7.22        -0.17         0.18    (15-84 p)


----- dataset:  RVdata_harps
jitter_0                 1.239       -0.084        0.095    (15-84 p)
offset_0                  8.28        -0.14         0.14    (15-84 p)
offset_1                  8.72        -0.29         0.29    (15-84 p)


----- dataset:  RVdata_neid
jitter_0                  1.64        -0.13         0.15    (15-84 p)
offset_0                  8.80        -0.20         0.20    (15-84 p)


----- common model:  b
P                        99.47        -0.77         0.39    (15-84 p)
K                         3.88        -0.18         0.18    (15-84 p)
mean_long                315.2         -3.1          3.1    (15-84 p)
e                        0.583       -0.032        0.032    (15-84 p)
omega                    -61.9         -4.4          4.2    (15-84 p)

----- common model:  star_parameters

====================================================================================================
     Statistics on the derived parameters obtained from the posteriors samples     
====================================================================================================

----- common model:  b
Inclination fixed to 90 deg!
Computing planetary mass under the approximation M_planet << M_star (threshold at 30.0 Me)
a_Rs                     90.31        -0.46         0.24    (15-84 p)
M_Mj                    0.0717      -0.0031       0.0031    (15-84 p)
M_Me                     22.80        -0.98         0.99    (15-84 p)
Tc                     59358.0         -2.6          2.8    (15-84 p)
a_AU_(M)                0.4202      -0.0022       0.0011    (15-84 p)
a_AU_(rho,R)            0.4202      -0.0022       0.0011    (15-84 p)


====================================================================================================
     ------------------------------------------------------------------------------------------     
====================================================================================================



30000.0   steps completed, average lnprob:,  -585.7699366955433


Computing the autocorrelation time of the chains

The chains are more than 50 times longer than the ACF, the estimate can be trusted

Reference thinning used in the analysis: 150
Maximum value of the integrated ACF: 1
Step length used in the analysis: 1*nthin = 150

Convergence criteria: less than 1% variation in ACF after 50 times the integrated ACF
At least 50*ACF after convergence, 100*ACF would be ideal
Negative values: not converged yet

   sampler parameter              |    ACF   | ACF*nthin | converged at | nsteps/ACF | to 100*ACF
                                  |          |           |              |            | 
   RVdata_expres_jitter_0         |    1.44  |      216  |    11850     |     153    |       0 
   RVdata_expres_offset_0         |    1.53  |      229  |    12450     |     142    |       0 
   RVdata_harps_jitter_0          |    1.49  |      223  |    12450     |     146    |       0 
   RVdata_harps_offset_0          |    1.46  |      219  |    11700     |     152    |       0 
   RVdata_harps_offset_1          |    1.40  |      211  |    12150     |     156    |       0 
   RVdata_neid_jitter_0           |    1.44  |      217  |    12000     |     152    |       0 
   RVdata_neid_offset_0           |    1.46  |      218  |    11850     |     152    |       0 
   b_P                            |    1.57  |      235  |    12600     |     138    |       0 
   b_K                            |    1.51  |      226  |    13200     |     141    |       0 
   b_sre_coso                     |    1.42  |      214  |    11850     |     155    |       0 
   b_sre_sino                     |    1.51  |      227  |    12600     |     143    |       0 
   b_mean_long                    |    1.43  |      215  |    11700     |     155    |       0 

All the chains are longer than 100*ACF 
Suggested value for burnin: 12200

Check the documentation for the correct interpretation of these results:
https://pyorbit.readthedocs.io/running_pyorbit/terminal_output/#autocorrelation-analysis

====================================================================================================
     Statistics on the posterior of the sampler parameters     
====================================================================================================

----- dataset:  RVdata_expres
jitter_0         5          1.66        -0.12         0.14   (15-84 p)   [    0.0010,    11.5000]
offset_0         6          7.22        -0.18         0.18   (15-84 p)   [-9997.8210, 10014.4770]

----- dataset:  RVdata_harps
jitter_0         7         1.238       -0.083        0.096   (15-84 p)   [    0.0009,    13.3000]
offset_0         8          8.28        -0.14         0.14   (15-84 p)   [-9996.1123, 10015.3455]
offset_1         9          8.72        -0.29         0.28   (15-84 p)   [-9996.1123, 10015.3455]

----- dataset:  RVdata_neid
jitter_0        10          1.64        -0.13         0.15   (15-84 p)   [    0.0010,    12.2000]
offset_0        11          8.80        -0.20         0.20   (15-84 p)   [-9996.9356, 10015.5004]

----- common model:  b
P                0        6.6364       -0.011       0.0055   (15-84 p)   [    0.3785,     6.6439]
K                1         1.954       -0.069        0.067   (15-84 p)   [   -9.9658,     3.3219]
sre_coso         2         0.359       -0.055        0.053   (15-84 p)   [   -1.0000,     1.0000]
sre_sino         3        -0.672       -0.028        0.032   (15-84 p)   [   -1.0000,     1.0000]
mean_long        4         315.2         -3.1          3.1   (15-84 p)   [  136.4170,   496.4170]

----- common model:  star_parameters

====================================================================================================
     Statistics on the model parameters obtained from the posteriors samples     
====================================================================================================

----- dataset:  RVdata_expres
jitter_0                  1.66        -0.12         0.14    (15-84 p)
offset_0                  7.22        -0.18         0.18    (15-84 p)


----- dataset:  RVdata_harps
jitter_0                 1.238       -0.083        0.096    (15-84 p)
offset_0                  8.28        -0.14         0.14    (15-84 p)
offset_1                  8.72        -0.29         0.28    (15-84 p)


----- dataset:  RVdata_neid
jitter_0                  1.64        -0.13         0.15    (15-84 p)
offset_0                  8.80        -0.20         0.20    (15-84 p)


----- common model:  b
P                        99.48        -0.77         0.38    (15-84 p)
K                         3.88        -0.18         0.19    (15-84 p)
mean_long                315.2         -3.1          3.1    (15-84 p)
e                        0.583       -0.032        0.032    (15-84 p)
omega                    -61.9         -4.4          4.3    (15-84 p)

----- common model:  star_parameters

====================================================================================================
     Statistics on the derived parameters obtained from the posteriors samples     
====================================================================================================

----- common model:  b
Inclination fixed to 90 deg!
Computing planetary mass under the approximation M_planet << M_star (threshold at 30.0 Me)
a_Rs                     90.31        -0.47         0.23    (15-84 p)
M_Mj                    0.0717      -0.0031       0.0031    (15-84 p)
M_Me                     22.80        -0.98         0.97    (15-84 p)
Tc                     59358.1         -2.6          2.8    (15-84 p)
a_AU_(M)                0.4202      -0.0022       0.0011    (15-84 p)
a_AU_(rho,R)            0.4202      -0.0022       0.0011    (15-84 p)


====================================================================================================
     ------------------------------------------------------------------------------------------     
====================================================================================================



45000.0   steps completed, average lnprob:,  -584.5931463496117


Computing the autocorrelation time of the chains

The chains are more than 50 times longer than the ACF, the estimate can be trusted

Reference thinning used in the analysis: 150
Maximum value of the integrated ACF: 1
Step length used in the analysis: 1*nthin = 150

Convergence criteria: less than 1% variation in ACF after 50 times the integrated ACF
At least 50*ACF after convergence, 100*ACF would be ideal
Negative values: not converged yet

   sampler parameter              |    ACF   | ACF*nthin | converged at | nsteps/ACF | to 100*ACF
                                  |          |           |              |            | 
   RVdata_expres_jitter_0         |    1.47  |      221  |    11850     |     218    |       0 
   RVdata_expres_offset_0         |    1.50  |      225  |    12000     |     214    |       0 
   RVdata_harps_jitter_0          |    1.49  |      223  |    12450     |     213    |       0 
   RVdata_harps_offset_0          |    1.45  |      218  |    11700     |     222    |       0 
   RVdata_harps_offset_1          |    1.40  |      210  |    12000     |     229    |       0 
   RVdata_neid_jitter_0           |    1.52  |      228  |    12150     |     210    |       0 
   RVdata_neid_offset_0           |    1.45  |      217  |    11850     |     222    |       0 
   b_P                            |    1.64  |      246  |    12900     |     192    |       0 
   b_K                            |    1.51  |      226  |    13200     |     207    |       0 
   b_sre_coso                     |    1.45  |      217  |    12000     |     221    |       0 
   b_sre_sino                     |    1.52  |      228  |    12600     |     208    |       0 
   b_mean_long                    |    1.49  |      224  |    11850     |     215    |       0 

All the chains are longer than 100*ACF 
Suggested value for burnin: 12212

Check the documentation for the correct interpretation of these results:
https://pyorbit.readthedocs.io/running_pyorbit/terminal_output/#autocorrelation-analysis

====================================================================================================
     Statistics on the posterior of the sampler parameters     
====================================================================================================

----- dataset:  RVdata_expres
jitter_0         5          1.66        -0.12         0.13   (15-84 p)   [    0.0010,    11.5000]
offset_0         6          7.22        -0.18         0.18   (15-84 p)   [-9997.8210, 10014.4770]

----- dataset:  RVdata_harps
jitter_0         7         1.239       -0.083        0.095   (15-84 p)   [    0.0009,    13.3000]
offset_0         8          8.28        -0.14         0.14   (15-84 p)   [-9996.1123, 10015.3455]
offset_1         9          8.72        -0.28         0.28   (15-84 p)   [-9996.1123, 10015.3455]

----- dataset:  RVdata_neid
jitter_0        10          1.65        -0.13         0.15   (15-84 p)   [    0.0010,    12.2000]
offset_0        11          8.80        -0.20         0.19   (15-84 p)   [-9996.9356, 10015.5004]

----- common model:  b
P                0        6.6365       -0.011       0.0054   (15-84 p)   [    0.3785,     6.6439]
K                1         1.956       -0.069        0.067   (15-84 p)   [   -9.9658,     3.3219]
sre_coso         2         0.359       -0.054        0.053   (15-84 p)   [   -1.0000,     1.0000]
sre_sino         3        -0.672       -0.029        0.032   (15-84 p)   [   -1.0000,     1.0000]
mean_long        4         315.3         -3.1          3.1   (15-84 p)   [  136.4170,   496.4170]

----- common model:  star_parameters

====================================================================================================
     Statistics on the model parameters obtained from the posteriors samples     
====================================================================================================

----- dataset:  RVdata_expres
jitter_0                  1.66        -0.12         0.13    (15-84 p)
offset_0                  7.22        -0.18         0.18    (15-84 p)


----- dataset:  RVdata_harps
jitter_0                 1.239       -0.083        0.095    (15-84 p)
offset_0                  8.28        -0.14         0.14    (15-84 p)
offset_1                  8.72        -0.28         0.28    (15-84 p)


----- dataset:  RVdata_neid
jitter_0                  1.65        -0.13         0.15    (15-84 p)
offset_0                  8.80        -0.20         0.19    (15-84 p)


----- common model:  b
P                        99.49        -0.77         0.38    (15-84 p)
K                         3.88        -0.18         0.18    (15-84 p)
mean_long                315.3         -3.1          3.1    (15-84 p)
e                        0.583       -0.032        0.031    (15-84 p)
omega                    -61.9         -4.4          4.4    (15-84 p)

----- common model:  star_parameters

====================================================================================================
     Statistics on the derived parameters obtained from the posteriors samples     
====================================================================================================

----- common model:  b
Inclination fixed to 90 deg!
Computing planetary mass under the approximation M_planet << M_star (threshold at 30.0 Me)
a_Rs                     90.32        -0.47         0.23    (15-84 p)
M_Mj                    0.0717      -0.0031       0.0031    (15-84 p)
M_Me                     22.80        -0.97         0.97    (15-84 p)
Tc                     59358.0         -2.6          2.8    (15-84 p)
a_AU_(M)                0.4202      -0.0022       0.0011    (15-84 p)
a_AU_(rho,R)            0.4202      -0.0022       0.0011    (15-84 p)


====================================================================================================
     ------------------------------------------------------------------------------------------     
====================================================================================================



60000.0   steps completed, average lnprob:,  -584.5957711842755


emcee completed


:::---::: PyORBIT v11.0.1 :::---:::

Python version in use:
3.10.18 (main, Jun  5 2025, 13:14:17) [GCC 11.2.0]
LaTeX disabled by default

Using orbital model:  keplerian
Using orbital parametrization:  Eastman2013


### PyORBIT version used in the analysis:  11.0.1

 emcee version:  3.1.6

 Reference Time Tref: 59334.700184

 Data points:278
 Dimensions: 12
 Nwalkers:   48
 Steps:      60000


Number of samplings: 14400

Recomputing ln-prior, it may take a while...

ln-probability   distribution:   -585.07       -2.79      2.14 (15-84 p) 
ln-prior         distribution:    -82.11       -1.95      1.91 (15-84 p) 
ln-likelihood    distribution:   -502.89       -3.28      2.58 (15-84 p) 


*** Information criteria using the likelihood distribution

 BIC from distribution  (using likelihood)  =   1073.31     -5.16    6.57 (15-84 p)
 AIC from distribution  (using likelihood)  =   1029.78     -5.16    6.57 (15-84 p)
 AICc from distribution (using likelihood)  =   1030.96     -5.16    6.57 (15-84 p)


*** Information criteria using the median parameter set

 ln_probability of Median solution =   -579.68
 ln_priors of Median solution      =    -81.99
 ln_likelihood of Median solution  =   -497.69

 Median BIC  (using likelihood) =   1062.92
 Median AIC  (using likelihood) =   1019.39
 Median AICc (using likelihood) =   1020.56


*** Information criteria using the MAP parameter set

 ln_probability of MAP solution =   -579.51
 ln_priors of MAP solution      =    -80.41
 ln_likelihood of MAP solution  =   -499.10

 MAP BIC  (using likelihood)    =   1065.74
 MAP AIC  (using likelihood)    =   1022.21
 MAP AICc (using likelihood)    =   1023.38

 AICc suggested over AIC because NDATA ( 278 ) < 40 * NDIM ( 12 )

****************************************************************************************************


Computing the autocorrelation time of the chains

The chains are more than 50 times longer than the ACF, the estimate can be trusted

Reference thinning used in the analysis: 150
Maximum value of the integrated ACF: 1
Step length used in the analysis: 1*nthin = 150

Convergence criteria: less than 1% variation in ACF after 50 times the integrated ACF
At least 50*ACF after convergence, 100*ACF would be ideal
Negative values: not converged yet

   sampler parameter              |    ACF   | ACF*nthin | converged at | nsteps/ACF | to 100*ACF
                                  |          |           |              |            | 
   RVdata_expres_jitter_0         |    1.47  |      221  |    11850     |     218    |       0 
   RVdata_expres_offset_0         |    1.50  |      225  |    12000     |     214    |       0 
   RVdata_harps_jitter_0          |    1.49  |      223  |    12450     |     213    |       0 
   RVdata_harps_offset_0          |    1.45  |      218  |    11700     |     222    |       0 
   RVdata_harps_offset_1          |    1.40  |      210  |    12000     |     229    |       0 
   RVdata_neid_jitter_0           |    1.52  |      228  |    12150     |     210    |       0 
   RVdata_neid_offset_0           |    1.45  |      217  |    11850     |     222    |       0 
   b_P                            |    1.64  |      246  |    12900     |     192    |       0 
   b_K                            |    1.51  |      226  |    13200     |     207    |       0 
   b_sre_coso                     |    1.45  |      217  |    12000     |     221    |       0 
   b_sre_sino                     |    1.52  |      228  |    12600     |     208    |       0 
   b_mean_long                    |    1.49  |      224  |    11850     |     215    |       0 

All the chains are longer than 100*ACF 
Suggested value for burnin: 12212

Check the documentation for the correct interpretation of these results:
https://pyorbit.readthedocs.io/running_pyorbit/terminal_output/#autocorrelation-analysis

 Plotting the ACF... 


====================================================================================================
     Ids, spaces (s), boundaries (b) and priors (p) of the sampler parameters     
====================================================================================================

----- dataset:  RVdata_expres
jitter_0      id:   5  s:Linear      b:[      0.0010,      11.5000]   p:Uniform   []
offset_0      id:   6  s:Linear      b:[  -9997.8210,   10014.4770]   p:Uniform   []

----- dataset:  RVdata_harps
jitter_0      id:   7  s:Linear      b:[      0.0009,      13.3000]   p:Uniform   []
offset_0      id:   8  s:Linear      b:[  -9996.1123,   10015.3455]   p:Uniform   []
offset_1      id:   9  s:Linear      b:[  -9996.1123,   10015.3455]   p:Uniform   []

----- dataset:  RVdata_neid
jitter_0      id:  10  s:Linear      b:[      0.0010,      12.2000]   p:Uniform   []
offset_0      id:  11  s:Linear      b:[  -9996.9356,   10015.5004]   p:Uniform   []

----- common model:  b
P             id:   0  s:Log_Base2   b:[      0.3785,       6.6439]   p:Uniform   []
K             id:   1  s:Log_Base2   b:[     -9.9658,       3.3219]   p:Uniform   []
sre_coso      id:   2  s:Linear      b:[     -1.0000,       1.0000]   p:Uniform   []
sre_sino      id:   3  s:Linear      b:[     -1.0000,       1.0000]   p:Uniform   []
mean_long     id:   4  s:Linear      b:[    136.4170,     496.4170]   p:Uniform   []
e             derived (no id, space, bound)                           p:Gaussian   [0.    0.098]
omega         derived (no id, space, bound)                           p:Uniform   [0.0, 360.0]

----- common model:  star_parameters
mass          derived (no id, space, bound)                           p:Gaussian   [1.e+00 1.e-06]
radius        derived (no id, space, bound)                           p:Gaussian   [1.e+00 1.e-06]
density       derived (no id, space, bound)                           p:Gaussian   [1.e+00 1.e-06]


****************************************************************************************************
****************************************************************************************************

 Confidence intervals (median value, 34.135th percentile from the median on the left and right side)

====================================================================================================
     Statistics on the posterior of the sampler parameters     
====================================================================================================

----- dataset:  RVdata_expres
jitter_0         5          1.66        -0.12         0.13   (15-84 p)   [    0.0010,    11.5000]
offset_0         6          7.22        -0.18         0.18   (15-84 p)   [-9997.8210, 10014.4770]

----- dataset:  RVdata_harps
jitter_0         7         1.239       -0.083        0.095   (15-84 p)   [    0.0009,    13.3000]
offset_0         8          8.28        -0.14         0.14   (15-84 p)   [-9996.1123, 10015.3455]
offset_1         9          8.72        -0.28         0.28   (15-84 p)   [-9996.1123, 10015.3455]

----- dataset:  RVdata_neid
jitter_0        10          1.65        -0.13         0.15   (15-84 p)   [    0.0010,    12.2000]
offset_0        11          8.80        -0.20         0.19   (15-84 p)   [-9996.9356, 10015.5004]

----- common model:  b
P                0        6.6365       -0.011       0.0054   (15-84 p)   [    0.3785,     6.6439]
K                1         1.956       -0.069        0.067   (15-84 p)   [   -9.9658,     3.3219]
sre_coso         2         0.359       -0.054        0.053   (15-84 p)   [   -1.0000,     1.0000]
sre_sino         3        -0.672       -0.029        0.032   (15-84 p)   [   -1.0000,     1.0000]
mean_long        4         315.3         -3.1          3.1   (15-84 p)   [  136.4170,   496.4170]

----- common model:  star_parameters

====================================================================================================
     Statistics on the model parameters obtained from the posteriors samples     
====================================================================================================

----- dataset:  RVdata_expres
jitter_0                  1.66        -0.12         0.13    (15-84 p)
offset_0                  7.22        -0.18         0.18    (15-84 p)


----- dataset:  RVdata_harps
jitter_0                 1.239       -0.083        0.095    (15-84 p)
offset_0                  8.28        -0.14         0.14    (15-84 p)
offset_1                  8.72        -0.28         0.28    (15-84 p)


----- dataset:  RVdata_neid
jitter_0                  1.65        -0.13         0.15    (15-84 p)
offset_0                  8.80        -0.20         0.19    (15-84 p)


----- common model:  b
P                        99.49        -0.77         0.38    (15-84 p)
K                         3.88        -0.18         0.18    (15-84 p)
mean_long                315.3         -3.1          3.1    (15-84 p)
e                        0.583       -0.032        0.031    (15-84 p)
omega                    -61.9         -4.4          4.4    (15-84 p)

----- common model:  star_parameters

====================================================================================================
     Statistics on the derived parameters obtained from the posteriors samples     
====================================================================================================

----- common model:  b
Inclination fixed to 90 deg!
Computing planetary mass under the approximation M_planet << M_star (threshold at 30.0 Me)
a_Rs                     90.32        -0.47         0.23    (15-84 p)
M_Mj                    0.0717      -0.0031       0.0031    (15-84 p)
M_Me                     22.80        -0.97         0.97    (15-84 p)
Tc                     59358.0         -2.6          2.8    (15-84 p)
a_AU_(M)                0.4202      -0.0022       0.0011    (15-84 p)
a_AU_(rho,R)            0.4202      -0.0022       0.0011    (15-84 p)


====================================================================================================
     ------------------------------------------------------------------------------------------     
====================================================================================================



****************************************************************************************************

 Parameters corresponding to the Maximum a Posteriori probability ( -579.5135458878947 )

====================================================================================================
     Statistics on the posterior of the sampler parameters     
====================================================================================================

----- dataset:  RVdata_expres
jitter_0         5      1.638837 [    0.0010,    11.5000]
offset_0         6      7.252124 [-9997.8210, 10014.4770]

----- dataset:  RVdata_harps
jitter_0         7      1.167478 [    0.0009,    13.3000]
offset_0         8      8.286216 [-9996.1123, 10015.3455]
offset_1         9      8.762511 [-9996.1123, 10015.3455]

----- dataset:  RVdata_neid
jitter_0        10      1.640804 [    0.0010,    12.2000]
offset_0        11      8.846050 [-9996.9356, 10015.5004]

----- common model:  b
P                0      6.643226 [    0.3785,     6.6439]
K                1      1.927059 [   -9.9658,     3.3219]
sre_coso         2      0.325764 [   -1.0000,     1.0000]
sre_sino         3     -0.669505 [   -1.0000,     1.0000]
mean_long        4    315.412101 [  136.4170,   496.4170]

----- common model:  star_parameters

====================================================================================================
     Statistics on the model parameters obtained from the posteriors samples     
====================================================================================================

----- dataset:  RVdata_expres
jitter_0              1.638837 
offset_0              7.252124 


----- dataset:  RVdata_harps
jitter_0              1.167478 
offset_0              8.286216 
offset_1              8.762511 


----- dataset:  RVdata_neid
jitter_0              1.640804 
offset_0              8.846050 


----- common model:  b
P                    99.956324 
K                     3.802792 
mean_long           315.412101 
e                     0.554359 
omega               -64.053600 

----- common model:  star_parameters

====================================================================================================
     Statistics on the derived parameters obtained from the posteriors samples     
====================================================================================================

----- common model:  b
Inclination fixed to 90 deg!
a_Rs                 90.598889 
M_Mj                  0.072259 
M_Me                 22.970800 
Tc                59359.942633 
a_AU_(M)              0.421519 
a_AU_(rho,R)          0.421509 


====================================================================================================
     ------------------------------------------------------------------------------------------     
====================================================================================================



****************************************************************************************************

 Parameters corresponding to the sample closest to the median values ( -580.1030112994172 )

====================================================================================================
     Statistics on the posterior of the sampler parameters     
====================================================================================================

----- dataset:  RVdata_expres
jitter_0         5      1.678081 [    0.0010,    11.5000]
offset_0         6      7.281070 [-9997.8210, 10014.4770]

----- dataset:  RVdata_harps
jitter_0         7      1.236709 [    0.0009,    13.3000]
offset_0         8      8.273098 [-9996.1123, 10015.3455]
offset_1         9      8.757418 [-9996.1123, 10015.3455]

----- dataset:  RVdata_neid
jitter_0        10      1.640368 [    0.0010,    12.2000]
offset_0        11      8.854599 [-9996.9356, 10015.5004]

----- common model:  b
P                0      6.635041 [    0.3785,     6.6439]
K                1      1.950966 [   -9.9658,     3.3219]
sre_coso         2      0.342844 [   -1.0000,     1.0000]
sre_sino         3     -0.677533 [   -1.0000,     1.0000]
mean_long        4    316.021536 [  136.4170,   496.4170]

----- common model:  star_parameters

====================================================================================================
     Statistics on the model parameters obtained from the posteriors samples     
====================================================================================================

----- dataset:  RVdata_expres
jitter_0              1.678081 
offset_0              7.281070 


----- dataset:  RVdata_harps
jitter_0              1.236709 
offset_0              8.273098 
offset_1              8.757418 


----- dataset:  RVdata_neid
jitter_0              1.640368 
offset_0              8.854599 


----- common model:  b
P                    99.390810 
K                     3.866332 
mean_long           316.021536 
e                     0.576593 
omega               -63.159742 

----- common model:  star_parameters

====================================================================================================
     Statistics on the derived parameters obtained from the posteriors samples     
====================================================================================================

----- common model:  b
Inclination fixed to 90 deg!
a_Rs                 90.256803 
M_Mj                  0.071985 
M_Me                 22.883523 
Tc                59358.518942 
a_AU_(M)              0.419928 
a_AU_(rho,R)          0.419918 


====================================================================================================
     ------------------------------------------------------------------------------------------     
====================================================================================================



****************************************************************************************************

Inclination fixed to 90 deg!
Note: stellar density derived from stellar mass and radius

Inclination fixed to 90 deg!
Inclination fixed to 90 deg!
 Plot FLAT chain 

****************************************************************************************************

Plotting full_correlation plot with pygtc

****************************************************************************************************

 Plotting the chains... 

****************************************************************************************************

 Plotting the Gelman-Rubin traces... 

     Gelman-Rubin:     5     1.000890 RVdata_expres_jitter_0 
     Gelman-Rubin:     6     1.000878 RVdata_expres_offset_0 
     Gelman-Rubin:     7     1.000588 RVdata_harps_jitter_0 
     Gelman-Rubin:     8     1.000541 RVdata_harps_offset_0 
     Gelman-Rubin:     9     1.000328 RVdata_harps_offset_1 
     Gelman-Rubin:    10     1.000478 RVdata_neid_jitter_0 
     Gelman-Rubin:    11     1.000794 RVdata_neid_offset_0 
     Gelman-Rubin:     0     1.001429 b_P 
     Gelman-Rubin:     1     0.999675 b_K 
     Gelman-Rubin:     2     0.999955 b_sre_coso 
     Gelman-Rubin:     3     1.000530 b_sre_sino 
     Gelman-Rubin:     4     0.999831 b_mean_long 

****************************************************************************************************

Plotting the common models corner plots
     Common model:  b
     Common model:  star_parameters

****************************************************************************************************

Plotting the dataset + models corner plots 

     Dataset:  RVdata_expres     model:  radial_velocities_b  corner plot  starting 
     Dataset:  RVdata_expres     model:  radial_velocities_b  corner plot  done 
     Dataset:  RVdata_harps     model:  radial_velocities_b  corner plot  starting 
     Dataset:  RVdata_harps     model:  radial_velocities_b  corner plot  done 
     Dataset:  RVdata_neid     model:  radial_velocities_b  corner plot  starting 
     Dataset:  RVdata_neid     model:  radial_velocities_b  corner plot  done 

****************************************************************************************************

 Saving the planet parameter samplings to files (with plots)

****************************************************************************************************

 Saving all the parameter samplings to files (with plots)

****************************************************************************************************

 Computing the models for plot/data writing 
 Writing the plots 
 Writing the   data files 
 Writing the  MAP_ data files 
 Writing the  sampleMED_ data files 

****************************************************************************************************

