
:::---::: PyORBIT v11.0.1 :::---:::

Python version in use:
3.10.18 (main, Jun  5 2025, 13:14:17) [GCC 11.2.0]

reloaded_optimize:  False
reloaded_pyde:  False
reloaded_emcee:  False

number of multiprocessing threads: 16
multiprocessing method (should be fork):  fork

parameters/safe_reload flag (must be True for tinygp):  False

Opening:  RVdata_expres
Opening:  RVdata_harps
Opening:  RVdata_neid
Opening:  FIESTAdata_expres_mode1
Opening:  FIESTAdata_expres_mode2
Opening:  FIESTAdata_harps_mode1
Opening:  FIESTAdata_harps_mode2
Opening:  FIESTAdata_harpsn_mode1
Opening:  FIESTAdata_harpsn_mode2
Opening:  FIESTAdata_neid_mode1
Opening:  FIESTAdata_neid_mode2

gp_multidimensional  S+LEAF model, number of harmonics: 4

GP model: gp_multidimensional  hyperparameters_condition:    True
GP model: gp_multidimensional  rotation_decay_condition:     True

====================================================================================================
     Ids, spaces (s), boundaries (b) and priors (p) of the sampler parameters     
====================================================================================================

----- dataset:  RVdata_expres
jitter_0      id:   3  s:Linear      b:[      0.0010,      11.5000]   p:Uniform   []
offset_0      id:   4  s:Linear      b:[  -9994.9840,   10012.5060]   p:Uniform   []

----- dataset: RVdata_expres             ----- model: gp_multidimensional           
rot_amp       id:   5  s:Linear      b:[      0.0000,      10.0000]   p:Uniform   []
con_amp       id:   6  s:Linear      b:[    -20.0000,      20.0000]   p:Uniform   []

----- dataset:  RVdata_harps
jitter_0      id:   7  s:Linear      b:[      0.0009,      12.9000]   p:Uniform   []
offset_0      id:   8  s:Linear      b:[  -9994.6135,   10012.7635]   p:Uniform   []
offset_1      id:   9  s:Linear      b:[  -9994.6135,   10012.7635]   p:Uniform   []

----- dataset: RVdata_harps              ----- model: gp_multidimensional           
rot_amp       id:  10  s:Linear      b:[      0.0000,      10.0000]   p:Uniform   []
con_amp       id:  11  s:Linear      b:[    -20.0000,      20.0000]   p:Uniform   []

----- dataset:  RVdata_neid
jitter_0      id:  12  s:Linear      b:[      0.0011,      12.4000]   p:Uniform   []
offset_0      id:  13  s:Linear      b:[  -9993.5576,   10013.2194]   p:Uniform   []

----- dataset: RVdata_neid               ----- model: gp_multidimensional           
rot_amp       id:  14  s:Linear      b:[      0.0000,      10.0000]   p:Uniform   []
con_amp       id:  15  s:Linear      b:[    -20.0000,      20.0000]   p:Uniform   []

----- dataset:  FIESTAdata_expres_mode1
jitter_0      id:  16  s:Linear      b:[      0.0017,      18.8973]   p:Uniform   []
offset_0      id:  17  s:Linear      b:[ -10002.3471,   10001.9133]   p:Uniform   []

----- dataset: FIESTAdata_expres_mode1   ----- model: gp_multidimensional           
rot_amp       id:  18  s:Linear      b:[    -10.0000,      10.0000]   p:Uniform   []
con_amp       id:  19  s:Linear      b:[    -20.0000,      20.0000]   p:Uniform   []

----- dataset:  FIESTAdata_expres_mode2
jitter_0      id:  20  s:Linear      b:[      0.0019,      21.6462]   p:Uniform   []
offset_0      id:  21  s:Linear      b:[ -10002.8387,   10003.2038]   p:Uniform   []

----- dataset: FIESTAdata_expres_mode2   ----- model: gp_multidimensional           
rot_amp       id:  22  s:Linear      b:[    -10.0000,      10.0000]   p:Uniform   []
con_amp       id:  23  s:Linear      b:[    -20.0000,      20.0000]   p:Uniform   []

----- dataset:  FIESTAdata_harps_mode1
jitter_0      id:  24  s:Linear      b:[      0.0014,      14.6738]   p:Uniform   []
offset_0      id:  25  s:Linear      b:[ -10001.3948,   10000.9942]   p:Uniform   []

----- dataset: FIESTAdata_harps_mode1    ----- model: gp_multidimensional           
rot_amp       id:  26  s:Linear      b:[    -10.0000,      10.0000]   p:Uniform   []
con_amp       id:  27  s:Linear      b:[    -20.0000,      20.0000]   p:Uniform   []

----- dataset:  FIESTAdata_harps_mode2
jitter_0      id:  28  s:Linear      b:[      0.0016,      17.3094]   p:Uniform   []
offset_0      id:  29  s:Linear      b:[ -10001.5483,   10001.6796]   p:Uniform   []

----- dataset: FIESTAdata_harps_mode2    ----- model: gp_multidimensional           
rot_amp       id:  30  s:Linear      b:[    -10.0000,      10.0000]   p:Uniform   []
con_amp       id:  31  s:Linear      b:[    -20.0000,      20.0000]   p:Uniform   []

----- dataset:  FIESTAdata_harpsn_mode1
jitter_0      id:  32  s:Linear      b:[      0.0011,      12.1232]   p:Uniform   []
offset_0      id:  33  s:Linear      b:[ -10002.3609,   10001.9648]   p:Uniform   []

----- dataset: FIESTAdata_harpsn_mode1   ----- model: gp_multidimensional           
rot_amp       id:  34  s:Linear      b:[    -10.0000,      10.0000]   p:Uniform   []
con_amp       id:  35  s:Linear      b:[    -20.0000,      20.0000]   p:Uniform   []

----- dataset:  FIESTAdata_harpsn_mode2
jitter_0      id:  36  s:Linear      b:[      0.0012,      14.0334]   p:Uniform   []
offset_0      id:  37  s:Linear      b:[ -10002.1892,   10002.9867]   p:Uniform   []

----- dataset: FIESTAdata_harpsn_mode2   ----- model: gp_multidimensional           
rot_amp       id:  38  s:Linear      b:[    -10.0000,      10.0000]   p:Uniform   []
con_amp       id:  39  s:Linear      b:[    -20.0000,      20.0000]   p:Uniform   []

----- dataset:  FIESTAdata_neid_mode1
jitter_0      id:  40  s:Linear      b:[      0.0018,      19.3448]   p:Uniform   []
offset_0      id:  41  s:Linear      b:[ -10002.0261,   10002.1623]   p:Uniform   []

----- dataset: FIESTAdata_neid_mode1     ----- model: gp_multidimensional           
rot_amp       id:  42  s:Linear      b:[    -10.0000,      10.0000]   p:Uniform   []
con_amp       id:  43  s:Linear      b:[    -20.0000,      20.0000]   p:Uniform   []

----- dataset:  FIESTAdata_neid_mode2
jitter_0      id:  44  s:Linear      b:[      0.0021,      23.3084]   p:Uniform   []
offset_0      id:  45  s:Linear      b:[ -10003.7352,   10003.4194]   p:Uniform   []

----- dataset: FIESTAdata_neid_mode2     ----- model: gp_multidimensional           
rot_amp       id:  46  s:Linear      b:[    -10.0000,      10.0000]   p:Uniform   []
con_amp       id:  47  s:Linear      b:[    -20.0000,      20.0000]   p:Uniform   []

----- common model:  activity
Prot          id:   0  s:Linear      b:[     20.0000,      35.0000]   p:Gaussian   [28.   0.5]
Pdec          id:   1  s:Linear      b:[     30.0000,    1000.0000]   p:Uniform   []
Oamp          id:   2  s:Log_Base2   b:[     -6.6439,       0.0000]   p:Gaussian   [0.35  0.035]

----- common model:  star_parameters
mass          derived (no id, space, bound)                           p:Gaussian   [1.e+00 1.e-06]
radius        derived (no id, space, bound)                           p:Gaussian   [1.e+00 1.e-06]
density       derived (no id, space, bound)                           p:Gaussian   [1.e+00 1.e-06]

Include priors:  True

Reference Time Tref:  59334.700184

Dimensions =  48
Nwalkers =  192

Using threading pool for PyDE: True
PyDE running
Boundaries redefined after PyDE output
PyDE completed, it took        144.2 seconds

====================================================================================================
     Starting point of the sample/optimization routines    
====================================================================================================

----- dataset:  RVdata_expres
jitter_0         3      1.549263 [    0.0010,    11.5000]
offset_0         4      8.386759 [-9994.9840, 10012.5060]

----- dataset: RVdata_expres             ----- model: gp_multidimensional           
rot_amp          5      0.897377 [    0.0000,    10.0000]
con_amp          6     -0.003858 [  -20.0000,    20.0000]

----- dataset:  RVdata_harps
jitter_0         7      1.396121 [    0.0009,    12.9000]
offset_0         8      9.283371 [-9994.6135, 10012.7635]
offset_1         9     10.328369 [-9994.6135, 10012.7635]

----- dataset: RVdata_harps              ----- model: gp_multidimensional           
rot_amp         10      0.000383 [    0.0000,    10.0000]
con_amp         11     -3.030714 [  -20.0000,    20.0000]

----- dataset:  RVdata_neid
jitter_0        12      1.466178 [    0.0011,    12.4000]
offset_0        13      9.847530 [-9993.5576, 10013.2194]

----- dataset: RVdata_neid               ----- model: gp_multidimensional           
rot_amp         14      0.001126 [    0.0000,    10.0000]
con_amp         15     -0.420065 [  -20.0000,    20.0000]

----- dataset:  FIESTAdata_expres_mode1
jitter_0        16      0.729873 [    0.0017,    18.8973]
offset_0        17     -0.106164 [-10002.3471, 10001.9133]

----- dataset: FIESTAdata_expres_mode1   ----- model: gp_multidimensional           
rot_amp         18      2.817086 [  -10.0000,    10.0000]
con_amp         19     -0.779939 [  -20.0000,    20.0000]

----- dataset:  FIESTAdata_expres_mode2
jitter_0        20      0.799461 [    0.0019,    21.6462]
offset_0        21      0.157077 [-10002.8387, 10003.2038]

----- dataset: FIESTAdata_expres_mode2   ----- model: gp_multidimensional           
rot_amp         22     -4.268485 [  -10.0000,    10.0000]
con_amp         23      1.227777 [  -20.0000,    20.0000]

----- dataset:  FIESTAdata_harps_mode1
jitter_0        24      0.426453 [    0.0014,    14.6738]
offset_0        25     -0.230692 [-10001.3948, 10000.9942]

----- dataset: FIESTAdata_harps_mode1    ----- model: gp_multidimensional           
rot_amp         26     -2.147966 [  -10.0000,    10.0000]
con_amp         27      0.966630 [  -20.0000,    20.0000]

----- dataset:  FIESTAdata_harps_mode2
jitter_0        28      0.775942 [    0.0016,    17.3094]
offset_0        29      0.412879 [-10001.5483, 10001.6796]

----- dataset: FIESTAdata_harps_mode2    ----- model: gp_multidimensional           
rot_amp         30      3.379720 [  -10.0000,    10.0000]
con_amp         31     -2.234532 [  -20.0000,    20.0000]

----- dataset:  FIESTAdata_harpsn_mode1
jitter_0        32      0.815980 [    0.0011,    12.1232]
offset_0        33      0.451072 [-10002.3609, 10001.9648]

----- dataset: FIESTAdata_harpsn_mode1   ----- model: gp_multidimensional           
rot_amp         34     -1.492924 [  -10.0000,    10.0000]
con_amp         35     -2.219297 [  -20.0000,    20.0000]

----- dataset:  FIESTAdata_harpsn_mode2
jitter_0        36      1.058714 [    0.0012,    14.0334]
offset_0        37     -0.468435 [-10002.1892, 10002.9867]

----- dataset: FIESTAdata_harpsn_mode2   ----- model: gp_multidimensional           
rot_amp         38      1.214686 [  -10.0000,    10.0000]
con_amp         39      2.699007 [  -20.0000,    20.0000]

----- dataset:  FIESTAdata_neid_mode1
jitter_0        40      0.891355 [    0.0018,    19.3448]
offset_0        41     -0.002690 [-10002.0261, 10002.1623]

----- dataset: FIESTAdata_neid_mode1     ----- model: gp_multidimensional           
rot_amp         42      1.593560 [  -10.0000,    10.0000]
con_amp         43     -1.536843 [  -20.0000,    20.0000]

----- dataset:  FIESTAdata_neid_mode2
jitter_0        44      1.404056 [    0.0021,    23.3084]
offset_0        45     -0.063585 [-10003.7352, 10003.4194]

----- dataset: FIESTAdata_neid_mode2     ----- model: gp_multidimensional           
rot_amp         46     -1.328667 [  -10.0000,    10.0000]
con_amp         47      1.854397 [  -20.0000,    20.0000]

----- common model:  activity
Prot             0     28.238582 [   20.0000,    35.0000]
Pdec             1     30.001868 [   30.0000,  1000.0000]
Oamp             2     -1.710625 [   -6.6439,     0.0000]

----- common model:  star_parameters

====================================================================================================
     Starting point projected onto the model parameter space     
====================================================================================================

----- dataset:  RVdata_expres
jitter_0              1.549263 
offset_0              8.386759 


----- dataset: RVdata_expres             ----- model: gp_multidimensional           
rot_amp               0.897377 
con_amp              -0.003858 

----- dataset:  RVdata_harps
jitter_0              1.396121 
offset_0              9.283371 
offset_1             10.328369 


----- dataset: RVdata_harps              ----- model: gp_multidimensional           
rot_amp               0.000383 
con_amp              -3.030714 

----- dataset:  RVdata_neid
jitter_0              1.466178 
offset_0              9.847530 


----- dataset: RVdata_neid               ----- model: gp_multidimensional           
rot_amp               0.001126 
con_amp              -0.420065 

----- dataset:  FIESTAdata_expres_mode1
jitter_0              0.729873 
offset_0             -0.106164 


----- dataset: FIESTAdata_expres_mode1   ----- model: gp_multidimensional           
rot_amp               2.817086 
con_amp              -0.779939 

----- dataset:  FIESTAdata_expres_mode2
jitter_0              0.799461 
offset_0              0.157077 


----- dataset: FIESTAdata_expres_mode2   ----- model: gp_multidimensional           
rot_amp              -4.268485 
con_amp               1.227777 

----- dataset:  FIESTAdata_harps_mode1
jitter_0              0.426453 
offset_0             -0.230692 


----- dataset: FIESTAdata_harps_mode1    ----- model: gp_multidimensional           
rot_amp              -2.147966 
con_amp               0.966630 

----- dataset:  FIESTAdata_harps_mode2
jitter_0              0.775942 
offset_0              0.412879 


----- dataset: FIESTAdata_harps_mode2    ----- model: gp_multidimensional           
rot_amp               3.379720 
con_amp              -2.234532 

----- dataset:  FIESTAdata_harpsn_mode1
jitter_0              0.815980 
offset_0              0.451072 


----- dataset: FIESTAdata_harpsn_mode1   ----- model: gp_multidimensional           
rot_amp              -1.492924 
con_amp              -2.219297 

----- dataset:  FIESTAdata_harpsn_mode2
jitter_0              1.058714 
offset_0             -0.468435 


----- dataset: FIESTAdata_harpsn_mode2   ----- model: gp_multidimensional           
rot_amp               1.214686 
con_amp               2.699007 

----- dataset:  FIESTAdata_neid_mode1
jitter_0              0.891355 
offset_0             -0.002690 


----- dataset: FIESTAdata_neid_mode1     ----- model: gp_multidimensional           
rot_amp               1.593560 
con_amp              -1.536843 

----- dataset:  FIESTAdata_neid_mode2
jitter_0              1.404056 
offset_0             -0.063585 


----- dataset: FIESTAdata_neid_mode2     ----- model: gp_multidimensional           
rot_amp              -1.328667 
con_amp               1.854397 

----- common model:  activity
Prot                 28.238582 
Pdec                 30.001868 
Oamp                  0.305528 

----- common model:  star_parameters

====================================================================================================
     Derived parameters obtained from starting point     
====================================================================================================


====================================================================================================
     Statistics on the log-likelihood     
====================================================================================================

 LN probability: -1340.949965 

====================================================================================================
     ------------------------------------------------------------------------------------------     
====================================================================================================



*************************************************************

Running emcee

emcee version:  3.1.6
Using threading pool for emcee: True

Saving temporary steps


Computing the autocorrelation time of the chains

***** WARNING ******
The integrated autocorrelation time cannot be reliably estimated
likely the chains are too short, and ACF analysis is not fully reliable
emcee.autocorr.integrated_time tolerance lowered to 20
If you still get a warning, you should drop these results entirely
Chains too short to apply convergence criteria
They should be at least 19700*nthin = 197000

====================================================================================================
     Statistics on the posterior of the sampler parameters     
====================================================================================================

----- dataset:  RVdata_expres
jitter_0         3          1.58        -0.11         0.12   (15-84 p)   [    0.0010,    11.5000]
offset_0         4          8.41        -0.32         0.36   (15-84 p)   [-9994.9840, 10012.5060]

----- dataset: RVdata_expres             ----- model: gp_multidimensional           
rot_amp          5           2.5         -1.5          2.0   (15-84 p)   [    0.0000,    10.0000]
con_amp          6          -0.1         -1.3          1.2   (15-84 p)   [  -20.0000,    20.0000]

----- dataset:  RVdata_harps
jitter_0         7          1.40        -0.13         0.15   (15-84 p)   [    0.0009,    12.9000]
offset_0         8          10.5         -2.6          2.5   (15-84 p)   [-9994.6135, 10012.7635]
offset_1         9          11.4         -2.5          2.6   (15-84 p)   [-9994.6135, 10012.7635]

----- dataset: RVdata_harps              ----- model: gp_multidimensional           
rot_amp         10          0.75        -0.55          1.1   (15-84 p)   [    0.0000,    10.0000]
con_amp         11          -8.6         -2.6          2.2   (15-84 p)   [  -20.0000,    20.0000]

----- dataset:  RVdata_neid
jitter_0        12          1.53        -0.14         0.16   (15-84 p)   [    0.0011,    12.4000]
offset_0        13          9.88        -0.57         0.87   (15-84 p)   [-9993.5576, 10013.2194]

----- dataset: RVdata_neid               ----- model: gp_multidimensional           
rot_amp         14           1.5         -1.1          1.9   (15-84 p)   [    0.0000,    10.0000]
con_amp         15          -1.7         -2.0          2.1   (15-84 p)   [  -20.0000,    20.0000]

----- dataset:  FIESTAdata_expres_mode1
jitter_0        16         0.761       -0.059        0.067   (15-84 p)   [    0.0017,    18.8973]
offset_0        17          0.12        -0.46         0.54   (15-84 p)   [-10002.3471, 10001.9133]

----- dataset: FIESTAdata_expres_mode1   ----- model: gp_multidimensional           
rot_amp         18           6.3         -1.2          1.3   (15-84 p)   [  -10.0000,    10.0000]
con_amp         19         -1.71        -0.84         0.75   (15-84 p)   [  -20.0000,    20.0000]

----- dataset:  FIESTAdata_expres_mode2
jitter_0        20         0.838       -0.069        0.078   (15-84 p)   [    0.0019,    21.6462]
offset_0        21         -0.22        -0.77         0.74   (15-84 p)   [-10002.8387, 10003.2038]

----- dataset: FIESTAdata_expres_mode2   ----- model: gp_multidimensional           
rot_amp         22         -9.25        -0.56          1.1   (15-84 p)   [  -10.0000,    10.0000]
con_amp         23          2.54        -0.84         0.95   (15-84 p)   [  -20.0000,    20.0000]

----- dataset:  FIESTAdata_harps_mode1
jitter_0        24          0.52        -0.11         0.16   (15-84 p)   [    0.0014,    14.6738]
offset_0        25         -0.26         -1.2         0.76   (15-84 p)   [-10001.3948, 10000.9942]

----- dataset: FIESTAdata_harps_mode1    ----- model: gp_multidimensional           
rot_amp         26          -5.0         -2.9          3.3   (15-84 p)   [  -10.0000,    10.0000]
con_amp         27           2.0         -3.2          2.9   (15-84 p)   [  -20.0000,    20.0000]

----- dataset:  FIESTAdata_harps_mode2
jitter_0        28          0.97        -0.20         0.29   (15-84 p)   [    0.0016,    17.3094]
offset_0        29           0.4         -1.2          1.9   (15-84 p)   [-10001.5483, 10001.6796]

----- dataset: FIESTAdata_harps_mode2    ----- model: gp_multidimensional           
rot_amp         30           6.5         -4.3          2.4   (15-84 p)   [  -10.0000,    10.0000]
con_amp         31          -4.0         -3.9          4.4   (15-84 p)   [  -20.0000,    20.0000]

----- dataset:  FIESTAdata_harpsn_mode1
jitter_0        32         0.845       -0.078        0.089   (15-84 p)   [    0.0011,    12.1232]
offset_0        33           1.3         -1.8          1.8   (15-84 p)   [-10002.3609, 10001.9648]

----- dataset: FIESTAdata_harpsn_mode1   ----- model: gp_multidimensional           
rot_amp         34          -3.6         -1.9          1.5   (15-84 p)   [  -10.0000,    10.0000]
con_amp         35          -5.9         -1.8          1.5   (15-84 p)   [  -20.0000,    20.0000]

----- dataset:  FIESTAdata_harpsn_mode2
jitter_0        36          1.11        -0.11         0.12   (15-84 p)   [    0.0012,    14.0334]
offset_0        37          -1.5         -2.1          2.2   (15-84 p)   [-10002.1892, 10002.9867]

----- dataset: FIESTAdata_harpsn_mode2   ----- model: gp_multidimensional           
rot_amp         38           3.0         -2.0          2.3   (15-84 p)   [  -10.0000,    10.0000]
con_amp         39           7.1         -1.8          2.3   (15-84 p)   [  -20.0000,    20.0000]

----- dataset:  FIESTAdata_neid_mode1
jitter_0        40         0.926       -0.089         0.10   (15-84 p)   [    0.0018,    19.3448]
offset_0        41           0.5         -1.2          1.3   (15-84 p)   [-10002.0261, 10002.1623]

----- dataset: FIESTAdata_neid_mode1     ----- model: gp_multidimensional           
rot_amp         42           4.1         -2.3          2.4   (15-84 p)   [  -10.0000,    10.0000]
con_amp         43          -4.1         -1.7          1.4   (15-84 p)   [  -20.0000,    20.0000]

----- dataset:  FIESTAdata_neid_mode2
jitter_0        44          1.46        -0.13         0.16   (15-84 p)   [    0.0021,    23.3084]
offset_0        45          -0.6         -1.6          1.3   (15-84 p)   [-10003.7352, 10003.4194]

----- dataset: FIESTAdata_neid_mode2     ----- model: gp_multidimensional           
rot_amp         46          -3.2         -3.2          3.2   (15-84 p)   [  -10.0000,    10.0000]
con_amp         47           4.7         -2.1          2.4   (15-84 p)   [  -20.0000,    20.0000]

----- common model:  activity
Prot             0         28.34        -0.34         0.35   (15-84 p)   [   20.0000,    35.0000]
Pdec             1          43.9         -7.9          9.2   (15-84 p)   [   30.0000,  1000.0000]
Oamp             2         -1.51        -0.13         0.12   (15-84 p)   [   -6.6439,     0.0000]

----- common model:  star_parameters

====================================================================================================
     Statistics on the model parameters obtained from the posteriors samples     
====================================================================================================

----- dataset:  RVdata_expres
jitter_0                  1.58        -0.11         0.12    (15-84 p)
offset_0                  8.41        -0.32         0.36    (15-84 p)


----- dataset: RVdata_expres             ----- model: gp_multidimensional           
rot_amp                    2.5         -1.5          2.0    (15-84 p)
con_amp                   -0.1         -1.3          1.2    (15-84 p)

----- dataset:  RVdata_harps
jitter_0                  1.40        -0.13         0.15    (15-84 p)
offset_0                  10.5         -2.6          2.5    (15-84 p)
offset_1                  11.4         -2.5          2.6    (15-84 p)


----- dataset: RVdata_harps              ----- model: gp_multidimensional           
rot_amp                   0.75        -0.55          1.1    (15-84 p)
con_amp                   -8.6         -2.6          2.2    (15-84 p)

----- dataset:  RVdata_neid
jitter_0                  1.53        -0.14         0.16    (15-84 p)
offset_0                  9.88        -0.57         0.87    (15-84 p)


----- dataset: RVdata_neid               ----- model: gp_multidimensional           
rot_amp                    1.5         -1.1          1.9    (15-84 p)
con_amp                   -1.7         -2.0          2.1    (15-84 p)

----- dataset:  FIESTAdata_expres_mode1
jitter_0                 0.761       -0.059        0.067    (15-84 p)
offset_0                  0.12        -0.46         0.54    (15-84 p)


----- dataset: FIESTAdata_expres_mode1   ----- model: gp_multidimensional           
rot_amp                    6.3         -1.2          1.3    (15-84 p)
con_amp                  -1.71        -0.84         0.75    (15-84 p)

----- dataset:  FIESTAdata_expres_mode2
jitter_0                 0.838       -0.069        0.078    (15-84 p)
offset_0                 -0.22        -0.77         0.74    (15-84 p)


----- dataset: FIESTAdata_expres_mode2   ----- model: gp_multidimensional           
rot_amp                  -9.25        -0.56          1.1    (15-84 p)
con_amp                   2.54        -0.84         0.95    (15-84 p)

----- dataset:  FIESTAdata_harps_mode1
jitter_0                  0.52        -0.11         0.16    (15-84 p)
offset_0                 -0.26         -1.2         0.76    (15-84 p)


----- dataset: FIESTAdata_harps_mode1    ----- model: gp_multidimensional           
rot_amp                   -5.0         -2.9          3.3    (15-84 p)
con_amp                    2.0         -3.2          2.9    (15-84 p)

----- dataset:  FIESTAdata_harps_mode2
jitter_0                  0.97        -0.20         0.29    (15-84 p)
offset_0                   0.4         -1.2          1.9    (15-84 p)


----- dataset: FIESTAdata_harps_mode2    ----- model: gp_multidimensional           
rot_amp                    6.5         -4.3          2.4    (15-84 p)
con_amp                   -4.0         -3.9          4.4    (15-84 p)

----- dataset:  FIESTAdata_harpsn_mode1
jitter_0                 0.845       -0.078        0.089    (15-84 p)
offset_0                   1.3         -1.8          1.8    (15-84 p)


----- dataset: FIESTAdata_harpsn_mode1   ----- model: gp_multidimensional           
rot_amp                   -3.6         -1.9          1.5    (15-84 p)
con_amp                   -5.9         -1.8          1.5    (15-84 p)

----- dataset:  FIESTAdata_harpsn_mode2
jitter_0                  1.11        -0.11         0.12    (15-84 p)
offset_0                  -1.5         -2.1          2.2    (15-84 p)


----- dataset: FIESTAdata_harpsn_mode2   ----- model: gp_multidimensional           
rot_amp                    3.0         -2.0          2.3    (15-84 p)
con_amp                    7.1         -1.8          2.3    (15-84 p)

----- dataset:  FIESTAdata_neid_mode1
jitter_0                 0.926       -0.089         0.10    (15-84 p)
offset_0                   0.5         -1.2          1.3    (15-84 p)


----- dataset: FIESTAdata_neid_mode1     ----- model: gp_multidimensional           
rot_amp                    4.1         -2.3          2.4    (15-84 p)
con_amp                   -4.1         -1.7          1.4    (15-84 p)

----- dataset:  FIESTAdata_neid_mode2
jitter_0                  1.46        -0.13         0.16    (15-84 p)
offset_0                  -0.6         -1.6          1.3    (15-84 p)


----- dataset: FIESTAdata_neid_mode2     ----- model: gp_multidimensional           
rot_amp                   -3.2         -3.2          3.2    (15-84 p)
con_amp                    4.7         -2.1          2.4    (15-84 p)

----- common model:  activity
Prot                     28.34        -0.34         0.35    (15-84 p)
Pdec                      43.9         -7.9          9.2    (15-84 p)
Oamp                     0.352       -0.030        0.030    (15-84 p)

----- common model:  star_parameters

====================================================================================================
     Statistics on the derived parameters obtained from the posteriors samples     
====================================================================================================


====================================================================================================
     ------------------------------------------------------------------------------------------     
====================================================================================================



35000.0   steps completed, average lnprob:,  -1375.5832039614022


Computing the autocorrelation time of the chains

***** WARNING ******
The integrated autocorrelation time cannot be reliably estimated
likely the chains are too short, and ACF analysis is not fully reliable
emcee.autocorr.integrated_time tolerance lowered to 20
If you still get a warning, you should drop these results entirely
Chains too short to apply convergence criteria
They should be at least 32350*nthin = 323500

====================================================================================================
     Statistics on the posterior of the sampler parameters     
====================================================================================================

----- dataset:  RVdata_expres
jitter_0         3          1.58        -0.11         0.12   (15-84 p)   [    0.0010,    11.5000]
offset_0         4          8.41        -0.37         0.40   (15-84 p)   [-9994.9840, 10012.5060]

----- dataset: RVdata_expres             ----- model: gp_multidimensional           
rot_amp          5           2.6         -1.6          2.0   (15-84 p)   [    0.0000,    10.0000]
con_amp          6          -0.2         -1.3          1.3   (15-84 p)   [  -20.0000,    20.0000]

----- dataset:  RVdata_harps
jitter_0         7          1.40        -0.13         0.15   (15-84 p)   [    0.0009,    12.9000]
offset_0         8          10.7         -2.8          3.0   (15-84 p)   [-9994.6135, 10012.7635]
offset_1         9          11.6         -2.8          3.0   (15-84 p)   [-9994.6135, 10012.7635]

----- dataset: RVdata_harps              ----- model: gp_multidimensional           
rot_amp         10          0.83        -0.61          1.2   (15-84 p)   [    0.0000,    10.0000]
con_amp         11          -8.7         -2.7          2.2   (15-84 p)   [  -20.0000,    20.0000]

----- dataset:  RVdata_neid
jitter_0        12          1.53        -0.13         0.16   (15-84 p)   [    0.0011,    12.4000]
offset_0        13          9.90        -0.60         0.97   (15-84 p)   [-9993.5576, 10013.2194]

----- dataset: RVdata_neid               ----- model: gp_multidimensional           
rot_amp         14           1.7         -1.2          2.1   (15-84 p)   [    0.0000,    10.0000]
con_amp         15          -1.6         -2.1          2.1   (15-84 p)   [  -20.0000,    20.0000]

----- dataset:  FIESTAdata_expres_mode1
jitter_0        16         0.761       -0.057        0.066   (15-84 p)   [    0.0017,    18.8973]
offset_0        17          0.14        -0.49         0.63   (15-84 p)   [-10002.3471, 10001.9133]

----- dataset: FIESTAdata_expres_mode1   ----- model: gp_multidimensional           
rot_amp         18           6.5         -1.2          1.3   (15-84 p)   [  -10.0000,    10.0000]
con_amp         19         -1.73        -0.84         0.78   (15-84 p)   [  -20.0000,    20.0000]

----- dataset:  FIESTAdata_expres_mode2
jitter_0        20         0.839       -0.067        0.077   (15-84 p)   [    0.0019,    21.6462]
offset_0        21         -0.27        -0.87         0.80   (15-84 p)   [-10002.8387, 10003.2038]

----- dataset: FIESTAdata_expres_mode2   ----- model: gp_multidimensional           
rot_amp         22         -9.28        -0.53          1.0   (15-84 p)   [  -10.0000,    10.0000]
con_amp         23          2.58        -0.85         0.92   (15-84 p)   [  -20.0000,    20.0000]

----- dataset:  FIESTAdata_harps_mode1
jitter_0        24          0.52        -0.11         0.15   (15-84 p)   [    0.0014,    14.6738]
offset_0        25         -0.28         -1.3         0.82   (15-84 p)   [-10001.3948, 10000.9942]

----- dataset: FIESTAdata_harps_mode1    ----- model: gp_multidimensional           
rot_amp         26          -5.1         -2.9          3.3   (15-84 p)   [  -10.0000,    10.0000]
con_amp         27           1.9         -3.3          2.9   (15-84 p)   [  -20.0000,    20.0000]

----- dataset:  FIESTAdata_harps_mode2
jitter_0        28          0.96        -0.19         0.28   (15-84 p)   [    0.0016,    17.3094]
offset_0        29           0.5         -1.2          2.1   (15-84 p)   [-10001.5483, 10001.6796]

----- dataset: FIESTAdata_harps_mode2    ----- model: gp_multidimensional           
rot_amp         30           6.4         -4.5          2.6   (15-84 p)   [  -10.0000,    10.0000]
con_amp         31          -3.8         -3.8          4.6   (15-84 p)   [  -20.0000,    20.0000]

----- dataset:  FIESTAdata_harpsn_mode1
jitter_0        32         0.846       -0.078        0.088   (15-84 p)   [    0.0011,    12.1232]
offset_0        33           1.5         -1.9          2.0   (15-84 p)   [-10002.3609, 10001.9648]

----- dataset: FIESTAdata_harpsn_mode1   ----- model: gp_multidimensional           
rot_amp         34          -3.6         -1.9          1.6   (15-84 p)   [  -10.0000,    10.0000]
con_amp         35          -6.1         -2.0          1.5   (15-84 p)   [  -20.0000,    20.0000]

----- dataset:  FIESTAdata_harpsn_mode2
jitter_0        36          1.11        -0.10         0.12   (15-84 p)   [    0.0012,    14.0334]
offset_0        37          -1.7         -2.4          2.3   (15-84 p)   [-10002.1892, 10002.9867]

----- dataset: FIESTAdata_harpsn_mode2   ----- model: gp_multidimensional           
rot_amp         38           3.0         -2.0          2.3   (15-84 p)   [  -10.0000,    10.0000]
con_amp         39           7.2         -1.9          2.2   (15-84 p)   [  -20.0000,    20.0000]

----- dataset:  FIESTAdata_neid_mode1
jitter_0        40         0.920       -0.088         0.10   (15-84 p)   [    0.0018,    19.3448]
offset_0        41           0.6         -1.2          1.5   (15-84 p)   [-10002.0261, 10002.1623]

----- dataset: FIESTAdata_neid_mode1     ----- model: gp_multidimensional           
rot_amp         42           4.1         -2.3          2.4   (15-84 p)   [  -10.0000,    10.0000]
con_amp         43          -4.2         -1.7          1.5   (15-84 p)   [  -20.0000,    20.0000]

----- dataset:  FIESTAdata_neid_mode2
jitter_0        44          1.46        -0.14         0.16   (15-84 p)   [    0.0021,    23.3084]
offset_0        45          -0.7         -1.8          1.4   (15-84 p)   [-10003.7352, 10003.4194]

----- dataset: FIESTAdata_neid_mode2     ----- model: gp_multidimensional           
rot_amp         46          -3.3         -3.2          3.3   (15-84 p)   [  -10.0000,    10.0000]
con_amp         47           4.8         -2.1          2.4   (15-84 p)   [  -20.0000,    20.0000]

----- common model:  activity
Prot             0         28.35        -0.34         0.35   (15-84 p)   [   20.0000,    35.0000]
Pdec             1          44.4         -8.2          9.7   (15-84 p)   [   30.0000,  1000.0000]
Oamp             2         -1.50        -0.13         0.12   (15-84 p)   [   -6.6439,     0.0000]

----- common model:  star_parameters

====================================================================================================
     Statistics on the model parameters obtained from the posteriors samples     
====================================================================================================

----- dataset:  RVdata_expres
jitter_0                  1.58        -0.11         0.12    (15-84 p)
offset_0                  8.41        -0.37         0.40    (15-84 p)


----- dataset: RVdata_expres             ----- model: gp_multidimensional           
rot_amp                    2.6         -1.6          2.0    (15-84 p)
con_amp                   -0.2         -1.3          1.3    (15-84 p)

----- dataset:  RVdata_harps
jitter_0                  1.40        -0.13         0.15    (15-84 p)
offset_0                  10.7         -2.8          3.0    (15-84 p)
offset_1                  11.6         -2.8          3.0    (15-84 p)


----- dataset: RVdata_harps              ----- model: gp_multidimensional           
rot_amp                   0.83        -0.61          1.2    (15-84 p)
con_amp                   -8.7         -2.7          2.2    (15-84 p)

----- dataset:  RVdata_neid
jitter_0                  1.53        -0.13         0.16    (15-84 p)
offset_0                  9.90        -0.60         0.97    (15-84 p)


----- dataset: RVdata_neid               ----- model: gp_multidimensional           
rot_amp                    1.7         -1.2          2.1    (15-84 p)
con_amp                   -1.6         -2.1          2.1    (15-84 p)

----- dataset:  FIESTAdata_expres_mode1
jitter_0                 0.761       -0.057        0.066    (15-84 p)
offset_0                  0.14        -0.49         0.63    (15-84 p)


----- dataset: FIESTAdata_expres_mode1   ----- model: gp_multidimensional           
rot_amp                    6.5         -1.2          1.3    (15-84 p)
con_amp                  -1.73        -0.84         0.78    (15-84 p)

----- dataset:  FIESTAdata_expres_mode2
jitter_0                 0.839       -0.067        0.077    (15-84 p)
offset_0                 -0.27        -0.87         0.80    (15-84 p)


----- dataset: FIESTAdata_expres_mode2   ----- model: gp_multidimensional           
rot_amp                  -9.28        -0.53          1.0    (15-84 p)
con_amp                   2.58        -0.85         0.92    (15-84 p)

----- dataset:  FIESTAdata_harps_mode1
jitter_0                  0.52        -0.11         0.15    (15-84 p)
offset_0                 -0.28         -1.3         0.82    (15-84 p)


----- dataset: FIESTAdata_harps_mode1    ----- model: gp_multidimensional           
rot_amp                   -5.1         -2.9          3.3    (15-84 p)
con_amp                    1.9         -3.3          2.9    (15-84 p)

----- dataset:  FIESTAdata_harps_mode2
jitter_0                  0.96        -0.19         0.28    (15-84 p)
offset_0                   0.5         -1.2          2.1    (15-84 p)


----- dataset: FIESTAdata_harps_mode2    ----- model: gp_multidimensional           
rot_amp                    6.4         -4.5          2.6    (15-84 p)
con_amp                   -3.8         -3.8          4.6    (15-84 p)

----- dataset:  FIESTAdata_harpsn_mode1
jitter_0                 0.846       -0.078        0.088    (15-84 p)
offset_0                   1.5         -1.9          2.0    (15-84 p)


----- dataset: FIESTAdata_harpsn_mode1   ----- model: gp_multidimensional           
rot_amp                   -3.6         -1.9          1.6    (15-84 p)
con_amp                   -6.1         -2.0          1.5    (15-84 p)

----- dataset:  FIESTAdata_harpsn_mode2
jitter_0                  1.11        -0.10         0.12    (15-84 p)
offset_0                  -1.7         -2.4          2.3    (15-84 p)


----- dataset: FIESTAdata_harpsn_mode2   ----- model: gp_multidimensional           
rot_amp                    3.0         -2.0          2.3    (15-84 p)
con_amp                    7.2         -1.9          2.2    (15-84 p)

----- dataset:  FIESTAdata_neid_mode1
jitter_0                 0.920       -0.088         0.10    (15-84 p)
offset_0                   0.6         -1.2          1.5    (15-84 p)


----- dataset: FIESTAdata_neid_mode1     ----- model: gp_multidimensional           
rot_amp                    4.1         -2.3          2.4    (15-84 p)
con_amp                   -4.2         -1.7          1.5    (15-84 p)

----- dataset:  FIESTAdata_neid_mode2
jitter_0                  1.46        -0.14         0.16    (15-84 p)
offset_0                  -0.7         -1.8          1.4    (15-84 p)


----- dataset: FIESTAdata_neid_mode2     ----- model: gp_multidimensional           
rot_amp                   -3.3         -3.2          3.3    (15-84 p)
con_amp                    4.8         -2.1          2.4    (15-84 p)

----- common model:  activity
Prot                     28.35        -0.34         0.35    (15-84 p)
Pdec                      44.4         -8.2          9.7    (15-84 p)
Oamp                     0.353       -0.031        0.030    (15-84 p)

----- common model:  star_parameters

====================================================================================================
     Statistics on the derived parameters obtained from the posteriors samples     
====================================================================================================


====================================================================================================
     ------------------------------------------------------------------------------------------     
====================================================================================================



70000.0   steps completed, average lnprob:,  -1375.8713752586318


emcee completed


:::---::: PyORBIT v11.0.1 :::---:::

Python version in use:
3.10.18 (main, Jun  5 2025, 13:14:17) [GCC 11.2.0]
LaTeX disabled by default

gp_multidimensional  S+LEAF model, number of harmonics: 4

GP model: gp_multidimensional  hyperparameters_condition:    True
GP model: gp_multidimensional  rotation_decay_condition:     True

### PyORBIT version used in the analysis:  11.0.1

 emcee version:  3.1.6

 Reference Time Tref: 59334.700184

 Data points:722
 Dimensions: 48
 Nwalkers:   192
 Steps:      70000


Number of samplings: 1056000

Recomputing ln-prior, it may take a while...

ln-probability   distribution:  -1375.54       -6.67      5.75 (15-84 p) 
ln-prior         distribution:   -225.93       -0.94      0.47 (15-84 p) 
ln-likelihood    distribution:  -1149.39       -6.60      5.70 (15-84 p) 


*** Information criteria using the likelihood distribution

 BIC from distribution  (using likelihood)  =   2614.71    -11.41   13.20 (15-84 p)
 AIC from distribution  (using likelihood)  =   2394.77    -11.41   13.20 (15-84 p)
 AICc from distribution (using likelihood)  =   2401.76    -11.41   13.20 (15-84 p)


*** Information criteria using the median parameter set

 ln_probability of Median solution =  -1354.29
 ln_priors of Median solution      =   -225.53
 ln_likelihood of Median solution  =  -1128.76

 Median BIC  (using likelihood) =   2573.46
 Median AIC  (using likelihood) =   2353.53
 Median AICc (using likelihood) =   2360.51


*** Information criteria using the MAP parameter set

 ln_probability of MAP solution =  -1354.65
 ln_priors of MAP solution      =   -225.62
 ln_likelihood of MAP solution  =  -1129.03

 MAP BIC  (using likelihood)    =   2574.00
 MAP AIC  (using likelihood)    =   2354.06
 MAP AICc (using likelihood)    =   2361.05

 AICc suggested over AIC because NDATA ( 722 ) < 40 * NDIM ( 48 )

****************************************************************************************************


Computing the autocorrelation time of the chains

***** WARNING ******
The integrated autocorrelation time cannot be reliably estimated
likely the chains are too short, and ACF analysis is not fully reliable
emcee.autocorr.integrated_time tolerance lowered to 20
If you still get a warning, you should drop these results entirely
Chains too short to apply convergence criteria
They should be at least 32350*nthin = 323500

 ACF computation failed, no plot will be generated 


====================================================================================================
     Ids, spaces (s), boundaries (b) and priors (p) of the sampler parameters     
====================================================================================================

----- dataset:  RVdata_expres
jitter_0      id:   3  s:Linear      b:[      0.0010,      11.5000]   p:Uniform   []
offset_0      id:   4  s:Linear      b:[  -9994.9840,   10012.5060]   p:Uniform   []

----- dataset: RVdata_expres             ----- model: gp_multidimensional           
rot_amp       id:   5  s:Linear      b:[      0.0000,      10.0000]   p:Uniform   []
con_amp       id:   6  s:Linear      b:[    -20.0000,      20.0000]   p:Uniform   []

----- dataset:  RVdata_harps
jitter_0      id:   7  s:Linear      b:[      0.0009,      12.9000]   p:Uniform   []
offset_0      id:   8  s:Linear      b:[  -9994.6135,   10012.7635]   p:Uniform   []
offset_1      id:   9  s:Linear      b:[  -9994.6135,   10012.7635]   p:Uniform   []

----- dataset: RVdata_harps              ----- model: gp_multidimensional           
rot_amp       id:  10  s:Linear      b:[      0.0000,      10.0000]   p:Uniform   []
con_amp       id:  11  s:Linear      b:[    -20.0000,      20.0000]   p:Uniform   []

----- dataset:  RVdata_neid
jitter_0      id:  12  s:Linear      b:[      0.0011,      12.4000]   p:Uniform   []
offset_0      id:  13  s:Linear      b:[  -9993.5576,   10013.2194]   p:Uniform   []

----- dataset: RVdata_neid               ----- model: gp_multidimensional           
rot_amp       id:  14  s:Linear      b:[      0.0000,      10.0000]   p:Uniform   []
con_amp       id:  15  s:Linear      b:[    -20.0000,      20.0000]   p:Uniform   []

----- dataset:  FIESTAdata_expres_mode1
jitter_0      id:  16  s:Linear      b:[      0.0017,      18.8973]   p:Uniform   []
offset_0      id:  17  s:Linear      b:[ -10002.3471,   10001.9133]   p:Uniform   []

----- dataset: FIESTAdata_expres_mode1   ----- model: gp_multidimensional           
rot_amp       id:  18  s:Linear      b:[    -10.0000,      10.0000]   p:Uniform   []
con_amp       id:  19  s:Linear      b:[    -20.0000,      20.0000]   p:Uniform   []

----- dataset:  FIESTAdata_expres_mode2
jitter_0      id:  20  s:Linear      b:[      0.0019,      21.6462]   p:Uniform   []
offset_0      id:  21  s:Linear      b:[ -10002.8387,   10003.2038]   p:Uniform   []

----- dataset: FIESTAdata_expres_mode2   ----- model: gp_multidimensional           
rot_amp       id:  22  s:Linear      b:[    -10.0000,      10.0000]   p:Uniform   []
con_amp       id:  23  s:Linear      b:[    -20.0000,      20.0000]   p:Uniform   []

----- dataset:  FIESTAdata_harps_mode1
jitter_0      id:  24  s:Linear      b:[      0.0014,      14.6738]   p:Uniform   []
offset_0      id:  25  s:Linear      b:[ -10001.3948,   10000.9942]   p:Uniform   []

----- dataset: FIESTAdata_harps_mode1    ----- model: gp_multidimensional           
rot_amp       id:  26  s:Linear      b:[    -10.0000,      10.0000]   p:Uniform   []
con_amp       id:  27  s:Linear      b:[    -20.0000,      20.0000]   p:Uniform   []

----- dataset:  FIESTAdata_harps_mode2
jitter_0      id:  28  s:Linear      b:[      0.0016,      17.3094]   p:Uniform   []
offset_0      id:  29  s:Linear      b:[ -10001.5483,   10001.6796]   p:Uniform   []

----- dataset: FIESTAdata_harps_mode2    ----- model: gp_multidimensional           
rot_amp       id:  30  s:Linear      b:[    -10.0000,      10.0000]   p:Uniform   []
con_amp       id:  31  s:Linear      b:[    -20.0000,      20.0000]   p:Uniform   []

----- dataset:  FIESTAdata_harpsn_mode1
jitter_0      id:  32  s:Linear      b:[      0.0011,      12.1232]   p:Uniform   []
offset_0      id:  33  s:Linear      b:[ -10002.3609,   10001.9648]   p:Uniform   []

----- dataset: FIESTAdata_harpsn_mode1   ----- model: gp_multidimensional           
rot_amp       id:  34  s:Linear      b:[    -10.0000,      10.0000]   p:Uniform   []
con_amp       id:  35  s:Linear      b:[    -20.0000,      20.0000]   p:Uniform   []

----- dataset:  FIESTAdata_harpsn_mode2
jitter_0      id:  36  s:Linear      b:[      0.0012,      14.0334]   p:Uniform   []
offset_0      id:  37  s:Linear      b:[ -10002.1892,   10002.9867]   p:Uniform   []

----- dataset: FIESTAdata_harpsn_mode2   ----- model: gp_multidimensional           
rot_amp       id:  38  s:Linear      b:[    -10.0000,      10.0000]   p:Uniform   []
con_amp       id:  39  s:Linear      b:[    -20.0000,      20.0000]   p:Uniform   []

----- dataset:  FIESTAdata_neid_mode1
jitter_0      id:  40  s:Linear      b:[      0.0018,      19.3448]   p:Uniform   []
offset_0      id:  41  s:Linear      b:[ -10002.0261,   10002.1623]   p:Uniform   []

----- dataset: FIESTAdata_neid_mode1     ----- model: gp_multidimensional           
rot_amp       id:  42  s:Linear      b:[    -10.0000,      10.0000]   p:Uniform   []
con_amp       id:  43  s:Linear      b:[    -20.0000,      20.0000]   p:Uniform   []

----- dataset:  FIESTAdata_neid_mode2
jitter_0      id:  44  s:Linear      b:[      0.0021,      23.3084]   p:Uniform   []
offset_0      id:  45  s:Linear      b:[ -10003.7352,   10003.4194]   p:Uniform   []

----- dataset: FIESTAdata_neid_mode2     ----- model: gp_multidimensional           
rot_amp       id:  46  s:Linear      b:[    -10.0000,      10.0000]   p:Uniform   []
con_amp       id:  47  s:Linear      b:[    -20.0000,      20.0000]   p:Uniform   []

----- common model:  activity
Prot          id:   0  s:Linear      b:[     20.0000,      35.0000]   p:Gaussian   [28.   0.5]
Pdec          id:   1  s:Linear      b:[     30.0000,    1000.0000]   p:Uniform   []
Oamp          id:   2  s:Log_Base2   b:[     -6.6439,       0.0000]   p:Gaussian   [0.35  0.035]

----- common model:  star_parameters
mass          derived (no id, space, bound)                           p:Gaussian   [1.e+00 1.e-06]
radius        derived (no id, space, bound)                           p:Gaussian   [1.e+00 1.e-06]
density       derived (no id, space, bound)                           p:Gaussian   [1.e+00 1.e-06]


****************************************************************************************************
****************************************************************************************************

 Confidence intervals (median value, 34.135th percentile from the median on the left and right side)

====================================================================================================
     Statistics on the posterior of the sampler parameters     
====================================================================================================

----- dataset:  RVdata_expres
jitter_0         3          1.58        -0.11         0.12   (15-84 p)   [    0.0010,    11.5000]
offset_0         4          8.41        -0.37         0.40   (15-84 p)   [-9994.9840, 10012.5060]

----- dataset: RVdata_expres             ----- model: gp_multidimensional           
rot_amp          5           2.6         -1.6          2.0   (15-84 p)   [    0.0000,    10.0000]
con_amp          6          -0.2         -1.3          1.3   (15-84 p)   [  -20.0000,    20.0000]

----- dataset:  RVdata_harps
jitter_0         7          1.40        -0.13         0.15   (15-84 p)   [    0.0009,    12.9000]
offset_0         8          10.7         -2.8          3.0   (15-84 p)   [-9994.6135, 10012.7635]
offset_1         9          11.6         -2.8          3.0   (15-84 p)   [-9994.6135, 10012.7635]

----- dataset: RVdata_harps              ----- model: gp_multidimensional           
rot_amp         10          0.83        -0.61          1.2   (15-84 p)   [    0.0000,    10.0000]
con_amp         11          -8.7         -2.7          2.2   (15-84 p)   [  -20.0000,    20.0000]

----- dataset:  RVdata_neid
jitter_0        12          1.53        -0.13         0.16   (15-84 p)   [    0.0011,    12.4000]
offset_0        13          9.90        -0.60         0.97   (15-84 p)   [-9993.5576, 10013.2194]

----- dataset: RVdata_neid               ----- model: gp_multidimensional           
rot_amp         14           1.7         -1.2          2.1   (15-84 p)   [    0.0000,    10.0000]
con_amp         15          -1.6         -2.1          2.1   (15-84 p)   [  -20.0000,    20.0000]

----- dataset:  FIESTAdata_expres_mode1
jitter_0        16         0.761       -0.057        0.066   (15-84 p)   [    0.0017,    18.8973]
offset_0        17          0.14        -0.49         0.63   (15-84 p)   [-10002.3471, 10001.9133]

----- dataset: FIESTAdata_expres_mode1   ----- model: gp_multidimensional           
rot_amp         18           6.5         -1.2          1.3   (15-84 p)   [  -10.0000,    10.0000]
con_amp         19         -1.73        -0.84         0.78   (15-84 p)   [  -20.0000,    20.0000]

----- dataset:  FIESTAdata_expres_mode2
jitter_0        20         0.839       -0.067        0.077   (15-84 p)   [    0.0019,    21.6462]
offset_0        21         -0.27        -0.87         0.80   (15-84 p)   [-10002.8387, 10003.2038]

----- dataset: FIESTAdata_expres_mode2   ----- model: gp_multidimensional           
rot_amp         22         -9.28        -0.53          1.0   (15-84 p)   [  -10.0000,    10.0000]
con_amp         23          2.58        -0.85         0.92   (15-84 p)   [  -20.0000,    20.0000]

----- dataset:  FIESTAdata_harps_mode1
jitter_0        24          0.52        -0.11         0.15   (15-84 p)   [    0.0014,    14.6738]
offset_0        25         -0.28         -1.3         0.82   (15-84 p)   [-10001.3948, 10000.9942]

----- dataset: FIESTAdata_harps_mode1    ----- model: gp_multidimensional           
rot_amp         26          -5.1         -2.9          3.3   (15-84 p)   [  -10.0000,    10.0000]
con_amp         27           1.9         -3.3          2.9   (15-84 p)   [  -20.0000,    20.0000]

----- dataset:  FIESTAdata_harps_mode2
jitter_0        28          0.96        -0.19         0.28   (15-84 p)   [    0.0016,    17.3094]
offset_0        29           0.5         -1.2          2.1   (15-84 p)   [-10001.5483, 10001.6796]

----- dataset: FIESTAdata_harps_mode2    ----- model: gp_multidimensional           
rot_amp         30           6.4         -4.5          2.6   (15-84 p)   [  -10.0000,    10.0000]
con_amp         31          -3.8         -3.8          4.6   (15-84 p)   [  -20.0000,    20.0000]

----- dataset:  FIESTAdata_harpsn_mode1
jitter_0        32         0.846       -0.078        0.088   (15-84 p)   [    0.0011,    12.1232]
offset_0        33           1.5         -1.9          2.0   (15-84 p)   [-10002.3609, 10001.9648]

----- dataset: FIESTAdata_harpsn_mode1   ----- model: gp_multidimensional           
rot_amp         34          -3.6         -1.9          1.6   (15-84 p)   [  -10.0000,    10.0000]
con_amp         35          -6.1         -2.0          1.5   (15-84 p)   [  -20.0000,    20.0000]

----- dataset:  FIESTAdata_harpsn_mode2
jitter_0        36          1.11        -0.10         0.12   (15-84 p)   [    0.0012,    14.0334]
offset_0        37          -1.7         -2.4          2.3   (15-84 p)   [-10002.1892, 10002.9867]

----- dataset: FIESTAdata_harpsn_mode2   ----- model: gp_multidimensional           
rot_amp         38           3.0         -2.0          2.3   (15-84 p)   [  -10.0000,    10.0000]
con_amp         39           7.2         -1.9          2.2   (15-84 p)   [  -20.0000,    20.0000]

----- dataset:  FIESTAdata_neid_mode1
jitter_0        40         0.920       -0.088         0.10   (15-84 p)   [    0.0018,    19.3448]
offset_0        41           0.6         -1.2          1.5   (15-84 p)   [-10002.0261, 10002.1623]

----- dataset: FIESTAdata_neid_mode1     ----- model: gp_multidimensional           
rot_amp         42           4.1         -2.3          2.4   (15-84 p)   [  -10.0000,    10.0000]
con_amp         43          -4.2         -1.7          1.5   (15-84 p)   [  -20.0000,    20.0000]

----- dataset:  FIESTAdata_neid_mode2
jitter_0        44          1.46        -0.14         0.16   (15-84 p)   [    0.0021,    23.3084]
offset_0        45          -0.7         -1.8          1.4   (15-84 p)   [-10003.7352, 10003.4194]

----- dataset: FIESTAdata_neid_mode2     ----- model: gp_multidimensional           
rot_amp         46          -3.3         -3.2          3.3   (15-84 p)   [  -10.0000,    10.0000]
con_amp         47           4.8         -2.1          2.4   (15-84 p)   [  -20.0000,    20.0000]

----- common model:  activity
Prot             0         28.35        -0.34         0.35   (15-84 p)   [   20.0000,    35.0000]
Pdec             1          44.4         -8.2          9.7   (15-84 p)   [   30.0000,  1000.0000]
Oamp             2         -1.50        -0.13         0.12   (15-84 p)   [   -6.6439,     0.0000]

----- common model:  star_parameters

====================================================================================================
     Statistics on the model parameters obtained from the posteriors samples     
====================================================================================================

----- dataset:  RVdata_expres
jitter_0                  1.58        -0.11         0.12    (15-84 p)
offset_0                  8.41        -0.37         0.40    (15-84 p)


----- dataset: RVdata_expres             ----- model: gp_multidimensional           
rot_amp                    2.6         -1.6          2.0    (15-84 p)
con_amp                   -0.2         -1.3          1.3    (15-84 p)

----- dataset:  RVdata_harps
jitter_0                  1.40        -0.13         0.15    (15-84 p)
offset_0                  10.7         -2.8          3.0    (15-84 p)
offset_1                  11.6         -2.8          3.0    (15-84 p)


----- dataset: RVdata_harps              ----- model: gp_multidimensional           
rot_amp                   0.83        -0.61          1.2    (15-84 p)
con_amp                   -8.7         -2.7          2.2    (15-84 p)

----- dataset:  RVdata_neid
jitter_0                  1.53        -0.13         0.16    (15-84 p)
offset_0                  9.90        -0.60         0.97    (15-84 p)


----- dataset: RVdata_neid               ----- model: gp_multidimensional           
rot_amp                    1.7         -1.2          2.1    (15-84 p)
con_amp                   -1.6         -2.1          2.1    (15-84 p)

----- dataset:  FIESTAdata_expres_mode1
jitter_0                 0.761       -0.057        0.066    (15-84 p)
offset_0                  0.14        -0.49         0.63    (15-84 p)


----- dataset: FIESTAdata_expres_mode1   ----- model: gp_multidimensional           
rot_amp                    6.5         -1.2          1.3    (15-84 p)
con_amp                  -1.73        -0.84         0.78    (15-84 p)

----- dataset:  FIESTAdata_expres_mode2
jitter_0                 0.839       -0.067        0.077    (15-84 p)
offset_0                 -0.27        -0.87         0.80    (15-84 p)


----- dataset: FIESTAdata_expres_mode2   ----- model: gp_multidimensional           
rot_amp                  -9.28        -0.53          1.0    (15-84 p)
con_amp                   2.58        -0.85         0.92    (15-84 p)

----- dataset:  FIESTAdata_harps_mode1
jitter_0                  0.52        -0.11         0.15    (15-84 p)
offset_0                 -0.28         -1.3         0.82    (15-84 p)


----- dataset: FIESTAdata_harps_mode1    ----- model: gp_multidimensional           
rot_amp                   -5.1         -2.9          3.3    (15-84 p)
con_amp                    1.9         -3.3          2.9    (15-84 p)

----- dataset:  FIESTAdata_harps_mode2
jitter_0                  0.96        -0.19         0.28    (15-84 p)
offset_0                   0.5         -1.2          2.1    (15-84 p)


----- dataset: FIESTAdata_harps_mode2    ----- model: gp_multidimensional           
rot_amp                    6.4         -4.5          2.6    (15-84 p)
con_amp                   -3.8         -3.8          4.6    (15-84 p)

----- dataset:  FIESTAdata_harpsn_mode1
jitter_0                 0.846       -0.078        0.088    (15-84 p)
offset_0                   1.5         -1.9          2.0    (15-84 p)


----- dataset: FIESTAdata_harpsn_mode1   ----- model: gp_multidimensional           
rot_amp                   -3.6         -1.9          1.6    (15-84 p)
con_amp                   -6.1         -2.0          1.5    (15-84 p)

----- dataset:  FIESTAdata_harpsn_mode2
jitter_0                  1.11        -0.10         0.12    (15-84 p)
offset_0                  -1.7         -2.4          2.3    (15-84 p)


----- dataset: FIESTAdata_harpsn_mode2   ----- model: gp_multidimensional           
rot_amp                    3.0         -2.0          2.3    (15-84 p)
con_amp                    7.2         -1.9          2.2    (15-84 p)

----- dataset:  FIESTAdata_neid_mode1
jitter_0                 0.920       -0.088         0.10    (15-84 p)
offset_0                   0.6         -1.2          1.5    (15-84 p)


----- dataset: FIESTAdata_neid_mode1     ----- model: gp_multidimensional           
rot_amp                    4.1         -2.3          2.4    (15-84 p)
con_amp                   -4.2         -1.7          1.5    (15-84 p)

----- dataset:  FIESTAdata_neid_mode2
jitter_0                  1.46        -0.14         0.16    (15-84 p)
offset_0                  -0.7         -1.8          1.4    (15-84 p)


----- dataset: FIESTAdata_neid_mode2     ----- model: gp_multidimensional           
rot_amp                   -3.3         -3.2          3.3    (15-84 p)
con_amp                    4.8         -2.1          2.4    (15-84 p)

----- common model:  activity
Prot                     28.35        -0.34         0.35    (15-84 p)
Pdec                      44.4         -8.2          9.7    (15-84 p)
Oamp                     0.353       -0.031        0.030    (15-84 p)

----- common model:  star_parameters

====================================================================================================
     Statistics on the derived parameters obtained from the posteriors samples     
====================================================================================================


====================================================================================================
     ------------------------------------------------------------------------------------------     
====================================================================================================



****************************************************************************************************

 Parameters corresponding to the Maximum a Posteriori probability ( -1354.649427268997 )

====================================================================================================
     Statistics on the posterior of the sampler parameters     
====================================================================================================

----- dataset:  RVdata_expres
jitter_0         3      1.560996 [    0.0010,    11.5000]
offset_0         4      8.527530 [-9994.9840, 10012.5060]

----- dataset: RVdata_expres             ----- model: gp_multidimensional           
rot_amp          5      2.517777 [    0.0000,    10.0000]
con_amp          6      0.145993 [  -20.0000,    20.0000]

----- dataset:  RVdata_harps
jitter_0         7      1.348538 [    0.0009,    12.9000]
offset_0         8     10.225727 [-9994.6135, 10012.7635]
offset_1         9     11.229515 [-9994.6135, 10012.7635]

----- dataset: RVdata_harps              ----- model: gp_multidimensional           
rot_amp         10      0.576123 [    0.0000,    10.0000]
con_amp         11     -7.536396 [  -20.0000,    20.0000]

----- dataset:  RVdata_neid
jitter_0        12      1.566182 [    0.0011,    12.4000]
offset_0        13     10.028796 [-9993.5576, 10013.2194]

----- dataset: RVdata_neid               ----- model: gp_multidimensional           
rot_amp         14      1.364102 [    0.0000,    10.0000]
con_amp         15     -1.691530 [  -20.0000,    20.0000]

----- dataset:  FIESTAdata_expres_mode1
jitter_0        16      0.723611 [    0.0017,    18.8973]
offset_0        17      0.086777 [-10002.3471, 10001.9133]

----- dataset: FIESTAdata_expres_mode1   ----- model: gp_multidimensional           
rot_amp         18      6.096675 [  -10.0000,    10.0000]
con_amp         19     -1.701898 [  -20.0000,    20.0000]

----- dataset:  FIESTAdata_expres_mode2
jitter_0        20      0.813434 [    0.0019,    21.6462]
offset_0        21     -0.126600 [-10002.8387, 10003.2038]

----- dataset: FIESTAdata_expres_mode2   ----- model: gp_multidimensional           
rot_amp         22     -9.764084 [  -10.0000,    10.0000]
con_amp         23      2.857304 [  -20.0000,    20.0000]

----- dataset:  FIESTAdata_harps_mode1
jitter_0        24      0.356588 [    0.0014,    14.6738]
offset_0        25     -0.706992 [-10001.3948, 10000.9942]

----- dataset: FIESTAdata_harps_mode1    ----- model: gp_multidimensional           
rot_amp         26     -5.904013 [  -10.0000,    10.0000]
con_amp         27      2.947024 [  -20.0000,    20.0000]

----- dataset:  FIESTAdata_harps_mode2
jitter_0        28      0.752296 [    0.0016,    17.3094]
offset_0        29      0.792528 [-10001.5483, 10001.6796]

----- dataset: FIESTAdata_harps_mode2    ----- model: gp_multidimensional           
rot_amp         30      7.168466 [  -10.0000,    10.0000]
con_amp         31     -4.183703 [  -20.0000,    20.0000]

----- dataset:  FIESTAdata_harpsn_mode1
jitter_0        32      0.844410 [    0.0011,    12.1232]
offset_0        33      1.238250 [-10002.3609, 10001.9648]

----- dataset: FIESTAdata_harpsn_mode1   ----- model: gp_multidimensional           
rot_amp         34     -2.319858 [  -10.0000,    10.0000]
con_amp         35     -5.826516 [  -20.0000,    20.0000]

----- dataset:  FIESTAdata_harpsn_mode2
jitter_0        36      0.987995 [    0.0012,    14.0334]
offset_0        37     -1.304354 [-10002.1892, 10002.9867]

----- dataset: FIESTAdata_harpsn_mode2   ----- model: gp_multidimensional           
rot_amp         38      1.330956 [  -10.0000,    10.0000]
con_amp         39      7.324105 [  -20.0000,    20.0000]

----- dataset:  FIESTAdata_neid_mode1
jitter_0        40      0.852796 [    0.0018,    19.3448]
offset_0        41      0.481978 [-10002.0261, 10002.1623]

----- dataset: FIESTAdata_neid_mode1     ----- model: gp_multidimensional           
rot_amp         42      5.927704 [  -10.0000,    10.0000]
con_amp         43     -4.413477 [  -20.0000,    20.0000]

----- dataset:  FIESTAdata_neid_mode2
jitter_0        44      1.552501 [    0.0021,    23.3084]
offset_0        45     -0.866922 [-10003.7352, 10003.4194]

----- dataset: FIESTAdata_neid_mode2     ----- model: gp_multidimensional           
rot_amp         46     -3.680218 [  -10.0000,    10.0000]
con_amp         47      5.538164 [  -20.0000,    20.0000]

----- common model:  activity
Prot             0     28.403320 [   20.0000,    35.0000]
Pdec             1     34.695714 [   30.0000,  1000.0000]
Oamp             2     -1.492066 [   -6.6439,     0.0000]

----- common model:  star_parameters

====================================================================================================
     Statistics on the model parameters obtained from the posteriors samples     
====================================================================================================

----- dataset:  RVdata_expres
jitter_0              1.560996 
offset_0              8.527530 


----- dataset: RVdata_expres             ----- model: gp_multidimensional           
rot_amp               2.517777 
con_amp               0.145993 

----- dataset:  RVdata_harps
jitter_0              1.348538 
offset_0             10.225727 
offset_1             11.229515 


----- dataset: RVdata_harps              ----- model: gp_multidimensional           
rot_amp               0.576123 
con_amp              -7.536396 

----- dataset:  RVdata_neid
jitter_0              1.566182 
offset_0             10.028796 


----- dataset: RVdata_neid               ----- model: gp_multidimensional           
rot_amp               1.364102 
con_amp              -1.691530 

----- dataset:  FIESTAdata_expres_mode1
jitter_0              0.723611 
offset_0              0.086777 


----- dataset: FIESTAdata_expres_mode1   ----- model: gp_multidimensional           
rot_amp               6.096675 
con_amp              -1.701898 

----- dataset:  FIESTAdata_expres_mode2
jitter_0              0.813434 
offset_0             -0.126600 


----- dataset: FIESTAdata_expres_mode2   ----- model: gp_multidimensional           
rot_amp              -9.764084 
con_amp               2.857304 

----- dataset:  FIESTAdata_harps_mode1
jitter_0              0.356588 
offset_0             -0.706992 


----- dataset: FIESTAdata_harps_mode1    ----- model: gp_multidimensional           
rot_amp              -5.904013 
con_amp               2.947024 

----- dataset:  FIESTAdata_harps_mode2
jitter_0              0.752296 
offset_0              0.792528 


----- dataset: FIESTAdata_harps_mode2    ----- model: gp_multidimensional           
rot_amp               7.168466 
con_amp              -4.183703 

----- dataset:  FIESTAdata_harpsn_mode1
jitter_0              0.844410 
offset_0              1.238250 


----- dataset: FIESTAdata_harpsn_mode1   ----- model: gp_multidimensional           
rot_amp              -2.319858 
con_amp              -5.826516 

----- dataset:  FIESTAdata_harpsn_mode2
jitter_0              0.987995 
offset_0             -1.304354 


----- dataset: FIESTAdata_harpsn_mode2   ----- model: gp_multidimensional           
rot_amp               1.330956 
con_amp               7.324105 

----- dataset:  FIESTAdata_neid_mode1
jitter_0              0.852796 
offset_0              0.481978 


----- dataset: FIESTAdata_neid_mode1     ----- model: gp_multidimensional           
rot_amp               5.927704 
con_amp              -4.413477 

----- dataset:  FIESTAdata_neid_mode2
jitter_0              1.552501 
offset_0             -0.866922 


----- dataset: FIESTAdata_neid_mode2     ----- model: gp_multidimensional           
rot_amp              -3.680218 
con_amp               5.538164 

----- common model:  activity
Prot                 28.403320 
Pdec                 34.695714 
Oamp                  0.355503 

----- common model:  star_parameters

====================================================================================================
     Statistics on the derived parameters obtained from the posteriors samples     
====================================================================================================


====================================================================================================
     ------------------------------------------------------------------------------------------     
====================================================================================================



****************************************************************************************************

 Parameters corresponding to the sample closest to the median values ( -1359.1879557866796 )

====================================================================================================
     Statistics on the posterior of the sampler parameters     
====================================================================================================

----- dataset:  RVdata_expres
jitter_0         3      1.638745 [    0.0010,    11.5000]
offset_0         4      8.382714 [-9994.9840, 10012.5060]

----- dataset: RVdata_expres             ----- model: gp_multidimensional           
rot_amp          5      3.210759 [    0.0000,    10.0000]
con_amp          6     -0.230156 [  -20.0000,    20.0000]

----- dataset:  RVdata_harps
jitter_0         7      1.460158 [    0.0009,    12.9000]
offset_0         8     10.200977 [-9994.6135, 10012.7635]
offset_1         9     11.203697 [-9994.6135, 10012.7635]

----- dataset: RVdata_harps              ----- model: gp_multidimensional           
rot_amp         10      1.597168 [    0.0000,    10.0000]
con_amp         11     -8.852569 [  -20.0000,    20.0000]

----- dataset:  RVdata_neid
jitter_0        12      1.439515 [    0.0011,    12.4000]
offset_0        13     10.157466 [-9993.5576, 10013.2194]

----- dataset: RVdata_neid               ----- model: gp_multidimensional           
rot_amp         14      0.873033 [    0.0000,    10.0000]
con_amp         15     -2.632543 [  -20.0000,    20.0000]

----- dataset:  FIESTAdata_expres_mode1
jitter_0        16      0.736411 [    0.0017,    18.8973]
offset_0        17      0.292962 [-10002.3471, 10001.9133]

----- dataset: FIESTAdata_expres_mode1   ----- model: gp_multidimensional           
rot_amp         18      6.460111 [  -10.0000,    10.0000]
con_amp         19     -2.204912 [  -20.0000,    20.0000]

----- dataset:  FIESTAdata_expres_mode2
jitter_0        20      0.881867 [    0.0019,    21.6462]
offset_0        21     -0.186323 [-10002.8387, 10003.2038]

----- dataset: FIESTAdata_expres_mode2   ----- model: gp_multidimensional           
rot_amp         22     -9.502141 [  -10.0000,    10.0000]
con_amp         23      2.712606 [  -20.0000,    20.0000]

----- dataset:  FIESTAdata_harps_mode1
jitter_0        24      0.434792 [    0.0014,    14.6738]
offset_0        25     -0.671174 [-10001.3948, 10000.9942]

----- dataset: FIESTAdata_harps_mode1    ----- model: gp_multidimensional           
rot_amp         26     -5.488164 [  -10.0000,    10.0000]
con_amp         27      2.828737 [  -20.0000,    20.0000]

----- dataset:  FIESTAdata_harps_mode2
jitter_0        28      0.944650 [    0.0016,    17.3094]
offset_0        29      0.491400 [-10001.5483, 10001.6796]

----- dataset: FIESTAdata_harps_mode2    ----- model: gp_multidimensional           
rot_amp         30      4.574100 [  -10.0000,    10.0000]
con_amp         31     -2.583283 [  -20.0000,    20.0000]

----- dataset:  FIESTAdata_harpsn_mode1
jitter_0        32      0.791396 [    0.0011,    12.1232]
offset_0        33      1.253432 [-10002.3609, 10001.9648]

----- dataset: FIESTAdata_harpsn_mode1   ----- model: gp_multidimensional           
rot_amp         34     -3.558170 [  -10.0000,    10.0000]
con_amp         35     -6.582652 [  -20.0000,    20.0000]

----- dataset:  FIESTAdata_harpsn_mode2
jitter_0        36      1.045461 [    0.0012,    14.0334]
offset_0        37     -1.562395 [-10002.1892, 10002.9867]

----- dataset: FIESTAdata_harpsn_mode2   ----- model: gp_multidimensional           
rot_amp         38      4.203266 [  -10.0000,    10.0000]
con_amp         39      7.638166 [  -20.0000,    20.0000]

----- dataset:  FIESTAdata_neid_mode1
jitter_0        40      0.985064 [    0.0018,    19.3448]
offset_0        41      0.338767 [-10002.0261, 10002.1623]

----- dataset: FIESTAdata_neid_mode1     ----- model: gp_multidimensional           
rot_amp         42      2.864590 [  -10.0000,    10.0000]
con_amp         43     -3.029015 [  -20.0000,    20.0000]

----- dataset:  FIESTAdata_neid_mode2
jitter_0        44      1.349054 [    0.0021,    23.3084]
offset_0        45     -0.116666 [-10003.7352, 10003.4194]

----- dataset: FIESTAdata_neid_mode2     ----- model: gp_multidimensional           
rot_amp         46     -5.276725 [  -10.0000,    10.0000]
con_amp         47      2.563969 [  -20.0000,    20.0000]

----- common model:  activity
Prot             0     28.340982 [   20.0000,    35.0000]
Pdec             1     41.179901 [   30.0000,  1000.0000]
Oamp             2     -1.475062 [   -6.6439,     0.0000]

----- common model:  star_parameters

====================================================================================================
     Statistics on the model parameters obtained from the posteriors samples     
====================================================================================================

----- dataset:  RVdata_expres
jitter_0              1.638745 
offset_0              8.382714 


----- dataset: RVdata_expres             ----- model: gp_multidimensional           
rot_amp               3.210759 
con_amp              -0.230156 

----- dataset:  RVdata_harps
jitter_0              1.460158 
offset_0             10.200977 
offset_1             11.203697 


----- dataset: RVdata_harps              ----- model: gp_multidimensional           
rot_amp               1.597168 
con_amp              -8.852569 

----- dataset:  RVdata_neid
jitter_0              1.439515 
offset_0             10.157466 


----- dataset: RVdata_neid               ----- model: gp_multidimensional           
rot_amp               0.873033 
con_amp              -2.632543 

----- dataset:  FIESTAdata_expres_mode1
jitter_0              0.736411 
offset_0              0.292962 


----- dataset: FIESTAdata_expres_mode1   ----- model: gp_multidimensional           
rot_amp               6.460111 
con_amp              -2.204912 

----- dataset:  FIESTAdata_expres_mode2
jitter_0              0.881867 
offset_0             -0.186323 


----- dataset: FIESTAdata_expres_mode2   ----- model: gp_multidimensional           
rot_amp              -9.502141 
con_amp               2.712606 

----- dataset:  FIESTAdata_harps_mode1
jitter_0              0.434792 
offset_0             -0.671174 


----- dataset: FIESTAdata_harps_mode1    ----- model: gp_multidimensional           
rot_amp              -5.488164 
con_amp               2.828737 

----- dataset:  FIESTAdata_harps_mode2
jitter_0              0.944650 
offset_0              0.491400 


----- dataset: FIESTAdata_harps_mode2    ----- model: gp_multidimensional           
rot_amp               4.574100 
con_amp              -2.583283 

----- dataset:  FIESTAdata_harpsn_mode1
jitter_0              0.791396 
offset_0              1.253432 


----- dataset: FIESTAdata_harpsn_mode1   ----- model: gp_multidimensional           
rot_amp              -3.558170 
con_amp              -6.582652 

----- dataset:  FIESTAdata_harpsn_mode2
jitter_0              1.045461 
offset_0             -1.562395 


----- dataset: FIESTAdata_harpsn_mode2   ----- model: gp_multidimensional           
rot_amp               4.203266 
con_amp               7.638166 

----- dataset:  FIESTAdata_neid_mode1
jitter_0              0.985064 
offset_0              0.338767 


----- dataset: FIESTAdata_neid_mode1     ----- model: gp_multidimensional           
rot_amp               2.864590 
con_amp              -3.029015 

----- dataset:  FIESTAdata_neid_mode2
jitter_0              1.349054 
offset_0             -0.116666 


----- dataset: FIESTAdata_neid_mode2     ----- model: gp_multidimensional           
rot_amp              -5.276725 
con_amp               2.563969 

----- common model:  activity
Prot                 28.340982 
Pdec                 41.179901 
Oamp                  0.359718 

----- common model:  star_parameters

====================================================================================================
     Statistics on the derived parameters obtained from the posteriors samples     
====================================================================================================


====================================================================================================
     ------------------------------------------------------------------------------------------     
====================================================================================================



****************************************************************************************************

Note: stellar density derived from stellar mass and radius

 Plot FLAT chain 

****************************************************************************************************

 Skipping full correlation plot due to the high number of parameters
 To avoid this behaviour, set the keyword parameters:force_full_correlation_plot to True

****************************************************************************************************

 Plotting the chains... 

****************************************************************************************************

 Plotting the Gelman-Rubin traces... 

     Gelman-Rubin:     3     1.038039 RVdata_expres_jitter_0 
     Gelman-Rubin:     4     1.099677 RVdata_expres_offset_0 
     Gelman-Rubin:     5     1.044791 RVdata_expres_gp_multidimensional_rot_amp 
     Gelman-Rubin:     6     1.058923 RVdata_expres_gp_multidimensional_con_amp 
     Gelman-Rubin:     7     1.035740 RVdata_harps_jitter_0 
     Gelman-Rubin:     8     1.406936 RVdata_harps_offset_0 
     Gelman-Rubin:     9     1.402137 RVdata_harps_offset_1 
     Gelman-Rubin:    10     1.048411 RVdata_harps_gp_multidimensional_rot_amp 
     Gelman-Rubin:    11     1.055862 RVdata_harps_gp_multidimensional_con_amp 
     Gelman-Rubin:    12     1.039072 RVdata_neid_jitter_0 
     Gelman-Rubin:    13     1.171560 RVdata_neid_offset_0 
     Gelman-Rubin:    14     1.056625 RVdata_neid_gp_multidimensional_rot_amp 
     Gelman-Rubin:    15     1.057414 RVdata_neid_gp_multidimensional_con_amp 
     Gelman-Rubin:    16     1.039366 FIESTAdata_expres_mode1_jitter_0 
     Gelman-Rubin:    17     1.343964 FIESTAdata_expres_mode1_offset_0 
     Gelman-Rubin:    18     1.034839 FIESTAdata_expres_mode1_gp_multidimensional_rot_amp 
     Gelman-Rubin:    19     1.051253 FIESTAdata_expres_mode1_gp_multidimensional_con_amp 
     Gelman-Rubin:    20     1.040150 FIESTAdata_expres_mode2_jitter_0 
     Gelman-Rubin:    21     1.396218 FIESTAdata_expres_mode2_offset_0 
     Gelman-Rubin:    22     1.030363 FIESTAdata_expres_mode2_gp_multidimensional_rot_amp 
     Gelman-Rubin:    23     1.057726 FIESTAdata_expres_mode2_gp_multidimensional_con_amp 
     Gelman-Rubin:    24     1.057471 FIESTAdata_harps_mode1_jitter_0 
     Gelman-Rubin:    25     1.135304 FIESTAdata_harps_mode1_offset_0 
     Gelman-Rubin:    26     1.071621 FIESTAdata_harps_mode1_gp_multidimensional_rot_amp 
     Gelman-Rubin:    27     1.083919 FIESTAdata_harps_mode1_gp_multidimensional_con_amp 
     Gelman-Rubin:    28     1.053214 FIESTAdata_harps_mode2_jitter_0 
     Gelman-Rubin:    29     1.200312 FIESTAdata_harps_mode2_offset_0 
     Gelman-Rubin:    30     1.073736 FIESTAdata_harps_mode2_gp_multidimensional_rot_amp 
     Gelman-Rubin:    31     1.076065 FIESTAdata_harps_mode2_gp_multidimensional_con_amp 
     Gelman-Rubin:    32     1.041787 FIESTAdata_harpsn_mode1_jitter_0 
     Gelman-Rubin:    33     1.395206 FIESTAdata_harpsn_mode1_offset_0 
     Gelman-Rubin:    34     1.051275 FIESTAdata_harpsn_mode1_gp_multidimensional_rot_amp 
     Gelman-Rubin:    35     1.061446 FIESTAdata_harpsn_mode1_gp_multidimensional_con_amp 
     Gelman-Rubin:    36     1.045246 FIESTAdata_harpsn_mode2_jitter_0 
     Gelman-Rubin:    37     1.379615 FIESTAdata_harpsn_mode2_offset_0 
     Gelman-Rubin:    38     1.049414 FIESTAdata_harpsn_mode2_gp_multidimensional_rot_amp 
     Gelman-Rubin:    39     1.052188 FIESTAdata_harpsn_mode2_gp_multidimensional_con_amp 
     Gelman-Rubin:    40     1.045919 FIESTAdata_neid_mode1_jitter_0 
     Gelman-Rubin:    41     1.356524 FIESTAdata_neid_mode1_offset_0 
     Gelman-Rubin:    42     1.048301 FIESTAdata_neid_mode1_gp_multidimensional_rot_amp 
     Gelman-Rubin:    43     1.056657 FIESTAdata_neid_mode1_gp_multidimensional_con_amp 
     Gelman-Rubin:    44     1.040166 FIESTAdata_neid_mode2_jitter_0 
     Gelman-Rubin:    45     1.317308 FIESTAdata_neid_mode2_offset_0 
     Gelman-Rubin:    46     1.053732 FIESTAdata_neid_mode2_gp_multidimensional_rot_amp 
     Gelman-Rubin:    47     1.067591 FIESTAdata_neid_mode2_gp_multidimensional_con_amp 
     Gelman-Rubin:     0     1.041748 activity_Prot 
     Gelman-Rubin:     1     1.040548 activity_Pdec 
     Gelman-Rubin:     2     1.041053 activity_Oamp 

****************************************************************************************************

Plotting the common models corner plots
     Common model:  activity
     Common model:  star_parameters

****************************************************************************************************

Plotting the dataset + models corner plots 

     Dataset:  RVdata_expres     model:  gp_multidimensional  corner plot  starting 
     Dataset:  RVdata_expres     model:  gp_multidimensional  corner plot  done 
     Dataset:  RVdata_harps     model:  gp_multidimensional  corner plot  starting 
     Dataset:  RVdata_harps     model:  gp_multidimensional  corner plot  done 
     Dataset:  RVdata_neid     model:  gp_multidimensional  corner plot  starting 
     Dataset:  RVdata_neid     model:  gp_multidimensional  corner plot  done 
     Dataset:  FIESTAdata_expres_mode1     model:  gp_multidimensional  corner plot  starting 
     Dataset:  FIESTAdata_expres_mode1     model:  gp_multidimensional  corner plot  done 
     Dataset:  FIESTAdata_expres_mode2     model:  gp_multidimensional  corner plot  starting 
     Dataset:  FIESTAdata_expres_mode2     model:  gp_multidimensional  corner plot  done 
     Dataset:  FIESTAdata_harps_mode1     model:  gp_multidimensional  corner plot  starting 
     Dataset:  FIESTAdata_harps_mode1     model:  gp_multidimensional  corner plot  done 
     Dataset:  FIESTAdata_harps_mode2     model:  gp_multidimensional  corner plot  starting 
     Dataset:  FIESTAdata_harps_mode2     model:  gp_multidimensional  corner plot  done 
     Dataset:  FIESTAdata_harpsn_mode1     model:  gp_multidimensional  corner plot  starting 
     Dataset:  FIESTAdata_harpsn_mode1     model:  gp_multidimensional  corner plot  done 
     Dataset:  FIESTAdata_harpsn_mode2     model:  gp_multidimensional  corner plot  starting 
     Dataset:  FIESTAdata_harpsn_mode2     model:  gp_multidimensional  corner plot  done 
     Dataset:  FIESTAdata_neid_mode1     model:  gp_multidimensional  corner plot  starting 
     Dataset:  FIESTAdata_neid_mode1     model:  gp_multidimensional  corner plot  done 
     Dataset:  FIESTAdata_neid_mode2     model:  gp_multidimensional  corner plot  starting 
     Dataset:  FIESTAdata_neid_mode2     model:  gp_multidimensional  corner plot  done 

****************************************************************************************************

 Saving the planet parameter samplings to files (with plots)

****************************************************************************************************

 Saving all the parameter samplings to files (with plots)

****************************************************************************************************

 Computing the models for plot/data writing 
     Splitting the plot array to allow GP prediction of extended datasets, it may take a while...
     # 30 chunks of 60 times each
     Check the documentation if the code is taking too long or if it crashes...
     Splitting the plot array to allow GP prediction of extended datasets, it may take a while...
     # 30 chunks of 60 times each
     Check the documentation if the code is taking too long or if it crashes...
     Splitting the plot array to allow GP prediction of extended datasets, it may take a while...
     # 30 chunks of 60 times each
     Check the documentation if the code is taking too long or if it crashes...
     Splitting the plot array to allow GP prediction of extended datasets, it may take a while...
     # 21 chunks of 60 times each
     Check the documentation if the code is taking too long or if it crashes...
     Splitting the plot array to allow GP prediction of extended datasets, it may take a while...
     # 21 chunks of 60 times each
     Check the documentation if the code is taking too long or if it crashes...
     Splitting the plot array to allow GP prediction of extended datasets, it may take a while...
     # 6 chunks of 60 times each
     Check the documentation if the code is taking too long or if it crashes...
     Splitting the plot array to allow GP prediction of extended datasets, it may take a while...
     # 6 chunks of 60 times each
     Check the documentation if the code is taking too long or if it crashes...
     Splitting the plot array to allow GP prediction of extended datasets, it may take a while...
     # 18 chunks of 60 times each
     Check the documentation if the code is taking too long or if it crashes...
     Splitting the plot array to allow GP prediction of extended datasets, it may take a while...
     # 18 chunks of 60 times each
     Check the documentation if the code is taking too long or if it crashes...
     Splitting the plot array to allow GP prediction of extended datasets, it may take a while...
     # 15 chunks of 60 times each
     Check the documentation if the code is taking too long or if it crashes...
     Splitting the plot array to allow GP prediction of extended datasets, it may take a while...
     # 15 chunks of 60 times each
     Check the documentation if the code is taking too long or if it crashes...
     Splitting the plot array to allow GP prediction of extended datasets, it may take a while...
     # 30 chunks of 60 times each
     Check the documentation if the code is taking too long or if it crashes...
     Splitting the plot array to allow GP prediction of extended datasets, it may take a while...
     # 30 chunks of 60 times each
     Check the documentation if the code is taking too long or if it crashes...
     Splitting the plot array to allow GP prediction of extended datasets, it may take a while...
     # 30 chunks of 60 times each
     Check the documentation if the code is taking too long or if it crashes...
     Splitting the plot array to allow GP prediction of extended datasets, it may take a while...
     # 21 chunks of 60 times each
     Check the documentation if the code is taking too long or if it crashes...
     Splitting the plot array to allow GP prediction of extended datasets, it may take a while...
     # 21 chunks of 60 times each
     Check the documentation if the code is taking too long or if it crashes...
     Splitting the plot array to allow GP prediction of extended datasets, it may take a while...
     # 6 chunks of 60 times each
     Check the documentation if the code is taking too long or if it crashes...
     Splitting the plot array to allow GP prediction of extended datasets, it may take a while...
     # 6 chunks of 60 times each
     Check the documentation if the code is taking too long or if it crashes...
     Splitting the plot array to allow GP prediction of extended datasets, it may take a while...
     # 18 chunks of 60 times each
     Check the documentation if the code is taking too long or if it crashes...
     Splitting the plot array to allow GP prediction of extended datasets, it may take a while...
     # 18 chunks of 60 times each
     Check the documentation if the code is taking too long or if it crashes...
     Splitting the plot array to allow GP prediction of extended datasets, it may take a while...
     # 15 chunks of 60 times each
     Check the documentation if the code is taking too long or if it crashes...
     Splitting the plot array to allow GP prediction of extended datasets, it may take a while...
     # 15 chunks of 60 times each
     Check the documentation if the code is taking too long or if it crashes...
     Splitting the plot array to allow GP prediction of extended datasets, it may take a while...
     # 30 chunks of 60 times each
     Check the documentation if the code is taking too long or if it crashes...
     Splitting the plot array to allow GP prediction of extended datasets, it may take a while...
     # 30 chunks of 60 times each
     Check the documentation if the code is taking too long or if it crashes...
     Splitting the plot array to allow GP prediction of extended datasets, it may take a while...
     # 30 chunks of 60 times each
     Check the documentation if the code is taking too long or if it crashes...
     Splitting the plot array to allow GP prediction of extended datasets, it may take a while...
     # 21 chunks of 60 times each
     Check the documentation if the code is taking too long or if it crashes...
     Splitting the plot array to allow GP prediction of extended datasets, it may take a while...
     # 21 chunks of 60 times each
     Check the documentation if the code is taking too long or if it crashes...
     Splitting the plot array to allow GP prediction of extended datasets, it may take a while...
     # 6 chunks of 60 times each
     Check the documentation if the code is taking too long or if it crashes...
     Splitting the plot array to allow GP prediction of extended datasets, it may take a while...
     # 6 chunks of 60 times each
     Check the documentation if the code is taking too long or if it crashes...
     Splitting the plot array to allow GP prediction of extended datasets, it may take a while...
     # 18 chunks of 60 times each
     Check the documentation if the code is taking too long or if it crashes...
     Splitting the plot array to allow GP prediction of extended datasets, it may take a while...
     # 18 chunks of 60 times each
     Check the documentation if the code is taking too long or if it crashes...
     Splitting the plot array to allow GP prediction of extended datasets, it may take a while...
     # 15 chunks of 60 times each
     Check the documentation if the code is taking too long or if it crashes...
     Splitting the plot array to allow GP prediction of extended datasets, it may take a while...
     # 15 chunks of 60 times each
     Check the documentation if the code is taking too long or if it crashes...
 Writing the plots 
 Writing the   data files 
 Writing the  MAP_ data files 
 Writing the  sampleMED_ data files 

****************************************************************************************************

