
:::---::: PyORBIT v11.0.1 :::---:::

Python version in use:
3.10.18 (main, Jun  5 2025, 13:14:17) [GCC 11.2.0]

reloaded_optimize:  False
reloaded_pyde:  False
reloaded_emcee:  False

number of multiprocessing threads: 16
multiprocessing method (should be fork):  fork

parameters/safe_reload flag (must be True for tinygp):  False

Opening:  RVdata_expres
Opening:  RVdata_harps
Opening:  RVdata_neid

Adding common model of planet:  b
Adding common model of planet:  c
Adding common model of planet:  d
Using orbital model:  keplerian
Using orbital parametrization:  Eastman2013

Using orbital model:  keplerian
Using orbital parametrization:  Eastman2013

Using orbital model:  keplerian
Using orbital parametrization:  Eastman2013


====================================================================================================
     Ids, spaces (s), boundaries (b) and priors (p) of the sampler parameters     
====================================================================================================

----- dataset:  RVdata_expres
jitter_0      id:  15  s:Linear      b:[      0.0010,      11.5000]   p:Uniform   []
offset_0      id:  16  s:Linear      b:[  -9995.9140,   10012.9990]   p:Uniform   []

----- dataset:  RVdata_harps
jitter_0      id:  17  s:Linear      b:[      0.0009,      13.3000]   p:Uniform   []
offset_0      id:  18  s:Linear      b:[  -9995.5653,   10012.9467]   p:Uniform   []
offset_1      id:  19  s:Linear      b:[  -9995.5653,   10012.9467]   p:Uniform   []

----- dataset:  RVdata_neid
jitter_0      id:  20  s:Linear      b:[      0.0010,      12.3000]   p:Uniform   []
offset_0      id:  21  s:Linear      b:[  -9995.1596,   10013.5484]   p:Uniform   []

----- common model:  b
P             id:   0  s:Log_Base2   b:[      0.3785,       6.6439]   p:Uniform   []
K             id:   1  s:Log_Base2   b:[     -9.9658,       3.3219]   p:Uniform   []
sre_coso      id:   2  s:Linear      b:[     -1.0000,       1.0000]   p:Uniform   []
sre_sino      id:   3  s:Linear      b:[     -1.0000,       1.0000]   p:Uniform   []
mean_long     id:   4  s:Linear      b:[      0.0000,     360.0000]   p:Uniform   []
e             derived (no id, space, bound)                           p:Gaussian   [0.    0.098]
omega         derived (no id, space, bound)                           p:Uniform   [0.0, 360.0]

----- common model:  c
P             id:   5  s:Log_Base2   b:[      0.3785,       6.6439]   p:Uniform   []
K             id:   6  s:Log_Base2   b:[     -9.9658,       3.3219]   p:Uniform   []
sre_coso      id:   7  s:Linear      b:[     -1.0000,       1.0000]   p:Uniform   []
sre_sino      id:   8  s:Linear      b:[     -1.0000,       1.0000]   p:Uniform   []
mean_long     id:   9  s:Linear      b:[      0.0000,     360.0000]   p:Uniform   []
e             derived (no id, space, bound)                           p:Gaussian   [0.    0.098]
omega         derived (no id, space, bound)                           p:Uniform   [0.0, 360.0]

----- common model:  d
P             id:  10  s:Log_Base2   b:[      0.3785,       6.6439]   p:Uniform   []
K             id:  11  s:Log_Base2   b:[     -9.9658,       3.3219]   p:Uniform   []
sre_coso      id:  12  s:Linear      b:[     -1.0000,       1.0000]   p:Uniform   []
sre_sino      id:  13  s:Linear      b:[     -1.0000,       1.0000]   p:Uniform   []
mean_long     id:  14  s:Linear      b:[      0.0000,     360.0000]   p:Uniform   []
e             derived (no id, space, bound)                           p:Gaussian   [0.    0.098]
omega         derived (no id, space, bound)                           p:Uniform   [0.0, 360.0]

----- common model:  star_parameters
mass          derived (no id, space, bound)                           p:Gaussian   [1.e+00 1.e-06]
radius        derived (no id, space, bound)                           p:Gaussian   [1.e+00 1.e-06]
density       derived (no id, space, bound)                           p:Gaussian   [1.e+00 1.e-06]

Include priors:  True

Reference Time Tref:  59334.700184

Dimensions =  22
Nwalkers =  88

Using threading pool for PyDE: True
PyDE running
Boundaries redefined after PyDE output
PyDE completed, it took         18.3 seconds

====================================================================================================
     Starting point of the sample/optimization routines    
====================================================================================================

----- dataset:  RVdata_expres
jitter_0        15      1.288483 [    0.0010,    11.5000]
offset_0        16      8.538524 [-9995.9140, 10012.9990]

----- dataset:  RVdata_harps
jitter_0        17      1.176231 [    0.0009,    13.3000]
offset_0        18      9.246767 [-9995.5653, 10012.9467]
offset_1        19      9.903809 [-9995.5653, 10012.9467]

----- dataset:  RVdata_neid
jitter_0        20      1.250827 [    0.0010,    12.3000]
offset_0        21      9.387616 [-9995.1596, 10013.5484]

----- common model:  b
P                0      3.734963 [    0.3785,     6.6439]
K                1     -0.422630 [   -9.9658,     3.3219]
sre_coso         2      0.093747 [   -1.0000,     1.0000]
sre_sino         3      0.252092 [   -1.0000,     1.0000]
mean_long        4    213.905279 [   33.9053,   393.9053]

----- common model:  c
P                5      4.364809 [    0.3785,     6.6439]
K                6     -0.773418 [   -9.9658,     3.3219]
sre_coso         7     -0.216782 [   -1.0000,     1.0000]
sre_sino         8     -0.257699 [   -1.0000,     1.0000]
mean_long        9    171.518527 [   -8.4815,   351.5185]

----- common model:  d
P               10      1.542338 [    0.3785,     6.6439]
K               11      1.132338 [   -9.9658,     3.3219]
sre_coso        12     -0.261988 [   -1.0000,     1.0000]
sre_sino        13     -0.108926 [   -1.0000,     1.0000]
mean_long       14    196.370549 [   16.3705,   376.3705]

----- common model:  star_parameters

====================================================================================================
     Starting point projected onto the model parameter space     
====================================================================================================

----- dataset:  RVdata_expres
jitter_0              1.288483 
offset_0              8.538524 


----- dataset:  RVdata_harps
jitter_0              1.176231 
offset_0              9.246767 
offset_1              9.903809 


----- dataset:  RVdata_neid
jitter_0              1.250827 
offset_0              9.387616 


----- common model:  b
P                    13.314839 
K                     0.746063 
mean_long           213.905279 
e                     0.072339 
omega                69.601091 

----- common model:  c
P                    20.603383 
K                     0.585030 
mean_long           171.518527 
e                     0.113403 
omega              -130.071294 

----- common model:  d
P                     2.912661 
K                     2.192136 
mean_long           196.370549 
e                     0.080502 
omega              -157.424076 

----- common model:  star_parameters

====================================================================================================
     Derived parameters obtained from starting point     
====================================================================================================

----- common model:  b
Inclination fixed to 90 deg!
a_Rs                 23.630531 
M_Mj                  0.008676 
M_Me                  2.758035 
Tc                59343.330654 
a_AU_(M)              0.109941 
a_AU_(rho,R)          0.109940 

----- common model:  c
Inclination fixed to 90 deg!
a_Rs                 31.613666 
M_Mj                  0.007839 
M_Me                  2.491905 
Tc                59351.149535 
a_AU_(M)              0.147083 
a_AU_(rho,R)          0.147082 

----- common model:  d
Inclination fixed to 90 deg!
a_Rs                  8.579115 
M_Mj                  0.015351 
M_Me                  4.879843 
Tc                59336.822713 
a_AU_(M)              0.039914 
a_AU_(rho,R)          0.039914 


====================================================================================================
     Statistics on the log-likelihood     
====================================================================================================

 LN probability:  -569.130248 

====================================================================================================
     ------------------------------------------------------------------------------------------     
====================================================================================================



*************************************************************

Running emcee

emcee version:  3.1.6
Using threading pool for emcee: True

Saving temporary steps


Computing the autocorrelation time of the chains

***** WARNING ******
The integrated autocorrelation time cannot be reliably estimated
likely the chains are too short, and ACF analysis is not fully reliable
emcee.autocorr.integrated_time tolerance lowered to 20
If you still get a warning, you should drop these results entirely

Reference thinning used in the analysis: 150
Maximum value of the integrated ACF: 2
Step length used in the analysis: 2*nthin = 300

Convergence criteria: less than 1% variation in ACF after 20 times the integrated ACF
At least 50*ACF after convergence, 100*ACF would be ideal
Negative values: not converged yet

   sampler parameter              |    ACF   | ACF*nthin | converged at | nsteps/ACF | to 100*ACF
                                  |          |           |              |            | 
   RVdata_expres_jitter_0         |    2.25  |      337  |    11400     |      11    |   30130 
   RVdata_expres_offset_0         |    2.81  |      421  |    12900     |       5    |   39976 
   RVdata_harps_jitter_0          |    2.50  |      374  |    11400     |      10    |   33846 
   RVdata_harps_offset_0          |    2.42  |      363  |    11100     |      11    |   32445 
   RVdata_harps_offset_1          |    2.25  |      337  |     9900     |      15    |   28581 
   RVdata_neid_jitter_0           |    2.59  |      388  |    11100     |      10    |   34925 
   RVdata_neid_offset_0           |    2.52  |      378  |    12300     |       7    |   35111 
   b_P                            |    2.73  |      410  |    12000     |       7    |   38007 
   b_K                            |    2.51  |      376  |    12300     |       7    |   34892 
   b_sre_coso                     |    2.47  |      371  |    10500     |      12    |   32598 
   b_sre_sino                     |    2.95  |      443  |    12000     |       7    |   41294 
   b_mean_long                    |    2.71  |      406  |    11100     |      10    |   36742 
   c_P                            |    2.81  |      421  |    11100     |       9    |   38239 
   c_K                            |    2.75  |      413  |    12000     |       7    |   38252 
   c_sre_coso                     |    2.79  |      419  |    10800     |      10    |   37679 
   c_sre_sino                     |    2.59  |      389  |    14400     |       2    |   38291 
   c_mean_long                    |    2.78  |      416  |    12000     |       7    |   38629 
   d_P                            |    2.77  |      416  |    12000     |       7    |   38616 
   d_K                            |    2.32  |      349  |    11700     |       9    |   31566 
   d_sre_coso                     |    2.58  |      387  |    11100     |      10    |   34826 
   d_sre_sino                     |    2.39  |      359  |    12900     |       6    |   33789 
   d_mean_long                    |    2.76  |      415  |    10800     |      10    |   37269 

All the chains have converged, but PyORBIT should keep running for about:
16193 more steps to reach 50*ACF,
35714 more steps to reach 100*ACF
Suggested value for burnin: 11673

Check the documentation for the correct interpretation of these results:
https://pyorbit.readthedocs.io/running_pyorbit/terminal_output/#autocorrelation-analysis

====================================================================================================
     Statistics on the posterior of the sampler parameters     
====================================================================================================

----- dataset:  RVdata_expres
jitter_0        15         1.353       -0.098         0.11   (15-84 p)   [    0.0010,    11.5000]
offset_0        16          8.53        -0.14         0.15   (15-84 p)   [-9995.9140, 10012.9990]

----- dataset:  RVdata_harps
jitter_0        17         1.224       -0.088        0.096   (15-84 p)   [    0.0009,    13.3000]
offset_0        18          9.25        -0.14         0.15   (15-84 p)   [-9995.5653, 10012.9467]
offset_1        19          9.90        -0.26         0.26   (15-84 p)   [-9995.5653, 10012.9467]

----- dataset:  RVdata_neid
jitter_0        20          1.30        -0.10         0.12   (15-84 p)   [    0.0010,    12.3000]
offset_0        21          9.38        -0.15         0.16   (15-84 p)   [-9995.1596, 10013.5484]

----- common model:  b
P                0         3.735       -0.025        0.026   (15-84 p)   [    0.3785,     6.6439]
K                1         -0.45        -0.25         0.21   (15-84 p)   [   -9.9658,     3.3219]
sre_coso         2          0.05        -0.21         0.19   (15-84 p)   [   -1.0000,     1.0000]
sre_sino         3          0.10        -0.21         0.18   (15-84 p)   [   -1.0000,     1.0000]
mean_long        4           213          -24           22   (15-84 p)   [   33.9053,   393.9053]

----- common model:  c
P                5         4.376       -0.043        0.061   (15-84 p)   [    0.3785,     6.6439]
K                6         -0.92        -0.38         0.31   (15-84 p)   [   -9.9658,     3.3219]
sre_coso         7         -0.10        -0.21         0.22   (15-84 p)   [   -1.0000,     1.0000]
sre_sino         8         -0.07        -0.20         0.23   (15-84 p)   [   -1.0000,     1.0000]
mean_long        9           177          -25           30   (15-84 p)   [   -8.4815,   351.5185]

----- common model:  d
P               10        1.5425      -0.0013       0.0013   (15-84 p)   [    0.3785,     6.6439]
K               11         1.114       -0.087        0.083   (15-84 p)   [   -9.9658,     3.3219]
sre_coso        12         -0.18        -0.11         0.16   (15-84 p)   [   -1.0000,     1.0000]
sre_sino        13         -0.11        -0.13         0.16   (15-84 p)   [   -1.0000,     1.0000]
mean_long       14         196.7         -5.7          6.0   (15-84 p)   [   16.3705,   376.3705]

----- common model:  star_parameters

====================================================================================================
     Statistics on the model parameters obtained from the posteriors samples     
====================================================================================================

----- dataset:  RVdata_expres
jitter_0                 1.353       -0.098         0.11    (15-84 p)
offset_0                  8.53        -0.14         0.15    (15-84 p)


----- dataset:  RVdata_harps
jitter_0                 1.224       -0.088        0.096    (15-84 p)
offset_0                  9.25        -0.14         0.15    (15-84 p)
offset_1                  9.90        -0.26         0.26    (15-84 p)


----- dataset:  RVdata_neid
jitter_0                  1.30        -0.10         0.12    (15-84 p)
offset_0                  9.38        -0.15         0.16    (15-84 p)


----- common model:  b
P                        13.31        -0.23         0.24    (15-84 p)
K                         0.73        -0.12         0.12    (15-84 p)
mean_long                  213          -24           22    (15-84 p)
e                        0.068       -0.047        0.070    (15-84 p)
omega                       46         -117           74    (15-84 p)

----- common model:  c
P                        20.77        -0.61         0.89    (15-84 p)
K                         0.53        -0.12         0.13    (15-84 p)
mean_long                  177          -25           30    (15-84 p)
e                        0.078       -0.056        0.083    (15-84 p)
omega                      -63          -83          197    (15-84 p)

----- common model:  d
P                       2.9130      -0.0026       0.0027    (15-84 p)
K                         2.16        -0.13         0.13    (15-84 p)
mean_long                196.7         -5.7          6.0    (15-84 p)
e                        0.069       -0.044        0.050    (15-84 p)
omega                     -120          -40          261    (15-84 p)

----- common model:  star_parameters

====================================================================================================
     Statistics on the derived parameters obtained from the posteriors samples     
====================================================================================================

----- common model:  b
Inclination fixed to 90 deg!
Computing planetary mass under the approximation M_planet << M_star (threshold at 30.0 Me)
a_Rs                     23.63        -0.27         0.28    (15-84 p)
M_Mj                    0.0085      -0.0014       0.0014    (15-84 p)
M_Me                      2.71        -0.44         0.44    (15-84 p)
Tc                    59343.41        -0.74         0.74    (15-84 p)
a_AU_(M)                0.1099      -0.0013       0.0013    (15-84 p)
a_AU_(rho,R)            0.1099      -0.0013       0.0013    (15-84 p)

----- common model:  c
Inclination fixed to 90 deg!
Computing planetary mass under the approximation M_planet << M_star (threshold at 30.0 Me)
a_Rs                     31.78        -0.63         0.90    (15-84 p)
M_Mj                    0.0071      -0.0016       0.0017    (15-84 p)
M_Me                      2.26        -0.52         0.53    (15-84 p)
Tc                     59350.7         -1.4          1.2    (15-84 p)
a_AU_(M)                0.1479      -0.0029       0.0042    (15-84 p)
a_AU_(rho,R)            0.1479      -0.0029       0.0042    (15-84 p)

----- common model:  d
Inclination fixed to 90 deg!
Computing planetary mass under the approximation M_planet << M_star (threshold at 30.0 Me)
a_Rs                    8.5797      -0.0052       0.0052    (15-84 p)
M_Mj                   0.01515     -0.00088      0.00090    (15-84 p)
M_Me                      4.82        -0.28         0.29    (15-84 p)
Tc                   59336.792       -0.067        0.071    (15-84 p)
a_AU_(M)              0.039917    -0.000024     0.000024    (15-84 p)
a_AU_(rho,R)          0.039917    -0.000024     0.000024    (15-84 p)


====================================================================================================
     ------------------------------------------------------------------------------------------     
====================================================================================================



15000.0   steps completed, average lnprob:,  -579.9274846326064


Computing the autocorrelation time of the chains

The chains are more than 50 times longer than the ACF, the estimate can be trusted

Reference thinning used in the analysis: 150
Maximum value of the integrated ACF: 3
Step length used in the analysis: 3*nthin = 450

Convergence criteria: less than 1% variation in ACF after 50 times the integrated ACF
At least 50*ACF after convergence, 100*ACF would be ideal
Negative values: not converged yet

   sampler parameter              |    ACF   | ACF*nthin | converged at | nsteps/ACF | to 100*ACF
                                  |          |           |              |            | 
   RVdata_expres_jitter_0         |    2.71  |      407  |    23850     |      15    |   34572 
   RVdata_expres_offset_0         |    3.17  |      476  |    25650     |       9    |   43233 
   RVdata_harps_jitter_0          |    2.70  |      405  |    22500     |      19    |   32975 
   RVdata_harps_offset_0          |    2.90  |      435  |    23850     |      14    |   37319 
   RVdata_harps_offset_1          |    2.70  |      406  |    23400     |      16    |   33963 
   RVdata_neid_jitter_0           |    2.85  |      427  |    24750     |      12    |   37483 
   RVdata_neid_offset_0           |    2.90  |      435  |    24300     |      13    |   37836 
   b_P                            |    2.99  |      448  |    24300     |      13    |   39117 
   b_K                            |    2.84  |      426  |    23400     |      15    |   36023 
   b_sre_coso                     |    3.15  |      473  |    25650     |       9    |   42936 
   b_sre_sino                     |    3.11  |      467  |    26100     |       8    |   42759 
   b_mean_long                    |    2.91  |      436  |    24300     |      13    |   37930 
   c_P                            |    3.79  |      568  |       -1     |      -1    |   57378 
   c_K                            |    3.14  |      470  |    26550     |       7    |   43595 
   c_sre_coso                     |    3.16  |      473  |    25650     |       9    |   42986 
   c_sre_sino                     |    3.16  |      474  |    25650     |       9    |   43007 
   c_mean_long                    |    3.46  |      519  |    27900     |       4    |   49798 
   d_P                            |    3.15  |      473  |    25650     |       9    |   42938 
   d_K                            |    2.79  |      419  |    23400     |      16    |   35282 
   d_sre_coso                     |    3.19  |      478  |    26100     |       8    |   43921 
   d_sre_sino                     |    3.07  |      461  |    25650     |       9    |   41753 
   d_mean_long                    |    3.00  |      450  |    24750     |      12    |   39714 

     1 chains have not converged yet, keep going 

Check the documentation for the correct interpretation of these results:
https://pyorbit.readthedocs.io/running_pyorbit/terminal_output/#autocorrelation-analysis

====================================================================================================
     Statistics on the posterior of the sampler parameters     
====================================================================================================

----- dataset:  RVdata_expres
jitter_0        15         1.350       -0.100         0.11   (15-84 p)   [    0.0010,    11.5000]
offset_0        16          8.53        -0.14         0.14   (15-84 p)   [-9995.9140, 10012.9990]

----- dataset:  RVdata_harps
jitter_0        17         1.221       -0.084        0.098   (15-84 p)   [    0.0009,    13.3000]
offset_0        18          9.26        -0.15         0.15   (15-84 p)   [-9995.5653, 10012.9467]
offset_1        19          9.91        -0.26         0.26   (15-84 p)   [-9995.5653, 10012.9467]

----- dataset:  RVdata_neid
jitter_0        20          1.30        -0.10         0.12   (15-84 p)   [    0.0010,    12.3000]
offset_0        21          9.39        -0.15         0.15   (15-84 p)   [-9995.1596, 10013.5484]

----- common model:  b
P                0         3.735       -0.026        0.025   (15-84 p)   [    0.3785,     6.6439]
K                1         -0.46        -0.25         0.21   (15-84 p)   [   -9.9658,     3.3219]
sre_coso         2          0.03        -0.20         0.20   (15-84 p)   [   -1.0000,     1.0000]
sre_sino         3          0.08        -0.20         0.20   (15-84 p)   [   -1.0000,     1.0000]
mean_long        4           213          -25           23   (15-84 p)   [   33.9053,   393.9053]

----- common model:  c
P                5         4.376       -0.042        0.058   (15-84 p)   [    0.3785,     6.6439]
K                6         -0.92        -0.37         0.30   (15-84 p)   [   -9.9658,     3.3219]
sre_coso         7         -0.11        -0.20         0.23   (15-84 p)   [   -1.0000,     1.0000]
sre_sino         8         -0.06        -0.21         0.22   (15-84 p)   [   -1.0000,     1.0000]
mean_long        9           178          -25           30   (15-84 p)   [   -8.4815,   351.5185]

----- common model:  d
P               10        1.5425      -0.0013       0.0013   (15-84 p)   [    0.3785,     6.6439]
K               11         1.119       -0.087        0.082   (15-84 p)   [   -9.9658,     3.3219]
sre_coso        12         -0.19        -0.11         0.16   (15-84 p)   [   -1.0000,     1.0000]
sre_sino        13         -0.11        -0.13         0.16   (15-84 p)   [   -1.0000,     1.0000]
mean_long       14         196.7         -5.6          5.7   (15-84 p)   [   16.3705,   376.3705]

----- common model:  star_parameters

====================================================================================================
     Statistics on the model parameters obtained from the posteriors samples     
====================================================================================================

----- dataset:  RVdata_expres
jitter_0                 1.350       -0.100         0.11    (15-84 p)
offset_0                  8.53        -0.14         0.14    (15-84 p)


----- dataset:  RVdata_harps
jitter_0                 1.221       -0.084        0.098    (15-84 p)
offset_0                  9.26        -0.15         0.15    (15-84 p)
offset_1                  9.91        -0.26         0.26    (15-84 p)


----- dataset:  RVdata_neid
jitter_0                  1.30        -0.10         0.12    (15-84 p)
offset_0                  9.39        -0.15         0.15    (15-84 p)


----- common model:  b
P                        13.32        -0.24         0.24    (15-84 p)
K                         0.73        -0.12         0.12    (15-84 p)
mean_long                  213          -25           23    (15-84 p)
e                        0.064       -0.045        0.072    (15-84 p)
omega                       43         -128           80    (15-84 p)

----- common model:  c
P                        20.77        -0.59         0.86    (15-84 p)
K                         0.53        -0.12         0.12    (15-84 p)
mean_long                  178          -25           30    (15-84 p)
e                        0.082       -0.056        0.082    (15-84 p)
omega                      -59          -88          197    (15-84 p)

----- common model:  d
P                       2.9129      -0.0026       0.0027    (15-84 p)
K                         2.17        -0.13         0.13    (15-84 p)
mean_long                196.7         -5.6          5.7    (15-84 p)
e                        0.070       -0.044        0.048    (15-84 p)
omega                     -122          -39          267    (15-84 p)

----- common model:  star_parameters

====================================================================================================
     Statistics on the derived parameters obtained from the posteriors samples     
====================================================================================================

----- common model:  b
Inclination fixed to 90 deg!
Computing planetary mass under the approximation M_planet << M_star (threshold at 30.0 Me)
a_Rs                     23.64        -0.28         0.28    (15-84 p)
M_Mj                    0.0084      -0.0014       0.0013    (15-84 p)
M_Me                      2.68        -0.43         0.43    (15-84 p)
Tc                    59343.42        -0.77         0.77    (15-84 p)
a_AU_(M)                0.1100      -0.0013       0.0013    (15-84 p)
a_AU_(rho,R)            0.1100      -0.0013       0.0013    (15-84 p)

----- common model:  c
Inclination fixed to 90 deg!
Computing planetary mass under the approximation M_planet << M_star (threshold at 30.0 Me)
a_Rs                     31.78        -0.61         0.87    (15-84 p)
M_Mj                    0.0071      -0.0016       0.0016    (15-84 p)
M_Me                      2.26        -0.51         0.52    (15-84 p)
Tc                     59350.6         -1.4          1.2    (15-84 p)
a_AU_(M)                0.1479      -0.0028       0.0040    (15-84 p)
a_AU_(rho,R)            0.1479      -0.0028       0.0040    (15-84 p)

----- common model:  d
Inclination fixed to 90 deg!
Computing planetary mass under the approximation M_planet << M_star (threshold at 30.0 Me)
a_Rs                    8.5796      -0.0050       0.0052    (15-84 p)
M_Mj                   0.01519     -0.00088      0.00089    (15-84 p)
M_Me                      4.83        -0.28         0.28    (15-84 p)
Tc                   59336.795       -0.068        0.070    (15-84 p)
a_AU_(M)              0.039916    -0.000023     0.000024    (15-84 p)
a_AU_(rho,R)          0.039916    -0.000023     0.000024    (15-84 p)


====================================================================================================
     ------------------------------------------------------------------------------------------     
====================================================================================================



30000.0   steps completed, average lnprob:,  -580.6649979552333


Computing the autocorrelation time of the chains

The chains are more than 50 times longer than the ACF, the estimate can be trusted

Reference thinning used in the analysis: 150
Maximum value of the integrated ACF: 4
Step length used in the analysis: 4*nthin = 600

Convergence criteria: less than 1% variation in ACF after 50 times the integrated ACF
At least 50*ACF after convergence, 100*ACF would be ideal
Negative values: not converged yet

   sampler parameter              |    ACF   | ACF*nthin | converged at | nsteps/ACF | to 100*ACF
                                  |          |           |              |            | 
   RVdata_expres_jitter_0         |    2.84  |      426  |    29400     |      37    |   27034 
   RVdata_expres_offset_0         |    3.25  |      487  |    27000     |      37    |   30723 
   RVdata_harps_jitter_0          |    2.91  |      436  |    26400     |      43    |   25016 
   RVdata_harps_offset_0          |    2.97  |      446  |    25200     |      44    |   24751 
   RVdata_harps_offset_1          |    2.78  |      417  |    25200     |      47    |   21945 
   RVdata_neid_jitter_0           |    2.95  |      443  |    27000     |      41    |   26313 
   RVdata_neid_offset_0           |    2.96  |      443  |    25800     |      43    |   25146 
   b_P                            |    3.18  |      477  |    27600     |      36    |   30304 
   b_K                            |    3.04  |      455  |    25800     |      42    |   26346 
   b_sre_coso                     |    3.24  |      486  |    29400     |      32    |   32985 
   b_sre_sino                     |    3.28  |      492  |    28800     |      33    |   33044 
   b_mean_long                    |    3.13  |      469  |    27600     |      37    |   29495 
   c_P                            |    4.08  |      612  |    35400     |      16    |   51633 
   c_K                            |    3.50  |      525  |    30600     |      27    |   38088 
   c_sre_coso                     |    3.27  |      491  |    27000     |      37    |   31095 
   c_sre_sino                     |    3.25  |      488  |    27000     |      37    |   30800 
   c_mean_long                    |    3.67  |      551  |    31200     |      25    |   41295 
   d_P                            |    3.42  |      514  |    28200     |      33    |   34556 
   d_K                            |    3.15  |      473  |    27600     |      37    |   29880 
   d_sre_coso                     |    3.45  |      517  |    30000     |      29    |   36718 
   d_sre_sino                     |    3.18  |      477  |    26400     |      39    |   29132 
   d_mean_long                    |    3.30  |      495  |    27600     |      35    |   32121 

All the chains have converged, but PyORBIT should keep running for about:
7150 more steps to reach 50*ACF,
31292 more steps to reach 100*ACF
Suggested value for burnin: 28009

Check the documentation for the correct interpretation of these results:
https://pyorbit.readthedocs.io/running_pyorbit/terminal_output/#autocorrelation-analysis

====================================================================================================
     Statistics on the posterior of the sampler parameters     
====================================================================================================

----- dataset:  RVdata_expres
jitter_0        15         1.352       -0.099         0.11   (15-84 p)   [    0.0010,    11.5000]
offset_0        16          8.53        -0.14         0.14   (15-84 p)   [-9995.9140, 10012.9990]

----- dataset:  RVdata_harps
jitter_0        17         1.221       -0.086        0.097   (15-84 p)   [    0.0009,    13.3000]
offset_0        18          9.26        -0.15         0.14   (15-84 p)   [-9995.5653, 10012.9467]
offset_1        19          9.91        -0.26         0.26   (15-84 p)   [-9995.5653, 10012.9467]

----- dataset:  RVdata_neid
jitter_0        20          1.30        -0.10         0.12   (15-84 p)   [    0.0010,    12.3000]
offset_0        21          9.39        -0.15         0.15   (15-84 p)   [-9995.1596, 10013.5484]

----- common model:  b
P                0         3.736       -0.026        0.025   (15-84 p)   [    0.3785,     6.6439]
K                1         -0.46        -0.25         0.21   (15-84 p)   [   -9.9658,     3.3219]
sre_coso         2          0.03        -0.20         0.20   (15-84 p)   [   -1.0000,     1.0000]
sre_sino         3          0.09        -0.21         0.19   (15-84 p)   [   -1.0000,     1.0000]
mean_long        4           213          -24           23   (15-84 p)   [   33.9053,   393.9053]

----- common model:  c
P                5         4.377       -0.042        0.060   (15-84 p)   [    0.3785,     6.6439]
K                6         -0.92        -0.38         0.30   (15-84 p)   [   -9.9658,     3.3219]
sre_coso         7         -0.11        -0.20         0.23   (15-84 p)   [   -1.0000,     1.0000]
sre_sino         8         -0.06        -0.21         0.23   (15-84 p)   [   -1.0000,     1.0000]
mean_long        9           179          -25           30   (15-84 p)   [   -8.4815,   351.5185]

----- common model:  d
P               10        1.5424      -0.0013       0.0013   (15-84 p)   [    0.3785,     6.6439]
K               11         1.117       -0.088        0.082   (15-84 p)   [   -9.9658,     3.3219]
sre_coso        12         -0.19        -0.11         0.16   (15-84 p)   [   -1.0000,     1.0000]
sre_sino        13         -0.11        -0.13         0.16   (15-84 p)   [   -1.0000,     1.0000]
mean_long       14         196.7         -5.7          5.8   (15-84 p)   [   16.3705,   376.3705]

----- common model:  star_parameters

====================================================================================================
     Statistics on the model parameters obtained from the posteriors samples     
====================================================================================================

----- dataset:  RVdata_expres
jitter_0                 1.352       -0.099         0.11    (15-84 p)
offset_0                  8.53        -0.14         0.14    (15-84 p)


----- dataset:  RVdata_harps
jitter_0                 1.221       -0.086        0.097    (15-84 p)
offset_0                  9.26        -0.15         0.14    (15-84 p)
offset_1                  9.91        -0.26         0.26    (15-84 p)


----- dataset:  RVdata_neid
jitter_0                  1.30        -0.10         0.12    (15-84 p)
offset_0                  9.39        -0.15         0.15    (15-84 p)


----- common model:  b
P                        13.32        -0.24         0.24    (15-84 p)
K                         0.73        -0.12         0.11    (15-84 p)
mean_long                  213          -24           23    (15-84 p)
e                        0.065       -0.046        0.072    (15-84 p)
omega                       45         -128           79    (15-84 p)

----- common model:  c
P                        20.78        -0.60         0.88    (15-84 p)
K                         0.53        -0.12         0.12    (15-84 p)
mean_long                  179          -25           30    (15-84 p)
e                        0.081       -0.057        0.082    (15-84 p)
omega                      -59          -88          195    (15-84 p)

----- common model:  d
P                       2.9129      -0.0026       0.0027    (15-84 p)
K                         2.17        -0.13         0.13    (15-84 p)
mean_long                196.7         -5.7          5.8    (15-84 p)
e                        0.070       -0.044        0.047    (15-84 p)
omega                     -123          -38          268    (15-84 p)

----- common model:  star_parameters

====================================================================================================
     Statistics on the derived parameters obtained from the posteriors samples     
====================================================================================================

----- common model:  b
Inclination fixed to 90 deg!
Computing planetary mass under the approximation M_planet << M_star (threshold at 30.0 Me)
a_Rs                     23.64        -0.28         0.28    (15-84 p)
M_Mj                    0.0084      -0.0013       0.0013    (15-84 p)
M_Me                      2.69        -0.43         0.42    (15-84 p)
Tc                    59343.43        -0.77         0.75    (15-84 p)
a_AU_(M)                0.1100      -0.0013       0.0013    (15-84 p)
a_AU_(rho,R)            0.1100      -0.0013       0.0013    (15-84 p)

----- common model:  c
Inclination fixed to 90 deg!
Computing planetary mass under the approximation M_planet << M_star (threshold at 30.0 Me)
a_Rs                     31.80        -0.61         0.90    (15-84 p)
M_Mj                    0.0071      -0.0016       0.0016    (15-84 p)
M_Me                      2.26        -0.52         0.51    (15-84 p)
Tc                     59350.6         -1.4          1.2    (15-84 p)
a_AU_(M)                0.1479      -0.0029       0.0042    (15-84 p)
a_AU_(rho,R)            0.1479      -0.0029       0.0042    (15-84 p)

----- common model:  d
Inclination fixed to 90 deg!
Computing planetary mass under the approximation M_planet << M_star (threshold at 30.0 Me)
a_Rs                    8.5795      -0.0050       0.0053    (15-84 p)
M_Mj                   0.01518     -0.00089      0.00089    (15-84 p)
M_Me                      4.83        -0.28         0.28    (15-84 p)
Tc                   59336.795       -0.068        0.071    (15-84 p)
a_AU_(M)              0.039916    -0.000023     0.000025    (15-84 p)
a_AU_(rho,R)          0.039916    -0.000023     0.000025    (15-84 p)


====================================================================================================
     ------------------------------------------------------------------------------------------     
====================================================================================================



45000.0   steps completed, average lnprob:,  -580.2585909036429


Computing the autocorrelation time of the chains

The chains are more than 50 times longer than the ACF, the estimate can be trusted

Reference thinning used in the analysis: 150
Maximum value of the integrated ACF: 4
Step length used in the analysis: 4*nthin = 600

Convergence criteria: less than 1% variation in ACF after 50 times the integrated ACF
At least 50*ACF after convergence, 100*ACF would be ideal
Negative values: not converged yet

   sampler parameter              |    ACF   | ACF*nthin | converged at | nsteps/ACF | to 100*ACF
                                  |          |           |              |            | 
   RVdata_expres_jitter_0         |    2.89  |      433  |    29400     |      71    |   12692 
   RVdata_expres_offset_0         |    3.36  |      504  |    28200     |      63    |   18603 
   RVdata_harps_jitter_0          |    3.03  |      454  |    26400     |      74    |   11820 
   RVdata_harps_offset_0          |    3.08  |      463  |    25800     |      74    |   12055 
   RVdata_harps_offset_1          |    2.97  |      446  |    27600     |      73    |   12215 
   RVdata_neid_jitter_0           |    3.09  |      463  |    28200     |      69    |   14508 
   RVdata_neid_offset_0           |    3.00  |      450  |    25800     |      76    |   10759 
   b_P                            |    3.30  |      494  |    28800     |      63    |   18233 
   b_K                            |    3.17  |      476  |    27000     |      69    |   14552 
   b_sre_coso                     |    3.26  |      489  |    29400     |      63    |   18344 
   b_sre_sino                     |    3.37  |      506  |    30000     |      59    |   20594 
   b_mean_long                    |    3.23  |      485  |    28200     |      66    |   16698 
   c_P                            |    4.24  |      637  |    35400     |      39    |   39073 
   c_K                            |    3.59  |      539  |    30600     |      55    |   24485 
   c_sre_coso                     |    3.34  |      501  |    28200     |      63    |   18329 
   c_sre_sino                     |    3.37  |      506  |    29400     |      60    |   20012 
   c_mean_long                    |    3.76  |      564  |    31800     |      50    |   28195 
   d_P                            |    3.49  |      524  |    28800     |      60    |   21172 
   d_K                            |    3.14  |      471  |    27600     |      69    |   14651 
   d_sre_coso                     |    3.47  |      521  |    30000     |      58    |   22071 
   d_sre_sino                     |    3.20  |      480  |    27000     |      69    |   15000 
   d_mean_long                    |    3.32  |      498  |    27600     |      65    |   17388 

All the chains have converged, but PyORBIT should keep running for about:
7236 more steps to reach 50*ACF,
18248 more steps to reach 100*ACF
Suggested value for burnin: 28691

Check the documentation for the correct interpretation of these results:
https://pyorbit.readthedocs.io/running_pyorbit/terminal_output/#autocorrelation-analysis

====================================================================================================
     Statistics on the posterior of the sampler parameters     
====================================================================================================

----- dataset:  RVdata_expres
jitter_0        15         1.352       -0.100         0.11   (15-84 p)   [    0.0010,    11.5000]
offset_0        16          8.53        -0.14         0.15   (15-84 p)   [-9995.9140, 10012.9990]

----- dataset:  RVdata_harps
jitter_0        17         1.221       -0.087        0.097   (15-84 p)   [    0.0009,    13.3000]
offset_0        18          9.26        -0.15         0.15   (15-84 p)   [-9995.5653, 10012.9467]
offset_1        19          9.91        -0.26         0.27   (15-84 p)   [-9995.5653, 10012.9467]

----- dataset:  RVdata_neid
jitter_0        20          1.31        -0.10         0.12   (15-84 p)   [    0.0010,    12.3000]
offset_0        21          9.39        -0.15         0.15   (15-84 p)   [-9995.1596, 10013.5484]

----- common model:  b
P                0         3.735       -0.026        0.025   (15-84 p)   [    0.3785,     6.6439]
K                1         -0.46        -0.25         0.21   (15-84 p)   [   -9.9658,     3.3219]
sre_coso         2          0.04        -0.21         0.20   (15-84 p)   [   -1.0000,     1.0000]
sre_sino         3          0.10        -0.21         0.19   (15-84 p)   [   -1.0000,     1.0000]
mean_long        4           213          -24           23   (15-84 p)   [   33.9053,   393.9053]

----- common model:  c
P                5         4.378       -0.043        0.060   (15-84 p)   [    0.3785,     6.6439]
K                6         -0.93        -0.38         0.30   (15-84 p)   [   -9.9658,     3.3219]
sre_coso         7         -0.10        -0.20         0.23   (15-84 p)   [   -1.0000,     1.0000]
sre_sino         8         -0.07        -0.21         0.23   (15-84 p)   [   -1.0000,     1.0000]
mean_long        9           179          -26           30   (15-84 p)   [   -8.4815,   351.5185]

----- common model:  d
P               10        1.5425      -0.0013       0.0013   (15-84 p)   [    0.3785,     6.6439]
K               11         1.117       -0.088        0.083   (15-84 p)   [   -9.9658,     3.3219]
sre_coso        12         -0.19        -0.11         0.16   (15-84 p)   [   -1.0000,     1.0000]
sre_sino        13         -0.11        -0.13         0.16   (15-84 p)   [   -1.0000,     1.0000]
mean_long       14         196.7         -5.6          5.8   (15-84 p)   [   16.3705,   376.3705]

----- common model:  star_parameters

====================================================================================================
     Statistics on the model parameters obtained from the posteriors samples     
====================================================================================================

----- dataset:  RVdata_expres
jitter_0                 1.352       -0.100         0.11    (15-84 p)
offset_0                  8.53        -0.14         0.15    (15-84 p)


----- dataset:  RVdata_harps
jitter_0                 1.221       -0.087        0.097    (15-84 p)
offset_0                  9.26        -0.15         0.15    (15-84 p)
offset_1                  9.91        -0.26         0.27    (15-84 p)


----- dataset:  RVdata_neid
jitter_0                  1.31        -0.10         0.12    (15-84 p)
offset_0                  9.39        -0.15         0.15    (15-84 p)


----- common model:  b
P                        13.32        -0.23         0.24    (15-84 p)
K                         0.73        -0.11         0.11    (15-84 p)
mean_long                  213          -24           23    (15-84 p)
e                        0.065       -0.046        0.073    (15-84 p)
omega                       45         -127           78    (15-84 p)

----- common model:  c
P                        20.79        -0.61         0.88    (15-84 p)
K                         0.53        -0.12         0.12    (15-84 p)
mean_long                  179          -26           30    (15-84 p)
e                        0.081       -0.057        0.083    (15-84 p)
omega                      -61          -86          196    (15-84 p)

----- common model:  d
P                       2.9129      -0.0026       0.0026    (15-84 p)
K                         2.17        -0.13         0.13    (15-84 p)
mean_long                196.7         -5.6          5.8    (15-84 p)
e                        0.070       -0.045        0.048    (15-84 p)
omega                     -122          -39          267    (15-84 p)

----- common model:  star_parameters

====================================================================================================
     Statistics on the derived parameters obtained from the posteriors samples     
====================================================================================================

----- common model:  b
Inclination fixed to 90 deg!
Computing planetary mass under the approximation M_planet << M_star (threshold at 30.0 Me)
a_Rs                     23.64        -0.28         0.28    (15-84 p)
M_Mj                    0.0085      -0.0013       0.0013    (15-84 p)
M_Me                      2.69        -0.42         0.42    (15-84 p)
Tc                    59343.42        -0.76         0.75    (15-84 p)
a_AU_(M)                0.1100      -0.0013       0.0013    (15-84 p)
a_AU_(rho,R)            0.1100      -0.0013       0.0013    (15-84 p)

----- common model:  c
Inclination fixed to 90 deg!
Computing planetary mass under the approximation M_planet << M_star (threshold at 30.0 Me)
a_Rs                     31.80        -0.62         0.89    (15-84 p)
M_Mj                    0.0071      -0.0016       0.0016    (15-84 p)
M_Me                      2.25        -0.52         0.52    (15-84 p)
Tc                     59350.6         -1.4          1.2    (15-84 p)
a_AU_(M)                0.1480      -0.0029       0.0041    (15-84 p)
a_AU_(rho,R)            0.1479      -0.0029       0.0041    (15-84 p)

----- common model:  d
Inclination fixed to 90 deg!
Computing planetary mass under the approximation M_planet << M_star (threshold at 30.0 Me)
a_Rs                    8.5796      -0.0050       0.0052    (15-84 p)
M_Mj                   0.01519     -0.00089      0.00089    (15-84 p)
M_Me                      4.83        -0.28         0.28    (15-84 p)
Tc                   59336.795       -0.068        0.071    (15-84 p)
a_AU_(M)              0.039917    -0.000023     0.000024    (15-84 p)
a_AU_(rho,R)          0.039916    -0.000023     0.000024    (15-84 p)


====================================================================================================
     ------------------------------------------------------------------------------------------     
====================================================================================================



60000.0   steps completed, average lnprob:,  -579.7740936089234


emcee completed


:::---::: PyORBIT v11.0.1 :::---:::

Python version in use:
3.10.18 (main, Jun  5 2025, 13:14:17) [GCC 11.2.0]
LaTeX disabled by default

Using orbital model:  keplerian
Using orbital parametrization:  Eastman2013

Using orbital model:  keplerian
Using orbital parametrization:  Eastman2013

Using orbital model:  keplerian
Using orbital parametrization:  Eastman2013


### PyORBIT version used in the analysis:  11.0.1

 emcee version:  3.1.6

 Reference Time Tref: 59334.700184

 Data points:287
 Dimensions: 22
 Nwalkers:   88
 Steps:      60000


Number of samplings: 26400

Recomputing ln-prior, it may take a while...

ln-probability   distribution:   -580.13       -3.70      3.03 (15-84 p) 
ln-prior         distribution:   -100.20       -1.38      0.77 (15-84 p) 
ln-likelihood    distribution:   -479.67       -3.66      3.07 (15-84 p) 


*** Information criteria using the likelihood distribution

 BIC from distribution  (using likelihood)  =   1083.84     -6.13    7.32 (15-84 p)
 AIC from distribution  (using likelihood)  =   1003.33     -6.13    7.32 (15-84 p)
 AICc from distribution (using likelihood)  =   1007.17     -6.13    7.32 (15-84 p)


*** Information criteria using the median parameter set

 ln_probability of Median solution =   -570.88
 ln_priors of Median solution      =    -99.07
 ln_likelihood of Median solution  =   -471.81

 Median BIC  (using likelihood) =   1068.13
 Median AIC  (using likelihood) =    987.62
 Median AICc (using likelihood) =    991.46


*** Information criteria using the MAP parameter set

 ln_probability of MAP solution =   -572.27
 ln_priors of MAP solution      =    -99.55
 ln_likelihood of MAP solution  =   -472.72

 MAP BIC  (using likelihood)    =   1069.95
 MAP AIC  (using likelihood)    =    989.44
 MAP AICc (using likelihood)    =    993.27

 AICc suggested over AIC because NDATA ( 287 ) < 40 * NDIM ( 22 )

****************************************************************************************************


Computing the autocorrelation time of the chains

The chains are more than 50 times longer than the ACF, the estimate can be trusted

Reference thinning used in the analysis: 150
Maximum value of the integrated ACF: 4
Step length used in the analysis: 4*nthin = 600

Convergence criteria: less than 1% variation in ACF after 50 times the integrated ACF
At least 50*ACF after convergence, 100*ACF would be ideal
Negative values: not converged yet

   sampler parameter              |    ACF   | ACF*nthin | converged at | nsteps/ACF | to 100*ACF
                                  |          |           |              |            | 
   RVdata_expres_jitter_0         |    2.89  |      433  |    29400     |      71    |   12692 
   RVdata_expres_offset_0         |    3.36  |      504  |    28200     |      63    |   18603 
   RVdata_harps_jitter_0          |    3.03  |      454  |    26400     |      74    |   11820 
   RVdata_harps_offset_0          |    3.08  |      463  |    25800     |      74    |   12055 
   RVdata_harps_offset_1          |    2.97  |      446  |    27600     |      73    |   12215 
   RVdata_neid_jitter_0           |    3.09  |      463  |    28200     |      69    |   14508 
   RVdata_neid_offset_0           |    3.00  |      450  |    25800     |      76    |   10759 
   b_P                            |    3.30  |      494  |    28800     |      63    |   18233 
   b_K                            |    3.17  |      476  |    27000     |      69    |   14552 
   b_sre_coso                     |    3.26  |      489  |    29400     |      63    |   18344 
   b_sre_sino                     |    3.37  |      506  |    30000     |      59    |   20594 
   b_mean_long                    |    3.23  |      485  |    28200     |      66    |   16698 
   c_P                            |    4.24  |      637  |    35400     |      39    |   39073 
   c_K                            |    3.59  |      539  |    30600     |      55    |   24485 
   c_sre_coso                     |    3.34  |      501  |    28200     |      63    |   18329 
   c_sre_sino                     |    3.37  |      506  |    29400     |      60    |   20012 
   c_mean_long                    |    3.76  |      564  |    31800     |      50    |   28195 
   d_P                            |    3.49  |      524  |    28800     |      60    |   21172 
   d_K                            |    3.14  |      471  |    27600     |      69    |   14651 
   d_sre_coso                     |    3.47  |      521  |    30000     |      58    |   22071 
   d_sre_sino                     |    3.20  |      480  |    27000     |      69    |   15000 
   d_mean_long                    |    3.32  |      498  |    27600     |      65    |   17388 

All the chains have converged, but PyORBIT should keep running for about:
7236 more steps to reach 50*ACF,
18248 more steps to reach 100*ACF
Suggested value for burnin: 28691

Check the documentation for the correct interpretation of these results:
https://pyorbit.readthedocs.io/running_pyorbit/terminal_output/#autocorrelation-analysis

 Plotting the ACF... 


====================================================================================================
     Ids, spaces (s), boundaries (b) and priors (p) of the sampler parameters     
====================================================================================================

----- dataset:  RVdata_expres
jitter_0      id:  15  s:Linear      b:[      0.0010,      11.5000]   p:Uniform   []
offset_0      id:  16  s:Linear      b:[  -9995.9140,   10012.9990]   p:Uniform   []

----- dataset:  RVdata_harps
jitter_0      id:  17  s:Linear      b:[      0.0009,      13.3000]   p:Uniform   []
offset_0      id:  18  s:Linear      b:[  -9995.5653,   10012.9467]   p:Uniform   []
offset_1      id:  19  s:Linear      b:[  -9995.5653,   10012.9467]   p:Uniform   []

----- dataset:  RVdata_neid
jitter_0      id:  20  s:Linear      b:[      0.0010,      12.3000]   p:Uniform   []
offset_0      id:  21  s:Linear      b:[  -9995.1596,   10013.5484]   p:Uniform   []

----- common model:  b
P             id:   0  s:Log_Base2   b:[      0.3785,       6.6439]   p:Uniform   []
K             id:   1  s:Log_Base2   b:[     -9.9658,       3.3219]   p:Uniform   []
sre_coso      id:   2  s:Linear      b:[     -1.0000,       1.0000]   p:Uniform   []
sre_sino      id:   3  s:Linear      b:[     -1.0000,       1.0000]   p:Uniform   []
mean_long     id:   4  s:Linear      b:[     33.9053,     393.9053]   p:Uniform   []
e             derived (no id, space, bound)                           p:Gaussian   [0.    0.098]
omega         derived (no id, space, bound)                           p:Uniform   [0.0, 360.0]

----- common model:  c
P             id:   5  s:Log_Base2   b:[      0.3785,       6.6439]   p:Uniform   []
K             id:   6  s:Log_Base2   b:[     -9.9658,       3.3219]   p:Uniform   []
sre_coso      id:   7  s:Linear      b:[     -1.0000,       1.0000]   p:Uniform   []
sre_sino      id:   8  s:Linear      b:[     -1.0000,       1.0000]   p:Uniform   []
mean_long     id:   9  s:Linear      b:[     -8.4815,     351.5185]   p:Uniform   []
e             derived (no id, space, bound)                           p:Gaussian   [0.    0.098]
omega         derived (no id, space, bound)                           p:Uniform   [0.0, 360.0]

----- common model:  d
P             id:  10  s:Log_Base2   b:[      0.3785,       6.6439]   p:Uniform   []
K             id:  11  s:Log_Base2   b:[     -9.9658,       3.3219]   p:Uniform   []
sre_coso      id:  12  s:Linear      b:[     -1.0000,       1.0000]   p:Uniform   []
sre_sino      id:  13  s:Linear      b:[     -1.0000,       1.0000]   p:Uniform   []
mean_long     id:  14  s:Linear      b:[     16.3705,     376.3705]   p:Uniform   []
e             derived (no id, space, bound)                           p:Gaussian   [0.    0.098]
omega         derived (no id, space, bound)                           p:Uniform   [0.0, 360.0]

----- common model:  star_parameters
mass          derived (no id, space, bound)                           p:Gaussian   [1.e+00 1.e-06]
radius        derived (no id, space, bound)                           p:Gaussian   [1.e+00 1.e-06]
density       derived (no id, space, bound)                           p:Gaussian   [1.e+00 1.e-06]


****************************************************************************************************
****************************************************************************************************

 Confidence intervals (median value, 34.135th percentile from the median on the left and right side)

====================================================================================================
     Statistics on the posterior of the sampler parameters     
====================================================================================================

----- dataset:  RVdata_expres
jitter_0        15         1.352       -0.100         0.11   (15-84 p)   [    0.0010,    11.5000]
offset_0        16          8.53        -0.14         0.15   (15-84 p)   [-9995.9140, 10012.9990]

----- dataset:  RVdata_harps
jitter_0        17         1.221       -0.087        0.097   (15-84 p)   [    0.0009,    13.3000]
offset_0        18          9.26        -0.15         0.15   (15-84 p)   [-9995.5653, 10012.9467]
offset_1        19          9.91        -0.26         0.27   (15-84 p)   [-9995.5653, 10012.9467]

----- dataset:  RVdata_neid
jitter_0        20          1.31        -0.10         0.12   (15-84 p)   [    0.0010,    12.3000]
offset_0        21          9.39        -0.15         0.15   (15-84 p)   [-9995.1596, 10013.5484]

----- common model:  b
P                0         3.735       -0.026        0.025   (15-84 p)   [    0.3785,     6.6439]
K                1         -0.46        -0.25         0.21   (15-84 p)   [   -9.9658,     3.3219]
sre_coso         2          0.04        -0.21         0.20   (15-84 p)   [   -1.0000,     1.0000]
sre_sino         3          0.10        -0.21         0.19   (15-84 p)   [   -1.0000,     1.0000]
mean_long        4           213          -24           23   (15-84 p)   [   33.9053,   393.9053]

----- common model:  c
P                5         4.378       -0.043        0.060   (15-84 p)   [    0.3785,     6.6439]
K                6         -0.93        -0.38         0.30   (15-84 p)   [   -9.9658,     3.3219]
sre_coso         7         -0.10        -0.20         0.23   (15-84 p)   [   -1.0000,     1.0000]
sre_sino         8         -0.07        -0.21         0.23   (15-84 p)   [   -1.0000,     1.0000]
mean_long        9           179          -26           30   (15-84 p)   [   -8.4815,   351.5185]

----- common model:  d
P               10        1.5425      -0.0013       0.0013   (15-84 p)   [    0.3785,     6.6439]
K               11         1.117       -0.088        0.083   (15-84 p)   [   -9.9658,     3.3219]
sre_coso        12         -0.19        -0.11         0.16   (15-84 p)   [   -1.0000,     1.0000]
sre_sino        13         -0.11        -0.13         0.16   (15-84 p)   [   -1.0000,     1.0000]
mean_long       14         196.7         -5.6          5.8   (15-84 p)   [   16.3705,   376.3705]

----- common model:  star_parameters

====================================================================================================
     Statistics on the model parameters obtained from the posteriors samples     
====================================================================================================

----- dataset:  RVdata_expres
jitter_0                 1.352       -0.100         0.11    (15-84 p)
offset_0                  8.53        -0.14         0.15    (15-84 p)


----- dataset:  RVdata_harps
jitter_0                 1.221       -0.087        0.097    (15-84 p)
offset_0                  9.26        -0.15         0.15    (15-84 p)
offset_1                  9.91        -0.26         0.27    (15-84 p)


----- dataset:  RVdata_neid
jitter_0                  1.31        -0.10         0.12    (15-84 p)
offset_0                  9.39        -0.15         0.15    (15-84 p)


----- common model:  b
P                        13.32        -0.23         0.24    (15-84 p)
K                         0.73        -0.11         0.11    (15-84 p)
mean_long                  213          -24           23    (15-84 p)
e                        0.065       -0.046        0.073    (15-84 p)
omega                       66          -92           90    (15-84 p)

----- common model:  c
P                        20.79        -0.61         0.88    (15-84 p)
K                         0.53        -0.12         0.12    (15-84 p)
mean_long                  179          -26           30    (15-84 p)
e                        0.081       -0.057        0.083    (15-84 p)
omega                     -146          -87           86    (15-84 p)

----- common model:  d
P                       2.9129      -0.0026       0.0026    (15-84 p)
K                         2.17        -0.13         0.13    (15-84 p)
mean_long                196.7         -5.6          5.8    (15-84 p)
e                        0.070       -0.045        0.048    (15-84 p)
omega                     -150          -44           45    (15-84 p)

----- common model:  star_parameters

====================================================================================================
     Statistics on the derived parameters obtained from the posteriors samples     
====================================================================================================

----- common model:  b
Inclination fixed to 90 deg!
Computing planetary mass under the approximation M_planet << M_star (threshold at 30.0 Me)
a_Rs                     23.64        -0.28         0.28    (15-84 p)
M_Mj                    0.0085      -0.0013       0.0013    (15-84 p)
M_Me                      2.69        -0.42         0.42    (15-84 p)
Tc                    59343.42        -0.76         0.75    (15-84 p)
a_AU_(M)                0.1100      -0.0013       0.0013    (15-84 p)
a_AU_(rho,R)            0.1100      -0.0013       0.0013    (15-84 p)

----- common model:  c
Inclination fixed to 90 deg!
Computing planetary mass under the approximation M_planet << M_star (threshold at 30.0 Me)
a_Rs                     31.80        -0.62         0.89    (15-84 p)
M_Mj                    0.0071      -0.0016       0.0016    (15-84 p)
M_Me                      2.25        -0.52         0.52    (15-84 p)
Tc                     59350.6         -1.4          1.2    (15-84 p)
a_AU_(M)                0.1480      -0.0029       0.0041    (15-84 p)
a_AU_(rho,R)            0.1479      -0.0029       0.0041    (15-84 p)

----- common model:  d
Inclination fixed to 90 deg!
Computing planetary mass under the approximation M_planet << M_star (threshold at 30.0 Me)
a_Rs                    8.5796      -0.0050       0.0052    (15-84 p)
M_Mj                   0.01519     -0.00089      0.00089    (15-84 p)
M_Me                      4.83        -0.28         0.28    (15-84 p)
Tc                   59336.795       -0.068        0.071    (15-84 p)
a_AU_(M)              0.039917    -0.000023     0.000024    (15-84 p)
a_AU_(rho,R)          0.039916    -0.000023     0.000024    (15-84 p)


====================================================================================================
     ------------------------------------------------------------------------------------------     
====================================================================================================



****************************************************************************************************

 Parameters corresponding to the Maximum a Posteriori probability ( -572.2724996829396 )

====================================================================================================
     Statistics on the posterior of the sampler parameters     
====================================================================================================

----- dataset:  RVdata_expres
jitter_0        15      1.339297 [    0.0010,    11.5000]
offset_0        16      8.482700 [-9995.9140, 10012.9990]

----- dataset:  RVdata_harps
jitter_0        17      1.207615 [    0.0009,    13.3000]
offset_0        18      9.269686 [-9995.5653, 10012.9467]
offset_1        19      9.956545 [-9995.5653, 10012.9467]

----- dataset:  RVdata_neid
jitter_0        20      1.165902 [    0.0010,    12.3000]
offset_0        21      9.401798 [-9995.1596, 10013.5484]

----- common model:  b
P                0      3.761094 [    0.3785,     6.6439]
K                1     -0.553109 [   -9.9658,     3.3219]
sre_coso         2      0.079383 [   -1.0000,     1.0000]
sre_sino         3      0.127817 [   -1.0000,     1.0000]
mean_long        4    230.897271 [   33.9053,   393.9053]

----- common model:  c
P                5      4.389330 [    0.3785,     6.6439]
K                6     -0.980657 [   -9.9658,     3.3219]
sre_coso         7     -0.196610 [   -1.0000,     1.0000]
sre_sino         8     -0.152921 [   -1.0000,     1.0000]
mean_long        9    185.277362 [   -8.4815,   351.5185]

----- common model:  d
P               10      1.542513 [    0.3785,     6.6439]
K               11      1.221321 [   -9.9658,     3.3219]
sre_coso        12     -0.263951 [   -1.0000,     1.0000]
sre_sino        13     -0.126548 [   -1.0000,     1.0000]
mean_long       14    199.062323 [   16.3705,   376.3705]

----- common model:  star_parameters

====================================================================================================
     Statistics on the model parameters obtained from the posteriors samples     
====================================================================================================

----- dataset:  RVdata_expres
jitter_0              1.339297 
offset_0              8.482700 


----- dataset:  RVdata_harps
jitter_0              1.207615 
offset_0              9.269686 
offset_1              9.956545 


----- dataset:  RVdata_neid
jitter_0              1.165902 
offset_0              9.401798 


----- common model:  b
P                    13.558201 
K                     0.681550 
mean_long           230.897271 
e                     0.022639 
omega                58.157035 

----- common model:  c
P                    20.956559 
K                     0.506749 
mean_long           185.277362 
e                     0.062040 
omega              -142.124659 

----- common model:  d
P                     2.913014 
K                     2.331601 
mean_long           199.062323 
e                     0.085685 
omega              -154.385157 

----- common model:  star_parameters

====================================================================================================
     Statistics on the derived parameters obtained from the posteriors samples     
====================================================================================================

----- common model:  b
Inclination fixed to 90 deg!
a_Rs                 23.917594 
M_Mj                  0.007993 
M_Me                  2.540807 
Tc                59342.901147 
a_AU_(M)              0.111277 
a_AU_(rho,R)          0.111276 

----- common model:  c
Inclination fixed to 90 deg!
a_Rs                 31.973902 
M_Mj                  0.006860 
M_Me                  2.180616 
Tc                59350.446507 
a_AU_(M)              0.148758 
a_AU_(rho,R)          0.148758 

----- common model:  d
Inclination fixed to 90 deg!
a_Rs                  8.579811 
M_Mj                  0.016321 
M_Me                  5.188260 
Tc                59336.804307 
a_AU_(M)              0.039918 
a_AU_(rho,R)          0.039917 


====================================================================================================
     ------------------------------------------------------------------------------------------     
====================================================================================================



****************************************************************************************************

 Parameters corresponding to the sample closest to the median values ( -578.2650706906003 )

====================================================================================================
     Statistics on the posterior of the sampler parameters     
====================================================================================================

----- dataset:  RVdata_expres
jitter_0        15      1.393804 [    0.0010,    11.5000]
offset_0        16      8.598505 [-9995.9140, 10012.9990]

----- dataset:  RVdata_harps
jitter_0        17      1.218563 [    0.0009,    13.3000]
offset_0        18      9.275667 [-9995.5653, 10012.9467]
offset_1        19      9.898796 [-9995.5653, 10012.9467]

----- dataset:  RVdata_neid
jitter_0        20      1.340548 [    0.0010,    12.3000]
offset_0        21      9.279622 [-9995.1596, 10013.5484]

----- common model:  b
P                0      3.723420 [    0.3785,     6.6439]
K                1     -0.267568 [   -9.9658,     3.3219]
sre_coso         2      0.084246 [   -1.0000,     1.0000]
sre_sino         3      0.212700 [   -1.0000,     1.0000]
mean_long        4    200.306046 [   33.9053,   393.9053]

----- common model:  c
P                5      4.368695 [    0.3785,     6.6439]
K                6     -0.303667 [   -9.9658,     3.3219]
sre_coso         7     -0.081188 [   -1.0000,     1.0000]
sre_sino         8      0.037206 [   -1.0000,     1.0000]
mean_long        9    150.817320 [   -8.4815,   351.5185]

----- common model:  d
P               10      1.542554 [    0.3785,     6.6439]
K               11      1.153800 [   -9.9658,     3.3219]
sre_coso        12     -0.221038 [   -1.0000,     1.0000]
sre_sino        13     -0.101445 [   -1.0000,     1.0000]
mean_long       14    196.016710 [   16.3705,   376.3705]

----- common model:  star_parameters

====================================================================================================
     Statistics on the model parameters obtained from the posteriors samples     
====================================================================================================

----- dataset:  RVdata_expres
jitter_0              1.393804 
offset_0              8.598505 


----- dataset:  RVdata_harps
jitter_0              1.218563 
offset_0              9.275667 
offset_1              9.898796 


----- dataset:  RVdata_neid
jitter_0              1.340548 
offset_0              9.279622 


----- common model:  b
P                    13.208732 
K                     0.830719 
mean_long           200.306046 
e                     0.052339 
omega                68.392476 

----- common model:  c
P                    20.658949 
K                     0.810190 
mean_long           150.817320 
e                     0.007976 
omega               155.379803 

----- common model:  d
P                     2.913097 
K                     2.224992 
mean_long           196.016710 
e                     0.059149 
omega              -155.347437 

----- common model:  star_parameters

====================================================================================================
     Statistics on the derived parameters obtained from the posteriors samples     
====================================================================================================

----- common model:  b
Inclination fixed to 90 deg!
a_Rs                 23.504780 
M_Mj                  0.009647 
M_Me                  3.066645 
Tc                59343.783520 
a_AU_(M)              0.109356 
a_AU_(rho,R)          0.109355 

----- common model:  c
Inclination fixed to 90 deg!
a_Rs                 31.670470 
M_Mj                  0.010936 
M_Me                  3.476386 
Tc                59351.916634 
a_AU_(M)              0.147347 
a_AU_(rho,R)          0.147346 

----- common model:  d
Inclination fixed to 90 deg!
a_Rs                  8.579973 
M_Mj                  0.015605 
M_Me                  4.960655 
Tc                59336.806162 
a_AU_(M)              0.039918 
a_AU_(rho,R)          0.039918 


====================================================================================================
     ------------------------------------------------------------------------------------------     
====================================================================================================



****************************************************************************************************

Inclination fixed to 90 deg!
Inclination fixed to 90 deg!
Inclination fixed to 90 deg!
Note: stellar density derived from stellar mass and radius

Inclination fixed to 90 deg!
Inclination fixed to 90 deg!
Inclination fixed to 90 deg!
Inclination fixed to 90 deg!
Inclination fixed to 90 deg!
Inclination fixed to 90 deg!
 Plot FLAT chain 

****************************************************************************************************

Plotting full_correlation plot with pygtc

****************************************************************************************************

 Plotting the chains... 

****************************************************************************************************

 Plotting the Gelman-Rubin traces... 

     Gelman-Rubin:    15     1.002435 RVdata_expres_jitter_0 
     Gelman-Rubin:    16     1.002548 RVdata_expres_offset_0 
     Gelman-Rubin:    17     1.002802 RVdata_harps_jitter_0 
     Gelman-Rubin:    18     1.002805 RVdata_harps_offset_0 
     Gelman-Rubin:    19     1.002826 RVdata_harps_offset_1 
     Gelman-Rubin:    20     1.003286 RVdata_neid_jitter_0 
     Gelman-Rubin:    21     1.001485 RVdata_neid_offset_0 
     Gelman-Rubin:     0     1.003013 b_P 
     Gelman-Rubin:     1     1.004375 b_K 
     Gelman-Rubin:     2     1.002366 b_sre_coso 
     Gelman-Rubin:     3     1.002794 b_sre_sino 
     Gelman-Rubin:     4     1.003078 b_mean_long 
     Gelman-Rubin:     5     1.003267 c_P 
     Gelman-Rubin:     6     1.008076 c_K 
     Gelman-Rubin:     7     1.003495 c_sre_coso 
     Gelman-Rubin:     8     1.003080 c_sre_sino 
     Gelman-Rubin:     9     1.002693 c_mean_long 
     Gelman-Rubin:    10     1.002377 d_P 
     Gelman-Rubin:    11     1.001650 d_K 
     Gelman-Rubin:    12     1.003861 d_sre_coso 
     Gelman-Rubin:    13     1.003249 d_sre_sino 
     Gelman-Rubin:    14     1.002820 d_mean_long 

****************************************************************************************************

Plotting the common models corner plots
     Common model:  b
     Common model:  c
     Common model:  d
     Common model:  star_parameters

****************************************************************************************************

Plotting the dataset + models corner plots 

     Dataset:  RVdata_expres     model:  radial_velocities_b  corner plot  starting 
     Dataset:  RVdata_expres     model:  radial_velocities_b  corner plot  done 
     Dataset:  RVdata_expres     model:  radial_velocities_c  corner plot  starting 
     Dataset:  RVdata_expres     model:  radial_velocities_c  corner plot  done 
     Dataset:  RVdata_expres     model:  radial_velocities_d  corner plot  starting 
     Dataset:  RVdata_expres     model:  radial_velocities_d  corner plot  done 
     Dataset:  RVdata_harps     model:  radial_velocities_b  corner plot  starting 
     Dataset:  RVdata_harps     model:  radial_velocities_b  corner plot  done 
     Dataset:  RVdata_harps     model:  radial_velocities_c  corner plot  starting 
     Dataset:  RVdata_harps     model:  radial_velocities_c  corner plot  done 
     Dataset:  RVdata_harps     model:  radial_velocities_d  corner plot  starting 
     Dataset:  RVdata_harps     model:  radial_velocities_d  corner plot  done 
     Dataset:  RVdata_neid     model:  radial_velocities_b  corner plot  starting 
     Dataset:  RVdata_neid     model:  radial_velocities_b  corner plot  done 
     Dataset:  RVdata_neid     model:  radial_velocities_c  corner plot  starting 
     Dataset:  RVdata_neid     model:  radial_velocities_c  corner plot  done 
     Dataset:  RVdata_neid     model:  radial_velocities_d  corner plot  starting 
     Dataset:  RVdata_neid     model:  radial_velocities_d  corner plot  done 

****************************************************************************************************

 Saving the planet parameter samplings to files (with plots)

****************************************************************************************************

 Saving all the parameter samplings to files (with plots)

****************************************************************************************************

 Computing the models for plot/data writing 
 Writing the plots 
 Writing the   data files 
 Writing the  MAP_ data files 
 Writing the  sampleMED_ data files 

****************************************************************************************************

