
:::---::: PyORBIT v11.0.1 :::---:::

Python version in use:
3.10.18 (main, Jun  5 2025, 13:14:17) [GCC 11.2.0]

reloaded_optimize:  False
reloaded_pyde:  False
reloaded_emcee:  False

number of multiprocessing threads: 16
multiprocessing method (should be fork):  fork

parameters/safe_reload flag (must be True for tinygp):  False

Opening:  RVdata_expres
Opening:  RVdata_harps
Opening:  RVdata_neid
Opening:  FIESTAdata_expres_mode1
Opening:  FIESTAdata_expres_mode2
Opening:  FIESTAdata_harps_mode1
Opening:  FIESTAdata_harps_mode2
Opening:  FIESTAdata_harpsn_mode1
Opening:  FIESTAdata_harpsn_mode2
Opening:  FIESTAdata_neid_mode1
Opening:  FIESTAdata_neid_mode2

gp_multidimensional  S+LEAF model, number of harmonics: 4

GP model: gp_multidimensional  hyperparameters_condition:    True
GP model: gp_multidimensional  rotation_decay_condition:     True

====================================================================================================
     Ids, spaces (s), boundaries (b) and priors (p) of the sampler parameters     
====================================================================================================

----- dataset:  RVdata_expres
jitter_0      id:   3  s:Linear      b:[      0.0010,      11.5000]   p:Uniform   []
offset_0      id:   4  s:Linear      b:[  -9995.9140,   10012.9990]   p:Uniform   []

----- dataset: RVdata_expres             ----- model: gp_multidimensional           
rot_amp       id:   5  s:Linear      b:[      0.0000,      10.0000]   p:Uniform   []
con_amp       id:   6  s:Linear      b:[    -20.0000,      20.0000]   p:Uniform   []

----- dataset:  RVdata_harps
jitter_0      id:   7  s:Linear      b:[      0.0009,      13.3000]   p:Uniform   []
offset_0      id:   8  s:Linear      b:[  -9995.5653,   10012.9467]   p:Uniform   []
offset_1      id:   9  s:Linear      b:[  -9995.5653,   10012.9467]   p:Uniform   []

----- dataset: RVdata_harps              ----- model: gp_multidimensional           
rot_amp       id:  10  s:Linear      b:[      0.0000,      10.0000]   p:Uniform   []
con_amp       id:  11  s:Linear      b:[    -20.0000,      20.0000]   p:Uniform   []

----- dataset:  RVdata_neid
jitter_0      id:  12  s:Linear      b:[      0.0010,      12.3000]   p:Uniform   []
offset_0      id:  13  s:Linear      b:[  -9995.1596,   10013.5484]   p:Uniform   []

----- dataset: RVdata_neid               ----- model: gp_multidimensional           
rot_amp       id:  14  s:Linear      b:[      0.0000,      10.0000]   p:Uniform   []
con_amp       id:  15  s:Linear      b:[    -20.0000,      20.0000]   p:Uniform   []

----- dataset:  FIESTAdata_expres_mode1
jitter_0      id:  16  s:Linear      b:[      0.0017,      18.8059]   p:Uniform   []
offset_0      id:  17  s:Linear      b:[ -10002.1035,   10001.7319]   p:Uniform   []

----- dataset: FIESTAdata_expres_mode1   ----- model: gp_multidimensional           
rot_amp       id:  18  s:Linear      b:[    -10.0000,      10.0000]   p:Uniform   []
con_amp       id:  19  s:Linear      b:[    -20.0000,      20.0000]   p:Uniform   []

----- dataset:  FIESTAdata_expres_mode2
jitter_0      id:  20  s:Linear      b:[      0.0019,      21.5165]   p:Uniform   []
offset_0      id:  21  s:Linear      b:[ -10002.6516,   10002.8448]   p:Uniform   []

----- dataset: FIESTAdata_expres_mode2   ----- model: gp_multidimensional           
rot_amp       id:  22  s:Linear      b:[    -10.0000,      10.0000]   p:Uniform   []
con_amp       id:  23  s:Linear      b:[    -20.0000,      20.0000]   p:Uniform   []

----- dataset:  FIESTAdata_harps_mode1
jitter_0      id:  24  s:Linear      b:[      0.0013,      15.1837]   p:Uniform   []
offset_0      id:  25  s:Linear      b:[ -10002.0951,   10002.1584]   p:Uniform   []

----- dataset: FIESTAdata_harps_mode1    ----- model: gp_multidimensional           
rot_amp       id:  26  s:Linear      b:[    -10.0000,      10.0000]   p:Uniform   []
con_amp       id:  27  s:Linear      b:[    -20.0000,      20.0000]   p:Uniform   []

----- dataset:  FIESTAdata_harps_mode2
jitter_0      id:  28  s:Linear      b:[      0.0016,      17.9116]   p:Uniform   []
offset_0      id:  29  s:Linear      b:[ -10002.6523,   10002.7813]   p:Uniform   []

----- dataset: FIESTAdata_harps_mode2    ----- model: gp_multidimensional           
rot_amp       id:  30  s:Linear      b:[    -10.0000,      10.0000]   p:Uniform   []
con_amp       id:  31  s:Linear      b:[    -20.0000,      20.0000]   p:Uniform   []

----- dataset:  FIESTAdata_harpsn_mode1
jitter_0      id:  32  s:Linear      b:[      0.0010,      12.1312]   p:Uniform   []
offset_0      id:  33  s:Linear      b:[ -10003.0005,   10002.3323]   p:Uniform   []

----- dataset: FIESTAdata_harpsn_mode1   ----- model: gp_multidimensional           
rot_amp       id:  34  s:Linear      b:[    -10.0000,      10.0000]   p:Uniform   []
con_amp       id:  35  s:Linear      b:[    -20.0000,      20.0000]   p:Uniform   []

----- dataset:  FIESTAdata_harpsn_mode2
jitter_0      id:  36  s:Linear      b:[      0.0012,      14.0507]   p:Uniform   []
offset_0      id:  37  s:Linear      b:[ -10003.3022,   10003.4424]   p:Uniform   []

----- dataset: FIESTAdata_harpsn_mode2   ----- model: gp_multidimensional           
rot_amp       id:  38  s:Linear      b:[    -10.0000,      10.0000]   p:Uniform   []
con_amp       id:  39  s:Linear      b:[    -20.0000,      20.0000]   p:Uniform   []

----- dataset:  FIESTAdata_neid_mode1
jitter_0      id:  40  s:Linear      b:[      0.0016,      19.2662]   p:Uniform   []
offset_0      id:  41  s:Linear      b:[ -10002.0745,   10001.8578]   p:Uniform   []

----- dataset: FIESTAdata_neid_mode1     ----- model: gp_multidimensional           
rot_amp       id:  42  s:Linear      b:[    -10.0000,      10.0000]   p:Uniform   []
con_amp       id:  43  s:Linear      b:[    -20.0000,      20.0000]   p:Uniform   []

----- dataset:  FIESTAdata_neid_mode2
jitter_0      id:  44  s:Linear      b:[      0.0020,      23.2722]   p:Uniform   []
offset_0      id:  45  s:Linear      b:[ -10002.5016,   10003.6623]   p:Uniform   []

----- dataset: FIESTAdata_neid_mode2     ----- model: gp_multidimensional           
rot_amp       id:  46  s:Linear      b:[    -10.0000,      10.0000]   p:Uniform   []
con_amp       id:  47  s:Linear      b:[    -20.0000,      20.0000]   p:Uniform   []

----- common model:  activity
Prot          id:   0  s:Linear      b:[     20.0000,      35.0000]   p:Gaussian   [28.   0.5]
Pdec          id:   1  s:Linear      b:[     30.0000,    1000.0000]   p:Uniform   []
Oamp          id:   2  s:Log_Base2   b:[     -6.6439,       0.0000]   p:Gaussian   [0.35  0.035]

----- common model:  star_parameters
mass          derived (no id, space, bound)                           p:Gaussian   [1.e+00 1.e-06]
radius        derived (no id, space, bound)                           p:Gaussian   [1.e+00 1.e-06]
density       derived (no id, space, bound)                           p:Gaussian   [1.e+00 1.e-06]

Include priors:  True

Reference Time Tref:  59334.700184

Dimensions =  48
Nwalkers =  192

Using threading pool for PyDE: True
PyDE running
Boundaries redefined after PyDE output
PyDE completed, it took        163.9 seconds

====================================================================================================
     Starting point of the sample/optimization routines    
====================================================================================================

----- dataset:  RVdata_expres
jitter_0         3      1.254791 [    0.0010,    11.5000]
offset_0         4      8.777328 [-9995.9140, 10012.9990]

----- dataset: RVdata_expres             ----- model: gp_multidimensional           
rot_amp          5      3.410060 [    0.0000,    10.0000]
con_amp          6      4.082689 [  -20.0000,    20.0000]

----- dataset:  RVdata_harps
jitter_0         7      1.572063 [    0.0009,    13.3000]
offset_0         8      9.488383 [-9995.5653, 10012.9467]
offset_1         9     10.715573 [-9995.5653, 10012.9467]

----- dataset: RVdata_harps              ----- model: gp_multidimensional           
rot_amp         10      4.995935 [    0.0000,    10.0000]
con_amp         11      2.018273 [  -20.0000,    20.0000]

----- dataset:  RVdata_neid
jitter_0        12      1.553234 [    0.0010,    12.3000]
offset_0        13      9.794266 [-9995.1596, 10013.5484]

----- dataset: RVdata_neid               ----- model: gp_multidimensional           
rot_amp         14      2.017335 [    0.0000,    10.0000]
con_amp         15      3.460902 [  -20.0000,    20.0000]

----- dataset:  FIESTAdata_expres_mode1
jitter_0        16      0.827470 [    0.0017,    18.8059]
offset_0        17      0.020817 [-10002.1035, 10001.7319]

----- dataset: FIESTAdata_expres_mode1   ----- model: gp_multidimensional           
rot_amp         18      0.630134 [  -10.0000,    10.0000]
con_amp         19     -0.642738 [  -20.0000,    20.0000]

----- dataset:  FIESTAdata_expres_mode2
jitter_0        20      1.078450 [    0.0019,    21.5165]
offset_0        21     -0.051081 [-10002.6516, 10002.8448]

----- dataset: FIESTAdata_expres_mode2   ----- model: gp_multidimensional           
rot_amp         22     -1.210004 [  -10.0000,    10.0000]
con_amp         23      0.259927 [  -20.0000,    20.0000]

----- dataset:  FIESTAdata_harps_mode1
jitter_0        24      0.798010 [    0.0013,    15.1837]
offset_0        25     -0.174058 [-10002.0951, 10002.1584]

----- dataset: FIESTAdata_harps_mode1    ----- model: gp_multidimensional           
rot_amp         26     -3.070913 [  -10.0000,    10.0000]
con_amp         27      1.686093 [  -20.0000,    20.0000]

----- dataset:  FIESTAdata_harps_mode2
jitter_0        28      1.001512 [    0.0016,    17.9116]
offset_0        29      0.274915 [-10002.6523, 10002.7813]

----- dataset: FIESTAdata_harps_mode2    ----- model: gp_multidimensional           
rot_amp         30      4.431748 [  -10.0000,    10.0000]
con_amp         31     -1.834940 [  -20.0000,    20.0000]

----- dataset:  FIESTAdata_harpsn_mode1
jitter_0        32      1.114110 [    0.0010,    12.1312]
offset_0        33     -0.001676 [-10003.0005, 10002.3323]

----- dataset: FIESTAdata_harpsn_mode1   ----- model: gp_multidimensional           
rot_amp         34      2.073813 [  -10.0000,    10.0000]
con_amp         35      0.355316 [  -20.0000,    20.0000]

----- dataset:  FIESTAdata_harpsn_mode2
jitter_0        36      1.360809 [    0.0012,    14.0507]
offset_0        37      0.004402 [-10003.3022, 10003.4424]

----- dataset: FIESTAdata_harpsn_mode2   ----- model: gp_multidimensional           
rot_amp         38     -2.650648 [  -10.0000,    10.0000]
con_amp         39     -0.172494 [  -20.0000,    20.0000]

----- dataset:  FIESTAdata_neid_mode1
jitter_0        40      0.718777 [    0.0016,    19.2662]
offset_0        41      0.025911 [-10002.0745, 10001.8578]

----- dataset: FIESTAdata_neid_mode1     ----- model: gp_multidimensional           
rot_amp         42     -0.832755 [  -10.0000,    10.0000]
con_amp         43      0.934375 [  -20.0000,    20.0000]

----- dataset:  FIESTAdata_neid_mode2
jitter_0        44      1.118162 [    0.0020,    23.2722]
offset_0        45     -0.058449 [-10002.5016, 10003.6623]

----- dataset: FIESTAdata_neid_mode2     ----- model: gp_multidimensional           
rot_amp         46      0.660177 [  -10.0000,    10.0000]
con_amp         47     -1.680799 [  -20.0000,    20.0000]

----- common model:  activity
Prot             0     25.497365 [   20.0000,    35.0000]
Pdec             1     30.001200 [   30.0000,  1000.0000]
Oamp             2     -1.793895 [   -6.6439,     0.0000]

----- common model:  star_parameters

====================================================================================================
     Starting point projected onto the model parameter space     
====================================================================================================

----- dataset:  RVdata_expres
jitter_0              1.254791 
offset_0              8.777328 


----- dataset: RVdata_expres             ----- model: gp_multidimensional           
rot_amp               3.410060 
con_amp               4.082689 

----- dataset:  RVdata_harps
jitter_0              1.572063 
offset_0              9.488383 
offset_1             10.715573 


----- dataset: RVdata_harps              ----- model: gp_multidimensional           
rot_amp               4.995935 
con_amp               2.018273 

----- dataset:  RVdata_neid
jitter_0              1.553234 
offset_0              9.794266 


----- dataset: RVdata_neid               ----- model: gp_multidimensional           
rot_amp               2.017335 
con_amp               3.460902 

----- dataset:  FIESTAdata_expres_mode1
jitter_0              0.827470 
offset_0              0.020817 


----- dataset: FIESTAdata_expres_mode1   ----- model: gp_multidimensional           
rot_amp               0.630134 
con_amp              -0.642738 

----- dataset:  FIESTAdata_expres_mode2
jitter_0              1.078450 
offset_0             -0.051081 


----- dataset: FIESTAdata_expres_mode2   ----- model: gp_multidimensional           
rot_amp              -1.210004 
con_amp               0.259927 

----- dataset:  FIESTAdata_harps_mode1
jitter_0              0.798010 
offset_0             -0.174058 


----- dataset: FIESTAdata_harps_mode1    ----- model: gp_multidimensional           
rot_amp              -3.070913 
con_amp               1.686093 

----- dataset:  FIESTAdata_harps_mode2
jitter_0              1.001512 
offset_0              0.274915 


----- dataset: FIESTAdata_harps_mode2    ----- model: gp_multidimensional           
rot_amp               4.431748 
con_amp              -1.834940 

----- dataset:  FIESTAdata_harpsn_mode1
jitter_0              1.114110 
offset_0             -0.001676 


----- dataset: FIESTAdata_harpsn_mode1   ----- model: gp_multidimensional           
rot_amp               2.073813 
con_amp               0.355316 

----- dataset:  FIESTAdata_harpsn_mode2
jitter_0              1.360809 
offset_0              0.004402 


----- dataset: FIESTAdata_harpsn_mode2   ----- model: gp_multidimensional           
rot_amp              -2.650648 
con_amp              -0.172494 

----- dataset:  FIESTAdata_neid_mode1
jitter_0              0.718777 
offset_0              0.025911 


----- dataset: FIESTAdata_neid_mode1     ----- model: gp_multidimensional           
rot_amp              -0.832755 
con_amp               0.934375 

----- dataset:  FIESTAdata_neid_mode2
jitter_0              1.118162 
offset_0             -0.058449 


----- dataset: FIESTAdata_neid_mode2     ----- model: gp_multidimensional           
rot_amp               0.660177 
con_amp              -1.680799 

----- common model:  activity
Prot                 25.497365 
Pdec                 30.001200 
Oamp                  0.288392 

----- common model:  star_parameters

====================================================================================================
     Derived parameters obtained from starting point     
====================================================================================================


====================================================================================================
     Statistics on the log-likelihood     
====================================================================================================

 LN probability: -1637.513533 

====================================================================================================
     ------------------------------------------------------------------------------------------     
====================================================================================================



*************************************************************

Running emcee

emcee version:  3.1.6
Using threading pool for emcee: True

Saving temporary steps


Computing the autocorrelation time of the chains

***** WARNING ******
The integrated autocorrelation time cannot be reliably estimated
likely the chains are too short, and ACF analysis is not fully reliable
emcee.autocorr.integrated_time tolerance lowered to 20
If you still get a warning, you should drop these results entirely
Chains too short to apply convergence criteria
They should be at least 18800*nthin = 188000

====================================================================================================
     Statistics on the posterior of the sampler parameters     
====================================================================================================

----- dataset:  RVdata_expres
jitter_0         3          1.26        -0.11         0.13   (15-84 p)   [    0.0010,    11.5000]
offset_0         4           9.6         -3.7          3.9   (15-84 p)   [-9995.9140, 10012.9990]

----- dataset: RVdata_expres             ----- model: gp_multidimensional           
rot_amp          5           6.2         -2.3          2.2   (15-84 p)   [    0.0000,    10.0000]
con_amp          6          10.8         -2.6          3.3   (15-84 p)   [  -20.0000,    20.0000]

----- dataset:  RVdata_harps
jitter_0         7          1.64        -0.12         0.14   (15-84 p)   [    0.0009,    13.3000]
offset_0         8           9.8         -1.8          2.2   (15-84 p)   [-9995.5653, 10012.9467]
offset_1         9          10.9         -1.8          2.2   (15-84 p)   [-9995.5653, 10012.9467]

----- dataset: RVdata_harps              ----- model: gp_multidimensional           
rot_amp         10          8.78         -1.6         0.88   (15-84 p)   [    0.0000,    10.0000]
con_amp         11           5.6         -2.3          2.8   (15-84 p)   [  -20.0000,    20.0000]

----- dataset:  RVdata_neid
jitter_0        12          1.58        -0.13         0.15   (15-84 p)   [    0.0010,    12.3000]
offset_0        13          10.4         -3.1          3.2   (15-84 p)   [-9995.1596, 10013.5484]

----- dataset: RVdata_neid               ----- model: gp_multidimensional           
rot_amp         14           3.2         -1.9          2.2   (15-84 p)   [    0.0000,    10.0000]
con_amp         15           8.9         -2.2          2.9   (15-84 p)   [  -20.0000,    20.0000]

----- dataset:  FIESTAdata_expres_mode1
jitter_0        16         0.854       -0.064        0.072   (15-84 p)   [    0.0017,    18.8059]
offset_0        17         -0.08        -0.61         0.51   (15-84 p)   [-10002.1035, 10001.7319]

----- dataset: FIESTAdata_expres_mode1   ----- model: gp_multidimensional           
rot_amp         18          1.49        -0.95          1.1   (15-84 p)   [  -10.0000,    10.0000]
con_amp         19         -1.61        -0.86         0.71   (15-84 p)   [  -20.0000,    20.0000]

----- dataset:  FIESTAdata_expres_mode2
jitter_0        20         1.113       -0.079        0.089   (15-84 p)   [    0.0019,    21.5165]
offset_0        21         -0.01        -0.28         0.35   (15-84 p)   [-10002.6516, 10002.8448]

----- dataset: FIESTAdata_expres_mode2   ----- model: gp_multidimensional           
rot_amp         22          -2.6         -1.4          1.2   (15-84 p)   [  -10.0000,    10.0000]
con_amp         23          0.66        -0.95         0.96   (15-84 p)   [  -20.0000,    20.0000]

----- dataset:  FIESTAdata_harps_mode1
jitter_0        24          0.88        -0.14         0.19   (15-84 p)   [    0.0013,    15.1837]
offset_0        25         -0.07        -0.79          1.2   (15-84 p)   [-10002.0951, 10002.1584]

----- dataset: FIESTAdata_harps_mode1    ----- model: gp_multidimensional           
rot_amp         26          -6.9         -1.9          2.1   (15-84 p)   [  -10.0000,    10.0000]
con_amp         27           2.8         -2.1          2.3   (15-84 p)   [  -20.0000,    20.0000]

----- dataset:  FIESTAdata_harps_mode2
jitter_0        28          1.15        -0.19         0.24   (15-84 p)   [    0.0016,    17.9116]
offset_0        29          0.16         -1.2         0.86   (15-84 p)   [-10002.6523, 10002.7813]

----- dataset: FIESTAdata_harps_mode2    ----- model: gp_multidimensional           
rot_amp         30           8.2         -2.0          1.3   (15-84 p)   [  -10.0000,    10.0000]
con_amp         31          -2.2         -3.0          3.1   (15-84 p)   [  -20.0000,    20.0000]

----- dataset:  FIESTAdata_harpsn_mode1
jitter_0        32         1.137       -0.089         0.10   (15-84 p)   [    0.0010,    12.1312]
offset_0        33          0.05        -0.44         0.52   (15-84 p)   [-10003.0005, 10002.3323]

----- dataset: FIESTAdata_harpsn_mode1   ----- model: gp_multidimensional           
rot_amp         34           4.6         -1.6          1.8   (15-84 p)   [  -10.0000,    10.0000]
con_amp         35           1.2         -1.1          1.4   (15-84 p)   [  -20.0000,    20.0000]

----- dataset:  FIESTAdata_harpsn_mode2
jitter_0        36          1.40        -0.11         0.12   (15-84 p)   [    0.0012,    14.0507]
offset_0        37         -0.03        -0.45         0.38   (15-84 p)   [-10003.3022, 10003.4424]

----- dataset: FIESTAdata_harpsn_mode2   ----- model: gp_multidimensional           
rot_amp         38          -5.7         -2.0          1.9   (15-84 p)   [  -10.0000,    10.0000]
con_amp         39          -0.8         -1.5          1.3   (15-84 p)   [  -20.0000,    20.0000]

----- dataset:  FIESTAdata_neid_mode1
jitter_0        40         0.746       -0.061        0.069   (15-84 p)   [    0.0016,    19.2662]
offset_0        41          0.17        -0.69         0.77   (15-84 p)   [-10002.0745, 10001.8578]

----- dataset: FIESTAdata_neid_mode1     ----- model: gp_multidimensional           
rot_amp         42         -2.29         -1.2         0.99   (15-84 p)   [  -10.0000,    10.0000]
con_amp         43          2.14        -0.69         0.85   (15-84 p)   [  -20.0000,    20.0000]

----- dataset:  FIESTAdata_neid_mode2
jitter_0        44         1.163       -0.096         0.10   (15-84 p)   [    0.0020,    23.2722]
offset_0        45          -0.3         -1.4          1.3   (15-84 p)   [-10002.5016, 10003.6623]

----- dataset: FIESTAdata_neid_mode2     ----- model: gp_multidimensional           
rot_amp         46           2.1         -1.5          1.7   (15-84 p)   [  -10.0000,    10.0000]
con_amp         47          -3.9         -1.4          1.1   (15-84 p)   [  -20.0000,    20.0000]

----- common model:  activity
Prot             0         25.72        -0.41         0.42   (15-84 p)   [   20.0000,    35.0000]
Pdec             1          35.2         -4.0          8.9   (15-84 p)   [   30.0000,  1000.0000]
Oamp             2         -1.56        -0.14         0.13   (15-84 p)   [   -6.6439,     0.0000]

----- common model:  star_parameters

====================================================================================================
     Statistics on the model parameters obtained from the posteriors samples     
====================================================================================================

----- dataset:  RVdata_expres
jitter_0                  1.26        -0.11         0.13    (15-84 p)
offset_0                   9.6         -3.7          3.9    (15-84 p)


----- dataset: RVdata_expres             ----- model: gp_multidimensional           
rot_amp                    6.2         -2.3          2.2    (15-84 p)
con_amp                   10.8         -2.6          3.3    (15-84 p)

----- dataset:  RVdata_harps
jitter_0                  1.64        -0.12         0.14    (15-84 p)
offset_0                   9.8         -1.8          2.2    (15-84 p)
offset_1                  10.9         -1.8          2.2    (15-84 p)


----- dataset: RVdata_harps              ----- model: gp_multidimensional           
rot_amp                   8.78         -1.6         0.88    (15-84 p)
con_amp                    5.6         -2.3          2.8    (15-84 p)

----- dataset:  RVdata_neid
jitter_0                  1.58        -0.13         0.15    (15-84 p)
offset_0                  10.4         -3.1          3.2    (15-84 p)


----- dataset: RVdata_neid               ----- model: gp_multidimensional           
rot_amp                    3.2         -1.9          2.2    (15-84 p)
con_amp                    8.9         -2.2          2.9    (15-84 p)

----- dataset:  FIESTAdata_expres_mode1
jitter_0                 0.854       -0.064        0.072    (15-84 p)
offset_0                 -0.08        -0.61         0.51    (15-84 p)


----- dataset: FIESTAdata_expres_mode1   ----- model: gp_multidimensional           
rot_amp                   1.49        -0.95          1.1    (15-84 p)
con_amp                  -1.61        -0.86         0.71    (15-84 p)

----- dataset:  FIESTAdata_expres_mode2
jitter_0                 1.113       -0.079        0.089    (15-84 p)
offset_0                 -0.01        -0.28         0.35    (15-84 p)


----- dataset: FIESTAdata_expres_mode2   ----- model: gp_multidimensional           
rot_amp                   -2.6         -1.4          1.2    (15-84 p)
con_amp                   0.66        -0.95         0.96    (15-84 p)

----- dataset:  FIESTAdata_harps_mode1
jitter_0                  0.88        -0.14         0.19    (15-84 p)
offset_0                 -0.07        -0.79          1.2    (15-84 p)


----- dataset: FIESTAdata_harps_mode1    ----- model: gp_multidimensional           
rot_amp                   -6.9         -1.9          2.1    (15-84 p)
con_amp                    2.8         -2.1          2.3    (15-84 p)

----- dataset:  FIESTAdata_harps_mode2
jitter_0                  1.15        -0.19         0.24    (15-84 p)
offset_0                  0.16         -1.2         0.86    (15-84 p)


----- dataset: FIESTAdata_harps_mode2    ----- model: gp_multidimensional           
rot_amp                    8.2         -2.0          1.3    (15-84 p)
con_amp                   -2.2         -3.0          3.1    (15-84 p)

----- dataset:  FIESTAdata_harpsn_mode1
jitter_0                 1.137       -0.089         0.10    (15-84 p)
offset_0                  0.05        -0.44         0.52    (15-84 p)


----- dataset: FIESTAdata_harpsn_mode1   ----- model: gp_multidimensional           
rot_amp                    4.6         -1.6          1.8    (15-84 p)
con_amp                    1.2         -1.1          1.4    (15-84 p)

----- dataset:  FIESTAdata_harpsn_mode2
jitter_0                  1.40        -0.11         0.12    (15-84 p)
offset_0                 -0.03        -0.45         0.38    (15-84 p)


----- dataset: FIESTAdata_harpsn_mode2   ----- model: gp_multidimensional           
rot_amp                   -5.7         -2.0          1.9    (15-84 p)
con_amp                   -0.8         -1.5          1.3    (15-84 p)

----- dataset:  FIESTAdata_neid_mode1
jitter_0                 0.746       -0.061        0.069    (15-84 p)
offset_0                  0.17        -0.69         0.77    (15-84 p)


----- dataset: FIESTAdata_neid_mode1     ----- model: gp_multidimensional           
rot_amp                  -2.29         -1.2         0.99    (15-84 p)
con_amp                   2.14        -0.69         0.85    (15-84 p)

----- dataset:  FIESTAdata_neid_mode2
jitter_0                 1.163       -0.096         0.10    (15-84 p)
offset_0                  -0.3         -1.4          1.3    (15-84 p)


----- dataset: FIESTAdata_neid_mode2     ----- model: gp_multidimensional           
rot_amp                    2.1         -1.5          1.7    (15-84 p)
con_amp                   -3.9         -1.4          1.1    (15-84 p)

----- common model:  activity
Prot                     25.72        -0.41         0.42    (15-84 p)
Pdec                      35.2         -4.0          8.9    (15-84 p)
Oamp                     0.338       -0.032        0.031    (15-84 p)

----- common model:  star_parameters

====================================================================================================
     Statistics on the derived parameters obtained from the posteriors samples     
====================================================================================================


====================================================================================================
     ------------------------------------------------------------------------------------------     
====================================================================================================



35000.0   steps completed, average lnprob:,  -1670.4183949350531


Computing the autocorrelation time of the chains

***** WARNING ******
The integrated autocorrelation time cannot be reliably estimated
likely the chains are too short, and ACF analysis is not fully reliable
emcee.autocorr.integrated_time tolerance lowered to 20
If you still get a warning, you should drop these results entirely
Chains too short to apply convergence criteria
They should be at least 33400*nthin = 334000

====================================================================================================
     Statistics on the posterior of the sampler parameters     
====================================================================================================

----- dataset:  RVdata_expres
jitter_0         3          1.26        -0.11         0.13   (15-84 p)   [    0.0010,    11.5000]
offset_0         4          10.0         -4.1          4.3   (15-84 p)   [-9995.9140, 10012.9990]

----- dataset: RVdata_expres             ----- model: gp_multidimensional           
rot_amp          5           6.2         -2.3          2.2   (15-84 p)   [    0.0000,    10.0000]
con_amp          6          11.0         -2.7          3.5   (15-84 p)   [  -20.0000,    20.0000]

----- dataset:  RVdata_harps
jitter_0         7          1.64        -0.12         0.14   (15-84 p)   [    0.0009,    13.3000]
offset_0         8          10.0         -2.0          2.5   (15-84 p)   [-9995.5653, 10012.9467]
offset_1         9          11.1         -2.0          2.5   (15-84 p)   [-9995.5653, 10012.9467]

----- dataset: RVdata_harps              ----- model: gp_multidimensional           
rot_amp         10          8.75         -1.6         0.90   (15-84 p)   [    0.0000,    10.0000]
con_amp         11           5.8         -2.3          2.9   (15-84 p)   [  -20.0000,    20.0000]

----- dataset:  RVdata_neid
jitter_0        12          1.58        -0.13         0.14   (15-84 p)   [    0.0010,    12.3000]
offset_0        13          10.7         -3.4          3.6   (15-84 p)   [-9995.1596, 10013.5484]

----- dataset: RVdata_neid               ----- model: gp_multidimensional           
rot_amp         14           3.2         -1.9          2.2   (15-84 p)   [    0.0000,    10.0000]
con_amp         15           9.2         -2.3          2.9   (15-84 p)   [  -20.0000,    20.0000]

----- dataset:  FIESTAdata_expres_mode1
jitter_0        16         0.852       -0.064        0.071   (15-84 p)   [    0.0017,    18.8059]
offset_0        17         -0.11        -0.68         0.52   (15-84 p)   [-10002.1035, 10001.7319]

----- dataset: FIESTAdata_expres_mode1   ----- model: gp_multidimensional           
rot_amp         18          1.54        -0.97          1.1   (15-84 p)   [  -10.0000,    10.0000]
con_amp         19         -1.58        -0.86         0.74   (15-84 p)   [  -20.0000,    20.0000]

----- dataset:  FIESTAdata_expres_mode2
jitter_0        20         1.114       -0.080        0.091   (15-84 p)   [    0.0019,    21.5165]
offset_0        21         -0.01        -0.30         0.40   (15-84 p)   [-10002.6516, 10002.8448]

----- dataset: FIESTAdata_expres_mode2   ----- model: gp_multidimensional           
rot_amp         22          -2.6         -1.4          1.2   (15-84 p)   [  -10.0000,    10.0000]
con_amp         23          0.63        -0.95         0.97   (15-84 p)   [  -20.0000,    20.0000]

----- dataset:  FIESTAdata_harps_mode1
jitter_0        24          0.88        -0.14         0.18   (15-84 p)   [    0.0013,    15.1837]
offset_0        25         -0.05        -0.90          1.3   (15-84 p)   [-10002.0951, 10002.1584]

----- dataset: FIESTAdata_harps_mode1    ----- model: gp_multidimensional           
rot_amp         26          -7.0         -1.9          2.1   (15-84 p)   [  -10.0000,    10.0000]
con_amp         27           2.8         -2.1          2.2   (15-84 p)   [  -20.0000,    20.0000]

----- dataset:  FIESTAdata_harps_mode2
jitter_0        28          1.14        -0.18         0.24   (15-84 p)   [    0.0016,    17.9116]
offset_0        29          0.16         -1.3         0.91   (15-84 p)   [-10002.6523, 10002.7813]

----- dataset: FIESTAdata_harps_mode2    ----- model: gp_multidimensional           
rot_amp         30           8.3         -2.0          1.2   (15-84 p)   [  -10.0000,    10.0000]
con_amp         31          -2.0         -3.1          3.1   (15-84 p)   [  -20.0000,    20.0000]

----- dataset:  FIESTAdata_harpsn_mode1
jitter_0        32         1.137       -0.088         0.10   (15-84 p)   [    0.0010,    12.1312]
offset_0        33          0.07        -0.45         0.62   (15-84 p)   [-10003.0005, 10002.3323]

----- dataset: FIESTAdata_harpsn_mode1   ----- model: gp_multidimensional           
rot_amp         34           4.7         -1.6          1.8   (15-84 p)   [  -10.0000,    10.0000]
con_amp         35           1.3         -1.1          1.3   (15-84 p)   [  -20.0000,    20.0000]

----- dataset:  FIESTAdata_harpsn_mode2
jitter_0        36          1.40        -0.11         0.12   (15-84 p)   [    0.0012,    14.0507]
offset_0        37         -0.06        -0.59         0.41   (15-84 p)   [-10003.3022, 10003.4424]

----- dataset: FIESTAdata_harpsn_mode2   ----- model: gp_multidimensional           
rot_amp         38          -5.9         -2.0          1.9   (15-84 p)   [  -10.0000,    10.0000]
con_amp         39          -0.8         -1.6          1.4   (15-84 p)   [  -20.0000,    20.0000]

----- dataset:  FIESTAdata_neid_mode1
jitter_0        40         0.743       -0.060        0.069   (15-84 p)   [    0.0016,    19.2662]
offset_0        41          0.24        -0.76         0.87   (15-84 p)   [-10002.0745, 10001.8578]

----- dataset: FIESTAdata_neid_mode1     ----- model: gp_multidimensional           
rot_amp         42          -2.3         -1.2          1.0   (15-84 p)   [  -10.0000,    10.0000]
con_amp         43          2.15        -0.72         0.85   (15-84 p)   [  -20.0000,    20.0000]

----- dataset:  FIESTAdata_neid_mode2
jitter_0        44         1.164       -0.095         0.10   (15-84 p)   [    0.0020,    23.2722]
offset_0        45          -0.5         -1.6          1.4   (15-84 p)   [-10002.5016, 10003.6623]

----- dataset: FIESTAdata_neid_mode2     ----- model: gp_multidimensional           
rot_amp         46           2.2         -1.5          1.8   (15-84 p)   [  -10.0000,    10.0000]
con_amp         47          -4.0         -1.4          1.2   (15-84 p)   [  -20.0000,    20.0000]

----- common model:  activity
Prot             0         25.68        -0.42         0.44   (15-84 p)   [   20.0000,    35.0000]
Pdec             1          36.4         -4.9           11   (15-84 p)   [   30.0000,  1000.0000]
Oamp             2         -1.56        -0.14         0.13   (15-84 p)   [   -6.6439,     0.0000]

----- common model:  star_parameters

====================================================================================================
     Statistics on the model parameters obtained from the posteriors samples     
====================================================================================================

----- dataset:  RVdata_expres
jitter_0                  1.26        -0.11         0.13    (15-84 p)
offset_0                  10.0         -4.1          4.3    (15-84 p)


----- dataset: RVdata_expres             ----- model: gp_multidimensional           
rot_amp                    6.2         -2.3          2.2    (15-84 p)
con_amp                   11.0         -2.7          3.5    (15-84 p)

----- dataset:  RVdata_harps
jitter_0                  1.64        -0.12         0.14    (15-84 p)
offset_0                  10.0         -2.0          2.5    (15-84 p)
offset_1                  11.1         -2.0          2.5    (15-84 p)


----- dataset: RVdata_harps              ----- model: gp_multidimensional           
rot_amp                   8.75         -1.6         0.90    (15-84 p)
con_amp                    5.8         -2.3          2.9    (15-84 p)

----- dataset:  RVdata_neid
jitter_0                  1.58        -0.13         0.14    (15-84 p)
offset_0                  10.7         -3.4          3.6    (15-84 p)


----- dataset: RVdata_neid               ----- model: gp_multidimensional           
rot_amp                    3.2         -1.9          2.2    (15-84 p)
con_amp                    9.2         -2.3          2.9    (15-84 p)

----- dataset:  FIESTAdata_expres_mode1
jitter_0                 0.852       -0.064        0.071    (15-84 p)
offset_0                 -0.11        -0.68         0.52    (15-84 p)


----- dataset: FIESTAdata_expres_mode1   ----- model: gp_multidimensional           
rot_amp                   1.54        -0.97          1.1    (15-84 p)
con_amp                  -1.58        -0.86         0.74    (15-84 p)

----- dataset:  FIESTAdata_expres_mode2
jitter_0                 1.114       -0.080        0.091    (15-84 p)
offset_0                 -0.01        -0.30         0.40    (15-84 p)


----- dataset: FIESTAdata_expres_mode2   ----- model: gp_multidimensional           
rot_amp                   -2.6         -1.4          1.2    (15-84 p)
con_amp                   0.63        -0.95         0.97    (15-84 p)

----- dataset:  FIESTAdata_harps_mode1
jitter_0                  0.88        -0.14         0.18    (15-84 p)
offset_0                 -0.05        -0.90          1.3    (15-84 p)


----- dataset: FIESTAdata_harps_mode1    ----- model: gp_multidimensional           
rot_amp                   -7.0         -1.9          2.1    (15-84 p)
con_amp                    2.8         -2.1          2.2    (15-84 p)

----- dataset:  FIESTAdata_harps_mode2
jitter_0                  1.14        -0.18         0.24    (15-84 p)
offset_0                  0.16         -1.3         0.91    (15-84 p)


----- dataset: FIESTAdata_harps_mode2    ----- model: gp_multidimensional           
rot_amp                    8.3         -2.0          1.2    (15-84 p)
con_amp                   -2.0         -3.1          3.1    (15-84 p)

----- dataset:  FIESTAdata_harpsn_mode1
jitter_0                 1.137       -0.088         0.10    (15-84 p)
offset_0                  0.07        -0.45         0.62    (15-84 p)


----- dataset: FIESTAdata_harpsn_mode1   ----- model: gp_multidimensional           
rot_amp                    4.7         -1.6          1.8    (15-84 p)
con_amp                    1.3         -1.1          1.3    (15-84 p)

----- dataset:  FIESTAdata_harpsn_mode2
jitter_0                  1.40        -0.11         0.12    (15-84 p)
offset_0                 -0.06        -0.59         0.41    (15-84 p)


----- dataset: FIESTAdata_harpsn_mode2   ----- model: gp_multidimensional           
rot_amp                   -5.9         -2.0          1.9    (15-84 p)
con_amp                   -0.8         -1.6          1.4    (15-84 p)

----- dataset:  FIESTAdata_neid_mode1
jitter_0                 0.743       -0.060        0.069    (15-84 p)
offset_0                  0.24        -0.76         0.87    (15-84 p)


----- dataset: FIESTAdata_neid_mode1     ----- model: gp_multidimensional           
rot_amp                   -2.3         -1.2          1.0    (15-84 p)
con_amp                   2.15        -0.72         0.85    (15-84 p)

----- dataset:  FIESTAdata_neid_mode2
jitter_0                 1.164       -0.095         0.10    (15-84 p)
offset_0                  -0.5         -1.6          1.4    (15-84 p)


----- dataset: FIESTAdata_neid_mode2     ----- model: gp_multidimensional           
rot_amp                    2.2         -1.5          1.8    (15-84 p)
con_amp                   -4.0         -1.4          1.2    (15-84 p)

----- common model:  activity
Prot                     25.68        -0.42         0.44    (15-84 p)
Pdec                      36.4         -4.9           11    (15-84 p)
Oamp                     0.339       -0.031        0.031    (15-84 p)

----- common model:  star_parameters

====================================================================================================
     Statistics on the derived parameters obtained from the posteriors samples     
====================================================================================================


====================================================================================================
     ------------------------------------------------------------------------------------------     
====================================================================================================



70000.0   steps completed, average lnprob:,  -1671.1848827157621


emcee completed


:::---::: PyORBIT v11.0.1 :::---:::

Python version in use:
3.10.18 (main, Jun  5 2025, 13:14:17) [GCC 11.2.0]
LaTeX disabled by default

gp_multidimensional  S+LEAF model, number of harmonics: 4

GP model: gp_multidimensional  hyperparameters_condition:    True
GP model: gp_multidimensional  rotation_decay_condition:     True

### PyORBIT version used in the analysis:  11.0.1

 emcee version:  3.1.6

 Reference Time Tref: 59334.700184

 Data points:863
 Dimensions: 48
 Nwalkers:   192
 Steps:      70000


Number of samplings: 1056000

Recomputing ln-prior, it may take a while...

ln-probability   distribution:  -1670.96       -6.70      5.94 (15-84 p) 
ln-prior         distribution:   -236.60       -4.25      3.68 (15-84 p) 
ln-likelihood    distribution:  -1434.03       -7.75      6.72 (15-84 p) 


*** Information criteria using the likelihood distribution

 BIC from distribution  (using likelihood)  =   3192.56    -13.45   15.51 (15-84 p)
 AIC from distribution  (using likelihood)  =   2964.06    -13.45   15.51 (15-84 p)
 AICc from distribution (using likelihood)  =   2969.84    -13.45   15.51 (15-84 p)


*** Information criteria using the median parameter set

 ln_probability of Median solution =  -1648.18
 ln_priors of Median solution      =   -236.20
 ln_likelihood of Median solution  =  -1411.98

 Median BIC  (using likelihood) =   3148.45
 Median AIC  (using likelihood) =   2919.95
 Median AICc (using likelihood) =   2925.73


*** Information criteria using the MAP parameter set

 ln_probability of MAP solution =  -1649.74
 ln_priors of MAP solution      =   -235.63
 ln_likelihood of MAP solution  =  -1414.11

 MAP BIC  (using likelihood)    =   3152.72
 MAP AIC  (using likelihood)    =   2924.22
 MAP AICc (using likelihood)    =   2930.00

 AICc suggested over AIC because NDATA ( 863 ) < 40 * NDIM ( 48 )

****************************************************************************************************


Computing the autocorrelation time of the chains

***** WARNING ******
The integrated autocorrelation time cannot be reliably estimated
likely the chains are too short, and ACF analysis is not fully reliable
emcee.autocorr.integrated_time tolerance lowered to 20
If you still get a warning, you should drop these results entirely
Chains too short to apply convergence criteria
They should be at least 33400*nthin = 334000

 ACF computation failed, no plot will be generated 


====================================================================================================
     Ids, spaces (s), boundaries (b) and priors (p) of the sampler parameters     
====================================================================================================

----- dataset:  RVdata_expres
jitter_0      id:   3  s:Linear      b:[      0.0010,      11.5000]   p:Uniform   []
offset_0      id:   4  s:Linear      b:[  -9995.9140,   10012.9990]   p:Uniform   []

----- dataset: RVdata_expres             ----- model: gp_multidimensional           
rot_amp       id:   5  s:Linear      b:[      0.0000,      10.0000]   p:Uniform   []
con_amp       id:   6  s:Linear      b:[    -20.0000,      20.0000]   p:Uniform   []

----- dataset:  RVdata_harps
jitter_0      id:   7  s:Linear      b:[      0.0009,      13.3000]   p:Uniform   []
offset_0      id:   8  s:Linear      b:[  -9995.5653,   10012.9467]   p:Uniform   []
offset_1      id:   9  s:Linear      b:[  -9995.5653,   10012.9467]   p:Uniform   []

----- dataset: RVdata_harps              ----- model: gp_multidimensional           
rot_amp       id:  10  s:Linear      b:[      0.0000,      10.0000]   p:Uniform   []
con_amp       id:  11  s:Linear      b:[    -20.0000,      20.0000]   p:Uniform   []

----- dataset:  RVdata_neid
jitter_0      id:  12  s:Linear      b:[      0.0010,      12.3000]   p:Uniform   []
offset_0      id:  13  s:Linear      b:[  -9995.1596,   10013.5484]   p:Uniform   []

----- dataset: RVdata_neid               ----- model: gp_multidimensional           
rot_amp       id:  14  s:Linear      b:[      0.0000,      10.0000]   p:Uniform   []
con_amp       id:  15  s:Linear      b:[    -20.0000,      20.0000]   p:Uniform   []

----- dataset:  FIESTAdata_expres_mode1
jitter_0      id:  16  s:Linear      b:[      0.0017,      18.8059]   p:Uniform   []
offset_0      id:  17  s:Linear      b:[ -10002.1035,   10001.7319]   p:Uniform   []

----- dataset: FIESTAdata_expres_mode1   ----- model: gp_multidimensional           
rot_amp       id:  18  s:Linear      b:[    -10.0000,      10.0000]   p:Uniform   []
con_amp       id:  19  s:Linear      b:[    -20.0000,      20.0000]   p:Uniform   []

----- dataset:  FIESTAdata_expres_mode2
jitter_0      id:  20  s:Linear      b:[      0.0019,      21.5165]   p:Uniform   []
offset_0      id:  21  s:Linear      b:[ -10002.6516,   10002.8448]   p:Uniform   []

----- dataset: FIESTAdata_expres_mode2   ----- model: gp_multidimensional           
rot_amp       id:  22  s:Linear      b:[    -10.0000,      10.0000]   p:Uniform   []
con_amp       id:  23  s:Linear      b:[    -20.0000,      20.0000]   p:Uniform   []

----- dataset:  FIESTAdata_harps_mode1
jitter_0      id:  24  s:Linear      b:[      0.0013,      15.1837]   p:Uniform   []
offset_0      id:  25  s:Linear      b:[ -10002.0951,   10002.1584]   p:Uniform   []

----- dataset: FIESTAdata_harps_mode1    ----- model: gp_multidimensional           
rot_amp       id:  26  s:Linear      b:[    -10.0000,      10.0000]   p:Uniform   []
con_amp       id:  27  s:Linear      b:[    -20.0000,      20.0000]   p:Uniform   []

----- dataset:  FIESTAdata_harps_mode2
jitter_0      id:  28  s:Linear      b:[      0.0016,      17.9116]   p:Uniform   []
offset_0      id:  29  s:Linear      b:[ -10002.6523,   10002.7813]   p:Uniform   []

----- dataset: FIESTAdata_harps_mode2    ----- model: gp_multidimensional           
rot_amp       id:  30  s:Linear      b:[    -10.0000,      10.0000]   p:Uniform   []
con_amp       id:  31  s:Linear      b:[    -20.0000,      20.0000]   p:Uniform   []

----- dataset:  FIESTAdata_harpsn_mode1
jitter_0      id:  32  s:Linear      b:[      0.0010,      12.1312]   p:Uniform   []
offset_0      id:  33  s:Linear      b:[ -10003.0005,   10002.3323]   p:Uniform   []

----- dataset: FIESTAdata_harpsn_mode1   ----- model: gp_multidimensional           
rot_amp       id:  34  s:Linear      b:[    -10.0000,      10.0000]   p:Uniform   []
con_amp       id:  35  s:Linear      b:[    -20.0000,      20.0000]   p:Uniform   []

----- dataset:  FIESTAdata_harpsn_mode2
jitter_0      id:  36  s:Linear      b:[      0.0012,      14.0507]   p:Uniform   []
offset_0      id:  37  s:Linear      b:[ -10003.3022,   10003.4424]   p:Uniform   []

----- dataset: FIESTAdata_harpsn_mode2   ----- model: gp_multidimensional           
rot_amp       id:  38  s:Linear      b:[    -10.0000,      10.0000]   p:Uniform   []
con_amp       id:  39  s:Linear      b:[    -20.0000,      20.0000]   p:Uniform   []

----- dataset:  FIESTAdata_neid_mode1
jitter_0      id:  40  s:Linear      b:[      0.0016,      19.2662]   p:Uniform   []
offset_0      id:  41  s:Linear      b:[ -10002.0745,   10001.8578]   p:Uniform   []

----- dataset: FIESTAdata_neid_mode1     ----- model: gp_multidimensional           
rot_amp       id:  42  s:Linear      b:[    -10.0000,      10.0000]   p:Uniform   []
con_amp       id:  43  s:Linear      b:[    -20.0000,      20.0000]   p:Uniform   []

----- dataset:  FIESTAdata_neid_mode2
jitter_0      id:  44  s:Linear      b:[      0.0020,      23.2722]   p:Uniform   []
offset_0      id:  45  s:Linear      b:[ -10002.5016,   10003.6623]   p:Uniform   []

----- dataset: FIESTAdata_neid_mode2     ----- model: gp_multidimensional           
rot_amp       id:  46  s:Linear      b:[    -10.0000,      10.0000]   p:Uniform   []
con_amp       id:  47  s:Linear      b:[    -20.0000,      20.0000]   p:Uniform   []

----- common model:  activity
Prot          id:   0  s:Linear      b:[     20.0000,      35.0000]   p:Gaussian   [28.   0.5]
Pdec          id:   1  s:Linear      b:[     30.0000,    1000.0000]   p:Uniform   []
Oamp          id:   2  s:Log_Base2   b:[     -6.6439,       0.0000]   p:Gaussian   [0.35  0.035]

----- common model:  star_parameters
mass          derived (no id, space, bound)                           p:Gaussian   [1.e+00 1.e-06]
radius        derived (no id, space, bound)                           p:Gaussian   [1.e+00 1.e-06]
density       derived (no id, space, bound)                           p:Gaussian   [1.e+00 1.e-06]


****************************************************************************************************
****************************************************************************************************

 Confidence intervals (median value, 34.135th percentile from the median on the left and right side)

====================================================================================================
     Statistics on the posterior of the sampler parameters     
====================================================================================================

----- dataset:  RVdata_expres
jitter_0         3          1.26        -0.11         0.13   (15-84 p)   [    0.0010,    11.5000]
offset_0         4          10.0         -4.1          4.3   (15-84 p)   [-9995.9140, 10012.9990]

----- dataset: RVdata_expres             ----- model: gp_multidimensional           
rot_amp          5           6.2         -2.3          2.2   (15-84 p)   [    0.0000,    10.0000]
con_amp          6          11.0         -2.7          3.5   (15-84 p)   [  -20.0000,    20.0000]

----- dataset:  RVdata_harps
jitter_0         7          1.64        -0.12         0.14   (15-84 p)   [    0.0009,    13.3000]
offset_0         8          10.0         -2.0          2.5   (15-84 p)   [-9995.5653, 10012.9467]
offset_1         9          11.1         -2.0          2.5   (15-84 p)   [-9995.5653, 10012.9467]

----- dataset: RVdata_harps              ----- model: gp_multidimensional           
rot_amp         10          8.75         -1.6         0.90   (15-84 p)   [    0.0000,    10.0000]
con_amp         11           5.8         -2.3          2.9   (15-84 p)   [  -20.0000,    20.0000]

----- dataset:  RVdata_neid
jitter_0        12          1.58        -0.13         0.14   (15-84 p)   [    0.0010,    12.3000]
offset_0        13          10.7         -3.4          3.6   (15-84 p)   [-9995.1596, 10013.5484]

----- dataset: RVdata_neid               ----- model: gp_multidimensional           
rot_amp         14           3.2         -1.9          2.2   (15-84 p)   [    0.0000,    10.0000]
con_amp         15           9.2         -2.3          2.9   (15-84 p)   [  -20.0000,    20.0000]

----- dataset:  FIESTAdata_expres_mode1
jitter_0        16         0.852       -0.064        0.071   (15-84 p)   [    0.0017,    18.8059]
offset_0        17         -0.11        -0.68         0.52   (15-84 p)   [-10002.1035, 10001.7319]

----- dataset: FIESTAdata_expres_mode1   ----- model: gp_multidimensional           
rot_amp         18          1.54        -0.97          1.1   (15-84 p)   [  -10.0000,    10.0000]
con_amp         19         -1.58        -0.86         0.74   (15-84 p)   [  -20.0000,    20.0000]

----- dataset:  FIESTAdata_expres_mode2
jitter_0        20         1.114       -0.080        0.091   (15-84 p)   [    0.0019,    21.5165]
offset_0        21         -0.01        -0.30         0.40   (15-84 p)   [-10002.6516, 10002.8448]

----- dataset: FIESTAdata_expres_mode2   ----- model: gp_multidimensional           
rot_amp         22          -2.6         -1.4          1.2   (15-84 p)   [  -10.0000,    10.0000]
con_amp         23          0.63        -0.95         0.97   (15-84 p)   [  -20.0000,    20.0000]

----- dataset:  FIESTAdata_harps_mode1
jitter_0        24          0.88        -0.14         0.18   (15-84 p)   [    0.0013,    15.1837]
offset_0        25         -0.05        -0.90          1.3   (15-84 p)   [-10002.0951, 10002.1584]

----- dataset: FIESTAdata_harps_mode1    ----- model: gp_multidimensional           
rot_amp         26          -7.0         -1.9          2.1   (15-84 p)   [  -10.0000,    10.0000]
con_amp         27           2.8         -2.1          2.2   (15-84 p)   [  -20.0000,    20.0000]

----- dataset:  FIESTAdata_harps_mode2
jitter_0        28          1.14        -0.18         0.24   (15-84 p)   [    0.0016,    17.9116]
offset_0        29          0.16         -1.3         0.91   (15-84 p)   [-10002.6523, 10002.7813]

----- dataset: FIESTAdata_harps_mode2    ----- model: gp_multidimensional           
rot_amp         30           8.3         -2.0          1.2   (15-84 p)   [  -10.0000,    10.0000]
con_amp         31          -2.0         -3.1          3.1   (15-84 p)   [  -20.0000,    20.0000]

----- dataset:  FIESTAdata_harpsn_mode1
jitter_0        32         1.137       -0.088         0.10   (15-84 p)   [    0.0010,    12.1312]
offset_0        33          0.07        -0.45         0.62   (15-84 p)   [-10003.0005, 10002.3323]

----- dataset: FIESTAdata_harpsn_mode1   ----- model: gp_multidimensional           
rot_amp         34           4.7         -1.6          1.8   (15-84 p)   [  -10.0000,    10.0000]
con_amp         35           1.3         -1.1          1.3   (15-84 p)   [  -20.0000,    20.0000]

----- dataset:  FIESTAdata_harpsn_mode2
jitter_0        36          1.40        -0.11         0.12   (15-84 p)   [    0.0012,    14.0507]
offset_0        37         -0.06        -0.59         0.41   (15-84 p)   [-10003.3022, 10003.4424]

----- dataset: FIESTAdata_harpsn_mode2   ----- model: gp_multidimensional           
rot_amp         38          -5.9         -2.0          1.9   (15-84 p)   [  -10.0000,    10.0000]
con_amp         39          -0.8         -1.6          1.4   (15-84 p)   [  -20.0000,    20.0000]

----- dataset:  FIESTAdata_neid_mode1
jitter_0        40         0.743       -0.060        0.069   (15-84 p)   [    0.0016,    19.2662]
offset_0        41          0.24        -0.76         0.87   (15-84 p)   [-10002.0745, 10001.8578]

----- dataset: FIESTAdata_neid_mode1     ----- model: gp_multidimensional           
rot_amp         42          -2.3         -1.2          1.0   (15-84 p)   [  -10.0000,    10.0000]
con_amp         43          2.15        -0.72         0.85   (15-84 p)   [  -20.0000,    20.0000]

----- dataset:  FIESTAdata_neid_mode2
jitter_0        44         1.164       -0.095         0.10   (15-84 p)   [    0.0020,    23.2722]
offset_0        45          -0.5         -1.6          1.4   (15-84 p)   [-10002.5016, 10003.6623]

----- dataset: FIESTAdata_neid_mode2     ----- model: gp_multidimensional           
rot_amp         46           2.2         -1.5          1.8   (15-84 p)   [  -10.0000,    10.0000]
con_amp         47          -4.0         -1.4          1.2   (15-84 p)   [  -20.0000,    20.0000]

----- common model:  activity
Prot             0         25.68        -0.42         0.44   (15-84 p)   [   20.0000,    35.0000]
Pdec             1          36.4         -4.9           11   (15-84 p)   [   30.0000,  1000.0000]
Oamp             2         -1.56        -0.14         0.13   (15-84 p)   [   -6.6439,     0.0000]

----- common model:  star_parameters

====================================================================================================
     Statistics on the model parameters obtained from the posteriors samples     
====================================================================================================

----- dataset:  RVdata_expres
jitter_0                  1.26        -0.11         0.13    (15-84 p)
offset_0                  10.0         -4.1          4.3    (15-84 p)


----- dataset: RVdata_expres             ----- model: gp_multidimensional           
rot_amp                    6.2         -2.3          2.2    (15-84 p)
con_amp                   11.0         -2.7          3.5    (15-84 p)

----- dataset:  RVdata_harps
jitter_0                  1.64        -0.12         0.14    (15-84 p)
offset_0                  10.0         -2.0          2.5    (15-84 p)
offset_1                  11.1         -2.0          2.5    (15-84 p)


----- dataset: RVdata_harps              ----- model: gp_multidimensional           
rot_amp                   8.75         -1.6         0.90    (15-84 p)
con_amp                    5.8         -2.3          2.9    (15-84 p)

----- dataset:  RVdata_neid
jitter_0                  1.58        -0.13         0.14    (15-84 p)
offset_0                  10.7         -3.4          3.6    (15-84 p)


----- dataset: RVdata_neid               ----- model: gp_multidimensional           
rot_amp                    3.2         -1.9          2.2    (15-84 p)
con_amp                    9.2         -2.3          2.9    (15-84 p)

----- dataset:  FIESTAdata_expres_mode1
jitter_0                 0.852       -0.064        0.071    (15-84 p)
offset_0                 -0.11        -0.68         0.52    (15-84 p)


----- dataset: FIESTAdata_expres_mode1   ----- model: gp_multidimensional           
rot_amp                   1.54        -0.97          1.1    (15-84 p)
con_amp                  -1.58        -0.86         0.74    (15-84 p)

----- dataset:  FIESTAdata_expres_mode2
jitter_0                 1.114       -0.080        0.091    (15-84 p)
offset_0                 -0.01        -0.30         0.40    (15-84 p)


----- dataset: FIESTAdata_expres_mode2   ----- model: gp_multidimensional           
rot_amp                   -2.6         -1.4          1.2    (15-84 p)
con_amp                   0.63        -0.95         0.97    (15-84 p)

----- dataset:  FIESTAdata_harps_mode1
jitter_0                  0.88        -0.14         0.18    (15-84 p)
offset_0                 -0.05        -0.90          1.3    (15-84 p)


----- dataset: FIESTAdata_harps_mode1    ----- model: gp_multidimensional           
rot_amp                   -7.0         -1.9          2.1    (15-84 p)
con_amp                    2.8         -2.1          2.2    (15-84 p)

----- dataset:  FIESTAdata_harps_mode2
jitter_0                  1.14        -0.18         0.24    (15-84 p)
offset_0                  0.16         -1.3         0.91    (15-84 p)


----- dataset: FIESTAdata_harps_mode2    ----- model: gp_multidimensional           
rot_amp                    8.3         -2.0          1.2    (15-84 p)
con_amp                   -2.0         -3.1          3.1    (15-84 p)

----- dataset:  FIESTAdata_harpsn_mode1
jitter_0                 1.137       -0.088         0.10    (15-84 p)
offset_0                  0.07        -0.45         0.62    (15-84 p)


----- dataset: FIESTAdata_harpsn_mode1   ----- model: gp_multidimensional           
rot_amp                    4.7         -1.6          1.8    (15-84 p)
con_amp                    1.3         -1.1          1.3    (15-84 p)

----- dataset:  FIESTAdata_harpsn_mode2
jitter_0                  1.40        -0.11         0.12    (15-84 p)
offset_0                 -0.06        -0.59         0.41    (15-84 p)


----- dataset: FIESTAdata_harpsn_mode2   ----- model: gp_multidimensional           
rot_amp                   -5.9         -2.0          1.9    (15-84 p)
con_amp                   -0.8         -1.6          1.4    (15-84 p)

----- dataset:  FIESTAdata_neid_mode1
jitter_0                 0.743       -0.060        0.069    (15-84 p)
offset_0                  0.24        -0.76         0.87    (15-84 p)


----- dataset: FIESTAdata_neid_mode1     ----- model: gp_multidimensional           
rot_amp                   -2.3         -1.2          1.0    (15-84 p)
con_amp                   2.15        -0.72         0.85    (15-84 p)

----- dataset:  FIESTAdata_neid_mode2
jitter_0                 1.164       -0.095         0.10    (15-84 p)
offset_0                  -0.5         -1.6          1.4    (15-84 p)


----- dataset: FIESTAdata_neid_mode2     ----- model: gp_multidimensional           
rot_amp                    2.2         -1.5          1.8    (15-84 p)
con_amp                   -4.0         -1.4          1.2    (15-84 p)

----- common model:  activity
Prot                     25.68        -0.42         0.44    (15-84 p)
Pdec                      36.4         -4.9           11    (15-84 p)
Oamp                     0.339       -0.031        0.031    (15-84 p)

----- common model:  star_parameters

====================================================================================================
     Statistics on the derived parameters obtained from the posteriors samples     
====================================================================================================


====================================================================================================
     ------------------------------------------------------------------------------------------     
====================================================================================================



****************************************************************************************************

 Parameters corresponding to the Maximum a Posteriori probability ( -1649.7397497948702 )

====================================================================================================
     Statistics on the posterior of the sampler parameters     
====================================================================================================

----- dataset:  RVdata_expres
jitter_0         3      1.247820 [    0.0010,    11.5000]
offset_0         4      8.431479 [-9995.9140, 10012.9990]

----- dataset: RVdata_expres             ----- model: gp_multidimensional           
rot_amp          5      6.944124 [    0.0000,    10.0000]
con_amp          6      6.890600 [  -20.0000,    20.0000]

----- dataset:  RVdata_harps
jitter_0         7      1.634742 [    0.0009,    13.3000]
offset_0         8      9.229343 [-9995.5653, 10012.9467]
offset_1         9     10.743205 [-9995.5653, 10012.9467]

----- dataset: RVdata_harps              ----- model: gp_multidimensional           
rot_amp         10      7.878209 [    0.0000,    10.0000]
con_amp         11      2.459537 [  -20.0000,    20.0000]

----- dataset:  RVdata_neid
jitter_0        12      1.506240 [    0.0010,    12.3000]
offset_0        13      9.506692 [-9995.1596, 10013.5484]

----- dataset: RVdata_neid               ----- model: gp_multidimensional           
rot_amp         14      4.220263 [    0.0000,    10.0000]
con_amp         15      5.166302 [  -20.0000,    20.0000]

----- dataset:  FIESTAdata_expres_mode1
jitter_0        16      0.813472 [    0.0017,    18.8059]
offset_0        17      0.064711 [-10002.1035, 10001.7319]

----- dataset: FIESTAdata_expres_mode1   ----- model: gp_multidimensional           
rot_amp         18      1.585275 [  -10.0000,    10.0000]
con_amp         19     -0.810796 [  -20.0000,    20.0000]

----- dataset:  FIESTAdata_expres_mode2
jitter_0        20      1.120721 [    0.0019,    21.5165]
offset_0        21     -0.054793 [-10002.6516, 10002.8448]

----- dataset: FIESTAdata_expres_mode2   ----- model: gp_multidimensional           
rot_amp         22     -1.125538 [  -10.0000,    10.0000]
con_amp         23      0.407642 [  -20.0000,    20.0000]

----- dataset:  FIESTAdata_harps_mode1
jitter_0        24      0.762054 [    0.0013,    15.1837]
offset_0        25     -0.326466 [-10002.0951, 10002.1584]

----- dataset: FIESTAdata_harps_mode1    ----- model: gp_multidimensional           
rot_amp         26     -4.980447 [  -10.0000,    10.0000]
con_amp         27      2.168270 [  -20.0000,    20.0000]

----- dataset:  FIESTAdata_harps_mode2
jitter_0        28      1.344205 [    0.0016,    17.9116]
offset_0        29      0.492281 [-10002.6523, 10002.7813]

----- dataset: FIESTAdata_harps_mode2    ----- model: gp_multidimensional           
rot_amp         30      7.431077 [  -10.0000,    10.0000]
con_amp         31     -5.551132 [  -20.0000,    20.0000]

----- dataset:  FIESTAdata_harpsn_mode1
jitter_0        32      1.109924 [    0.0010,    12.1312]
offset_0        33     -0.084707 [-10003.0005, 10002.3323]

----- dataset: FIESTAdata_harpsn_mode1   ----- model: gp_multidimensional           
rot_amp         34      3.949559 [  -10.0000,    10.0000]
con_amp         35      0.927411 [  -20.0000,    20.0000]

----- dataset:  FIESTAdata_harpsn_mode2
jitter_0        36      1.396059 [    0.0012,    14.0507]
offset_0        37      0.014159 [-10003.3022, 10003.4424]

----- dataset: FIESTAdata_harpsn_mode2   ----- model: gp_multidimensional           
rot_amp         38     -3.255397 [  -10.0000,    10.0000]
con_amp         39     -0.078101 [  -20.0000,    20.0000]

----- dataset:  FIESTAdata_neid_mode1
jitter_0        40      0.732549 [    0.0016,    19.2662]
offset_0        41     -0.097802 [-10002.0745, 10001.8578]

----- dataset: FIESTAdata_neid_mode1     ----- model: gp_multidimensional           
rot_amp         42     -0.998565 [  -10.0000,    10.0000]
con_amp         43      1.745983 [  -20.0000,    20.0000]

----- dataset:  FIESTAdata_neid_mode2
jitter_0        44      1.126886 [    0.0020,    23.2722]
offset_0        45      0.266660 [-10002.5016, 10003.6623]

----- dataset: FIESTAdata_neid_mode2     ----- model: gp_multidimensional           
rot_amp         46      0.870135 [  -10.0000,    10.0000]
con_amp         47     -2.903375 [  -20.0000,    20.0000]

----- common model:  activity
Prot             0     25.919544 [   20.0000,    35.0000]
Pdec             1     33.278341 [   30.0000,  1000.0000]
Oamp             2     -1.800319 [   -6.6439,     0.0000]

----- common model:  star_parameters

====================================================================================================
     Statistics on the model parameters obtained from the posteriors samples     
====================================================================================================

----- dataset:  RVdata_expres
jitter_0              1.247820 
offset_0              8.431479 


----- dataset: RVdata_expres             ----- model: gp_multidimensional           
rot_amp               6.944124 
con_amp               6.890600 

----- dataset:  RVdata_harps
jitter_0              1.634742 
offset_0              9.229343 
offset_1             10.743205 


----- dataset: RVdata_harps              ----- model: gp_multidimensional           
rot_amp               7.878209 
con_amp               2.459537 

----- dataset:  RVdata_neid
jitter_0              1.506240 
offset_0              9.506692 


----- dataset: RVdata_neid               ----- model: gp_multidimensional           
rot_amp               4.220263 
con_amp               5.166302 

----- dataset:  FIESTAdata_expres_mode1
jitter_0              0.813472 
offset_0              0.064711 


----- dataset: FIESTAdata_expres_mode1   ----- model: gp_multidimensional           
rot_amp               1.585275 
con_amp              -0.810796 

----- dataset:  FIESTAdata_expres_mode2
jitter_0              1.120721 
offset_0             -0.054793 


----- dataset: FIESTAdata_expres_mode2   ----- model: gp_multidimensional           
rot_amp              -1.125538 
con_amp               0.407642 

----- dataset:  FIESTAdata_harps_mode1
jitter_0              0.762054 
offset_0             -0.326466 


----- dataset: FIESTAdata_harps_mode1    ----- model: gp_multidimensional           
rot_amp              -4.980447 
con_amp               2.168270 

----- dataset:  FIESTAdata_harps_mode2
jitter_0              1.344205 
offset_0              0.492281 


----- dataset: FIESTAdata_harps_mode2    ----- model: gp_multidimensional           
rot_amp               7.431077 
con_amp              -5.551132 

----- dataset:  FIESTAdata_harpsn_mode1
jitter_0              1.109924 
offset_0             -0.084707 


----- dataset: FIESTAdata_harpsn_mode1   ----- model: gp_multidimensional           
rot_amp               3.949559 
con_amp               0.927411 

----- dataset:  FIESTAdata_harpsn_mode2
jitter_0              1.396059 
offset_0              0.014159 


----- dataset: FIESTAdata_harpsn_mode2   ----- model: gp_multidimensional           
rot_amp              -3.255397 
con_amp              -0.078101 

----- dataset:  FIESTAdata_neid_mode1
jitter_0              0.732549 
offset_0             -0.097802 


----- dataset: FIESTAdata_neid_mode1     ----- model: gp_multidimensional           
rot_amp              -0.998565 
con_amp               1.745983 

----- dataset:  FIESTAdata_neid_mode2
jitter_0              1.126886 
offset_0              0.266660 


----- dataset: FIESTAdata_neid_mode2     ----- model: gp_multidimensional           
rot_amp               0.870135 
con_amp              -2.903375 

----- common model:  activity
Prot                 25.919544 
Pdec                 33.278341 
Oamp                  0.287111 

----- common model:  star_parameters

====================================================================================================
     Statistics on the derived parameters obtained from the posteriors samples     
====================================================================================================


====================================================================================================
     ------------------------------------------------------------------------------------------     
====================================================================================================



****************************************************************************************************

 Parameters corresponding to the sample closest to the median values ( -1660.2122356977404 )

====================================================================================================
     Statistics on the posterior of the sampler parameters     
====================================================================================================

----- dataset:  RVdata_expres
jitter_0         3      1.309229 [    0.0010,    11.5000]
offset_0         4     11.106575 [-9995.9140, 10012.9990]

----- dataset: RVdata_expres             ----- model: gp_multidimensional           
rot_amp          5      6.624947 [    0.0000,    10.0000]
con_amp          6     11.081135 [  -20.0000,    20.0000]

----- dataset:  RVdata_harps
jitter_0         7      1.660932 [    0.0009,    13.3000]
offset_0         8     10.093493 [-9995.5653, 10012.9467]
offset_1         9     11.625977 [-9995.5653, 10012.9467]

----- dataset: RVdata_harps              ----- model: gp_multidimensional           
rot_amp         10      7.771674 [    0.0000,    10.0000]
con_amp         11      4.246369 [  -20.0000,    20.0000]

----- dataset:  RVdata_neid
jitter_0        12      1.641043 [    0.0010,    12.3000]
offset_0        13     11.893164 [-9995.1596, 10013.5484]

----- dataset: RVdata_neid               ----- model: gp_multidimensional           
rot_amp         14      2.384400 [    0.0000,    10.0000]
con_amp         15     10.301108 [  -20.0000,    20.0000]

----- dataset:  FIESTAdata_expres_mode1
jitter_0        16      0.832314 [    0.0017,    18.8059]
offset_0        17     -0.311421 [-10002.1035, 10001.7319]

----- dataset: FIESTAdata_expres_mode1   ----- model: gp_multidimensional           
rot_amp         18      2.944780 [  -10.0000,    10.0000]
con_amp         19     -1.699637 [  -20.0000,    20.0000]

----- dataset:  FIESTAdata_expres_mode2
jitter_0        20      1.139562 [    0.0019,    21.5165]
offset_0        21      0.191108 [-10002.6516, 10002.8448]

----- dataset: FIESTAdata_expres_mode2   ----- model: gp_multidimensional           
rot_amp         22     -2.789022 [  -10.0000,    10.0000]
con_amp         23      0.472136 [  -20.0000,    20.0000]

----- dataset:  FIESTAdata_harps_mode1
jitter_0        24      0.815030 [    0.0013,    15.1837]
offset_0        25      0.601258 [-10002.0951, 10002.1584]

----- dataset: FIESTAdata_harps_mode1    ----- model: gp_multidimensional           
rot_amp         26     -7.030129 [  -10.0000,    10.0000]
con_amp         27      3.311466 [  -20.0000,    20.0000]

----- dataset:  FIESTAdata_harps_mode2
jitter_0        28      1.236583 [    0.0016,    17.9116]
offset_0        29      0.709682 [-10002.6523, 10002.7813]

----- dataset: FIESTAdata_harps_mode2    ----- model: gp_multidimensional           
rot_amp         30      8.868657 [  -10.0000,    10.0000]
con_amp         31     -0.610243 [  -20.0000,    20.0000]

----- dataset:  FIESTAdata_harpsn_mode1
jitter_0        32      1.115542 [    0.0010,    12.1312]
offset_0        33      0.093595 [-10003.0005, 10002.3323]

----- dataset: FIESTAdata_harpsn_mode1   ----- model: gp_multidimensional           
rot_amp         34      3.845552 [  -10.0000,    10.0000]
con_amp         35      1.172200 [  -20.0000,    20.0000]

----- dataset:  FIESTAdata_harpsn_mode2
jitter_0        36      1.401064 [    0.0012,    14.0507]
offset_0        37     -0.283672 [-10003.3022, 10003.4424]

----- dataset: FIESTAdata_harpsn_mode2   ----- model: gp_multidimensional           
rot_amp         38     -6.184182 [  -10.0000,    10.0000]
con_amp         39     -0.985915 [  -20.0000,    20.0000]

----- dataset:  FIESTAdata_neid_mode1
jitter_0        40      0.735710 [    0.0016,    19.2662]
offset_0        41      0.275084 [-10002.0745, 10001.8578]

----- dataset: FIESTAdata_neid_mode1     ----- model: gp_multidimensional           
rot_amp         42     -2.457256 [  -10.0000,    10.0000]
con_amp         43      1.973767 [  -20.0000,    20.0000]

----- dataset:  FIESTAdata_neid_mode2
jitter_0        44      1.214157 [    0.0020,    23.2722]
offset_0        45     -0.954763 [-10002.5016, 10003.6623]

----- dataset: FIESTAdata_neid_mode2     ----- model: gp_multidimensional           
rot_amp         46      1.214883 [  -10.0000,    10.0000]
con_amp         47     -4.601787 [  -20.0000,    20.0000]

----- common model:  activity
Prot             0     25.744927 [   20.0000,    35.0000]
Pdec             1     32.582769 [   30.0000,  1000.0000]
Oamp             2     -1.429757 [   -6.6439,     0.0000]

----- common model:  star_parameters

====================================================================================================
     Statistics on the model parameters obtained from the posteriors samples     
====================================================================================================

----- dataset:  RVdata_expres
jitter_0              1.309229 
offset_0             11.106575 


----- dataset: RVdata_expres             ----- model: gp_multidimensional           
rot_amp               6.624947 
con_amp              11.081135 

----- dataset:  RVdata_harps
jitter_0              1.660932 
offset_0             10.093493 
offset_1             11.625977 


----- dataset: RVdata_harps              ----- model: gp_multidimensional           
rot_amp               7.771674 
con_amp               4.246369 

----- dataset:  RVdata_neid
jitter_0              1.641043 
offset_0             11.893164 


----- dataset: RVdata_neid               ----- model: gp_multidimensional           
rot_amp               2.384400 
con_amp              10.301108 

----- dataset:  FIESTAdata_expres_mode1
jitter_0              0.832314 
offset_0             -0.311421 


----- dataset: FIESTAdata_expres_mode1   ----- model: gp_multidimensional           
rot_amp               2.944780 
con_amp              -1.699637 

----- dataset:  FIESTAdata_expres_mode2
jitter_0              1.139562 
offset_0              0.191108 


----- dataset: FIESTAdata_expres_mode2   ----- model: gp_multidimensional           
rot_amp              -2.789022 
con_amp               0.472136 

----- dataset:  FIESTAdata_harps_mode1
jitter_0              0.815030 
offset_0              0.601258 


----- dataset: FIESTAdata_harps_mode1    ----- model: gp_multidimensional           
rot_amp              -7.030129 
con_amp               3.311466 

----- dataset:  FIESTAdata_harps_mode2
jitter_0              1.236583 
offset_0              0.709682 


----- dataset: FIESTAdata_harps_mode2    ----- model: gp_multidimensional           
rot_amp               8.868657 
con_amp              -0.610243 

----- dataset:  FIESTAdata_harpsn_mode1
jitter_0              1.115542 
offset_0              0.093595 


----- dataset: FIESTAdata_harpsn_mode1   ----- model: gp_multidimensional           
rot_amp               3.845552 
con_amp               1.172200 

----- dataset:  FIESTAdata_harpsn_mode2
jitter_0              1.401064 
offset_0             -0.283672 


----- dataset: FIESTAdata_harpsn_mode2   ----- model: gp_multidimensional           
rot_amp              -6.184182 
con_amp              -0.985915 

----- dataset:  FIESTAdata_neid_mode1
jitter_0              0.735710 
offset_0              0.275084 


----- dataset: FIESTAdata_neid_mode1     ----- model: gp_multidimensional           
rot_amp              -2.457256 
con_amp               1.973767 

----- dataset:  FIESTAdata_neid_mode2
jitter_0              1.214157 
offset_0             -0.954763 


----- dataset: FIESTAdata_neid_mode2     ----- model: gp_multidimensional           
rot_amp               1.214883 
con_amp              -4.601787 

----- common model:  activity
Prot                 25.744927 
Pdec                 32.582769 
Oamp                  0.371193 

----- common model:  star_parameters

====================================================================================================
     Statistics on the derived parameters obtained from the posteriors samples     
====================================================================================================


====================================================================================================
     ------------------------------------------------------------------------------------------     
====================================================================================================



****************************************************************************************************

Note: stellar density derived from stellar mass and radius

 Plot FLAT chain 

****************************************************************************************************

 Skipping full correlation plot due to the high number of parameters
 To avoid this behaviour, set the keyword parameters:force_full_correlation_plot to True

****************************************************************************************************

 Plotting the chains... 

****************************************************************************************************

 Plotting the Gelman-Rubin traces... 

     Gelman-Rubin:     3     1.034275 RVdata_expres_jitter_0 
     Gelman-Rubin:     4     1.355209 RVdata_expres_offset_0 
     Gelman-Rubin:     5     1.044154 RVdata_expres_gp_multidimensional_rot_amp 
     Gelman-Rubin:     6     1.046494 RVdata_expres_gp_multidimensional_con_amp 
     Gelman-Rubin:     7     1.029917 RVdata_harps_jitter_0 
     Gelman-Rubin:     8     1.328013 RVdata_harps_offset_0 
     Gelman-Rubin:     9     1.318391 RVdata_harps_offset_1 
     Gelman-Rubin:    10     1.041482 RVdata_harps_gp_multidimensional_rot_amp 
     Gelman-Rubin:    11     1.052559 RVdata_harps_gp_multidimensional_con_amp 
     Gelman-Rubin:    12     1.028881 RVdata_neid_jitter_0 
     Gelman-Rubin:    13     1.348520 RVdata_neid_offset_0 
     Gelman-Rubin:    14     1.050408 RVdata_neid_gp_multidimensional_rot_amp 
     Gelman-Rubin:    15     1.041271 RVdata_neid_gp_multidimensional_con_amp 
     Gelman-Rubin:    16     1.032924 FIESTAdata_expres_mode1_jitter_0 
     Gelman-Rubin:    17     1.288615 FIESTAdata_expres_mode1_offset_0 
     Gelman-Rubin:    18     1.042864 FIESTAdata_expres_mode1_gp_multidimensional_rot_amp 
     Gelman-Rubin:    19     1.041577 FIESTAdata_expres_mode1_gp_multidimensional_con_amp 
     Gelman-Rubin:    20     1.027184 FIESTAdata_expres_mode2_jitter_0 
     Gelman-Rubin:    21     1.133881 FIESTAdata_expres_mode2_offset_0 
     Gelman-Rubin:    22     1.034155 FIESTAdata_expres_mode2_gp_multidimensional_rot_amp 
     Gelman-Rubin:    23     1.055913 FIESTAdata_expres_mode2_gp_multidimensional_con_amp 
     Gelman-Rubin:    24     1.039570 FIESTAdata_harps_mode1_jitter_0 
     Gelman-Rubin:    25     1.235917 FIESTAdata_harps_mode1_offset_0 
     Gelman-Rubin:    26     1.036886 FIESTAdata_harps_mode1_gp_multidimensional_rot_amp 
     Gelman-Rubin:    27     1.056757 FIESTAdata_harps_mode1_gp_multidimensional_con_amp 
     Gelman-Rubin:    28     1.030312 FIESTAdata_harps_mode2_jitter_0 
     Gelman-Rubin:    29     1.150893 FIESTAdata_harps_mode2_offset_0 
     Gelman-Rubin:    30     1.041538 FIESTAdata_harps_mode2_gp_multidimensional_rot_amp 
     Gelman-Rubin:    31     1.063933 FIESTAdata_harps_mode2_gp_multidimensional_con_amp 
     Gelman-Rubin:    32     1.030409 FIESTAdata_harpsn_mode1_jitter_0 
     Gelman-Rubin:    33     1.194602 FIESTAdata_harpsn_mode1_offset_0 
     Gelman-Rubin:    34     1.033966 FIESTAdata_harpsn_mode1_gp_multidimensional_rot_amp 
     Gelman-Rubin:    35     1.057279 FIESTAdata_harpsn_mode1_gp_multidimensional_con_amp 
     Gelman-Rubin:    36     1.033222 FIESTAdata_harpsn_mode2_jitter_0 
     Gelman-Rubin:    37     1.166251 FIESTAdata_harpsn_mode2_offset_0 
     Gelman-Rubin:    38     1.029280 FIESTAdata_harpsn_mode2_gp_multidimensional_rot_amp 
     Gelman-Rubin:    39     1.062107 FIESTAdata_harpsn_mode2_gp_multidimensional_con_amp 
     Gelman-Rubin:    40     1.034284 FIESTAdata_neid_mode1_jitter_0 
     Gelman-Rubin:    41     1.310095 FIESTAdata_neid_mode1_offset_0 
     Gelman-Rubin:    42     1.043927 FIESTAdata_neid_mode1_gp_multidimensional_rot_amp 
     Gelman-Rubin:    43     1.055104 FIESTAdata_neid_mode1_gp_multidimensional_con_amp 
     Gelman-Rubin:    44     1.037368 FIESTAdata_neid_mode2_jitter_0 
     Gelman-Rubin:    45     1.331319 FIESTAdata_neid_mode2_offset_0 
     Gelman-Rubin:    46     1.045205 FIESTAdata_neid_mode2_gp_multidimensional_rot_amp 
     Gelman-Rubin:    47     1.049486 FIESTAdata_neid_mode2_gp_multidimensional_con_amp 
     Gelman-Rubin:     0     1.041681 activity_Prot 
     Gelman-Rubin:     1     1.045173 activity_Pdec 
     Gelman-Rubin:     2     1.030774 activity_Oamp 

****************************************************************************************************

Plotting the common models corner plots
     Common model:  activity
     Common model:  star_parameters

****************************************************************************************************

Plotting the dataset + models corner plots 

     Dataset:  RVdata_expres     model:  gp_multidimensional  corner plot  starting 
     Dataset:  RVdata_expres     model:  gp_multidimensional  corner plot  done 
     Dataset:  RVdata_harps     model:  gp_multidimensional  corner plot  starting 
     Dataset:  RVdata_harps     model:  gp_multidimensional  corner plot  done 
     Dataset:  RVdata_neid     model:  gp_multidimensional  corner plot  starting 
     Dataset:  RVdata_neid     model:  gp_multidimensional  corner plot  done 
     Dataset:  FIESTAdata_expres_mode1     model:  gp_multidimensional  corner plot  starting 
     Dataset:  FIESTAdata_expres_mode1     model:  gp_multidimensional  corner plot  done 
     Dataset:  FIESTAdata_expres_mode2     model:  gp_multidimensional  corner plot  starting 
     Dataset:  FIESTAdata_expres_mode2     model:  gp_multidimensional  corner plot  done 
     Dataset:  FIESTAdata_harps_mode1     model:  gp_multidimensional  corner plot  starting 
     Dataset:  FIESTAdata_harps_mode1     model:  gp_multidimensional  corner plot  done 
     Dataset:  FIESTAdata_harps_mode2     model:  gp_multidimensional  corner plot  starting 
     Dataset:  FIESTAdata_harps_mode2     model:  gp_multidimensional  corner plot  done 
     Dataset:  FIESTAdata_harpsn_mode1     model:  gp_multidimensional  corner plot  starting 
     Dataset:  FIESTAdata_harpsn_mode1     model:  gp_multidimensional  corner plot  done 
     Dataset:  FIESTAdata_harpsn_mode2     model:  gp_multidimensional  corner plot  starting 
     Dataset:  FIESTAdata_harpsn_mode2     model:  gp_multidimensional  corner plot  done 
     Dataset:  FIESTAdata_neid_mode1     model:  gp_multidimensional  corner plot  starting 
     Dataset:  FIESTAdata_neid_mode1     model:  gp_multidimensional  corner plot  done 
     Dataset:  FIESTAdata_neid_mode2     model:  gp_multidimensional  corner plot  starting 
     Dataset:  FIESTAdata_neid_mode2     model:  gp_multidimensional  corner plot  done 

****************************************************************************************************

 Saving the planet parameter samplings to files (with plots)

****************************************************************************************************

 Saving all the parameter samplings to files (with plots)

****************************************************************************************************

 Computing the models for plot/data writing 
     Splitting the plot array to allow GP prediction of extended datasets, it may take a while...
     # 21 chunks of 84 times each
     Check the documentation if the code is taking too long or if it crashes...
     Splitting the plot array to allow GP prediction of extended datasets, it may take a while...
     # 21 chunks of 84 times each
     Check the documentation if the code is taking too long or if it crashes...
     Splitting the plot array to allow GP prediction of extended datasets, it may take a while...
     # 21 chunks of 84 times each
     Check the documentation if the code is taking too long or if it crashes...
     Splitting the plot array to allow GP prediction of extended datasets, it may take a while...
     # 14 chunks of 84 times each
     Check the documentation if the code is taking too long or if it crashes...
     Splitting the plot array to allow GP prediction of extended datasets, it may take a while...
     # 14 chunks of 84 times each
     Check the documentation if the code is taking too long or if it crashes...
     Splitting the plot array to allow GP prediction of extended datasets, it may take a while...
     # 4 chunks of 84 times each
     Check the documentation if the code is taking too long or if it crashes...
     Splitting the plot array to allow GP prediction of extended datasets, it may take a while...
     # 4 chunks of 84 times each
     Check the documentation if the code is taking too long or if it crashes...
     Splitting the plot array to allow GP prediction of extended datasets, it may take a while...
     # 13 chunks of 84 times each
     Check the documentation if the code is taking too long or if it crashes...
     Splitting the plot array to allow GP prediction of extended datasets, it may take a while...
     # 13 chunks of 84 times each
     Check the documentation if the code is taking too long or if it crashes...
     Splitting the plot array to allow GP prediction of extended datasets, it may take a while...
     # 13 chunks of 84 times each
     Check the documentation if the code is taking too long or if it crashes...
     Splitting the plot array to allow GP prediction of extended datasets, it may take a while...
     # 13 chunks of 84 times each
     Check the documentation if the code is taking too long or if it crashes...
     Splitting the plot array to allow GP prediction of extended datasets, it may take a while...
     # 21 chunks of 84 times each
     Check the documentation if the code is taking too long or if it crashes...
     Splitting the plot array to allow GP prediction of extended datasets, it may take a while...
     # 21 chunks of 84 times each
     Check the documentation if the code is taking too long or if it crashes...
     Splitting the plot array to allow GP prediction of extended datasets, it may take a while...
     # 21 chunks of 84 times each
     Check the documentation if the code is taking too long or if it crashes...
     Splitting the plot array to allow GP prediction of extended datasets, it may take a while...
     # 14 chunks of 84 times each
     Check the documentation if the code is taking too long or if it crashes...
     Splitting the plot array to allow GP prediction of extended datasets, it may take a while...
     # 14 chunks of 84 times each
     Check the documentation if the code is taking too long or if it crashes...
     Splitting the plot array to allow GP prediction of extended datasets, it may take a while...
     # 4 chunks of 84 times each
     Check the documentation if the code is taking too long or if it crashes...
     Splitting the plot array to allow GP prediction of extended datasets, it may take a while...
     # 4 chunks of 84 times each
     Check the documentation if the code is taking too long or if it crashes...
     Splitting the plot array to allow GP prediction of extended datasets, it may take a while...
     # 13 chunks of 84 times each
     Check the documentation if the code is taking too long or if it crashes...
     Splitting the plot array to allow GP prediction of extended datasets, it may take a while...
     # 13 chunks of 84 times each
     Check the documentation if the code is taking too long or if it crashes...
     Splitting the plot array to allow GP prediction of extended datasets, it may take a while...
     # 13 chunks of 84 times each
     Check the documentation if the code is taking too long or if it crashes...
     Splitting the plot array to allow GP prediction of extended datasets, it may take a while...
     # 13 chunks of 84 times each
     Check the documentation if the code is taking too long or if it crashes...
     Splitting the plot array to allow GP prediction of extended datasets, it may take a while...
     # 21 chunks of 84 times each
     Check the documentation if the code is taking too long or if it crashes...
     Splitting the plot array to allow GP prediction of extended datasets, it may take a while...
     # 21 chunks of 84 times each
     Check the documentation if the code is taking too long or if it crashes...
     Splitting the plot array to allow GP prediction of extended datasets, it may take a while...
     # 21 chunks of 84 times each
     Check the documentation if the code is taking too long or if it crashes...
     Splitting the plot array to allow GP prediction of extended datasets, it may take a while...
     # 14 chunks of 84 times each
     Check the documentation if the code is taking too long or if it crashes...
     Splitting the plot array to allow GP prediction of extended datasets, it may take a while...
     # 14 chunks of 84 times each
     Check the documentation if the code is taking too long or if it crashes...
     Splitting the plot array to allow GP prediction of extended datasets, it may take a while...
     # 4 chunks of 84 times each
     Check the documentation if the code is taking too long or if it crashes...
     Splitting the plot array to allow GP prediction of extended datasets, it may take a while...
     # 4 chunks of 84 times each
     Check the documentation if the code is taking too long or if it crashes...
     Splitting the plot array to allow GP prediction of extended datasets, it may take a while...
     # 13 chunks of 84 times each
     Check the documentation if the code is taking too long or if it crashes...
     Splitting the plot array to allow GP prediction of extended datasets, it may take a while...
     # 13 chunks of 84 times each
     Check the documentation if the code is taking too long or if it crashes...
     Splitting the plot array to allow GP prediction of extended datasets, it may take a while...
     # 13 chunks of 84 times each
     Check the documentation if the code is taking too long or if it crashes...
     Splitting the plot array to allow GP prediction of extended datasets, it may take a while...
     # 13 chunks of 84 times each
     Check the documentation if the code is taking too long or if it crashes...
 Writing the plots 
 Writing the   data files 
 Writing the  MAP_ data files 
 Writing the  sampleMED_ data files 

****************************************************************************************************

