
:::---::: PyORBIT v11.0.1 :::---:::

Python version in use:
3.10.18 (main, Jun  5 2025, 13:14:17) [GCC 11.2.0]

reloaded_optimize:  False
reloaded_pyde:  False
reloaded_emcee:  False

number of multiprocessing threads: 16
multiprocessing method (should be fork):  fork

parameters/safe_reload flag (must be True for tinygp):  False

Opening:  RVdata
Opening:  BISdata
Opening:  FWHMdata

Adding common model of planet:  b
Using orbital model:  keplerian
Using orbital parametrization:  Eastman2013

gp_multidimensional  S+LEAF model, number of harmonics: 4

GP model: gp_multidimensional  hyperparameters_condition:    True
GP model: gp_multidimensional  rotation_decay_condition:     True

====================================================================================================
     Ids, spaces (s), boundaries (b) and priors (p) of the sampler parameters     
====================================================================================================

----- dataset:  RVdata
jitter_0      id:   8  s:Linear      b:[      0.0009,      13.3000]   p:Uniform   []
offset_0      id:   9  s:Linear      b:[  -9995.9140,   10015.5990]   p:Uniform   []
offset_1      id:  10  s:Linear      b:[  -9995.9140,   10015.5990]   p:Uniform   []
offset_2      id:  11  s:Linear      b:[  -9995.9140,   10015.5990]   p:Uniform   []
offset_3      id:  12  s:Linear      b:[  -9995.9140,   10015.5990]   p:Uniform   []

----- dataset: RVdata                    ----- model: gp_multidimensional           
rot_amp       id:  13  s:Linear      b:[      0.0000,      10.0000]   p:Uniform   []
con_amp       id:  14  s:Linear      b:[    -20.0000,      20.0000]   p:Uniform   []

----- dataset:  BISdata
jitter_0      id:  15  s:Linear      b:[      0.0095,      95.0000]   p:Uniform   []
offset_0      id:  16  s:Linear      b:[ -10078.4667,    9962.7167]   p:Uniform   []
offset_1      id:  17  s:Linear      b:[ -10078.4667,    9962.7167]   p:Uniform   []
offset_2      id:  18  s:Linear      b:[ -10078.4667,    9962.7167]   p:Uniform   []
offset_3      id:  19  s:Linear      b:[ -10078.4667,    9962.7167]   p:Uniform   []

----- dataset: BISdata                   ----- model: gp_multidimensional           
rot_amp       id:  20  s:Linear      b:[    -10.0000,      10.0000]   p:Uniform   []
con_amp       id:  21  s:Linear      b:[    -20.0000,      20.0000]   p:Uniform   []

----- dataset:  FWHMdata
jitter_0      id:  22  s:Linear      b:[      0.0500,     500.0000]   p:Uniform   []
offset_0      id:  23  s:Linear      b:[  -3316.4638,   16948.3677]   p:Uniform   []
offset_1      id:  24  s:Linear      b:[  -3316.4638,   16948.3677]   p:Uniform   []
offset_2      id:  25  s:Linear      b:[  -3316.4638,   16948.3677]   p:Uniform   []
offset_3      id:  26  s:Linear      b:[  -3316.4638,   16948.3677]   p:Uniform   []

----- dataset: FWHMdata                  ----- model: gp_multidimensional           
rot_amp       id:  27  s:Linear      b:[    -10.0000,      10.0000]   p:Uniform   []
con_amp       id:  28  s:Linear      b:[    -20.0000,      20.0000]   p:Uniform   []

----- common model:  b
P             id:   0  s:Log_Base2   b:[      0.3785,       6.6439]   p:Uniform   []
K             id:   1  s:Log_Base2   b:[     -9.9658,       3.3219]   p:Uniform   []
sre_coso      id:   2  s:Linear      b:[     -1.0000,       1.0000]   p:Uniform   []
sre_sino      id:   3  s:Linear      b:[     -1.0000,       1.0000]   p:Uniform   []
mean_long     id:   4  s:Linear      b:[      0.0000,     360.0000]   p:Uniform   []
e             derived (no id, space, bound)                           p:Gaussian   [0.    0.098]
omega         derived (no id, space, bound)                           p:Uniform   [0.0, 360.0]

----- common model:  activity
Prot          id:   5  s:Linear      b:[     20.0000,      35.0000]   p:Gaussian   [28.   0.5]
Pdec          id:   6  s:Linear      b:[     30.0000,    1000.0000]   p:Uniform   []
Oamp          id:   7  s:Log_Base2   b:[     -6.6439,       0.0000]   p:Gaussian   [0.35  0.035]

----- common model:  star_parameters
mass          derived (no id, space, bound)                           p:Gaussian   [1.e+00 1.e-06]
radius        derived (no id, space, bound)                           p:Gaussian   [1.e+00 1.e-06]
density       derived (no id, space, bound)                           p:Gaussian   [1.e+00 1.e-06]

Include priors:  True

Reference Time Tref:  59334.700184

Dimensions =  29
Nwalkers =  116

Using threading pool for PyDE: True
PyDE running
Boundaries redefined after PyDE output
PyDE completed, it took         60.1 seconds

====================================================================================================
     Starting point of the sample/optimization routines    
====================================================================================================

----- dataset:  RVdata
jitter_0         8      1.306371 [    0.0009,    13.3000]
offset_0         9      8.495568 [-9995.9140, 10015.5990]
offset_1        10     10.712095 [-9995.9140, 10015.5990]
offset_2        11      9.946424 [-9995.9140, 10015.5990]
offset_3        12      9.528718 [-9995.9140, 10015.5990]

----- dataset: RVdata                    ----- model: gp_multidimensional           
rot_amp         13      5.885116 [    0.0000,    10.0000]
con_amp         14     -0.442989 [  -20.0000,    20.0000]

----- dataset:  BISdata
jitter_0        15      1.877674 [    0.0095,    95.0000]
offset_0        16    -73.705031 [-10078.4667,  9962.7167]
offset_1        17    -43.705233 [-10078.4667,  9962.7167]
offset_2        18    -52.083080 [-10078.4667,  9962.7167]
offset_3        19    -59.665011 [-10078.4667,  9962.7167]

----- dataset: BISdata                   ----- model: gp_multidimensional           
rot_amp         20      1.032527 [  -10.0000,    10.0000]
con_amp         21     -0.213357 [  -20.0000,    20.0000]

----- dataset:  FWHMdata
jitter_0        22      0.051576 [    0.0500,   500.0000]
offset_0        23   6694.380956 [-3316.4638, 16948.3677]
offset_1        24   6941.376875 [-3316.4638, 16948.3677]
offset_2        25   6858.062105 [-3316.4638, 16948.3677]
offset_3        26   6897.190655 [-3316.4638, 16948.3677]

----- dataset: FWHMdata                  ----- model: gp_multidimensional           
rot_amp         27      1.350229 [  -10.0000,    10.0000]
con_amp         28      3.563551 [  -20.0000,    20.0000]

----- common model:  b
P                0      1.544056 [    0.3785,     6.6439]
K                1      1.179152 [   -9.9658,     3.3219]
sre_coso         2     -0.326357 [   -1.0000,     1.0000]
sre_sino         3     -0.057774 [   -1.0000,     1.0000]
mean_long        4    203.872274 [   23.8723,   383.8723]

----- common model:  activity
Prot             5     27.971241 [   20.0000,    35.0000]
Pdec             6     30.001250 [   30.0000,  1000.0000]
Oamp             7     -1.325225 [   -6.6439,     0.0000]

----- common model:  star_parameters

====================================================================================================
     Starting point projected onto the model parameter space     
====================================================================================================

----- dataset:  RVdata
jitter_0              1.306371 
offset_0              8.495568 
offset_1             10.712095 
offset_2              9.946424 
offset_3              9.528718 


----- dataset: RVdata                    ----- model: gp_multidimensional           
rot_amp               5.885116 
con_amp              -0.442989 

----- dataset:  BISdata
jitter_0              1.877674 
offset_0            -73.705031 
offset_1            -43.705233 
offset_2            -52.083080 
offset_3            -59.665011 


----- dataset: BISdata                   ----- model: gp_multidimensional           
rot_amp               1.032527 
con_amp              -0.213357 

----- dataset:  FWHMdata
jitter_0              0.051576 
offset_0           6694.380956 
offset_1           6941.376875 
offset_2           6858.062105 
offset_3           6897.190655 


----- dataset: FWHMdata                  ----- model: gp_multidimensional           
rot_amp               1.350229 
con_amp               3.563551 

----- common model:  b
P                     2.916133 
K                     2.264436 
mean_long           203.872274 
e                     0.109846 
omega              -169.961139 

----- common model:  activity
Prot                 27.971241 
Pdec                 30.001250 
Oamp                  0.399087 

----- common model:  star_parameters

====================================================================================================
     Derived parameters obtained from starting point     
====================================================================================================

----- common model:  b
Inclination fixed to 90 deg!
a_Rs                  8.585935 
M_Mj                  0.015818 
M_Me                  5.028596 
Tc                59336.795572 
a_AU_(M)              0.039946 
a_AU_(rho,R)          0.039946 


====================================================================================================
     Statistics on the log-likelihood     
====================================================================================================

 LN probability: -2114.820168 

====================================================================================================
     ------------------------------------------------------------------------------------------     
====================================================================================================



*************************************************************

Running emcee

emcee version:  3.1.6
Using threading pool for emcee: True

Saving temporary steps


Computing the autocorrelation time of the chains

***** WARNING ******
The integrated autocorrelation time cannot be reliably estimated
likely the chains are too short, and ACF analysis is not fully reliable
emcee.autocorr.integrated_time tolerance lowered to 20
If you still get a warning, you should drop these results entirely
Chains too short to apply convergence criteria
They should be at least 350*nthin = 52500

====================================================================================================
     Statistics on the posterior of the sampler parameters     
====================================================================================================

----- dataset:  RVdata
jitter_0         8         1.338       -0.061        0.063   (15-84 p)   [    0.0009,    13.3000]
offset_0         9          8.58        -0.30         0.34   (15-84 p)   [-9995.9140, 10015.5990]
offset_1        10         10.79        -0.41         0.44   (15-84 p)   [-9995.9140, 10015.5990]
offset_2        11         10.02        -0.32         0.37   (15-84 p)   [-9995.9140, 10015.5990]
offset_3        12          9.60        -0.32         0.36   (15-84 p)   [-9995.9140, 10015.5990]

----- dataset: RVdata                    ----- model: gp_multidimensional           
rot_amp         13           7.7         -1.6          1.5   (15-84 p)   [    0.0000,    10.0000]
con_amp         14         -0.59        -0.28         0.23   (15-84 p)   [  -20.0000,    20.0000]

----- dataset:  BISdata
jitter_0        15         1.905       -0.099         0.10   (15-84 p)   [    0.0095,    95.0000]
offset_0        16        -73.68        -0.27         0.28   (15-84 p)   [-10078.4667,  9962.7167]
offset_1        17        -43.66        -0.48         0.49   (15-84 p)   [-10078.4667,  9962.7167]
offset_2        18        -52.04        -0.28         0.31   (15-84 p)   [-10078.4667,  9962.7167]
offset_3        19        -59.63        -0.29         0.30   (15-84 p)   [-10078.4667,  9962.7167]

----- dataset: BISdata                   ----- model: gp_multidimensional           
rot_amp         20           1.2         -1.3          1.4   (15-84 p)   [  -10.0000,    10.0000]
con_amp         21         -0.28        -0.22         0.21   (15-84 p)   [  -20.0000,    20.0000]

----- dataset:  FWHMdata
jitter_0        22          0.32        -0.19         0.30   (15-84 p)   [    0.0500,   500.0000]
offset_0        23        6693.8         -2.2          2.1   (15-84 p)   [-3316.4638, 16948.3677]
offset_1        24        6940.8         -2.5          2.4   (15-84 p)   [-3316.4638, 16948.3677]
offset_2        25        6857.4         -2.2          2.1   (15-84 p)   [-3316.4638, 16948.3677]
offset_3        26        6896.6         -2.2          2.2   (15-84 p)   [-3316.4638, 16948.3677]

----- dataset: FWHMdata                  ----- model: gp_multidimensional           
rot_amp         27           2.2         -3.6          3.8   (15-84 p)   [  -10.0000,    10.0000]
con_amp         28          4.65        -0.99          1.2   (15-84 p)   [  -20.0000,    20.0000]

----- common model:  b
P                0        1.5441      -0.0014       0.0014   (15-84 p)   [    0.3785,     6.6439]
K                1         1.149       -0.095        0.091   (15-84 p)   [   -9.9658,     3.3219]
sre_coso         2        -0.265       -0.091         0.14   (15-84 p)   [   -1.0000,     1.0000]
sre_sino         3         -0.05        -0.14         0.16   (15-84 p)   [   -1.0000,     1.0000]
mean_long        4         203.6         -6.0          6.3   (15-84 p)   [   23.8723,   383.8723]

----- common model:  activity
Prot             5         28.06        -0.52         0.51   (15-84 p)   [   20.0000,    35.0000]
Pdec             6          32.1         -1.6          3.1   (15-84 p)   [   30.0000,  1000.0000]
Oamp             7         -1.32        -0.12         0.12   (15-84 p)   [   -6.6439,     0.0000]

----- common model:  star_parameters

====================================================================================================
     Statistics on the model parameters obtained from the posteriors samples     
====================================================================================================

----- dataset:  RVdata
jitter_0                 1.338       -0.061        0.063    (15-84 p)
offset_0                  8.58        -0.30         0.34    (15-84 p)
offset_1                 10.79        -0.41         0.44    (15-84 p)
offset_2                 10.02        -0.32         0.37    (15-84 p)
offset_3                  9.60        -0.32         0.36    (15-84 p)


----- dataset: RVdata                    ----- model: gp_multidimensional           
rot_amp                    7.7         -1.6          1.5    (15-84 p)
con_amp                  -0.59        -0.28         0.23    (15-84 p)

----- dataset:  BISdata
jitter_0                 1.905       -0.099         0.10    (15-84 p)
offset_0                -73.68        -0.27         0.28    (15-84 p)
offset_1                -43.66        -0.48         0.49    (15-84 p)
offset_2                -52.04        -0.28         0.31    (15-84 p)
offset_3                -59.63        -0.29         0.30    (15-84 p)


----- dataset: BISdata                   ----- model: gp_multidimensional           
rot_amp                    1.2         -1.3          1.4    (15-84 p)
con_amp                  -0.28        -0.22         0.21    (15-84 p)

----- dataset:  FWHMdata
jitter_0                  0.32        -0.19         0.30    (15-84 p)
offset_0                6693.8         -2.2          2.1    (15-84 p)
offset_1                6940.8         -2.5          2.4    (15-84 p)
offset_2                6857.4         -2.2          2.1    (15-84 p)
offset_3                6896.6         -2.2          2.2    (15-84 p)


----- dataset: FWHMdata                  ----- model: gp_multidimensional           
rot_amp                    2.2         -3.6          3.8    (15-84 p)
con_amp                   4.65        -0.99          1.2    (15-84 p)

----- common model:  b
P                       2.9161      -0.0027       0.0028    (15-84 p)
K                         2.22        -0.14         0.14    (15-84 p)
mean_long                203.6         -6.0          6.3    (15-84 p)
e                        0.095       -0.055        0.054    (15-84 p)
omega                     -133          -34          294    (15-84 p)

----- common model:  activity
Prot                     28.06        -0.52         0.51    (15-84 p)
Pdec                      32.1         -1.6          3.1    (15-84 p)
Oamp                     0.400       -0.033        0.034    (15-84 p)

----- common model:  star_parameters

====================================================================================================
     Statistics on the derived parameters obtained from the posteriors samples     
====================================================================================================

----- common model:  b
Inclination fixed to 90 deg!
Computing planetary mass under the approximation M_planet << M_star (threshold at 30.0 Me)
a_Rs                    8.5859      -0.0054       0.0055    (15-84 p)
M_Mj                   0.01549     -0.00098       0.0010    (15-84 p)
M_Me                      4.92        -0.31         0.32    (15-84 p)
Tc                   59336.771       -0.067        0.069    (15-84 p)
a_AU_(M)              0.039946    -0.000025     0.000026    (15-84 p)
a_AU_(rho,R)          0.039946    -0.000025     0.000026    (15-84 p)


====================================================================================================
     ------------------------------------------------------------------------------------------     
====================================================================================================



15000.0   steps completed, average lnprob:,  -2130.924336416021


Computing the autocorrelation time of the chains

***** WARNING ******
The integrated autocorrelation time cannot be reliably estimated
likely the chains are too short, and ACF analysis is not fully reliable
emcee.autocorr.integrated_time tolerance lowered to 20
If you still get a warning, you should drop these results entirely

Reference thinning used in the analysis: 150
Maximum value of the integrated ACF: 7
Step length used in the analysis: 7*nthin = 1050

Convergence criteria: less than 1% variation in ACF after 20 times the integrated ACF
At least 50*ACF after convergence, 100*ACF would be ideal
Negative values: not converged yet

   sampler parameter              |    ACF   | ACF*nthin | converged at | nsteps/ACF | to 100*ACF
                                  |          |           |              |            | 
   RVdata_jitter_0                |    4.18  |      627  |       -1     |      -1    |   63302 
   RVdata_offset_0                |    5.76  |      863  |       -1     |      -1    |   87196 
   RVdata_offset_1                |    5.18  |      777  |       -1     |      -1    |   78436 
   RVdata_offset_2                |    5.29  |      793  |       -1     |      -1    |   80092 
   RVdata_offset_3                |    5.13  |      770  |       -1     |      -1    |   77734 
   RVdata_gp_multidimensional_rot_amp |    5.19  |      778  |       -1     |      -1    |   78601 
   RVdata_gp_multidimensional_con_amp |    5.19  |      779  |       -1     |      -1    |   78668 
   BISdata_jitter_0               |    4.76  |      714  |       -1     |      -1    |   72116 
   BISdata_offset_0               |    4.86  |      728  |       -1     |      -1    |   73564 
   BISdata_offset_1               |    5.15  |      772  |       -1     |      -1    |   77956 
   BISdata_offset_2               |    4.90  |      735  |    26250     |       5    |   69783 
   BISdata_offset_3               |    4.57  |      685  |    27300     |       4    |   65812 
   BISdata_gp_multidimensional_rot_amp |    4.65  |      698  |    28350     |       2    |   68162 
   BISdata_gp_multidimensional_con_amp |    5.40  |      810  |       -1     |      -1    |   81784 
   FWHMdata_jitter_0              |    4.91  |      737  |    28350     |       2    |   72036 
   FWHMdata_offset_0              |    5.95  |      893  |       -1     |      -1    |   90150 
   FWHMdata_offset_1              |    5.79  |      868  |       -1     |      -1    |   87703 
   FWHMdata_offset_2              |    5.85  |      877  |       -1     |      -1    |   88597 
   FWHMdata_offset_3              |    5.95  |      893  |       -1     |      -1    |   90171 
   FWHMdata_gp_multidimensional_rot_amp |    4.77  |      716  |       -1     |      -1    |   72314 
   FWHMdata_gp_multidimensional_con_amp |    5.19  |      779  |       -1     |      -1    |   78635 
   b_P                            |    4.55  |      682  |       -1     |      -1    |   68879 
   b_K                            |    4.59  |      688  |    27300     |       4    |   66102 
   b_sre_coso                     |    5.24  |      785  |    29400     |       1    |   77939 
   b_sre_sino                     |    4.69  |      704  |    28350     |       2    |   68708 
   b_mean_long                    |    4.55  |      682  |       -1     |      -1    |   68914 
   activity_Prot                  |    4.46  |      669  |       -1     |      -1    |   67547 
   activity_Pdec                  |    7.84  |     1177  |       -1     |      -1    |  118844 
   activity_Oamp                  |    4.18  |      627  |    23100     |      11    |   55754 

    21 chains have not converged yet, keep going 

Check the documentation for the correct interpretation of these results:
https://pyorbit.readthedocs.io/running_pyorbit/terminal_output/#autocorrelation-analysis

====================================================================================================
     Statistics on the posterior of the sampler parameters     
====================================================================================================

----- dataset:  RVdata
jitter_0         8         1.334       -0.059        0.065   (15-84 p)   [    0.0009,    13.3000]
offset_0         9          8.58        -0.32         0.36   (15-84 p)   [-9995.9140, 10015.5990]
offset_1        10         10.78        -0.41         0.47   (15-84 p)   [-9995.9140, 10015.5990]
offset_2        11         10.03        -0.32         0.40   (15-84 p)   [-9995.9140, 10015.5990]
offset_3        12          9.60        -0.34         0.38   (15-84 p)   [-9995.9140, 10015.5990]

----- dataset: RVdata                    ----- model: gp_multidimensional           
rot_amp         13           7.8         -1.6          1.5   (15-84 p)   [    0.0000,    10.0000]
con_amp         14         -0.59        -0.29         0.24   (15-84 p)   [  -20.0000,    20.0000]

----- dataset:  BISdata
jitter_0        15         1.908       -0.097         0.11   (15-84 p)   [    0.0095,    95.0000]
offset_0        16        -73.66        -0.26         0.28   (15-84 p)   [-10078.4667,  9962.7167]
offset_1        17        -43.66        -0.49         0.49   (15-84 p)   [-10078.4667,  9962.7167]
offset_2        18        -52.05        -0.29         0.30   (15-84 p)   [-10078.4667,  9962.7167]
offset_3        19        -59.61        -0.28         0.30   (15-84 p)   [-10078.4667,  9962.7167]

----- dataset: BISdata                   ----- model: gp_multidimensional           
rot_amp         20           1.3         -1.3          1.3   (15-84 p)   [  -10.0000,    10.0000]
con_amp         21         -0.27        -0.23         0.22   (15-84 p)   [  -20.0000,    20.0000]

----- dataset:  FWHMdata
jitter_0        22          0.32        -0.19         0.30   (15-84 p)   [    0.0500,   500.0000]
offset_0        23        6693.7         -2.3          2.3   (15-84 p)   [-3316.4638, 16948.3677]
offset_1        24        6940.7         -2.6          2.4   (15-84 p)   [-3316.4638, 16948.3677]
offset_2        25        6857.3         -2.4          2.3   (15-84 p)   [-3316.4638, 16948.3677]
offset_3        26        6896.5         -2.4          2.3   (15-84 p)   [-3316.4638, 16948.3677]

----- dataset: FWHMdata                  ----- model: gp_multidimensional           
rot_amp         27           2.1         -3.6          3.6   (15-84 p)   [  -10.0000,    10.0000]
con_amp         28           4.7         -1.0          1.3   (15-84 p)   [  -20.0000,    20.0000]

----- common model:  b
P                0        1.5441      -0.0014       0.0014   (15-84 p)   [    0.3785,     6.6439]
K                1         1.154       -0.097        0.087   (15-84 p)   [   -9.9658,     3.3219]
sre_coso         2        -0.268       -0.089         0.14   (15-84 p)   [   -1.0000,     1.0000]
sre_sino         3         -0.05        -0.15         0.16   (15-84 p)   [   -1.0000,     1.0000]
mean_long        4         203.7         -6.2          6.3   (15-84 p)   [   23.8723,   383.8723]

----- common model:  activity
Prot             5         28.05        -0.50         0.52   (15-84 p)   [   20.0000,    35.0000]
Pdec             6          32.2         -1.6          3.6   (15-84 p)   [   30.0000,  1000.0000]
Oamp             7         -1.32        -0.13         0.12   (15-84 p)   [   -6.6439,     0.0000]

----- common model:  star_parameters

====================================================================================================
     Statistics on the model parameters obtained from the posteriors samples     
====================================================================================================

----- dataset:  RVdata
jitter_0                 1.334       -0.059        0.065    (15-84 p)
offset_0                  8.58        -0.32         0.36    (15-84 p)
offset_1                 10.78        -0.41         0.47    (15-84 p)
offset_2                 10.03        -0.32         0.40    (15-84 p)
offset_3                  9.60        -0.34         0.38    (15-84 p)


----- dataset: RVdata                    ----- model: gp_multidimensional           
rot_amp                    7.8         -1.6          1.5    (15-84 p)
con_amp                  -0.59        -0.29         0.24    (15-84 p)

----- dataset:  BISdata
jitter_0                 1.908       -0.097         0.11    (15-84 p)
offset_0                -73.66        -0.26         0.28    (15-84 p)
offset_1                -43.66        -0.49         0.49    (15-84 p)
offset_2                -52.05        -0.29         0.30    (15-84 p)
offset_3                -59.61        -0.28         0.30    (15-84 p)


----- dataset: BISdata                   ----- model: gp_multidimensional           
rot_amp                    1.3         -1.3          1.3    (15-84 p)
con_amp                  -0.27        -0.23         0.22    (15-84 p)

----- dataset:  FWHMdata
jitter_0                  0.32        -0.19         0.30    (15-84 p)
offset_0                6693.7         -2.3          2.3    (15-84 p)
offset_1                6940.7         -2.6          2.4    (15-84 p)
offset_2                6857.3         -2.4          2.3    (15-84 p)
offset_3                6896.5         -2.4          2.3    (15-84 p)


----- dataset: FWHMdata                  ----- model: gp_multidimensional           
rot_amp                    2.1         -3.6          3.6    (15-84 p)
con_amp                    4.7         -1.0          1.3    (15-84 p)

----- common model:  b
P                       2.9162      -0.0028       0.0028    (15-84 p)
K                         2.22        -0.15         0.14    (15-84 p)
mean_long                203.7         -6.2          6.3    (15-84 p)
e                        0.097       -0.055        0.053    (15-84 p)
omega                     -132          -34          295    (15-84 p)

----- common model:  activity
Prot                     28.05        -0.50         0.52    (15-84 p)
Pdec                      32.2         -1.6          3.6    (15-84 p)
Oamp                     0.400       -0.034        0.033    (15-84 p)

----- common model:  star_parameters

====================================================================================================
     Statistics on the derived parameters obtained from the posteriors samples     
====================================================================================================

----- common model:  b
Inclination fixed to 90 deg!
Computing planetary mass under the approximation M_planet << M_star (threshold at 30.0 Me)
a_Rs                    8.5862      -0.0055       0.0055    (15-84 p)
M_Mj                   0.01554      -0.0010      0.00097    (15-84 p)
M_Me                      4.94        -0.32         0.31    (15-84 p)
Tc                   59336.774       -0.069        0.067    (15-84 p)
a_AU_(M)              0.039947    -0.000026     0.000026    (15-84 p)
a_AU_(rho,R)          0.039947    -0.000026     0.000026    (15-84 p)


====================================================================================================
     ------------------------------------------------------------------------------------------     
====================================================================================================



30000.0   steps completed, average lnprob:,  -2129.3528185201017


Computing the autocorrelation time of the chains

***** WARNING ******
The integrated autocorrelation time cannot be reliably estimated
likely the chains are too short, and ACF analysis is not fully reliable
emcee.autocorr.integrated_time tolerance lowered to 20
If you still get a warning, you should drop these results entirely

Reference thinning used in the analysis: 150
Maximum value of the integrated ACF: 7
Step length used in the analysis: 7*nthin = 1050

Convergence criteria: less than 1% variation in ACF after 20 times the integrated ACF
At least 50*ACF after convergence, 100*ACF would be ideal
Negative values: not converged yet

   sampler parameter              |    ACF   | ACF*nthin | converged at | nsteps/ACF | to 100*ACF
                                  |          |           |              |            | 
   RVdata_jitter_0                |    4.75  |      713  |    31500     |      19    |   57759 
   RVdata_offset_0                |    6.21  |      932  |    32550     |      13    |   80758 
   RVdata_offset_1                |    5.64  |      846  |    34650     |      12    |   74282 
   RVdata_offset_2                |    5.99  |      898  |    30450     |      16    |   75276 
   RVdata_offset_3                |    5.99  |      898  |    33600     |      13    |   78426 
   RVdata_gp_multidimensional_rot_amp |    5.68  |      851  |    35700     |      11    |   75846 
   RVdata_gp_multidimensional_con_amp |    5.65  |      848  |    35700     |      11    |   75484 
   BISdata_jitter_0               |    5.06  |      758  |    31500     |      18    |   62334 
   BISdata_offset_0               |    5.49  |      823  |    31500     |      16    |   68789 
   BISdata_offset_1               |    5.37  |      805  |    31500     |      17    |   67047 
   BISdata_offset_2               |    5.48  |      822  |    26250     |      23    |   63454 
   BISdata_offset_3               |    5.19  |      779  |    27300     |      23    |   60167 
   BISdata_gp_multidimensional_rot_amp |    4.85  |      727  |    28350     |      23    |   56064 
   BISdata_gp_multidimensional_con_amp |    6.23  |      935  |    35700     |      10    |   84162 
   FWHMdata_jitter_0              |    5.43  |      814  |    30450     |      18    |   66889 
   FWHMdata_offset_0              |    6.57  |      986  |    30450     |      15    |   84014 
   FWHMdata_offset_1              |    6.29  |      943  |    34650     |      11    |   83972 
   FWHMdata_offset_2              |    6.50  |      975  |    32550     |      13    |   85078 
   FWHMdata_offset_3              |    6.57  |      986  |    33600     |      12    |   87221 
   FWHMdata_gp_multidimensional_rot_amp |    5.24  |      786  |    33600     |      15    |   67187 
   FWHMdata_gp_multidimensional_con_amp |    5.54  |      831  |    36750     |      10    |   74821 
   b_P                            |    4.82  |      723  |    32550     |      17    |   59897 
   b_K                            |    5.00  |      749  |    27300     |      24    |   57240 
   b_sre_coso                     |    5.79  |      868  |    29400     |      18    |   71186 
   b_sre_sino                     |    5.59  |      838  |    28350     |      20    |   67148 
   b_mean_long                    |    5.04  |      756  |    31500     |      18    |   62062 
   activity_Prot                  |    4.97  |      745  |    31500     |      18    |   61025 
   activity_Pdec                  |    7.76  |     1164  |    30450     |      12    |  101884 
   activity_Oamp                  |    4.73  |      709  |    23100     |      31    |   49049 

All the chains have converged, but PyORBIT should keep running for about:
28724 more steps to reach 50*ACF,
70984 more steps to reach 100*ACF
Suggested value for burnin: 31464

Check the documentation for the correct interpretation of these results:
https://pyorbit.readthedocs.io/running_pyorbit/terminal_output/#autocorrelation-analysis

====================================================================================================
     Statistics on the posterior of the sampler parameters     
====================================================================================================

----- dataset:  RVdata
jitter_0         8         1.334       -0.058        0.064   (15-84 p)   [    0.0009,    13.3000]
offset_0         9          8.58        -0.32         0.35   (15-84 p)   [-9995.9140, 10015.5990]
offset_1        10         10.78        -0.42         0.46   (15-84 p)   [-9995.9140, 10015.5990]
offset_2        11         10.03        -0.33         0.38   (15-84 p)   [-9995.9140, 10015.5990]
offset_3        12          9.60        -0.33         0.37   (15-84 p)   [-9995.9140, 10015.5990]

----- dataset: RVdata                    ----- model: gp_multidimensional           
rot_amp         13           7.7         -1.6          1.5   (15-84 p)   [    0.0000,    10.0000]
con_amp         14         -0.59        -0.29         0.24   (15-84 p)   [  -20.0000,    20.0000]

----- dataset:  BISdata
jitter_0        15         1.909       -0.098         0.10   (15-84 p)   [    0.0095,    95.0000]
offset_0        16        -73.66        -0.26         0.27   (15-84 p)   [-10078.4667,  9962.7167]
offset_1        17        -43.66        -0.49         0.50   (15-84 p)   [-10078.4667,  9962.7167]
offset_2        18        -52.06        -0.28         0.30   (15-84 p)   [-10078.4667,  9962.7167]
offset_3        19        -59.62        -0.28         0.30   (15-84 p)   [-10078.4667,  9962.7167]

----- dataset: BISdata                   ----- model: gp_multidimensional           
rot_amp         20           1.3         -1.3          1.3   (15-84 p)   [  -10.0000,    10.0000]
con_amp         21         -0.27        -0.23         0.22   (15-84 p)   [  -20.0000,    20.0000]

----- dataset:  FWHMdata
jitter_0        22          0.31        -0.19         0.29   (15-84 p)   [    0.0500,   500.0000]
offset_0        23        6693.7         -2.3          2.2   (15-84 p)   [-3316.4638, 16948.3677]
offset_1        24        6940.7         -2.5          2.4   (15-84 p)   [-3316.4638, 16948.3677]
offset_2        25        6857.4         -2.3          2.2   (15-84 p)   [-3316.4638, 16948.3677]
offset_3        26        6896.5         -2.3          2.3   (15-84 p)   [-3316.4638, 16948.3677]

----- dataset: FWHMdata                  ----- model: gp_multidimensional           
rot_amp         27           2.1         -3.6          3.7   (15-84 p)   [  -10.0000,    10.0000]
con_amp         28           4.7         -1.0          1.3   (15-84 p)   [  -20.0000,    20.0000]

----- common model:  b
P                0        1.5441      -0.0014       0.0014   (15-84 p)   [    0.3785,     6.6439]
K                1         1.155       -0.098        0.088   (15-84 p)   [   -9.9658,     3.3219]
sre_coso         2        -0.268       -0.089         0.14   (15-84 p)   [   -1.0000,     1.0000]
sre_sino         3         -0.05        -0.15         0.16   (15-84 p)   [   -1.0000,     1.0000]
mean_long        4         203.8         -6.3          6.3   (15-84 p)   [   23.8723,   383.8723]

----- common model:  activity
Prot             5         28.05        -0.50         0.51   (15-84 p)   [   20.0000,    35.0000]
Pdec             6          32.1         -1.6          3.5   (15-84 p)   [   30.0000,  1000.0000]
Oamp             7         -1.33        -0.13         0.11   (15-84 p)   [   -6.6439,     0.0000]

----- common model:  star_parameters

====================================================================================================
     Statistics on the model parameters obtained from the posteriors samples     
====================================================================================================

----- dataset:  RVdata
jitter_0                 1.334       -0.058        0.064    (15-84 p)
offset_0                  8.58        -0.32         0.35    (15-84 p)
offset_1                 10.78        -0.42         0.46    (15-84 p)
offset_2                 10.03        -0.33         0.38    (15-84 p)
offset_3                  9.60        -0.33         0.37    (15-84 p)


----- dataset: RVdata                    ----- model: gp_multidimensional           
rot_amp                    7.7         -1.6          1.5    (15-84 p)
con_amp                  -0.59        -0.29         0.24    (15-84 p)

----- dataset:  BISdata
jitter_0                 1.909       -0.098         0.10    (15-84 p)
offset_0                -73.66        -0.26         0.27    (15-84 p)
offset_1                -43.66        -0.49         0.50    (15-84 p)
offset_2                -52.06        -0.28         0.30    (15-84 p)
offset_3                -59.62        -0.28         0.30    (15-84 p)


----- dataset: BISdata                   ----- model: gp_multidimensional           
rot_amp                    1.3         -1.3          1.3    (15-84 p)
con_amp                  -0.27        -0.23         0.22    (15-84 p)

----- dataset:  FWHMdata
jitter_0                  0.31        -0.19         0.29    (15-84 p)
offset_0                6693.7         -2.3          2.2    (15-84 p)
offset_1                6940.7         -2.5          2.4    (15-84 p)
offset_2                6857.4         -2.3          2.2    (15-84 p)
offset_3                6896.5         -2.3          2.3    (15-84 p)


----- dataset: FWHMdata                  ----- model: gp_multidimensional           
rot_amp                    2.1         -3.6          3.7    (15-84 p)
con_amp                    4.7         -1.0          1.3    (15-84 p)

----- common model:  b
P                       2.9162      -0.0028       0.0028    (15-84 p)
K                         2.23        -0.15         0.14    (15-84 p)
mean_long                203.8         -6.3          6.3    (15-84 p)
e                        0.097       -0.055        0.054    (15-84 p)
omega                     -131          -35          294    (15-84 p)

----- common model:  activity
Prot                     28.05        -0.50         0.51    (15-84 p)
Pdec                      32.1         -1.6          3.5    (15-84 p)
Oamp                     0.399       -0.033        0.033    (15-84 p)

----- common model:  star_parameters

====================================================================================================
     Statistics on the derived parameters obtained from the posteriors samples     
====================================================================================================

----- common model:  b
Inclination fixed to 90 deg!
Computing planetary mass under the approximation M_planet << M_star (threshold at 30.0 Me)
a_Rs                    8.5861      -0.0054       0.0055    (15-84 p)
M_Mj                   0.01555      -0.0010      0.00097    (15-84 p)
M_Me                      4.94        -0.32         0.31    (15-84 p)
Tc                   59336.772       -0.069        0.069    (15-84 p)
a_AU_(M)              0.039947    -0.000025     0.000026    (15-84 p)
a_AU_(rho,R)          0.039947    -0.000025     0.000026    (15-84 p)


====================================================================================================
     ------------------------------------------------------------------------------------------     
====================================================================================================



45000.0   steps completed, average lnprob:,  -2130.692543678473


Computing the autocorrelation time of the chains

The chains are more than 50 times longer than the ACF, the estimate can be trusted

Reference thinning used in the analysis: 150
Maximum value of the integrated ACF: 7
Step length used in the analysis: 7*nthin = 1050

Convergence criteria: less than 1% variation in ACF after 50 times the integrated ACF
At least 50*ACF after convergence, 100*ACF would be ideal
Negative values: not converged yet

   sampler parameter              |    ACF   | ACF*nthin | converged at | nsteps/ACF | to 100*ACF
                                  |          |           |              |            | 
   RVdata_jitter_0                |    4.99  |      749  |    46200     |      18    |   61091 
   RVdata_offset_0                |    6.36  |      954  |    53550     |       7    |   88950 
   RVdata_offset_1                |    6.01  |      902  |    52500     |       8    |   82669 
   RVdata_offset_2                |    6.19  |      929  |    51450     |       9    |   84357 
   RVdata_offset_3                |    6.19  |      929  |    51450     |       9    |   84355 
   RVdata_gp_multidimensional_rot_amp |    5.83  |      875  |    52500     |       9    |   80022 
   RVdata_gp_multidimensional_con_amp |    6.04  |      906  |    51450     |       9    |   82016 
   BISdata_jitter_0               |    5.01  |      751  |    45150     |      20    |   60260 
   BISdata_offset_0               |    5.79  |      869  |    48300     |      13    |   75193 
   BISdata_offset_1               |    5.48  |      822  |    47250     |      16    |   69445 
   BISdata_offset_2               |    5.78  |      867  |    49350     |      12    |   76025 
   BISdata_offset_3               |    5.44  |      815  |    48300     |      14    |   69830 
   BISdata_gp_multidimensional_rot_amp |    5.05  |      758  |    43050     |      22    |   58824 
   BISdata_gp_multidimensional_con_amp |    6.49  |      974  |    53550     |       7    |   90953 
   FWHMdata_jitter_0              |    5.68  |      852  |    50400     |      11    |   75572 
   FWHMdata_offset_0              |    6.98  |     1046  |    59850     |       0    |  104499 
   FWHMdata_offset_1              |    6.69  |     1003  |    59850     |       0    |  100136 
   FWHMdata_offset_2              |    6.95  |     1042  |    59850     |       0    |  104034 
   FWHMdata_offset_3              |    6.89  |     1033  |    58800     |       1    |  102149 
   FWHMdata_gp_multidimensional_rot_amp |    5.36  |      803  |    47250     |      16    |   67599 
   FWHMdata_gp_multidimensional_con_amp |    5.85  |      877  |    48300     |      13    |   76016 
   b_P                            |    5.05  |      757  |    44100     |      21    |   59832 
   b_K                            |    5.04  |      756  |    44100     |      21    |   59677 
   b_sre_coso                     |    6.18  |      927  |    52500     |       8    |   85236 
   b_sre_sino                     |    5.77  |      866  |    48300     |      14    |   74891 
   b_mean_long                    |    5.28  |      792  |    48300     |      15    |   67491 
   activity_Prot                  |    5.26  |      788  |    45150     |      19    |   63997 
   activity_Pdec                  |    7.88  |     1182  |       -1     |      -1    |  119427 
   activity_Oamp                  |    4.96  |      743  |    43050     |      23    |   57389 

     1 chains have not converged yet, keep going 

Check the documentation for the correct interpretation of these results:
https://pyorbit.readthedocs.io/running_pyorbit/terminal_output/#autocorrelation-analysis

====================================================================================================
     Statistics on the posterior of the sampler parameters     
====================================================================================================

----- dataset:  RVdata
jitter_0         8         1.334       -0.058        0.064   (15-84 p)   [    0.0009,    13.3000]
offset_0         9          8.57        -0.32         0.35   (15-84 p)   [-9995.9140, 10015.5990]
offset_1        10         10.79        -0.42         0.46   (15-84 p)   [-9995.9140, 10015.5990]
offset_2        11         10.02        -0.33         0.38   (15-84 p)   [-9995.9140, 10015.5990]
offset_3        12          9.60        -0.33         0.37   (15-84 p)   [-9995.9140, 10015.5990]

----- dataset: RVdata                    ----- model: gp_multidimensional           
rot_amp         13           7.7         -1.6          1.5   (15-84 p)   [    0.0000,    10.0000]
con_amp         14         -0.59        -0.28         0.24   (15-84 p)   [  -20.0000,    20.0000]

----- dataset:  BISdata
jitter_0        15         1.908       -0.098         0.10   (15-84 p)   [    0.0095,    95.0000]
offset_0        16        -73.67        -0.26         0.27   (15-84 p)   [-10078.4667,  9962.7167]
offset_1        17        -43.66        -0.48         0.50   (15-84 p)   [-10078.4667,  9962.7167]
offset_2        18        -52.06        -0.28         0.30   (15-84 p)   [-10078.4667,  9962.7167]
offset_3        19        -59.62        -0.28         0.30   (15-84 p)   [-10078.4667,  9962.7167]

----- dataset: BISdata                   ----- model: gp_multidimensional           
rot_amp         20           1.3         -1.3          1.3   (15-84 p)   [  -10.0000,    10.0000]
con_amp         21         -0.27        -0.23         0.22   (15-84 p)   [  -20.0000,    20.0000]

----- dataset:  FWHMdata
jitter_0        22          0.31        -0.19         0.29   (15-84 p)   [    0.0500,   500.0000]
offset_0        23        6693.7         -2.3          2.2   (15-84 p)   [-3316.4638, 16948.3677]
offset_1        24        6940.8         -2.5          2.4   (15-84 p)   [-3316.4638, 16948.3677]
offset_2        25        6857.4         -2.3          2.2   (15-84 p)   [-3316.4638, 16948.3677]
offset_3        26        6896.5         -2.3          2.3   (15-84 p)   [-3316.4638, 16948.3677]

----- dataset: FWHMdata                  ----- model: gp_multidimensional           
rot_amp         27           2.1         -3.6          3.6   (15-84 p)   [  -10.0000,    10.0000]
con_amp         28           4.7         -1.0          1.3   (15-84 p)   [  -20.0000,    20.0000]

----- common model:  b
P                0        1.5441      -0.0014       0.0014   (15-84 p)   [    0.3785,     6.6439]
K                1         1.154       -0.097        0.089   (15-84 p)   [   -9.9658,     3.3219]
sre_coso         2        -0.268       -0.089         0.14   (15-84 p)   [   -1.0000,     1.0000]
sre_sino         3         -0.05        -0.15         0.16   (15-84 p)   [   -1.0000,     1.0000]
mean_long        4         203.8         -6.2          6.3   (15-84 p)   [   23.8723,   383.8723]

----- common model:  activity
Prot             5         28.05        -0.51         0.51   (15-84 p)   [   20.0000,    35.0000]
Pdec             6          32.2         -1.6          3.4   (15-84 p)   [   30.0000,  1000.0000]
Oamp             7         -1.32        -0.12         0.12   (15-84 p)   [   -6.6439,     0.0000]

----- common model:  star_parameters

====================================================================================================
     Statistics on the model parameters obtained from the posteriors samples     
====================================================================================================

----- dataset:  RVdata
jitter_0                 1.334       -0.058        0.064    (15-84 p)
offset_0                  8.57        -0.32         0.35    (15-84 p)
offset_1                 10.79        -0.42         0.46    (15-84 p)
offset_2                 10.02        -0.33         0.38    (15-84 p)
offset_3                  9.60        -0.33         0.37    (15-84 p)


----- dataset: RVdata                    ----- model: gp_multidimensional           
rot_amp                    7.7         -1.6          1.5    (15-84 p)
con_amp                  -0.59        -0.28         0.24    (15-84 p)

----- dataset:  BISdata
jitter_0                 1.908       -0.098         0.10    (15-84 p)
offset_0                -73.67        -0.26         0.27    (15-84 p)
offset_1                -43.66        -0.48         0.50    (15-84 p)
offset_2                -52.06        -0.28         0.30    (15-84 p)
offset_3                -59.62        -0.28         0.30    (15-84 p)


----- dataset: BISdata                   ----- model: gp_multidimensional           
rot_amp                    1.3         -1.3          1.3    (15-84 p)
con_amp                  -0.27        -0.23         0.22    (15-84 p)

----- dataset:  FWHMdata
jitter_0                  0.31        -0.19         0.29    (15-84 p)
offset_0                6693.7         -2.3          2.2    (15-84 p)
offset_1                6940.8         -2.5          2.4    (15-84 p)
offset_2                6857.4         -2.3          2.2    (15-84 p)
offset_3                6896.5         -2.3          2.3    (15-84 p)


----- dataset: FWHMdata                  ----- model: gp_multidimensional           
rot_amp                    2.1         -3.6          3.6    (15-84 p)
con_amp                    4.7         -1.0          1.3    (15-84 p)

----- common model:  b
P                       2.9162      -0.0028       0.0028    (15-84 p)
K                         2.23        -0.15         0.14    (15-84 p)
mean_long                203.8         -6.2          6.3    (15-84 p)
e                        0.097       -0.054        0.054    (15-84 p)
omega                     -131          -35          294    (15-84 p)

----- common model:  activity
Prot                     28.05        -0.51         0.51    (15-84 p)
Pdec                      32.2         -1.6          3.4    (15-84 p)
Oamp                     0.399       -0.033        0.033    (15-84 p)

----- common model:  star_parameters

====================================================================================================
     Statistics on the derived parameters obtained from the posteriors samples     
====================================================================================================

----- common model:  b
Inclination fixed to 90 deg!
Computing planetary mass under the approximation M_planet << M_star (threshold at 30.0 Me)
a_Rs                    8.5861      -0.0054       0.0055    (15-84 p)
M_Mj                   0.01554      -0.0010      0.00099    (15-84 p)
M_Me                      4.94        -0.32         0.31    (15-84 p)
Tc                   59336.772       -0.068        0.069    (15-84 p)
a_AU_(M)              0.039947    -0.000025     0.000026    (15-84 p)
a_AU_(rho,R)          0.039947    -0.000025     0.000026    (15-84 p)


====================================================================================================
     ------------------------------------------------------------------------------------------     
====================================================================================================



60000.0   steps completed, average lnprob:,  -2131.063908180787


emcee completed


:::---::: PyORBIT v11.0.1 :::---:::

Python version in use:
3.10.18 (main, Jun  5 2025, 13:14:17) [GCC 11.2.0]
LaTeX disabled by default

Using orbital model:  keplerian
Using orbital parametrization:  Eastman2013

gp_multidimensional  S+LEAF model, number of harmonics: 4

GP model: gp_multidimensional  hyperparameters_condition:    True
GP model: gp_multidimensional  rotation_decay_condition:     True

### PyORBIT version used in the analysis:  11.0.1

 emcee version:  3.1.6

 Reference Time Tref: 59334.700184

 Data points:861
 Dimensions: 29
 Nwalkers:   116
 Steps:      60000


Number of samplings: 34800

Recomputing ln-prior, it may take a while...

ln-probability   distribution:  -2130.53       -4.40      3.68 (15-84 p) 
ln-prior         distribution:   -175.82       -1.95      1.26 (15-84 p) 
ln-likelihood    distribution:  -1954.42       -4.47      3.92 (15-84 p) 


*** Information criteria using the likelihood distribution

 BIC from distribution  (using likelihood)  =   4104.83     -7.83    8.94 (15-84 p)
 AIC from distribution  (using likelihood)  =   3966.84     -7.83    8.94 (15-84 p)
 AICc from distribution (using likelihood)  =   3968.93     -7.83    8.94 (15-84 p)


*** Information criteria using the median parameter set

 ln_probability of Median solution =  -2117.30
 ln_priors of Median solution      =   -174.84
 ln_likelihood of Median solution  =  -1942.46

 Median BIC  (using likelihood) =   4080.90
 Median AIC  (using likelihood) =   3942.92
 Median AICc (using likelihood) =   3945.01


*** Information criteria using the MAP parameter set

 ln_probability of MAP solution =  -2109.23
 ln_priors of MAP solution      =   -174.75
 ln_likelihood of MAP solution  =  -1934.48

 MAP BIC  (using likelihood)    =   4064.94
 MAP AIC  (using likelihood)    =   3926.96
 MAP AICc (using likelihood)    =   3929.05

 AICc suggested over AIC because NDATA ( 861 ) < 40 * NDIM ( 29 )

****************************************************************************************************


Computing the autocorrelation time of the chains

The chains are more than 50 times longer than the ACF, the estimate can be trusted

Reference thinning used in the analysis: 150
Maximum value of the integrated ACF: 7
Step length used in the analysis: 7*nthin = 1050

Convergence criteria: less than 1% variation in ACF after 50 times the integrated ACF
At least 50*ACF after convergence, 100*ACF would be ideal
Negative values: not converged yet

   sampler parameter              |    ACF   | ACF*nthin | converged at | nsteps/ACF | to 100*ACF
                                  |          |           |              |            | 
   RVdata_jitter_0                |    4.99  |      749  |    46200     |      18    |   61091 
   RVdata_offset_0                |    6.36  |      954  |    53550     |       7    |   88950 
   RVdata_offset_1                |    6.01  |      902  |    52500     |       8    |   82669 
   RVdata_offset_2                |    6.19  |      929  |    51450     |       9    |   84357 
   RVdata_offset_3                |    6.19  |      929  |    51450     |       9    |   84355 
   RVdata_gp_multidimensional_rot_amp |    5.83  |      875  |    52500     |       9    |   80022 
   RVdata_gp_multidimensional_con_amp |    6.04  |      906  |    51450     |       9    |   82016 
   BISdata_jitter_0               |    5.01  |      751  |    45150     |      20    |   60260 
   BISdata_offset_0               |    5.79  |      869  |    48300     |      13    |   75193 
   BISdata_offset_1               |    5.48  |      822  |    47250     |      16    |   69445 
   BISdata_offset_2               |    5.78  |      867  |    49350     |      12    |   76025 
   BISdata_offset_3               |    5.44  |      815  |    48300     |      14    |   69830 
   BISdata_gp_multidimensional_rot_amp |    5.05  |      758  |    43050     |      22    |   58824 
   BISdata_gp_multidimensional_con_amp |    6.49  |      974  |    53550     |       7    |   90953 
   FWHMdata_jitter_0              |    5.68  |      852  |    50400     |      11    |   75572 
   FWHMdata_offset_0              |    6.98  |     1046  |    59850     |       0    |  104499 
   FWHMdata_offset_1              |    6.69  |     1003  |    59850     |       0    |  100136 
   FWHMdata_offset_2              |    6.95  |     1042  |    59850     |       0    |  104034 
   FWHMdata_offset_3              |    6.89  |     1033  |    58800     |       1    |  102149 
   FWHMdata_gp_multidimensional_rot_amp |    5.36  |      803  |    47250     |      16    |   67599 
   FWHMdata_gp_multidimensional_con_amp |    5.85  |      877  |    48300     |      13    |   76016 
   b_P                            |    5.05  |      757  |    44100     |      21    |   59832 
   b_K                            |    5.04  |      756  |    44100     |      21    |   59677 
   b_sre_coso                     |    6.18  |      927  |    52500     |       8    |   85236 
   b_sre_sino                     |    5.77  |      866  |    48300     |      14    |   74891 
   b_mean_long                    |    5.28  |      792  |    48300     |      15    |   67491 
   activity_Prot                  |    5.26  |      788  |    45150     |      19    |   63997 
   activity_Pdec                  |    7.88  |     1182  |       -1     |      -1    |  119427 
   activity_Oamp                  |    4.96  |      743  |    43050     |      23    |   57389 

     1 chains have not converged yet, keep going 

Check the documentation for the correct interpretation of these results:
https://pyorbit.readthedocs.io/running_pyorbit/terminal_output/#autocorrelation-analysis

 Plotting the ACF... 


====================================================================================================
     Ids, spaces (s), boundaries (b) and priors (p) of the sampler parameters     
====================================================================================================

----- dataset:  RVdata
jitter_0      id:   8  s:Linear      b:[      0.0009,      13.3000]   p:Uniform   []
offset_0      id:   9  s:Linear      b:[  -9995.9140,   10015.5990]   p:Uniform   []
offset_1      id:  10  s:Linear      b:[  -9995.9140,   10015.5990]   p:Uniform   []
offset_2      id:  11  s:Linear      b:[  -9995.9140,   10015.5990]   p:Uniform   []
offset_3      id:  12  s:Linear      b:[  -9995.9140,   10015.5990]   p:Uniform   []

----- dataset: RVdata                    ----- model: gp_multidimensional           
rot_amp       id:  13  s:Linear      b:[      0.0000,      10.0000]   p:Uniform   []
con_amp       id:  14  s:Linear      b:[    -20.0000,      20.0000]   p:Uniform   []

----- dataset:  BISdata
jitter_0      id:  15  s:Linear      b:[      0.0095,      95.0000]   p:Uniform   []
offset_0      id:  16  s:Linear      b:[ -10078.4667,    9962.7167]   p:Uniform   []
offset_1      id:  17  s:Linear      b:[ -10078.4667,    9962.7167]   p:Uniform   []
offset_2      id:  18  s:Linear      b:[ -10078.4667,    9962.7167]   p:Uniform   []
offset_3      id:  19  s:Linear      b:[ -10078.4667,    9962.7167]   p:Uniform   []

----- dataset: BISdata                   ----- model: gp_multidimensional           
rot_amp       id:  20  s:Linear      b:[    -10.0000,      10.0000]   p:Uniform   []
con_amp       id:  21  s:Linear      b:[    -20.0000,      20.0000]   p:Uniform   []

----- dataset:  FWHMdata
jitter_0      id:  22  s:Linear      b:[      0.0500,     500.0000]   p:Uniform   []
offset_0      id:  23  s:Linear      b:[  -3316.4638,   16948.3677]   p:Uniform   []
offset_1      id:  24  s:Linear      b:[  -3316.4638,   16948.3677]   p:Uniform   []
offset_2      id:  25  s:Linear      b:[  -3316.4638,   16948.3677]   p:Uniform   []
offset_3      id:  26  s:Linear      b:[  -3316.4638,   16948.3677]   p:Uniform   []

----- dataset: FWHMdata                  ----- model: gp_multidimensional           
rot_amp       id:  27  s:Linear      b:[    -10.0000,      10.0000]   p:Uniform   []
con_amp       id:  28  s:Linear      b:[    -20.0000,      20.0000]   p:Uniform   []

----- common model:  b
P             id:   0  s:Log_Base2   b:[      0.3785,       6.6439]   p:Uniform   []
K             id:   1  s:Log_Base2   b:[     -9.9658,       3.3219]   p:Uniform   []
sre_coso      id:   2  s:Linear      b:[     -1.0000,       1.0000]   p:Uniform   []
sre_sino      id:   3  s:Linear      b:[     -1.0000,       1.0000]   p:Uniform   []
mean_long     id:   4  s:Linear      b:[     23.8723,     383.8723]   p:Uniform   []
e             derived (no id, space, bound)                           p:Gaussian   [0.    0.098]
omega         derived (no id, space, bound)                           p:Uniform   [0.0, 360.0]

----- common model:  activity
Prot          id:   5  s:Linear      b:[     20.0000,      35.0000]   p:Gaussian   [28.   0.5]
Pdec          id:   6  s:Linear      b:[     30.0000,    1000.0000]   p:Uniform   []
Oamp          id:   7  s:Log_Base2   b:[     -6.6439,       0.0000]   p:Gaussian   [0.35  0.035]

----- common model:  star_parameters
mass          derived (no id, space, bound)                           p:Gaussian   [1.e+00 1.e-06]
radius        derived (no id, space, bound)                           p:Gaussian   [1.e+00 1.e-06]
density       derived (no id, space, bound)                           p:Gaussian   [1.e+00 1.e-06]


****************************************************************************************************
****************************************************************************************************

 Confidence intervals (median value, 34.135th percentile from the median on the left and right side)

====================================================================================================
     Statistics on the posterior of the sampler parameters     
====================================================================================================

----- dataset:  RVdata
jitter_0         8         1.334       -0.058        0.064   (15-84 p)   [    0.0009,    13.3000]
offset_0         9          8.57        -0.32         0.35   (15-84 p)   [-9995.9140, 10015.5990]
offset_1        10         10.79        -0.42         0.46   (15-84 p)   [-9995.9140, 10015.5990]
offset_2        11         10.02        -0.33         0.38   (15-84 p)   [-9995.9140, 10015.5990]
offset_3        12          9.60        -0.33         0.37   (15-84 p)   [-9995.9140, 10015.5990]

----- dataset: RVdata                    ----- model: gp_multidimensional           
rot_amp         13           7.7         -1.6          1.5   (15-84 p)   [    0.0000,    10.0000]
con_amp         14         -0.59        -0.28         0.24   (15-84 p)   [  -20.0000,    20.0000]

----- dataset:  BISdata
jitter_0        15         1.908       -0.098         0.10   (15-84 p)   [    0.0095,    95.0000]
offset_0        16        -73.67        -0.26         0.27   (15-84 p)   [-10078.4667,  9962.7167]
offset_1        17        -43.66        -0.48         0.50   (15-84 p)   [-10078.4667,  9962.7167]
offset_2        18        -52.06        -0.28         0.30   (15-84 p)   [-10078.4667,  9962.7167]
offset_3        19        -59.62        -0.28         0.30   (15-84 p)   [-10078.4667,  9962.7167]

----- dataset: BISdata                   ----- model: gp_multidimensional           
rot_amp         20           1.3         -1.3          1.3   (15-84 p)   [  -10.0000,    10.0000]
con_amp         21         -0.27        -0.23         0.22   (15-84 p)   [  -20.0000,    20.0000]

----- dataset:  FWHMdata
jitter_0        22          0.31        -0.19         0.29   (15-84 p)   [    0.0500,   500.0000]
offset_0        23        6693.7         -2.3          2.2   (15-84 p)   [-3316.4638, 16948.3677]
offset_1        24        6940.8         -2.5          2.4   (15-84 p)   [-3316.4638, 16948.3677]
offset_2        25        6857.4         -2.3          2.2   (15-84 p)   [-3316.4638, 16948.3677]
offset_3        26        6896.5         -2.3          2.3   (15-84 p)   [-3316.4638, 16948.3677]

----- dataset: FWHMdata                  ----- model: gp_multidimensional           
rot_amp         27           2.1         -3.6          3.6   (15-84 p)   [  -10.0000,    10.0000]
con_amp         28           4.7         -1.0          1.3   (15-84 p)   [  -20.0000,    20.0000]

----- common model:  b
P                0        1.5441      -0.0014       0.0014   (15-84 p)   [    0.3785,     6.6439]
K                1         1.154       -0.097        0.089   (15-84 p)   [   -9.9658,     3.3219]
sre_coso         2        -0.268       -0.089         0.14   (15-84 p)   [   -1.0000,     1.0000]
sre_sino         3         -0.05        -0.15         0.16   (15-84 p)   [   -1.0000,     1.0000]
mean_long        4         203.8         -6.2          6.3   (15-84 p)   [   23.8723,   383.8723]

----- common model:  activity
Prot             5         28.05        -0.51         0.51   (15-84 p)   [   20.0000,    35.0000]
Pdec             6          32.2         -1.6          3.4   (15-84 p)   [   30.0000,  1000.0000]
Oamp             7         -1.32        -0.12         0.12   (15-84 p)   [   -6.6439,     0.0000]

----- common model:  star_parameters

====================================================================================================
     Statistics on the model parameters obtained from the posteriors samples     
====================================================================================================

----- dataset:  RVdata
jitter_0                 1.334       -0.058        0.064    (15-84 p)
offset_0                  8.57        -0.32         0.35    (15-84 p)
offset_1                 10.79        -0.42         0.46    (15-84 p)
offset_2                 10.02        -0.33         0.38    (15-84 p)
offset_3                  9.60        -0.33         0.37    (15-84 p)


----- dataset: RVdata                    ----- model: gp_multidimensional           
rot_amp                    7.7         -1.6          1.5    (15-84 p)
con_amp                  -0.59        -0.28         0.24    (15-84 p)

----- dataset:  BISdata
jitter_0                 1.908       -0.098         0.10    (15-84 p)
offset_0                -73.67        -0.26         0.27    (15-84 p)
offset_1                -43.66        -0.48         0.50    (15-84 p)
offset_2                -52.06        -0.28         0.30    (15-84 p)
offset_3                -59.62        -0.28         0.30    (15-84 p)


----- dataset: BISdata                   ----- model: gp_multidimensional           
rot_amp                    1.3         -1.3          1.3    (15-84 p)
con_amp                  -0.27        -0.23         0.22    (15-84 p)

----- dataset:  FWHMdata
jitter_0                  0.31        -0.19         0.29    (15-84 p)
offset_0                6693.7         -2.3          2.2    (15-84 p)
offset_1                6940.8         -2.5          2.4    (15-84 p)
offset_2                6857.4         -2.3          2.2    (15-84 p)
offset_3                6896.5         -2.3          2.3    (15-84 p)


----- dataset: FWHMdata                  ----- model: gp_multidimensional           
rot_amp                    2.1         -3.6          3.6    (15-84 p)
con_amp                    4.7         -1.0          1.3    (15-84 p)

----- common model:  b
P                       2.9162      -0.0028       0.0028    (15-84 p)
K                         2.23        -0.15         0.14    (15-84 p)
mean_long                203.8         -6.2          6.3    (15-84 p)
e                        0.097       -0.054        0.054    (15-84 p)
omega                      190          -38           32    (15-84 p)

----- common model:  activity
Prot                     28.05        -0.51         0.51    (15-84 p)
Pdec                      32.2         -1.6          3.4    (15-84 p)
Oamp                     0.399       -0.033        0.033    (15-84 p)

----- common model:  star_parameters

====================================================================================================
     Statistics on the derived parameters obtained from the posteriors samples     
====================================================================================================

----- common model:  b
Inclination fixed to 90 deg!
Computing planetary mass under the approximation M_planet << M_star (threshold at 30.0 Me)
a_Rs                    8.5861      -0.0054       0.0055    (15-84 p)
M_Mj                   0.01554      -0.0010      0.00099    (15-84 p)
M_Me                      4.94        -0.32         0.31    (15-84 p)
Tc                   59336.772       -0.068        0.069    (15-84 p)
a_AU_(M)              0.039947    -0.000025     0.000026    (15-84 p)
a_AU_(rho,R)          0.039947    -0.000025     0.000026    (15-84 p)


====================================================================================================
     ------------------------------------------------------------------------------------------     
====================================================================================================



****************************************************************************************************

 Parameters corresponding to the Maximum a Posteriori probability ( -2109.233091308581 )

====================================================================================================
     Statistics on the posterior of the sampler parameters     
====================================================================================================

----- dataset:  RVdata
jitter_0         8      1.343962 [    0.0009,    13.3000]
offset_0         9      8.869974 [-9995.9140, 10015.5990]
offset_1        10     10.927129 [-9995.9140, 10015.5990]
offset_2        11     10.250338 [-9995.9140, 10015.5990]
offset_3        12      9.670339 [-9995.9140, 10015.5990]

----- dataset: RVdata                    ----- model: gp_multidimensional           
rot_amp         13      4.947085 [    0.0000,    10.0000]
con_amp         14      0.495562 [  -20.0000,    20.0000]

----- dataset:  BISdata
jitter_0        15      1.797114 [    0.0095,    95.0000]
offset_0        16    -73.592843 [-10078.4667,  9962.7167]
offset_1        17    -43.636735 [-10078.4667,  9962.7167]
offset_2        18    -52.142277 [-10078.4667,  9962.7167]
offset_3        19    -59.742627 [-10078.4667,  9962.7167]

----- dataset: BISdata                   ----- model: gp_multidimensional           
rot_amp         20      0.906547 [  -10.0000,    10.0000]
con_amp         21      0.122616 [  -20.0000,    20.0000]

----- dataset:  FWHMdata
jitter_0        22      0.347965 [    0.0500,   500.0000]
offset_0        23   6693.667022 [-3316.4638, 16948.3677]
offset_1        24   6942.156144 [-3316.4638, 16948.3677]
offset_2        25   6857.443810 [-3316.4638, 16948.3677]
offset_3        26   6897.037614 [-3316.4638, 16948.3677]

----- dataset: FWHMdata                  ----- model: gp_multidimensional           
rot_amp         27      0.395776 [  -10.0000,    10.0000]
con_amp         28     -2.960812 [  -20.0000,    20.0000]

----- common model:  b
P                0      1.541910 [    0.3785,     6.6439]
K                1      1.128311 [   -9.9658,     3.3219]
sre_coso         2     -0.284323 [   -1.0000,     1.0000]
sre_sino         3      0.028097 [   -1.0000,     1.0000]
mean_long        4    200.357070 [   23.8723,   383.8723]

----- common model:  activity
Prot             5     27.917100 [   20.0000,    35.0000]
Pdec             6     30.055239 [   30.0000,  1000.0000]
Oamp             7     -1.338758 [   -6.6439,     0.0000]

----- common model:  star_parameters

====================================================================================================
     Statistics on the model parameters obtained from the posteriors samples     
====================================================================================================

----- dataset:  RVdata
jitter_0              1.343962 
offset_0              8.869974 
offset_1             10.927129 
offset_2             10.250338 
offset_3              9.670339 


----- dataset: RVdata                    ----- model: gp_multidimensional           
rot_amp               4.947085 
con_amp               0.495562 

----- dataset:  BISdata
jitter_0              1.797114 
offset_0            -73.592843 
offset_1            -43.636735 
offset_2            -52.142277 
offset_3            -59.742627 


----- dataset: BISdata                   ----- model: gp_multidimensional           
rot_amp               0.906547 
con_amp               0.122616 

----- dataset:  FWHMdata
jitter_0              0.347965 
offset_0           6693.667022 
offset_1           6942.156144 
offset_2           6857.443810 
offset_3           6897.037614 


----- dataset: FWHMdata                  ----- model: gp_multidimensional           
rot_amp               0.395776 
con_amp              -2.960812 

----- common model:  b
P                     2.911797 
K                     2.186027 
mean_long           200.357070 
e                     0.081629 
omega               174.356400 

----- common model:  activity
Prot                 27.917100 
Pdec                 30.055239 
Oamp                  0.395361 

----- common model:  star_parameters

====================================================================================================
     Statistics on the derived parameters obtained from the posteriors samples     
====================================================================================================

----- common model:  b
Inclination fixed to 90 deg!
a_Rs                  8.577418 
M_Mj                  0.015305 
M_Me                  4.865318 
Tc                59336.794135 
a_AU_(M)              0.039907 
a_AU_(rho,R)          0.039906 


====================================================================================================
     ------------------------------------------------------------------------------------------     
====================================================================================================



****************************************************************************************************

 Parameters corresponding to the sample closest to the median values ( -2121.126623828452 )

====================================================================================================
     Statistics on the posterior of the sampler parameters     
====================================================================================================

----- dataset:  RVdata
jitter_0         8      1.333763 [    0.0009,    13.3000]
offset_0         9      8.598740 [-9995.9140, 10015.5990]
offset_1        10     10.459378 [-9995.9140, 10015.5990]
offset_2        11      9.964038 [-9995.9140, 10015.5990]
offset_3        12      9.584380 [-9995.9140, 10015.5990]

----- dataset: RVdata                    ----- model: gp_multidimensional           
rot_amp         13      7.759979 [    0.0000,    10.0000]
con_amp         14     -0.505768 [  -20.0000,    20.0000]

----- dataset:  BISdata
jitter_0        15      1.925061 [    0.0095,    95.0000]
offset_0        16    -73.539837 [-10078.4667,  9962.7167]
offset_1        17    -43.773606 [-10078.4667,  9962.7167]
offset_2        18    -52.356375 [-10078.4667,  9962.7167]
offset_3        19    -59.927162 [-10078.4667,  9962.7167]

----- dataset: BISdata                   ----- model: gp_multidimensional           
rot_amp         20      0.722558 [  -10.0000,    10.0000]
con_amp         21     -0.264295 [  -20.0000,    20.0000]

----- dataset:  FWHMdata
jitter_0        22      0.311566 [    0.0500,   500.0000]
offset_0        23   6694.457578 [-3316.4638, 16948.3677]
offset_1        24   6940.966099 [-3316.4638, 16948.3677]
offset_2        25   6858.224764 [-3316.4638, 16948.3677]
offset_3        26   6896.134460 [-3316.4638, 16948.3677]

----- dataset: FWHMdata                  ----- model: gp_multidimensional           
rot_amp         27      2.127819 [  -10.0000,    10.0000]
con_amp         28      4.066098 [  -20.0000,    20.0000]

----- common model:  b
P                0      1.543886 [    0.3785,     6.6439]
K                1      1.179678 [   -9.9658,     3.3219]
sre_coso         2     -0.236875 [   -1.0000,     1.0000]
sre_sino         3     -0.115550 [   -1.0000,     1.0000]
mean_long        4    203.444610 [   23.8723,   383.8723]

----- common model:  activity
Prot             5     28.072676 [   20.0000,    35.0000]
Pdec             6     31.134661 [   30.0000,  1000.0000]
Oamp             7     -1.310342 [   -6.6439,     0.0000]

----- common model:  star_parameters

====================================================================================================
     Statistics on the model parameters obtained from the posteriors samples     
====================================================================================================

----- dataset:  RVdata
jitter_0              1.333763 
offset_0              8.598740 
offset_1             10.459378 
offset_2              9.964038 
offset_3              9.584380 


----- dataset: RVdata                    ----- model: gp_multidimensional           
rot_amp               7.759979 
con_amp              -0.505768 

----- dataset:  BISdata
jitter_0              1.925061 
offset_0            -73.539837 
offset_1            -43.773606 
offset_2            -52.356375 
offset_3            -59.927162 


----- dataset: BISdata                   ----- model: gp_multidimensional           
rot_amp               0.722558 
con_amp              -0.264295 

----- dataset:  FWHMdata
jitter_0              0.311566 
offset_0           6694.457578 
offset_1           6940.966099 
offset_2           6858.224764 
offset_3           6896.134460 


----- dataset: FWHMdata                  ----- model: gp_multidimensional           
rot_amp               2.127819 
con_amp               4.066098 

----- common model:  b
P                     2.915789 
K                     2.265262 
mean_long           203.444610 
e                     0.069461 
omega              -153.996367 

----- common model:  activity
Prot                 28.072676 
Pdec                 31.134661 
Oamp                  0.403225 

----- common model:  star_parameters

====================================================================================================
     Statistics on the derived parameters obtained from the posteriors samples     
====================================================================================================

----- common model:  b
Inclination fixed to 90 deg!
a_Rs                  8.585253 
M_Mj                  0.015881 
M_Me                  5.048632 
Tc                59336.756393 
a_AU_(M)              0.039943 
a_AU_(rho,R)          0.039943 


====================================================================================================
     ------------------------------------------------------------------------------------------     
====================================================================================================



****************************************************************************************************

Inclination fixed to 90 deg!
Note: stellar density derived from stellar mass and radius

Inclination fixed to 90 deg!
Inclination fixed to 90 deg!
 Plot FLAT chain 

****************************************************************************************************

Plotting full_correlation plot with pygtc

****************************************************************************************************

 Plotting the chains... 

****************************************************************************************************

 Plotting the Gelman-Rubin traces... 

     Gelman-Rubin:     8     1.006053 RVdata_jitter_0 
     Gelman-Rubin:     9     1.010023 RVdata_offset_0 
     Gelman-Rubin:    10     1.008015 RVdata_offset_1 
     Gelman-Rubin:    11     1.011482 RVdata_offset_2 
     Gelman-Rubin:    12     1.009966 RVdata_offset_3 
     Gelman-Rubin:    13     1.008384 RVdata_gp_multidimensional_rot_amp 
     Gelman-Rubin:    14     1.092148 RVdata_gp_multidimensional_con_amp 
     Gelman-Rubin:    15     1.006801 BISdata_jitter_0 
     Gelman-Rubin:    16     1.009244 BISdata_offset_0 
     Gelman-Rubin:    17     1.007902 BISdata_offset_1 
     Gelman-Rubin:    18     1.007877 BISdata_offset_2 
     Gelman-Rubin:    19     1.009032 BISdata_offset_3 
     Gelman-Rubin:    20     1.008347 BISdata_gp_multidimensional_rot_amp 
     Gelman-Rubin:    21     1.032527 BISdata_gp_multidimensional_con_amp 
     Gelman-Rubin:    22     1.007918 FWHMdata_jitter_0 
     Gelman-Rubin:    23     1.010382 FWHMdata_offset_0 
     Gelman-Rubin:    24     1.009756 FWHMdata_offset_1 
     Gelman-Rubin:    25     1.010607 FWHMdata_offset_2 
     Gelman-Rubin:    26     1.010845 FWHMdata_offset_3 
     Gelman-Rubin:    27     1.005599 FWHMdata_gp_multidimensional_rot_amp 
     Gelman-Rubin:    28     1.167022 FWHMdata_gp_multidimensional_con_amp 
     Gelman-Rubin:     0     1.007532 b_P 
     Gelman-Rubin:     1     1.004909 b_K 
     Gelman-Rubin:     2     1.008581 b_sre_coso 
     Gelman-Rubin:     3     1.007266 b_sre_sino 
     Gelman-Rubin:     4     1.007464 b_mean_long 
     Gelman-Rubin:     5     1.005503 activity_Prot 
     Gelman-Rubin:     6     1.010825 activity_Pdec 
     Gelman-Rubin:     7     1.006140 activity_Oamp 

****************************************************************************************************

Plotting the common models corner plots
     Common model:  b
     Common model:  activity
     Common model:  star_parameters

****************************************************************************************************

Plotting the dataset + models corner plots 

     Dataset:  RVdata     model:  gp_multidimensional  corner plot  starting 
     Dataset:  RVdata     model:  gp_multidimensional  corner plot  done 
     Dataset:  RVdata     model:  radial_velocities_b  corner plot  starting 
     Dataset:  RVdata     model:  radial_velocities_b  corner plot  done 
     Dataset:  BISdata     model:  gp_multidimensional  corner plot  starting 
     Dataset:  BISdata     model:  gp_multidimensional  corner plot  done 
     Dataset:  FWHMdata     model:  gp_multidimensional  corner plot  starting 
     Dataset:  FWHMdata     model:  gp_multidimensional  corner plot  done 

****************************************************************************************************

 Saving the planet parameter samplings to files (with plots)

****************************************************************************************************

 Saving all the parameter samplings to files (with plots)

****************************************************************************************************

 Computing the models for plot/data writing 
     Splitting the plot array to allow GP prediction of extended datasets, it may take a while...
     # 58 chunks of 100 times each
     Check the documentation if the code is taking too long or if it crashes...
     Splitting the plot array to allow GP prediction of extended datasets, it may take a while...
     # 35 chunks of 100 times each
     Check the documentation if the code is taking too long or if it crashes...
     Splitting the plot array to allow GP prediction of extended datasets, it may take a while...
     # 35 chunks of 100 times each
     Check the documentation if the code is taking too long or if it crashes...
     Splitting the plot array to allow GP prediction of extended datasets, it may take a while...
     # 58 chunks of 100 times each
     Check the documentation if the code is taking too long or if it crashes...
     Splitting the plot array to allow GP prediction of extended datasets, it may take a while...
     # 35 chunks of 100 times each
     Check the documentation if the code is taking too long or if it crashes...
     Splitting the plot array to allow GP prediction of extended datasets, it may take a while...
     # 35 chunks of 100 times each
     Check the documentation if the code is taking too long or if it crashes...
     Splitting the plot array to allow GP prediction of extended datasets, it may take a while...
     # 58 chunks of 100 times each
     Check the documentation if the code is taking too long or if it crashes...
     Splitting the plot array to allow GP prediction of extended datasets, it may take a while...
     # 35 chunks of 100 times each
     Check the documentation if the code is taking too long or if it crashes...
     Splitting the plot array to allow GP prediction of extended datasets, it may take a while...
     # 35 chunks of 100 times each
     Check the documentation if the code is taking too long or if it crashes...
 Writing the plots 
 Writing the   data files 
 Writing the  MAP_ data files 
 Writing the  sampleMED_ data files 

****************************************************************************************************

