
PyORBIT v10.9.1

Python version in use:
3.10.16 (main, Dec 11 2024, 10:24:41) [Clang 14.0.6 ]
 LaTeX disabled by default
Using orbital model:  keplerian
Using orbital parametrization:  Eastman2013

Using orbital model:  keplerian
Using orbital parametrization:  Standard

Posteriors analysis from dynesty run with posterior/evidence split = 0.000

Summary - 
=======
niter: 153330
ncall: 5182096
eff(%):  2.959
logz: -1774.922 +/-  0.247

Computation of statistical+sampling errors skipped - workaround after dynesty>1.2 update

Plot a summary of the run.
Plot traces and 1-D marginalized posteriors.
Plot the 2-D marginalized posteriors.

Weighted mean and convariance from original samplings
  HD189567_HARPS_jitter_0         2.655586 +-        0.006540
  HD189567_HARPS_offset_0         0.029950 +-        0.016604
  HD189567_HARPS_offset_1        15.596443 +-        0.628508
  HD189567_ESPRESSO_jitter_0         1.561540 +-        0.034743
  HD189567_ESPRESSO_offset_0         0.760090 +-        0.162364
  b_P         3.836379 +-        0.000000
  b_K         1.135052 +-        0.011156
  b_sre_coso         0.027562 +-        0.032625
  b_sre_sino         0.225734 +-        0.020267
  b_mean_long       165.422839 +-       47.186927
  c_P         5.072000 +-        0.000001
  c_K         0.955277 +-        0.019087
  c_e         0.211642 +-        0.010031
  c_omega       118.957225 +-     2920.788376
  c_mean_long       125.844507 +-      279.642393

From now on, all results are from weighted samples

 Reference Time Tref: 2452937.54737118

 Dimensions: 15
 Samples:    153330

ln-probability distribution:  -1704.23       -3.01      2.38 (15-84 p) 
ln-prior       distribution:      0.00        0.00      0.00 (15-84 p) 
ln-likelihood  distribution:  -1704.23       -3.01      2.38 (15-84 p) 


*** Information criteria using the likelihood distribution

 BIC from distribution  (using likelihood)  =   3507.02     -4.76    6.02 (15-84 p)
 AIC from distribution  (using likelihood)  =   3438.46     -4.76    6.02 (15-84 p)
 AICc from distribution (using likelihood)  =   3439.15     -4.76    6.02 (15-84 p)


*** Information criteria using the median parameter set

 Median ln_probability =  -1697.66
 Median ln_priors      =      0.00
 Median ln_likelihood  =  -1697.66

 Median BIC  (using likelihood) =   3493.89
 Median AIC  (using likelihood) =   3425.32
 Median AICc (using likelihood) =   3426.01


*** Information criteria using the MAP parameter set

 MAP ln_priors     =  -1773.26
 MAP ln_priors     =    -67.14
 MAP ln_likelihood =  -1706.13

 MAP BIC  (using likelihood)    =   3510.81
 MAP AIC  (using likelihood)    =   3442.25
 MAP AICc (using likelihood)    =   3442.94

 AIC suggested over AICs because NDATA ( 714 ) > 40 * NDIM ( 15 )

****************************************************************************************************


====================================================================================================
     Ids, spaces (s), boundaries (b) and priors (p) of the sampler parameters     
====================================================================================================

----- dataset:  HD189567_HARPS
jitter_0      id:  10  s:Linear      b:[      0.0020,     370.0000]   p:Uniform   []
offset_0      id:  11  s:Linear      b:[ -10009.7000,   10022.8000]   p:Uniform   []
offset_1      id:  12  s:Linear      b:[ -10009.7000,   10022.8000]   p:Uniform   []

----- dataset:  HD189567_ESPRESSO
jitter_0      id:  13  s:Linear      b:[      0.0010,      30.0000]   p:Uniform   []
offset_0      id:  14  s:Linear      b:[ -10002.8000,   10004.3000]   p:Uniform   []

----- common model:  b
P             id:   0  s:Log_Base2   b:[      3.3219,       4.9069]   p:Uniform   []
K             id:   1  s:Log_Base2   b:[     -3.3219,       2.3219]   p:Uniform   []
sre_coso      id:   2  s:Linear      b:[     -1.0000,       1.0000]   p:Uniform   []
sre_sino      id:   3  s:Linear      b:[     -1.0000,       1.0000]   p:Uniform   []
mean_long     id:   4  s:Linear      b:[      0.0000,     360.0000]   p:Uniform   []
e             derived (no id, space, bound)                           p:Uniform   [0.  0.4]
omega         derived (no id, space, bound)                           p:Uniform   [0.0, 360.0]

----- common model:  c
P             id:   5  s:Log_Base2   b:[      4.9069,       5.4919]   p:Gaussian   [33.61  0.5 ]
K             id:   6  s:Log_Base2   b:[     -3.3219,       2.3219]   p:Uniform   []
e             id:   7  s:Linear      b:[      0.1000,       0.5000]   p:ModifiedJeffreys   [0.3 0.1]
omega         id:   8  s:Linear      b:[      0.0000,     360.0000]   p:Uniform   []
mean_long     id:   9  s:Linear      b:[      0.0000,     360.0000]   p:Uniform   []

----- common model:  star_parameters
mass          derived (no id, space, bound)                           p:Gaussian   [0.83 0.01]


****************************************************************************************************
****************************************************************************************************

 Confidence intervals (median value, 34.135th percentile from the median on the left and right side)

====================================================================================================
     Statistics on the posterior of the sampler parameters     
====================================================================================================

----- dataset:  HD189567_HARPS
jitter_0        10         2.654       -0.078        0.082   (15-84 p)   [    0.0020,   370.0000]
offset_0        11          0.03        -0.13         0.13   (15-84 p)   [-10009.7000, 10022.8000]
offset_1        12         15.59        -0.79         0.80   (15-84 p)   [-10009.7000, 10022.8000]

----- dataset:  HD189567_ESPRESSO
jitter_0        13          1.55        -0.17         0.19   (15-84 p)   [    0.0010,    30.0000]
offset_0        14          0.83        -0.33         0.26   (15-84 p)   [-10002.8000, 10004.3000]

----- common model:  b
P                0       3.83638     -0.00012      0.00013   (15-84 p)   [    3.3219,     4.9069]
K                1         1.142        -0.11        0.098   (15-84 p)   [   -3.3219,     2.3219]
sre_coso         2          0.03        -0.20         0.19   (15-84 p)   [   -1.0000,     1.0000]
sre_sino         3          0.25        -0.17         0.11   (15-84 p)   [   -1.0000,     1.0000]
mean_long        4         165.4         -6.9          7.0   (15-84 p)   [    0.0000,   360.0000]

----- common model:  c
P                5       5.07215     -0.00080      0.00057   (15-84 p)   [    4.9069,     5.4919]
K                6          0.96        -0.14         0.14   (15-84 p)   [   -3.3219,     2.3219]
e                7         0.180       -0.059         0.14   (15-84 p)   [    0.1000,     0.5000]
omega            8           106          -33           64   (15-84 p)   [    0.0000,   360.0000]
mean_long        9           127          -19           16   (15-84 p)   [    0.0000,   360.0000]

----- common model:  star_parameters

====================================================================================================
     Statistics on the model parameters obtained from the posteriors samples     
====================================================================================================

----- dataset:  HD189567_HARPS
jitter_0                 2.654       -0.078        0.082    (15-84 p)
offset_0                  0.03        -0.13         0.13    (15-84 p)
offset_1                 15.59        -0.79         0.80    (15-84 p)


----- dataset:  HD189567_ESPRESSO
jitter_0                  1.55        -0.17         0.19    (15-84 p)
offset_0                  0.83        -0.33         0.26    (15-84 p)


----- common model:  b
P                      14.2845      -0.0012       0.0013    (15-84 p)
K                         2.21        -0.17         0.15    (15-84 p)
mean_long                165.4         -6.9          7.0    (15-84 p)
e                        0.101       -0.063        0.068    (15-84 p)
omega                       83          -43           50    (15-84 p)

----- common model:  c
P                       33.641       -0.019        0.013    (15-84 p)
K                         1.94        -0.17         0.19    (15-84 p)
e                        0.180       -0.059         0.14    (15-84 p)
omega                      101          -33           56    (15-84 p)
mean_long                  127          -19           16    (15-84 p)

----- common model:  star_parameters

====================================================================================================
     Statistics on the derived parameters obtained from the posteriors samples     
====================================================================================================

----- common model:  b
Inclination fixed to 90 deg!
Computing planetary mass under the approximation M_planet << M_star (threshold at 30.0 Me)
M_Mj                    0.0231      -0.0017       0.0016    (15-84 p)
M_Me                      7.34        -0.55         0.52    (15-84 p)
Tc                  2452948.80        -0.43         0.41    (15-84 p)
a_AU_(M)               0.10828     -0.00044      0.00043    (15-84 p)

----- common model:  c
Inclination fixed to 90 deg!
Computing planetary mass under the approximation M_planet << M_star (threshold at 30.0 Me)
M_Mj                    0.0265      -0.0023       0.0023    (15-84 p)
M_Me                      8.42        -0.72         0.73    (15-84 p)
Tc                  2452968.19         -1.0         0.94    (15-84 p)
a_AU_(M)               0.19165     -0.00078      0.00077    (15-84 p)


====================================================================================================
     ------------------------------------------------------------------------------------------     
====================================================================================================



****************************************************************************************************

 Parameters corresponding to the Maximum a Posteriori probability ( -1697.776866006799 )

====================================================================================================
     Statistics on the posterior of the sampler parameters     
====================================================================================================

----- dataset:  HD189567_HARPS
jitter_0        10      2.431858 [    0.0020,   370.0000]
offset_0        11     -0.103253 [-10009.7000, 10022.8000]
offset_1        12     15.819362 [-10009.7000, 10022.8000]

----- dataset:  HD189567_ESPRESSO
jitter_0        13      1.550477 [    0.0010,    30.0000]
offset_0        14      0.657219 [-10002.8000, 10004.3000]

----- common model:  b
P                0      3.836392 [    3.3219,     4.9069]
K                1      1.218693 [   -3.3219,     2.3219]
sre_coso         2     -0.027423 [   -1.0000,     1.0000]
sre_sino         3      0.300431 [   -1.0000,     1.0000]
mean_long        4    161.638545 [    0.0000,   360.0000]

----- common model:  c
P                5      5.071695 [    4.9069,     5.4919]
K                6      0.818950 [   -3.3219,     2.3219]
e                7      0.106576 [    0.1000,     0.5000]
omega            8     52.170205 [    0.0000,   360.0000]
mean_long        9    123.621053 [    0.0000,   360.0000]

----- common model:  star_parameters

====================================================================================================
     Statistics on the model parameters obtained from the posteriors samples     
====================================================================================================

----- dataset:  HD189567_HARPS
jitter_0              2.431858 
offset_0             -0.103253 
offset_1             15.819362 


----- dataset:  HD189567_ESPRESSO
jitter_0              1.550477 
offset_0              0.657219 


----- common model:  b
P                    14.284632 
K                     2.327357 
mean_long           161.638545 
e                     0.091011 
omega                95.215473 

----- common model:  c
P                    33.630429 
K                     1.764121 
e                     0.106576 
omega                52.170205 
mean_long           123.621053 

----- common model:  star_parameters

====================================================================================================
     Statistics on the derived parameters obtained from the posteriors samples     
====================================================================================================

----- common model:  b
Inclination fixed to 90 deg!
M_Mj                  0.024716 
M_Me                  7.856968 
Tc              2452949.024622 
a_AU_(M)              0.108904 

----- common model:  c
Inclination fixed to 90 deg!
M_Mj                  0.024517 
M_Me                  7.793792 
Tc              2452967.379591 
a_AU_(M)              0.191305 


====================================================================================================
     ------------------------------------------------------------------------------------------     
====================================================================================================



****************************************************************************************************

 Parameters corresponding to the sample closest to the median values ( -1708.1725289265485 )

====================================================================================================
     Statistics on the posterior of the sampler parameters     
====================================================================================================

----- dataset:  HD189567_HARPS
jitter_0        10      2.648279 [    0.0020,   370.0000]
offset_0        11      0.062502 [-10009.7000, 10022.8000]
offset_1        12     15.428133 [-10009.7000, 10022.8000]

----- dataset:  HD189567_ESPRESSO
jitter_0        13      1.579659 [    0.0010,    30.0000]
offset_0        14      0.878256 [-10002.8000, 10004.3000]

----- common model:  b
P                0      3.836327 [    3.3219,     4.9069]
K                1      1.153521 [   -3.3219,     2.3219]
sre_coso         2      0.012815 [   -1.0000,     1.0000]
sre_sino         3      0.188696 [   -1.0000,     1.0000]
mean_long        4    168.407873 [    0.0000,   360.0000]

----- common model:  c
P                5      5.072071 [    4.9069,     5.4919]
K                6      1.025330 [   -3.3219,     2.3219]
e                7      0.172644 [    0.1000,     0.5000]
omega            8     95.488688 [    0.0000,   360.0000]
mean_long        9    122.991189 [    0.0000,   360.0000]

----- common model:  star_parameters

====================================================================================================
     Statistics on the model parameters obtained from the posteriors samples     
====================================================================================================

----- dataset:  HD189567_HARPS
jitter_0              2.648279 
offset_0              0.062502 
offset_1             15.428133 


----- dataset:  HD189567_ESPRESSO
jitter_0              1.579659 
offset_0              0.878256 


----- common model:  b
P                    14.283989 
K                     2.224561 
mean_long           168.407873 
e                     0.035770 
omega                86.114783 

----- common model:  c
P                    33.639190 
K                     2.035425 
e                     0.172644 
omega                95.488688 
mean_long           122.991189 

----- common model:  star_parameters

====================================================================================================
     Statistics on the derived parameters obtained from the posteriors samples     
====================================================================================================

----- common model:  b
Inclination fixed to 90 deg!
M_Mj                  0.023353 
M_Me                  7.423798 
Tc              2452948.709581 
a_AU_(M)              0.108085 

----- common model:  c
Inclination fixed to 90 deg!
M_Mj                  0.028565 
M_Me                  9.080641 
Tc              2452968.260082 
a_AU_(M)              0.193174 


====================================================================================================
     ------------------------------------------------------------------------------------------     
====================================================================================================



****************************************************************************************************

Inclination fixed to 90 deg!
Inclination fixed to 90 deg!
 *** Please provide a prior on stellar mass, radius or density *** 

Inclination fixed to 90 deg!
Inclination fixed to 90 deg!
Inclination fixed to 90 deg!
Inclination fixed to 90 deg!
Plotting full_correlation plot with pygtc

****************************************************************************************************

Plotting the common models corner plots
     Common model:  b
     Common model:  c
     Common model:  star_parameters

****************************************************************************************************

Plotting the dataset + models corner plots 

     Dataset:  HD189567_HARPS     model:  radial_velocities_b  corner plot  starting 
     Dataset:  HD189567_HARPS     model:  radial_velocities_b  corner plot  done 
     Dataset:  HD189567_HARPS     model:  radial_velocities_c  corner plot  starting 
     Dataset:  HD189567_HARPS     model:  radial_velocities_c  corner plot  done 
     Dataset:  HD189567_ESPRESSO     model:  radial_velocities_b  corner plot  starting 
     Dataset:  HD189567_ESPRESSO     model:  radial_velocities_b  corner plot  done 
     Dataset:  HD189567_ESPRESSO     model:  radial_velocities_c  corner plot  starting 
     Dataset:  HD189567_ESPRESSO     model:  radial_velocities_c  corner plot  done 

****************************************************************************************************

 Saving the planet parameter samplings to files (with plots)

****************************************************************************************************

 Saving all the parameter samplings to files (with plots)

****************************************************************************************************

 Computing the models for plot/data writing 
 Writing the plots 
 Writing the   data files 
 Writing the  MAP_ data files 
 Writing the  sampleMED_ data files 

****************************************************************************************************

