
:::---::: PyORBIT v11.0.1 :::---:::

Python version in use:
3.10.18 (main, Jun  5 2025, 13:14:17) [GCC 11.2.0]

reloaded_optimize:  False
reloaded_pyde:  False
reloaded_emcee:  False

number of multiprocessing threads: 16
multiprocessing method (should be fork):  fork

parameters/safe_reload flag (must be True for tinygp):  False

Opening:  RVdata_expres
Opening:  RVdata_harps
Opening:  RVdata_neid

Adding common model of planet:  b
Adding common model of planet:  c
Adding common model of planet:  d
Using orbital model:  keplerian
Using orbital parametrization:  Eastman2013

Using orbital model:  keplerian
Using orbital parametrization:  Eastman2013

Using orbital model:  keplerian
Using orbital parametrization:  Eastman2013


====================================================================================================
     Ids, spaces (s), boundaries (b) and priors (p) of the sampler parameters     
====================================================================================================

----- dataset:  RVdata_expres
jitter_0      id:  15  s:Linear      b:[      0.0010,      14.4000]   p:Uniform   []
offset_0      id:  16  s:Linear      b:[  -9996.1930,   10013.7390]   p:Uniform   []

----- dataset:  RVdata_harps
jitter_0      id:  17  s:Linear      b:[      0.0009,      12.4000]   p:Uniform   []
offset_0      id:  18  s:Linear      b:[  -9994.9455,   10014.6615]   p:Uniform   []
offset_1      id:  19  s:Linear      b:[  -9994.9455,   10014.6615]   p:Uniform   []

----- dataset:  RVdata_neid
jitter_0      id:  20  s:Linear      b:[      0.0010,      12.3000]   p:Uniform   []
offset_0      id:  21  s:Linear      b:[  -9994.3136,   10014.8014]   p:Uniform   []

----- common model:  b
P             id:   0  s:Log_Base2   b:[      0.3785,       6.6439]   p:Uniform   []
K             id:   1  s:Log_Base2   b:[     -9.9658,       3.3219]   p:Uniform   []
sre_coso      id:   2  s:Linear      b:[     -1.0000,       1.0000]   p:Uniform   []
sre_sino      id:   3  s:Linear      b:[     -1.0000,       1.0000]   p:Uniform   []
mean_long     id:   4  s:Linear      b:[      0.0000,     360.0000]   p:Uniform   []
e             derived (no id, space, bound)                           p:Gaussian   [0.    0.098]
omega         derived (no id, space, bound)                           p:Uniform   [0.0, 360.0]

----- common model:  c
P             id:   5  s:Log_Base2   b:[      0.3785,       6.6439]   p:Uniform   []
K             id:   6  s:Log_Base2   b:[     -9.9658,       3.3219]   p:Uniform   []
sre_coso      id:   7  s:Linear      b:[     -1.0000,       1.0000]   p:Uniform   []
sre_sino      id:   8  s:Linear      b:[     -1.0000,       1.0000]   p:Uniform   []
mean_long     id:   9  s:Linear      b:[      0.0000,     360.0000]   p:Uniform   []
e             derived (no id, space, bound)                           p:Gaussian   [0.    0.098]
omega         derived (no id, space, bound)                           p:Uniform   [0.0, 360.0]

----- common model:  d
P             id:  10  s:Log_Base2   b:[      0.3785,       6.6439]   p:Uniform   []
K             id:  11  s:Log_Base2   b:[     -9.9658,       3.3219]   p:Uniform   []
sre_coso      id:  12  s:Linear      b:[     -1.0000,       1.0000]   p:Uniform   []
sre_sino      id:  13  s:Linear      b:[     -1.0000,       1.0000]   p:Uniform   []
mean_long     id:  14  s:Linear      b:[      0.0000,     360.0000]   p:Uniform   []
e             derived (no id, space, bound)                           p:Gaussian   [0.    0.098]
omega         derived (no id, space, bound)                           p:Uniform   [0.0, 360.0]

----- common model:  star_parameters
mass          derived (no id, space, bound)                           p:Gaussian   [1.e+00 1.e-06]
radius        derived (no id, space, bound)                           p:Gaussian   [1.e+00 1.e-06]
density       derived (no id, space, bound)                           p:Gaussian   [1.e+00 1.e-06]

Include priors:  True

Reference Time Tref:  59334.700184

Dimensions =  22
Nwalkers =  88

Using threading pool for PyDE: True
PyDE running
Boundaries redefined after PyDE output
PyDE completed, it took         15.8 seconds

====================================================================================================
     Starting point of the sample/optimization routines    
====================================================================================================

----- dataset:  RVdata_expres
jitter_0        15      1.313124 [    0.0010,    14.4000]
offset_0        16      8.371024 [-9996.1930, 10013.7390]

----- dataset:  RVdata_harps
jitter_0        17      1.111644 [    0.0009,    12.4000]
offset_0        18      9.026991 [-9994.9455, 10014.6615]
offset_1        19      9.408781 [-9994.9455, 10014.6615]

----- dataset:  RVdata_neid
jitter_0        20      1.004098 [    0.0010,    12.3000]
offset_0        21      9.420450 [-9994.3136, 10014.8014]

----- common model:  b
P                0      5.927976 [    0.3785,     6.6439]
K                1      0.067433 [   -9.9658,     3.3219]
sre_coso         2      0.038092 [   -1.0000,     1.0000]
sre_sino         3     -0.285966 [   -1.0000,     1.0000]
mean_long        4    285.113846 [  105.1138,   465.1138]

----- common model:  c
P                5      4.687058 [    0.3785,     6.6439]
K                6     -0.223495 [   -9.9658,     3.3219]
sre_coso         7      0.069870 [   -1.0000,     1.0000]
sre_sino         8      0.387534 [   -1.0000,     1.0000]
mean_long        9    298.157913 [  118.1579,   478.1579]

----- common model:  d
P               10      3.840845 [    0.3785,     6.6439]
K               11      1.266596 [   -9.9658,     3.3219]
sre_coso        12     -0.430076 [   -1.0000,     1.0000]
sre_sino        13     -0.084445 [   -1.0000,     1.0000]
mean_long       14     53.412090 [ -126.5879,   233.4121]

----- common model:  star_parameters

====================================================================================================
     Starting point projected onto the model parameter space     
====================================================================================================

----- dataset:  RVdata_expres
jitter_0              1.313124 
offset_0              8.371024 


----- dataset:  RVdata_harps
jitter_0              1.111644 
offset_0              9.026991 
offset_1              9.408781 


----- dataset:  RVdata_neid
jitter_0              1.004098 
offset_0              9.420450 


----- common model:  b
P                    60.883374 
K                     1.047850 
mean_long           285.113846 
e                     0.083228 
omega               -82.412649 

----- common model:  c
P                    25.759953 
K                     0.856488 
mean_long           298.157913 
e                     0.155065 
omega                79.779745 

----- common model:  d
P                    14.328793 
K                     2.405931 
mean_long            53.412090 
e                     0.192096 
omega              -168.891347 

----- common model:  star_parameters

====================================================================================================
     Derived parameters obtained from starting point     
====================================================================================================

----- common model:  b
Inclination fixed to 90 deg!
a_Rs                 65.100189 
M_Mj                  0.020208 
M_Me                  6.424077 
Tc                59362.358888 
a_AU_(M)              0.302879 
a_AU_(rho,R)          0.302877 

----- common model:  c
Inclination fixed to 90 deg!
a_Rs                 36.689847 
M_Mj                  0.012293 
M_Me                  3.907845 
Tc                59345.363237 
a_AU_(M)              0.170700 
a_AU_(rho,R)          0.170699 

----- common model:  d
Inclination fixed to 90 deg!
a_Rs                 24.815482 
M_Mj                  0.028212 
M_Me                  8.968342 
Tc                59337.035328 
a_AU_(M)              0.115455 
a_AU_(rho,R)          0.115453 


====================================================================================================
     Statistics on the log-likelihood     
====================================================================================================

 LN probability:  -599.655975 

====================================================================================================
     ------------------------------------------------------------------------------------------     
====================================================================================================



*************************************************************

Running emcee

emcee version:  3.1.6
Using threading pool for emcee: True

Saving temporary steps


Computing the autocorrelation time of the chains

***** WARNING ******
The integrated autocorrelation time cannot be reliably estimated
likely the chains are too short, and ACF analysis is not fully reliable
emcee.autocorr.integrated_time tolerance lowered to 20
If you still get a warning, you should drop these results entirely

Reference thinning used in the analysis: 150
Maximum value of the integrated ACF: 2
Step length used in the analysis: 2*nthin = 300

Convergence criteria: less than 1% variation in ACF after 20 times the integrated ACF
At least 50*ACF after convergence, 100*ACF would be ideal
Negative values: not converged yet

   sampler parameter              |    ACF   | ACF*nthin | converged at | nsteps/ACF | to 100*ACF
                                  |          |           |              |            | 
   RVdata_expres_jitter_0         |    2.47  |      371  |    12000     |       8    |   34062 
   RVdata_expres_offset_0         |    2.73  |      410  |    10800     |      10    |   36800 
   RVdata_harps_jitter_0          |    2.27  |      340  |    11400     |      11    |   30431 
   RVdata_harps_offset_0          |    2.32  |      349  |    12000     |       9    |   31868 
   RVdata_harps_offset_1          |    2.56  |      383  |    11400     |       9    |   34736 
   RVdata_neid_jitter_0           |    2.35  |      353  |    12300     |       8    |   32550 
   RVdata_neid_offset_0           |    2.48  |      372  |    11100     |      10    |   33254 
   b_P                            |    2.91  |      436  |    12600     |       6    |   41228 
   b_K                            |    2.59  |      388  |    12600     |       6    |   36442 
   b_sre_coso                     |    2.78  |      417  |    11400     |       9    |   38079 
   b_sre_sino                     |    2.58  |      387  |    13800     |       3    |   37467 
   b_mean_long                    |    2.72  |      407  |    13200     |       4    |   38941 
   c_P                            |    2.88  |      431  |    14100     |       2    |   42249 
   c_K                            |    2.55  |      383  |    11400     |       9    |   34712 
   c_sre_coso                     |    2.73  |      409  |    13500     |       4    |   39382 
   c_sre_sino                     |    2.80  |      420  |       -1     |      -1    |   42378 
   c_mean_long                    |    2.79  |      418  |    11400     |       9    |   38237 
   d_P                            |    2.42  |      364  |     9600     |      15    |   30971 
   d_K                            |    2.52  |      378  |     9600     |      14    |   32365 
   d_sre_coso                     |    2.47  |      370  |    12000     |       8    |   34037 
   d_sre_sino                     |    2.69  |      404  |    13200     |       4    |   38593 
   d_mean_long                    |    2.39  |      359  |     9900     |      14    |   30763 

     1 chains have not converged yet, keep going 

Check the documentation for the correct interpretation of these results:
https://pyorbit.readthedocs.io/running_pyorbit/terminal_output/#autocorrelation-analysis

====================================================================================================
     Statistics on the posterior of the sampler parameters     
====================================================================================================

----- dataset:  RVdata_expres
jitter_0        15         1.359       -0.092         0.10   (15-84 p)   [    0.0010,    14.4000]
offset_0        16          8.40        -0.14         0.14   (15-84 p)   [-9996.1930, 10013.7390]

----- dataset:  RVdata_harps
jitter_0        17         1.155       -0.078        0.087   (15-84 p)   [    0.0009,    12.4000]
offset_0        18          9.06        -0.13         0.13   (15-84 p)   [-9994.9455, 10014.6615]
offset_1        19          9.44        -0.25         0.26   (15-84 p)   [-9994.9455, 10014.6615]

----- dataset:  RVdata_neid
jitter_0        20         1.060       -0.086        0.091   (15-84 p)   [    0.0010,    12.3000]
offset_0        21          9.45        -0.12         0.12   (15-84 p)   [-9994.3136, 10014.8014]

----- common model:  b
P                0         5.982       -0.073        0.093   (15-84 p)   [    0.3785,     6.6439]
K                1          0.07        -0.16         0.15   (15-84 p)   [   -9.9658,     3.3219]
sre_coso         2         -0.03        -0.21         0.22   (15-84 p)   [   -1.0000,     1.0000]
sre_sino         3         -0.10        -0.18         0.20   (15-84 p)   [   -1.0000,     1.0000]
mean_long        4           295          -15           17   (15-84 p)   [  105.1138,   465.1138]

----- common model:  c
P                5         4.705       -0.036        0.042   (15-84 p)   [    0.3785,     6.6439]
K                6         -0.42        -0.31         0.25   (15-84 p)   [   -9.9658,     3.3219]
sre_coso         7          0.11        -0.25         0.22   (15-84 p)   [   -1.0000,     1.0000]
sre_sino         8          0.21        -0.24         0.18   (15-84 p)   [   -1.0000,     1.0000]
mean_long        9           304          -17           19   (15-84 p)   [  118.1579,   478.1579]

----- common model:  d
P               10        3.8445      -0.0065       0.0067   (15-84 p)   [    0.3785,     6.6439]
K               11         1.232       -0.073        0.071   (15-84 p)   [   -9.9658,     3.3219]
sre_coso        12        -0.406       -0.051        0.061   (15-84 p)   [   -1.0000,     1.0000]
sre_sino        13        -0.089       -0.086        0.089   (15-84 p)   [   -1.0000,     1.0000]
mean_long       14          57.2         -6.5          6.9   (15-84 p)   [ -126.5879,   233.4121]

----- common model:  star_parameters

====================================================================================================
     Statistics on the model parameters obtained from the posteriors samples     
====================================================================================================

----- dataset:  RVdata_expres
jitter_0                 1.359       -0.092         0.10    (15-84 p)
offset_0                  8.40        -0.14         0.14    (15-84 p)


----- dataset:  RVdata_harps
jitter_0                 1.155       -0.078        0.087    (15-84 p)
offset_0                  9.06        -0.13         0.13    (15-84 p)
offset_1                  9.44        -0.25         0.26    (15-84 p)


----- dataset:  RVdata_neid
jitter_0                 1.060       -0.086        0.091    (15-84 p)
offset_0                  9.45        -0.12         0.12    (15-84 p)


----- common model:  b
P                         63.2         -3.1          4.2    (15-84 p)
K                         1.05        -0.11         0.11    (15-84 p)
mean_long                  295          -15           17    (15-84 p)
e                        0.069       -0.049        0.071    (15-84 p)
omega                      -60          -80          172    (15-84 p)

----- common model:  c
P                        26.07        -0.65         0.77    (15-84 p)
K                         0.75        -0.15         0.14    (15-84 p)
mean_long                  304          -17           19    (15-84 p)
e                        0.124       -0.078        0.088    (15-84 p)
omega                       58          -68           56    (15-84 p)

----- common model:  d
P                       14.366       -0.064        0.067    (15-84 p)
K                         2.35        -0.12         0.12    (15-84 p)
mean_long                 57.2         -6.5          6.9    (15-84 p)
e                        0.180       -0.043        0.043    (15-84 p)
omega                     -163          -11          307    (15-84 p)

----- common model:  star_parameters

====================================================================================================
     Statistics on the derived parameters obtained from the posteriors samples     
====================================================================================================

----- common model:  b
Inclination fixed to 90 deg!
Computing planetary mass under the approximation M_planet << M_star (threshold at 30.0 Me)
a_Rs                      66.7         -2.2          2.9    (15-84 p)
M_Mj                    0.0205      -0.0022       0.0023    (15-84 p)
M_Me                      6.52        -0.70         0.73    (15-84 p)
Tc                     59362.0         -2.1          2.0    (15-84 p)
a_AU_(M)                 0.311       -0.010        0.014    (15-84 p)
a_AU_(rho,R)             0.311       -0.010        0.014    (15-84 p)

----- common model:  c
Inclination fixed to 90 deg!
Computing planetary mass under the approximation M_planet << M_star (threshold at 30.0 Me)
a_Rs                     36.99        -0.61         0.72    (15-84 p)
M_Mj                    0.0108      -0.0020       0.0020    (15-84 p)
M_Me                      3.44        -0.65         0.63    (15-84 p)
Tc                     59345.0         -1.3          1.2    (15-84 p)
a_AU_(M)                0.1721      -0.0029       0.0034    (15-84 p)
a_AU_(rho,R)            0.1721      -0.0029       0.0034    (15-84 p)

----- common model:  d
Inclination fixed to 90 deg!
Computing planetary mass under the approximation M_planet << M_star (threshold at 30.0 Me)
a_Rs                    24.858       -0.074        0.077    (15-84 p)
M_Mj                    0.0276      -0.0014       0.0014    (15-84 p)
M_Me                      8.78        -0.43         0.44    (15-84 p)
Tc                    59336.81        -0.35         0.34    (15-84 p)
a_AU_(M)               0.11565     -0.00035      0.00036    (15-84 p)
a_AU_(rho,R)           0.11565     -0.00035      0.00036    (15-84 p)


====================================================================================================
     ------------------------------------------------------------------------------------------     
====================================================================================================



15000.0   steps completed, average lnprob:,  -611.4942464328307


Computing the autocorrelation time of the chains

The chains are more than 50 times longer than the ACF, the estimate can be trusted

Reference thinning used in the analysis: 150
Maximum value of the integrated ACF: 3
Step length used in the analysis: 3*nthin = 450

Convergence criteria: less than 1% variation in ACF after 50 times the integrated ACF
At least 50*ACF after convergence, 100*ACF would be ideal
Negative values: not converged yet

   sampler parameter              |    ACF   | ACF*nthin | converged at | nsteps/ACF | to 100*ACF
                                  |          |           |              |            | 
   RVdata_expres_jitter_0         |    2.82  |      424  |    23400     |      16    |   35765 
   RVdata_expres_offset_0         |    3.07  |      460  |    25650     |       9    |   41685 
   RVdata_harps_jitter_0          |    2.78  |      418  |    23850     |      15    |   35615 
   RVdata_harps_offset_0          |    2.80  |      420  |    22950     |      17    |   34947 
   RVdata_harps_offset_1          |    2.68  |      403  |    22950     |      18    |   33203 
   RVdata_neid_jitter_0           |    2.96  |      444  |    24300     |      13    |   38697 
   RVdata_neid_offset_0           |    2.80  |      420  |    23850     |      15    |   35873 
   b_P                            |    3.38  |      507  |    27450     |       5    |   48152 
   b_K                            |    2.90  |      435  |    23850     |      14    |   37356 
   b_sre_coso                     |    3.19  |      478  |    26100     |       8    |   43921 
   b_sre_sino                     |    3.19  |      478  |    27450     |       5    |   45280 
   b_mean_long                    |    3.17  |      475  |    27000     |       6    |   44488 
   c_P                            |    3.21  |      482  |    27000     |       6    |   45204 
   c_K                            |    3.33  |      499  |    27900     |       4    |   47778 
   c_sre_coso                     |    3.20  |      480  |    26100     |       8    |   44081 
   c_sre_sino                     |    3.24  |      486  |    27450     |       5    |   46098 
   c_mean_long                    |    3.18  |      478  |    27000     |       6    |   44752 
   d_P                            |    2.75  |      412  |    22950     |      17    |   34148 
   d_K                            |    2.95  |      442  |    24300     |      13    |   38483 
   d_sre_coso                     |    2.91  |      436  |    24750     |      12    |   38389 
   d_sre_sino                     |    3.12  |      468  |    25650     |       9    |   42406 
   d_mean_long                    |    2.76  |      414  |    23400     |      16    |   34772 

All the chains have converged, but PyORBIT should keep running for about:
17873 more steps to reach 50*ACF,
40504 more steps to reach 100*ACF
Suggested value for burnin: 25241

Check the documentation for the correct interpretation of these results:
https://pyorbit.readthedocs.io/running_pyorbit/terminal_output/#autocorrelation-analysis

====================================================================================================
     Statistics on the posterior of the sampler parameters     
====================================================================================================

----- dataset:  RVdata_expres
jitter_0        15         1.359       -0.090         0.10   (15-84 p)   [    0.0010,    14.4000]
offset_0        16          8.40        -0.14         0.14   (15-84 p)   [-9996.1930, 10013.7390]

----- dataset:  RVdata_harps
jitter_0        17         1.154       -0.080        0.089   (15-84 p)   [    0.0009,    12.4000]
offset_0        18          9.06        -0.13         0.13   (15-84 p)   [-9994.9455, 10014.6615]
offset_1        19          9.45        -0.25         0.26   (15-84 p)   [-9994.9455, 10014.6615]

----- dataset:  RVdata_neid
jitter_0        20         1.055       -0.079        0.092   (15-84 p)   [    0.0010,    12.3000]
offset_0        21          9.45        -0.12         0.12   (15-84 p)   [-9994.3136, 10014.8014]

----- common model:  b
P                0         5.988       -0.076        0.095   (15-84 p)   [    0.3785,     6.6439]
K                1          0.07        -0.16         0.15   (15-84 p)   [   -9.9658,     3.3219]
sre_coso         2         -0.05        -0.21         0.22   (15-84 p)   [   -1.0000,     1.0000]
sre_sino         3         -0.09        -0.18         0.21   (15-84 p)   [   -1.0000,     1.0000]
mean_long        4           296          -15           17   (15-84 p)   [  105.1138,   465.1138]

----- common model:  c
P                5         4.704       -0.038        0.043   (15-84 p)   [    0.3785,     6.6439]
K                6         -0.43        -0.32         0.26   (15-84 p)   [   -9.9658,     3.3219]
sre_coso         7          0.11        -0.24         0.21   (15-84 p)   [   -1.0000,     1.0000]
sre_sino         8          0.20        -0.25         0.18   (15-84 p)   [   -1.0000,     1.0000]
mean_long        9           303          -17           20   (15-84 p)   [  118.1579,   478.1579]

----- common model:  d
P               10        3.8448      -0.0068       0.0066   (15-84 p)   [    0.3785,     6.6439]
K               11         1.234       -0.073        0.071   (15-84 p)   [   -9.9658,     3.3219]
sre_coso        12        -0.408       -0.048        0.057   (15-84 p)   [   -1.0000,     1.0000]
sre_sino        13        -0.090       -0.085        0.086   (15-84 p)   [   -1.0000,     1.0000]
mean_long       14          57.2         -6.9          6.9   (15-84 p)   [ -126.5879,   233.4121]

----- common model:  star_parameters

====================================================================================================
     Statistics on the model parameters obtained from the posteriors samples     
====================================================================================================

----- dataset:  RVdata_expres
jitter_0                 1.359       -0.090         0.10    (15-84 p)
offset_0                  8.40        -0.14         0.14    (15-84 p)


----- dataset:  RVdata_harps
jitter_0                 1.154       -0.080        0.089    (15-84 p)
offset_0                  9.06        -0.13         0.13    (15-84 p)
offset_1                  9.45        -0.25         0.26    (15-84 p)


----- dataset:  RVdata_neid
jitter_0                 1.055       -0.079        0.092    (15-84 p)
offset_0                  9.45        -0.12         0.12    (15-84 p)


----- common model:  b
P                         63.5         -3.2          4.3    (15-84 p)
K                         1.05        -0.11         0.12    (15-84 p)
mean_long                  296          -15           17    (15-84 p)
e                        0.070       -0.049        0.074    (15-84 p)
omega                      -59          -83          180    (15-84 p)

----- common model:  c
P                        26.06        -0.68         0.80    (15-84 p)
K                         0.74        -0.15         0.14    (15-84 p)
mean_long                  303          -17           20    (15-84 p)
e                        0.118       -0.076        0.090    (15-84 p)
omega                       55          -70           57    (15-84 p)

----- common model:  d
P                       14.368       -0.068        0.066    (15-84 p)
K                         2.35        -0.12         0.12    (15-84 p)
mean_long                 57.2         -6.9          6.9    (15-84 p)
e                        0.181       -0.043        0.041    (15-84 p)
omega                     -163          -10           25    (15-84 p)

----- common model:  star_parameters

====================================================================================================
     Statistics on the derived parameters obtained from the posteriors samples     
====================================================================================================

----- common model:  b
Inclination fixed to 90 deg!
Computing planetary mass under the approximation M_planet << M_star (threshold at 30.0 Me)
a_Rs                      66.9         -2.3          3.0    (15-84 p)
M_Mj                    0.0205      -0.0022       0.0023    (15-84 p)
M_Me                      6.53        -0.70         0.73    (15-84 p)
Tc                     59362.1         -2.1          2.0    (15-84 p)
a_AU_(M)                 0.311       -0.011        0.014    (15-84 p)
a_AU_(rho,R)             0.311       -0.011        0.014    (15-84 p)

----- common model:  c
Inclination fixed to 90 deg!
Computing planetary mass under the approximation M_planet << M_star (threshold at 30.0 Me)
a_Rs                     36.98        -0.64         0.75    (15-84 p)
M_Mj                    0.0107      -0.0021       0.0020    (15-84 p)
M_Me                      3.41        -0.66         0.64    (15-84 p)
Tc                     59345.0         -1.3          1.1    (15-84 p)
a_AU_(M)                0.1720      -0.0030       0.0035    (15-84 p)
a_AU_(rho,R)            0.1720      -0.0030       0.0035    (15-84 p)

----- common model:  d
Inclination fixed to 90 deg!
Computing planetary mass under the approximation M_planet << M_star (threshold at 30.0 Me)
a_Rs                    24.861       -0.078        0.076    (15-84 p)
M_Mj                    0.0276      -0.0013       0.0014    (15-84 p)
M_Me                      8.79        -0.43         0.44    (15-84 p)
Tc                    59336.82        -0.35         0.35    (15-84 p)
a_AU_(M)               0.11567     -0.00036      0.00035    (15-84 p)
a_AU_(rho,R)           0.11566     -0.00036      0.00035    (15-84 p)


====================================================================================================
     ------------------------------------------------------------------------------------------     
====================================================================================================



30000.0   steps completed, average lnprob:,  -610.1942503109793


Computing the autocorrelation time of the chains

The chains are more than 50 times longer than the ACF, the estimate can be trusted

Reference thinning used in the analysis: 150
Maximum value of the integrated ACF: 3
Step length used in the analysis: 3*nthin = 450

Convergence criteria: less than 1% variation in ACF after 50 times the integrated ACF
At least 50*ACF after convergence, 100*ACF would be ideal
Negative values: not converged yet

   sampler parameter              |    ACF   | ACF*nthin | converged at | nsteps/ACF | to 100*ACF
                                  |          |           |              |            | 
   RVdata_expres_jitter_0         |    3.08  |      463  |    27900     |      37    |   29159 
   RVdata_expres_offset_0         |    3.17  |      476  |    26550     |      39    |   29150 
   RVdata_harps_jitter_0          |    2.93  |      439  |    24300     |      47    |   23225 
   RVdata_harps_offset_0          |    2.84  |      426  |    23400     |      51    |   20995 
   RVdata_harps_offset_1          |    2.90  |      435  |    25200     |      46    |   23676 
   RVdata_neid_jitter_0           |    3.13  |      470  |    26100     |      40    |   28079 
   RVdata_neid_offset_0           |    3.10  |      464  |    26100     |      41    |   27542 
   b_P                            |    3.72  |      558  |    30600     |      26    |   41425 
   b_K                            |    3.04  |      456  |    25200     |      43    |   25829 
   b_sre_coso                     |    3.35  |      503  |    27000     |      36    |   32309 
   b_sre_sino                     |    3.38  |      508  |    28350     |      33    |   34112 
   b_mean_long                    |    3.64  |      546  |    29700     |      28    |   39290 
   c_P                            |    3.54  |      532  |    28800     |      30    |   36973 
   c_K                            |    3.65  |      548  |    29250     |      29    |   39001 
   c_sre_coso                     |    3.62  |      543  |    29250     |      29    |   38534 
   c_sre_sino                     |    3.58  |      537  |    28800     |      30    |   37475 
   c_mean_long                    |    3.48  |      522  |    28350     |      32    |   35513 
   d_P                            |    3.00  |      450  |    24750     |      45    |   24763 
   d_K                            |    3.06  |      459  |    24750     |      44    |   25634 
   d_sre_coso                     |    3.10  |      465  |    25200     |      43    |   26655 
   d_sre_sino                     |    3.29  |      493  |    26550     |      37    |   30839 
   d_mean_long                    |    3.04  |      456  |    25200     |      43    |   25832 

All the chains have converged, but PyORBIT should keep running for about:
6617 more steps to reach 50*ACF,
30728 more steps to reach 100*ACF
Suggested value for burnin: 26877

Check the documentation for the correct interpretation of these results:
https://pyorbit.readthedocs.io/running_pyorbit/terminal_output/#autocorrelation-analysis

====================================================================================================
     Statistics on the posterior of the sampler parameters     
====================================================================================================

----- dataset:  RVdata_expres
jitter_0        15         1.358       -0.090         0.10   (15-84 p)   [    0.0010,    14.4000]
offset_0        16          8.41        -0.14         0.14   (15-84 p)   [-9996.1930, 10013.7390]

----- dataset:  RVdata_harps
jitter_0        17         1.153       -0.078        0.088   (15-84 p)   [    0.0009,    12.4000]
offset_0        18          9.06        -0.13         0.13   (15-84 p)   [-9994.9455, 10014.6615]
offset_1        19          9.44        -0.25         0.25   (15-84 p)   [-9994.9455, 10014.6615]

----- dataset:  RVdata_neid
jitter_0        20         1.056       -0.080        0.093   (15-84 p)   [    0.0010,    12.3000]
offset_0        21          9.45        -0.12         0.12   (15-84 p)   [-9994.3136, 10014.8014]

----- common model:  b
P                0         5.985       -0.075        0.095   (15-84 p)   [    0.3785,     6.6439]
K                1          0.07        -0.17         0.15   (15-84 p)   [   -9.9658,     3.3219]
sre_coso         2         -0.05        -0.21         0.22   (15-84 p)   [   -1.0000,     1.0000]
sre_sino         3         -0.09        -0.18         0.21   (15-84 p)   [   -1.0000,     1.0000]
mean_long        4           296          -15           18   (15-84 p)   [  105.1138,   465.1138]

----- common model:  c
P                5         4.703       -0.037        0.043   (15-84 p)   [    0.3785,     6.6439]
K                6         -0.43        -0.32         0.26   (15-84 p)   [   -9.9658,     3.3219]
sre_coso         7          0.11        -0.25         0.21   (15-84 p)   [   -1.0000,     1.0000]
sre_sino         8          0.20        -0.25         0.18   (15-84 p)   [   -1.0000,     1.0000]
mean_long        9           303          -17           20   (15-84 p)   [  118.1579,   478.1579]

----- common model:  d
P               10        3.8446      -0.0067       0.0066   (15-84 p)   [    0.3785,     6.6439]
K               11         1.233       -0.075        0.070   (15-84 p)   [   -9.9658,     3.3219]
sre_coso        12        -0.408       -0.048        0.059   (15-84 p)   [   -1.0000,     1.0000]
sre_sino        13        -0.089       -0.084        0.088   (15-84 p)   [   -1.0000,     1.0000]
mean_long       14          57.1         -6.8          6.9   (15-84 p)   [ -126.5879,   233.4121]

----- common model:  star_parameters

====================================================================================================
     Statistics on the model parameters obtained from the posteriors samples     
====================================================================================================

----- dataset:  RVdata_expres
jitter_0                 1.358       -0.090         0.10    (15-84 p)
offset_0                  8.41        -0.14         0.14    (15-84 p)


----- dataset:  RVdata_harps
jitter_0                 1.153       -0.078        0.088    (15-84 p)
offset_0                  9.06        -0.13         0.13    (15-84 p)
offset_1                  9.44        -0.25         0.25    (15-84 p)


----- dataset:  RVdata_neid
jitter_0                 1.056       -0.080        0.093    (15-84 p)
offset_0                  9.45        -0.12         0.12    (15-84 p)


----- common model:  b
P                         63.4         -3.2          4.3    (15-84 p)
K                         1.05        -0.11         0.12    (15-84 p)
mean_long                  296          -15           18    (15-84 p)
e                        0.071       -0.049        0.073    (15-84 p)
omega                      -59          -83          179    (15-84 p)

----- common model:  c
P                        26.04        -0.67         0.79    (15-84 p)
K                         0.74        -0.15         0.15    (15-84 p)
mean_long                  303          -17           20    (15-84 p)
e                        0.119       -0.078        0.089    (15-84 p)
omega                       56          -71           56    (15-84 p)

----- common model:  d
P                       14.367       -0.067        0.066    (15-84 p)
K                         2.35        -0.12         0.12    (15-84 p)
mean_long                 57.1         -6.8          6.9    (15-84 p)
e                        0.181       -0.043        0.041    (15-84 p)
omega                     -163          -11           30    (15-84 p)

----- common model:  star_parameters

====================================================================================================
     Statistics on the derived parameters obtained from the posteriors samples     
====================================================================================================

----- common model:  b
Inclination fixed to 90 deg!
Computing planetary mass under the approximation M_planet << M_star (threshold at 30.0 Me)
a_Rs                      66.8         -2.3          3.0    (15-84 p)
M_Mj                    0.0205      -0.0022       0.0023    (15-84 p)
M_Me                      6.53        -0.71         0.74    (15-84 p)
Tc                     59362.1         -2.1          2.0    (15-84 p)
a_AU_(M)                 0.311       -0.011        0.014    (15-84 p)
a_AU_(rho,R)             0.311       -0.011        0.014    (15-84 p)

----- common model:  c
Inclination fixed to 90 deg!
Computing planetary mass under the approximation M_planet << M_star (threshold at 30.0 Me)
a_Rs                     36.96        -0.63         0.75    (15-84 p)
M_Mj                    0.0107      -0.0021       0.0020    (15-84 p)
M_Me                      3.41        -0.66         0.65    (15-84 p)
Tc                     59345.1         -1.3          1.1    (15-84 p)
a_AU_(M)                0.1720      -0.0029       0.0035    (15-84 p)
a_AU_(rho,R)            0.1720      -0.0029       0.0035    (15-84 p)

----- common model:  d
Inclination fixed to 90 deg!
Computing planetary mass under the approximation M_planet << M_star (threshold at 30.0 Me)
a_Rs                    24.859       -0.077        0.076    (15-84 p)
M_Mj                    0.0276      -0.0014       0.0013    (15-84 p)
M_Me                      8.78        -0.43         0.43    (15-84 p)
Tc                    59336.82        -0.35         0.35    (15-84 p)
a_AU_(M)               0.11566     -0.00036      0.00035    (15-84 p)
a_AU_(rho,R)           0.11566     -0.00036      0.00035    (15-84 p)


====================================================================================================
     ------------------------------------------------------------------------------------------     
====================================================================================================



45000.0   steps completed, average lnprob:,  -610.8900626316138


Computing the autocorrelation time of the chains

The chains are more than 50 times longer than the ACF, the estimate can be trusted

Reference thinning used in the analysis: 150
Maximum value of the integrated ACF: 3
Step length used in the analysis: 3*nthin = 450

Convergence criteria: less than 1% variation in ACF after 50 times the integrated ACF
At least 50*ACF after convergence, 100*ACF would be ideal
Negative values: not converged yet

   sampler parameter              |    ACF   | ACF*nthin | converged at | nsteps/ACF | to 100*ACF
                                  |          |           |              |            | 
   RVdata_expres_jitter_0         |    3.15  |      473  |    28350     |      67    |   15654 
   RVdata_expres_offset_0         |    3.22  |      483  |    27000     |      68    |   15313 
   RVdata_harps_jitter_0          |    2.91  |      436  |    24300     |      82    |    7922 
   RVdata_harps_offset_0          |    3.12  |      467  |    25200     |      74    |   11936 
   RVdata_harps_offset_1          |    2.99  |      449  |    25200     |      78    |   10068 
   RVdata_neid_jitter_0           |    3.16  |      473  |    26100     |      72    |   13445 
   RVdata_neid_offset_0           |    3.14  |      471  |    26100     |      72    |   13213 
   b_P                            |    3.75  |      563  |    30600     |      52    |   26882 
   b_K                            |    3.23  |      484  |    26550     |      69    |   14941 
   b_sre_coso                     |    3.37  |      506  |    27450     |      64    |   18066 
   b_sre_sino                     |    3.41  |      512  |    28350     |      62    |   19519 
   b_mean_long                    |    3.65  |      548  |    29700     |      55    |   24516 
   c_P                            |    3.62  |      542  |    29250     |      57    |   23482 
   c_K                            |    3.79  |      569  |    31500     |      50    |   28380 
   c_sre_coso                     |    3.67  |      551  |    29700     |      55    |   24758 
   c_sre_sino                     |    3.60  |      540  |    28800     |      58    |   22760 
   c_mean_long                    |    3.56  |      534  |    28800     |      58    |   22221 
   d_P                            |    3.20  |      481  |    26100     |      71    |   14161 
   d_K                            |    3.15  |      473  |    26550     |      71    |   13841 
   d_sre_coso                     |    3.27  |      491  |    26550     |      68    |   15609 
   d_sre_sino                     |    3.29  |      494  |    26550     |      68    |   15925 
   d_mean_long                    |    3.17  |      475  |    26100     |      71    |   13585 

All the chains are longer than 50*ACF, but some are shorter than 100*ACF
PyORBIT should keep running for about 17554 more steps to reach 100*ACF
Suggested value for burnin: 27491

Check the documentation for the correct interpretation of these results:
https://pyorbit.readthedocs.io/running_pyorbit/terminal_output/#autocorrelation-analysis

====================================================================================================
     Statistics on the posterior of the sampler parameters     
====================================================================================================

----- dataset:  RVdata_expres
jitter_0        15         1.359       -0.091         0.10   (15-84 p)   [    0.0010,    14.4000]
offset_0        16          8.41        -0.14         0.14   (15-84 p)   [-9996.1930, 10013.7390]

----- dataset:  RVdata_harps
jitter_0        17         1.153       -0.078        0.088   (15-84 p)   [    0.0009,    12.4000]
offset_0        18          9.06        -0.13         0.13   (15-84 p)   [-9994.9455, 10014.6615]
offset_1        19          9.44        -0.25         0.25   (15-84 p)   [-9994.9455, 10014.6615]

----- dataset:  RVdata_neid
jitter_0        20         1.056       -0.081        0.092   (15-84 p)   [    0.0010,    12.3000]
offset_0        21          9.45        -0.12         0.12   (15-84 p)   [-9994.3136, 10014.8014]

----- common model:  b
P                0         5.985       -0.075        0.094   (15-84 p)   [    0.3785,     6.6439]
K                1          0.07        -0.17         0.15   (15-84 p)   [   -9.9658,     3.3219]
sre_coso         2         -0.05        -0.21         0.22   (15-84 p)   [   -1.0000,     1.0000]
sre_sino         3         -0.09        -0.18         0.21   (15-84 p)   [   -1.0000,     1.0000]
mean_long        4           296          -15           17   (15-84 p)   [  105.1138,   465.1138]

----- common model:  c
P                5         4.703       -0.037        0.043   (15-84 p)   [    0.3785,     6.6439]
K                6         -0.43        -0.31         0.26   (15-84 p)   [   -9.9658,     3.3219]
sre_coso         7          0.11        -0.24         0.21   (15-84 p)   [   -1.0000,     1.0000]
sre_sino         8          0.20        -0.25         0.18   (15-84 p)   [   -1.0000,     1.0000]
mean_long        9           303          -17           19   (15-84 p)   [  118.1579,   478.1579]

----- common model:  d
P               10        3.8446      -0.0067       0.0067   (15-84 p)   [    0.3785,     6.6439]
K               11         1.233       -0.074        0.070   (15-84 p)   [   -9.9658,     3.3219]
sre_coso        12        -0.407       -0.049        0.058   (15-84 p)   [   -1.0000,     1.0000]
sre_sino        13        -0.089       -0.084        0.090   (15-84 p)   [   -1.0000,     1.0000]
mean_long       14          57.1         -6.8          7.0   (15-84 p)   [ -126.5879,   233.4121]

----- common model:  star_parameters

====================================================================================================
     Statistics on the model parameters obtained from the posteriors samples     
====================================================================================================

----- dataset:  RVdata_expres
jitter_0                 1.359       -0.091         0.10    (15-84 p)
offset_0                  8.41        -0.14         0.14    (15-84 p)


----- dataset:  RVdata_harps
jitter_0                 1.153       -0.078        0.088    (15-84 p)
offset_0                  9.06        -0.13         0.13    (15-84 p)
offset_1                  9.44        -0.25         0.25    (15-84 p)


----- dataset:  RVdata_neid
jitter_0                 1.056       -0.081        0.092    (15-84 p)
offset_0                  9.45        -0.12         0.12    (15-84 p)


----- common model:  b
P                         63.3         -3.2          4.3    (15-84 p)
K                         1.05        -0.11         0.12    (15-84 p)
mean_long                  296          -15           17    (15-84 p)
e                        0.070       -0.049        0.073    (15-84 p)
omega                      -60          -82          177    (15-84 p)

----- common model:  c
P                        26.04        -0.66         0.79    (15-84 p)
K                         0.74        -0.15         0.15    (15-84 p)
mean_long                  303          -17           19    (15-84 p)
e                        0.119       -0.078        0.088    (15-84 p)
omega                       56          -71           56    (15-84 p)

----- common model:  d
P                       14.366       -0.066        0.067    (15-84 p)
K                         2.35        -0.12         0.12    (15-84 p)
mean_long                 57.1         -6.8          7.0    (15-84 p)
e                        0.181       -0.043        0.042    (15-84 p)
omega                     -163          -11          309    (15-84 p)

----- common model:  star_parameters

====================================================================================================
     Statistics on the derived parameters obtained from the posteriors samples     
====================================================================================================

----- common model:  b
Inclination fixed to 90 deg!
Computing planetary mass under the approximation M_planet << M_star (threshold at 30.0 Me)
a_Rs                      66.8         -2.3          3.0    (15-84 p)
M_Mj                    0.0205      -0.0022       0.0023    (15-84 p)
M_Me                      6.52        -0.71         0.74    (15-84 p)
Tc                     59362.1         -2.1          2.0    (15-84 p)
a_AU_(M)                 0.311       -0.011        0.014    (15-84 p)
a_AU_(rho,R)             0.311       -0.011        0.014    (15-84 p)

----- common model:  c
Inclination fixed to 90 deg!
Computing planetary mass under the approximation M_planet << M_star (threshold at 30.0 Me)
a_Rs                     36.95        -0.63         0.74    (15-84 p)
M_Mj                    0.0107      -0.0021       0.0020    (15-84 p)
M_Me                      3.41        -0.66         0.65    (15-84 p)
Tc                     59345.1         -1.3          1.1    (15-84 p)
a_AU_(M)                0.1719      -0.0029       0.0034    (15-84 p)
a_AU_(rho,R)            0.1719      -0.0029       0.0034    (15-84 p)

----- common model:  d
Inclination fixed to 90 deg!
Computing planetary mass under the approximation M_planet << M_star (threshold at 30.0 Me)
a_Rs                    24.859       -0.077        0.077    (15-84 p)
M_Mj                    0.0276      -0.0014       0.0013    (15-84 p)
M_Me                      8.78        -0.43         0.43    (15-84 p)
Tc                    59336.82        -0.35         0.35    (15-84 p)
a_AU_(M)               0.11566     -0.00036      0.00036    (15-84 p)
a_AU_(rho,R)           0.11566     -0.00036      0.00036    (15-84 p)


====================================================================================================
     ------------------------------------------------------------------------------------------     
====================================================================================================



60000.0   steps completed, average lnprob:,  -610.6260512836782


emcee completed


:::---::: PyORBIT v11.0.1 :::---:::

Python version in use:
3.10.18 (main, Jun  5 2025, 13:14:17) [GCC 11.2.0]
LaTeX disabled by default

Using orbital model:  keplerian
Using orbital parametrization:  Eastman2013

Using orbital model:  keplerian
Using orbital parametrization:  Eastman2013

Using orbital model:  keplerian
Using orbital parametrization:  Eastman2013


### PyORBIT version used in the analysis:  11.0.1

 emcee version:  3.1.6

 Reference Time Tref: 59334.700184

 Data points:319
 Dimensions: 22
 Nwalkers:   88
 Steps:      60000


Number of samplings: 26400

Recomputing ln-prior, it may take a while...

ln-probability   distribution:   -610.89       -3.84      3.08 (15-84 p) 
ln-prior         distribution:   -102.28       -1.79      1.25 (15-84 p) 
ln-likelihood    distribution:   -508.40       -4.05      3.46 (15-84 p) 


*** Information criteria using the likelihood distribution

 BIC from distribution  (using likelihood)  =   1143.62     -6.92    8.11 (15-84 p)
 AIC from distribution  (using likelihood)  =   1060.79     -6.92    8.11 (15-84 p)
 AICc from distribution (using likelihood)  =   1064.21     -6.92    8.11 (15-84 p)


*** Information criteria using the median parameter set

 ln_probability of Median solution =   -601.43
 ln_priors of Median solution      =   -100.82
 ln_likelihood of Median solution  =   -500.60

 Median BIC  (using likelihood) =   1128.04
 Median AIC  (using likelihood) =   1045.21
 Median AICc (using likelihood) =   1048.62


*** Information criteria using the MAP parameter set

 ln_probability of MAP solution =   -602.03
 ln_priors of MAP solution      =   -102.97
 ln_likelihood of MAP solution  =   -499.06

 MAP BIC  (using likelihood)    =   1124.95
 MAP AIC  (using likelihood)    =   1042.12
 MAP AICc (using likelihood)    =   1045.54

 AICc suggested over AIC because NDATA ( 319 ) < 40 * NDIM ( 22 )

****************************************************************************************************


Computing the autocorrelation time of the chains

The chains are more than 50 times longer than the ACF, the estimate can be trusted

Reference thinning used in the analysis: 150
Maximum value of the integrated ACF: 3
Step length used in the analysis: 3*nthin = 450

Convergence criteria: less than 1% variation in ACF after 50 times the integrated ACF
At least 50*ACF after convergence, 100*ACF would be ideal
Negative values: not converged yet

   sampler parameter              |    ACF   | ACF*nthin | converged at | nsteps/ACF | to 100*ACF
                                  |          |           |              |            | 
   RVdata_expres_jitter_0         |    3.15  |      473  |    28350     |      67    |   15654 
   RVdata_expres_offset_0         |    3.22  |      483  |    27000     |      68    |   15313 
   RVdata_harps_jitter_0          |    2.91  |      436  |    24300     |      82    |    7922 
   RVdata_harps_offset_0          |    3.12  |      467  |    25200     |      74    |   11936 
   RVdata_harps_offset_1          |    2.99  |      449  |    25200     |      78    |   10068 
   RVdata_neid_jitter_0           |    3.16  |      473  |    26100     |      72    |   13445 
   RVdata_neid_offset_0           |    3.14  |      471  |    26100     |      72    |   13213 
   b_P                            |    3.75  |      563  |    30600     |      52    |   26882 
   b_K                            |    3.23  |      484  |    26550     |      69    |   14941 
   b_sre_coso                     |    3.37  |      506  |    27450     |      64    |   18066 
   b_sre_sino                     |    3.41  |      512  |    28350     |      62    |   19519 
   b_mean_long                    |    3.65  |      548  |    29700     |      55    |   24516 
   c_P                            |    3.62  |      542  |    29250     |      57    |   23482 
   c_K                            |    3.79  |      569  |    31500     |      50    |   28380 
   c_sre_coso                     |    3.67  |      551  |    29700     |      55    |   24758 
   c_sre_sino                     |    3.60  |      540  |    28800     |      58    |   22760 
   c_mean_long                    |    3.56  |      534  |    28800     |      58    |   22221 
   d_P                            |    3.20  |      481  |    26100     |      71    |   14161 
   d_K                            |    3.15  |      473  |    26550     |      71    |   13841 
   d_sre_coso                     |    3.27  |      491  |    26550     |      68    |   15609 
   d_sre_sino                     |    3.29  |      494  |    26550     |      68    |   15925 
   d_mean_long                    |    3.17  |      475  |    26100     |      71    |   13585 

All the chains are longer than 50*ACF, but some are shorter than 100*ACF
PyORBIT should keep running for about 17554 more steps to reach 100*ACF
Suggested value for burnin: 27491

Check the documentation for the correct interpretation of these results:
https://pyorbit.readthedocs.io/running_pyorbit/terminal_output/#autocorrelation-analysis

 Plotting the ACF... 


====================================================================================================
     Ids, spaces (s), boundaries (b) and priors (p) of the sampler parameters     
====================================================================================================

----- dataset:  RVdata_expres
jitter_0      id:  15  s:Linear      b:[      0.0010,      14.4000]   p:Uniform   []
offset_0      id:  16  s:Linear      b:[  -9996.1930,   10013.7390]   p:Uniform   []

----- dataset:  RVdata_harps
jitter_0      id:  17  s:Linear      b:[      0.0009,      12.4000]   p:Uniform   []
offset_0      id:  18  s:Linear      b:[  -9994.9455,   10014.6615]   p:Uniform   []
offset_1      id:  19  s:Linear      b:[  -9994.9455,   10014.6615]   p:Uniform   []

----- dataset:  RVdata_neid
jitter_0      id:  20  s:Linear      b:[      0.0010,      12.3000]   p:Uniform   []
offset_0      id:  21  s:Linear      b:[  -9994.3136,   10014.8014]   p:Uniform   []

----- common model:  b
P             id:   0  s:Log_Base2   b:[      0.3785,       6.6439]   p:Uniform   []
K             id:   1  s:Log_Base2   b:[     -9.9658,       3.3219]   p:Uniform   []
sre_coso      id:   2  s:Linear      b:[     -1.0000,       1.0000]   p:Uniform   []
sre_sino      id:   3  s:Linear      b:[     -1.0000,       1.0000]   p:Uniform   []
mean_long     id:   4  s:Linear      b:[    105.1138,     465.1138]   p:Uniform   []
e             derived (no id, space, bound)                           p:Gaussian   [0.    0.098]
omega         derived (no id, space, bound)                           p:Uniform   [0.0, 360.0]

----- common model:  c
P             id:   5  s:Log_Base2   b:[      0.3785,       6.6439]   p:Uniform   []
K             id:   6  s:Log_Base2   b:[     -9.9658,       3.3219]   p:Uniform   []
sre_coso      id:   7  s:Linear      b:[     -1.0000,       1.0000]   p:Uniform   []
sre_sino      id:   8  s:Linear      b:[     -1.0000,       1.0000]   p:Uniform   []
mean_long     id:   9  s:Linear      b:[    118.1579,     478.1579]   p:Uniform   []
e             derived (no id, space, bound)                           p:Gaussian   [0.    0.098]
omega         derived (no id, space, bound)                           p:Uniform   [0.0, 360.0]

----- common model:  d
P             id:  10  s:Log_Base2   b:[      0.3785,       6.6439]   p:Uniform   []
K             id:  11  s:Log_Base2   b:[     -9.9658,       3.3219]   p:Uniform   []
sre_coso      id:  12  s:Linear      b:[     -1.0000,       1.0000]   p:Uniform   []
sre_sino      id:  13  s:Linear      b:[     -1.0000,       1.0000]   p:Uniform   []
mean_long     id:  14  s:Linear      b:[   -126.5879,     233.4121]   p:Uniform   []
e             derived (no id, space, bound)                           p:Gaussian   [0.    0.098]
omega         derived (no id, space, bound)                           p:Uniform   [0.0, 360.0]

----- common model:  star_parameters
mass          derived (no id, space, bound)                           p:Gaussian   [1.e+00 1.e-06]
radius        derived (no id, space, bound)                           p:Gaussian   [1.e+00 1.e-06]
density       derived (no id, space, bound)                           p:Gaussian   [1.e+00 1.e-06]


****************************************************************************************************
****************************************************************************************************

 Confidence intervals (median value, 34.135th percentile from the median on the left and right side)

====================================================================================================
     Statistics on the posterior of the sampler parameters     
====================================================================================================

----- dataset:  RVdata_expres
jitter_0        15         1.359       -0.091         0.10   (15-84 p)   [    0.0010,    14.4000]
offset_0        16          8.41        -0.14         0.14   (15-84 p)   [-9996.1930, 10013.7390]

----- dataset:  RVdata_harps
jitter_0        17         1.153       -0.078        0.088   (15-84 p)   [    0.0009,    12.4000]
offset_0        18          9.06        -0.13         0.13   (15-84 p)   [-9994.9455, 10014.6615]
offset_1        19          9.44        -0.25         0.25   (15-84 p)   [-9994.9455, 10014.6615]

----- dataset:  RVdata_neid
jitter_0        20         1.056       -0.081        0.092   (15-84 p)   [    0.0010,    12.3000]
offset_0        21          9.45        -0.12         0.12   (15-84 p)   [-9994.3136, 10014.8014]

----- common model:  b
P                0         5.985       -0.075        0.094   (15-84 p)   [    0.3785,     6.6439]
K                1          0.07        -0.17         0.15   (15-84 p)   [   -9.9658,     3.3219]
sre_coso         2         -0.05        -0.21         0.22   (15-84 p)   [   -1.0000,     1.0000]
sre_sino         3         -0.09        -0.18         0.21   (15-84 p)   [   -1.0000,     1.0000]
mean_long        4           296          -15           17   (15-84 p)   [  105.1138,   465.1138]

----- common model:  c
P                5         4.703       -0.037        0.043   (15-84 p)   [    0.3785,     6.6439]
K                6         -0.43        -0.31         0.26   (15-84 p)   [   -9.9658,     3.3219]
sre_coso         7          0.11        -0.24         0.21   (15-84 p)   [   -1.0000,     1.0000]
sre_sino         8          0.20        -0.25         0.18   (15-84 p)   [   -1.0000,     1.0000]
mean_long        9           303          -17           19   (15-84 p)   [  118.1579,   478.1579]

----- common model:  d
P               10        3.8446      -0.0067       0.0067   (15-84 p)   [    0.3785,     6.6439]
K               11         1.233       -0.074        0.070   (15-84 p)   [   -9.9658,     3.3219]
sre_coso        12        -0.407       -0.049        0.058   (15-84 p)   [   -1.0000,     1.0000]
sre_sino        13        -0.089       -0.084        0.090   (15-84 p)   [   -1.0000,     1.0000]
mean_long       14          57.1         -6.8          7.0   (15-84 p)   [ -126.5879,   233.4121]

----- common model:  star_parameters

====================================================================================================
     Statistics on the model parameters obtained from the posteriors samples     
====================================================================================================

----- dataset:  RVdata_expres
jitter_0                 1.359       -0.091         0.10    (15-84 p)
offset_0                  8.41        -0.14         0.14    (15-84 p)


----- dataset:  RVdata_harps
jitter_0                 1.153       -0.078        0.088    (15-84 p)
offset_0                  9.06        -0.13         0.13    (15-84 p)
offset_1                  9.44        -0.25         0.25    (15-84 p)


----- dataset:  RVdata_neid
jitter_0                 1.056       -0.081        0.092    (15-84 p)
offset_0                  9.45        -0.12         0.12    (15-84 p)


----- common model:  b
P                         63.3         -3.2          4.3    (15-84 p)
K                         1.05        -0.11         0.12    (15-84 p)
mean_long                  296          -15           17    (15-84 p)
e                        0.070       -0.049        0.073    (15-84 p)
omega                     -130          -99           85    (15-84 p)

----- common model:  c
P                        26.04        -0.66         0.79    (15-84 p)
K                         0.74        -0.15         0.15    (15-84 p)
mean_long                  303          -17           20    (15-84 p)
e                        0.119       -0.078        0.088    (15-84 p)
omega                       63          -66           58    (15-84 p)

----- common model:  d
P                       14.366       -0.066        0.067    (15-84 p)
K                         2.35        -0.12         0.12    (15-84 p)
mean_long                 57.1         -6.8          7.0    (15-84 p)
e                        0.181       -0.043        0.042    (15-84 p)
omega                     -168          -12           12    (15-84 p)

----- common model:  star_parameters

====================================================================================================
     Statistics on the derived parameters obtained from the posteriors samples     
====================================================================================================

----- common model:  b
Inclination fixed to 90 deg!
Computing planetary mass under the approximation M_planet << M_star (threshold at 30.0 Me)
a_Rs                      66.8         -2.3          3.0    (15-84 p)
M_Mj                    0.0205      -0.0022       0.0023    (15-84 p)
M_Me                      6.52        -0.71         0.74    (15-84 p)
Tc                     59362.1         -2.1          2.0    (15-84 p)
a_AU_(M)                 0.311       -0.011        0.014    (15-84 p)
a_AU_(rho,R)             0.311       -0.011        0.014    (15-84 p)

----- common model:  c
Inclination fixed to 90 deg!
Computing planetary mass under the approximation M_planet << M_star (threshold at 30.0 Me)
a_Rs                     36.95        -0.63         0.74    (15-84 p)
M_Mj                    0.0107      -0.0021       0.0020    (15-84 p)
M_Me                      3.41        -0.66         0.65    (15-84 p)
Tc                     59345.1         -1.3          1.1    (15-84 p)
a_AU_(M)                0.1719      -0.0029       0.0034    (15-84 p)
a_AU_(rho,R)            0.1719      -0.0029       0.0034    (15-84 p)

----- common model:  d
Inclination fixed to 90 deg!
Computing planetary mass under the approximation M_planet << M_star (threshold at 30.0 Me)
a_Rs                    24.859       -0.077        0.077    (15-84 p)
M_Mj                    0.0276      -0.0014       0.0013    (15-84 p)
M_Me                      8.78        -0.43         0.43    (15-84 p)
Tc                    59336.82        -0.35         0.35    (15-84 p)
a_AU_(M)               0.11566     -0.00036      0.00036    (15-84 p)
a_AU_(rho,R)           0.11566     -0.00036      0.00036    (15-84 p)


====================================================================================================
     ------------------------------------------------------------------------------------------     
====================================================================================================



****************************************************************************************************

 Parameters corresponding to the Maximum a Posteriori probability ( -602.032458906275 )

====================================================================================================
     Statistics on the posterior of the sampler parameters     
====================================================================================================

----- dataset:  RVdata_expres
jitter_0        15      1.294654 [    0.0010,    14.4000]
offset_0        16      8.365470 [-9996.1930, 10013.7390]

----- dataset:  RVdata_harps
jitter_0        17      1.076875 [    0.0009,    12.4000]
offset_0        18      8.973300 [-9994.9455, 10014.6615]
offset_1        19      9.468877 [-9994.9455, 10014.6615]

----- dataset:  RVdata_neid
jitter_0        20      0.962220 [    0.0010,    12.3000]
offset_0        21      9.464108 [-9994.3136, 10014.8014]

----- common model:  b
P                0      5.892533 [    0.3785,     6.6439]
K                1      0.024092 [   -9.9658,     3.3219]
sre_coso         2     -0.235605 [   -1.0000,     1.0000]
sre_sino         3     -0.102661 [   -1.0000,     1.0000]
mean_long        4    278.000217 [  105.1138,   465.1138]

----- common model:  c
P                5      4.665672 [    0.3785,     6.6439]
K                6     -0.280372 [   -9.9658,     3.3219]
sre_coso         7      0.152435 [   -1.0000,     1.0000]
sre_sino         8      0.400898 [   -1.0000,     1.0000]
mean_long        9    281.874937 [  118.1579,   478.1579]

----- common model:  d
P               10      3.841450 [    0.3785,     6.6439]
K               11      1.217763 [   -9.9658,     3.3219]
sre_coso        12     -0.434321 [   -1.0000,     1.0000]
sre_sino        13     -0.040785 [   -1.0000,     1.0000]
mean_long       14     53.200163 [ -126.5879,   233.4121]

----- common model:  star_parameters

====================================================================================================
     Statistics on the model parameters obtained from the posteriors samples     
====================================================================================================

----- dataset:  RVdata_expres
jitter_0              1.294654 
offset_0              8.365470 


----- dataset:  RVdata_harps
jitter_0              1.076875 
offset_0              8.973300 
offset_1              9.468877 


----- dataset:  RVdata_neid
jitter_0              0.962220 
offset_0              9.464108 


----- common model:  b
P                    59.405827 
K                     1.016840 
mean_long           278.000217 
e                     0.066049 
omega              -156.455602 

----- common model:  c
P                    25.380914 
K                     0.823378 
mean_long           281.874937 
e                     0.183956 
omega                69.181514 

----- common model:  d
P                    14.334806 
K                     2.325857 
mean_long            53.200163 
e                     0.190299 
omega              -174.635417 

----- common model:  star_parameters

====================================================================================================
     Statistics on the derived parameters obtained from the posteriors samples     
====================================================================================================

----- common model:  b
Inclination fixed to 90 deg!
a_Rs                 64.042564 
M_Mj                  0.019475 
M_Me                  6.191095 
Tc                59364.250253 
a_AU_(M)              0.297959 
a_AU_(rho,R)          0.297956 

----- common model:  c
Inclination fixed to 90 deg!
a_Rs                 36.329083 
M_Mj                  0.011700 
M_Me                  3.719454 
Tc                59346.086879 
a_AU_(M)              0.169021 
a_AU_(rho,R)          0.169020 

----- common model:  d
Inclination fixed to 90 deg!
a_Rs                 24.822429 
M_Mj                  0.027286 
M_Me                  8.674152 
Tc                59337.036393 
a_AU_(M)              0.115487 
a_AU_(rho,R)          0.115486 


====================================================================================================
     ------------------------------------------------------------------------------------------     
====================================================================================================



****************************************************************************************************

 Parameters corresponding to the sample closest to the median values ( -604.1918762939328 )

====================================================================================================
     Statistics on the posterior of the sampler parameters     
====================================================================================================

----- dataset:  RVdata_expres
jitter_0        15      1.315856 [    0.0010,    14.4000]
offset_0        16      8.341331 [-9996.1930, 10013.7390]

----- dataset:  RVdata_harps
jitter_0        17      1.187786 [    0.0009,    12.4000]
offset_0        18      8.998263 [-9994.9455, 10014.6615]
offset_1        19      9.426542 [-9994.9455, 10014.6615]

----- dataset:  RVdata_neid
jitter_0        20      1.074733 [    0.0010,    12.3000]
offset_0        21      9.331307 [-9994.3136, 10014.8014]

----- common model:  b
P                0      6.026142 [    0.3785,     6.6439]
K                1      0.143517 [   -9.9658,     3.3219]
sre_coso         2     -0.058613 [   -1.0000,     1.0000]
sre_sino         3     -0.083648 [   -1.0000,     1.0000]
mean_long        4    302.020452 [  105.1138,   465.1138]

----- common model:  c
P                5      4.713745 [    0.3785,     6.6439]
K                6     -0.604716 [   -9.9658,     3.3219]
sre_coso         7      0.123606 [   -1.0000,     1.0000]
sre_sino         8      0.171638 [   -1.0000,     1.0000]
mean_long        9    303.594025 [  118.1579,   478.1579]

----- common model:  d
P               10      3.849379 [    0.3785,     6.6439]
K               11      1.190293 [   -9.9658,     3.3219]
sre_coso        12     -0.452817 [   -1.0000,     1.0000]
sre_sino        13     -0.055964 [   -1.0000,     1.0000]
mean_long       14     61.633287 [ -126.5879,   233.4121]

----- common model:  star_parameters

====================================================================================================
     Statistics on the model parameters obtained from the posteriors samples     
====================================================================================================

----- dataset:  RVdata_expres
jitter_0              1.315856 
offset_0              8.341331 


----- dataset:  RVdata_harps
jitter_0              1.187786 
offset_0              8.998263 
offset_1              9.426542 


----- dataset:  RVdata_neid
jitter_0              1.074733 
offset_0              9.331307 


----- common model:  b
P                    65.170261 
K                     1.104595 
mean_long           302.020452 
e                     0.010433 
omega              -125.019531 

----- common model:  c
P                    26.240900 
K                     0.657601 
mean_long           303.594025 
e                     0.044738 
omega                54.240367 

----- common model:  d
P                    14.413806 
K                     2.281990 
mean_long            61.633287 
e                     0.208175 
omega              -172.954543 

----- common model:  star_parameters

====================================================================================================
     Statistics on the derived parameters obtained from the posteriors samples     
====================================================================================================

----- common model:  b
Inclination fixed to 90 deg!
a_Rs                 68.121308 
M_Mj                  0.021866 
M_Me                  6.951064 
Tc                59361.613691 
a_AU_(M)              0.316935 
a_AU_(rho,R)          0.316932 

----- common model:  c
Inclination fixed to 90 deg!
a_Rs                 37.145087 
M_Mj                  0.009603 
M_Me                  3.052847 
Tc                59345.159373 
a_AU_(M)              0.172818 
a_AU_(rho,R)          0.172817 

----- common model:  d
Inclination fixed to 90 deg!
a_Rs                 24.913515 
M_Mj                  0.026721 
M_Me                  8.494602 
Tc                59336.795327 
a_AU_(M)              0.115911 
a_AU_(rho,R)          0.115910 


====================================================================================================
     ------------------------------------------------------------------------------------------     
====================================================================================================



****************************************************************************************************

Inclination fixed to 90 deg!
Inclination fixed to 90 deg!
Inclination fixed to 90 deg!
Note: stellar density derived from stellar mass and radius

Inclination fixed to 90 deg!
Inclination fixed to 90 deg!
Inclination fixed to 90 deg!
Inclination fixed to 90 deg!
Inclination fixed to 90 deg!
Inclination fixed to 90 deg!
 Plot FLAT chain 

****************************************************************************************************

Plotting full_correlation plot with pygtc

****************************************************************************************************

 Plotting the chains... 

****************************************************************************************************

 Plotting the Gelman-Rubin traces... 

     Gelman-Rubin:    15     1.002452 RVdata_expres_jitter_0 
     Gelman-Rubin:    16     1.003297 RVdata_expres_offset_0 
     Gelman-Rubin:    17     1.002466 RVdata_harps_jitter_0 
     Gelman-Rubin:    18     1.003845 RVdata_harps_offset_0 
     Gelman-Rubin:    19     1.003568 RVdata_harps_offset_1 
     Gelman-Rubin:    20     1.002998 RVdata_neid_jitter_0 
     Gelman-Rubin:    21     1.004351 RVdata_neid_offset_0 
     Gelman-Rubin:     0     1.004203 b_P 
     Gelman-Rubin:     1     1.002021 b_K 
     Gelman-Rubin:     2     1.003145 b_sre_coso 
     Gelman-Rubin:     3     1.004369 b_sre_sino 
     Gelman-Rubin:     4     1.003893 b_mean_long 
     Gelman-Rubin:     5     1.005034 c_P 
     Gelman-Rubin:     6     1.003019 c_K 
     Gelman-Rubin:     7     1.004758 c_sre_coso 
     Gelman-Rubin:     8     1.003779 c_sre_sino 
     Gelman-Rubin:     9     1.004659 c_mean_long 
     Gelman-Rubin:    10     1.004712 d_P 
     Gelman-Rubin:    11     1.002820 d_K 
     Gelman-Rubin:    12     1.003795 d_sre_coso 
     Gelman-Rubin:    13     1.003337 d_sre_sino 
     Gelman-Rubin:    14     1.004983 d_mean_long 

****************************************************************************************************

Plotting the common models corner plots
     Common model:  b
     Common model:  c
     Common model:  d
     Common model:  star_parameters

****************************************************************************************************

Plotting the dataset + models corner plots 

     Dataset:  RVdata_expres     model:  radial_velocities_b  corner plot  starting 
     Dataset:  RVdata_expres     model:  radial_velocities_b  corner plot  done 
     Dataset:  RVdata_expres     model:  radial_velocities_c  corner plot  starting 
     Dataset:  RVdata_expres     model:  radial_velocities_c  corner plot  done 
     Dataset:  RVdata_expres     model:  radial_velocities_d  corner plot  starting 
     Dataset:  RVdata_expres     model:  radial_velocities_d  corner plot  done 
     Dataset:  RVdata_harps     model:  radial_velocities_b  corner plot  starting 
     Dataset:  RVdata_harps     model:  radial_velocities_b  corner plot  done 
     Dataset:  RVdata_harps     model:  radial_velocities_c  corner plot  starting 
     Dataset:  RVdata_harps     model:  radial_velocities_c  corner plot  done 
     Dataset:  RVdata_harps     model:  radial_velocities_d  corner plot  starting 
     Dataset:  RVdata_harps     model:  radial_velocities_d  corner plot  done 
     Dataset:  RVdata_neid     model:  radial_velocities_b  corner plot  starting 
     Dataset:  RVdata_neid     model:  radial_velocities_b  corner plot  done 
     Dataset:  RVdata_neid     model:  radial_velocities_c  corner plot  starting 
     Dataset:  RVdata_neid     model:  radial_velocities_c  corner plot  done 
     Dataset:  RVdata_neid     model:  radial_velocities_d  corner plot  starting 
     Dataset:  RVdata_neid     model:  radial_velocities_d  corner plot  done 

****************************************************************************************************

 Saving the planet parameter samplings to files (with plots)

****************************************************************************************************

 Saving all the parameter samplings to files (with plots)

****************************************************************************************************

 Computing the models for plot/data writing 
 Writing the plots 
 Writing the   data files 
 Writing the  MAP_ data files 
 Writing the  sampleMED_ data files 

****************************************************************************************************

