
:::---::: PyORBIT v11.0.1 :::---:::

Python version in use:
3.10.18 (main, Jun  5 2025, 13:14:17) [GCC 11.2.0]

reloaded_optimize:  False
reloaded_pyde:  False
reloaded_emcee:  False

number of multiprocessing threads: 16
multiprocessing method (should be fork):  fork

parameters/safe_reload flag (must be True for tinygp):  False

Opening:  RVdata
Opening:  BISdata
Opening:  FWHMdata

Adding common model of planet:  b
Adding common model of planet:  c
Using orbital model:  keplerian
Using orbital parametrization:  Eastman2013

Using orbital model:  keplerian
Using orbital parametrization:  Eastman2013

gp_multidimensional  S+LEAF model, number of harmonics: 4

GP model: gp_multidimensional  hyperparameters_condition:    True
GP model: gp_multidimensional  rotation_decay_condition:     True

====================================================================================================
     Ids, spaces (s), boundaries (b) and priors (p) of the sampler parameters     
====================================================================================================

----- dataset:  RVdata
jitter_0      id:  13  s:Linear      b:[      0.0010,      13.3000]   p:Uniform   []
offset_0      id:  14  s:Linear      b:[  -9995.8980,   10015.6560]   p:Uniform   []
offset_1      id:  15  s:Linear      b:[  -9995.8980,   10015.6560]   p:Uniform   []
offset_2      id:  16  s:Linear      b:[  -9995.8980,   10015.6560]   p:Uniform   []
offset_3      id:  17  s:Linear      b:[  -9995.8980,   10015.6560]   p:Uniform   []

----- dataset: RVdata                    ----- model: gp_multidimensional           
rot_amp       id:  18  s:Linear      b:[      0.0000,      10.0000]   p:Uniform   []
con_amp       id:  19  s:Linear      b:[    -20.0000,      20.0000]   p:Uniform   []

----- dataset:  BISdata
jitter_0      id:  20  s:Linear      b:[      0.0095,      95.0000]   p:Uniform   []
offset_0      id:  21  s:Linear      b:[ -10079.7333,    9959.4333]   p:Uniform   []
offset_1      id:  22  s:Linear      b:[ -10079.7333,    9959.4333]   p:Uniform   []
offset_2      id:  23  s:Linear      b:[ -10079.7333,    9959.4333]   p:Uniform   []
offset_3      id:  24  s:Linear      b:[ -10079.7333,    9959.4333]   p:Uniform   []

----- dataset: BISdata                   ----- model: gp_multidimensional           
rot_amp       id:  25  s:Linear      b:[    -10.0000,      10.0000]   p:Uniform   []
con_amp       id:  26  s:Linear      b:[    -20.0000,      20.0000]   p:Uniform   []

----- dataset:  FWHMdata
jitter_0      id:  27  s:Linear      b:[      0.0500,     500.0000]   p:Uniform   []
offset_0      id:  28  s:Linear      b:[  -3318.6642,   16951.2762]   p:Uniform   []
offset_1      id:  29  s:Linear      b:[  -3318.6642,   16951.2762]   p:Uniform   []
offset_2      id:  30  s:Linear      b:[  -3318.6642,   16951.2762]   p:Uniform   []
offset_3      id:  31  s:Linear      b:[  -3318.6642,   16951.2762]   p:Uniform   []

----- dataset: FWHMdata                  ----- model: gp_multidimensional           
rot_amp       id:  32  s:Linear      b:[    -10.0000,      10.0000]   p:Uniform   []
con_amp       id:  33  s:Linear      b:[    -20.0000,      20.0000]   p:Uniform   []

----- common model:  b
P             id:   0  s:Log_Base2   b:[      0.3785,       6.6439]   p:Uniform   []
K             id:   1  s:Log_Base2   b:[     -9.9658,       3.3219]   p:Uniform   []
sre_coso      id:   2  s:Linear      b:[     -1.0000,       1.0000]   p:Uniform   []
sre_sino      id:   3  s:Linear      b:[     -1.0000,       1.0000]   p:Uniform   []
mean_long     id:   4  s:Linear      b:[      0.0000,     360.0000]   p:Uniform   []
e             derived (no id, space, bound)                           p:Gaussian   [0.    0.098]
omega         derived (no id, space, bound)                           p:Uniform   [0.0, 360.0]

----- common model:  c
P             id:   5  s:Log_Base2   b:[      0.3785,       6.6439]   p:Uniform   []
K             id:   6  s:Log_Base2   b:[     -9.9658,       3.3219]   p:Uniform   []
sre_coso      id:   7  s:Linear      b:[     -1.0000,       1.0000]   p:Uniform   []
sre_sino      id:   8  s:Linear      b:[     -1.0000,       1.0000]   p:Uniform   []
mean_long     id:   9  s:Linear      b:[      0.0000,     360.0000]   p:Uniform   []
e             derived (no id, space, bound)                           p:Gaussian   [0.    0.098]
omega         derived (no id, space, bound)                           p:Uniform   [0.0, 360.0]

----- common model:  activity
Prot          id:  10  s:Linear      b:[     20.0000,      35.0000]   p:Gaussian   [28.   0.5]
Pdec          id:  11  s:Linear      b:[     30.0000,    1000.0000]   p:Uniform   []
Oamp          id:  12  s:Log_Base2   b:[     -6.6439,       0.0000]   p:Gaussian   [0.35  0.035]

----- common model:  star_parameters
mass          derived (no id, space, bound)                           p:Gaussian   [1.e+00 1.e-06]
radius        derived (no id, space, bound)                           p:Gaussian   [1.e+00 1.e-06]
density       derived (no id, space, bound)                           p:Gaussian   [1.e+00 1.e-06]

Include priors:  True

Reference Time Tref:  59334.700184

Dimensions =  34
Nwalkers =  136

Using threading pool for PyDE: True
PyDE running
Boundaries redefined after PyDE output
PyDE completed, it took         93.7 seconds

====================================================================================================
     Starting point of the sample/optimization routines    
====================================================================================================

----- dataset:  RVdata
jitter_0        13      1.311913 [    0.0010,    13.3000]
offset_0        14      8.815452 [-9995.8980, 10015.6560]
offset_1        15     10.998827 [-9995.8980, 10015.6560]
offset_2        16     10.116878 [-9995.8980, 10015.6560]
offset_3        17     10.239092 [-9995.8980, 10015.6560]

----- dataset: RVdata                    ----- model: gp_multidimensional           
rot_amp         18      1.332030 [    0.0000,    10.0000]
con_amp         19      3.159670 [  -20.0000,    20.0000]

----- dataset:  BISdata
jitter_0        20      1.876622 [    0.0095,    95.0000]
offset_0        21    -74.257727 [-10079.7333,  9959.4333]
offset_1        22    -43.146992 [-10079.7333,  9959.4333]
offset_2        23    -51.809941 [-10079.7333,  9959.4333]
offset_3        24    -59.662187 [-10079.7333,  9959.4333]

----- dataset: BISdata                   ----- model: gp_multidimensional           
rot_amp         25     -1.798836 [  -10.0000,    10.0000]
con_amp         26      0.745198 [  -20.0000,    20.0000]

----- dataset:  FWHMdata
jitter_0        27      0.052586 [    0.0500,   500.0000]
offset_0        28   6695.264529 [-3318.6642, 16951.2762]
offset_1        29   6942.209147 [-3318.6642, 16951.2762]
offset_2        30   6857.993759 [-3318.6642, 16951.2762]
offset_3        31   6897.146973 [-3318.6642, 16951.2762]

----- dataset: FWHMdata                  ----- model: gp_multidimensional           
rot_amp         32     -0.813667 [  -10.0000,    10.0000]
con_amp         33     -4.425979 [  -20.0000,    20.0000]

----- common model:  b
P                0      0.446298 [    0.3785,     6.6439]
K                1     -0.500744 [   -9.9658,     3.3219]
sre_coso         2      0.067559 [   -1.0000,     1.0000]
sre_sino         3      0.150335 [   -1.0000,     1.0000]
mean_long        4    268.025486 [   88.0255,   448.0255]

----- common model:  c
P                5      6.643718 [    0.3785,     6.6439]
K                6      1.061527 [   -9.9658,     3.3219]
sre_coso         7     -0.001056 [   -1.0000,     1.0000]
sre_sino         8      0.332147 [   -1.0000,     1.0000]
mean_long        9    135.368997 [  -44.6310,   315.3690]

----- common model:  activity
Prot            10     28.456463 [   20.0000,    35.0000]
Pdec            11     30.001409 [   30.0000,  1000.0000]
Oamp            12     -1.384294 [   -6.6439,     0.0000]

----- common model:  star_parameters

====================================================================================================
     Starting point projected onto the model parameter space     
====================================================================================================

----- dataset:  RVdata
jitter_0              1.311913 
offset_0              8.815452 
offset_1             10.998827 
offset_2             10.116878 
offset_3             10.239092 


----- dataset: RVdata                    ----- model: gp_multidimensional           
rot_amp               1.332030 
con_amp               3.159670 

----- dataset:  BISdata
jitter_0              1.876622 
offset_0            -74.257727 
offset_1            -43.146992 
offset_2            -51.809941 
offset_3            -59.662187 


----- dataset: BISdata                   ----- model: gp_multidimensional           
rot_amp              -1.798836 
con_amp               0.745198 

----- dataset:  FWHMdata
jitter_0              0.052586 
offset_0           6695.264529 
offset_1           6942.209147 
offset_2           6857.993759 
offset_3           6897.146973 


----- dataset: FWHMdata                  ----- model: gp_multidimensional           
rot_amp              -0.813667 
con_amp              -4.425979 

----- common model:  b
P                     1.362540 
K                     0.706742 
mean_long           268.025486 
e                     0.027165 
omega                65.801409 

----- common model:  c
P                    99.990401 
K                     2.087140 
mean_long           135.368997 
e                     0.110323 
omega                90.182240 

----- common model:  activity
Prot                 28.456463 
Pdec                 30.001409 
Oamp                  0.383077 

----- common model:  star_parameters

====================================================================================================
     Derived parameters obtained from starting point     
====================================================================================================

----- common model:  b
Inclination fixed to 90 deg!
a_Rs                  5.169909 
M_Mj                  0.003853 
M_Me                  1.224807 
Tc                59335.384186 
a_AU_(M)              0.024053 
a_AU_(rho,R)          0.024053 

----- common model:  c
Inclination fixed to 90 deg!
a_Rs                 90.619331 
M_Mj                  0.047365 
M_Me                 15.057079 
Tc                59422.099602 
a_AU_(M)              0.421612 
a_AU_(rho,R)          0.421605 


====================================================================================================
     Statistics on the log-likelihood     
====================================================================================================

 LN probability: -2105.113955 

====================================================================================================
     ------------------------------------------------------------------------------------------     
====================================================================================================



*************************************************************

Running emcee

emcee version:  3.1.6
Using threading pool for emcee: True

Saving temporary steps


Computing the autocorrelation time of the chains

***** WARNING ******
The integrated autocorrelation time cannot be reliably estimated
likely the chains are too short, and ACF analysis is not fully reliable
emcee.autocorr.integrated_time tolerance lowered to 20
If you still get a warning, you should drop these results entirely
Chains too short to apply convergence criteria
They should be at least 400*nthin = 60000

====================================================================================================
     Statistics on the posterior of the sampler parameters     
====================================================================================================

----- dataset:  RVdata
jitter_0        13         1.332       -0.059        0.066   (15-84 p)   [    0.0010,    13.3000]
offset_0        14          10.3         -1.9          2.1   (15-84 p)   [-9995.8980, 10015.6560]
offset_1        15          12.5         -2.0          2.1   (15-84 p)   [-9995.8980, 10015.6560]
offset_2        16          11.6         -1.9          2.1   (15-84 p)   [-9995.8980, 10015.6560]
offset_3        17          11.8         -2.0          2.1   (15-84 p)   [-9995.8980, 10015.6560]

----- dataset: RVdata                    ----- model: gp_multidimensional           
rot_amp         18           2.3         -1.5          2.1   (15-84 p)   [    0.0000,    10.0000]
con_amp         19          4.17        -0.89          1.2   (15-84 p)   [  -20.0000,    20.0000]

----- dataset:  BISdata
jitter_0        20          1.92        -0.11         0.11   (15-84 p)   [    0.0095,    95.0000]
offset_0        21        -73.92        -0.53         0.56   (15-84 p)   [-10079.7333,  9959.4333]
offset_1        22        -42.88        -0.69         0.73   (15-84 p)   [-10079.7333,  9959.4333]
offset_2        23        -51.48        -0.54         0.58   (15-84 p)   [-10079.7333,  9959.4333]
offset_3        24        -59.34        -0.54         0.58   (15-84 p)   [-10079.7333,  9959.4333]

----- dataset: BISdata                   ----- model: gp_multidimensional           
rot_amp         25          -2.1         -1.5          1.5   (15-84 p)   [  -10.0000,    10.0000]
con_amp         26          1.02        -0.30         0.38   (15-84 p)   [  -20.0000,    20.0000]

----- dataset:  FWHMdata
jitter_0        27          0.34        -0.21         0.33   (15-84 p)   [    0.0500,   500.0000]
offset_0        28        6693.2         -2.8          2.9   (15-84 p)   [-3318.6642, 16951.2762]
offset_1        29        6940.4         -3.1          3.1   (15-84 p)   [-3318.6642, 16951.2762]
offset_2        30        6855.9         -2.8          2.9   (15-84 p)   [-3318.6642, 16951.2762]
offset_3        31        6895.1         -2.9          2.8   (15-84 p)   [-3318.6642, 16951.2762]

----- dataset: FWHMdata                  ----- model: gp_multidimensional           
rot_amp         32          -1.6         -3.1          3.1   (15-84 p)   [  -10.0000,    10.0000]
con_amp         33          -5.9         -1.6          1.2   (15-84 p)   [  -20.0000,    20.0000]

----- common model:  b
P                0        0.4452      -0.0037       0.0027   (15-84 p)   [    0.3785,     6.6439]
K                1         -0.62        -0.36         0.29   (15-84 p)   [   -9.9658,     3.3219]
sre_coso         2          0.03        -0.21         0.20   (15-84 p)   [   -1.0000,     1.0000]
sre_sino         3         -0.03        -0.21         0.21   (15-84 p)   [   -1.0000,     1.0000]
mean_long        4           255          -45           32   (15-84 p)   [   88.0255,   448.0255]

----- common model:  c
P                5         6.588       -0.070        0.041   (15-84 p)   [    0.3785,     6.6439]
K                6          0.98        -0.40         0.38   (15-84 p)   [   -9.9658,     3.3219]
sre_coso         7         -0.01        -0.22         0.22   (15-84 p)   [   -1.0000,     1.0000]
sre_sino         8          0.22        -0.23         0.16   (15-84 p)   [   -1.0000,     1.0000]
mean_long        9           127          -15           13   (15-84 p)   [  -44.6310,   315.3690]

----- common model:  activity
Prot            10         28.44        -0.50         0.49   (15-84 p)   [   20.0000,    35.0000]
Pdec            11          32.3         -1.7          4.1   (15-84 p)   [   30.0000,  1000.0000]
Oamp            12         -1.33        -0.12         0.11   (15-84 p)   [   -6.6439,     0.0000]

----- common model:  star_parameters

====================================================================================================
     Statistics on the model parameters obtained from the posteriors samples     
====================================================================================================

----- dataset:  RVdata
jitter_0                 1.332       -0.059        0.066    (15-84 p)
offset_0                  10.3         -1.9          2.1    (15-84 p)
offset_1                  12.5         -2.0          2.1    (15-84 p)
offset_2                  11.6         -1.9          2.1    (15-84 p)
offset_3                  11.8         -2.0          2.1    (15-84 p)


----- dataset: RVdata                    ----- model: gp_multidimensional           
rot_amp                    2.3         -1.5          2.1    (15-84 p)
con_amp                   4.17        -0.89          1.2    (15-84 p)

----- dataset:  BISdata
jitter_0                  1.92        -0.11         0.11    (15-84 p)
offset_0                -73.92        -0.53         0.56    (15-84 p)
offset_1                -42.88        -0.69         0.73    (15-84 p)
offset_2                -51.48        -0.54         0.58    (15-84 p)
offset_3                -59.34        -0.54         0.58    (15-84 p)


----- dataset: BISdata                   ----- model: gp_multidimensional           
rot_amp                   -2.1         -1.5          1.5    (15-84 p)
con_amp                   1.02        -0.30         0.38    (15-84 p)

----- dataset:  FWHMdata
jitter_0                  0.34        -0.21         0.33    (15-84 p)
offset_0                6693.2         -2.8          2.9    (15-84 p)
offset_1                6940.4         -3.1          3.1    (15-84 p)
offset_2                6855.9         -2.8          2.9    (15-84 p)
offset_3                6895.1         -2.9          2.8    (15-84 p)


----- dataset: FWHMdata                  ----- model: gp_multidimensional           
rot_amp                   -1.6         -3.1          3.1    (15-84 p)
con_amp                   -5.9         -1.6          1.2    (15-84 p)

----- common model:  b
P                       1.3615      -0.0035       0.0026    (15-84 p)
K                         0.65        -0.14         0.14    (15-84 p)
mean_long                  255          -45           32    (15-84 p)
e                        0.063       -0.045        0.071    (15-84 p)
omega                      -17         -102          121    (15-84 p)

----- common model:  c
P                         96.2         -4.6          2.8    (15-84 p)
K                         1.97        -0.48         0.59    (15-84 p)
mean_long                  127          -15           13    (15-84 p)
e                        0.102       -0.068        0.088    (15-84 p)
omega                       80          -92           54    (15-84 p)

----- common model:  activity
Prot                     28.44        -0.50         0.49    (15-84 p)
Pdec                      32.3         -1.7          4.1    (15-84 p)
Oamp                     0.397       -0.033        0.032    (15-84 p)

----- common model:  star_parameters

====================================================================================================
     Statistics on the derived parameters obtained from the posteriors samples     
====================================================================================================

----- common model:  b
Inclination fixed to 90 deg!
Computing planetary mass under the approximation M_planet << M_star (threshold at 30.0 Me)
a_Rs                    5.1673      -0.0089       0.0066    (15-84 p)
M_Mj                   0.00352     -0.00078      0.00078    (15-84 p)
M_Me                      1.12        -0.25         0.25    (15-84 p)
Tc                    59335.43        -0.12         0.16    (15-84 p)
a_AU_(M)              0.024041    -0.000041     0.000031    (15-84 p)
a_AU_(rho,R)          0.024041    -0.000041     0.000031    (15-84 p)

----- common model:  c
Inclination fixed to 90 deg!
Computing planetary mass under the approximation M_planet << M_star (threshold at 30.0 Me)
a_Rs                      88.3         -2.8          1.7    (15-84 p)
M_Mj                     0.044       -0.011        0.013    (15-84 p)
M_Me                      13.9         -3.4          4.2    (15-84 p)
Tc                     59420.5         -3.1          3.0    (15-84 p)
a_AU_(M)                0.4109       -0.013       0.0078    (15-84 p)
a_AU_(rho,R)            0.4109       -0.013       0.0078    (15-84 p)


====================================================================================================
     ------------------------------------------------------------------------------------------     
====================================================================================================



15000.0   steps completed, average lnprob:,  -2124.194280700954


Computing the autocorrelation time of the chains

***** WARNING ******
The integrated autocorrelation time cannot be reliably estimated
likely the chains are too short, and ACF analysis is not fully reliable
emcee.autocorr.integrated_time tolerance lowered to 20
If you still get a warning, you should drop these results entirely

Reference thinning used in the analysis: 150
Maximum value of the integrated ACF: 9
Step length used in the analysis: 9*nthin = 1350

Convergence criteria: less than 1% variation in ACF after 20 times the integrated ACF
At least 50*ACF after convergence, 100*ACF would be ideal
Negative values: not converged yet

   sampler parameter              |    ACF   | ACF*nthin | converged at | nsteps/ACF | to 100*ACF
                                  |          |           |              |            | 
   RVdata_jitter_0                |    6.15  |      923  |       -1     |      -1    |   93216 
   RVdata_offset_0                |    9.12  |     1368  |       -1     |      -1    |  138137 
   RVdata_offset_1                |    8.96  |     1344  |       -1     |      -1    |  135714 
   RVdata_offset_2                |    9.15  |     1373  |       -1     |      -1    |  138650 
   RVdata_offset_3                |    9.10  |     1365  |       -1     |      -1    |  137897 
   RVdata_gp_multidimensional_rot_amp |    6.36  |      954  |       -1     |      -1    |   96333 
   RVdata_gp_multidimensional_con_amp |    7.94  |     1192  |       -1     |      -1    |  120365 
   BISdata_jitter_0               |    5.93  |      889  |       -1     |      -1    |   89808 
   BISdata_offset_0               |    8.33  |     1250  |       -1     |      -1    |  126237 
   BISdata_offset_1               |    7.73  |     1159  |       -1     |      -1    |  117085 
   BISdata_offset_2               |    8.20  |     1230  |       -1     |      -1    |  124211 
   BISdata_offset_3               |    8.60  |     1290  |       -1     |      -1    |  130288 
   BISdata_gp_multidimensional_rot_amp |    7.08  |     1063  |       -1     |      -1    |  107327 
   BISdata_gp_multidimensional_con_amp |    7.73  |     1159  |       -1     |      -1    |  117082 
   FWHMdata_jitter_0              |    6.94  |     1042  |       -1     |      -1    |  105212 
   FWHMdata_offset_0              |    9.18  |     1377  |       -1     |      -1    |  139087 
   FWHMdata_offset_1              |    8.56  |     1283  |       -1     |      -1    |  129627 
   FWHMdata_offset_2              |    8.96  |     1345  |       -1     |      -1    |  135802 
   FWHMdata_offset_3              |    9.03  |     1355  |       -1     |      -1    |  136821 
   FWHMdata_gp_multidimensional_rot_amp |    5.84  |      876  |       -1     |      -1    |   88508 
   FWHMdata_gp_multidimensional_con_amp |    7.76  |     1165  |       -1     |      -1    |  117621 
   b_P                            |    6.32  |      948  |       -1     |      -1    |   95772 
   b_K                            |    6.40  |      960  |       -1     |      -1    |   96933 
   b_sre_coso                     |    6.36  |      954  |       -1     |      -1    |   96384 
   b_sre_sino                     |    6.75  |     1012  |       -1     |      -1    |  102227 
   b_mean_long                    |    6.20  |      930  |       -1     |      -1    |   93918 
   c_P                            |    8.31  |     1247  |       -1     |      -1    |  125964 
   c_K                            |    7.79  |     1169  |       -1     |      -1    |  118071 
   c_sre_coso                     |    7.04  |     1057  |       -1     |      -1    |  106711 
   c_sre_sino                     |    6.94  |     1041  |       -1     |      -1    |  105135 
   c_mean_long                    |    7.90  |     1185  |       -1     |      -1    |  119654 
   activity_Prot                  |    6.18  |      928  |       -1     |      -1    |   93681 
   activity_Pdec                  |    9.77  |     1465  |       -1     |      -1    |  147994 
   activity_Oamp                  |    6.86  |     1029  |       -1     |      -1    |  103938 

    34 chains have not converged yet, keep going 

Check the documentation for the correct interpretation of these results:
https://pyorbit.readthedocs.io/running_pyorbit/terminal_output/#autocorrelation-analysis

====================================================================================================
     Statistics on the posterior of the sampler parameters     
====================================================================================================

----- dataset:  RVdata
jitter_0        13         1.334       -0.060        0.066   (15-84 p)   [    0.0010,    13.3000]
offset_0        14          10.3         -1.9          2.0   (15-84 p)   [-9995.8980, 10015.6560]
offset_1        15          12.5         -1.9          2.1   (15-84 p)   [-9995.8980, 10015.6560]
offset_2        16          11.6         -1.9          2.0   (15-84 p)   [-9995.8980, 10015.6560]
offset_3        17          11.7         -1.9          2.0   (15-84 p)   [-9995.8980, 10015.6560]

----- dataset: RVdata                    ----- model: gp_multidimensional           
rot_amp         18           2.4         -1.6          2.2   (15-84 p)   [    0.0000,    10.0000]
con_amp         19          4.19        -0.90          1.3   (15-84 p)   [  -20.0000,    20.0000]

----- dataset:  BISdata
jitter_0        20          1.91        -0.10         0.10   (15-84 p)   [    0.0095,    95.0000]
offset_0        21        -73.92        -0.51         0.57   (15-84 p)   [-10079.7333,  9959.4333]
offset_1        22        -42.88        -0.71         0.72   (15-84 p)   [-10079.7333,  9959.4333]
offset_2        23        -51.47        -0.52         0.59   (15-84 p)   [-10079.7333,  9959.4333]
offset_3        24        -59.32        -0.53         0.58   (15-84 p)   [-10079.7333,  9959.4333]

----- dataset: BISdata                   ----- model: gp_multidimensional           
rot_amp         25          -2.1         -1.4          1.5   (15-84 p)   [  -10.0000,    10.0000]
con_amp         26          1.04        -0.31         0.39   (15-84 p)   [  -20.0000,    20.0000]

----- dataset:  FWHMdata
jitter_0        27          0.35        -0.21         0.34   (15-84 p)   [    0.0500,   500.0000]
offset_0        28        6693.2         -2.9          2.8   (15-84 p)   [-3318.6642, 16951.2762]
offset_1        29        6940.4         -3.0          3.0   (15-84 p)   [-3318.6642, 16951.2762]
offset_2        30        6856.0         -2.9          2.8   (15-84 p)   [-3318.6642, 16951.2762]
offset_3        31        6895.2         -2.9          2.8   (15-84 p)   [-3318.6642, 16951.2762]

----- dataset: FWHMdata                  ----- model: gp_multidimensional           
rot_amp         32          -1.6         -3.2          3.0   (15-84 p)   [  -10.0000,    10.0000]
con_amp         33          -6.0         -1.7          1.3   (15-84 p)   [  -20.0000,    20.0000]

----- common model:  b
P                0        0.4452      -0.0036       0.0027   (15-84 p)   [    0.3785,     6.6439]
K                1         -0.61        -0.36         0.29   (15-84 p)   [   -9.9658,     3.3219]
sre_coso         2          0.03        -0.21         0.20   (15-84 p)   [   -1.0000,     1.0000]
sre_sino         3         -0.01        -0.22         0.22   (15-84 p)   [   -1.0000,     1.0000]
mean_long        4           254          -46           32   (15-84 p)   [   88.0255,   448.0255]

----- common model:  c
P                5         6.587       -0.073        0.040   (15-84 p)   [    0.3785,     6.6439]
K                6          0.95        -0.39         0.37   (15-84 p)   [   -9.9658,     3.3219]
sre_coso         7         -0.02        -0.22         0.23   (15-84 p)   [   -1.0000,     1.0000]
sre_sino         8          0.22        -0.22         0.15   (15-84 p)   [   -1.0000,     1.0000]
mean_long        9           127          -15           13   (15-84 p)   [  -44.6310,   315.3690]

----- common model:  activity
Prot            10         28.44        -0.49         0.49   (15-84 p)   [   20.0000,    35.0000]
Pdec            11          32.7         -2.0          4.3   (15-84 p)   [   30.0000,  1000.0000]
Oamp            12         -1.33        -0.12         0.11   (15-84 p)   [   -6.6439,     0.0000]

----- common model:  star_parameters

====================================================================================================
     Statistics on the model parameters obtained from the posteriors samples     
====================================================================================================

----- dataset:  RVdata
jitter_0                 1.334       -0.060        0.066    (15-84 p)
offset_0                  10.3         -1.9          2.0    (15-84 p)
offset_1                  12.5         -1.9          2.1    (15-84 p)
offset_2                  11.6         -1.9          2.0    (15-84 p)
offset_3                  11.7         -1.9          2.0    (15-84 p)


----- dataset: RVdata                    ----- model: gp_multidimensional           
rot_amp                    2.4         -1.6          2.2    (15-84 p)
con_amp                   4.19        -0.90          1.3    (15-84 p)

----- dataset:  BISdata
jitter_0                  1.91        -0.10         0.10    (15-84 p)
offset_0                -73.92        -0.51         0.57    (15-84 p)
offset_1                -42.88        -0.71         0.72    (15-84 p)
offset_2                -51.47        -0.52         0.59    (15-84 p)
offset_3                -59.32        -0.53         0.58    (15-84 p)


----- dataset: BISdata                   ----- model: gp_multidimensional           
rot_amp                   -2.1         -1.4          1.5    (15-84 p)
con_amp                   1.04        -0.31         0.39    (15-84 p)

----- dataset:  FWHMdata
jitter_0                  0.35        -0.21         0.34    (15-84 p)
offset_0                6693.2         -2.9          2.8    (15-84 p)
offset_1                6940.4         -3.0          3.0    (15-84 p)
offset_2                6856.0         -2.9          2.8    (15-84 p)
offset_3                6895.2         -2.9          2.8    (15-84 p)


----- dataset: FWHMdata                  ----- model: gp_multidimensional           
rot_amp                   -1.6         -3.2          3.0    (15-84 p)
con_amp                   -6.0         -1.7          1.3    (15-84 p)

----- common model:  b
P                       1.3615      -0.0034       0.0026    (15-84 p)
K                         0.66        -0.14         0.15    (15-84 p)
mean_long                  254          -46           32    (15-84 p)
e                        0.066       -0.046        0.072    (15-84 p)
omega                       -6         -111          117    (15-84 p)

----- common model:  c
P                         96.2         -4.8          2.7    (15-84 p)
K                         1.93        -0.46         0.57    (15-84 p)
mean_long                  127          -15           13    (15-84 p)
e                        0.105       -0.071        0.087    (15-84 p)
omega                       83          -83           52    (15-84 p)

----- common model:  activity
Prot                     28.44        -0.49         0.49    (15-84 p)
Pdec                      32.7         -2.0          4.3    (15-84 p)
Oamp                     0.397       -0.032        0.032    (15-84 p)

----- common model:  star_parameters

====================================================================================================
     Statistics on the derived parameters obtained from the posteriors samples     
====================================================================================================

----- common model:  b
Inclination fixed to 90 deg!
Computing planetary mass under the approximation M_planet << M_star (threshold at 30.0 Me)
a_Rs                    5.1672      -0.0087       0.0065    (15-84 p)
M_Mj                   0.00356     -0.00079      0.00079    (15-84 p)
M_Me                      1.13        -0.25         0.25    (15-84 p)
Tc                    59335.44        -0.12         0.16    (15-84 p)
a_AU_(M)              0.024040    -0.000040     0.000030    (15-84 p)
a_AU_(rho,R)          0.024040    -0.000040     0.000030    (15-84 p)

----- common model:  c
Inclination fixed to 90 deg!
Computing planetary mass under the approximation M_planet << M_star (threshold at 30.0 Me)
a_Rs                      88.3         -2.9          1.7    (15-84 p)
M_Mj                     0.043       -0.010        0.013    (15-84 p)
M_Me                      13.7         -3.3          4.0    (15-84 p)
Tc                     59420.5         -3.1          3.2    (15-84 p)
a_AU_(M)                0.4108       -0.014       0.0077    (15-84 p)
a_AU_(rho,R)            0.4108       -0.014       0.0077    (15-84 p)


====================================================================================================
     ------------------------------------------------------------------------------------------     
====================================================================================================



30000.0   steps completed, average lnprob:,  -2123.3407395912536


Computing the autocorrelation time of the chains

***** WARNING ******
The integrated autocorrelation time cannot be reliably estimated
likely the chains are too short, and ACF analysis is not fully reliable
emcee.autocorr.integrated_time tolerance lowered to 20
If you still get a warning, you should drop these results entirely

Reference thinning used in the analysis: 150
Maximum value of the integrated ACF: 11
Step length used in the analysis: 11*nthin = 1650

Convergence criteria: less than 1% variation in ACF after 20 times the integrated ACF
At least 50*ACF after convergence, 100*ACF would be ideal
Negative values: not converged yet

   sampler parameter              |    ACF   | ACF*nthin | converged at | nsteps/ACF | to 100*ACF
                                  |          |           |              |            | 
   RVdata_jitter_0                |    7.20  |     1080  |       -1     |      -1    |  109035 
   RVdata_offset_0                |   11.10  |     1664  |       -1     |      -1    |  168102 
   RVdata_offset_1                |   10.89  |     1633  |       -1     |      -1    |  164928 
   RVdata_offset_2                |   11.14  |     1671  |       -1     |      -1    |  168760 
   RVdata_offset_3                |   11.13  |     1670  |       -1     |      -1    |  168663 
   RVdata_gp_multidimensional_rot_amp |    7.20  |     1079  |       -1     |      -1    |  109008 
   RVdata_gp_multidimensional_con_amp |    9.68  |     1453  |       -1     |      -1    |  146713 
   BISdata_jitter_0               |    7.05  |     1058  |       -1     |      -1    |  106825 
   BISdata_offset_0               |    9.93  |     1490  |       -1     |      -1    |  150467 
   BISdata_offset_1               |    9.04  |     1355  |       -1     |      -1    |  136885 
   BISdata_offset_2               |    9.60  |     1440  |       -1     |      -1    |  145431 
   BISdata_offset_3               |    9.99  |     1499  |       -1     |      -1    |  151354 
   BISdata_gp_multidimensional_rot_amp |    8.16  |     1223  |       -1     |      -1    |  123558 
   BISdata_gp_multidimensional_con_amp |    8.51  |     1277  |       -1     |      -1    |  128988 
   FWHMdata_jitter_0              |    7.77  |     1166  |       -1     |      -1    |  117752 
   FWHMdata_offset_0              |   10.85  |     1628  |       -1     |      -1    |  164426 
   FWHMdata_offset_1              |   10.46  |     1569  |       -1     |      -1    |  158464 
   FWHMdata_offset_2              |   10.79  |     1618  |       -1     |      -1    |  163409 
   FWHMdata_offset_3              |   10.87  |     1631  |       -1     |      -1    |  164718 
   FWHMdata_gp_multidimensional_rot_amp |    7.01  |     1052  |       -1     |      -1    |  106213 
   FWHMdata_gp_multidimensional_con_amp |    8.96  |     1344  |       -1     |      -1    |  135721 
   b_P                            |    7.27  |     1091  |       -1     |      -1    |  110177 
   b_K                            |    7.36  |     1104  |       -1     |      -1    |  111463 
   b_sre_coso                     |    7.53  |     1130  |       -1     |      -1    |  114099 
   b_sre_sino                     |    7.33  |     1100  |    41250     |       3    |  106272 
   b_mean_long                    |    7.31  |     1096  |       -1     |      -1    |  110719 
   c_P                            |    8.84  |     1327  |    39600     |       4    |  127269 
   c_K                            |    8.82  |     1323  |       -1     |      -1    |  133653 
   c_sre_coso                     |    7.52  |     1127  |    41250     |       3    |  108980 
   c_sre_sino                     |    7.75  |     1162  |    42900     |       2    |  114142 
   c_mean_long                    |    8.29  |     1244  |    42900     |       2    |  122288 
   activity_Prot                  |    6.79  |     1019  |    44550     |       0    |  101447 
   activity_Pdec                  |   10.98  |     1647  |       -1     |      -1    |  166385 
   activity_Oamp                  |    7.38  |     1108  |    39600     |       5    |  105357 

    27 chains have not converged yet, keep going 

Check the documentation for the correct interpretation of these results:
https://pyorbit.readthedocs.io/running_pyorbit/terminal_output/#autocorrelation-analysis

====================================================================================================
     Statistics on the posterior of the sampler parameters     
====================================================================================================

----- dataset:  RVdata
jitter_0        13         1.335       -0.060        0.065   (15-84 p)   [    0.0010,    13.3000]
offset_0        14          10.3         -1.9          2.0   (15-84 p)   [-9995.8980, 10015.6560]
offset_1        15          12.5         -1.9          2.0   (15-84 p)   [-9995.8980, 10015.6560]
offset_2        16          11.6         -1.9          2.0   (15-84 p)   [-9995.8980, 10015.6560]
offset_3        17          11.8         -1.9          2.0   (15-84 p)   [-9995.8980, 10015.6560]

----- dataset: RVdata                    ----- model: gp_multidimensional           
rot_amp         18           2.4         -1.6          2.2   (15-84 p)   [    0.0000,    10.0000]
con_amp         19          4.21        -0.90          1.3   (15-84 p)   [  -20.0000,    20.0000]

----- dataset:  BISdata
jitter_0        20          1.91        -0.10         0.11   (15-84 p)   [    0.0095,    95.0000]
offset_0        21        -73.91        -0.52         0.57   (15-84 p)   [-10079.7333,  9959.4333]
offset_1        22        -42.88        -0.70         0.72   (15-84 p)   [-10079.7333,  9959.4333]
offset_2        23        -51.46        -0.52         0.59   (15-84 p)   [-10079.7333,  9959.4333]
offset_3        24        -59.32        -0.52         0.58   (15-84 p)   [-10079.7333,  9959.4333]

----- dataset: BISdata                   ----- model: gp_multidimensional           
rot_amp         25          -2.1         -1.5          1.5   (15-84 p)   [  -10.0000,    10.0000]
con_amp         26          1.04        -0.31         0.40   (15-84 p)   [  -20.0000,    20.0000]

----- dataset:  FWHMdata
jitter_0        27          0.35        -0.22         0.34   (15-84 p)   [    0.0500,   500.0000]
offset_0        28        6693.1         -2.9          2.8   (15-84 p)   [-3318.6642, 16951.2762]
offset_1        29        6940.3         -3.1          3.0   (15-84 p)   [-3318.6642, 16951.2762]
offset_2        30        6855.9         -2.9          2.8   (15-84 p)   [-3318.6642, 16951.2762]
offset_3        31        6895.1         -2.9          2.8   (15-84 p)   [-3318.6642, 16951.2762]

----- dataset: FWHMdata                  ----- model: gp_multidimensional           
rot_amp         32          -1.5         -3.2          3.1   (15-84 p)   [  -10.0000,    10.0000]
con_amp         33          -6.0         -1.7          1.3   (15-84 p)   [  -20.0000,    20.0000]

----- common model:  b
P                0        0.4452      -0.0037       0.0027   (15-84 p)   [    0.3785,     6.6439]
K                1         -0.61        -0.35         0.29   (15-84 p)   [   -9.9658,     3.3219]
sre_coso         2          0.02        -0.21         0.21   (15-84 p)   [   -1.0000,     1.0000]
sre_sino         3         -0.01        -0.22         0.21   (15-84 p)   [   -1.0000,     1.0000]
mean_long        4           254          -46           32   (15-84 p)   [   88.0255,   448.0255]

----- common model:  c
P                5         6.588       -0.070        0.040   (15-84 p)   [    0.3785,     6.6439]
K                6          0.96        -0.39         0.37   (15-84 p)   [   -9.9658,     3.3219]
sre_coso         7         -0.02        -0.22         0.22   (15-84 p)   [   -1.0000,     1.0000]
sre_sino         8          0.22        -0.22         0.15   (15-84 p)   [   -1.0000,     1.0000]
mean_long        9           127          -14           13   (15-84 p)   [  -44.6310,   315.3690]

----- common model:  activity
Prot            10         28.45        -0.48         0.49   (15-84 p)   [   20.0000,    35.0000]
Pdec            11          32.7         -2.0          4.5   (15-84 p)   [   30.0000,  1000.0000]
Oamp            12         -1.33        -0.12         0.11   (15-84 p)   [   -6.6439,     0.0000]

----- common model:  star_parameters

====================================================================================================
     Statistics on the model parameters obtained from the posteriors samples     
====================================================================================================

----- dataset:  RVdata
jitter_0                 1.335       -0.060        0.065    (15-84 p)
offset_0                  10.3         -1.9          2.0    (15-84 p)
offset_1                  12.5         -1.9          2.0    (15-84 p)
offset_2                  11.6         -1.9          2.0    (15-84 p)
offset_3                  11.8         -1.9          2.0    (15-84 p)


----- dataset: RVdata                    ----- model: gp_multidimensional           
rot_amp                    2.4         -1.6          2.2    (15-84 p)
con_amp                   4.21        -0.90          1.3    (15-84 p)

----- dataset:  BISdata
jitter_0                  1.91        -0.10         0.11    (15-84 p)
offset_0                -73.91        -0.52         0.57    (15-84 p)
offset_1                -42.88        -0.70         0.72    (15-84 p)
offset_2                -51.46        -0.52         0.59    (15-84 p)
offset_3                -59.32        -0.52         0.58    (15-84 p)


----- dataset: BISdata                   ----- model: gp_multidimensional           
rot_amp                   -2.1         -1.5          1.5    (15-84 p)
con_amp                   1.04        -0.31         0.40    (15-84 p)

----- dataset:  FWHMdata
jitter_0                  0.35        -0.22         0.34    (15-84 p)
offset_0                6693.1         -2.9          2.8    (15-84 p)
offset_1                6940.3         -3.1          3.0    (15-84 p)
offset_2                6855.9         -2.9          2.8    (15-84 p)
offset_3                6895.1         -2.9          2.8    (15-84 p)


----- dataset: FWHMdata                  ----- model: gp_multidimensional           
rot_amp                   -1.5         -3.2          3.1    (15-84 p)
con_amp                   -6.0         -1.7          1.3    (15-84 p)

----- common model:  b
P                       1.3615      -0.0035       0.0026    (15-84 p)
K                         0.66        -0.14         0.14    (15-84 p)
mean_long                  254          -46           32    (15-84 p)
e                        0.066       -0.046        0.072    (15-84 p)
omega                       -5         -112          119    (15-84 p)

----- common model:  c
P                         96.2         -4.5          2.7    (15-84 p)
K                         1.94        -0.46         0.56    (15-84 p)
mean_long                  127          -14           13    (15-84 p)
e                        0.105       -0.070        0.087    (15-84 p)
omega                       83          -84           53    (15-84 p)

----- common model:  activity
Prot                     28.45        -0.48         0.49    (15-84 p)
Pdec                      32.7         -2.0          4.5    (15-84 p)
Oamp                     0.397       -0.032        0.032    (15-84 p)

----- common model:  star_parameters

====================================================================================================
     Statistics on the derived parameters obtained from the posteriors samples     
====================================================================================================

----- common model:  b
Inclination fixed to 90 deg!
Computing planetary mass under the approximation M_planet << M_star (threshold at 30.0 Me)
a_Rs                    5.1672      -0.0087       0.0065    (15-84 p)
M_Mj                   0.00356     -0.00077      0.00078    (15-84 p)
M_Me                      1.13        -0.24         0.25    (15-84 p)
Tc                    59335.44        -0.12         0.16    (15-84 p)
a_AU_(M)              0.024040    -0.000041     0.000030    (15-84 p)
a_AU_(rho,R)          0.024040    -0.000041     0.000030    (15-84 p)

----- common model:  c
Inclination fixed to 90 deg!
Computing planetary mass under the approximation M_planet << M_star (threshold at 30.0 Me)
a_Rs                      88.3         -2.8          1.6    (15-84 p)
M_Mj                     0.043       -0.010        0.013    (15-84 p)
M_Me                      13.8         -3.3          4.0    (15-84 p)
Tc                     59420.6         -3.1          3.2    (15-84 p)
a_AU_(M)                0.4109       -0.013       0.0076    (15-84 p)
a_AU_(rho,R)            0.4109       -0.013       0.0076    (15-84 p)


====================================================================================================
     ------------------------------------------------------------------------------------------     
====================================================================================================



45000.0   steps completed, average lnprob:,  -2123.0109421456505


Computing the autocorrelation time of the chains

***** WARNING ******
The integrated autocorrelation time cannot be reliably estimated
likely the chains are too short, and ACF analysis is not fully reliable
emcee.autocorr.integrated_time tolerance lowered to 20
If you still get a warning, you should drop these results entirely

Reference thinning used in the analysis: 150
Maximum value of the integrated ACF: 11
Step length used in the analysis: 11*nthin = 1650

Convergence criteria: less than 1% variation in ACF after 20 times the integrated ACF
At least 50*ACF after convergence, 100*ACF would be ideal
Negative values: not converged yet

   sampler parameter              |    ACF   | ACF*nthin | converged at | nsteps/ACF | to 100*ACF
                                  |          |           |              |            | 
   RVdata_jitter_0                |    7.70  |     1155  |    52800     |       6    |  108327 
   RVdata_offset_0                |   11.71  |     1756  |    57750     |       1    |  173378 
   RVdata_offset_1                |   11.53  |     1730  |    57750     |       1    |  170721 
   RVdata_offset_2                |   11.74  |     1761  |    57750     |       1    |  173840 
   RVdata_offset_3                |   11.65  |     1747  |    57750     |       1    |  172493 
   RVdata_gp_multidimensional_rot_amp |    7.94  |     1191  |    59400     |       1    |  118550 
   RVdata_gp_multidimensional_con_amp |   10.44  |     1566  |    59400     |       0    |  156049 
   BISdata_jitter_0               |    7.67  |     1151  |    57750     |       2    |  112856 
   BISdata_offset_0               |   10.78  |     1617  |    57750     |       1    |  159455 
   BISdata_offset_1               |    9.77  |     1466  |    56100     |       3    |  142670 
   BISdata_offset_2               |   10.29  |     1543  |    51150     |       6    |  145467 
   BISdata_offset_3               |   10.56  |     1584  |    52800     |       5    |  151191 
   BISdata_gp_multidimensional_rot_amp |    8.37  |     1255  |    49500     |       8    |  115007 
   BISdata_gp_multidimensional_con_amp |    9.58  |     1438  |    57750     |       2    |  141502 
   FWHMdata_jitter_0              |    8.36  |     1254  |    49500     |       8    |  114883 
   FWHMdata_offset_0              |   11.42  |     1713  |    56100     |       2    |  167356 
   FWHMdata_offset_1              |   10.88  |     1632  |    51150     |       5    |  154348 
   FWHMdata_offset_2              |   11.29  |     1693  |    52800     |       4    |  162129 
   FWHMdata_offset_3              |   11.39  |     1708  |    54450     |       3    |  165241 
   FWHMdata_gp_multidimensional_rot_amp |    7.33  |     1100  |    51150     |       8    |  101129 
   FWHMdata_gp_multidimensional_con_amp |    9.48  |     1421  |    49500     |       7    |  131647 
   b_P                            |    7.88  |     1181  |    51150     |       7    |  109290 
   b_K                            |    7.85  |     1177  |    51150     |       8    |  108874 
   b_sre_coso                     |    7.70  |     1155  |    46200     |      12    |  101667 
   b_sre_sino                     |    8.42  |     1263  |    41250     |      15    |  107528 
   b_mean_long                    |    8.00  |     1201  |    56100     |       3    |  116152 
   c_P                            |    9.10  |     1366  |    39600     |      15    |  116159 
   c_K                            |    9.23  |     1384  |    52800     |       5    |  131192 
   c_sre_coso                     |    8.08  |     1212  |    41250     |      15    |  102480 
   c_sre_sino                     |    8.06  |     1209  |    42900     |      14    |  103786 
   c_mean_long                    |    8.73  |     1310  |    42900     |      13    |  113865 
   activity_Prot                  |    7.40  |     1109  |    44550     |      14    |   95478 
   activity_Pdec                  |   11.79  |     1769  |    52800     |       4    |  169714 
   activity_Oamp                  |    7.56  |     1135  |    39600     |      18    |   93051 

All the chains have converged, but PyORBIT should keep running for about:
62056 more steps to reach 50*ACF,
132573 more steps to reach 100*ACF
Suggested value for burnin: 51538

Check the documentation for the correct interpretation of these results:
https://pyorbit.readthedocs.io/running_pyorbit/terminal_output/#autocorrelation-analysis

====================================================================================================
     Statistics on the posterior of the sampler parameters     
====================================================================================================

----- dataset:  RVdata
jitter_0        13         1.335       -0.060        0.064   (15-84 p)   [    0.0010,    13.3000]
offset_0        14          10.3         -1.9          2.0   (15-84 p)   [-9995.8980, 10015.6560]
offset_1        15          12.5         -1.9          2.0   (15-84 p)   [-9995.8980, 10015.6560]
offset_2        16          11.6         -1.9          2.0   (15-84 p)   [-9995.8980, 10015.6560]
offset_3        17          11.8         -1.9          2.0   (15-84 p)   [-9995.8980, 10015.6560]

----- dataset: RVdata                    ----- model: gp_multidimensional           
rot_amp         18           2.4         -1.6          2.2   (15-84 p)   [    0.0000,    10.0000]
con_amp         19          4.19        -0.89          1.3   (15-84 p)   [  -20.0000,    20.0000]

----- dataset:  BISdata
jitter_0        20          1.91        -0.10         0.11   (15-84 p)   [    0.0095,    95.0000]
offset_0        21        -73.90        -0.52         0.57   (15-84 p)   [-10079.7333,  9959.4333]
offset_1        22        -42.88        -0.70         0.72   (15-84 p)   [-10079.7333,  9959.4333]
offset_2        23        -51.46        -0.52         0.59   (15-84 p)   [-10079.7333,  9959.4333]
offset_3        24        -59.32        -0.52         0.59   (15-84 p)   [-10079.7333,  9959.4333]

----- dataset: BISdata                   ----- model: gp_multidimensional           
rot_amp         25          -2.1         -1.5          1.5   (15-84 p)   [  -10.0000,    10.0000]
con_amp         26          1.03        -0.30         0.40   (15-84 p)   [  -20.0000,    20.0000]

----- dataset:  FWHMdata
jitter_0        27          0.35        -0.22         0.33   (15-84 p)   [    0.0500,   500.0000]
offset_0        28        6693.1         -2.8          2.7   (15-84 p)   [-3318.6642, 16951.2762]
offset_1        29        6940.3         -3.0          3.0   (15-84 p)   [-3318.6642, 16951.2762]
offset_2        30        6855.9         -2.9          2.8   (15-84 p)   [-3318.6642, 16951.2762]
offset_3        31        6895.1         -2.9          2.8   (15-84 p)   [-3318.6642, 16951.2762]

----- dataset: FWHMdata                  ----- model: gp_multidimensional           
rot_amp         32          -1.5         -3.2          3.0   (15-84 p)   [  -10.0000,    10.0000]
con_amp         33          -5.9         -1.7          1.2   (15-84 p)   [  -20.0000,    20.0000]

----- common model:  b
P                0        0.4452      -0.0037       0.0027   (15-84 p)   [    0.3785,     6.6439]
K                1         -0.61        -0.35         0.29   (15-84 p)   [   -9.9658,     3.3219]
sre_coso         2          0.03        -0.21         0.20   (15-84 p)   [   -1.0000,     1.0000]
sre_sino         3         -0.01        -0.22         0.22   (15-84 p)   [   -1.0000,     1.0000]
mean_long        4           254          -45           32   (15-84 p)   [   88.0255,   448.0255]

----- common model:  c
P                5         6.588       -0.071        0.040   (15-84 p)   [    0.3785,     6.6439]
K                6          0.96        -0.40         0.37   (15-84 p)   [   -9.9658,     3.3219]
sre_coso         7         -0.02        -0.22         0.22   (15-84 p)   [   -1.0000,     1.0000]
sre_sino         8          0.22        -0.22         0.15   (15-84 p)   [   -1.0000,     1.0000]
mean_long        9           127          -14           13   (15-84 p)   [  -44.6310,   315.3690]

----- common model:  activity
Prot            10         28.45        -0.48         0.49   (15-84 p)   [   20.0000,    35.0000]
Pdec            11          32.7         -2.0          4.4   (15-84 p)   [   30.0000,  1000.0000]
Oamp            12         -1.33        -0.12         0.11   (15-84 p)   [   -6.6439,     0.0000]

----- common model:  star_parameters

====================================================================================================
     Statistics on the model parameters obtained from the posteriors samples     
====================================================================================================

----- dataset:  RVdata
jitter_0                 1.335       -0.060        0.064    (15-84 p)
offset_0                  10.3         -1.9          2.0    (15-84 p)
offset_1                  12.5         -1.9          2.0    (15-84 p)
offset_2                  11.6         -1.9          2.0    (15-84 p)
offset_3                  11.8         -1.9          2.0    (15-84 p)


----- dataset: RVdata                    ----- model: gp_multidimensional           
rot_amp                    2.4         -1.6          2.2    (15-84 p)
con_amp                   4.19        -0.89          1.3    (15-84 p)

----- dataset:  BISdata
jitter_0                  1.91        -0.10         0.11    (15-84 p)
offset_0                -73.90        -0.52         0.57    (15-84 p)
offset_1                -42.88        -0.70         0.72    (15-84 p)
offset_2                -51.46        -0.52         0.59    (15-84 p)
offset_3                -59.32        -0.52         0.59    (15-84 p)


----- dataset: BISdata                   ----- model: gp_multidimensional           
rot_amp                   -2.1         -1.5          1.5    (15-84 p)
con_amp                   1.03        -0.30         0.40    (15-84 p)

----- dataset:  FWHMdata
jitter_0                  0.35        -0.22         0.33    (15-84 p)
offset_0                6693.1         -2.8          2.7    (15-84 p)
offset_1                6940.3         -3.0          3.0    (15-84 p)
offset_2                6855.9         -2.9          2.8    (15-84 p)
offset_3                6895.1         -2.9          2.8    (15-84 p)


----- dataset: FWHMdata                  ----- model: gp_multidimensional           
rot_amp                   -1.5         -3.2          3.0    (15-84 p)
con_amp                   -5.9         -1.7          1.2    (15-84 p)

----- common model:  b
P                       1.3615      -0.0034       0.0026    (15-84 p)
K                         0.66        -0.14         0.14    (15-84 p)
mean_long                  254          -45           32    (15-84 p)
e                        0.066       -0.046        0.073    (15-84 p)
omega                       -7         -110          118    (15-84 p)

----- common model:  c
P                         96.2         -4.6          2.7    (15-84 p)
K                         1.94        -0.47         0.57    (15-84 p)
mean_long                  127          -14           13    (15-84 p)
e                        0.104       -0.071        0.087    (15-84 p)
omega                       82          -85           53    (15-84 p)

----- common model:  activity
Prot                     28.45        -0.48         0.49    (15-84 p)
Pdec                      32.7         -2.0          4.4    (15-84 p)
Oamp                     0.397       -0.032        0.032    (15-84 p)

----- common model:  star_parameters

====================================================================================================
     Statistics on the derived parameters obtained from the posteriors samples     
====================================================================================================

----- common model:  b
Inclination fixed to 90 deg!
Computing planetary mass under the approximation M_planet << M_star (threshold at 30.0 Me)
a_Rs                    5.1672      -0.0087       0.0065    (15-84 p)
M_Mj                   0.00355     -0.00077      0.00078    (15-84 p)
M_Me                      1.13        -0.25         0.25    (15-84 p)
Tc                    59335.44        -0.12         0.16    (15-84 p)
a_AU_(M)              0.024040    -0.000041     0.000030    (15-84 p)
a_AU_(rho,R)          0.024040    -0.000041     0.000030    (15-84 p)

----- common model:  c
Inclination fixed to 90 deg!
Computing planetary mass under the approximation M_planet << M_star (threshold at 30.0 Me)
a_Rs                      88.3         -2.8          1.7    (15-84 p)
M_Mj                     0.043       -0.010        0.013    (15-84 p)
M_Me                      13.7         -3.3          4.1    (15-84 p)
Tc                     59420.6         -3.2          3.2    (15-84 p)
a_AU_(M)                0.4109       -0.013       0.0077    (15-84 p)
a_AU_(rho,R)            0.4109       -0.013       0.0077    (15-84 p)


====================================================================================================
     ------------------------------------------------------------------------------------------     
====================================================================================================



60000.0   steps completed, average lnprob:,  -2123.2578004653014


emcee completed


:::---::: PyORBIT v11.0.1 :::---:::

Python version in use:
3.10.18 (main, Jun  5 2025, 13:14:17) [GCC 11.2.0]
LaTeX disabled by default

Using orbital model:  keplerian
Using orbital parametrization:  Eastman2013

Using orbital model:  keplerian
Using orbital parametrization:  Eastman2013

gp_multidimensional  S+LEAF model, number of harmonics: 4

GP model: gp_multidimensional  hyperparameters_condition:    True
GP model: gp_multidimensional  rotation_decay_condition:     True

### PyORBIT version used in the analysis:  11.0.1

 emcee version:  3.1.6

 Reference Time Tref: 59334.700184

 Data points:840
 Dimensions: 34
 Nwalkers:   136
 Steps:      60000


Number of samplings: 40800

Recomputing ln-prior, it may take a while...

ln-probability   distribution:  -2123.61       -5.04      4.20 (15-84 p) 
ln-prior         distribution:   -194.07       -2.48      1.70 (15-84 p) 
ln-likelihood    distribution:  -1929.19       -4.97      4.20 (15-84 p) 


*** Information criteria using the likelihood distribution

 BIC from distribution  (using likelihood)  =   4087.31     -8.40    9.93 (15-84 p)
 AIC from distribution  (using likelihood)  =   3926.38     -8.40    9.93 (15-84 p)
 AICc from distribution (using likelihood)  =   3929.33     -8.40    9.93 (15-84 p)


*** Information criteria using the median parameter set

 ln_probability of Median solution =  -2108.51
 ln_priors of Median solution      =   -192.24
 ln_likelihood of Median solution  =  -1916.28

 Median BIC  (using likelihood) =   4061.49
 Median AIC  (using likelihood) =   3900.55
 Median AICc (using likelihood) =   3903.51


*** Information criteria using the MAP parameter set

 ln_probability of MAP solution =  -2110.33
 ln_priors of MAP solution      =   -191.30
 ln_likelihood of MAP solution  =  -1919.03

 MAP BIC  (using likelihood)    =   4067.00
 MAP AIC  (using likelihood)    =   3906.07
 MAP AICc (using likelihood)    =   3909.02

 AICc suggested over AIC because NDATA ( 840 ) < 40 * NDIM ( 34 )

****************************************************************************************************


Computing the autocorrelation time of the chains

***** WARNING ******
The integrated autocorrelation time cannot be reliably estimated
likely the chains are too short, and ACF analysis is not fully reliable
emcee.autocorr.integrated_time tolerance lowered to 20
If you still get a warning, you should drop these results entirely

Reference thinning used in the analysis: 150
Maximum value of the integrated ACF: 11
Step length used in the analysis: 11*nthin = 1650

Convergence criteria: less than 1% variation in ACF after 20 times the integrated ACF
At least 50*ACF after convergence, 100*ACF would be ideal
Negative values: not converged yet

   sampler parameter              |    ACF   | ACF*nthin | converged at | nsteps/ACF | to 100*ACF
                                  |          |           |              |            | 
   RVdata_jitter_0                |    7.70  |     1155  |    52800     |       6    |  108327 
   RVdata_offset_0                |   11.71  |     1756  |    57750     |       1    |  173378 
   RVdata_offset_1                |   11.53  |     1730  |    57750     |       1    |  170721 
   RVdata_offset_2                |   11.74  |     1761  |    57750     |       1    |  173840 
   RVdata_offset_3                |   11.65  |     1747  |    57750     |       1    |  172493 
   RVdata_gp_multidimensional_rot_amp |    7.94  |     1191  |    59400     |       1    |  118550 
   RVdata_gp_multidimensional_con_amp |   10.44  |     1566  |    59400     |       0    |  156049 
   BISdata_jitter_0               |    7.67  |     1151  |    57750     |       2    |  112856 
   BISdata_offset_0               |   10.78  |     1617  |    57750     |       1    |  159455 
   BISdata_offset_1               |    9.77  |     1466  |    56100     |       3    |  142670 
   BISdata_offset_2               |   10.29  |     1543  |    51150     |       6    |  145467 
   BISdata_offset_3               |   10.56  |     1584  |    52800     |       5    |  151191 
   BISdata_gp_multidimensional_rot_amp |    8.37  |     1255  |    49500     |       8    |  115007 
   BISdata_gp_multidimensional_con_amp |    9.58  |     1438  |    57750     |       2    |  141502 
   FWHMdata_jitter_0              |    8.36  |     1254  |    49500     |       8    |  114883 
   FWHMdata_offset_0              |   11.42  |     1713  |    56100     |       2    |  167356 
   FWHMdata_offset_1              |   10.88  |     1632  |    51150     |       5    |  154348 
   FWHMdata_offset_2              |   11.29  |     1693  |    52800     |       4    |  162129 
   FWHMdata_offset_3              |   11.39  |     1708  |    54450     |       3    |  165241 
   FWHMdata_gp_multidimensional_rot_amp |    7.33  |     1100  |    51150     |       8    |  101129 
   FWHMdata_gp_multidimensional_con_amp |    9.48  |     1421  |    49500     |       7    |  131647 
   b_P                            |    7.88  |     1181  |    51150     |       7    |  109290 
   b_K                            |    7.85  |     1177  |    51150     |       8    |  108874 
   b_sre_coso                     |    7.70  |     1155  |    46200     |      12    |  101667 
   b_sre_sino                     |    8.42  |     1263  |    41250     |      15    |  107528 
   b_mean_long                    |    8.00  |     1201  |    56100     |       3    |  116152 
   c_P                            |    9.10  |     1366  |    39600     |      15    |  116159 
   c_K                            |    9.23  |     1384  |    52800     |       5    |  131192 
   c_sre_coso                     |    8.08  |     1212  |    41250     |      15    |  102480 
   c_sre_sino                     |    8.06  |     1209  |    42900     |      14    |  103786 
   c_mean_long                    |    8.73  |     1310  |    42900     |      13    |  113865 
   activity_Prot                  |    7.40  |     1109  |    44550     |      14    |   95478 
   activity_Pdec                  |   11.79  |     1769  |    52800     |       4    |  169714 
   activity_Oamp                  |    7.56  |     1135  |    39600     |      18    |   93051 

All the chains have converged, but PyORBIT should keep running for about:
62056 more steps to reach 50*ACF,
132573 more steps to reach 100*ACF
Suggested value for burnin: 51538

Check the documentation for the correct interpretation of these results:
https://pyorbit.readthedocs.io/running_pyorbit/terminal_output/#autocorrelation-analysis

 Plotting the ACF... 


====================================================================================================
     Ids, spaces (s), boundaries (b) and priors (p) of the sampler parameters     
====================================================================================================

----- dataset:  RVdata
jitter_0      id:  13  s:Linear      b:[      0.0010,      13.3000]   p:Uniform   []
offset_0      id:  14  s:Linear      b:[  -9995.8980,   10015.6560]   p:Uniform   []
offset_1      id:  15  s:Linear      b:[  -9995.8980,   10015.6560]   p:Uniform   []
offset_2      id:  16  s:Linear      b:[  -9995.8980,   10015.6560]   p:Uniform   []
offset_3      id:  17  s:Linear      b:[  -9995.8980,   10015.6560]   p:Uniform   []

----- dataset: RVdata                    ----- model: gp_multidimensional           
rot_amp       id:  18  s:Linear      b:[      0.0000,      10.0000]   p:Uniform   []
con_amp       id:  19  s:Linear      b:[    -20.0000,      20.0000]   p:Uniform   []

----- dataset:  BISdata
jitter_0      id:  20  s:Linear      b:[      0.0095,      95.0000]   p:Uniform   []
offset_0      id:  21  s:Linear      b:[ -10079.7333,    9959.4333]   p:Uniform   []
offset_1      id:  22  s:Linear      b:[ -10079.7333,    9959.4333]   p:Uniform   []
offset_2      id:  23  s:Linear      b:[ -10079.7333,    9959.4333]   p:Uniform   []
offset_3      id:  24  s:Linear      b:[ -10079.7333,    9959.4333]   p:Uniform   []

----- dataset: BISdata                   ----- model: gp_multidimensional           
rot_amp       id:  25  s:Linear      b:[    -10.0000,      10.0000]   p:Uniform   []
con_amp       id:  26  s:Linear      b:[    -20.0000,      20.0000]   p:Uniform   []

----- dataset:  FWHMdata
jitter_0      id:  27  s:Linear      b:[      0.0500,     500.0000]   p:Uniform   []
offset_0      id:  28  s:Linear      b:[  -3318.6642,   16951.2762]   p:Uniform   []
offset_1      id:  29  s:Linear      b:[  -3318.6642,   16951.2762]   p:Uniform   []
offset_2      id:  30  s:Linear      b:[  -3318.6642,   16951.2762]   p:Uniform   []
offset_3      id:  31  s:Linear      b:[  -3318.6642,   16951.2762]   p:Uniform   []

----- dataset: FWHMdata                  ----- model: gp_multidimensional           
rot_amp       id:  32  s:Linear      b:[    -10.0000,      10.0000]   p:Uniform   []
con_amp       id:  33  s:Linear      b:[    -20.0000,      20.0000]   p:Uniform   []

----- common model:  b
P             id:   0  s:Log_Base2   b:[      0.3785,       6.6439]   p:Uniform   []
K             id:   1  s:Log_Base2   b:[     -9.9658,       3.3219]   p:Uniform   []
sre_coso      id:   2  s:Linear      b:[     -1.0000,       1.0000]   p:Uniform   []
sre_sino      id:   3  s:Linear      b:[     -1.0000,       1.0000]   p:Uniform   []
mean_long     id:   4  s:Linear      b:[     88.0255,     448.0255]   p:Uniform   []
e             derived (no id, space, bound)                           p:Gaussian   [0.    0.098]
omega         derived (no id, space, bound)                           p:Uniform   [0.0, 360.0]

----- common model:  c
P             id:   5  s:Log_Base2   b:[      0.3785,       6.6439]   p:Uniform   []
K             id:   6  s:Log_Base2   b:[     -9.9658,       3.3219]   p:Uniform   []
sre_coso      id:   7  s:Linear      b:[     -1.0000,       1.0000]   p:Uniform   []
sre_sino      id:   8  s:Linear      b:[     -1.0000,       1.0000]   p:Uniform   []
mean_long     id:   9  s:Linear      b:[    -44.6310,     315.3690]   p:Uniform   []
e             derived (no id, space, bound)                           p:Gaussian   [0.    0.098]
omega         derived (no id, space, bound)                           p:Uniform   [0.0, 360.0]

----- common model:  activity
Prot          id:  10  s:Linear      b:[     20.0000,      35.0000]   p:Gaussian   [28.   0.5]
Pdec          id:  11  s:Linear      b:[     30.0000,    1000.0000]   p:Uniform   []
Oamp          id:  12  s:Log_Base2   b:[     -6.6439,       0.0000]   p:Gaussian   [0.35  0.035]

----- common model:  star_parameters
mass          derived (no id, space, bound)                           p:Gaussian   [1.e+00 1.e-06]
radius        derived (no id, space, bound)                           p:Gaussian   [1.e+00 1.e-06]
density       derived (no id, space, bound)                           p:Gaussian   [1.e+00 1.e-06]


****************************************************************************************************
****************************************************************************************************

 Confidence intervals (median value, 34.135th percentile from the median on the left and right side)

====================================================================================================
     Statistics on the posterior of the sampler parameters     
====================================================================================================

----- dataset:  RVdata
jitter_0        13         1.335       -0.060        0.064   (15-84 p)   [    0.0010,    13.3000]
offset_0        14          10.3         -1.9          2.0   (15-84 p)   [-9995.8980, 10015.6560]
offset_1        15          12.5         -1.9          2.0   (15-84 p)   [-9995.8980, 10015.6560]
offset_2        16          11.6         -1.9          2.0   (15-84 p)   [-9995.8980, 10015.6560]
offset_3        17          11.8         -1.9          2.0   (15-84 p)   [-9995.8980, 10015.6560]

----- dataset: RVdata                    ----- model: gp_multidimensional           
rot_amp         18           2.4         -1.6          2.2   (15-84 p)   [    0.0000,    10.0000]
con_amp         19          4.19        -0.89          1.3   (15-84 p)   [  -20.0000,    20.0000]

----- dataset:  BISdata
jitter_0        20          1.91        -0.10         0.11   (15-84 p)   [    0.0095,    95.0000]
offset_0        21        -73.90        -0.52         0.57   (15-84 p)   [-10079.7333,  9959.4333]
offset_1        22        -42.88        -0.70         0.72   (15-84 p)   [-10079.7333,  9959.4333]
offset_2        23        -51.46        -0.52         0.59   (15-84 p)   [-10079.7333,  9959.4333]
offset_3        24        -59.32        -0.52         0.59   (15-84 p)   [-10079.7333,  9959.4333]

----- dataset: BISdata                   ----- model: gp_multidimensional           
rot_amp         25          -2.1         -1.5          1.5   (15-84 p)   [  -10.0000,    10.0000]
con_amp         26          1.03        -0.30         0.40   (15-84 p)   [  -20.0000,    20.0000]

----- dataset:  FWHMdata
jitter_0        27          0.35        -0.22         0.33   (15-84 p)   [    0.0500,   500.0000]
offset_0        28        6693.1         -2.8          2.7   (15-84 p)   [-3318.6642, 16951.2762]
offset_1        29        6940.3         -3.0          3.0   (15-84 p)   [-3318.6642, 16951.2762]
offset_2        30        6855.9         -2.9          2.8   (15-84 p)   [-3318.6642, 16951.2762]
offset_3        31        6895.1         -2.9          2.8   (15-84 p)   [-3318.6642, 16951.2762]

----- dataset: FWHMdata                  ----- model: gp_multidimensional           
rot_amp         32          -1.5         -3.2          3.0   (15-84 p)   [  -10.0000,    10.0000]
con_amp         33          -5.9         -1.7          1.2   (15-84 p)   [  -20.0000,    20.0000]

----- common model:  b
P                0        0.4452      -0.0037       0.0027   (15-84 p)   [    0.3785,     6.6439]
K                1         -0.61        -0.35         0.29   (15-84 p)   [   -9.9658,     3.3219]
sre_coso         2          0.03        -0.21         0.20   (15-84 p)   [   -1.0000,     1.0000]
sre_sino         3         -0.01        -0.22         0.22   (15-84 p)   [   -1.0000,     1.0000]
mean_long        4           254          -45           32   (15-84 p)   [   88.0255,   448.0255]

----- common model:  c
P                5         6.588       -0.071        0.040   (15-84 p)   [    0.3785,     6.6439]
K                6          0.96        -0.40         0.37   (15-84 p)   [   -9.9658,     3.3219]
sre_coso         7         -0.02        -0.22         0.22   (15-84 p)   [   -1.0000,     1.0000]
sre_sino         8          0.22        -0.22         0.15   (15-84 p)   [   -1.0000,     1.0000]
mean_long        9           127          -14           13   (15-84 p)   [  -44.6310,   315.3690]

----- common model:  activity
Prot            10         28.45        -0.48         0.49   (15-84 p)   [   20.0000,    35.0000]
Pdec            11          32.7         -2.0          4.4   (15-84 p)   [   30.0000,  1000.0000]
Oamp            12         -1.33        -0.12         0.11   (15-84 p)   [   -6.6439,     0.0000]

----- common model:  star_parameters

====================================================================================================
     Statistics on the model parameters obtained from the posteriors samples     
====================================================================================================

----- dataset:  RVdata
jitter_0                 1.335       -0.060        0.064    (15-84 p)
offset_0                  10.3         -1.9          2.0    (15-84 p)
offset_1                  12.5         -1.9          2.0    (15-84 p)
offset_2                  11.6         -1.9          2.0    (15-84 p)
offset_3                  11.8         -1.9          2.0    (15-84 p)


----- dataset: RVdata                    ----- model: gp_multidimensional           
rot_amp                    2.4         -1.6          2.2    (15-84 p)
con_amp                   4.19        -0.89          1.3    (15-84 p)

----- dataset:  BISdata
jitter_0                  1.91        -0.10         0.11    (15-84 p)
offset_0                -73.90        -0.52         0.57    (15-84 p)
offset_1                -42.88        -0.70         0.72    (15-84 p)
offset_2                -51.46        -0.52         0.59    (15-84 p)
offset_3                -59.32        -0.52         0.59    (15-84 p)


----- dataset: BISdata                   ----- model: gp_multidimensional           
rot_amp                   -2.1         -1.5          1.5    (15-84 p)
con_amp                   1.03        -0.30         0.40    (15-84 p)

----- dataset:  FWHMdata
jitter_0                  0.35        -0.22         0.33    (15-84 p)
offset_0                6693.1         -2.8          2.7    (15-84 p)
offset_1                6940.3         -3.0          3.0    (15-84 p)
offset_2                6855.9         -2.9          2.8    (15-84 p)
offset_3                6895.1         -2.9          2.8    (15-84 p)


----- dataset: FWHMdata                  ----- model: gp_multidimensional           
rot_amp                   -1.5         -3.2          3.0    (15-84 p)
con_amp                   -5.9         -1.7          1.2    (15-84 p)

----- common model:  b
P                       1.3615      -0.0034       0.0026    (15-84 p)
K                         0.66        -0.14         0.14    (15-84 p)
mean_long                  254          -45           32    (15-84 p)
e                        0.066       -0.046        0.073    (15-84 p)
omega                      112         -118          141    (15-84 p)

----- common model:  c
P                         96.2         -4.6          2.7    (15-84 p)
K                         1.94        -0.47         0.57    (15-84 p)
mean_long                  127          -14           13    (15-84 p)
e                        0.104       -0.071        0.087    (15-84 p)
omega                       95          -60           60    (15-84 p)

----- common model:  activity
Prot                     28.45        -0.48         0.49    (15-84 p)
Pdec                      32.7         -2.0          4.4    (15-84 p)
Oamp                     0.397       -0.032        0.032    (15-84 p)

----- common model:  star_parameters

====================================================================================================
     Statistics on the derived parameters obtained from the posteriors samples     
====================================================================================================

----- common model:  b
Inclination fixed to 90 deg!
Computing planetary mass under the approximation M_planet << M_star (threshold at 30.0 Me)
a_Rs                    5.1672      -0.0087       0.0065    (15-84 p)
M_Mj                   0.00355     -0.00077      0.00078    (15-84 p)
M_Me                      1.13        -0.25         0.25    (15-84 p)
Tc                    59335.44        -0.12         0.16    (15-84 p)
a_AU_(M)              0.024040    -0.000041     0.000030    (15-84 p)
a_AU_(rho,R)          0.024040    -0.000041     0.000030    (15-84 p)

----- common model:  c
Inclination fixed to 90 deg!
Computing planetary mass under the approximation M_planet << M_star (threshold at 30.0 Me)
a_Rs                      88.3         -2.8          1.7    (15-84 p)
M_Mj                     0.043       -0.010        0.013    (15-84 p)
M_Me                      13.7         -3.3          4.1    (15-84 p)
Tc                     59420.6         -3.2          3.2    (15-84 p)
a_AU_(M)                0.4109       -0.013       0.0077    (15-84 p)
a_AU_(rho,R)            0.4109       -0.013       0.0077    (15-84 p)


====================================================================================================
     ------------------------------------------------------------------------------------------     
====================================================================================================



****************************************************************************************************

 Parameters corresponding to the Maximum a Posteriori probability ( -2110.333494007723 )

====================================================================================================
     Statistics on the posterior of the sampler parameters     
====================================================================================================

----- dataset:  RVdata
jitter_0        13      1.293604 [    0.0010,    13.3000]
offset_0        14     11.759816 [-9995.8980, 10015.6560]
offset_1        15     14.146818 [-9995.8980, 10015.6560]
offset_2        16     13.056019 [-9995.8980, 10015.6560]
offset_3        17     13.195975 [-9995.8980, 10015.6560]

----- dataset: RVdata                    ----- model: gp_multidimensional           
rot_amp         18      1.820509 [    0.0000,    10.0000]
con_amp         19      3.904454 [  -20.0000,    20.0000]

----- dataset:  BISdata
jitter_0        20      1.933551 [    0.0095,    95.0000]
offset_0        21    -73.582671 [-10079.7333,  9959.4333]
offset_1        22    -42.454534 [-10079.7333,  9959.4333]
offset_2        23    -51.292069 [-10079.7333,  9959.4333]
offset_3        24    -59.279855 [-10079.7333,  9959.4333]

----- dataset: BISdata                   ----- model: gp_multidimensional           
rot_amp         25     -1.192575 [  -10.0000,    10.0000]
con_amp         26      0.757084 [  -20.0000,    20.0000]

----- dataset:  FWHMdata
jitter_0        27      0.111855 [    0.0500,   500.0000]
offset_0        28   6691.397545 [-3318.6642, 16951.2762]
offset_1        29   6937.979113 [-3318.6642, 16951.2762]
offset_2        30   6853.440324 [-3318.6642, 16951.2762]
offset_3        31   6892.649605 [-3318.6642, 16951.2762]

----- dataset: FWHMdata                  ----- model: gp_multidimensional           
rot_amp         32     -1.189661 [  -10.0000,    10.0000]
con_amp         33     -5.707306 [  -20.0000,    20.0000]

----- common model:  b
P                0      0.443599 [    0.3785,     6.6439]
K                1     -0.519029 [   -9.9658,     3.3219]
sre_coso         2     -0.068036 [   -1.0000,     1.0000]
sre_sino         3      0.100053 [   -1.0000,     1.0000]
mean_long        4    232.559859 [   88.0255,   448.0255]

----- common model:  c
P                5      6.638805 [    0.3785,     6.6439]
K                6      1.135553 [   -9.9658,     3.3219]
sre_coso         7     -0.022554 [   -1.0000,     1.0000]
sre_sino         8      0.185326 [   -1.0000,     1.0000]
mean_long        9    138.000173 [  -44.6310,   315.3690]

----- common model:  activity
Prot            10     28.376322 [   20.0000,    35.0000]
Pdec            11     30.215720 [   30.0000,  1000.0000]
Oamp            12     -1.444116 [   -6.6439,     0.0000]

----- common model:  star_parameters

====================================================================================================
     Statistics on the model parameters obtained from the posteriors samples     
====================================================================================================

----- dataset:  RVdata
jitter_0              1.293604 
offset_0             11.759816 
offset_1             14.146818 
offset_2             13.056019 
offset_3             13.195975 


----- dataset: RVdata                    ----- model: gp_multidimensional           
rot_amp               1.820509 
con_amp               3.904454 

----- dataset:  BISdata
jitter_0              1.933551 
offset_0            -73.582671 
offset_1            -42.454534 
offset_2            -51.292069 
offset_3            -59.279855 


----- dataset: BISdata                   ----- model: gp_multidimensional           
rot_amp              -1.192575 
con_amp               0.757084 

----- dataset:  FWHMdata
jitter_0              0.111855 
offset_0           6691.397545 
offset_1           6937.979113 
offset_2           6853.440324 
offset_3           6892.649605 


----- dataset: FWHMdata                  ----- model: gp_multidimensional           
rot_amp              -1.189661 
con_amp              -5.707306 

----- common model:  b
P                     1.359993 
K                     0.697841 
mean_long           232.559859 
e                     0.014640 
omega               124.215720 

----- common model:  c
P                    99.650497 
K                     2.197028 
mean_long           138.000173 
e                     0.034854 
omega                96.938718 

----- common model:  activity
Prot                 28.376322 
Pdec                 30.215720 
Oamp                  0.367517 

----- common model:  star_parameters

====================================================================================================
     Statistics on the derived parameters obtained from the posteriors samples     
====================================================================================================

----- common model:  b
Inclination fixed to 90 deg!
a_Rs                  5.163445 
M_Mj                  0.003803 
M_Me                  1.208943 
Tc                59335.525152 
a_AU_(M)              0.024023 
a_AU_(rho,R)          0.024023 

----- common model:  c
Inclination fixed to 90 deg!
a_Rs                 90.414191 
M_Mj                  0.050078 
M_Me                 15.919427 
Tc                59421.194073 
a_AU_(M)              0.420656 
a_AU_(rho,R)          0.420649 


====================================================================================================
     ------------------------------------------------------------------------------------------     
====================================================================================================



****************************************************************************************************

 Parameters corresponding to the sample closest to the median values ( -2120.1701080984567 )

====================================================================================================
     Statistics on the posterior of the sampler parameters     
====================================================================================================

----- dataset:  RVdata
jitter_0        13      1.291930 [    0.0010,    13.3000]
offset_0        14     10.267665 [-9995.8980, 10015.6560]
offset_1        15     13.497287 [-9995.8980, 10015.6560]
offset_2        16     12.021265 [-9995.8980, 10015.6560]
offset_3        17     11.559773 [-9995.8980, 10015.6560]

----- dataset: RVdata                    ----- model: gp_multidimensional           
rot_amp         18      2.817058 [    0.0000,    10.0000]
con_amp         19      3.668076 [  -20.0000,    20.0000]

----- dataset:  BISdata
jitter_0        20      1.867802 [    0.0095,    95.0000]
offset_0        21    -74.021457 [-10079.7333,  9959.4333]
offset_1        22    -42.743462 [-10079.7333,  9959.4333]
offset_2        23    -51.290216 [-10079.7333,  9959.4333]
offset_3        24    -59.447166 [-10079.7333,  9959.4333]

----- dataset: BISdata                   ----- model: gp_multidimensional           
rot_amp         25     -2.912093 [  -10.0000,    10.0000]
con_amp         26      1.026657 [  -20.0000,    20.0000]

----- dataset:  FWHMdata
jitter_0        27      0.387827 [    0.0500,   500.0000]
offset_0        28   6693.074690 [-3318.6642, 16951.2762]
offset_1        29   6941.222477 [-3318.6642, 16951.2762]
offset_2        30   6855.326546 [-3318.6642, 16951.2762]
offset_3        31   6895.496863 [-3318.6642, 16951.2762]

----- dataset: FWHMdata                  ----- model: gp_multidimensional           
rot_amp         32     -3.031669 [  -10.0000,    10.0000]
con_amp         33     -5.649601 [  -20.0000,    20.0000]

----- common model:  b
P                0      0.447519 [    0.3785,     6.6439]
K                1     -0.863037 [   -9.9658,     3.3219]
sre_coso         2      0.047901 [   -1.0000,     1.0000]
sre_sino         3      0.047104 [   -1.0000,     1.0000]
mean_long        4    273.877855 [   88.0255,   448.0255]

----- common model:  c
P                5      6.595593 [    0.3785,     6.6439]
K                6      0.451391 [   -9.9658,     3.3219]
sre_coso         7      0.068925 [   -1.0000,     1.0000]
sre_sino         8      0.094821 [   -1.0000,     1.0000]
mean_long        9    130.286511 [  -44.6310,   315.3690]

----- common model:  activity
Prot            10     28.548013 [   20.0000,    35.0000]
Pdec            11     30.846944 [   30.0000,  1000.0000]
Oamp            12     -1.329958 [   -6.6439,     0.0000]

----- common model:  star_parameters

====================================================================================================
     Statistics on the model parameters obtained from the posteriors samples     
====================================================================================================

----- dataset:  RVdata
jitter_0              1.291930 
offset_0             10.267665 
offset_1             13.497287 
offset_2             12.021265 
offset_3             11.559773 


----- dataset: RVdata                    ----- model: gp_multidimensional           
rot_amp               2.817058 
con_amp               3.668076 

----- dataset:  BISdata
jitter_0              1.867802 
offset_0            -74.021457 
offset_1            -42.743462 
offset_2            -51.290216 
offset_3            -59.447166 


----- dataset: BISdata                   ----- model: gp_multidimensional           
rot_amp              -2.912093 
con_amp               1.026657 

----- dataset:  FWHMdata
jitter_0              0.387827 
offset_0           6693.074690 
offset_1           6941.222477 
offset_2           6855.326546 
offset_3           6895.496863 


----- dataset: FWHMdata                  ----- model: gp_multidimensional           
rot_amp              -3.031669 
con_amp              -5.649601 

----- common model:  b
P                     1.363693 
K                     0.549794 
mean_long           273.877855 
e                     0.004513 
omega                44.519194 

----- common model:  c
P                    96.709971 
K                     1.367358 
mean_long           130.286511 
e                     0.013742 
omega                53.986461 

----- common model:  activity
Prot                 28.548013 
Pdec                 30.846944 
Oamp                  0.397780 

----- common model:  star_parameters

====================================================================================================
     Statistics on the derived parameters obtained from the posteriors samples     
====================================================================================================

----- common model:  b
Inclination fixed to 90 deg!
a_Rs                  5.172829 
M_Mj                  0.002999 
M_Me                  0.953420 
Tc                59335.365948 
a_AU_(M)              0.024066 
a_AU_(rho,R)          0.024066 

----- common model:  c
Inclination fixed to 90 deg!
a_Rs                 88.626480 
M_Mj                  0.030873 
M_Me                  9.814219 
Tc                59420.340970 
a_AU_(M)              0.412337 
a_AU_(rho,R)          0.412332 


====================================================================================================
     ------------------------------------------------------------------------------------------     
====================================================================================================



****************************************************************************************************

Inclination fixed to 90 deg!
Inclination fixed to 90 deg!
Note: stellar density derived from stellar mass and radius

Inclination fixed to 90 deg!
Inclination fixed to 90 deg!
Inclination fixed to 90 deg!
Inclination fixed to 90 deg!
 Plot FLAT chain 

****************************************************************************************************

 Skipping full correlation plot due to the high number of parameters
 To avoid this behaviour, set the keyword parameters:force_full_correlation_plot to True

****************************************************************************************************

 Plotting the chains... 

****************************************************************************************************

 Plotting the Gelman-Rubin traces... 

     Gelman-Rubin:    13     1.011446 RVdata_jitter_0 
     Gelman-Rubin:    14     1.023108 RVdata_offset_0 
     Gelman-Rubin:    15     1.023329 RVdata_offset_1 
     Gelman-Rubin:    16     1.023141 RVdata_offset_2 
     Gelman-Rubin:    17     1.022903 RVdata_offset_3 
     Gelman-Rubin:    18     1.014923 RVdata_gp_multidimensional_rot_amp 
     Gelman-Rubin:    19     1.016392 RVdata_gp_multidimensional_con_amp 
     Gelman-Rubin:    20     1.009278 BISdata_jitter_0 
     Gelman-Rubin:    21     1.021397 BISdata_offset_0 
     Gelman-Rubin:    22     1.016331 BISdata_offset_1 
     Gelman-Rubin:    23     1.021630 BISdata_offset_2 
     Gelman-Rubin:    24     1.021270 BISdata_offset_3 
     Gelman-Rubin:    25     1.014087 BISdata_gp_multidimensional_rot_amp 
     Gelman-Rubin:    26     1.013851 BISdata_gp_multidimensional_con_amp 
     Gelman-Rubin:    27     1.012537 FWHMdata_jitter_0 
     Gelman-Rubin:    28     1.023297 FWHMdata_offset_0 
     Gelman-Rubin:    29     1.021603 FWHMdata_offset_1 
     Gelman-Rubin:    30     1.023631 FWHMdata_offset_2 
     Gelman-Rubin:    31     1.021933 FWHMdata_offset_3 
     Gelman-Rubin:    32     1.011091 FWHMdata_gp_multidimensional_rot_amp 
     Gelman-Rubin:    33     1.016636 FWHMdata_gp_multidimensional_con_amp 
     Gelman-Rubin:     0     1.012240 b_P 
     Gelman-Rubin:     1     1.009971 b_K 
     Gelman-Rubin:     2     1.011045 b_sre_coso 
     Gelman-Rubin:     3     1.011048 b_sre_sino 
     Gelman-Rubin:     4     1.013014 b_mean_long 
     Gelman-Rubin:     5     1.013768 c_P 
     Gelman-Rubin:     6     1.015292 c_K 
     Gelman-Rubin:     7     1.011482 c_sre_coso 
     Gelman-Rubin:     8     1.011018 c_sre_sino 
     Gelman-Rubin:     9     1.014751 c_mean_long 
     Gelman-Rubin:    10     1.009204 activity_Prot 
     Gelman-Rubin:    11     1.020607 activity_Pdec 
     Gelman-Rubin:    12     1.009700 activity_Oamp 

****************************************************************************************************

Plotting the common models corner plots
     Common model:  b
     Common model:  c
     Common model:  activity
     Common model:  star_parameters

****************************************************************************************************

Plotting the dataset + models corner plots 

     Dataset:  RVdata     model:  gp_multidimensional  corner plot  starting 
     Dataset:  RVdata     model:  gp_multidimensional  corner plot  done 
     Dataset:  RVdata     model:  radial_velocities_b  corner plot  starting 
     Dataset:  RVdata     model:  radial_velocities_b  corner plot  done 
     Dataset:  RVdata     model:  radial_velocities_c  corner plot  starting 
     Dataset:  RVdata     model:  radial_velocities_c  corner plot  done 
     Dataset:  BISdata     model:  gp_multidimensional  corner plot  starting 
     Dataset:  BISdata     model:  gp_multidimensional  corner plot  done 
     Dataset:  FWHMdata     model:  gp_multidimensional  corner plot  starting 
     Dataset:  FWHMdata     model:  gp_multidimensional  corner plot  done 

****************************************************************************************************

 Saving the planet parameter samplings to files (with plots)

****************************************************************************************************

 Saving all the parameter samplings to files (with plots)

****************************************************************************************************

 Computing the models for plot/data writing 
     Splitting the plot array to allow GP prediction of extended datasets, it may take a while...
     # 57 chunks of 100 times each
     Check the documentation if the code is taking too long or if it crashes...
     Splitting the plot array to allow GP prediction of extended datasets, it may take a while...
     # 34 chunks of 100 times each
     Check the documentation if the code is taking too long or if it crashes...
     Splitting the plot array to allow GP prediction of extended datasets, it may take a while...
     # 34 chunks of 100 times each
     Check the documentation if the code is taking too long or if it crashes...
     Splitting the plot array to allow GP prediction of extended datasets, it may take a while...
     # 57 chunks of 100 times each
     Check the documentation if the code is taking too long or if it crashes...
     Splitting the plot array to allow GP prediction of extended datasets, it may take a while...
     # 34 chunks of 100 times each
     Check the documentation if the code is taking too long or if it crashes...
     Splitting the plot array to allow GP prediction of extended datasets, it may take a while...
     # 34 chunks of 100 times each
     Check the documentation if the code is taking too long or if it crashes...
     Splitting the plot array to allow GP prediction of extended datasets, it may take a while...
     # 57 chunks of 100 times each
     Check the documentation if the code is taking too long or if it crashes...
     Splitting the plot array to allow GP prediction of extended datasets, it may take a while...
     # 34 chunks of 100 times each
     Check the documentation if the code is taking too long or if it crashes...
     Splitting the plot array to allow GP prediction of extended datasets, it may take a while...
     # 34 chunks of 100 times each
     Check the documentation if the code is taking too long or if it crashes...
 Writing the plots 
 Writing the   data files 
 Writing the  MAP_ data files 
 Writing the  sampleMED_ data files 

****************************************************************************************************

