
:::---::: PyORBIT v11.0.1 :::---:::

Python version in use:
3.10.18 (main, Jun  5 2025, 13:14:17) [GCC 11.2.0]

reloaded_optimize:  False
reloaded_pyde:  False
reloaded_emcee:  False

number of multiprocessing threads: 16
multiprocessing method (should be fork):  fork

parameters/safe_reload flag (must be True for tinygp):  False

Opening:  RVdata
Opening:  BISdata
Opening:  FWHMdata

Adding common model of planet:  b
Using orbital model:  keplerian
Using orbital parametrization:  Eastman2013

gp_multidimensional  S+LEAF model, number of harmonics: 4

GP model: gp_multidimensional  hyperparameters_condition:    True
GP model: gp_multidimensional  rotation_decay_condition:     True

====================================================================================================
     Ids, spaces (s), boundaries (b) and priors (p) of the sampler parameters     
====================================================================================================

----- dataset:  RVdata
jitter_0      id:   8  s:Linear      b:[      0.0010,      13.3000]   p:Uniform   []
offset_0      id:   9  s:Linear      b:[  -9995.8980,   10015.6560]   p:Uniform   []
offset_1      id:  10  s:Linear      b:[  -9995.8980,   10015.6560]   p:Uniform   []
offset_2      id:  11  s:Linear      b:[  -9995.8980,   10015.6560]   p:Uniform   []
offset_3      id:  12  s:Linear      b:[  -9995.8980,   10015.6560]   p:Uniform   []

----- dataset: RVdata                    ----- model: gp_multidimensional           
rot_amp       id:  13  s:Linear      b:[      0.0000,      10.0000]   p:Uniform   []
con_amp       id:  14  s:Linear      b:[    -20.0000,      20.0000]   p:Uniform   []

----- dataset:  BISdata
jitter_0      id:  15  s:Linear      b:[      0.0095,      95.0000]   p:Uniform   []
offset_0      id:  16  s:Linear      b:[ -10079.7333,    9959.4333]   p:Uniform   []
offset_1      id:  17  s:Linear      b:[ -10079.7333,    9959.4333]   p:Uniform   []
offset_2      id:  18  s:Linear      b:[ -10079.7333,    9959.4333]   p:Uniform   []
offset_3      id:  19  s:Linear      b:[ -10079.7333,    9959.4333]   p:Uniform   []

----- dataset: BISdata                   ----- model: gp_multidimensional           
rot_amp       id:  20  s:Linear      b:[    -10.0000,      10.0000]   p:Uniform   []
con_amp       id:  21  s:Linear      b:[    -20.0000,      20.0000]   p:Uniform   []

----- dataset:  FWHMdata
jitter_0      id:  22  s:Linear      b:[      0.0500,     500.0000]   p:Uniform   []
offset_0      id:  23  s:Linear      b:[  -3318.6642,   16951.2762]   p:Uniform   []
offset_1      id:  24  s:Linear      b:[  -3318.6642,   16951.2762]   p:Uniform   []
offset_2      id:  25  s:Linear      b:[  -3318.6642,   16951.2762]   p:Uniform   []
offset_3      id:  26  s:Linear      b:[  -3318.6642,   16951.2762]   p:Uniform   []

----- dataset: FWHMdata                  ----- model: gp_multidimensional           
rot_amp       id:  27  s:Linear      b:[    -10.0000,      10.0000]   p:Uniform   []
con_amp       id:  28  s:Linear      b:[    -20.0000,      20.0000]   p:Uniform   []

----- common model:  b
P             id:   0  s:Log_Base2   b:[      0.3785,       6.6439]   p:Uniform   []
K             id:   1  s:Log_Base2   b:[     -9.9658,       3.3219]   p:Uniform   []
sre_coso      id:   2  s:Linear      b:[     -1.0000,       1.0000]   p:Uniform   []
sre_sino      id:   3  s:Linear      b:[     -1.0000,       1.0000]   p:Uniform   []
mean_long     id:   4  s:Linear      b:[      0.0000,     360.0000]   p:Uniform   []
e             derived (no id, space, bound)                           p:Gaussian   [0.    0.098]
omega         derived (no id, space, bound)                           p:Uniform   [0.0, 360.0]

----- common model:  activity
Prot          id:   5  s:Linear      b:[     20.0000,      35.0000]   p:Gaussian   [28.   0.5]
Pdec          id:   6  s:Linear      b:[     30.0000,    1000.0000]   p:Uniform   []
Oamp          id:   7  s:Log_Base2   b:[     -6.6439,       0.0000]   p:Gaussian   [0.35  0.035]

----- common model:  star_parameters
mass          derived (no id, space, bound)                           p:Gaussian   [1.e+00 1.e-06]
radius        derived (no id, space, bound)                           p:Gaussian   [1.e+00 1.e-06]
density       derived (no id, space, bound)                           p:Gaussian   [1.e+00 1.e-06]

Include priors:  True

Reference Time Tref:  59334.700184

Dimensions =  29
Nwalkers =  116

Using threading pool for PyDE: True
PyDE running
Boundaries redefined after PyDE output
PyDE completed, it took         56.5 seconds

====================================================================================================
     Starting point of the sample/optimization routines    
====================================================================================================

----- dataset:  RVdata
jitter_0         8      1.376386 [    0.0010,    13.3000]
offset_0         9      9.249827 [-9995.8980, 10015.6560]
offset_1        10     11.284010 [-9995.8980, 10015.6560]
offset_2        11     10.548480 [-9995.8980, 10015.6560]
offset_3        12     10.715890 [-9995.8980, 10015.6560]

----- dataset: RVdata                    ----- model: gp_multidimensional           
rot_amp         13      2.114473 [    0.0000,    10.0000]
con_amp         14     -2.608640 [  -20.0000,    20.0000]

----- dataset:  BISdata
jitter_0        15      1.930657 [    0.0095,    95.0000]
offset_0        16    -74.234999 [-10079.7333,  9959.4333]
offset_1        17    -43.429766 [-10079.7333,  9959.4333]
offset_2        18    -51.843907 [-10079.7333,  9959.4333]
offset_3        19    -59.644928 [-10079.7333,  9959.4333]

----- dataset: BISdata                   ----- model: gp_multidimensional           
rot_amp         20     -0.316402 [  -10.0000,    10.0000]
con_amp         21     -0.536022 [  -20.0000,    20.0000]

----- dataset:  FWHMdata
jitter_0        22      0.053416 [    0.0500,   500.0000]
offset_0        23   6694.800911 [-3318.6642, 16951.2762]
offset_1        24   6941.791954 [-3318.6642, 16951.2762]
offset_2        25   6857.685669 [-3318.6642, 16951.2762]
offset_3        26   6896.728909 [-3318.6642, 16951.2762]

----- dataset: FWHMdata                  ----- model: gp_multidimensional           
rot_amp         27      1.039561 [  -10.0000,    10.0000]
con_amp         28      3.917442 [  -20.0000,    20.0000]

----- common model:  b
P                0      6.643733 [    0.3785,     6.6439]
K                1      1.118475 [   -9.9658,     3.3219]
sre_coso         2      0.172430 [   -1.0000,     1.0000]
sre_sino         3      0.263084 [   -1.0000,     1.0000]
mean_long        4    118.009684 [  -61.9903,   298.0097]

----- common model:  activity
Prot             5     28.297402 [   20.0000,    35.0000]
Pdec             6     30.002298 [   30.0000,  1000.0000]
Oamp             7     -1.312382 [   -6.6439,     0.0000]

----- common model:  star_parameters

====================================================================================================
     Starting point projected onto the model parameter space     
====================================================================================================

----- dataset:  RVdata
jitter_0              1.376386 
offset_0              9.249827 
offset_1             11.284010 
offset_2             10.548480 
offset_3             10.715890 


----- dataset: RVdata                    ----- model: gp_multidimensional           
rot_amp               2.114473 
con_amp              -2.608640 

----- dataset:  BISdata
jitter_0              1.930657 
offset_0            -74.234999 
offset_1            -43.429766 
offset_2            -51.843907 
offset_3            -59.644928 


----- dataset: BISdata                   ----- model: gp_multidimensional           
rot_amp              -0.316402 
con_amp              -0.536022 

----- dataset:  FWHMdata
jitter_0              0.053416 
offset_0           6694.800911 
offset_1           6941.791954 
offset_2           6857.685669 
offset_3           6896.728909 


----- dataset: FWHMdata                  ----- model: gp_multidimensional           
rot_amp               1.039561 
con_amp               3.917442 

----- common model:  b
P                    99.991469 
K                     2.171173 
mean_long           118.009684 
e                     0.098946 
omega                56.758426 

----- common model:  activity
Prot                 28.297402 
Pdec                 30.002298 
Oamp                  0.402655 

----- common model:  star_parameters

====================================================================================================
     Derived parameters obtained from starting point     
====================================================================================================

----- common model:  b
Inclination fixed to 90 deg!
a_Rs                 90.620008 
M_Mj                  0.049332 
M_Me                 15.682243 
Tc                59425.287926 
a_AU_(M)              0.421615 
a_AU_(rho,R)          0.421608 


====================================================================================================
     Statistics on the log-likelihood     
====================================================================================================

 LN probability: -2100.688928 

====================================================================================================
     ------------------------------------------------------------------------------------------     
====================================================================================================



*************************************************************

Running emcee

emcee version:  3.1.6
Using threading pool for emcee: True

Saving temporary steps


Computing the autocorrelation time of the chains

***** WARNING ******
The integrated autocorrelation time cannot be reliably estimated
likely the chains are too short, and ACF analysis is not fully reliable
emcee.autocorr.integrated_time tolerance lowered to 20
If you still get a warning, you should drop these results entirely
Chains too short to apply convergence criteria
They should be at least 350*nthin = 52500

====================================================================================================
     Statistics on the posterior of the sampler parameters     
====================================================================================================

----- dataset:  RVdata
jitter_0         8         1.396       -0.062        0.067   (15-84 p)   [    0.0010,    13.3000]
offset_0         9          10.1         -1.6          1.8   (15-84 p)   [-9995.8980, 10015.6560]
offset_1        10          12.2         -1.7          1.8   (15-84 p)   [-9995.8980, 10015.6560]
offset_2        11          11.4         -1.6          1.8   (15-84 p)   [-9995.8980, 10015.6560]
offset_3        12          11.6         -1.7          1.8   (15-84 p)   [-9995.8980, 10015.6560]

----- dataset: RVdata                    ----- model: gp_multidimensional           
rot_amp         13           2.6         -1.8          2.5   (15-84 p)   [    0.0000,    10.0000]
con_amp         14         -3.68         -1.1         0.85   (15-84 p)   [  -20.0000,    20.0000]

----- dataset:  BISdata
jitter_0        15         1.949       -0.098         0.11   (15-84 p)   [    0.0095,    95.0000]
offset_0        16        -74.03        -0.42         0.47   (15-84 p)   [-10079.7333,  9959.4333]
offset_1        17        -43.26        -0.63         0.67   (15-84 p)   [-10079.7333,  9959.4333]
offset_2        18        -51.65        -0.44         0.47   (15-84 p)   [-10079.7333,  9959.4333]
offset_3        19        -59.46        -0.44         0.48   (15-84 p)   [-10079.7333,  9959.4333]

----- dataset: BISdata                   ----- model: gp_multidimensional           
rot_amp         20          -0.4         -1.7          1.8   (15-84 p)   [  -10.0000,    10.0000]
con_amp         21         -0.80        -0.33         0.25   (15-84 p)   [  -20.0000,    20.0000]

----- dataset:  FWHMdata
jitter_0        22          0.36        -0.22         0.34   (15-84 p)   [    0.0500,   500.0000]
offset_0        23        6693.4         -2.6          2.5   (15-84 p)   [-3318.6642, 16951.2762]
offset_1        24        6940.7         -2.8          2.8   (15-84 p)   [-3318.6642, 16951.2762]
offset_2        25        6856.4         -2.6          2.5   (15-84 p)   [-3318.6642, 16951.2762]
offset_3        26        6895.4         -2.5          2.5   (15-84 p)   [-3318.6642, 16951.2762]

----- dataset: FWHMdata                  ----- model: gp_multidimensional           
rot_amp         27           0.4         -3.6          3.6   (15-84 p)   [  -10.0000,    10.0000]
con_amp         28           5.4         -1.1          1.5   (15-84 p)   [  -20.0000,    20.0000]

----- common model:  b
P                0         6.594       -0.061        0.036   (15-84 p)   [    0.3785,     6.6439]
K                1          1.05        -0.34         0.35   (15-84 p)   [   -9.9658,     3.3219]
sre_coso         2          0.06        -0.23         0.21   (15-84 p)   [   -1.0000,     1.0000]
sre_sino         3          0.18        -0.23         0.16   (15-84 p)   [   -1.0000,     1.0000]
mean_long        4           114          -15           14   (15-84 p)   [  -61.9903,   298.0097]

----- common model:  activity
Prot             5         28.27        -0.49         0.49   (15-84 p)   [   20.0000,    35.0000]
Pdec             6          32.6         -2.0          4.2   (15-84 p)   [   30.0000,  1000.0000]
Oamp             7         -1.29        -0.12         0.11   (15-84 p)   [   -6.6439,     0.0000]

----- common model:  star_parameters

====================================================================================================
     Statistics on the model parameters obtained from the posteriors samples     
====================================================================================================

----- dataset:  RVdata
jitter_0                 1.396       -0.062        0.067    (15-84 p)
offset_0                  10.1         -1.6          1.8    (15-84 p)
offset_1                  12.2         -1.7          1.8    (15-84 p)
offset_2                  11.4         -1.6          1.8    (15-84 p)
offset_3                  11.6         -1.7          1.8    (15-84 p)


----- dataset: RVdata                    ----- model: gp_multidimensional           
rot_amp                    2.6         -1.8          2.5    (15-84 p)
con_amp                  -3.68         -1.1         0.85    (15-84 p)

----- dataset:  BISdata
jitter_0                 1.949       -0.098         0.11    (15-84 p)
offset_0                -74.03        -0.42         0.47    (15-84 p)
offset_1                -43.26        -0.63         0.67    (15-84 p)
offset_2                -51.65        -0.44         0.47    (15-84 p)
offset_3                -59.46        -0.44         0.48    (15-84 p)


----- dataset: BISdata                   ----- model: gp_multidimensional           
rot_amp                   -0.4         -1.7          1.8    (15-84 p)
con_amp                  -0.80        -0.33         0.25    (15-84 p)

----- dataset:  FWHMdata
jitter_0                  0.36        -0.22         0.34    (15-84 p)
offset_0                6693.4         -2.6          2.5    (15-84 p)
offset_1                6940.7         -2.8          2.8    (15-84 p)
offset_2                6856.4         -2.6          2.5    (15-84 p)
offset_3                6895.4         -2.5          2.5    (15-84 p)


----- dataset: FWHMdata                  ----- model: gp_multidimensional           
rot_amp                    0.4         -3.6          3.6    (15-84 p)
con_amp                    5.4         -1.1          1.5    (15-84 p)

----- common model:  b
P                         96.6         -4.0          2.4    (15-84 p)
K                         2.07        -0.44         0.57    (15-84 p)
mean_long                  114          -15           14    (15-84 p)
e                        0.095       -0.064        0.080    (15-84 p)
omega                       61          -83           61    (15-84 p)

----- common model:  activity
Prot                     28.27        -0.49         0.49    (15-84 p)
Pdec                      32.6         -2.0          4.2    (15-84 p)
Oamp                     0.409       -0.032        0.032    (15-84 p)

----- common model:  star_parameters

====================================================================================================
     Statistics on the derived parameters obtained from the posteriors samples     
====================================================================================================

----- common model:  b
Inclination fixed to 90 deg!
Computing planetary mass under the approximation M_planet << M_star (threshold at 30.0 Me)
a_Rs                      88.6         -2.5          1.5    (15-84 p)
M_Mj                    0.0462      -0.0098        0.013    (15-84 p)
M_Me                      14.7         -3.1          4.1    (15-84 p)
Tc                     59423.5         -3.8          3.5    (15-84 p)
a_AU_(M)                0.4121       -0.011       0.0069    (15-84 p)
a_AU_(rho,R)            0.4121       -0.011       0.0069    (15-84 p)


====================================================================================================
     ------------------------------------------------------------------------------------------     
====================================================================================================



15000.0   steps completed, average lnprob:,  -2116.706205993389


Computing the autocorrelation time of the chains

***** WARNING ******
The integrated autocorrelation time cannot be reliably estimated
likely the chains are too short, and ACF analysis is not fully reliable
emcee.autocorr.integrated_time tolerance lowered to 20
If you still get a warning, you should drop these results entirely

Reference thinning used in the analysis: 150
Maximum value of the integrated ACF: 8
Step length used in the analysis: 8*nthin = 1200

Convergence criteria: less than 1% variation in ACF after 20 times the integrated ACF
At least 50*ACF after convergence, 100*ACF would be ideal
Negative values: not converged yet

   sampler parameter              |    ACF   | ACF*nthin | converged at | nsteps/ACF | to 100*ACF
                                  |          |           |              |            | 
   RVdata_jitter_0                |    4.95  |      742  |       -1     |      -1    |   74960 
   RVdata_offset_0                |    7.70  |     1156  |       -1     |      -1    |  116714 
   RVdata_offset_1                |    7.59  |     1139  |       -1     |      -1    |  115008 
   RVdata_offset_2                |    7.65  |     1148  |       -1     |      -1    |  115917 
   RVdata_offset_3                |    7.74  |     1160  |       -1     |      -1    |  117192 
   RVdata_gp_multidimensional_rot_amp |    6.01  |      901  |       -1     |      -1    |   91037 
   RVdata_gp_multidimensional_con_amp |    7.11  |     1066  |       -1     |      -1    |  107712 
   BISdata_jitter_0               |    5.43  |      814  |       -1     |      -1    |   82211 
   BISdata_offset_0               |    7.12  |     1068  |       -1     |      -1    |  107819 
   BISdata_offset_1               |    6.09  |      914  |       -1     |      -1    |   92267 
   BISdata_offset_2               |    7.14  |     1071  |       -1     |      -1    |  108176 
   BISdata_offset_3               |    7.42  |     1113  |       -1     |      -1    |  112374 
   BISdata_gp_multidimensional_rot_amp |    5.89  |      883  |       -1     |      -1    |   89219 
   BISdata_gp_multidimensional_con_amp |    6.80  |     1020  |       -1     |      -1    |  102971 
   FWHMdata_jitter_0              |    5.43  |      815  |       -1     |      -1    |   82291 
   FWHMdata_offset_0              |    7.59  |     1139  |       -1     |      -1    |  115028 
   FWHMdata_offset_1              |    7.17  |     1076  |       -1     |      -1    |  108633 
   FWHMdata_offset_2              |    7.57  |     1135  |       -1     |      -1    |  114647 
   FWHMdata_offset_3              |    7.67  |     1150  |       -1     |      -1    |  116179 
   FWHMdata_gp_multidimensional_rot_amp |    5.69  |      853  |       -1     |      -1    |   86163 
   FWHMdata_gp_multidimensional_con_amp |    7.29  |     1094  |       -1     |      -1    |  110498 
   b_P                            |    6.65  |      998  |       -1     |      -1    |  100802 
   b_K                            |    6.60  |      990  |       -1     |      -1    |   99973 
   b_sre_coso                     |    5.85  |      878  |       -1     |      -1    |   88680 
   b_sre_sino                     |    5.75  |      862  |       -1     |      -1    |   87073 
   b_mean_long                    |    6.02  |      904  |       -1     |      -1    |   91258 
   activity_Prot                  |    5.33  |      799  |       -1     |      -1    |   80687 
   activity_Pdec                  |    8.79  |     1318  |       -1     |      -1    |  133097 
   activity_Oamp                  |    5.01  |      751  |       -1     |      -1    |   75860 

    29 chains have not converged yet, keep going 

Check the documentation for the correct interpretation of these results:
https://pyorbit.readthedocs.io/running_pyorbit/terminal_output/#autocorrelation-analysis

====================================================================================================
     Statistics on the posterior of the sampler parameters     
====================================================================================================

----- dataset:  RVdata
jitter_0         8         1.395       -0.059        0.067   (15-84 p)   [    0.0010,    13.3000]
offset_0         9          10.2         -1.7          2.0   (15-84 p)   [-9995.8980, 10015.6560]
offset_1        10          12.3         -1.7          2.0   (15-84 p)   [-9995.8980, 10015.6560]
offset_2        11          11.5         -1.7          2.0   (15-84 p)   [-9995.8980, 10015.6560]
offset_3        12          11.7         -1.7          2.0   (15-84 p)   [-9995.8980, 10015.6560]

----- dataset: RVdata                    ----- model: gp_multidimensional           
rot_amp         13           2.5         -1.7          2.6   (15-84 p)   [    0.0000,    10.0000]
con_amp         14         -3.72         -1.2         0.84   (15-84 p)   [  -20.0000,    20.0000]

----- dataset:  BISdata
jitter_0        15          1.95        -0.10         0.11   (15-84 p)   [    0.0095,    95.0000]
offset_0        16        -74.03        -0.42         0.50   (15-84 p)   [-10079.7333,  9959.4333]
offset_1        17        -43.22        -0.60         0.67   (15-84 p)   [-10079.7333,  9959.4333]
offset_2        18        -51.64        -0.45         0.52   (15-84 p)   [-10079.7333,  9959.4333]
offset_3        19        -59.42        -0.46         0.51   (15-84 p)   [-10079.7333,  9959.4333]

----- dataset: BISdata                   ----- model: gp_multidimensional           
rot_amp         20          -0.3         -1.7          1.9   (15-84 p)   [  -10.0000,    10.0000]
con_amp         21         -0.81        -0.32         0.26   (15-84 p)   [  -20.0000,    20.0000]

----- dataset:  FWHMdata
jitter_0        22          0.34        -0.21         0.33   (15-84 p)   [    0.0500,   500.0000]
offset_0        23        6693.3         -2.8          2.6   (15-84 p)   [-3318.6642, 16951.2762]
offset_1        24        6940.5         -3.0          2.8   (15-84 p)   [-3318.6642, 16951.2762]
offset_2        25        6856.2         -2.8          2.6   (15-84 p)   [-3318.6642, 16951.2762]
offset_3        26        6895.3         -2.9          2.6   (15-84 p)   [-3318.6642, 16951.2762]

----- dataset: FWHMdata                  ----- model: gp_multidimensional           
rot_amp         27           0.2         -3.5          3.4   (15-84 p)   [  -10.0000,    10.0000]
con_amp         28           5.5         -1.1          1.6   (15-84 p)   [  -20.0000,    20.0000]

----- common model:  b
P                0         6.595       -0.064        0.035   (15-84 p)   [    0.3785,     6.6439]
K                1          1.06        -0.36         0.34   (15-84 p)   [   -9.9658,     3.3219]
sre_coso         2          0.06        -0.22         0.20   (15-84 p)   [   -1.0000,     1.0000]
sre_sino         3          0.18        -0.24         0.17   (15-84 p)   [   -1.0000,     1.0000]
mean_long        4           114          -15           14   (15-84 p)   [  -61.9903,   298.0097]

----- common model:  activity
Prot             5         28.31        -0.48         0.47   (15-84 p)   [   20.0000,    35.0000]
Pdec             6          33.1         -2.3          4.8   (15-84 p)   [   30.0000,  1000.0000]
Oamp             7         -1.29        -0.12         0.11   (15-84 p)   [   -6.6439,     0.0000]

----- common model:  star_parameters

====================================================================================================
     Statistics on the model parameters obtained from the posteriors samples     
====================================================================================================

----- dataset:  RVdata
jitter_0                 1.395       -0.059        0.067    (15-84 p)
offset_0                  10.2         -1.7          2.0    (15-84 p)
offset_1                  12.3         -1.7          2.0    (15-84 p)
offset_2                  11.5         -1.7          2.0    (15-84 p)
offset_3                  11.7         -1.7          2.0    (15-84 p)


----- dataset: RVdata                    ----- model: gp_multidimensional           
rot_amp                    2.5         -1.7          2.6    (15-84 p)
con_amp                  -3.72         -1.2         0.84    (15-84 p)

----- dataset:  BISdata
jitter_0                  1.95        -0.10         0.11    (15-84 p)
offset_0                -74.03        -0.42         0.50    (15-84 p)
offset_1                -43.22        -0.60         0.67    (15-84 p)
offset_2                -51.64        -0.45         0.52    (15-84 p)
offset_3                -59.42        -0.46         0.51    (15-84 p)


----- dataset: BISdata                   ----- model: gp_multidimensional           
rot_amp                   -0.3         -1.7          1.9    (15-84 p)
con_amp                  -0.81        -0.32         0.26    (15-84 p)

----- dataset:  FWHMdata
jitter_0                  0.34        -0.21         0.33    (15-84 p)
offset_0                6693.3         -2.8          2.6    (15-84 p)
offset_1                6940.5         -3.0          2.8    (15-84 p)
offset_2                6856.2         -2.8          2.6    (15-84 p)
offset_3                6895.3         -2.9          2.6    (15-84 p)


----- dataset: FWHMdata                  ----- model: gp_multidimensional           
rot_amp                    0.2         -3.5          3.4    (15-84 p)
con_amp                    5.5         -1.1          1.6    (15-84 p)

----- common model:  b
P                         96.7         -4.2          2.4    (15-84 p)
K                         2.09        -0.46         0.56    (15-84 p)
mean_long                  114          -15           14    (15-84 p)
e                        0.091       -0.063        0.083    (15-84 p)
omega                       61          -89           60    (15-84 p)

----- common model:  activity
Prot                     28.31        -0.48         0.47    (15-84 p)
Pdec                      33.1         -2.3          4.8    (15-84 p)
Oamp                     0.408       -0.033        0.031    (15-84 p)

----- common model:  star_parameters

====================================================================================================
     Statistics on the derived parameters obtained from the posteriors samples     
====================================================================================================

----- common model:  b
Inclination fixed to 90 deg!
Computing planetary mass under the approximation M_planet << M_star (threshold at 30.0 Me)
a_Rs                      88.6         -2.6          1.4    (15-84 p)
M_Mj                     0.047       -0.010        0.013    (15-84 p)
M_Me                      14.8         -3.3          4.1    (15-84 p)
Tc                     59423.4         -3.8          3.5    (15-84 p)
a_AU_(M)                0.4123       -0.012       0.0067    (15-84 p)
a_AU_(rho,R)            0.4123       -0.012       0.0067    (15-84 p)


====================================================================================================
     ------------------------------------------------------------------------------------------     
====================================================================================================



30000.0   steps completed, average lnprob:,  -2117.28251153187


Computing the autocorrelation time of the chains

***** WARNING ******
The integrated autocorrelation time cannot be reliably estimated
likely the chains are too short, and ACF analysis is not fully reliable
emcee.autocorr.integrated_time tolerance lowered to 20
If you still get a warning, you should drop these results entirely

Reference thinning used in the analysis: 150
Maximum value of the integrated ACF: 9
Step length used in the analysis: 9*nthin = 1350

Convergence criteria: less than 1% variation in ACF after 20 times the integrated ACF
At least 50*ACF after convergence, 100*ACF would be ideal
Negative values: not converged yet

   sampler parameter              |    ACF   | ACF*nthin | converged at | nsteps/ACF | to 100*ACF
                                  |          |           |              |            | 
   RVdata_jitter_0                |    5.47  |      821  |    32400     |      15    |   69504 
   RVdata_offset_0                |    8.19  |     1228  |    39150     |       5    |  116944 
   RVdata_offset_1                |    8.18  |     1227  |    41850     |       3    |  119515 
   RVdata_offset_2                |    8.19  |     1229  |    41850     |       3    |  119713 
   RVdata_offset_3                |    8.20  |     1229  |    37800     |       6    |  115739 
   RVdata_gp_multidimensional_rot_amp |    6.89  |     1034  |       -1     |      -1    |  104411 
   RVdata_gp_multidimensional_con_amp |    7.82  |     1173  |    39150     |       5    |  111415 
   BISdata_jitter_0               |    5.98  |      897  |    36450     |      10    |   81140 
   BISdata_offset_0               |    7.87  |     1180  |    43200     |       2    |  116204 
   BISdata_offset_1               |    6.50  |      976  |    36450     |       9    |   89016 
   BISdata_offset_2               |    7.75  |     1162  |    37800     |       6    |  109001 
   BISdata_offset_3               |    8.17  |     1226  |    40500     |       4    |  118062 
   BISdata_gp_multidimensional_rot_amp |    6.86  |     1029  |    36450     |       8    |   94393 
   BISdata_gp_multidimensional_con_amp |    7.57  |     1135  |    39150     |       5    |  107643 
   FWHMdata_jitter_0              |    5.99  |      898  |    36450     |      10    |   81285 
   FWHMdata_offset_0              |    8.09  |     1214  |    41850     |       3    |  118247 
   FWHMdata_offset_1              |    7.87  |     1180  |    43200     |       2    |  116221 
   FWHMdata_offset_2              |    8.07  |     1210  |    41850     |       3    |  117867 
   FWHMdata_offset_3              |    8.15  |     1222  |    41850     |       3    |  119075 
   FWHMdata_gp_multidimensional_rot_amp |    6.29  |      943  |    37800     |       8    |   87111 
   FWHMdata_gp_multidimensional_con_amp |    7.89  |     1184  |    39150     |       5    |  112503 
   b_P                            |    6.87  |     1030  |    33750     |      11    |   91768 
   b_K                            |    7.24  |     1086  |    37800     |       7    |  101418 
   b_sre_coso                     |    6.65  |      997  |    40500     |       5    |   95224 
   b_sre_sino                     |    6.63  |      994  |    36450     |       9    |   90832 
   b_mean_long                    |    7.23  |     1084  |       -1     |      -1    |  109479 
   activity_Prot                  |    5.91  |      886  |    36450     |      10    |   80035 
   activity_Pdec                  |    9.18  |     1377  |    39150     |       4    |  131805 
   activity_Oamp                  |    5.46  |      819  |    35100     |      12    |   71963 

     2 chains have not converged yet, keep going 

Check the documentation for the correct interpretation of these results:
https://pyorbit.readthedocs.io/running_pyorbit/terminal_output/#autocorrelation-analysis

====================================================================================================
     Statistics on the posterior of the sampler parameters     
====================================================================================================

----- dataset:  RVdata
jitter_0         8         1.397       -0.060        0.067   (15-84 p)   [    0.0010,    13.3000]
offset_0         9          10.2         -1.7          1.9   (15-84 p)   [-9995.8980, 10015.6560]
offset_1        10          12.3         -1.7          1.9   (15-84 p)   [-9995.8980, 10015.6560]
offset_2        11          11.5         -1.7          1.9   (15-84 p)   [-9995.8980, 10015.6560]
offset_3        12          11.7         -1.7          1.9   (15-84 p)   [-9995.8980, 10015.6560]

----- dataset: RVdata                    ----- model: gp_multidimensional           
rot_amp         13           2.6         -1.7          2.6   (15-84 p)   [    0.0000,    10.0000]
con_amp         14         -3.67         -1.1         0.83   (15-84 p)   [  -20.0000,    20.0000]

----- dataset:  BISdata
jitter_0        15          1.95        -0.10         0.11   (15-84 p)   [    0.0095,    95.0000]
offset_0        16        -74.03        -0.42         0.48   (15-84 p)   [-10079.7333,  9959.4333]
offset_1        17        -43.22        -0.61         0.65   (15-84 p)   [-10079.7333,  9959.4333]
offset_2        18        -51.63        -0.44         0.49   (15-84 p)   [-10079.7333,  9959.4333]
offset_3        19        -59.43        -0.46         0.50   (15-84 p)   [-10079.7333,  9959.4333]

----- dataset: BISdata                   ----- model: gp_multidimensional           
rot_amp         20          -0.3         -1.7          1.9   (15-84 p)   [  -10.0000,    10.0000]
con_amp         21         -0.80        -0.32         0.25   (15-84 p)   [  -20.0000,    20.0000]

----- dataset:  FWHMdata
jitter_0        22          0.35        -0.21         0.33   (15-84 p)   [    0.0500,   500.0000]
offset_0        23        6693.3         -2.7          2.6   (15-84 p)   [-3318.6642, 16951.2762]
offset_1        24        6940.6         -2.9          2.8   (15-84 p)   [-3318.6642, 16951.2762]
offset_2        25        6856.2         -2.7          2.6   (15-84 p)   [-3318.6642, 16951.2762]
offset_3        26        6895.3         -2.8          2.6   (15-84 p)   [-3318.6642, 16951.2762]

----- dataset: FWHMdata                  ----- model: gp_multidimensional           
rot_amp         27           0.3         -3.5          3.4   (15-84 p)   [  -10.0000,    10.0000]
con_amp         28           5.4         -1.1          1.5   (15-84 p)   [  -20.0000,    20.0000]

----- common model:  b
P                0         6.595       -0.066        0.036   (15-84 p)   [    0.3785,     6.6439]
K                1          1.05        -0.36         0.34   (15-84 p)   [   -9.9658,     3.3219]
sre_coso         2          0.06        -0.22         0.20   (15-84 p)   [   -1.0000,     1.0000]
sre_sino         3          0.17        -0.24         0.17   (15-84 p)   [   -1.0000,     1.0000]
mean_long        4           114          -16           14   (15-84 p)   [  -61.9903,   298.0097]

----- common model:  activity
Prot             5         28.30        -0.48         0.47   (15-84 p)   [   20.0000,    35.0000]
Pdec             6          32.9         -2.2          4.5   (15-84 p)   [   30.0000,  1000.0000]
Oamp             7         -1.29        -0.12         0.11   (15-84 p)   [   -6.6439,     0.0000]

----- common model:  star_parameters

====================================================================================================
     Statistics on the model parameters obtained from the posteriors samples     
====================================================================================================

----- dataset:  RVdata
jitter_0                 1.397       -0.060        0.067    (15-84 p)
offset_0                  10.2         -1.7          1.9    (15-84 p)
offset_1                  12.3         -1.7          1.9    (15-84 p)
offset_2                  11.5         -1.7          1.9    (15-84 p)
offset_3                  11.7         -1.7          1.9    (15-84 p)


----- dataset: RVdata                    ----- model: gp_multidimensional           
rot_amp                    2.6         -1.7          2.6    (15-84 p)
con_amp                  -3.67         -1.1         0.83    (15-84 p)

----- dataset:  BISdata
jitter_0                  1.95        -0.10         0.11    (15-84 p)
offset_0                -74.03        -0.42         0.48    (15-84 p)
offset_1                -43.22        -0.61         0.65    (15-84 p)
offset_2                -51.63        -0.44         0.49    (15-84 p)
offset_3                -59.43        -0.46         0.50    (15-84 p)


----- dataset: BISdata                   ----- model: gp_multidimensional           
rot_amp                   -0.3         -1.7          1.9    (15-84 p)
con_amp                  -0.80        -0.32         0.25    (15-84 p)

----- dataset:  FWHMdata
jitter_0                  0.35        -0.21         0.33    (15-84 p)
offset_0                6693.3         -2.7          2.6    (15-84 p)
offset_1                6940.6         -2.9          2.8    (15-84 p)
offset_2                6856.2         -2.7          2.6    (15-84 p)
offset_3                6895.3         -2.8          2.6    (15-84 p)


----- dataset: FWHMdata                  ----- model: gp_multidimensional           
rot_amp                    0.3         -3.5          3.4    (15-84 p)
con_amp                    5.4         -1.1          1.5    (15-84 p)

----- common model:  b
P                         96.7         -4.3          2.4    (15-84 p)
K                         2.07        -0.45         0.55    (15-84 p)
mean_long                  114          -16           14    (15-84 p)
e                        0.091       -0.062        0.082    (15-84 p)
omega                       58          -92           62    (15-84 p)

----- common model:  activity
Prot                     28.30        -0.48         0.47    (15-84 p)
Pdec                      32.9         -2.2          4.5    (15-84 p)
Oamp                     0.408       -0.033        0.032    (15-84 p)

----- common model:  star_parameters

====================================================================================================
     Statistics on the derived parameters obtained from the posteriors samples     
====================================================================================================

----- common model:  b
Inclination fixed to 90 deg!
Computing planetary mass under the approximation M_planet << M_star (threshold at 30.0 Me)
a_Rs                      88.6         -2.7          1.5    (15-84 p)
M_Mj                     0.046       -0.010        0.012    (15-84 p)
M_Me                      14.7         -3.3          3.9    (15-84 p)
Tc                     59423.4         -3.9          3.5    (15-84 p)
a_AU_(M)                0.4123       -0.012       0.0068    (15-84 p)
a_AU_(rho,R)            0.4123       -0.012       0.0068    (15-84 p)


====================================================================================================
     ------------------------------------------------------------------------------------------     
====================================================================================================



45000.0   steps completed, average lnprob:,  -2117.7364753115307


Computing the autocorrelation time of the chains

***** WARNING ******
The integrated autocorrelation time cannot be reliably estimated
likely the chains are too short, and ACF analysis is not fully reliable
emcee.autocorr.integrated_time tolerance lowered to 20
If you still get a warning, you should drop these results entirely

Reference thinning used in the analysis: 150
Maximum value of the integrated ACF: 9
Step length used in the analysis: 9*nthin = 1350

Convergence criteria: less than 1% variation in ACF after 20 times the integrated ACF
At least 50*ACF after convergence, 100*ACF would be ideal
Negative values: not converged yet

   sampler parameter              |    ACF   | ACF*nthin | converged at | nsteps/ACF | to 100*ACF
                                  |          |           |              |            | 
   RVdata_jitter_0                |    6.01  |      902  |    36450     |      26    |   66655 
   RVdata_offset_0                |    9.19  |     1379  |    39150     |      15    |  117025 
   RVdata_offset_1                |    9.10  |     1366  |    41850     |      13    |  118403 
   RVdata_offset_2                |    9.19  |     1379  |    41850     |      13    |  119705 
   RVdata_offset_3                |    9.14  |     1370  |    37800     |      16    |  114841 
   RVdata_gp_multidimensional_rot_amp |    7.39  |     1109  |    51300     |       8    |  102200 
   RVdata_gp_multidimensional_con_amp |    8.62  |     1293  |    40500     |      15    |  109786 
   BISdata_jitter_0               |    6.46  |      968  |    36450     |      24    |   73282 
   BISdata_offset_0               |    8.82  |     1322  |    43200     |      13    |  115445 
   BISdata_offset_1               |    7.40  |     1110  |    36450     |      21    |   87402 
   BISdata_offset_2               |    8.37  |     1255  |    39150     |      17    |  104650 
   BISdata_offset_3               |    8.77  |     1316  |    40500     |      15    |  112056 
   BISdata_gp_multidimensional_rot_amp |    6.90  |     1034  |    36450     |      23    |   79895 
   BISdata_gp_multidimensional_con_amp |    8.36  |     1254  |    39150     |      17    |  104523 
   FWHMdata_jitter_0              |    6.73  |     1010  |    36450     |      23    |   77421 
   FWHMdata_offset_0              |    9.13  |     1370  |    41850     |      13    |  118847 
   FWHMdata_offset_1              |    8.69  |     1304  |    43200     |      13    |  113622 
   FWHMdata_offset_2              |    9.11  |     1366  |    41850     |      13    |  118468 
   FWHMdata_offset_3              |    9.22  |     1384  |    41850     |      13    |  120224 
   FWHMdata_gp_multidimensional_rot_amp |    6.57  |      985  |    37800     |      23    |   76335 
   FWHMdata_gp_multidimensional_con_amp |    8.17  |     1225  |    39150     |      17    |  101660 
   b_P                            |    7.02  |     1054  |    33750     |      25    |   79120 
   b_K                            |    7.66  |     1148  |    37800     |      19    |   92630 
   b_sre_coso                     |    7.13  |     1069  |    40500     |      18    |   87390 
   b_sre_sino                     |    7.35  |     1102  |    37800     |      20    |   88022 
   b_mean_long                    |    7.62  |     1144  |    45900     |      12    |  100263 
   activity_Prot                  |    6.21  |      932  |    36450     |      25    |   69628 
   activity_Pdec                  |    9.21  |     1381  |    39150     |      15    |  117248 
   activity_Oamp                  |    5.70  |      856  |    35100     |      29    |   60653 

All the chains have converged, but PyORBIT should keep running for about:
38901 more steps to reach 50*ACF,
98186 more steps to reach 100*ACF
Suggested value for burnin: 39616

Check the documentation for the correct interpretation of these results:
https://pyorbit.readthedocs.io/running_pyorbit/terminal_output/#autocorrelation-analysis

====================================================================================================
     Statistics on the posterior of the sampler parameters     
====================================================================================================

----- dataset:  RVdata
jitter_0         8         1.397       -0.060        0.066   (15-84 p)   [    0.0010,    13.3000]
offset_0         9          10.2         -1.7          1.9   (15-84 p)   [-9995.8980, 10015.6560]
offset_1        10          12.3         -1.7          1.9   (15-84 p)   [-9995.8980, 10015.6560]
offset_2        11          11.5         -1.6          1.9   (15-84 p)   [-9995.8980, 10015.6560]
offset_3        12          11.6         -1.6          1.9   (15-84 p)   [-9995.8980, 10015.6560]

----- dataset: RVdata                    ----- model: gp_multidimensional           
rot_amp         13           2.6         -1.8          2.6   (15-84 p)   [    0.0000,    10.0000]
con_amp         14         -3.66         -1.2         0.84   (15-84 p)   [  -20.0000,    20.0000]

----- dataset:  BISdata
jitter_0        15          1.95        -0.10         0.11   (15-84 p)   [    0.0095,    95.0000]
offset_0        16        -74.02        -0.42         0.48   (15-84 p)   [-10079.7333,  9959.4333]
offset_1        17        -43.21        -0.62         0.65   (15-84 p)   [-10079.7333,  9959.4333]
offset_2        18        -51.63        -0.45         0.50   (15-84 p)   [-10079.7333,  9959.4333]
offset_3        19        -59.43        -0.46         0.51   (15-84 p)   [-10079.7333,  9959.4333]

----- dataset: BISdata                   ----- model: gp_multidimensional           
rot_amp         20          -0.4         -1.7          1.9   (15-84 p)   [  -10.0000,    10.0000]
con_amp         21         -0.81        -0.33         0.25   (15-84 p)   [  -20.0000,    20.0000]

----- dataset:  FWHMdata
jitter_0        22          0.35        -0.21         0.33   (15-84 p)   [    0.0500,   500.0000]
offset_0        23        6693.3         -2.7          2.6   (15-84 p)   [-3318.6642, 16951.2762]
offset_1        24        6940.6         -2.9          2.8   (15-84 p)   [-3318.6642, 16951.2762]
offset_2        25        6856.2         -2.7          2.6   (15-84 p)   [-3318.6642, 16951.2762]
offset_3        26        6895.3         -2.7          2.6   (15-84 p)   [-3318.6642, 16951.2762]

----- dataset: FWHMdata                  ----- model: gp_multidimensional           
rot_amp         27           0.3         -3.5          3.4   (15-84 p)   [  -10.0000,    10.0000]
con_amp         28           5.4         -1.1          1.5   (15-84 p)   [  -20.0000,    20.0000]

----- common model:  b
P                0         6.596       -0.067        0.035   (15-84 p)   [    0.3785,     6.6439]
K                1          1.04        -0.36         0.35   (15-84 p)   [   -9.9658,     3.3219]
sre_coso         2          0.06        -0.22         0.21   (15-84 p)   [   -1.0000,     1.0000]
sre_sino         3          0.17        -0.24         0.17   (15-84 p)   [   -1.0000,     1.0000]
mean_long        4           113          -16           14   (15-84 p)   [  -61.9903,   298.0097]

----- common model:  activity
Prot             5         28.30        -0.48         0.47   (15-84 p)   [   20.0000,    35.0000]
Pdec             6          32.9         -2.2          4.6   (15-84 p)   [   30.0000,  1000.0000]
Oamp             7         -1.29        -0.12         0.11   (15-84 p)   [   -6.6439,     0.0000]

----- common model:  star_parameters

====================================================================================================
     Statistics on the model parameters obtained from the posteriors samples     
====================================================================================================

----- dataset:  RVdata
jitter_0                 1.397       -0.060        0.066    (15-84 p)
offset_0                  10.2         -1.7          1.9    (15-84 p)
offset_1                  12.3         -1.7          1.9    (15-84 p)
offset_2                  11.5         -1.6          1.9    (15-84 p)
offset_3                  11.6         -1.6          1.9    (15-84 p)


----- dataset: RVdata                    ----- model: gp_multidimensional           
rot_amp                    2.6         -1.8          2.6    (15-84 p)
con_amp                  -3.66         -1.2         0.84    (15-84 p)

----- dataset:  BISdata
jitter_0                  1.95        -0.10         0.11    (15-84 p)
offset_0                -74.02        -0.42         0.48    (15-84 p)
offset_1                -43.21        -0.62         0.65    (15-84 p)
offset_2                -51.63        -0.45         0.50    (15-84 p)
offset_3                -59.43        -0.46         0.51    (15-84 p)


----- dataset: BISdata                   ----- model: gp_multidimensional           
rot_amp                   -0.4         -1.7          1.9    (15-84 p)
con_amp                  -0.81        -0.33         0.25    (15-84 p)

----- dataset:  FWHMdata
jitter_0                  0.35        -0.21         0.33    (15-84 p)
offset_0                6693.3         -2.7          2.6    (15-84 p)
offset_1                6940.6         -2.9          2.8    (15-84 p)
offset_2                6856.2         -2.7          2.6    (15-84 p)
offset_3                6895.3         -2.7          2.6    (15-84 p)


----- dataset: FWHMdata                  ----- model: gp_multidimensional           
rot_amp                    0.3         -3.5          3.4    (15-84 p)
con_amp                    5.4         -1.1          1.5    (15-84 p)

----- common model:  b
P                         96.7         -4.4          2.4    (15-84 p)
K                         2.06        -0.45         0.56    (15-84 p)
mean_long                  113          -16           14    (15-84 p)
e                        0.092       -0.063        0.082    (15-84 p)
omega                       58          -93           62    (15-84 p)

----- common model:  activity
Prot                     28.30        -0.48         0.47    (15-84 p)
Pdec                      32.9         -2.2          4.6    (15-84 p)
Oamp                     0.408       -0.033        0.032    (15-84 p)

----- common model:  star_parameters

====================================================================================================
     Statistics on the derived parameters obtained from the posteriors samples     
====================================================================================================

----- common model:  b
Inclination fixed to 90 deg!
Computing planetary mass under the approximation M_planet << M_star (threshold at 30.0 Me)
a_Rs                      88.6         -2.7          1.5    (15-84 p)
M_Mj                     0.046       -0.010        0.013    (15-84 p)
M_Me                      14.7         -3.3          4.0    (15-84 p)
Tc                     59423.4         -3.9          3.6    (15-84 p)
a_AU_(M)                0.4124       -0.013       0.0068    (15-84 p)
a_AU_(rho,R)            0.4124       -0.013       0.0068    (15-84 p)


====================================================================================================
     ------------------------------------------------------------------------------------------     
====================================================================================================



60000.0   steps completed, average lnprob:,  -2117.129010410558


emcee completed


:::---::: PyORBIT v11.0.1 :::---:::

Python version in use:
3.10.18 (main, Jun  5 2025, 13:14:17) [GCC 11.2.0]
LaTeX disabled by default

Using orbital model:  keplerian
Using orbital parametrization:  Eastman2013

gp_multidimensional  S+LEAF model, number of harmonics: 4

GP model: gp_multidimensional  hyperparameters_condition:    True
GP model: gp_multidimensional  rotation_decay_condition:     True

### PyORBIT version used in the analysis:  11.0.1

 emcee version:  3.1.6

 Reference Time Tref: 59334.700184

 Data points:840
 Dimensions: 29
 Nwalkers:   116
 Steps:      60000


Number of samplings: 34800

Recomputing ln-prior, it may take a while...

ln-probability   distribution:  -2117.02       -4.63      3.91 (15-84 p) 
ln-prior         distribution:   -176.35       -2.34      1.57 (15-84 p) 
ln-likelihood    distribution:  -1940.34       -4.69      4.09 (15-84 p) 


*** Information criteria using the likelihood distribution

 BIC from distribution  (using likelihood)  =   4075.94     -8.19    9.38 (15-84 p)
 AIC from distribution  (using likelihood)  =   3938.68     -8.19    9.38 (15-84 p)
 AICc from distribution (using likelihood)  =   3940.82     -8.19    9.38 (15-84 p)


*** Information criteria using the median parameter set

 ln_probability of Median solution =  -2104.24
 ln_priors of Median solution      =   -175.16
 ln_likelihood of Median solution  =  -1929.08

 Median BIC  (using likelihood) =   4053.43
 Median AIC  (using likelihood) =   3916.16
 Median AICc (using likelihood) =   3918.30


*** Information criteria using the MAP parameter set

 ln_probability of MAP solution =  -2105.40
 ln_priors of MAP solution      =   -176.02
 ln_likelihood of MAP solution  =  -1929.38

 MAP BIC  (using likelihood)    =   4054.02
 MAP AIC  (using likelihood)    =   3916.75
 MAP AICc (using likelihood)    =   3918.90

 AICc suggested over AIC because NDATA ( 840 ) < 40 * NDIM ( 29 )

****************************************************************************************************


Computing the autocorrelation time of the chains

***** WARNING ******
The integrated autocorrelation time cannot be reliably estimated
likely the chains are too short, and ACF analysis is not fully reliable
emcee.autocorr.integrated_time tolerance lowered to 20
If you still get a warning, you should drop these results entirely

Reference thinning used in the analysis: 150
Maximum value of the integrated ACF: 9
Step length used in the analysis: 9*nthin = 1350

Convergence criteria: less than 1% variation in ACF after 20 times the integrated ACF
At least 50*ACF after convergence, 100*ACF would be ideal
Negative values: not converged yet

   sampler parameter              |    ACF   | ACF*nthin | converged at | nsteps/ACF | to 100*ACF
                                  |          |           |              |            | 
   RVdata_jitter_0                |    6.01  |      902  |    36450     |      26    |   66655 
   RVdata_offset_0                |    9.19  |     1379  |    39150     |      15    |  117025 
   RVdata_offset_1                |    9.10  |     1366  |    41850     |      13    |  118403 
   RVdata_offset_2                |    9.19  |     1379  |    41850     |      13    |  119705 
   RVdata_offset_3                |    9.14  |     1370  |    37800     |      16    |  114841 
   RVdata_gp_multidimensional_rot_amp |    7.39  |     1109  |    51300     |       8    |  102200 
   RVdata_gp_multidimensional_con_amp |    8.62  |     1293  |    40500     |      15    |  109786 
   BISdata_jitter_0               |    6.46  |      968  |    36450     |      24    |   73282 
   BISdata_offset_0               |    8.82  |     1322  |    43200     |      13    |  115445 
   BISdata_offset_1               |    7.40  |     1110  |    36450     |      21    |   87402 
   BISdata_offset_2               |    8.37  |     1255  |    39150     |      17    |  104650 
   BISdata_offset_3               |    8.77  |     1316  |    40500     |      15    |  112056 
   BISdata_gp_multidimensional_rot_amp |    6.90  |     1034  |    36450     |      23    |   79895 
   BISdata_gp_multidimensional_con_amp |    8.36  |     1254  |    39150     |      17    |  104523 
   FWHMdata_jitter_0              |    6.73  |     1010  |    36450     |      23    |   77421 
   FWHMdata_offset_0              |    9.13  |     1370  |    41850     |      13    |  118847 
   FWHMdata_offset_1              |    8.69  |     1304  |    43200     |      13    |  113622 
   FWHMdata_offset_2              |    9.11  |     1366  |    41850     |      13    |  118468 
   FWHMdata_offset_3              |    9.22  |     1384  |    41850     |      13    |  120224 
   FWHMdata_gp_multidimensional_rot_amp |    6.57  |      985  |    37800     |      23    |   76335 
   FWHMdata_gp_multidimensional_con_amp |    8.17  |     1225  |    39150     |      17    |  101660 
   b_P                            |    7.02  |     1054  |    33750     |      25    |   79120 
   b_K                            |    7.66  |     1148  |    37800     |      19    |   92630 
   b_sre_coso                     |    7.13  |     1069  |    40500     |      18    |   87390 
   b_sre_sino                     |    7.35  |     1102  |    37800     |      20    |   88022 
   b_mean_long                    |    7.62  |     1144  |    45900     |      12    |  100263 
   activity_Prot                  |    6.21  |      932  |    36450     |      25    |   69628 
   activity_Pdec                  |    9.21  |     1381  |    39150     |      15    |  117248 
   activity_Oamp                  |    5.70  |      856  |    35100     |      29    |   60653 

All the chains have converged, but PyORBIT should keep running for about:
38901 more steps to reach 50*ACF,
98186 more steps to reach 100*ACF
Suggested value for burnin: 39616

Check the documentation for the correct interpretation of these results:
https://pyorbit.readthedocs.io/running_pyorbit/terminal_output/#autocorrelation-analysis

 Plotting the ACF... 


====================================================================================================
     Ids, spaces (s), boundaries (b) and priors (p) of the sampler parameters     
====================================================================================================

----- dataset:  RVdata
jitter_0      id:   8  s:Linear      b:[      0.0010,      13.3000]   p:Uniform   []
offset_0      id:   9  s:Linear      b:[  -9995.8980,   10015.6560]   p:Uniform   []
offset_1      id:  10  s:Linear      b:[  -9995.8980,   10015.6560]   p:Uniform   []
offset_2      id:  11  s:Linear      b:[  -9995.8980,   10015.6560]   p:Uniform   []
offset_3      id:  12  s:Linear      b:[  -9995.8980,   10015.6560]   p:Uniform   []

----- dataset: RVdata                    ----- model: gp_multidimensional           
rot_amp       id:  13  s:Linear      b:[      0.0000,      10.0000]   p:Uniform   []
con_amp       id:  14  s:Linear      b:[    -20.0000,      20.0000]   p:Uniform   []

----- dataset:  BISdata
jitter_0      id:  15  s:Linear      b:[      0.0095,      95.0000]   p:Uniform   []
offset_0      id:  16  s:Linear      b:[ -10079.7333,    9959.4333]   p:Uniform   []
offset_1      id:  17  s:Linear      b:[ -10079.7333,    9959.4333]   p:Uniform   []
offset_2      id:  18  s:Linear      b:[ -10079.7333,    9959.4333]   p:Uniform   []
offset_3      id:  19  s:Linear      b:[ -10079.7333,    9959.4333]   p:Uniform   []

----- dataset: BISdata                   ----- model: gp_multidimensional           
rot_amp       id:  20  s:Linear      b:[    -10.0000,      10.0000]   p:Uniform   []
con_amp       id:  21  s:Linear      b:[    -20.0000,      20.0000]   p:Uniform   []

----- dataset:  FWHMdata
jitter_0      id:  22  s:Linear      b:[      0.0500,     500.0000]   p:Uniform   []
offset_0      id:  23  s:Linear      b:[  -3318.6642,   16951.2762]   p:Uniform   []
offset_1      id:  24  s:Linear      b:[  -3318.6642,   16951.2762]   p:Uniform   []
offset_2      id:  25  s:Linear      b:[  -3318.6642,   16951.2762]   p:Uniform   []
offset_3      id:  26  s:Linear      b:[  -3318.6642,   16951.2762]   p:Uniform   []

----- dataset: FWHMdata                  ----- model: gp_multidimensional           
rot_amp       id:  27  s:Linear      b:[    -10.0000,      10.0000]   p:Uniform   []
con_amp       id:  28  s:Linear      b:[    -20.0000,      20.0000]   p:Uniform   []

----- common model:  b
P             id:   0  s:Log_Base2   b:[      0.3785,       6.6439]   p:Uniform   []
K             id:   1  s:Log_Base2   b:[     -9.9658,       3.3219]   p:Uniform   []
sre_coso      id:   2  s:Linear      b:[     -1.0000,       1.0000]   p:Uniform   []
sre_sino      id:   3  s:Linear      b:[     -1.0000,       1.0000]   p:Uniform   []
mean_long     id:   4  s:Linear      b:[    -61.9903,     298.0097]   p:Uniform   []
e             derived (no id, space, bound)                           p:Gaussian   [0.    0.098]
omega         derived (no id, space, bound)                           p:Uniform   [0.0, 360.0]

----- common model:  activity
Prot          id:   5  s:Linear      b:[     20.0000,      35.0000]   p:Gaussian   [28.   0.5]
Pdec          id:   6  s:Linear      b:[     30.0000,    1000.0000]   p:Uniform   []
Oamp          id:   7  s:Log_Base2   b:[     -6.6439,       0.0000]   p:Gaussian   [0.35  0.035]

----- common model:  star_parameters
mass          derived (no id, space, bound)                           p:Gaussian   [1.e+00 1.e-06]
radius        derived (no id, space, bound)                           p:Gaussian   [1.e+00 1.e-06]
density       derived (no id, space, bound)                           p:Gaussian   [1.e+00 1.e-06]


****************************************************************************************************
****************************************************************************************************

 Confidence intervals (median value, 34.135th percentile from the median on the left and right side)

====================================================================================================
     Statistics on the posterior of the sampler parameters     
====================================================================================================

----- dataset:  RVdata
jitter_0         8         1.397       -0.060        0.066   (15-84 p)   [    0.0010,    13.3000]
offset_0         9          10.2         -1.7          1.9   (15-84 p)   [-9995.8980, 10015.6560]
offset_1        10          12.3         -1.7          1.9   (15-84 p)   [-9995.8980, 10015.6560]
offset_2        11          11.5         -1.6          1.9   (15-84 p)   [-9995.8980, 10015.6560]
offset_3        12          11.6         -1.6          1.9   (15-84 p)   [-9995.8980, 10015.6560]

----- dataset: RVdata                    ----- model: gp_multidimensional           
rot_amp         13           2.6         -1.8          2.6   (15-84 p)   [    0.0000,    10.0000]
con_amp         14         -3.66         -1.2         0.84   (15-84 p)   [  -20.0000,    20.0000]

----- dataset:  BISdata
jitter_0        15          1.95        -0.10         0.11   (15-84 p)   [    0.0095,    95.0000]
offset_0        16        -74.02        -0.42         0.48   (15-84 p)   [-10079.7333,  9959.4333]
offset_1        17        -43.21        -0.62         0.65   (15-84 p)   [-10079.7333,  9959.4333]
offset_2        18        -51.63        -0.45         0.50   (15-84 p)   [-10079.7333,  9959.4333]
offset_3        19        -59.43        -0.46         0.51   (15-84 p)   [-10079.7333,  9959.4333]

----- dataset: BISdata                   ----- model: gp_multidimensional           
rot_amp         20          -0.4         -1.7          1.9   (15-84 p)   [  -10.0000,    10.0000]
con_amp         21         -0.81        -0.33         0.25   (15-84 p)   [  -20.0000,    20.0000]

----- dataset:  FWHMdata
jitter_0        22          0.35        -0.21         0.33   (15-84 p)   [    0.0500,   500.0000]
offset_0        23        6693.3         -2.7          2.6   (15-84 p)   [-3318.6642, 16951.2762]
offset_1        24        6940.6         -2.9          2.8   (15-84 p)   [-3318.6642, 16951.2762]
offset_2        25        6856.2         -2.7          2.6   (15-84 p)   [-3318.6642, 16951.2762]
offset_3        26        6895.3         -2.7          2.6   (15-84 p)   [-3318.6642, 16951.2762]

----- dataset: FWHMdata                  ----- model: gp_multidimensional           
rot_amp         27           0.3         -3.5          3.4   (15-84 p)   [  -10.0000,    10.0000]
con_amp         28           5.4         -1.1          1.5   (15-84 p)   [  -20.0000,    20.0000]

----- common model:  b
P                0         6.596       -0.067        0.035   (15-84 p)   [    0.3785,     6.6439]
K                1          1.04        -0.36         0.35   (15-84 p)   [   -9.9658,     3.3219]
sre_coso         2          0.06        -0.22         0.21   (15-84 p)   [   -1.0000,     1.0000]
sre_sino         3          0.17        -0.24         0.17   (15-84 p)   [   -1.0000,     1.0000]
mean_long        4           113          -16           14   (15-84 p)   [  -61.9903,   298.0097]

----- common model:  activity
Prot             5         28.30        -0.48         0.47   (15-84 p)   [   20.0000,    35.0000]
Pdec             6          32.9         -2.2          4.6   (15-84 p)   [   30.0000,  1000.0000]
Oamp             7         -1.29        -0.12         0.11   (15-84 p)   [   -6.6439,     0.0000]

----- common model:  star_parameters

====================================================================================================
     Statistics on the model parameters obtained from the posteriors samples     
====================================================================================================

----- dataset:  RVdata
jitter_0                 1.397       -0.060        0.066    (15-84 p)
offset_0                  10.2         -1.7          1.9    (15-84 p)
offset_1                  12.3         -1.7          1.9    (15-84 p)
offset_2                  11.5         -1.6          1.9    (15-84 p)
offset_3                  11.6         -1.6          1.9    (15-84 p)


----- dataset: RVdata                    ----- model: gp_multidimensional           
rot_amp                    2.6         -1.8          2.6    (15-84 p)
con_amp                  -3.66         -1.2         0.84    (15-84 p)

----- dataset:  BISdata
jitter_0                  1.95        -0.10         0.11    (15-84 p)
offset_0                -74.02        -0.42         0.48    (15-84 p)
offset_1                -43.21        -0.62         0.65    (15-84 p)
offset_2                -51.63        -0.45         0.50    (15-84 p)
offset_3                -59.43        -0.46         0.51    (15-84 p)


----- dataset: BISdata                   ----- model: gp_multidimensional           
rot_amp                   -0.4         -1.7          1.9    (15-84 p)
con_amp                  -0.81        -0.33         0.25    (15-84 p)

----- dataset:  FWHMdata
jitter_0                  0.35        -0.21         0.33    (15-84 p)
offset_0                6693.3         -2.7          2.6    (15-84 p)
offset_1                6940.6         -2.9          2.8    (15-84 p)
offset_2                6856.2         -2.7          2.6    (15-84 p)
offset_3                6895.3         -2.7          2.6    (15-84 p)


----- dataset: FWHMdata                  ----- model: gp_multidimensional           
rot_amp                    0.3         -3.5          3.4    (15-84 p)
con_amp                    5.4         -1.1          1.5    (15-84 p)

----- common model:  b
P                         96.7         -4.4          2.4    (15-84 p)
K                         2.06        -0.45         0.56    (15-84 p)
mean_long                  113          -16           14    (15-84 p)
e                        0.092       -0.063        0.082    (15-84 p)
omega                       68          -76           68    (15-84 p)

----- common model:  activity
Prot                     28.30        -0.48         0.47    (15-84 p)
Pdec                      32.9         -2.2          4.6    (15-84 p)
Oamp                     0.408       -0.033        0.032    (15-84 p)

----- common model:  star_parameters

====================================================================================================
     Statistics on the derived parameters obtained from the posteriors samples     
====================================================================================================

----- common model:  b
Inclination fixed to 90 deg!
Computing planetary mass under the approximation M_planet << M_star (threshold at 30.0 Me)
a_Rs                      88.6         -2.7          1.5    (15-84 p)
M_Mj                     0.046       -0.010        0.013    (15-84 p)
M_Me                      14.7         -3.3          4.0    (15-84 p)
Tc                     59423.4         -3.9          3.6    (15-84 p)
a_AU_(M)                0.4124       -0.013       0.0068    (15-84 p)
a_AU_(rho,R)            0.4124       -0.013       0.0068    (15-84 p)


====================================================================================================
     ------------------------------------------------------------------------------------------     
====================================================================================================



****************************************************************************************************

 Parameters corresponding to the Maximum a Posteriori probability ( -2105.3965978144197 )

====================================================================================================
     Statistics on the posterior of the sampler parameters     
====================================================================================================

----- dataset:  RVdata
jitter_0         8      1.376660 [    0.0010,    13.3000]
offset_0         9     10.966320 [-9995.8980, 10015.6560]
offset_1        10     13.027439 [-9995.8980, 10015.6560]
offset_2        11     12.226015 [-9995.8980, 10015.6560]
offset_3        12     12.539757 [-9995.8980, 10015.6560]

----- dataset: RVdata                    ----- model: gp_multidimensional           
rot_amp         13      1.120457 [    0.0000,    10.0000]
con_amp         14     -3.028119 [  -20.0000,    20.0000]

----- dataset:  BISdata
jitter_0        15      1.928152 [    0.0095,    95.0000]
offset_0        16    -73.953831 [-10079.7333,  9959.4333]
offset_1        17    -43.148328 [-10079.7333,  9959.4333]
offset_2        18    -51.612651 [-10079.7333,  9959.4333]
offset_3        19    -59.467162 [-10079.7333,  9959.4333]

----- dataset: BISdata                   ----- model: gp_multidimensional           
rot_amp         20     -1.294018 [  -10.0000,    10.0000]
con_amp         21     -0.609559 [  -20.0000,    20.0000]

----- dataset:  FWHMdata
jitter_0        22      0.152802 [    0.0500,   500.0000]
offset_0        23   6692.134328 [-3318.6642, 16951.2762]
offset_1        24   6939.129644 [-3318.6642, 16951.2762]
offset_2        25   6855.137070 [-3318.6642, 16951.2762]
offset_3        26   6894.332293 [-3318.6642, 16951.2762]

----- dataset: FWHMdata                  ----- model: gp_multidimensional           
rot_amp         27      3.952664 [  -10.0000,    10.0000]
con_amp         28      4.793792 [  -20.0000,    20.0000]

----- common model:  b
P                0      6.607370 [    0.3785,     6.6439]
K                1      1.131408 [   -9.9658,     3.3219]
sre_coso         2      0.167592 [   -1.0000,     1.0000]
sre_sino         3      0.334102 [   -1.0000,     1.0000]
mean_long        4     99.416431 [  -61.9903,   298.0097]

----- common model:  activity
Prot             5     28.254080 [   20.0000,    35.0000]
Pdec             6     33.035632 [   30.0000,  1000.0000]
Oamp             7     -1.297386 [   -6.6439,     0.0000]

----- common model:  star_parameters

====================================================================================================
     Statistics on the model parameters obtained from the posteriors samples     
====================================================================================================

----- dataset:  RVdata
jitter_0              1.376660 
offset_0             10.966320 
offset_1             13.027439 
offset_2             12.226015 
offset_3             12.539757 


----- dataset: RVdata                    ----- model: gp_multidimensional           
rot_amp               1.120457 
con_amp              -3.028119 

----- dataset:  BISdata
jitter_0              1.928152 
offset_0            -73.953831 
offset_1            -43.148328 
offset_2            -51.612651 
offset_3            -59.467162 


----- dataset: BISdata                   ----- model: gp_multidimensional           
rot_amp              -1.294018 
con_amp              -0.609559 

----- dataset:  FWHMdata
jitter_0              0.152802 
offset_0           6692.134328 
offset_1           6939.129644 
offset_2           6855.137070 
offset_3           6894.332293 


----- dataset: FWHMdata                  ----- model: gp_multidimensional           
rot_amp               3.952664 
con_amp               4.793792 

----- common model:  b
P                    97.502654 
K                     2.190725 
mean_long            99.416431 
e                     0.139711 
omega                63.360701 

----- common model:  activity
Prot                 28.254080 
Pdec                 33.035632 
Oamp                  0.406863 

----- common model:  star_parameters

====================================================================================================
     Statistics on the derived parameters obtained from the posteriors samples     
====================================================================================================

----- common model:  b
Inclination fixed to 90 deg!
a_Rs                 89.110083 
M_Mj                  0.049116 
M_Me                 15.613796 
Tc                59427.877855 
a_AU_(M)              0.414590 
a_AU_(rho,R)          0.414582 


====================================================================================================
     ------------------------------------------------------------------------------------------     
====================================================================================================



****************************************************************************************************

 Parameters corresponding to the sample closest to the median values ( -2111.3013328875636 )

====================================================================================================
     Statistics on the posterior of the sampler parameters     
====================================================================================================

----- dataset:  RVdata
jitter_0         8      1.412405 [    0.0010,    13.3000]
offset_0         9     10.223318 [-9995.8980, 10015.6560]
offset_1        10     11.518277 [-9995.8980, 10015.6560]
offset_2        11     11.528331 [-9995.8980, 10015.6560]
offset_3        12     11.789896 [-9995.8980, 10015.6560]

----- dataset: RVdata                    ----- model: gp_multidimensional           
rot_amp         13      3.016836 [    0.0000,    10.0000]
con_amp         14     -4.265667 [  -20.0000,    20.0000]

----- dataset:  BISdata
jitter_0        15      1.898878 [    0.0095,    95.0000]
offset_0        16    -73.839650 [-10079.7333,  9959.4333]
offset_1        17    -43.298282 [-10079.7333,  9959.4333]
offset_2        18    -51.764088 [-10079.7333,  9959.4333]
offset_3        19    -59.114446 [-10079.7333,  9959.4333]

----- dataset: BISdata                   ----- model: gp_multidimensional           
rot_amp         20      0.799938 [  -10.0000,    10.0000]
con_amp         21     -0.855936 [  -20.0000,    20.0000]

----- dataset:  FWHMdata
jitter_0        22      0.195416 [    0.0500,   500.0000]
offset_0        23   6692.959352 [-3318.6642, 16951.2762]
offset_1        24   6940.076631 [-3318.6642, 16951.2762]
offset_2        25   6856.664810 [-3318.6642, 16951.2762]
offset_3        26   6895.377667 [-3318.6642, 16951.2762]

----- dataset: FWHMdata                  ----- model: gp_multidimensional           
rot_amp         27      1.536953 [  -10.0000,    10.0000]
con_amp         28      6.361211 [  -20.0000,    20.0000]

----- common model:  b
P                0      6.615611 [    0.3785,     6.6439]
K                1      1.076782 [   -9.9658,     3.3219]
sre_coso         2      0.091213 [   -1.0000,     1.0000]
sre_sino         3      0.136352 [   -1.0000,     1.0000]
mean_long        4    120.256159 [  -61.9903,   298.0097]

----- common model:  activity
Prot             5     28.139428 [   20.0000,    35.0000]
Pdec             6     36.274586 [   30.0000,  1000.0000]
Oamp             7     -1.250932 [   -6.6439,     0.0000]

----- common model:  star_parameters

====================================================================================================
     Statistics on the model parameters obtained from the posteriors samples     
====================================================================================================

----- dataset:  RVdata
jitter_0              1.412405 
offset_0             10.223318 
offset_1             11.518277 
offset_2             11.528331 
offset_3             11.789896 


----- dataset: RVdata                    ----- model: gp_multidimensional           
rot_amp               3.016836 
con_amp              -4.265667 

----- dataset:  BISdata
jitter_0              1.898878 
offset_0            -73.839650 
offset_1            -43.298282 
offset_2            -51.764088 
offset_3            -59.114446 


----- dataset: BISdata                   ----- model: gp_multidimensional           
rot_amp               0.799938 
con_amp              -0.855936 

----- dataset:  FWHMdata
jitter_0              0.195416 
offset_0           6692.959352 
offset_1           6940.076631 
offset_2           6856.664810 
offset_3           6895.377667 


----- dataset: FWHMdata                  ----- model: gp_multidimensional           
rot_amp               1.536953 
con_amp               6.361211 

----- common model:  b
P                    98.061220 
K                     2.109325 
mean_long           120.256159 
e                     0.026912 
omega                56.219348 

----- common model:  activity
Prot                 28.139428 
Pdec                 36.274586 
Oamp                  0.420177 

----- common model:  star_parameters

====================================================================================================
     Statistics on the derived parameters obtained from the posteriors samples     
====================================================================================================

----- common model:  b
Inclination fixed to 90 deg!
a_Rs                 89.450123 
M_Mj                  0.047833 
M_Me                 15.205977 
Tc                59424.060534 
a_AU_(M)              0.416172 
a_AU_(rho,R)          0.416164 


====================================================================================================
     ------------------------------------------------------------------------------------------     
====================================================================================================



****************************************************************************************************

Inclination fixed to 90 deg!
Note: stellar density derived from stellar mass and radius

Inclination fixed to 90 deg!
Inclination fixed to 90 deg!
 Plot FLAT chain 

****************************************************************************************************

Plotting full_correlation plot with pygtc

****************************************************************************************************

 Plotting the chains... 

****************************************************************************************************

 Plotting the Gelman-Rubin traces... 

     Gelman-Rubin:     8     1.005818 RVdata_jitter_0 
     Gelman-Rubin:     9     1.016910 RVdata_offset_0 
     Gelman-Rubin:    10     1.016486 RVdata_offset_1 
     Gelman-Rubin:    11     1.016386 RVdata_offset_2 
     Gelman-Rubin:    12     1.016557 RVdata_offset_3 
     Gelman-Rubin:    13     1.011548 RVdata_gp_multidimensional_rot_amp 
     Gelman-Rubin:    14     1.022407 RVdata_gp_multidimensional_con_amp 
     Gelman-Rubin:    15     1.007760 BISdata_jitter_0 
     Gelman-Rubin:    16     1.012233 BISdata_offset_0 
     Gelman-Rubin:    17     1.013758 BISdata_offset_1 
     Gelman-Rubin:    18     1.014026 BISdata_offset_2 
     Gelman-Rubin:    19     1.012638 BISdata_offset_3 
     Gelman-Rubin:    20     1.010446 BISdata_gp_multidimensional_rot_amp 
     Gelman-Rubin:    21     1.009262 BISdata_gp_multidimensional_con_amp 
     Gelman-Rubin:    22     1.009521 FWHMdata_jitter_0 
     Gelman-Rubin:    23     1.015156 FWHMdata_offset_0 
     Gelman-Rubin:    24     1.014840 FWHMdata_offset_1 
     Gelman-Rubin:    25     1.014931 FWHMdata_offset_2 
     Gelman-Rubin:    26     1.015228 FWHMdata_offset_3 
     Gelman-Rubin:    27     1.010488 FWHMdata_gp_multidimensional_rot_amp 
     Gelman-Rubin:    28     1.012589 FWHMdata_gp_multidimensional_con_amp 
     Gelman-Rubin:     0     1.019860 b_P 
     Gelman-Rubin:     1     1.014478 b_K 
     Gelman-Rubin:     2     1.012720 b_sre_coso 
     Gelman-Rubin:     3     1.016096 b_sre_sino 
     Gelman-Rubin:     4     1.024300 b_mean_long 
     Gelman-Rubin:     5     1.008157 activity_Prot 
     Gelman-Rubin:     6     1.014903 activity_Pdec 
     Gelman-Rubin:     7     1.007098 activity_Oamp 

****************************************************************************************************

Plotting the common models corner plots
     Common model:  b
     Common model:  activity
     Common model:  star_parameters

****************************************************************************************************

Plotting the dataset + models corner plots 

     Dataset:  RVdata     model:  gp_multidimensional  corner plot  starting 
     Dataset:  RVdata     model:  gp_multidimensional  corner plot  done 
     Dataset:  RVdata     model:  radial_velocities_b  corner plot  starting 
     Dataset:  RVdata     model:  radial_velocities_b  corner plot  done 
     Dataset:  BISdata     model:  gp_multidimensional  corner plot  starting 
     Dataset:  BISdata     model:  gp_multidimensional  corner plot  done 
     Dataset:  FWHMdata     model:  gp_multidimensional  corner plot  starting 
     Dataset:  FWHMdata     model:  gp_multidimensional  corner plot  done 

****************************************************************************************************

 Saving the planet parameter samplings to files (with plots)

****************************************************************************************************

 Saving all the parameter samplings to files (with plots)

****************************************************************************************************

 Computing the models for plot/data writing 
     Splitting the plot array to allow GP prediction of extended datasets, it may take a while...
     # 57 chunks of 100 times each
     Check the documentation if the code is taking too long or if it crashes...
     Splitting the plot array to allow GP prediction of extended datasets, it may take a while...
     # 34 chunks of 100 times each
     Check the documentation if the code is taking too long or if it crashes...
     Splitting the plot array to allow GP prediction of extended datasets, it may take a while...
     # 34 chunks of 100 times each
     Check the documentation if the code is taking too long or if it crashes...
     Splitting the plot array to allow GP prediction of extended datasets, it may take a while...
     # 57 chunks of 100 times each
     Check the documentation if the code is taking too long or if it crashes...
     Splitting the plot array to allow GP prediction of extended datasets, it may take a while...
     # 34 chunks of 100 times each
     Check the documentation if the code is taking too long or if it crashes...
     Splitting the plot array to allow GP prediction of extended datasets, it may take a while...
     # 34 chunks of 100 times each
     Check the documentation if the code is taking too long or if it crashes...
     Splitting the plot array to allow GP prediction of extended datasets, it may take a while...
     # 57 chunks of 100 times each
     Check the documentation if the code is taking too long or if it crashes...
     Splitting the plot array to allow GP prediction of extended datasets, it may take a while...
     # 34 chunks of 100 times each
     Check the documentation if the code is taking too long or if it crashes...
     Splitting the plot array to allow GP prediction of extended datasets, it may take a while...
     # 34 chunks of 100 times each
     Check the documentation if the code is taking too long or if it crashes...
 Writing the plots 
 Writing the   data files 
 Writing the  MAP_ data files 
 Writing the  sampleMED_ data files 

****************************************************************************************************

