
:::---::: PyORBIT v11.0.1 :::---:::

Python version in use:
3.10.18 (main, Jun  5 2025, 13:14:17) [GCC 11.2.0]

reloaded_optimize:  False
reloaded_pyde:  False
reloaded_emcee:  False

number of multiprocessing threads: 16
multiprocessing method (should be fork):  fork

parameters/safe_reload flag (must be True for tinygp):  False

Opening:  RVdata
Opening:  BISdata
Opening:  FWHMdata

Adding common model of planet:  b
Adding common model of planet:  c
Adding common model of planet:  d
Using orbital model:  keplerian
Using orbital parametrization:  Eastman2013

Using orbital model:  keplerian
Using orbital parametrization:  Eastman2013

Using orbital model:  keplerian
Using orbital parametrization:  Eastman2013

gp_multidimensional  S+LEAF model, number of harmonics: 4

GP model: gp_multidimensional  hyperparameters_condition:    True
GP model: gp_multidimensional  rotation_decay_condition:     True

====================================================================================================
     Ids, spaces (s), boundaries (b) and priors (p) of the sampler parameters     
====================================================================================================

----- dataset:  RVdata
jitter_0      id:  18  s:Linear      b:[      0.0009,      13.3000]   p:Uniform   []
offset_0      id:  19  s:Linear      b:[  -9997.8210,   10017.2110]   p:Uniform   []
offset_1      id:  20  s:Linear      b:[  -9997.8210,   10017.2110]   p:Uniform   []
offset_2      id:  21  s:Linear      b:[  -9997.8210,   10017.2110]   p:Uniform   []
offset_3      id:  22  s:Linear      b:[  -9997.8210,   10017.2110]   p:Uniform   []

----- dataset: RVdata                    ----- model: gp_multidimensional           
rot_amp       id:  23  s:Linear      b:[      0.0000,      10.0000]   p:Uniform   []
con_amp       id:  24  s:Linear      b:[    -20.0000,      20.0000]   p:Uniform   []

----- dataset:  BISdata
jitter_0      id:  25  s:Linear      b:[      0.0095,      95.0000]   p:Uniform   []
offset_0      id:  26  s:Linear      b:[ -10079.1667,    9959.2667]   p:Uniform   []
offset_1      id:  27  s:Linear      b:[ -10079.1667,    9959.2667]   p:Uniform   []
offset_2      id:  28  s:Linear      b:[ -10079.1667,    9959.2667]   p:Uniform   []
offset_3      id:  29  s:Linear      b:[ -10079.1667,    9959.2667]   p:Uniform   []

----- dataset: BISdata                   ----- model: gp_multidimensional           
rot_amp       id:  30  s:Linear      b:[    -10.0000,      10.0000]   p:Uniform   []
con_amp       id:  31  s:Linear      b:[    -20.0000,      20.0000]   p:Uniform   []

----- dataset:  FWHMdata
jitter_0      id:  32  s:Linear      b:[      0.0500,     500.0000]   p:Uniform   []
offset_0      id:  33  s:Linear      b:[  -3319.7439,   16948.1456]   p:Uniform   []
offset_1      id:  34  s:Linear      b:[  -3319.7439,   16948.1456]   p:Uniform   []
offset_2      id:  35  s:Linear      b:[  -3319.7439,   16948.1456]   p:Uniform   []
offset_3      id:  36  s:Linear      b:[  -3319.7439,   16948.1456]   p:Uniform   []

----- dataset: FWHMdata                  ----- model: gp_multidimensional           
rot_amp       id:  37  s:Linear      b:[    -10.0000,      10.0000]   p:Uniform   []
con_amp       id:  38  s:Linear      b:[    -20.0000,      20.0000]   p:Uniform   []

----- common model:  b
P             id:   0  s:Log_Base2   b:[      0.3785,       6.6439]   p:Uniform   []
K             id:   1  s:Log_Base2   b:[     -9.9658,       3.3219]   p:Uniform   []
sre_coso      id:   2  s:Linear      b:[     -1.0000,       1.0000]   p:Uniform   []
sre_sino      id:   3  s:Linear      b:[     -1.0000,       1.0000]   p:Uniform   []
mean_long     id:   4  s:Linear      b:[      0.0000,     360.0000]   p:Uniform   []
e             derived (no id, space, bound)                           p:Gaussian   [0.    0.098]
omega         derived (no id, space, bound)                           p:Uniform   [0.0, 360.0]

----- common model:  c
P             id:   5  s:Log_Base2   b:[      0.3785,       6.6439]   p:Uniform   []
K             id:   6  s:Log_Base2   b:[     -9.9658,       3.3219]   p:Uniform   []
sre_coso      id:   7  s:Linear      b:[     -1.0000,       1.0000]   p:Uniform   []
sre_sino      id:   8  s:Linear      b:[     -1.0000,       1.0000]   p:Uniform   []
mean_long     id:   9  s:Linear      b:[      0.0000,     360.0000]   p:Uniform   []
e             derived (no id, space, bound)                           p:Gaussian   [0.    0.098]
omega         derived (no id, space, bound)                           p:Uniform   [0.0, 360.0]

----- common model:  d
P             id:  10  s:Log_Base2   b:[      0.3785,       6.6439]   p:Uniform   []
K             id:  11  s:Log_Base2   b:[     -9.9658,       3.3219]   p:Uniform   []
sre_coso      id:  12  s:Linear      b:[     -1.0000,       1.0000]   p:Uniform   []
sre_sino      id:  13  s:Linear      b:[     -1.0000,       1.0000]   p:Uniform   []
mean_long     id:  14  s:Linear      b:[      0.0000,     360.0000]   p:Uniform   []
e             derived (no id, space, bound)                           p:Gaussian   [0.    0.098]
omega         derived (no id, space, bound)                           p:Uniform   [0.0, 360.0]

----- common model:  activity
Prot          id:  15  s:Linear      b:[     20.0000,      35.0000]   p:Gaussian   [28.   0.5]
Pdec          id:  16  s:Linear      b:[     30.0000,    1000.0000]   p:Uniform   []
Oamp          id:  17  s:Log_Base2   b:[     -6.6439,       0.0000]   p:Gaussian   [0.35  0.035]

----- common model:  star_parameters
mass          derived (no id, space, bound)                           p:Gaussian   [1.e+00 1.e-06]
radius        derived (no id, space, bound)                           p:Gaussian   [1.e+00 1.e-06]
density       derived (no id, space, bound)                           p:Gaussian   [1.e+00 1.e-06]

Include priors:  True

Reference Time Tref:  59334.700184

Dimensions =  39
Nwalkers =  156

Using threading pool for PyDE: True
PyDE running
Boundaries redefined after PyDE output
PyDE completed, it took        173.6 seconds

====================================================================================================
     Starting point of the sample/optimization routines    
====================================================================================================

----- dataset:  RVdata
jitter_0        18      1.122603 [    0.0009,    13.3000]
offset_0        19      8.265287 [-9997.8210, 10017.2110]
offset_1        20      9.982165 [-9997.8210, 10017.2110]
offset_2        21      9.691605 [-9997.8210, 10017.2110]
offset_3        22      9.531022 [-9997.8210, 10017.2110]

----- dataset: RVdata                    ----- model: gp_multidimensional           
rot_amp         23      3.147992 [    0.0000,    10.0000]
con_amp         24      2.361281 [  -20.0000,    20.0000]

----- dataset:  BISdata
jitter_0        25      1.970923 [    0.0095,    95.0000]
offset_0        26    -74.193025 [-10079.1667,  9959.2667]
offset_1        27    -44.263707 [-10079.1667,  9959.2667]
offset_2        28    -52.356688 [-10079.1667,  9959.2667]
offset_3        29    -59.771420 [-10079.1667,  9959.2667]

----- dataset: BISdata                   ----- model: gp_multidimensional           
rot_amp         30     -1.408104 [  -10.0000,    10.0000]
con_amp         31      0.188690 [  -20.0000,    20.0000]

----- dataset:  FWHMdata
jitter_0        32      0.052338 [    0.0500,   500.0000]
offset_0        33   6694.281638 [-3319.7439, 16948.1456]
offset_1        34   6938.094812 [-3319.7439, 16948.1456]
offset_2        35   6857.895668 [-3319.7439, 16948.1456]
offset_3        36   6896.068511 [-3319.7439, 16948.1456]

----- dataset: FWHMdata                  ----- model: gp_multidimensional           
rot_amp         37      3.254990 [  -10.0000,    10.0000]
con_amp         38     -3.093811 [  -20.0000,    20.0000]

----- common model:  b
P                0      4.644159 [    0.3785,     6.6439]
K                1      0.888539 [   -9.9658,     3.3219]
sre_coso         2      0.116937 [   -1.0000,     1.0000]
sre_sino         3     -0.259750 [   -1.0000,     1.0000]
mean_long        4     26.992578 [ -153.0074,   206.9926]

----- common model:  c
P                5      2.454067 [    0.3785,     6.6439]
K                6     -0.726129 [   -9.9658,     3.3219]
sre_coso         7      0.154281 [   -1.0000,     1.0000]
sre_sino         8     -0.085228 [   -1.0000,     1.0000]
mean_long        9    110.445740 [  -69.5543,   290.4457]

----- common model:  d
P               10      0.479130 [    0.3785,     6.6439]
K               11     -0.213089 [   -9.9658,     3.3219]
sre_coso        12     -0.008085 [   -1.0000,     1.0000]
sre_sino        13     -0.366493 [   -1.0000,     1.0000]
mean_long       14    297.601168 [  117.6012,   477.6012]

----- common model:  activity
Prot            15     28.194618 [   20.0000,    35.0000]
Pdec            16     34.192256 [   30.0000,  1000.0000]
Oamp            17     -1.390784 [   -6.6439,     0.0000]

----- common model:  star_parameters

====================================================================================================
     Starting point projected onto the model parameter space     
====================================================================================================

----- dataset:  RVdata
jitter_0              1.122603 
offset_0              8.265287 
offset_1              9.982165 
offset_2              9.691605 
offset_3              9.531022 


----- dataset: RVdata                    ----- model: gp_multidimensional           
rot_amp               3.147992 
con_amp               2.361281 

----- dataset:  BISdata
jitter_0              1.970923 
offset_0            -74.193025 
offset_1            -44.263707 
offset_2            -52.356688 
offset_3            -59.771420 


----- dataset: BISdata                   ----- model: gp_multidimensional           
rot_amp              -1.408104 
con_amp               0.188690 

----- dataset:  FWHMdata
jitter_0              0.052338 
offset_0           6694.281638 
offset_1           6938.094812 
offset_2           6857.895668 
offset_3           6896.068511 


----- dataset: FWHMdata                  ----- model: gp_multidimensional           
rot_amp               3.254990 
con_amp              -3.093811 

----- common model:  b
P                    25.005253 
K                     1.851300 
mean_long            26.992578 
e                     0.081144 
omega               -65.763081 

----- common model:  c
P                     5.479585 
K                     0.604524 
mean_long           110.445740 
e                     0.031066 
omega               -28.917211 

----- common model:  d
P                     1.393903 
K                     0.862688 
mean_long           297.601168 
e                     0.134382 
omega               -91.263777 

----- common model:  activity
Prot                 28.194618 
Pdec                 34.192256 
Oamp                  0.381358 

----- common model:  star_parameters

====================================================================================================
     Derived parameters obtained from starting point     
====================================================================================================

----- common model:  b
Inclination fixed to 90 deg!
a_Rs                 35.969715 
M_Mj                  0.026544 
M_Me                  8.438064 
Tc                59338.796051 
a_AU_(M)              0.167350 
a_AU_(rho,R)          0.167348 

----- common model:  c
Inclination fixed to 90 deg!
a_Rs                 13.074184 
M_Mj                  0.005240 
M_Me                  1.665854 
Tc                59339.820598 
a_AU_(M)              0.060828 
a_AU_(rho,R)          0.060827 

----- common model:  d
Inclination fixed to 90 deg!
a_Rs                  5.248935 
M_Mj                  0.004698 
M_Me                  1.493337 
Tc                59335.291726 
a_AU_(M)              0.024421 
a_AU_(rho,R)          0.024421 


====================================================================================================
     Statistics on the log-likelihood     
====================================================================================================

 LN probability: -2063.062231 

====================================================================================================
     ------------------------------------------------------------------------------------------     
====================================================================================================



*************************************************************

Running emcee

emcee version:  3.1.6
Using threading pool for emcee: True

Saving temporary steps


Computing the autocorrelation time of the chains

***** WARNING ******
The integrated autocorrelation time cannot be reliably estimated
likely the chains are too short, and ACF analysis is not fully reliable
emcee.autocorr.integrated_time tolerance lowered to 20
If you still get a warning, you should drop these results entirely
Chains too short to apply convergence criteria
They should be at least 450*nthin = 67500

====================================================================================================
     Statistics on the posterior of the sampler parameters     
====================================================================================================

----- dataset:  RVdata
jitter_0        18         1.160       -0.054        0.057   (15-84 p)   [    0.0009,    13.3000]
offset_0        19           9.1         -1.9          2.2   (15-84 p)   [-9997.8210, 10017.2110]
offset_1        20          10.9         -1.9          2.2   (15-84 p)   [-9997.8210, 10017.2110]
offset_2        21          10.5         -1.9          2.2   (15-84 p)   [-9997.8210, 10017.2110]
offset_3        22          10.3         -1.9          2.2   (15-84 p)   [-9997.8210, 10017.2110]

----- dataset: RVdata                    ----- model: gp_multidimensional           
rot_amp         23           4.2         -2.3          2.7   (15-84 p)   [    0.0000,    10.0000]
con_amp         24          3.95        -0.94          1.6   (15-84 p)   [  -20.0000,    20.0000]

----- dataset:  BISdata
jitter_0        25          1.99        -0.11         0.11   (15-84 p)   [    0.0095,    95.0000]
offset_0        26        -74.15        -0.28         0.34   (15-84 p)   [-10079.1667,  9959.2667]
offset_1        27        -44.18        -0.50         0.50   (15-84 p)   [-10079.1667,  9959.2667]
offset_2        28        -52.33        -0.31         0.35   (15-84 p)   [-10079.1667,  9959.2667]
offset_3        29        -59.74        -0.31         0.36   (15-84 p)   [-10079.1667,  9959.2667]

----- dataset: BISdata                   ----- model: gp_multidimensional           
rot_amp         30          -2.5         -1.6          1.3   (15-84 p)   [  -10.0000,    10.0000]
con_amp         31          0.28        -0.21         0.25   (15-84 p)   [  -20.0000,    20.0000]

----- dataset:  FWHMdata
jitter_0        32          0.33        -0.20         0.31   (15-84 p)   [    0.0500,   500.0000]
offset_0        33        6693.4         -2.6          2.2   (15-84 p)   [-3319.7439, 16948.1456]
offset_1        34        6937.4         -2.7          2.5   (15-84 p)   [-3319.7439, 16948.1456]
offset_2        35        6857.1         -2.5          2.3   (15-84 p)   [-3319.7439, 16948.1456]
offset_3        36        6895.3         -2.6          2.3   (15-84 p)   [-3319.7439, 16948.1456]

----- dataset: FWHMdata                  ----- model: gp_multidimensional           
rot_amp         37           3.3         -3.3          3.4   (15-84 p)   [  -10.0000,    10.0000]
con_amp         38          -4.6         -1.8          1.1   (15-84 p)   [  -20.0000,    20.0000]

----- common model:  b
P                0         4.693       -0.055        0.062   (15-84 p)   [    0.3785,     6.6439]
K                1          0.84        -0.41         0.32   (15-84 p)   [   -9.9658,     3.3219]
sre_coso         2         -0.00        -0.20         0.21   (15-84 p)   [   -1.0000,     1.0000]
sre_sino         3         -0.10        -0.20         0.23   (15-84 p)   [   -1.0000,     1.0000]
mean_long        4            42          -25           25   (15-84 p)   [ -153.0074,   206.9926]

----- common model:  c
P                5         2.452       -0.091         0.29   (15-84 p)   [    0.3785,     6.6439]
K                6          -2.2         -4.3          1.3   (15-84 p)   [   -9.9658,     3.3219]
sre_coso         7          0.00        -0.21         0.22   (15-84 p)   [   -1.0000,     1.0000]
sre_sino         8          0.01        -0.21         0.20   (15-84 p)   [   -1.0000,     1.0000]
mean_long        9           102          -72           85   (15-84 p)   [  -69.5543,   290.4457]

----- common model:  d
P               10        0.4809      -0.0024       0.0022   (15-84 p)   [    0.3785,     6.6439]
K               11         -0.35        -0.29         0.25   (15-84 p)   [   -9.9658,     3.3219]
sre_coso        12         -0.08        -0.22         0.23   (15-84 p)   [   -1.0000,     1.0000]
sre_sino        13         -0.20        -0.16         0.22   (15-84 p)   [   -1.0000,     1.0000]
mean_long       14           310          -19           18   (15-84 p)   [  117.6012,   477.6012]

----- common model:  activity
Prot            15         28.22        -0.34         0.35   (15-84 p)   [   20.0000,    35.0000]
Pdec            16          45.8         -9.3           13   (15-84 p)   [   30.0000,  1000.0000]
Oamp            17         -1.36        -0.13         0.11   (15-84 p)   [   -6.6439,     0.0000]

----- common model:  star_parameters

====================================================================================================
     Statistics on the model parameters obtained from the posteriors samples     
====================================================================================================

----- dataset:  RVdata
jitter_0                 1.160       -0.054        0.057    (15-84 p)
offset_0                   9.1         -1.9          2.2    (15-84 p)
offset_1                  10.9         -1.9          2.2    (15-84 p)
offset_2                  10.5         -1.9          2.2    (15-84 p)
offset_3                  10.3         -1.9          2.2    (15-84 p)


----- dataset: RVdata                    ----- model: gp_multidimensional           
rot_amp                    4.2         -2.3          2.7    (15-84 p)
con_amp                   3.95        -0.94          1.6    (15-84 p)

----- dataset:  BISdata
jitter_0                  1.99        -0.11         0.11    (15-84 p)
offset_0                -74.15        -0.28         0.34    (15-84 p)
offset_1                -44.18        -0.50         0.50    (15-84 p)
offset_2                -52.33        -0.31         0.35    (15-84 p)
offset_3                -59.74        -0.31         0.36    (15-84 p)


----- dataset: BISdata                   ----- model: gp_multidimensional           
rot_amp                   -2.5         -1.6          1.3    (15-84 p)
con_amp                   0.28        -0.21         0.25    (15-84 p)

----- dataset:  FWHMdata
jitter_0                  0.33        -0.20         0.31    (15-84 p)
offset_0                6693.4         -2.6          2.2    (15-84 p)
offset_1                6937.4         -2.7          2.5    (15-84 p)
offset_2                6857.1         -2.5          2.3    (15-84 p)
offset_3                6895.3         -2.6          2.3    (15-84 p)


----- dataset: FWHMdata                  ----- model: gp_multidimensional           
rot_amp                    3.3         -3.3          3.4    (15-84 p)
con_amp                   -4.6         -1.8          1.1    (15-84 p)

----- common model:  b
P                        25.86        -0.97          1.1    (15-84 p)
K                         1.79        -0.44         0.45    (15-84 p)
mean_long                   42          -25           25    (15-84 p)
e                        0.074       -0.053        0.081    (15-84 p)
omega                      -52          -76          152    (15-84 p)

----- common model:  c
P                         5.47        -0.33          1.2    (15-84 p)
K                         0.21        -0.20         0.31    (15-84 p)
mean_long                  102          -72           85    (15-84 p)
e                        0.065       -0.045        0.072    (15-84 p)
omega                        5         -130          120    (15-84 p)

----- common model:  d
P                       1.3956      -0.0023       0.0021    (15-84 p)
K                         0.78        -0.14         0.15    (15-84 p)
mean_long                  310          -19           18    (15-84 p)
e                        0.100       -0.070        0.089    (15-84 p)
omega                      -95          -51          121    (15-84 p)

----- common model:  activity
Prot                     28.22        -0.34         0.35    (15-84 p)
Pdec                      45.8         -9.3           13    (15-84 p)
Oamp                     0.390       -0.033        0.032    (15-84 p)

----- common model:  star_parameters

====================================================================================================
     Statistics on the derived parameters obtained from the posteriors samples     
====================================================================================================

----- common model:  b
Inclination fixed to 90 deg!
Computing planetary mass under the approximation M_planet << M_star (threshold at 30.0 Me)
a_Rs                     36.78        -0.92          1.1    (15-84 p)
M_Mj                    0.0258      -0.0063       0.0066    (15-84 p)
M_Me                       8.2         -2.0          2.1    (15-84 p)
Tc                     59338.3         -1.8          1.9    (15-84 p)
a_AU_(M)                0.1711      -0.0043       0.0049    (15-84 p)
a_AU_(rho,R)            0.1711      -0.0043       0.0049    (15-84 p)

----- common model:  c
Inclination fixed to 90 deg!
Computing planetary mass under the approximation M_planet << M_star (threshold at 30.0 Me)
a_Rs                     13.06        -0.54          1.9    (15-84 p)
M_Mj                    0.0018      -0.0017       0.0028    (15-84 p)
M_Me                      0.59        -0.56         0.87    (15-84 p)
Tc                     59338.3         -3.1          1.8    (15-84 p)
a_AU_(M)                0.0608      -0.0025       0.0088    (15-84 p)
a_AU_(rho,R)            0.0608      -0.0025       0.0088    (15-84 p)

----- common model:  d
Inclination fixed to 90 deg!
Computing planetary mass under the approximation M_planet << M_star (threshold at 30.0 Me)
a_Rs                    5.2533      -0.0058       0.0054    (15-84 p)
M_Mj                   0.00428     -0.00077      0.00078    (15-84 p)
M_Me                      1.36        -0.25         0.25    (15-84 p)
Tc                   59335.257       -0.077        0.076    (15-84 p)
a_AU_(M)              0.024441    -0.000027     0.000025    (15-84 p)
a_AU_(rho,R)          0.024441    -0.000027     0.000025    (15-84 p)


====================================================================================================
     ------------------------------------------------------------------------------------------     
====================================================================================================



15000.0   steps completed, average lnprob:,  -2087.8532045140746


Computing the autocorrelation time of the chains

***** WARNING ******
The integrated autocorrelation time cannot be reliably estimated
likely the chains are too short, and ACF analysis is not fully reliable
emcee.autocorr.integrated_time tolerance lowered to 20
If you still get a warning, you should drop these results entirely
Chains too short to apply convergence criteria
They should be at least 800*nthin = 120000

====================================================================================================
     Statistics on the posterior of the sampler parameters     
====================================================================================================

----- dataset:  RVdata
jitter_0        18         1.166       -0.055        0.058   (15-84 p)   [    0.0009,    13.3000]
offset_0        19           8.9         -1.8          2.3   (15-84 p)   [-9997.8210, 10017.2110]
offset_1        20          10.7         -1.8          2.4   (15-84 p)   [-9997.8210, 10017.2110]
offset_2        21          10.3         -1.8          2.3   (15-84 p)   [-9997.8210, 10017.2110]
offset_3        22          10.2         -1.8          2.3   (15-84 p)   [-9997.8210, 10017.2110]

----- dataset: RVdata                    ----- model: gp_multidimensional           
rot_amp         23           4.0         -2.4          2.8   (15-84 p)   [    0.0000,    10.0000]
con_amp         24          4.06        -0.95          1.6   (15-84 p)   [  -20.0000,    20.0000]

----- dataset:  BISdata
jitter_0        25          1.99        -0.10         0.10   (15-84 p)   [    0.0095,    95.0000]
offset_0        26        -74.14        -0.30         0.34   (15-84 p)   [-10079.1667,  9959.2667]
offset_1        27        -44.20        -0.49         0.51   (15-84 p)   [-10079.1667,  9959.2667]
offset_2        28        -52.33        -0.30         0.34   (15-84 p)   [-10079.1667,  9959.2667]
offset_3        29        -59.75        -0.32         0.35   (15-84 p)   [-10079.1667,  9959.2667]

----- dataset: BISdata                   ----- model: gp_multidimensional           
rot_amp         30          -2.6         -1.6          1.2   (15-84 p)   [  -10.0000,    10.0000]
con_amp         31          0.27        -0.22         0.25   (15-84 p)   [  -20.0000,    20.0000]

----- dataset:  FWHMdata
jitter_0        32          0.34        -0.20         0.31   (15-84 p)   [    0.0500,   500.0000]
offset_0        33        6693.5         -2.7          2.2   (15-84 p)   [-3319.7439, 16948.1456]
offset_1        34        6937.8         -3.0          2.5   (15-84 p)   [-3319.7439, 16948.1456]
offset_2        35        6857.4         -2.8          2.2   (15-84 p)   [-3319.7439, 16948.1456]
offset_3        36        6895.6         -2.8          2.2   (15-84 p)   [-3319.7439, 16948.1456]

----- dataset: FWHMdata                  ----- model: gp_multidimensional           
rot_amp         37           3.0         -3.4          3.5   (15-84 p)   [  -10.0000,    10.0000]
con_amp         38          -4.7         -1.7          1.1   (15-84 p)   [  -20.0000,    20.0000]

----- common model:  b
P                0         4.702       -0.060        0.066   (15-84 p)   [    0.3785,     6.6439]
K                1          0.84        -0.43         0.35   (15-84 p)   [   -9.9658,     3.3219]
sre_coso         2          0.00        -0.21         0.21   (15-84 p)   [   -1.0000,     1.0000]
sre_sino         3         -0.08        -0.21         0.21   (15-84 p)   [   -1.0000,     1.0000]
mean_long        4            44          -26           24   (15-84 p)   [ -153.0074,   206.9926]

----- common model:  c
P                5           3.6         -2.0          2.1   (15-84 p)   [    0.3785,     6.6439]
K                6          -4.5         -3.7          3.4   (15-84 p)   [   -9.9658,     3.3219]
sre_coso         7          0.01        -0.21         0.22   (15-84 p)   [   -1.0000,     1.0000]
sre_sino         8          0.00        -0.21         0.21   (15-84 p)   [   -1.0000,     1.0000]
mean_long        9           109         -103          114   (15-84 p)   [  -69.5543,   290.4457]

----- common model:  d
P               10        0.4816      -0.0021       0.0020   (15-84 p)   [    0.3785,     6.6439]
K               11         -0.36        -0.30         0.25   (15-84 p)   [   -9.9658,     3.3219]
sre_coso        12         -0.11        -0.21         0.23   (15-84 p)   [   -1.0000,     1.0000]
sre_sino        13         -0.18        -0.16         0.22   (15-84 p)   [   -1.0000,     1.0000]
mean_long       14           315          -17           17   (15-84 p)   [  117.6012,   477.6012]

----- common model:  activity
Prot            15         28.23        -0.35         0.36   (15-84 p)   [   20.0000,    35.0000]
Pdec            16          45.6         -9.3           12   (15-84 p)   [   30.0000,  1000.0000]
Oamp            17         -1.37        -0.13         0.12   (15-84 p)   [   -6.6439,     0.0000]

----- common model:  star_parameters

====================================================================================================
     Statistics on the model parameters obtained from the posteriors samples     
====================================================================================================

----- dataset:  RVdata
jitter_0                 1.166       -0.055        0.058    (15-84 p)
offset_0                   8.9         -1.8          2.3    (15-84 p)
offset_1                  10.7         -1.8          2.4    (15-84 p)
offset_2                  10.3         -1.8          2.3    (15-84 p)
offset_3                  10.2         -1.8          2.3    (15-84 p)


----- dataset: RVdata                    ----- model: gp_multidimensional           
rot_amp                    4.0         -2.4          2.8    (15-84 p)
con_amp                   4.06        -0.95          1.6    (15-84 p)

----- dataset:  BISdata
jitter_0                  1.99        -0.10         0.10    (15-84 p)
offset_0                -74.14        -0.30         0.34    (15-84 p)
offset_1                -44.20        -0.49         0.51    (15-84 p)
offset_2                -52.33        -0.30         0.34    (15-84 p)
offset_3                -59.75        -0.32         0.35    (15-84 p)


----- dataset: BISdata                   ----- model: gp_multidimensional           
rot_amp                   -2.6         -1.6          1.2    (15-84 p)
con_amp                   0.27        -0.22         0.25    (15-84 p)

----- dataset:  FWHMdata
jitter_0                  0.34        -0.20         0.31    (15-84 p)
offset_0                6693.5         -2.7          2.2    (15-84 p)
offset_1                6937.8         -3.0          2.5    (15-84 p)
offset_2                6857.4         -2.8          2.2    (15-84 p)
offset_3                6895.6         -2.8          2.2    (15-84 p)


----- dataset: FWHMdata                  ----- model: gp_multidimensional           
rot_amp                    3.0         -3.4          3.5    (15-84 p)
con_amp                   -4.7         -1.7          1.1    (15-84 p)

----- common model:  b
P                         26.0         -1.1          1.2    (15-84 p)
K                         1.79        -0.46         0.49    (15-84 p)
mean_long                   44          -26           24    (15-84 p)
e                        0.069       -0.048        0.078    (15-84 p)
omega                      -46          -82          147    (15-84 p)

----- common model:  c
P                         12.0         -9.1           40    (15-84 p)
K                        0.044       -0.041         0.42    (15-84 p)
mean_long                  109         -103          114    (15-84 p)
e                        0.065       -0.046        0.071    (15-84 p)
omega                        2         -125          118    (15-84 p)

----- common model:  d
P                       1.3963      -0.0020       0.0019    (15-84 p)
K                         0.78        -0.15         0.15    (15-84 p)
mean_long                  315          -17           17    (15-84 p)
e                        0.101       -0.070        0.084    (15-84 p)
omega                      -98          -50          149    (15-84 p)

----- common model:  activity
Prot                     28.23        -0.35         0.36    (15-84 p)
Pdec                      45.6         -9.3           12    (15-84 p)
Oamp                     0.387       -0.032        0.033    (15-84 p)

----- common model:  star_parameters

====================================================================================================
     Statistics on the derived parameters obtained from the posteriors samples     
====================================================================================================

----- common model:  b
Inclination fixed to 90 deg!
Computing planetary mass under the approximation M_planet << M_star (threshold at 30.0 Me)
a_Rs                      36.9         -1.0          1.2    (15-84 p)
M_Mj                    0.0259      -0.0066       0.0071    (15-84 p)
M_Me                       8.2         -2.1          2.3    (15-84 p)
Tc                     59338.2         -1.7          2.0    (15-84 p)
a_AU_(M)                0.1719      -0.0047       0.0054    (15-84 p)
a_AU_(rho,R)            0.1719      -0.0047       0.0054    (15-84 p)

----- common model:  c
Inclination fixed to 90 deg!
Computing planetary mass under the approximation M_planet << M_star (threshold at 30.0 Me)
a_Rs                        22          -13           36    (15-84 p)
M_Mj                   0.00049     -0.00045       0.0049    (15-84 p)
M_Me                      0.15        -0.14          1.6    (15-84 p)
Tc                     59339.3         -3.7           21    (15-84 p)
a_AU_(M)                 0.103       -0.062         0.17    (15-84 p)
a_AU_(rho,R)             0.103       -0.062         0.17    (15-84 p)

----- common model:  d
Inclination fixed to 90 deg!
Computing planetary mass under the approximation M_planet << M_star (threshold at 30.0 Me)
a_Rs                    5.2550      -0.0050       0.0048    (15-84 p)
M_Mj                   0.00427     -0.00079      0.00079    (15-84 p)
M_Me                      1.36        -0.25         0.25    (15-84 p)
Tc                   59335.244       -0.074        0.074    (15-84 p)
a_AU_(M)              0.024449    -0.000023     0.000022    (15-84 p)
a_AU_(rho,R)          0.024449    -0.000023     0.000022    (15-84 p)


====================================================================================================
     ------------------------------------------------------------------------------------------     
====================================================================================================



30000.0   steps completed, average lnprob:,  -2088.645511784769


Computing the autocorrelation time of the chains

***** WARNING ******
The integrated autocorrelation time cannot be reliably estimated
likely the chains are too short, and ACF analysis is not fully reliable
emcee.autocorr.integrated_time tolerance lowered to 20
If you still get a warning, you should drop these results entirely
Chains too short to apply convergence criteria
They should be at least 900*nthin = 135000

====================================================================================================
     Statistics on the posterior of the sampler parameters     
====================================================================================================

----- dataset:  RVdata
jitter_0        18         1.164       -0.053        0.057   (15-84 p)   [    0.0009,    13.3000]
offset_0        19           9.0         -1.9          2.3   (15-84 p)   [-9997.8210, 10017.2110]
offset_1        20          10.9         -1.9          2.3   (15-84 p)   [-9997.8210, 10017.2110]
offset_2        21          10.5         -1.9          2.3   (15-84 p)   [-9997.8210, 10017.2110]
offset_3        22          10.3         -1.9          2.3   (15-84 p)   [-9997.8210, 10017.2110]

----- dataset: RVdata                    ----- model: gp_multidimensional           
rot_amp         23           4.1         -2.5          2.8   (15-84 p)   [    0.0000,    10.0000]
con_amp         24          4.09        -0.98          1.6   (15-84 p)   [  -20.0000,    20.0000]

----- dataset:  BISdata
jitter_0        25          1.99        -0.10         0.11   (15-84 p)   [    0.0095,    95.0000]
offset_0        26        -74.14        -0.29         0.33   (15-84 p)   [-10079.1667,  9959.2667]
offset_1        27        -44.20        -0.50         0.53   (15-84 p)   [-10079.1667,  9959.2667]
offset_2        28        -52.34        -0.30         0.34   (15-84 p)   [-10079.1667,  9959.2667]
offset_3        29        -59.74        -0.32         0.35   (15-84 p)   [-10079.1667,  9959.2667]

----- dataset: BISdata                   ----- model: gp_multidimensional           
rot_amp         30          -2.7         -1.7          1.3   (15-84 p)   [  -10.0000,    10.0000]
con_amp         31          0.27        -0.22         0.25   (15-84 p)   [  -20.0000,    20.0000]

----- dataset:  FWHMdata
jitter_0        32          0.34        -0.20         0.31   (15-84 p)   [    0.0500,   500.0000]
offset_0        33        6693.4         -2.7          2.3   (15-84 p)   [-3319.7439, 16948.1456]
offset_1        34        6937.7         -3.0          2.5   (15-84 p)   [-3319.7439, 16948.1456]
offset_2        35        6857.2         -2.8          2.2   (15-84 p)   [-3319.7439, 16948.1456]
offset_3        36        6895.4         -2.8          2.2   (15-84 p)   [-3319.7439, 16948.1456]

----- dataset: FWHMdata                  ----- model: gp_multidimensional           
rot_amp         37           3.0         -3.4          3.4   (15-84 p)   [  -10.0000,    10.0000]
con_amp         38          -4.7         -1.8          1.1   (15-84 p)   [  -20.0000,    20.0000]

----- common model:  b
P                0         4.699       -0.060        0.068   (15-84 p)   [    0.3785,     6.6439]
K                1          0.83        -0.45         0.35   (15-84 p)   [   -9.9658,     3.3219]
sre_coso         2          0.01        -0.21         0.21   (15-84 p)   [   -1.0000,     1.0000]
sre_sino         3         -0.09        -0.22         0.22   (15-84 p)   [   -1.0000,     1.0000]
mean_long        4            43          -26           26   (15-84 p)   [ -153.0074,   206.9926]

----- common model:  c
P                5           3.7         -2.0          2.0   (15-84 p)   [    0.3785,     6.6439]
K                6          -4.3         -3.8          3.4   (15-84 p)   [   -9.9658,     3.3219]
sre_coso         7          0.00        -0.21         0.22   (15-84 p)   [   -1.0000,     1.0000]
sre_sino         8         -0.00        -0.21         0.21   (15-84 p)   [   -1.0000,     1.0000]
mean_long        9           104         -101          115   (15-84 p)   [  -69.5543,   290.4457]

----- common model:  d
P               10        0.4817      -0.0021       0.0020   (15-84 p)   [    0.3785,     6.6439]
K               11         -0.36        -0.30         0.25   (15-84 p)   [   -9.9658,     3.3219]
sre_coso        12         -0.12        -0.21         0.24   (15-84 p)   [   -1.0000,     1.0000]
sre_sino        13         -0.18        -0.16         0.21   (15-84 p)   [   -1.0000,     1.0000]
mean_long       14           315          -17           18   (15-84 p)   [  117.6012,   477.6012]

----- common model:  activity
Prot            15         28.24        -0.34         0.36   (15-84 p)   [   20.0000,    35.0000]
Pdec            16          45.5         -9.2           13   (15-84 p)   [   30.0000,  1000.0000]
Oamp            17         -1.36        -0.13         0.11   (15-84 p)   [   -6.6439,     0.0000]

----- common model:  star_parameters

====================================================================================================
     Statistics on the model parameters obtained from the posteriors samples     
====================================================================================================

----- dataset:  RVdata
jitter_0                 1.164       -0.053        0.057    (15-84 p)
offset_0                   9.0         -1.9          2.3    (15-84 p)
offset_1                  10.9         -1.9          2.3    (15-84 p)
offset_2                  10.5         -1.9          2.3    (15-84 p)
offset_3                  10.3         -1.9          2.3    (15-84 p)


----- dataset: RVdata                    ----- model: gp_multidimensional           
rot_amp                    4.1         -2.5          2.8    (15-84 p)
con_amp                   4.09        -0.98          1.6    (15-84 p)

----- dataset:  BISdata
jitter_0                  1.99        -0.10         0.11    (15-84 p)
offset_0                -74.14        -0.29         0.33    (15-84 p)
offset_1                -44.20        -0.50         0.53    (15-84 p)
offset_2                -52.34        -0.30         0.34    (15-84 p)
offset_3                -59.74        -0.32         0.35    (15-84 p)


----- dataset: BISdata                   ----- model: gp_multidimensional           
rot_amp                   -2.7         -1.7          1.3    (15-84 p)
con_amp                   0.27        -0.22         0.25    (15-84 p)

----- dataset:  FWHMdata
jitter_0                  0.34        -0.20         0.31    (15-84 p)
offset_0                6693.4         -2.7          2.3    (15-84 p)
offset_1                6937.7         -3.0          2.5    (15-84 p)
offset_2                6857.2         -2.8          2.2    (15-84 p)
offset_3                6895.4         -2.8          2.2    (15-84 p)


----- dataset: FWHMdata                  ----- model: gp_multidimensional           
rot_amp                    3.0         -3.4          3.4    (15-84 p)
con_amp                   -4.7         -1.8          1.1    (15-84 p)

----- common model:  b
P                         26.0         -1.1          1.2    (15-84 p)
K                         1.77        -0.48         0.49    (15-84 p)
mean_long                   43          -26           26    (15-84 p)
e                        0.071       -0.050        0.079    (15-84 p)
omega                      -47          -79          147    (15-84 p)

----- common model:  c
P                           13          -10           41    (15-84 p)
K                        0.049       -0.046         0.49    (15-84 p)
mean_long                  104         -101          115    (15-84 p)
e                        0.066       -0.047        0.073    (15-84 p)
omega                       -1         -122          121    (15-84 p)

----- common model:  d
P                       1.3964      -0.0020       0.0019    (15-84 p)
K                         0.78        -0.14         0.15    (15-84 p)
mean_long                  315          -17           18    (15-84 p)
e                        0.103       -0.071        0.084    (15-84 p)
omega                     -100          -50          146    (15-84 p)

----- common model:  activity
Prot                     28.24        -0.34         0.36    (15-84 p)
Pdec                      45.5         -9.2           13    (15-84 p)
Oamp                     0.388       -0.033        0.032    (15-84 p)

----- common model:  star_parameters

====================================================================================================
     Statistics on the derived parameters obtained from the posteriors samples     
====================================================================================================

----- common model:  b
Inclination fixed to 90 deg!
Computing planetary mass under the approximation M_planet << M_star (threshold at 30.0 Me)
a_Rs                      36.9         -1.0          1.2    (15-84 p)
M_Mj                    0.0257      -0.0069       0.0072    (15-84 p)
M_Me                       8.2         -2.2          2.3    (15-84 p)
Tc                     59338.2         -1.7          2.1    (15-84 p)
a_AU_(M)                0.1716      -0.0047       0.0054    (15-84 p)
a_AU_(rho,R)            0.1716      -0.0047       0.0054    (15-84 p)

----- common model:  c
Inclination fixed to 90 deg!
Computing planetary mass under the approximation M_planet << M_star (threshold at 30.0 Me)
a_Rs                        24          -14           36    (15-84 p)
M_Mj                   0.00055     -0.00051       0.0062    (15-84 p)
M_Me                      0.17        -0.16          2.0    (15-84 p)
Tc                     59339.6         -3.9           23    (15-84 p)
a_AU_(M)                 0.110       -0.067         0.17    (15-84 p)
a_AU_(rho,R)             0.110       -0.067         0.17    (15-84 p)

----- common model:  d
Inclination fixed to 90 deg!
Computing planetary mass under the approximation M_planet << M_star (threshold at 30.0 Me)
a_Rs                    5.2552      -0.0050       0.0048    (15-84 p)
M_Mj                   0.00425     -0.00078      0.00078    (15-84 p)
M_Me                      1.35        -0.25         0.25    (15-84 p)
Tc                   59335.244       -0.075        0.073    (15-84 p)
a_AU_(M)              0.024450    -0.000023     0.000022    (15-84 p)
a_AU_(rho,R)          0.024450    -0.000023     0.000022    (15-84 p)


====================================================================================================
     ------------------------------------------------------------------------------------------     
====================================================================================================



45000.0   steps completed, average lnprob:,  -2088.514786210976


Computing the autocorrelation time of the chains

***** WARNING ******
The integrated autocorrelation time cannot be reliably estimated
likely the chains are too short, and ACF analysis is not fully reliable
emcee.autocorr.integrated_time tolerance lowered to 20
If you still get a warning, you should drop these results entirely
Chains too short to apply convergence criteria
They should be at least 1050*nthin = 157500

====================================================================================================
     Statistics on the posterior of the sampler parameters     
====================================================================================================

----- dataset:  RVdata
jitter_0        18         1.164       -0.052        0.057   (15-84 p)   [    0.0009,    13.3000]
offset_0        19           9.0         -1.9          2.2   (15-84 p)   [-9997.8210, 10017.2110]
offset_1        20          10.9         -1.9          2.2   (15-84 p)   [-9997.8210, 10017.2110]
offset_2        21          10.4         -1.9          2.2   (15-84 p)   [-9997.8210, 10017.2110]
offset_3        22          10.3         -1.9          2.2   (15-84 p)   [-9997.8210, 10017.2110]

----- dataset: RVdata                    ----- model: gp_multidimensional           
rot_amp         23           4.1         -2.5          2.7   (15-84 p)   [    0.0000,    10.0000]
con_amp         24          4.09        -0.97          1.5   (15-84 p)   [  -20.0000,    20.0000]

----- dataset:  BISdata
jitter_0        25          1.99        -0.10         0.11   (15-84 p)   [    0.0095,    95.0000]
offset_0        26        -74.14        -0.29         0.32   (15-84 p)   [-10079.1667,  9959.2667]
offset_1        27        -44.21        -0.50         0.53   (15-84 p)   [-10079.1667,  9959.2667]
offset_2        28        -52.34        -0.29         0.34   (15-84 p)   [-10079.1667,  9959.2667]
offset_3        29        -59.74        -0.32         0.34   (15-84 p)   [-10079.1667,  9959.2667]

----- dataset: BISdata                   ----- model: gp_multidimensional           
rot_amp         30          -2.7         -1.7          1.3   (15-84 p)   [  -10.0000,    10.0000]
con_amp         31          0.27        -0.21         0.25   (15-84 p)   [  -20.0000,    20.0000]

----- dataset:  FWHMdata
jitter_0        32          0.33        -0.20         0.32   (15-84 p)   [    0.0500,   500.0000]
offset_0        33        6693.4         -2.6          2.3   (15-84 p)   [-3319.7439, 16948.1456]
offset_1        34        6937.7         -2.9          2.4   (15-84 p)   [-3319.7439, 16948.1456]
offset_2        35        6857.3         -2.7          2.2   (15-84 p)   [-3319.7439, 16948.1456]
offset_3        36        6895.5         -2.7          2.2   (15-84 p)   [-3319.7439, 16948.1456]

----- dataset: FWHMdata                  ----- model: gp_multidimensional           
rot_amp         37           3.0         -3.3          3.4   (15-84 p)   [  -10.0000,    10.0000]
con_amp         38          -4.7         -1.8          1.1   (15-84 p)   [  -20.0000,    20.0000]

----- common model:  b
P                0         4.698       -0.060        0.067   (15-84 p)   [    0.3785,     6.6439]
K                1          0.83        -0.47         0.35   (15-84 p)   [   -9.9658,     3.3219]
sre_coso         2          0.01        -0.21         0.21   (15-84 p)   [   -1.0000,     1.0000]
sre_sino         3         -0.08        -0.22         0.22   (15-84 p)   [   -1.0000,     1.0000]
mean_long        4            44          -26           26   (15-84 p)   [ -153.0074,   206.9926]

----- common model:  c
P                5           3.8         -2.1          2.0   (15-84 p)   [    0.3785,     6.6439]
K                6          -4.4         -3.8          3.5   (15-84 p)   [   -9.9658,     3.3219]
sre_coso         7         -0.00        -0.21         0.22   (15-84 p)   [   -1.0000,     1.0000]
sre_sino         8         -0.00        -0.21         0.21   (15-84 p)   [   -1.0000,     1.0000]
mean_long        9           105         -103          116   (15-84 p)   [  -69.5543,   290.4457]

----- common model:  d
P               10        0.4817      -0.0021       0.0019   (15-84 p)   [    0.3785,     6.6439]
K               11         -0.36        -0.29         0.25   (15-84 p)   [   -9.9658,     3.3219]
sre_coso        12         -0.12        -0.21         0.24   (15-84 p)   [   -1.0000,     1.0000]
sre_sino        13         -0.18        -0.16         0.21   (15-84 p)   [   -1.0000,     1.0000]
mean_long       14           315          -17           17   (15-84 p)   [  117.6012,   477.6012]

----- common model:  activity
Prot            15         28.25        -0.35         0.35   (15-84 p)   [   20.0000,    35.0000]
Pdec            16          45.4         -9.3           12   (15-84 p)   [   30.0000,  1000.0000]
Oamp            17         -1.36        -0.12         0.11   (15-84 p)   [   -6.6439,     0.0000]

----- common model:  star_parameters

====================================================================================================
     Statistics on the model parameters obtained from the posteriors samples     
====================================================================================================

----- dataset:  RVdata
jitter_0                 1.164       -0.052        0.057    (15-84 p)
offset_0                   9.0         -1.9          2.2    (15-84 p)
offset_1                  10.9         -1.9          2.2    (15-84 p)
offset_2                  10.4         -1.9          2.2    (15-84 p)
offset_3                  10.3         -1.9          2.2    (15-84 p)


----- dataset: RVdata                    ----- model: gp_multidimensional           
rot_amp                    4.1         -2.5          2.7    (15-84 p)
con_amp                   4.09        -0.97          1.5    (15-84 p)

----- dataset:  BISdata
jitter_0                  1.99        -0.10         0.11    (15-84 p)
offset_0                -74.14        -0.29         0.32    (15-84 p)
offset_1                -44.21        -0.50         0.53    (15-84 p)
offset_2                -52.34        -0.29         0.34    (15-84 p)
offset_3                -59.74        -0.32         0.34    (15-84 p)


----- dataset: BISdata                   ----- model: gp_multidimensional           
rot_amp                   -2.7         -1.7          1.3    (15-84 p)
con_amp                   0.27        -0.21         0.25    (15-84 p)

----- dataset:  FWHMdata
jitter_0                  0.33        -0.20         0.32    (15-84 p)
offset_0                6693.4         -2.6          2.3    (15-84 p)
offset_1                6937.7         -2.9          2.4    (15-84 p)
offset_2                6857.3         -2.7          2.2    (15-84 p)
offset_3                6895.5         -2.7          2.2    (15-84 p)


----- dataset: FWHMdata                  ----- model: gp_multidimensional           
rot_amp                    3.0         -3.3          3.4    (15-84 p)
con_amp                   -4.7         -1.8          1.1    (15-84 p)

----- common model:  b
P                         26.0         -1.1          1.2    (15-84 p)
K                         1.78        -0.50         0.49    (15-84 p)
mean_long                   44          -26           26    (15-84 p)
e                        0.072       -0.050        0.079    (15-84 p)
omega                      -46          -80          146    (15-84 p)

----- common model:  c
P                           14          -11           40    (15-84 p)
K                        0.049       -0.045         0.49    (15-84 p)
mean_long                  105         -103          116    (15-84 p)
e                        0.066       -0.047        0.073    (15-84 p)
omega                       -2         -123          124    (15-84 p)

----- common model:  d
P                       1.3964      -0.0020       0.0019    (15-84 p)
K                         0.78        -0.14         0.15    (15-84 p)
mean_long                  315          -17           17    (15-84 p)
e                        0.103       -0.071        0.084    (15-84 p)
omega                      -99          -51          143    (15-84 p)

----- common model:  activity
Prot                     28.25        -0.35         0.35    (15-84 p)
Pdec                      45.4         -9.3           12    (15-84 p)
Oamp                     0.388       -0.032        0.031    (15-84 p)

----- common model:  star_parameters

====================================================================================================
     Statistics on the derived parameters obtained from the posteriors samples     
====================================================================================================

----- common model:  b
Inclination fixed to 90 deg!
Computing planetary mass under the approximation M_planet << M_star (threshold at 30.0 Me)
a_Rs                      36.9         -1.0          1.2    (15-84 p)
M_Mj                    0.0257      -0.0072       0.0072    (15-84 p)
M_Me                       8.2         -2.3          2.3    (15-84 p)
Tc                     59338.2         -1.7          2.1    (15-84 p)
a_AU_(M)                0.1716      -0.0047       0.0054    (15-84 p)
a_AU_(rho,R)            0.1716      -0.0047       0.0054    (15-84 p)

----- common model:  c
Inclination fixed to 90 deg!
Computing planetary mass under the approximation M_planet << M_star (threshold at 30.0 Me)
a_Rs                        24          -15           36    (15-84 p)
M_Mj                   0.00054     -0.00051       0.0064    (15-84 p)
M_Me                      0.17        -0.16          2.0    (15-84 p)
Tc                     59339.6         -3.9           23    (15-84 p)
a_AU_(M)                 0.113       -0.071         0.17    (15-84 p)
a_AU_(rho,R)             0.113       -0.071         0.17    (15-84 p)

----- common model:  d
Inclination fixed to 90 deg!
Computing planetary mass under the approximation M_planet << M_star (threshold at 30.0 Me)
a_Rs                    5.2552      -0.0050       0.0047    (15-84 p)
M_Mj                   0.00425     -0.00078      0.00078    (15-84 p)
M_Me                      1.35        -0.25         0.25    (15-84 p)
Tc                   59335.243       -0.074        0.072    (15-84 p)
a_AU_(M)              0.024450    -0.000023     0.000022    (15-84 p)
a_AU_(rho,R)          0.024450    -0.000023     0.000022    (15-84 p)


====================================================================================================
     ------------------------------------------------------------------------------------------     
====================================================================================================



60000.0   steps completed, average lnprob:,  -2088.6789062696653


emcee completed


:::---::: PyORBIT v11.0.1 :::---:::

Python version in use:
3.10.18 (main, Jun  5 2025, 13:14:17) [GCC 11.2.0]
LaTeX disabled by default

Using orbital model:  keplerian
Using orbital parametrization:  Eastman2013

Using orbital model:  keplerian
Using orbital parametrization:  Eastman2013

Using orbital model:  keplerian
Using orbital parametrization:  Eastman2013

gp_multidimensional  S+LEAF model, number of harmonics: 4

GP model: gp_multidimensional  hyperparameters_condition:    True
GP model: gp_multidimensional  rotation_decay_condition:     True

### PyORBIT version used in the analysis:  11.0.1

 emcee version:  3.1.6

 Reference Time Tref: 59334.700184

 Data points:834
 Dimensions: 39
 Nwalkers:   156
 Steps:      60000


Number of samplings: 46800

Recomputing ln-prior, it may take a while...

ln-probability   distribution:  -2088.46       -5.19      4.52 (15-84 p) 
ln-prior         distribution:   -211.11       -2.24      1.54 (15-84 p) 
ln-likelihood    distribution:  -1877.02       -5.20      4.58 (15-84 p) 


*** Information criteria using the likelihood distribution

 BIC from distribution  (using likelihood)  =   4016.37     -9.16   10.40 (15-84 p)
 AIC from distribution  (using likelihood)  =   3832.04     -9.16   10.40 (15-84 p)
 AICc from distribution (using likelihood)  =   3835.97     -9.16   10.40 (15-84 p)


*** Information criteria using the median parameter set

 ln_probability of Median solution =  -2073.39
 ln_priors of Median solution      =   -208.92
 ln_likelihood of Median solution  =  -1864.47

 Median BIC  (using likelihood) =   3991.27
 Median AIC  (using likelihood) =   3806.95
 Median AICc (using likelihood) =   3810.88


*** Information criteria using the MAP parameter set

 ln_probability of MAP solution =  -2070.93
 ln_priors of MAP solution      =   -210.09
 ln_likelihood of MAP solution  =  -1860.84

 MAP BIC  (using likelihood)    =   3984.00
 MAP AIC  (using likelihood)    =   3799.68
 MAP AICc (using likelihood)    =   3803.61

 AICc suggested over AIC because NDATA ( 834 ) < 40 * NDIM ( 39 )

****************************************************************************************************


Computing the autocorrelation time of the chains

***** WARNING ******
The integrated autocorrelation time cannot be reliably estimated
likely the chains are too short, and ACF analysis is not fully reliable
emcee.autocorr.integrated_time tolerance lowered to 20
If you still get a warning, you should drop these results entirely
Chains too short to apply convergence criteria
They should be at least 1050*nthin = 157500

 ACF computation failed, no plot will be generated 


====================================================================================================
     Ids, spaces (s), boundaries (b) and priors (p) of the sampler parameters     
====================================================================================================

----- dataset:  RVdata
jitter_0      id:  18  s:Linear      b:[      0.0009,      13.3000]   p:Uniform   []
offset_0      id:  19  s:Linear      b:[  -9997.8210,   10017.2110]   p:Uniform   []
offset_1      id:  20  s:Linear      b:[  -9997.8210,   10017.2110]   p:Uniform   []
offset_2      id:  21  s:Linear      b:[  -9997.8210,   10017.2110]   p:Uniform   []
offset_3      id:  22  s:Linear      b:[  -9997.8210,   10017.2110]   p:Uniform   []

----- dataset: RVdata                    ----- model: gp_multidimensional           
rot_amp       id:  23  s:Linear      b:[      0.0000,      10.0000]   p:Uniform   []
con_amp       id:  24  s:Linear      b:[    -20.0000,      20.0000]   p:Uniform   []

----- dataset:  BISdata
jitter_0      id:  25  s:Linear      b:[      0.0095,      95.0000]   p:Uniform   []
offset_0      id:  26  s:Linear      b:[ -10079.1667,    9959.2667]   p:Uniform   []
offset_1      id:  27  s:Linear      b:[ -10079.1667,    9959.2667]   p:Uniform   []
offset_2      id:  28  s:Linear      b:[ -10079.1667,    9959.2667]   p:Uniform   []
offset_3      id:  29  s:Linear      b:[ -10079.1667,    9959.2667]   p:Uniform   []

----- dataset: BISdata                   ----- model: gp_multidimensional           
rot_amp       id:  30  s:Linear      b:[    -10.0000,      10.0000]   p:Uniform   []
con_amp       id:  31  s:Linear      b:[    -20.0000,      20.0000]   p:Uniform   []

----- dataset:  FWHMdata
jitter_0      id:  32  s:Linear      b:[      0.0500,     500.0000]   p:Uniform   []
offset_0      id:  33  s:Linear      b:[  -3319.7439,   16948.1456]   p:Uniform   []
offset_1      id:  34  s:Linear      b:[  -3319.7439,   16948.1456]   p:Uniform   []
offset_2      id:  35  s:Linear      b:[  -3319.7439,   16948.1456]   p:Uniform   []
offset_3      id:  36  s:Linear      b:[  -3319.7439,   16948.1456]   p:Uniform   []

----- dataset: FWHMdata                  ----- model: gp_multidimensional           
rot_amp       id:  37  s:Linear      b:[    -10.0000,      10.0000]   p:Uniform   []
con_amp       id:  38  s:Linear      b:[    -20.0000,      20.0000]   p:Uniform   []

----- common model:  b
P             id:   0  s:Log_Base2   b:[      0.3785,       6.6439]   p:Uniform   []
K             id:   1  s:Log_Base2   b:[     -9.9658,       3.3219]   p:Uniform   []
sre_coso      id:   2  s:Linear      b:[     -1.0000,       1.0000]   p:Uniform   []
sre_sino      id:   3  s:Linear      b:[     -1.0000,       1.0000]   p:Uniform   []
mean_long     id:   4  s:Linear      b:[   -153.0074,     206.9926]   p:Uniform   []
e             derived (no id, space, bound)                           p:Gaussian   [0.    0.098]
omega         derived (no id, space, bound)                           p:Uniform   [0.0, 360.0]

----- common model:  c
P             id:   5  s:Log_Base2   b:[      0.3785,       6.6439]   p:Uniform   []
K             id:   6  s:Log_Base2   b:[     -9.9658,       3.3219]   p:Uniform   []
sre_coso      id:   7  s:Linear      b:[     -1.0000,       1.0000]   p:Uniform   []
sre_sino      id:   8  s:Linear      b:[     -1.0000,       1.0000]   p:Uniform   []
mean_long     id:   9  s:Linear      b:[    -69.5543,     290.4457]   p:Uniform   []
e             derived (no id, space, bound)                           p:Gaussian   [0.    0.098]
omega         derived (no id, space, bound)                           p:Uniform   [0.0, 360.0]

----- common model:  d
P             id:  10  s:Log_Base2   b:[      0.3785,       6.6439]   p:Uniform   []
K             id:  11  s:Log_Base2   b:[     -9.9658,       3.3219]   p:Uniform   []
sre_coso      id:  12  s:Linear      b:[     -1.0000,       1.0000]   p:Uniform   []
sre_sino      id:  13  s:Linear      b:[     -1.0000,       1.0000]   p:Uniform   []
mean_long     id:  14  s:Linear      b:[    117.6012,     477.6012]   p:Uniform   []
e             derived (no id, space, bound)                           p:Gaussian   [0.    0.098]
omega         derived (no id, space, bound)                           p:Uniform   [0.0, 360.0]

----- common model:  activity
Prot          id:  15  s:Linear      b:[     20.0000,      35.0000]   p:Gaussian   [28.   0.5]
Pdec          id:  16  s:Linear      b:[     30.0000,    1000.0000]   p:Uniform   []
Oamp          id:  17  s:Log_Base2   b:[     -6.6439,       0.0000]   p:Gaussian   [0.35  0.035]

----- common model:  star_parameters
mass          derived (no id, space, bound)                           p:Gaussian   [1.e+00 1.e-06]
radius        derived (no id, space, bound)                           p:Gaussian   [1.e+00 1.e-06]
density       derived (no id, space, bound)                           p:Gaussian   [1.e+00 1.e-06]


****************************************************************************************************
****************************************************************************************************

 Confidence intervals (median value, 34.135th percentile from the median on the left and right side)

====================================================================================================
     Statistics on the posterior of the sampler parameters     
====================================================================================================

----- dataset:  RVdata
jitter_0        18         1.164       -0.052        0.057   (15-84 p)   [    0.0009,    13.3000]
offset_0        19           9.0         -1.9          2.2   (15-84 p)   [-9997.8210, 10017.2110]
offset_1        20          10.9         -1.9          2.2   (15-84 p)   [-9997.8210, 10017.2110]
offset_2        21          10.4         -1.9          2.2   (15-84 p)   [-9997.8210, 10017.2110]
offset_3        22          10.3         -1.9          2.2   (15-84 p)   [-9997.8210, 10017.2110]

----- dataset: RVdata                    ----- model: gp_multidimensional           
rot_amp         23           4.1         -2.5          2.7   (15-84 p)   [    0.0000,    10.0000]
con_amp         24          4.09        -0.97          1.5   (15-84 p)   [  -20.0000,    20.0000]

----- dataset:  BISdata
jitter_0        25          1.99        -0.10         0.11   (15-84 p)   [    0.0095,    95.0000]
offset_0        26        -74.14        -0.29         0.32   (15-84 p)   [-10079.1667,  9959.2667]
offset_1        27        -44.21        -0.50         0.53   (15-84 p)   [-10079.1667,  9959.2667]
offset_2        28        -52.34        -0.29         0.34   (15-84 p)   [-10079.1667,  9959.2667]
offset_3        29        -59.74        -0.32         0.34   (15-84 p)   [-10079.1667,  9959.2667]

----- dataset: BISdata                   ----- model: gp_multidimensional           
rot_amp         30          -2.7         -1.7          1.3   (15-84 p)   [  -10.0000,    10.0000]
con_amp         31          0.27        -0.21         0.25   (15-84 p)   [  -20.0000,    20.0000]

----- dataset:  FWHMdata
jitter_0        32          0.33        -0.20         0.32   (15-84 p)   [    0.0500,   500.0000]
offset_0        33        6693.4         -2.6          2.3   (15-84 p)   [-3319.7439, 16948.1456]
offset_1        34        6937.7         -2.9          2.4   (15-84 p)   [-3319.7439, 16948.1456]
offset_2        35        6857.3         -2.7          2.2   (15-84 p)   [-3319.7439, 16948.1456]
offset_3        36        6895.5         -2.7          2.2   (15-84 p)   [-3319.7439, 16948.1456]

----- dataset: FWHMdata                  ----- model: gp_multidimensional           
rot_amp         37           3.0         -3.3          3.4   (15-84 p)   [  -10.0000,    10.0000]
con_amp         38          -4.7         -1.8          1.1   (15-84 p)   [  -20.0000,    20.0000]

----- common model:  b
P                0         4.698       -0.060        0.067   (15-84 p)   [    0.3785,     6.6439]
K                1          0.83        -0.47         0.35   (15-84 p)   [   -9.9658,     3.3219]
sre_coso         2          0.01        -0.21         0.21   (15-84 p)   [   -1.0000,     1.0000]
sre_sino         3         -0.08        -0.22         0.22   (15-84 p)   [   -1.0000,     1.0000]
mean_long        4            44          -26           26   (15-84 p)   [ -153.0074,   206.9926]

----- common model:  c
P                5           3.8         -2.1          2.0   (15-84 p)   [    0.3785,     6.6439]
K                6          -4.4         -3.8          3.5   (15-84 p)   [   -9.9658,     3.3219]
sre_coso         7         -0.00        -0.21         0.22   (15-84 p)   [   -1.0000,     1.0000]
sre_sino         8         -0.00        -0.21         0.21   (15-84 p)   [   -1.0000,     1.0000]
mean_long        9           105         -103          116   (15-84 p)   [  -69.5543,   290.4457]

----- common model:  d
P               10        0.4817      -0.0021       0.0019   (15-84 p)   [    0.3785,     6.6439]
K               11         -0.36        -0.29         0.25   (15-84 p)   [   -9.9658,     3.3219]
sre_coso        12         -0.12        -0.21         0.24   (15-84 p)   [   -1.0000,     1.0000]
sre_sino        13         -0.18        -0.16         0.21   (15-84 p)   [   -1.0000,     1.0000]
mean_long       14           315          -17           17   (15-84 p)   [  117.6012,   477.6012]

----- common model:  activity
Prot            15         28.25        -0.35         0.35   (15-84 p)   [   20.0000,    35.0000]
Pdec            16          45.4         -9.3           12   (15-84 p)   [   30.0000,  1000.0000]
Oamp            17         -1.36        -0.12         0.11   (15-84 p)   [   -6.6439,     0.0000]

----- common model:  star_parameters

====================================================================================================
     Statistics on the model parameters obtained from the posteriors samples     
====================================================================================================

----- dataset:  RVdata
jitter_0                 1.164       -0.052        0.057    (15-84 p)
offset_0                   9.0         -1.9          2.2    (15-84 p)
offset_1                  10.9         -1.9          2.2    (15-84 p)
offset_2                  10.4         -1.9          2.2    (15-84 p)
offset_3                  10.3         -1.9          2.2    (15-84 p)


----- dataset: RVdata                    ----- model: gp_multidimensional           
rot_amp                    4.1         -2.5          2.7    (15-84 p)
con_amp                   4.09        -0.97          1.5    (15-84 p)

----- dataset:  BISdata
jitter_0                  1.99        -0.10         0.11    (15-84 p)
offset_0                -74.14        -0.29         0.32    (15-84 p)
offset_1                -44.21        -0.50         0.53    (15-84 p)
offset_2                -52.34        -0.29         0.34    (15-84 p)
offset_3                -59.74        -0.32         0.34    (15-84 p)


----- dataset: BISdata                   ----- model: gp_multidimensional           
rot_amp                   -2.7         -1.7          1.3    (15-84 p)
con_amp                   0.27        -0.21         0.25    (15-84 p)

----- dataset:  FWHMdata
jitter_0                  0.33        -0.20         0.32    (15-84 p)
offset_0                6693.4         -2.6          2.3    (15-84 p)
offset_1                6937.7         -2.9          2.4    (15-84 p)
offset_2                6857.3         -2.7          2.2    (15-84 p)
offset_3                6895.5         -2.7          2.2    (15-84 p)


----- dataset: FWHMdata                  ----- model: gp_multidimensional           
rot_amp                    3.0         -3.3          3.4    (15-84 p)
con_amp                   -4.7         -1.8          1.1    (15-84 p)

----- common model:  b
P                         26.0         -1.1          1.2    (15-84 p)
K                         1.78        -0.50         0.49    (15-84 p)
mean_long                   44          -26           26    (15-84 p)
e                        0.072       -0.050        0.079    (15-84 p)
omega                      -70          -87          113    (15-84 p)

----- common model:  c
P                           14          -11           40    (15-84 p)
K                        0.049       -0.045         0.49    (15-84 p)
mean_long                  107         -102          117    (15-84 p)
e                        0.066       -0.047        0.073    (15-84 p)
omega                       28         -124          125    (15-84 p)

----- common model:  d
P                       1.3964      -0.0020       0.0019    (15-84 p)
K                         0.78        -0.14         0.15    (15-84 p)
mean_long                  315          -17           17    (15-84 p)
e                        0.103       -0.071        0.084    (15-84 p)
omega                     -119          -53           70    (15-84 p)

----- common model:  activity
Prot                     28.25        -0.35         0.35    (15-84 p)
Pdec                      45.4         -9.3           12    (15-84 p)
Oamp                     0.388       -0.032        0.031    (15-84 p)

----- common model:  star_parameters

====================================================================================================
     Statistics on the derived parameters obtained from the posteriors samples     
====================================================================================================

----- common model:  b
Inclination fixed to 90 deg!
Computing planetary mass under the approximation M_planet << M_star (threshold at 30.0 Me)
a_Rs                      36.9         -1.0          1.2    (15-84 p)
M_Mj                    0.0257      -0.0072       0.0072    (15-84 p)
M_Me                       8.2         -2.3          2.3    (15-84 p)
Tc                     59338.2         -1.7          2.1    (15-84 p)
a_AU_(M)                0.1716      -0.0047       0.0054    (15-84 p)
a_AU_(rho,R)            0.1716      -0.0047       0.0054    (15-84 p)

----- common model:  c
Inclination fixed to 90 deg!
Computing planetary mass under the approximation M_planet << M_star (threshold at 30.0 Me)
a_Rs                        24          -15           36    (15-84 p)
M_Mj                   0.00054     -0.00051       0.0064    (15-84 p)
M_Me                      0.17        -0.16          2.0    (15-84 p)
Tc                     59339.6         -3.9           23    (15-84 p)
a_AU_(M)                 0.113       -0.071         0.17    (15-84 p)
a_AU_(rho,R)             0.113       -0.071         0.17    (15-84 p)

----- common model:  d
Inclination fixed to 90 deg!
Computing planetary mass under the approximation M_planet << M_star (threshold at 30.0 Me)
a_Rs                    5.2552      -0.0050       0.0047    (15-84 p)
M_Mj                   0.00425     -0.00078      0.00078    (15-84 p)
M_Me                      1.35        -0.25         0.25    (15-84 p)
Tc                   59335.243       -0.074        0.072    (15-84 p)
a_AU_(M)              0.024450    -0.000023     0.000022    (15-84 p)
a_AU_(rho,R)          0.024450    -0.000023     0.000022    (15-84 p)


====================================================================================================
     ------------------------------------------------------------------------------------------     
====================================================================================================



****************************************************************************************************

 Parameters corresponding to the Maximum a Posteriori probability ( -2070.9337303222455 )

====================================================================================================
     Statistics on the posterior of the sampler parameters     
====================================================================================================

----- dataset:  RVdata
jitter_0        18      1.129744 [    0.0009,    13.3000]
offset_0        19      9.467904 [-9997.8210, 10017.2110]
offset_1        20     11.258287 [-9997.8210, 10017.2110]
offset_2        21     11.006928 [-9997.8210, 10017.2110]
offset_3        22     10.689022 [-9997.8210, 10017.2110]

----- dataset: RVdata                    ----- model: gp_multidimensional           
rot_amp         23      5.324643 [    0.0000,    10.0000]
con_amp         24      3.059384 [  -20.0000,    20.0000]

----- dataset:  BISdata
jitter_0        25      1.996441 [    0.0095,    95.0000]
offset_0        26    -73.899158 [-10079.1667,  9959.2667]
offset_1        27    -43.765011 [-10079.1667,  9959.2667]
offset_2        28    -52.459774 [-10079.1667,  9959.2667]
offset_3        29    -59.753509 [-10079.1667,  9959.2667]

----- dataset: BISdata                   ----- model: gp_multidimensional           
rot_amp         30     -1.461962 [  -10.0000,    10.0000]
con_amp         31      0.211828 [  -20.0000,    20.0000]

----- dataset:  FWHMdata
jitter_0        32      0.337562 [    0.0500,   500.0000]
offset_0        33   6692.638533 [-3319.7439, 16948.1456]
offset_1        34   6938.007601 [-3319.7439, 16948.1456]
offset_2        35   6856.553413 [-3319.7439, 16948.1456]
offset_3        36   6895.396026 [-3319.7439, 16948.1456]

----- dataset: FWHMdata                  ----- model: gp_multidimensional           
rot_amp         37      6.894792 [  -10.0000,    10.0000]
con_amp         38     -3.457462 [  -20.0000,    20.0000]

----- common model:  b
P                0      4.708834 [    0.3785,     6.6439]
K                1      1.050999 [   -9.9658,     3.3219]
sre_coso         2      0.141689 [   -1.0000,     1.0000]
sre_sino         3     -0.153230 [   -1.0000,     1.0000]
mean_long        4     64.954258 [ -153.0074,   206.9926]

----- common model:  c
P                5      2.458723 [    0.3785,     6.6439]
K                6     -0.592805 [   -9.9658,     3.3219]
sre_coso         7      0.192511 [   -1.0000,     1.0000]
sre_sino         8      0.110583 [   -1.0000,     1.0000]
mean_long        9    113.839565 [  -69.5543,   290.4457]

----- common model:  d
P               10      0.478858 [    0.3785,     6.6439]
K               11     -0.373178 [   -9.9658,     3.3219]
sre_coso        12      0.044564 [   -1.0000,     1.0000]
sre_sino        13     -0.301892 [   -1.0000,     1.0000]
mean_long       14    300.954929 [  117.6012,   477.6012]

----- common model:  activity
Prot            15     28.306460 [   20.0000,    35.0000]
Pdec            16     40.289167 [   30.0000,  1000.0000]
Oamp            17     -1.310903 [   -6.6439,     0.0000]

----- common model:  star_parameters

====================================================================================================
     Statistics on the model parameters obtained from the posteriors samples     
====================================================================================================

----- dataset:  RVdata
jitter_0              1.129744 
offset_0              9.467904 
offset_1             11.258287 
offset_2             11.006928 
offset_3             10.689022 


----- dataset: RVdata                    ----- model: gp_multidimensional           
rot_amp               5.324643 
con_amp               3.059384 

----- dataset:  BISdata
jitter_0              1.996441 
offset_0            -73.899158 
offset_1            -43.765011 
offset_2            -52.459774 
offset_3            -59.753509 


----- dataset: BISdata                   ----- model: gp_multidimensional           
rot_amp              -1.461962 
con_amp               0.211828 

----- dataset:  FWHMdata
jitter_0              0.337562 
offset_0           6692.638533 
offset_1           6938.007601 
offset_2           6856.553413 
offset_3           6895.396026 


----- dataset: FWHMdata                  ----- model: gp_multidimensional           
rot_amp               6.894792 
con_amp              -3.457462 

----- common model:  b
P                    26.151719 
K                     2.071964 
mean_long            64.954258 
e                     0.043555 
omega               -47.240889 

----- common model:  c
P                     5.497301 
K                     0.663052 
mean_long           113.839565 
e                     0.049289 
omega                29.874200 

----- common model:  d
P                     1.393640 
K                     0.772080 
mean_long           300.954929 
e                     0.093125 
omega               -81.602819 

----- common model:  activity
Prot                 28.306460 
Pdec                 40.289167 
Oamp                  0.403069 

----- common model:  star_parameters

====================================================================================================
     Statistics on the derived parameters obtained from the posteriors samples     
====================================================================================================

----- common model:  b
Inclination fixed to 90 deg!
a_Rs                 37.060882 
M_Mj                  0.030226 
M_Me                  9.608610 
Tc                59336.267448 
a_AU_(M)              0.172427 
a_AU_(rho,R)          0.172425 

----- common model:  c
Inclination fixed to 90 deg!
a_Rs                 13.102349 
M_Mj                  0.005750 
M_Me                  1.827765 
Tc                59339.760038 
a_AU_(M)              0.060959 
a_AU_(rho,R)          0.060958 

----- common model:  d
Inclination fixed to 90 deg!
a_Rs                  5.248279 
M_Mj                  0.004224 
M_Me                  1.342779 
Tc                59335.270693 
a_AU_(M)              0.024418 
a_AU_(rho,R)          0.024417 


====================================================================================================
     ------------------------------------------------------------------------------------------     
====================================================================================================



****************************************************************************************************

 Parameters corresponding to the sample closest to the median values ( -2082.785449126087 )

====================================================================================================
     Statistics on the posterior of the sampler parameters     
====================================================================================================

----- dataset:  RVdata
jitter_0        18      1.205717 [    0.0009,    13.3000]
offset_0        19      7.033320 [-9997.8210, 10017.2110]
offset_1        20      9.400195 [-9997.8210, 10017.2110]
offset_2        21      8.351189 [-9997.8210, 10017.2110]
offset_3        22      8.124454 [-9997.8210, 10017.2110]

----- dataset: RVdata                    ----- model: gp_multidimensional           
rot_amp         23      4.124165 [    0.0000,    10.0000]
con_amp         24      4.926773 [  -20.0000,    20.0000]

----- dataset:  BISdata
jitter_0        25      2.086269 [    0.0095,    95.0000]
offset_0        26    -74.204766 [-10079.1667,  9959.2667]
offset_1        27    -44.137741 [-10079.1667,  9959.2667]
offset_2        28    -52.745757 [-10079.1667,  9959.2667]
offset_3        29    -60.099519 [-10079.1667,  9959.2667]

----- dataset: BISdata                   ----- model: gp_multidimensional           
rot_amp         30     -2.978875 [  -10.0000,    10.0000]
con_amp         31      0.421150 [  -20.0000,    20.0000]

----- dataset:  FWHMdata
jitter_0        32      0.178380 [    0.0500,   500.0000]
offset_0        33   6695.292748 [-3319.7439, 16948.1456]
offset_1        34   6940.481389 [-3319.7439, 16948.1456]
offset_2        35   6859.347968 [-3319.7439, 16948.1456]
offset_3        36   6897.579268 [-3319.7439, 16948.1456]

----- dataset: FWHMdata                  ----- model: gp_multidimensional           
rot_amp         37      1.104619 [  -10.0000,    10.0000]
con_amp         38     -5.972565 [  -20.0000,    20.0000]

----- common model:  b
P                0      4.697097 [    0.3785,     6.6439]
K                1      0.655520 [   -9.9658,     3.3219]
sre_coso         2     -0.098429 [   -1.0000,     1.0000]
sre_sino         3     -0.038766 [   -1.0000,     1.0000]
mean_long        4     46.017512 [ -153.0074,   206.9926]

----- common model:  c
P                5      3.635258 [    0.3785,     6.6439]
K                6     -4.205714 [   -9.9658,     3.3219]
sre_coso         7     -0.016469 [   -1.0000,     1.0000]
sre_sino         8     -0.044972 [   -1.0000,     1.0000]
mean_long        9    111.909139 [  -69.5543,   290.4457]

----- common model:  d
P               10      0.482139 [    0.3785,     6.6439]
K               11     -0.379590 [   -9.9658,     3.3219]
sre_coso        12     -0.185559 [   -1.0000,     1.0000]
sre_sino        13     -0.210025 [   -1.0000,     1.0000]
mean_long       14    321.548100 [  117.6012,   477.6012]

----- common model:  activity
Prot            15     28.058598 [   20.0000,    35.0000]
Pdec            16     54.594246 [   30.0000,  1000.0000]
Oamp            17     -1.324887 [   -6.6439,     0.0000]

----- common model:  star_parameters

====================================================================================================
     Statistics on the model parameters obtained from the posteriors samples     
====================================================================================================

----- dataset:  RVdata
jitter_0              1.205717 
offset_0              7.033320 
offset_1              9.400195 
offset_2              8.351189 
offset_3              8.124454 


----- dataset: RVdata                    ----- model: gp_multidimensional           
rot_amp               4.124165 
con_amp               4.926773 

----- dataset:  BISdata
jitter_0              2.086269 
offset_0            -74.204766 
offset_1            -44.137741 
offset_2            -52.745757 
offset_3            -60.099519 


----- dataset: BISdata                   ----- model: gp_multidimensional           
rot_amp              -2.978875 
con_amp               0.421150 

----- dataset:  FWHMdata
jitter_0              0.178380 
offset_0           6695.292748 
offset_1           6940.481389 
offset_2           6859.347968 
offset_3           6897.579268 


----- dataset: FWHMdata                  ----- model: gp_multidimensional           
rot_amp               1.104619 
con_amp              -5.972565 

----- common model:  b
P                    25.939824 
K                     1.575184 
mean_long            46.017512 
e                     0.011191 
omega              -158.503303 

----- common model:  c
P                    12.425726 
K                     0.054194 
mean_long           111.909139 
e                     0.002294 
omega              -110.112748 

----- common model:  d
P                     1.396813 
K                     0.768656 
mean_long           321.548100 
e                     0.078543 
omega              -131.460887 

----- common model:  activity
Prot                 28.058598 
Pdec                 54.594246 
Oamp                  0.399180 

----- common model:  star_parameters

====================================================================================================
     Statistics on the derived parameters obtained from the posteriors samples     
====================================================================================================

----- common model:  b
Inclination fixed to 90 deg!
a_Rs                 36.860411 
M_Mj                  0.022937 
M_Me                  7.291477 
Tc                59337.955584 
a_AU_(M)              0.171494 
a_AU_(rho,R)          0.171492 

----- common model:  c
Inclination fixed to 90 deg!
a_Rs                 22.566448 
M_Mj                  0.000617 
M_Me                  0.196295 
Tc                59346.372821 
a_AU_(M)              0.104990 
a_AU_(rho,R)          0.104990 

----- common model:  d
Inclination fixed to 90 deg!
a_Rs                  5.256233 
M_Mj                  0.004214 
M_Me                  1.339526 
Tc                59335.222756 
a_AU_(M)              0.024455 
a_AU_(rho,R)          0.024454 


====================================================================================================
     ------------------------------------------------------------------------------------------     
====================================================================================================



****************************************************************************************************

Inclination fixed to 90 deg!
Inclination fixed to 90 deg!
Inclination fixed to 90 deg!
Note: stellar density derived from stellar mass and radius

Inclination fixed to 90 deg!
Inclination fixed to 90 deg!
Inclination fixed to 90 deg!
Inclination fixed to 90 deg!
Inclination fixed to 90 deg!
Inclination fixed to 90 deg!
 Plot FLAT chain 

****************************************************************************************************

 Skipping full correlation plot due to the high number of parameters
 To avoid this behaviour, set the keyword parameters:force_full_correlation_plot to True

****************************************************************************************************

 Plotting the chains... 

****************************************************************************************************

 Plotting the Gelman-Rubin traces... 

     Gelman-Rubin:    18     1.024154 RVdata_jitter_0 
     Gelman-Rubin:    19     1.054133 RVdata_offset_0 
     Gelman-Rubin:    20     1.052997 RVdata_offset_1 
     Gelman-Rubin:    21     1.054331 RVdata_offset_2 
     Gelman-Rubin:    22     1.053901 RVdata_offset_3 
     Gelman-Rubin:    23     1.028656 RVdata_gp_multidimensional_rot_amp 
     Gelman-Rubin:    24     1.055952 RVdata_gp_multidimensional_con_amp 
     Gelman-Rubin:    25     1.025117 BISdata_jitter_0 
     Gelman-Rubin:    26     1.039041 BISdata_offset_0 
     Gelman-Rubin:    27     1.030943 BISdata_offset_1 
     Gelman-Rubin:    28     1.042434 BISdata_offset_2 
     Gelman-Rubin:    29     1.038516 BISdata_offset_3 
     Gelman-Rubin:    30     1.039886 BISdata_gp_multidimensional_rot_amp 
     Gelman-Rubin:    31     1.045107 BISdata_gp_multidimensional_con_amp 
     Gelman-Rubin:    32     1.027200 FWHMdata_jitter_0 
     Gelman-Rubin:    33     1.060319 FWHMdata_offset_0 
     Gelman-Rubin:    34     1.058371 FWHMdata_offset_1 
     Gelman-Rubin:    35     1.056605 FWHMdata_offset_2 
     Gelman-Rubin:    36     1.059431 FWHMdata_offset_3 
     Gelman-Rubin:    37     1.042342 FWHMdata_gp_multidimensional_rot_amp 
     Gelman-Rubin:    38     1.060118 FWHMdata_gp_multidimensional_con_amp 
     Gelman-Rubin:     0     1.050409 b_P 
     Gelman-Rubin:     1     1.207176 b_K 
     Gelman-Rubin:     2     1.028448 b_sre_coso 
     Gelman-Rubin:     3     1.028509 b_sre_sino 
     Gelman-Rubin:     4     1.038502 b_mean_long 
     Gelman-Rubin:     5     1.027940 c_P 
     Gelman-Rubin:     6     1.042559 c_K 
     Gelman-Rubin:     7     1.024031 c_sre_coso 
     Gelman-Rubin:     8     1.029043 c_sre_sino 
     Gelman-Rubin:     9     1.026801 c_mean_long 
     Gelman-Rubin:    10     1.033949 d_P 
     Gelman-Rubin:    11     1.028148 d_K 
     Gelman-Rubin:    12     1.029668 d_sre_coso 
     Gelman-Rubin:    13     1.032170 d_sre_sino 
     Gelman-Rubin:    14     1.032677 d_mean_long 
     Gelman-Rubin:    15     1.028431 activity_Prot 
     Gelman-Rubin:    16     1.039240 activity_Pdec 
     Gelman-Rubin:    17     1.021069 activity_Oamp 

****************************************************************************************************

Plotting the common models corner plots
     Common model:  b
     Common model:  c
     Common model:  d
     Common model:  activity
     Common model:  star_parameters

****************************************************************************************************

Plotting the dataset + models corner plots 

     Dataset:  RVdata     model:  gp_multidimensional  corner plot  starting 
     Dataset:  RVdata     model:  gp_multidimensional  corner plot  done 
     Dataset:  RVdata     model:  radial_velocities_b  corner plot  starting 
     Dataset:  RVdata     model:  radial_velocities_b  corner plot  done 
     Dataset:  RVdata     model:  radial_velocities_c  corner plot  starting 
     Dataset:  RVdata     model:  radial_velocities_c  corner plot  done 
     Dataset:  RVdata     model:  radial_velocities_d  corner plot  starting 
     Dataset:  RVdata     model:  radial_velocities_d  corner plot  done 
     Dataset:  BISdata     model:  gp_multidimensional  corner plot  starting 
     Dataset:  BISdata     model:  gp_multidimensional  corner plot  done 
     Dataset:  FWHMdata     model:  gp_multidimensional  corner plot  starting 
     Dataset:  FWHMdata     model:  gp_multidimensional  corner plot  done 

****************************************************************************************************

 Saving the planet parameter samplings to files (with plots)

****************************************************************************************************

 Saving all the parameter samplings to files (with plots)

****************************************************************************************************

 Computing the models for plot/data writing 
     Splitting the plot array to allow GP prediction of extended datasets, it may take a while...
     # 56 chunks of 100 times each
     Check the documentation if the code is taking too long or if it crashes...
     Splitting the plot array to allow GP prediction of extended datasets, it may take a while...
     # 34 chunks of 100 times each
     Check the documentation if the code is taking too long or if it crashes...
     Splitting the plot array to allow GP prediction of extended datasets, it may take a while...
     # 34 chunks of 100 times each
     Check the documentation if the code is taking too long or if it crashes...
     Splitting the plot array to allow GP prediction of extended datasets, it may take a while...
     # 56 chunks of 100 times each
     Check the documentation if the code is taking too long or if it crashes...
     Splitting the plot array to allow GP prediction of extended datasets, it may take a while...
     # 34 chunks of 100 times each
     Check the documentation if the code is taking too long or if it crashes...
     Splitting the plot array to allow GP prediction of extended datasets, it may take a while...
     # 34 chunks of 100 times each
     Check the documentation if the code is taking too long or if it crashes...
     Splitting the plot array to allow GP prediction of extended datasets, it may take a while...
     # 56 chunks of 100 times each
     Check the documentation if the code is taking too long or if it crashes...
     Splitting the plot array to allow GP prediction of extended datasets, it may take a while...
     # 34 chunks of 100 times each
     Check the documentation if the code is taking too long or if it crashes...
     Splitting the plot array to allow GP prediction of extended datasets, it may take a while...
     # 34 chunks of 100 times each
     Check the documentation if the code is taking too long or if it crashes...
 Writing the plots 
 Writing the   data files 
 Writing the  MAP_ data files 
 Writing the  sampleMED_ data files 

****************************************************************************************************

