
:::---::: PyORBIT v11.0.1 :::---:::

Python version in use:
3.10.18 (main, Jun  5 2025, 13:14:17) [GCC 11.2.0]

reloaded_optimize:  False
reloaded_pyde:  False
reloaded_emcee:  False

number of multiprocessing threads: 16
multiprocessing method (should be fork):  fork

parameters/safe_reload flag (must be True for tinygp):  False

Opening:  RVdata
Opening:  BISdata
Opening:  FWHMdata

Adding common model of planet:  b
Adding common model of planet:  c
Using orbital model:  keplerian
Using orbital parametrization:  Eastman2013

Using orbital model:  keplerian
Using orbital parametrization:  Eastman2013

gp_multidimensional  S+LEAF model, number of harmonics: 4

GP model: gp_multidimensional  hyperparameters_condition:    True
GP model: gp_multidimensional  rotation_decay_condition:     True

====================================================================================================
     Ids, spaces (s), boundaries (b) and priors (p) of the sampler parameters     
====================================================================================================

----- dataset:  RVdata
jitter_0      id:  13  s:Linear      b:[      0.0009,      12.4000]   p:Uniform   []
offset_0      id:  14  s:Linear      b:[  -9996.0180,   10014.1890]   p:Uniform   []
offset_1      id:  15  s:Linear      b:[  -9996.0180,   10014.1890]   p:Uniform   []
offset_2      id:  16  s:Linear      b:[  -9996.0180,   10014.1890]   p:Uniform   []
offset_3      id:  17  s:Linear      b:[  -9996.0180,   10014.1890]   p:Uniform   []

----- dataset: RVdata                    ----- model: gp_multidimensional           
rot_amp       id:  18  s:Linear      b:[      0.0000,      10.0000]   p:Uniform   []
con_amp       id:  19  s:Linear      b:[    -20.0000,      20.0000]   p:Uniform   []

----- dataset:  BISdata
jitter_0      id:  20  s:Linear      b:[      0.0095,      95.0000]   p:Uniform   []
offset_0      id:  21  s:Linear      b:[ -10078.4500,    9961.4333]   p:Uniform   []
offset_1      id:  22  s:Linear      b:[ -10078.4500,    9961.4333]   p:Uniform   []
offset_2      id:  23  s:Linear      b:[ -10078.4500,    9961.4333]   p:Uniform   []
offset_3      id:  24  s:Linear      b:[ -10078.4500,    9961.4333]   p:Uniform   []

----- dataset: BISdata                   ----- model: gp_multidimensional           
rot_amp       id:  25  s:Linear      b:[    -10.0000,      10.0000]   p:Uniform   []
con_amp       id:  26  s:Linear      b:[    -20.0000,      20.0000]   p:Uniform   []

----- dataset:  FWHMdata
jitter_0      id:  27  s:Linear      b:[      0.0500,     500.0000]   p:Uniform   []
offset_0      id:  28  s:Linear      b:[  -3321.0090,   16950.9434]   p:Uniform   []
offset_1      id:  29  s:Linear      b:[  -3321.0090,   16950.9434]   p:Uniform   []
offset_2      id:  30  s:Linear      b:[  -3321.0090,   16950.9434]   p:Uniform   []
offset_3      id:  31  s:Linear      b:[  -3321.0090,   16950.9434]   p:Uniform   []

----- dataset: FWHMdata                  ----- model: gp_multidimensional           
rot_amp       id:  32  s:Linear      b:[    -10.0000,      10.0000]   p:Uniform   []
con_amp       id:  33  s:Linear      b:[    -20.0000,      20.0000]   p:Uniform   []

----- common model:  b
P             id:   0  s:Log_Base2   b:[      0.3785,       6.6439]   p:Uniform   []
K             id:   1  s:Log_Base2   b:[     -9.9658,       3.3219]   p:Uniform   []
sre_coso      id:   2  s:Linear      b:[     -1.0000,       1.0000]   p:Uniform   []
sre_sino      id:   3  s:Linear      b:[     -1.0000,       1.0000]   p:Uniform   []
mean_long     id:   4  s:Linear      b:[      0.0000,     360.0000]   p:Uniform   []
e             derived (no id, space, bound)                           p:Gaussian   [0.    0.098]
omega         derived (no id, space, bound)                           p:Uniform   [0.0, 360.0]

----- common model:  c
P             id:   5  s:Log_Base2   b:[      0.3785,       6.6439]   p:Uniform   []
K             id:   6  s:Log_Base2   b:[     -9.9658,       3.3219]   p:Uniform   []
sre_coso      id:   7  s:Linear      b:[     -1.0000,       1.0000]   p:Uniform   []
sre_sino      id:   8  s:Linear      b:[     -1.0000,       1.0000]   p:Uniform   []
mean_long     id:   9  s:Linear      b:[      0.0000,     360.0000]   p:Uniform   []
e             derived (no id, space, bound)                           p:Gaussian   [0.    0.098]
omega         derived (no id, space, bound)                           p:Uniform   [0.0, 360.0]

----- common model:  activity
Prot          id:  10  s:Linear      b:[     20.0000,      35.0000]   p:Gaussian   [28.   0.5]
Pdec          id:  11  s:Linear      b:[     30.0000,    1000.0000]   p:Uniform   []
Oamp          id:  12  s:Log_Base2   b:[     -6.6439,       0.0000]   p:Gaussian   [0.35  0.035]

----- common model:  star_parameters
mass          derived (no id, space, bound)                           p:Gaussian   [1.e+00 1.e-06]
radius        derived (no id, space, bound)                           p:Gaussian   [1.e+00 1.e-06]
density       derived (no id, space, bound)                           p:Gaussian   [1.e+00 1.e-06]

Include priors:  True

Reference Time Tref:  59334.700184

Dimensions =  34
Nwalkers =  136

Using threading pool for PyDE: True
PyDE running
Boundaries redefined after PyDE output
PyDE completed, it took         91.1 seconds

====================================================================================================
     Starting point of the sample/optimization routines    
====================================================================================================

----- dataset:  RVdata
jitter_0        13      1.238463 [    0.0009,    12.4000]
offset_0        14      8.621939 [-9996.0180, 10014.1890]
offset_1        15     10.805488 [-9996.0180, 10014.1890]
offset_2        16      9.871567 [-9996.0180, 10014.1890]
offset_3        17      9.924326 [-9996.0180, 10014.1890]

----- dataset: RVdata                    ----- model: gp_multidimensional           
rot_amp         18      4.240884 [    0.0000,    10.0000]
con_amp         19      0.714934 [  -20.0000,    20.0000]

----- dataset:  BISdata
jitter_0        20      1.921194 [    0.0095,    95.0000]
offset_0        21    -73.625089 [-10078.4500,  9961.4333]
offset_1        22    -43.762392 [-10078.4500,  9961.4333]
offset_2        23    -52.510285 [-10078.4500,  9961.4333]
offset_3        24    -59.926995 [-10078.4500,  9961.4333]

----- dataset: BISdata                   ----- model: gp_multidimensional           
rot_amp         25     -0.424672 [  -10.0000,    10.0000]
con_amp         26      0.008559 [  -20.0000,    20.0000]

----- dataset:  FWHMdata
jitter_0        27      0.053052 [    0.0500,   500.0000]
offset_0        28   6694.414607 [-3321.0090, 16950.9434]
offset_1        29   6939.560599 [-3321.0090, 16950.9434]
offset_2        30   6857.695596 [-3321.0090, 16950.9434]
offset_3        31   6896.767801 [-3321.0090, 16950.9434]

----- dataset: FWHMdata                  ----- model: gp_multidimensional           
rot_amp         32      2.584341 [  -10.0000,    10.0000]
con_amp         33     -3.224155 [  -20.0000,    20.0000]

----- common model:  b
P                0      1.483967 [    0.3785,     6.6439]
K                1     -0.567695 [   -9.9658,     3.3219]
sre_coso         2      0.036741 [   -1.0000,     1.0000]
sre_sino         3      0.339257 [   -1.0000,     1.0000]
mean_long        4    267.788946 [   87.7889,   447.7889]

----- common model:  c
P                5      0.608400 [    0.3785,     6.6439]
K                6     -0.789167 [   -9.9658,     3.3219]
sre_coso         7     -0.252863 [   -1.0000,     1.0000]
sre_sino         8      0.065873 [   -1.0000,     1.0000]
mean_long        9    308.037735 [  128.0377,   488.0377]

----- common model:  activity
Prot            10     27.545213 [   20.0000,    35.0000]
Pdec            11     30.002074 [   30.0000,  1000.0000]
Oamp            12     -1.301431 [   -6.6439,     0.0000]

----- common model:  star_parameters

====================================================================================================
     Starting point projected onto the model parameter space     
====================================================================================================

----- dataset:  RVdata
jitter_0              1.238463 
offset_0              8.621939 
offset_1             10.805488 
offset_2              9.871567 
offset_3              9.924326 


----- dataset: RVdata                    ----- model: gp_multidimensional           
rot_amp               4.240884 
con_amp               0.714934 

----- dataset:  BISdata
jitter_0              1.921194 
offset_0            -73.625089 
offset_1            -43.762392 
offset_2            -52.510285 
offset_3            -59.926995 


----- dataset: BISdata                   ----- model: gp_multidimensional           
rot_amp              -0.424672 
con_amp               0.008559 

----- dataset:  FWHMdata
jitter_0              0.053052 
offset_0           6694.414607 
offset_1           6939.560599 
offset_2           6857.695596 
offset_3           6896.767801 


----- dataset: FWHMdata                  ----- model: gp_multidimensional           
rot_amp               2.584341 
con_amp              -3.224155 

----- common model:  b
P                     2.797169 
K                     0.674694 
mean_long           267.788946 
e                     0.116445 
omega                83.818974 

----- common model:  c
P                     1.524568 
K                     0.578678 
mean_long           308.037735 
e                     0.068279 
omega               165.398521 

----- common model:  activity
Prot                 27.545213 
Pdec                 30.002074 
Oamp                  0.405723 

----- common model:  star_parameters

====================================================================================================
     Derived parameters obtained from starting point     
====================================================================================================

----- common model:  b
Inclination fixed to 90 deg!
a_Rs                  8.350809 
M_Mj                  0.004645 
M_Me                  1.476496 
Tc                59336.105687 
a_AU_(M)              0.038852 
a_AU_(rho,R)          0.038852 

----- common model:  c
Inclination fixed to 90 deg!
a_Rs                  5.572042 
M_Mj                  0.003269 
M_Me                  1.039094 
Tc                59335.333014 
a_AU_(M)              0.025924 
a_AU_(rho,R)          0.025924 


====================================================================================================
     Statistics on the log-likelihood     
====================================================================================================

 LN probability: -2373.823954 

====================================================================================================
     ------------------------------------------------------------------------------------------     
====================================================================================================



*************************************************************

Running emcee

emcee version:  3.1.6
Using threading pool for emcee: True

Saving temporary steps


Computing the autocorrelation time of the chains

***** WARNING ******
The integrated autocorrelation time cannot be reliably estimated
likely the chains are too short, and ACF analysis is not fully reliable
emcee.autocorr.integrated_time tolerance lowered to 20
If you still get a warning, you should drop these results entirely
Chains too short to apply convergence criteria
They should be at least 450*nthin = 67500

====================================================================================================
     Statistics on the posterior of the sampler parameters     
====================================================================================================

----- dataset:  RVdata
jitter_0        13         1.269       -0.053        0.057   (15-84 p)   [    0.0009,    12.4000]
offset_0        14          8.75        -0.45         0.48   (15-84 p)   [-9996.0180, 10014.1890]
offset_1        15         10.98        -0.58         0.58   (15-84 p)   [-9996.0180, 10014.1890]
offset_2        16         10.02        -0.47         0.48   (15-84 p)   [-9996.0180, 10014.1890]
offset_3        17         10.06        -0.47         0.49   (15-84 p)   [-9996.0180, 10014.1890]

----- dataset: RVdata                    ----- model: gp_multidimensional           
rot_amp         18           5.9         -1.2          1.6   (15-84 p)   [    0.0000,    10.0000]
con_amp         19          0.92        -0.20         0.27   (15-84 p)   [  -20.0000,    20.0000]

----- dataset:  BISdata
jitter_0        20         1.946       -0.093        0.099   (15-84 p)   [    0.0095,    95.0000]
offset_0        21        -73.61        -0.22         0.22   (15-84 p)   [-10078.4500,  9961.4333]
offset_1        22        -43.77        -0.55         0.54   (15-84 p)   [-10078.4500,  9961.4333]
offset_2        23        -52.51        -0.24         0.24   (15-84 p)   [-10078.4500,  9961.4333]
offset_3        24        -59.92        -0.25         0.25   (15-84 p)   [-10078.4500,  9961.4333]

----- dataset: BISdata                   ----- model: gp_multidimensional           
rot_amp         25         -0.61        -0.90         0.90   (15-84 p)   [  -10.0000,    10.0000]
con_amp         26          0.02        -0.14         0.14   (15-84 p)   [  -20.0000,    20.0000]

----- dataset:  FWHMdata
jitter_0        27          0.34        -0.21         0.34   (15-84 p)   [    0.0500,   500.0000]
offset_0        28        6693.9         -2.1          2.1   (15-84 p)   [-3321.0090, 16950.9434]
offset_1        29        6939.0         -2.3          2.4   (15-84 p)   [-3321.0090, 16950.9434]
offset_2        30        6857.2         -2.1          2.0   (15-84 p)   [-3321.0090, 16950.9434]
offset_3        31        6896.2         -2.1          2.1   (15-84 p)   [-3321.0090, 16950.9434]

----- dataset: FWHMdata                  ----- model: gp_multidimensional           
rot_amp         32           2.9         -2.5          2.5   (15-84 p)   [  -10.0000,    10.0000]
con_amp         33         -4.30         -1.1         0.81   (15-84 p)   [  -20.0000,    20.0000]

----- common model:  b
P                0        1.4845      -0.0042       0.0049   (15-84 p)   [    0.3785,     6.6439]
K                1         -0.72        -0.36         0.29   (15-84 p)   [   -9.9658,     3.3219]
sre_coso         2          0.03        -0.21         0.21   (15-84 p)   [   -1.0000,     1.0000]
sre_sino         3          0.16        -0.23         0.18   (15-84 p)   [   -1.0000,     1.0000]
mean_long        4           267          -24           25   (15-84 p)   [   87.7889,   447.7889]

----- common model:  c
P                5        0.6084      -0.0032       0.0036   (15-84 p)   [    0.3785,     6.6439]
K                6         -0.96        -0.42         0.31   (15-84 p)   [   -9.9658,     3.3219]
sre_coso         7         -0.07        -0.20         0.22   (15-84 p)   [   -1.0000,     1.0000]
sre_sino         8          0.03        -0.21         0.21   (15-84 p)   [   -1.0000,     1.0000]
mean_long        9           309          -23           25   (15-84 p)   [  128.0377,   488.0377]

----- common model:  activity
Prot            10         27.60        -0.45         0.46   (15-84 p)   [   20.0000,    35.0000]
Pdec            11          32.7         -2.1          4.7   (15-84 p)   [   30.0000,  1000.0000]
Oamp            12         -1.28        -0.12         0.11   (15-84 p)   [   -6.6439,     0.0000]

----- common model:  star_parameters

====================================================================================================
     Statistics on the model parameters obtained from the posteriors samples     
====================================================================================================

----- dataset:  RVdata
jitter_0                 1.269       -0.053        0.057    (15-84 p)
offset_0                  8.75        -0.45         0.48    (15-84 p)
offset_1                 10.98        -0.58         0.58    (15-84 p)
offset_2                 10.02        -0.47         0.48    (15-84 p)
offset_3                 10.06        -0.47         0.49    (15-84 p)


----- dataset: RVdata                    ----- model: gp_multidimensional           
rot_amp                    5.9         -1.2          1.6    (15-84 p)
con_amp                   0.92        -0.20         0.27    (15-84 p)

----- dataset:  BISdata
jitter_0                 1.946       -0.093        0.099    (15-84 p)
offset_0                -73.61        -0.22         0.22    (15-84 p)
offset_1                -43.77        -0.55         0.54    (15-84 p)
offset_2                -52.51        -0.24         0.24    (15-84 p)
offset_3                -59.92        -0.25         0.25    (15-84 p)


----- dataset: BISdata                   ----- model: gp_multidimensional           
rot_amp                  -0.61        -0.90         0.90    (15-84 p)
con_amp                   0.02        -0.14         0.14    (15-84 p)

----- dataset:  FWHMdata
jitter_0                  0.34        -0.21         0.34    (15-84 p)
offset_0                6693.9         -2.1          2.1    (15-84 p)
offset_1                6939.0         -2.3          2.4    (15-84 p)
offset_2                6857.2         -2.1          2.0    (15-84 p)
offset_3                6896.2         -2.1          2.1    (15-84 p)


----- dataset: FWHMdata                  ----- model: gp_multidimensional           
rot_amp                    2.9         -2.5          2.5    (15-84 p)
con_amp                  -4.30         -1.1         0.81    (15-84 p)

----- common model:  b
P                       2.7983      -0.0081       0.0094    (15-84 p)
K                         0.61        -0.13         0.14    (15-84 p)
mean_long                  267          -24           25    (15-84 p)
e                        0.084       -0.059        0.082    (15-84 p)
omega                       62         -105           60    (15-84 p)

----- common model:  c
P                       1.5245      -0.0033       0.0038    (15-84 p)
K                         0.51        -0.13         0.12    (15-84 p)
mean_long                  309          -23           25    (15-84 p)
e                        0.068       -0.048        0.073    (15-84 p)
omega                       23         -160          116    (15-84 p)

----- common model:  activity
Prot                     27.60        -0.45         0.46    (15-84 p)
Pdec                      32.7         -2.1          4.7    (15-84 p)
Oamp                     0.411       -0.032        0.032    (15-84 p)

----- common model:  star_parameters

====================================================================================================
     Statistics on the derived parameters obtained from the posteriors samples     
====================================================================================================

----- common model:  b
Inclination fixed to 90 deg!
Computing planetary mass under the approximation M_planet << M_star (threshold at 30.0 Me)
a_Rs                     8.353       -0.016        0.019    (15-84 p)
M_Mj                   0.00417     -0.00091      0.00092    (15-84 p)
M_Me                      1.33        -0.29         0.29    (15-84 p)
Tc                    59336.11        -0.19         0.18    (15-84 p)
a_AU_(M)              0.038862    -0.000075     0.000087    (15-84 p)
a_AU_(rho,R)          0.038862    -0.000075     0.000087    (15-84 p)

----- common model:  c
Inclination fixed to 90 deg!
Computing planetary mass under the approximation M_planet << M_star (threshold at 30.0 Me)
a_Rs                    5.5719      -0.0081       0.0093    (15-84 p)
M_Mj                   0.00289     -0.00073      0.00070    (15-84 p)
M_Me                      0.92        -0.23         0.22    (15-84 p)
Tc                   59335.310        -0.11        0.097    (15-84 p)
a_AU_(M)              0.025923    -0.000038     0.000043    (15-84 p)
a_AU_(rho,R)          0.025923    -0.000038     0.000043    (15-84 p)


====================================================================================================
     ------------------------------------------------------------------------------------------     
====================================================================================================



15000.0   steps completed, average lnprob:,  -2392.6741554947707


Computing the autocorrelation time of the chains

***** WARNING ******
The integrated autocorrelation time cannot be reliably estimated
likely the chains are too short, and ACF analysis is not fully reliable
emcee.autocorr.integrated_time tolerance lowered to 20
If you still get a warning, you should drop these results entirely

Reference thinning used in the analysis: 150
Maximum value of the integrated ACF: 9
Step length used in the analysis: 9*nthin = 1350

Convergence criteria: less than 1% variation in ACF after 20 times the integrated ACF
At least 50*ACF after convergence, 100*ACF would be ideal
Negative values: not converged yet

   sampler parameter              |    ACF   | ACF*nthin | converged at | nsteps/ACF | to 100*ACF
                                  |          |           |              |            | 
   RVdata_jitter_0                |    4.83  |      725  |       -1     |      -1    |   73193 
   RVdata_offset_0                |    6.41  |      961  |       -1     |      -1    |   97102 
   RVdata_offset_1                |    5.98  |      897  |       -1     |      -1    |   90615 
   RVdata_offset_2                |    6.23  |      935  |       -1     |      -1    |   94398 
   RVdata_offset_3                |    6.12  |      918  |       -1     |      -1    |   92735 
   RVdata_gp_multidimensional_rot_amp |    6.30  |      945  |       -1     |      -1    |   95481 
   RVdata_gp_multidimensional_con_amp |    6.74  |     1010  |       -1     |      -1    |  102049 
   BISdata_jitter_0               |    5.20  |      781  |       -1     |      -1    |   78846 
   BISdata_offset_0               |    5.76  |      865  |       -1     |      -1    |   87336 
   BISdata_offset_1               |    5.10  |      765  |       -1     |      -1    |   77218 
   BISdata_offset_2               |    5.10  |      766  |       -1     |      -1    |   77326 
   BISdata_offset_3               |    5.50  |      825  |       -1     |      -1    |   83279 
   BISdata_gp_multidimensional_rot_amp |    5.41  |      812  |       -1     |      -1    |   81980 
   BISdata_gp_multidimensional_con_amp |    5.64  |      845  |       -1     |      -1    |   85391 
   FWHMdata_jitter_0              |    5.87  |      881  |       -1     |      -1    |   88945 
   FWHMdata_offset_0              |    6.55  |      983  |       -1     |      -1    |   99241 
   FWHMdata_offset_1              |    6.35  |      952  |       -1     |      -1    |   96148 
   FWHMdata_offset_2              |    6.38  |      957  |       -1     |      -1    |   96613 
   FWHMdata_offset_3              |    6.14  |      921  |       -1     |      -1    |   92991 
   FWHMdata_gp_multidimensional_rot_amp |    5.35  |      803  |       -1     |      -1    |   81068 
   FWHMdata_gp_multidimensional_con_amp |    6.64  |      996  |    28350     |       2    |   97985 
   b_P                            |    5.58  |      837  |       -1     |      -1    |   84488 
   b_K                            |    5.59  |      839  |       -1     |      -1    |   84764 
   b_sre_coso                     |    5.20  |      779  |       -1     |      -1    |   78715 
   b_sre_sino                     |    5.32  |      797  |       -1     |      -1    |   80528 
   b_mean_long                    |    5.45  |      817  |       -1     |      -1    |   82540 
   c_P                            |    5.81  |      872  |       -1     |      -1    |   88030 
   c_K                            |    5.31  |      797  |       -1     |      -1    |   80519 
   c_sre_coso                     |    5.70  |      855  |       -1     |      -1    |   86328 
   c_sre_sino                     |    5.37  |      806  |       -1     |      -1    |   81413 
   c_mean_long                    |    5.98  |      897  |       -1     |      -1    |   90574 
   activity_Prot                  |    5.26  |      790  |       -1     |      -1    |   79753 
   activity_Pdec                  |    9.70  |     1456  |       -1     |      -1    |  147013 
   activity_Oamp                  |    5.19  |      778  |       -1     |      -1    |   78613 

    33 chains have not converged yet, keep going 

Check the documentation for the correct interpretation of these results:
https://pyorbit.readthedocs.io/running_pyorbit/terminal_output/#autocorrelation-analysis

====================================================================================================
     Statistics on the posterior of the sampler parameters     
====================================================================================================

----- dataset:  RVdata
jitter_0        13         1.267       -0.053        0.057   (15-84 p)   [    0.0009,    12.4000]
offset_0        14          8.81        -0.46         0.49   (15-84 p)   [-9996.0180, 10014.1890]
offset_1        15         11.04        -0.56         0.58   (15-84 p)   [-9996.0180, 10014.1890]
offset_2        16         10.06        -0.46         0.51   (15-84 p)   [-9996.0180, 10014.1890]
offset_3        17         10.10        -0.47         0.50   (15-84 p)   [-9996.0180, 10014.1890]

----- dataset: RVdata                    ----- model: gp_multidimensional           
rot_amp         18           5.9         -1.3          1.7   (15-84 p)   [    0.0000,    10.0000]
con_amp         19          0.94        -0.20         0.25   (15-84 p)   [  -20.0000,    20.0000]

----- dataset:  BISdata
jitter_0        20         1.947       -0.094         0.10   (15-84 p)   [    0.0095,    95.0000]
offset_0        21        -73.63        -0.21         0.21   (15-84 p)   [-10078.4500,  9961.4333]
offset_1        22        -43.76        -0.56         0.55   (15-84 p)   [-10078.4500,  9961.4333]
offset_2        23        -52.51        -0.24         0.24   (15-84 p)   [-10078.4500,  9961.4333]
offset_3        24        -59.92        -0.25         0.25   (15-84 p)   [-10078.4500,  9961.4333]

----- dataset: BISdata                   ----- model: gp_multidimensional           
rot_amp         25         -0.58        -0.92         0.84   (15-84 p)   [  -10.0000,    10.0000]
con_amp         26          0.01        -0.15         0.14   (15-84 p)   [  -20.0000,    20.0000]

----- dataset:  FWHMdata
jitter_0        27          0.36        -0.22         0.34   (15-84 p)   [    0.0500,   500.0000]
offset_0        28        6693.6         -2.2          2.0   (15-84 p)   [-3321.0090, 16950.9434]
offset_1        29        6938.8         -2.5          2.5   (15-84 p)   [-3321.0090, 16950.9434]
offset_2        30        6856.9         -2.2          2.1   (15-84 p)   [-3321.0090, 16950.9434]
offset_3        31        6896.0         -2.2          2.1   (15-84 p)   [-3321.0090, 16950.9434]

----- dataset: FWHMdata                  ----- model: gp_multidimensional           
rot_amp         32           3.1         -2.6          2.6   (15-84 p)   [  -10.0000,    10.0000]
con_amp         33         -4.33         -1.1         0.81   (15-84 p)   [  -20.0000,    20.0000]

----- common model:  b
P                0        1.4846      -0.0042       0.0046   (15-84 p)   [    0.3785,     6.6439]
K                1         -0.71        -0.35         0.29   (15-84 p)   [   -9.9658,     3.3219]
sre_coso         2          0.04        -0.21         0.20   (15-84 p)   [   -1.0000,     1.0000]
sre_sino         3          0.16        -0.23         0.18   (15-84 p)   [   -1.0000,     1.0000]
mean_long        4           266          -24           24   (15-84 p)   [   87.7889,   447.7889]

----- common model:  c
P                5        0.6085      -0.0032       0.0038   (15-84 p)   [    0.3785,     6.6439]
K                6         -0.96        -0.41         0.31   (15-84 p)   [   -9.9658,     3.3219]
sre_coso         7         -0.08        -0.20         0.22   (15-84 p)   [   -1.0000,     1.0000]
sre_sino         8          0.03        -0.21         0.21   (15-84 p)   [   -1.0000,     1.0000]
mean_long        9           310          -25           25   (15-84 p)   [  128.0377,   488.0377]

----- common model:  activity
Prot            10         27.59        -0.43         0.45   (15-84 p)   [   20.0000,    35.0000]
Pdec            11          33.4         -2.5          4.8   (15-84 p)   [   30.0000,  1000.0000]
Oamp            12         -1.29        -0.12         0.11   (15-84 p)   [   -6.6439,     0.0000]

----- common model:  star_parameters

====================================================================================================
     Statistics on the model parameters obtained from the posteriors samples     
====================================================================================================

----- dataset:  RVdata
jitter_0                 1.267       -0.053        0.057    (15-84 p)
offset_0                  8.81        -0.46         0.49    (15-84 p)
offset_1                 11.04        -0.56         0.58    (15-84 p)
offset_2                 10.06        -0.46         0.51    (15-84 p)
offset_3                 10.10        -0.47         0.50    (15-84 p)


----- dataset: RVdata                    ----- model: gp_multidimensional           
rot_amp                    5.9         -1.3          1.7    (15-84 p)
con_amp                   0.94        -0.20         0.25    (15-84 p)

----- dataset:  BISdata
jitter_0                 1.947       -0.094         0.10    (15-84 p)
offset_0                -73.63        -0.21         0.21    (15-84 p)
offset_1                -43.76        -0.56         0.55    (15-84 p)
offset_2                -52.51        -0.24         0.24    (15-84 p)
offset_3                -59.92        -0.25         0.25    (15-84 p)


----- dataset: BISdata                   ----- model: gp_multidimensional           
rot_amp                  -0.58        -0.92         0.84    (15-84 p)
con_amp                   0.01        -0.15         0.14    (15-84 p)

----- dataset:  FWHMdata
jitter_0                  0.36        -0.22         0.34    (15-84 p)
offset_0                6693.6         -2.2          2.0    (15-84 p)
offset_1                6938.8         -2.5          2.5    (15-84 p)
offset_2                6856.9         -2.2          2.1    (15-84 p)
offset_3                6896.0         -2.2          2.1    (15-84 p)


----- dataset: FWHMdata                  ----- model: gp_multidimensional           
rot_amp                    3.1         -2.6          2.6    (15-84 p)
con_amp                  -4.33         -1.1         0.81    (15-84 p)

----- common model:  b
P                       2.7984      -0.0082       0.0090    (15-84 p)
K                         0.61        -0.13         0.14    (15-84 p)
mean_long                  266          -24           24    (15-84 p)
e                        0.085       -0.059        0.085    (15-84 p)
omega                       60         -108           60    (15-84 p)

----- common model:  c
P                       1.5247      -0.0034       0.0040    (15-84 p)
K                         0.51        -0.13         0.12    (15-84 p)
mean_long                  310          -25           25    (15-84 p)
e                        0.071       -0.050        0.075    (15-84 p)
omega                       30         -169          112    (15-84 p)

----- common model:  activity
Prot                     27.59        -0.43         0.45    (15-84 p)
Pdec                      33.4         -2.5          4.8    (15-84 p)
Oamp                     0.410       -0.033        0.031    (15-84 p)

----- common model:  star_parameters

====================================================================================================
     Statistics on the derived parameters obtained from the posteriors samples     
====================================================================================================

----- common model:  b
Inclination fixed to 90 deg!
Computing planetary mass under the approximation M_planet << M_star (threshold at 30.0 Me)
a_Rs                     8.353       -0.016        0.018    (15-84 p)
M_Mj                   0.00420     -0.00090      0.00093    (15-84 p)
M_Me                      1.33        -0.29         0.29    (15-84 p)
Tc                    59336.12        -0.19         0.18    (15-84 p)
a_AU_(M)              0.038864    -0.000076     0.000084    (15-84 p)
a_AU_(rho,R)          0.038863    -0.000076     0.000084    (15-84 p)

----- common model:  c
Inclination fixed to 90 deg!
Computing planetary mass under the approximation M_planet << M_star (threshold at 30.0 Me)
a_Rs                    5.5723      -0.0083       0.0097    (15-84 p)
M_Mj                   0.00290     -0.00071      0.00069    (15-84 p)
M_Me                      0.92        -0.23         0.22    (15-84 p)
Tc                    59335.31        -0.11         0.10    (15-84 p)
a_AU_(M)              0.025925    -0.000038     0.000045    (15-84 p)
a_AU_(rho,R)          0.025925    -0.000038     0.000045    (15-84 p)


====================================================================================================
     ------------------------------------------------------------------------------------------     
====================================================================================================



30000.0   steps completed, average lnprob:,  -2392.4741105958087


Computing the autocorrelation time of the chains

***** WARNING ******
The integrated autocorrelation time cannot be reliably estimated
likely the chains are too short, and ACF analysis is not fully reliable
emcee.autocorr.integrated_time tolerance lowered to 20
If you still get a warning, you should drop these results entirely

Reference thinning used in the analysis: 150
Maximum value of the integrated ACF: 9
Step length used in the analysis: 9*nthin = 1350

Convergence criteria: less than 1% variation in ACF after 20 times the integrated ACF
At least 50*ACF after convergence, 100*ACF would be ideal
Negative values: not converged yet

   sampler parameter              |    ACF   | ACF*nthin | converged at | nsteps/ACF | to 100*ACF
                                  |          |           |              |            | 
   RVdata_jitter_0                |    5.59  |      839  |    36450     |      10    |   75325 
   RVdata_offset_0                |    6.84  |     1027  |    35100     |      10    |   92765 
   RVdata_offset_1                |    6.33  |      950  |    37800     |       8    |   87776 
   RVdata_offset_2                |    6.78  |     1016  |    43200     |       2    |   99837 
   RVdata_offset_3                |    6.53  |      980  |    37800     |       7    |   90760 
   RVdata_gp_multidimensional_rot_amp |    6.68  |     1002  |    32400     |      13    |   87560 
   RVdata_gp_multidimensional_con_amp |    7.16  |     1074  |    33750     |      10    |   96142 
   BISdata_jitter_0               |    5.80  |      870  |    33750     |      13    |   75735 
   BISdata_offset_0               |    6.15  |      922  |    39150     |       6    |   86396 
   BISdata_offset_1               |    5.80  |      870  |    35100     |      11    |   77090 
   BISdata_offset_2               |    5.76  |      864  |    39150     |       7    |   80527 
   BISdata_offset_3               |    5.89  |      884  |    37800     |       8    |   81219 
   BISdata_gp_multidimensional_rot_amp |    6.12  |      919  |    36450     |       9    |   83311 
   BISdata_gp_multidimensional_con_amp |    6.35  |      952  |    39150     |       6    |   89356 
   FWHMdata_jitter_0              |    6.22  |      932  |    43200     |       2    |   91440 
   FWHMdata_offset_0              |    7.01  |     1051  |    36450     |       8    |   96570 
   FWHMdata_offset_1              |    7.00  |     1050  |    37800     |       7    |   97757 
   FWHMdata_offset_2              |    6.98  |     1047  |    36450     |       8    |   96194 
   FWHMdata_offset_3              |    6.76  |     1014  |    43200     |       2    |   99595 
   FWHMdata_gp_multidimensional_rot_amp |    5.98  |      897  |    36450     |      10    |   81167 
   FWHMdata_gp_multidimensional_con_amp |    6.99  |     1048  |    28350     |      16    |   88180 
   b_P                            |    6.00  |      900  |    37800     |       8    |   82784 
   b_K                            |    6.16  |      924  |    36450     |       9    |   83825 
   b_sre_coso                     |    5.53  |      830  |    32400     |      15    |   70379 
   b_sre_sino                     |    6.00  |      900  |    41850     |       3    |   86874 
   b_mean_long                    |    6.00  |      900  |    35100     |      11    |   80062 
   c_P                            |    6.79  |     1018  |    39150     |       6    |   95953 
   c_K                            |    6.24  |      936  |       -1     |      -1    |   94577 
   c_sre_coso                     |    6.32  |      948  |    35100     |      10    |   84886 
   c_sre_sino                     |    6.06  |      909  |    33750     |      12    |   79698 
   c_mean_long                    |    6.72  |     1007  |    41850     |       3    |   97575 
   activity_Prot                  |    6.03  |      905  |    37800     |       8    |   83276 
   activity_Pdec                  |    9.46  |     1419  |    35100     |       7    |  131957 
   activity_Oamp                  |    5.59  |      838  |    33750     |      13    |   72550 

     1 chains have not converged yet, keep going 

Check the documentation for the correct interpretation of these results:
https://pyorbit.readthedocs.io/running_pyorbit/terminal_output/#autocorrelation-analysis

====================================================================================================
     Statistics on the posterior of the sampler parameters     
====================================================================================================

----- dataset:  RVdata
jitter_0        13         1.269       -0.053        0.057   (15-84 p)   [    0.0009,    12.4000]
offset_0        14          8.80        -0.45         0.48   (15-84 p)   [-9996.0180, 10014.1890]
offset_1        15         11.03        -0.55         0.58   (15-84 p)   [-9996.0180, 10014.1890]
offset_2        16         10.05        -0.45         0.49   (15-84 p)   [-9996.0180, 10014.1890]
offset_3        17         10.10        -0.46         0.49   (15-84 p)   [-9996.0180, 10014.1890]

----- dataset: RVdata                    ----- model: gp_multidimensional           
rot_amp         18           5.9         -1.2          1.7   (15-84 p)   [    0.0000,    10.0000]
con_amp         19          0.93        -0.20         0.25   (15-84 p)   [  -20.0000,    20.0000]

----- dataset:  BISdata
jitter_0        20         1.949       -0.094         0.10   (15-84 p)   [    0.0095,    95.0000]
offset_0        21        -73.63        -0.21         0.21   (15-84 p)   [-10078.4500,  9961.4333]
offset_1        22        -43.76        -0.56         0.55   (15-84 p)   [-10078.4500,  9961.4333]
offset_2        23        -52.51        -0.24         0.24   (15-84 p)   [-10078.4500,  9961.4333]
offset_3        24        -59.92        -0.25         0.25   (15-84 p)   [-10078.4500,  9961.4333]

----- dataset: BISdata                   ----- model: gp_multidimensional           
rot_amp         25         -0.55        -0.90         0.83   (15-84 p)   [  -10.0000,    10.0000]
con_amp         26          0.01        -0.14         0.14   (15-84 p)   [  -20.0000,    20.0000]

----- dataset:  FWHMdata
jitter_0        27          0.35        -0.21         0.33   (15-84 p)   [    0.0500,   500.0000]
offset_0        28        6693.6         -2.1          2.0   (15-84 p)   [-3321.0090, 16950.9434]
offset_1        29        6938.8         -2.5          2.4   (15-84 p)   [-3321.0090, 16950.9434]
offset_2        30        6856.9         -2.1          2.1   (15-84 p)   [-3321.0090, 16950.9434]
offset_3        31        6896.0         -2.2          2.1   (15-84 p)   [-3321.0090, 16950.9434]

----- dataset: FWHMdata                  ----- model: gp_multidimensional           
rot_amp         32           3.0         -2.6          2.6   (15-84 p)   [  -10.0000,    10.0000]
con_amp         33         -4.33         -1.1         0.81   (15-84 p)   [  -20.0000,    20.0000]

----- common model:  b
P                0        1.4846      -0.0043       0.0047   (15-84 p)   [    0.3785,     6.6439]
K                1         -0.72        -0.34         0.29   (15-84 p)   [   -9.9658,     3.3219]
sre_coso         2          0.04        -0.21         0.21   (15-84 p)   [   -1.0000,     1.0000]
sre_sino         3          0.16        -0.23         0.18   (15-84 p)   [   -1.0000,     1.0000]
mean_long        4           267          -23           24   (15-84 p)   [   87.7889,   447.7889]

----- common model:  c
P                5        0.6085      -0.0032       0.0037   (15-84 p)   [    0.3785,     6.6439]
K                6         -0.95        -0.42         0.31   (15-84 p)   [   -9.9658,     3.3219]
sre_coso         7         -0.07        -0.20         0.22   (15-84 p)   [   -1.0000,     1.0000]
sre_sino         8          0.04        -0.22         0.21   (15-84 p)   [   -1.0000,     1.0000]
mean_long        9           310          -24           25   (15-84 p)   [  128.0377,   488.0377]

----- common model:  activity
Prot            10         27.60        -0.43         0.45   (15-84 p)   [   20.0000,    35.0000]
Pdec            11          33.4         -2.5          4.8   (15-84 p)   [   30.0000,  1000.0000]
Oamp            12         -1.29        -0.12         0.11   (15-84 p)   [   -6.6439,     0.0000]

----- common model:  star_parameters

====================================================================================================
     Statistics on the model parameters obtained from the posteriors samples     
====================================================================================================

----- dataset:  RVdata
jitter_0                 1.269       -0.053        0.057    (15-84 p)
offset_0                  8.80        -0.45         0.48    (15-84 p)
offset_1                 11.03        -0.55         0.58    (15-84 p)
offset_2                 10.05        -0.45         0.49    (15-84 p)
offset_3                 10.10        -0.46         0.49    (15-84 p)


----- dataset: RVdata                    ----- model: gp_multidimensional           
rot_amp                    5.9         -1.2          1.7    (15-84 p)
con_amp                   0.93        -0.20         0.25    (15-84 p)

----- dataset:  BISdata
jitter_0                 1.949       -0.094         0.10    (15-84 p)
offset_0                -73.63        -0.21         0.21    (15-84 p)
offset_1                -43.76        -0.56         0.55    (15-84 p)
offset_2                -52.51        -0.24         0.24    (15-84 p)
offset_3                -59.92        -0.25         0.25    (15-84 p)


----- dataset: BISdata                   ----- model: gp_multidimensional           
rot_amp                  -0.55        -0.90         0.83    (15-84 p)
con_amp                   0.01        -0.14         0.14    (15-84 p)

----- dataset:  FWHMdata
jitter_0                  0.35        -0.21         0.33    (15-84 p)
offset_0                6693.6         -2.1          2.0    (15-84 p)
offset_1                6938.8         -2.5          2.4    (15-84 p)
offset_2                6856.9         -2.1          2.1    (15-84 p)
offset_3                6896.0         -2.2          2.1    (15-84 p)


----- dataset: FWHMdata                  ----- model: gp_multidimensional           
rot_amp                    3.0         -2.6          2.6    (15-84 p)
con_amp                  -4.33         -1.1         0.81    (15-84 p)

----- common model:  b
P                       2.7984      -0.0082       0.0091    (15-84 p)
K                         0.61        -0.13         0.14    (15-84 p)
mean_long                  267          -23           24    (15-84 p)
e                        0.083       -0.059        0.085    (15-84 p)
omega                       59         -113           62    (15-84 p)

----- common model:  c
P                       1.5247      -0.0034       0.0040    (15-84 p)
K                         0.52        -0.13         0.12    (15-84 p)
mean_long                  310          -24           25    (15-84 p)
e                        0.071       -0.050        0.074    (15-84 p)
omega                       33         -170          108    (15-84 p)

----- common model:  activity
Prot                     27.60        -0.43         0.45    (15-84 p)
Pdec                      33.4         -2.5          4.8    (15-84 p)
Oamp                     0.409       -0.032        0.031    (15-84 p)

----- common model:  star_parameters

====================================================================================================
     Statistics on the derived parameters obtained from the posteriors samples     
====================================================================================================

----- common model:  b
Inclination fixed to 90 deg!
Computing planetary mass under the approximation M_planet << M_star (threshold at 30.0 Me)
a_Rs                     8.353       -0.016        0.018    (15-84 p)
M_Mj                   0.00419     -0.00089      0.00092    (15-84 p)
M_Me                      1.33        -0.28         0.29    (15-84 p)
Tc                    59336.12        -0.19         0.18    (15-84 p)
a_AU_(M)              0.038863    -0.000076     0.000084    (15-84 p)
a_AU_(rho,R)          0.038863    -0.000076     0.000084    (15-84 p)

----- common model:  c
Inclination fixed to 90 deg!
Computing planetary mass under the approximation M_planet << M_star (threshold at 30.0 Me)
a_Rs                    5.5723      -0.0082       0.0097    (15-84 p)
M_Mj                   0.00292     -0.00074      0.00069    (15-84 p)
M_Me                      0.93        -0.24         0.22    (15-84 p)
Tc                    59335.31        -0.11         0.10    (15-84 p)
a_AU_(M)              0.025925    -0.000038     0.000045    (15-84 p)
a_AU_(rho,R)          0.025925    -0.000038     0.000045    (15-84 p)


====================================================================================================
     ------------------------------------------------------------------------------------------     
====================================================================================================



45000.0   steps completed, average lnprob:,  -2393.191794226299


Computing the autocorrelation time of the chains

***** WARNING ******
The integrated autocorrelation time cannot be reliably estimated
likely the chains are too short, and ACF analysis is not fully reliable
emcee.autocorr.integrated_time tolerance lowered to 20
If you still get a warning, you should drop these results entirely

Reference thinning used in the analysis: 150
Maximum value of the integrated ACF: 9
Step length used in the analysis: 9*nthin = 1350

Convergence criteria: less than 1% variation in ACF after 20 times the integrated ACF
At least 50*ACF after convergence, 100*ACF would be ideal
Negative values: not converged yet

   sampler parameter              |    ACF   | ACF*nthin | converged at | nsteps/ACF | to 100*ACF
                                  |          |           |              |            | 
   RVdata_jitter_0                |    6.25  |      938  |    36450     |      25    |   70223 
   RVdata_offset_0                |    7.40  |     1109  |    36450     |      21    |   87383 
   RVdata_offset_1                |    6.83  |     1024  |    37800     |      22    |   80190 
   RVdata_offset_2                |    7.28  |     1092  |    43200     |      15    |   92402 
   RVdata_offset_3                |    6.96  |     1044  |    37800     |      21    |   82192 
   RVdata_gp_multidimensional_rot_amp |    7.13  |     1070  |    32400     |      26    |   79395 
   RVdata_gp_multidimensional_con_amp |    7.99  |     1199  |    36450     |      20    |   96337 
   BISdata_jitter_0               |    6.08  |      912  |    33750     |      29    |   64930 
   BISdata_offset_0               |    6.48  |      973  |    39150     |      21    |   76410 
   BISdata_offset_1               |    6.46  |      969  |    36450     |      24    |   73341 
   BISdata_offset_2               |    6.13  |      919  |    39150     |      23    |   71056 
   BISdata_offset_3               |    6.25  |      938  |    37800     |      24    |   71554 
   BISdata_gp_multidimensional_rot_amp |    6.50  |      976  |    36450     |      24    |   74005 
   BISdata_gp_multidimensional_con_amp |    6.94  |     1040  |    39150     |      20    |   83190 
   FWHMdata_jitter_0              |    6.65  |      998  |    43200     |      17    |   82986 
   FWHMdata_offset_0              |    7.57  |     1136  |    36450     |      21    |   90053 
   FWHMdata_offset_1              |    7.15  |     1072  |    37800     |      21    |   85045 
   FWHMdata_offset_2              |    7.53  |     1130  |    36450     |      21    |   89433 
   FWHMdata_offset_3              |    7.35  |     1102  |    43200     |      15    |   93439 
   FWHMdata_gp_multidimensional_rot_amp |    6.34  |      951  |    37800     |      23    |   72940 
   FWHMdata_gp_multidimensional_con_amp |    7.75  |     1163  |    29700     |      26    |   86006 
   b_P                            |    6.64  |      997  |    37800     |      22    |   77474 
   b_K                            |    6.74  |     1011  |    36450     |      23    |   77554 
   b_sre_coso                     |    5.92  |      888  |    32400     |      31    |   61196 
   b_sre_sino                     |    6.88  |     1032  |    44550     |      15    |   87775 
   b_mean_long                    |    6.63  |      994  |    35100     |      25    |   74476 
   c_P                            |    8.00  |     1200  |    39150     |      17    |   99135 
   c_K                            |    7.45  |     1118  |       -1     |      -1    |  112869 
   c_sre_coso                     |    7.18  |     1077  |    35100     |      23    |   82841 
   c_sre_sino                     |    6.47  |      971  |    36450     |      24    |   73565 
   c_mean_long                    |    7.59  |     1138  |    41850     |      16    |   95660 
   activity_Prot                  |    6.35  |      952  |    37800     |      23    |   73038 
   activity_Pdec                  |    9.79  |     1469  |    35100     |      17    |  121997 
   activity_Oamp                  |    5.93  |      890  |    33750     |      30    |   62722 

     1 chains have not converged yet, keep going 

Check the documentation for the correct interpretation of these results:
https://pyorbit.readthedocs.io/running_pyorbit/terminal_output/#autocorrelation-analysis

====================================================================================================
     Statistics on the posterior of the sampler parameters     
====================================================================================================

----- dataset:  RVdata
jitter_0        13         1.270       -0.053        0.057   (15-84 p)   [    0.0009,    12.4000]
offset_0        14          8.80        -0.45         0.48   (15-84 p)   [-9996.0180, 10014.1890]
offset_1        15         11.03        -0.56         0.58   (15-84 p)   [-9996.0180, 10014.1890]
offset_2        16         10.05        -0.45         0.49   (15-84 p)   [-9996.0180, 10014.1890]
offset_3        17         10.10        -0.46         0.49   (15-84 p)   [-9996.0180, 10014.1890]

----- dataset: RVdata                    ----- model: gp_multidimensional           
rot_amp         18           5.9         -1.2          1.7   (15-84 p)   [    0.0000,    10.0000]
con_amp         19          0.93        -0.20         0.26   (15-84 p)   [  -20.0000,    20.0000]

----- dataset:  BISdata
jitter_0        20         1.949       -0.094         0.10   (15-84 p)   [    0.0095,    95.0000]
offset_0        21        -73.63        -0.21         0.21   (15-84 p)   [-10078.4500,  9961.4333]
offset_1        22        -43.76        -0.56         0.55   (15-84 p)   [-10078.4500,  9961.4333]
offset_2        23        -52.51        -0.24         0.24   (15-84 p)   [-10078.4500,  9961.4333]
offset_3        24        -59.93        -0.25         0.25   (15-84 p)   [-10078.4500,  9961.4333]

----- dataset: BISdata                   ----- model: gp_multidimensional           
rot_amp         25         -0.58        -0.90         0.85   (15-84 p)   [  -10.0000,    10.0000]
con_amp         26          0.01        -0.14         0.14   (15-84 p)   [  -20.0000,    20.0000]

----- dataset:  FWHMdata
jitter_0        27          0.35        -0.21         0.33   (15-84 p)   [    0.0500,   500.0000]
offset_0        28        6693.6         -2.1          2.1   (15-84 p)   [-3321.0090, 16950.9434]
offset_1        29        6938.8         -2.5          2.4   (15-84 p)   [-3321.0090, 16950.9434]
offset_2        30        6856.9         -2.2          2.1   (15-84 p)   [-3321.0090, 16950.9434]
offset_3        31        6896.0         -2.2          2.1   (15-84 p)   [-3321.0090, 16950.9434]

----- dataset: FWHMdata                  ----- model: gp_multidimensional           
rot_amp         32           3.0         -2.6          2.6   (15-84 p)   [  -10.0000,    10.0000]
con_amp         33         -4.34         -1.1         0.80   (15-84 p)   [  -20.0000,    20.0000]

----- common model:  b
P                0        1.4846      -0.0042       0.0047   (15-84 p)   [    0.3785,     6.6439]
K                1         -0.71        -0.35         0.29   (15-84 p)   [   -9.9658,     3.3219]
sre_coso         2          0.04        -0.21         0.20   (15-84 p)   [   -1.0000,     1.0000]
sre_sino         3          0.17        -0.23         0.18   (15-84 p)   [   -1.0000,     1.0000]
mean_long        4           266          -23           24   (15-84 p)   [   87.7889,   447.7889]

----- common model:  c
P                5        0.6085      -0.0032       0.0038   (15-84 p)   [    0.3785,     6.6439]
K                6         -0.95        -0.42         0.31   (15-84 p)   [   -9.9658,     3.3219]
sre_coso         7         -0.07        -0.20         0.22   (15-84 p)   [   -1.0000,     1.0000]
sre_sino         8          0.03        -0.21         0.21   (15-84 p)   [   -1.0000,     1.0000]
mean_long        9           310          -25           25   (15-84 p)   [  128.0377,   488.0377]

----- common model:  activity
Prot            10         27.60        -0.43         0.45   (15-84 p)   [   20.0000,    35.0000]
Pdec            11          33.4         -2.5          4.8   (15-84 p)   [   30.0000,  1000.0000]
Oamp            12         -1.29        -0.12         0.11   (15-84 p)   [   -6.6439,     0.0000]

----- common model:  star_parameters

====================================================================================================
     Statistics on the model parameters obtained from the posteriors samples     
====================================================================================================

----- dataset:  RVdata
jitter_0                 1.270       -0.053        0.057    (15-84 p)
offset_0                  8.80        -0.45         0.48    (15-84 p)
offset_1                 11.03        -0.56         0.58    (15-84 p)
offset_2                 10.05        -0.45         0.49    (15-84 p)
offset_3                 10.10        -0.46         0.49    (15-84 p)


----- dataset: RVdata                    ----- model: gp_multidimensional           
rot_amp                    5.9         -1.2          1.7    (15-84 p)
con_amp                   0.93        -0.20         0.26    (15-84 p)

----- dataset:  BISdata
jitter_0                 1.949       -0.094         0.10    (15-84 p)
offset_0                -73.63        -0.21         0.21    (15-84 p)
offset_1                -43.76        -0.56         0.55    (15-84 p)
offset_2                -52.51        -0.24         0.24    (15-84 p)
offset_3                -59.93        -0.25         0.25    (15-84 p)


----- dataset: BISdata                   ----- model: gp_multidimensional           
rot_amp                  -0.58        -0.90         0.85    (15-84 p)
con_amp                   0.01        -0.14         0.14    (15-84 p)

----- dataset:  FWHMdata
jitter_0                  0.35        -0.21         0.33    (15-84 p)
offset_0                6693.6         -2.1          2.1    (15-84 p)
offset_1                6938.8         -2.5          2.4    (15-84 p)
offset_2                6856.9         -2.2          2.1    (15-84 p)
offset_3                6896.0         -2.2          2.1    (15-84 p)


----- dataset: FWHMdata                  ----- model: gp_multidimensional           
rot_amp                    3.0         -2.6          2.6    (15-84 p)
con_amp                  -4.34         -1.1         0.80    (15-84 p)

----- common model:  b
P                       2.7984      -0.0082       0.0091    (15-84 p)
K                         0.61        -0.13         0.13    (15-84 p)
mean_long                  266          -23           24    (15-84 p)
e                        0.085       -0.059        0.084    (15-84 p)
omega                       61         -106           60    (15-84 p)

----- common model:  c
P                       1.5247      -0.0034       0.0040    (15-84 p)
K                         0.52        -0.13         0.12    (15-84 p)
mean_long                  310          -25           25    (15-84 p)
e                        0.071       -0.050        0.074    (15-84 p)
omega                       30         -167          110    (15-84 p)

----- common model:  activity
Prot                     27.60        -0.43         0.45    (15-84 p)
Pdec                      33.4         -2.5          4.8    (15-84 p)
Oamp                     0.410       -0.032        0.031    (15-84 p)

----- common model:  star_parameters

====================================================================================================
     Statistics on the derived parameters obtained from the posteriors samples     
====================================================================================================

----- common model:  b
Inclination fixed to 90 deg!
Computing planetary mass under the approximation M_planet << M_star (threshold at 30.0 Me)
a_Rs                     8.353       -0.016        0.018    (15-84 p)
M_Mj                   0.00422     -0.00090      0.00092    (15-84 p)
M_Me                      1.34        -0.29         0.29    (15-84 p)
Tc                    59336.12        -0.19         0.18    (15-84 p)
a_AU_(M)              0.038863    -0.000076     0.000084    (15-84 p)
a_AU_(rho,R)          0.038863    -0.000076     0.000084    (15-84 p)

----- common model:  c
Inclination fixed to 90 deg!
Computing planetary mass under the approximation M_planet << M_star (threshold at 30.0 Me)
a_Rs                    5.5723      -0.0083       0.0097    (15-84 p)
M_Mj                   0.00292     -0.00074      0.00069    (15-84 p)
M_Me                      0.93        -0.24         0.22    (15-84 p)
Tc                    59335.31        -0.11         0.10    (15-84 p)
a_AU_(M)              0.025925    -0.000039     0.000045    (15-84 p)
a_AU_(rho,R)          0.025925    -0.000039     0.000045    (15-84 p)


====================================================================================================
     ------------------------------------------------------------------------------------------     
====================================================================================================



60000.0   steps completed, average lnprob:,  -2392.3206537803717


emcee completed


:::---::: PyORBIT v11.0.1 :::---:::

Python version in use:
3.10.18 (main, Jun  5 2025, 13:14:17) [GCC 11.2.0]
LaTeX disabled by default

Using orbital model:  keplerian
Using orbital parametrization:  Eastman2013

Using orbital model:  keplerian
Using orbital parametrization:  Eastman2013

gp_multidimensional  S+LEAF model, number of harmonics: 4

GP model: gp_multidimensional  hyperparameters_condition:    True
GP model: gp_multidimensional  rotation_decay_condition:     True

### PyORBIT version used in the analysis:  11.0.1

 emcee version:  3.1.6

 Reference Time Tref: 59334.700184

 Data points:966
 Dimensions: 34
 Nwalkers:   136
 Steps:      60000


Number of samplings: 40800

Recomputing ln-prior, it may take a while...

ln-probability   distribution:  -2392.66       -5.03      4.22 (15-84 p) 
ln-prior         distribution:   -194.21       -2.52      1.76 (15-84 p) 
ln-likelihood    distribution:  -2198.09       -5.19      4.48 (15-84 p) 


*** Information criteria using the likelihood distribution

 BIC from distribution  (using likelihood)  =   4629.88     -8.96   10.39 (15-84 p)
 AIC from distribution  (using likelihood)  =   4464.19     -8.96   10.39 (15-84 p)
 AICc from distribution (using likelihood)  =   4466.75     -8.96   10.39 (15-84 p)


*** Information criteria using the median parameter set

 ln_probability of Median solution =  -2377.23
 ln_priors of Median solution      =   -192.57
 ln_likelihood of Median solution  =  -2184.66

 Median BIC  (using likelihood) =   4603.00
 Median AIC  (using likelihood) =   4437.31
 Median AICc (using likelihood) =   4439.87


*** Information criteria using the MAP parameter set

 ln_probability of MAP solution =  -2379.63
 ln_priors of MAP solution      =   -192.84
 ln_likelihood of MAP solution  =  -2186.79

 MAP BIC  (using likelihood)    =   4607.27
 MAP AIC  (using likelihood)    =   4441.58
 MAP AICc (using likelihood)    =   4444.14

 AICc suggested over AIC because NDATA ( 966 ) < 40 * NDIM ( 34 )

****************************************************************************************************


Computing the autocorrelation time of the chains

***** WARNING ******
The integrated autocorrelation time cannot be reliably estimated
likely the chains are too short, and ACF analysis is not fully reliable
emcee.autocorr.integrated_time tolerance lowered to 20
If you still get a warning, you should drop these results entirely

Reference thinning used in the analysis: 150
Maximum value of the integrated ACF: 9
Step length used in the analysis: 9*nthin = 1350

Convergence criteria: less than 1% variation in ACF after 20 times the integrated ACF
At least 50*ACF after convergence, 100*ACF would be ideal
Negative values: not converged yet

   sampler parameter              |    ACF   | ACF*nthin | converged at | nsteps/ACF | to 100*ACF
                                  |          |           |              |            | 
   RVdata_jitter_0                |    6.25  |      938  |    36450     |      25    |   70223 
   RVdata_offset_0                |    7.40  |     1109  |    36450     |      21    |   87383 
   RVdata_offset_1                |    6.83  |     1024  |    37800     |      22    |   80190 
   RVdata_offset_2                |    7.28  |     1092  |    43200     |      15    |   92402 
   RVdata_offset_3                |    6.96  |     1044  |    37800     |      21    |   82192 
   RVdata_gp_multidimensional_rot_amp |    7.13  |     1070  |    32400     |      26    |   79395 
   RVdata_gp_multidimensional_con_amp |    7.99  |     1199  |    36450     |      20    |   96337 
   BISdata_jitter_0               |    6.08  |      912  |    33750     |      29    |   64930 
   BISdata_offset_0               |    6.48  |      973  |    39150     |      21    |   76410 
   BISdata_offset_1               |    6.46  |      969  |    36450     |      24    |   73341 
   BISdata_offset_2               |    6.13  |      919  |    39150     |      23    |   71056 
   BISdata_offset_3               |    6.25  |      938  |    37800     |      24    |   71554 
   BISdata_gp_multidimensional_rot_amp |    6.50  |      976  |    36450     |      24    |   74005 
   BISdata_gp_multidimensional_con_amp |    6.94  |     1040  |    39150     |      20    |   83190 
   FWHMdata_jitter_0              |    6.65  |      998  |    43200     |      17    |   82986 
   FWHMdata_offset_0              |    7.57  |     1136  |    36450     |      21    |   90053 
   FWHMdata_offset_1              |    7.15  |     1072  |    37800     |      21    |   85045 
   FWHMdata_offset_2              |    7.53  |     1130  |    36450     |      21    |   89433 
   FWHMdata_offset_3              |    7.35  |     1102  |    43200     |      15    |   93439 
   FWHMdata_gp_multidimensional_rot_amp |    6.34  |      951  |    37800     |      23    |   72940 
   FWHMdata_gp_multidimensional_con_amp |    7.75  |     1163  |    29700     |      26    |   86006 
   b_P                            |    6.64  |      997  |    37800     |      22    |   77474 
   b_K                            |    6.74  |     1011  |    36450     |      23    |   77554 
   b_sre_coso                     |    5.92  |      888  |    32400     |      31    |   61196 
   b_sre_sino                     |    6.88  |     1032  |    44550     |      15    |   87775 
   b_mean_long                    |    6.63  |      994  |    35100     |      25    |   74476 
   c_P                            |    8.00  |     1200  |    39150     |      17    |   99135 
   c_K                            |    7.45  |     1118  |       -1     |      -1    |  112869 
   c_sre_coso                     |    7.18  |     1077  |    35100     |      23    |   82841 
   c_sre_sino                     |    6.47  |      971  |    36450     |      24    |   73565 
   c_mean_long                    |    7.59  |     1138  |    41850     |      16    |   95660 
   activity_Prot                  |    6.35  |      952  |    37800     |      23    |   73038 
   activity_Pdec                  |    9.79  |     1469  |    35100     |      17    |  121997 
   activity_Oamp                  |    5.93  |      890  |    33750     |      30    |   62722 

     1 chains have not converged yet, keep going 

Check the documentation for the correct interpretation of these results:
https://pyorbit.readthedocs.io/running_pyorbit/terminal_output/#autocorrelation-analysis

 Plotting the ACF... 


====================================================================================================
     Ids, spaces (s), boundaries (b) and priors (p) of the sampler parameters     
====================================================================================================

----- dataset:  RVdata
jitter_0      id:  13  s:Linear      b:[      0.0009,      12.4000]   p:Uniform   []
offset_0      id:  14  s:Linear      b:[  -9996.0180,   10014.1890]   p:Uniform   []
offset_1      id:  15  s:Linear      b:[  -9996.0180,   10014.1890]   p:Uniform   []
offset_2      id:  16  s:Linear      b:[  -9996.0180,   10014.1890]   p:Uniform   []
offset_3      id:  17  s:Linear      b:[  -9996.0180,   10014.1890]   p:Uniform   []

----- dataset: RVdata                    ----- model: gp_multidimensional           
rot_amp       id:  18  s:Linear      b:[      0.0000,      10.0000]   p:Uniform   []
con_amp       id:  19  s:Linear      b:[    -20.0000,      20.0000]   p:Uniform   []

----- dataset:  BISdata
jitter_0      id:  20  s:Linear      b:[      0.0095,      95.0000]   p:Uniform   []
offset_0      id:  21  s:Linear      b:[ -10078.4500,    9961.4333]   p:Uniform   []
offset_1      id:  22  s:Linear      b:[ -10078.4500,    9961.4333]   p:Uniform   []
offset_2      id:  23  s:Linear      b:[ -10078.4500,    9961.4333]   p:Uniform   []
offset_3      id:  24  s:Linear      b:[ -10078.4500,    9961.4333]   p:Uniform   []

----- dataset: BISdata                   ----- model: gp_multidimensional           
rot_amp       id:  25  s:Linear      b:[    -10.0000,      10.0000]   p:Uniform   []
con_amp       id:  26  s:Linear      b:[    -20.0000,      20.0000]   p:Uniform   []

----- dataset:  FWHMdata
jitter_0      id:  27  s:Linear      b:[      0.0500,     500.0000]   p:Uniform   []
offset_0      id:  28  s:Linear      b:[  -3321.0090,   16950.9434]   p:Uniform   []
offset_1      id:  29  s:Linear      b:[  -3321.0090,   16950.9434]   p:Uniform   []
offset_2      id:  30  s:Linear      b:[  -3321.0090,   16950.9434]   p:Uniform   []
offset_3      id:  31  s:Linear      b:[  -3321.0090,   16950.9434]   p:Uniform   []

----- dataset: FWHMdata                  ----- model: gp_multidimensional           
rot_amp       id:  32  s:Linear      b:[    -10.0000,      10.0000]   p:Uniform   []
con_amp       id:  33  s:Linear      b:[    -20.0000,      20.0000]   p:Uniform   []

----- common model:  b
P             id:   0  s:Log_Base2   b:[      0.3785,       6.6439]   p:Uniform   []
K             id:   1  s:Log_Base2   b:[     -9.9658,       3.3219]   p:Uniform   []
sre_coso      id:   2  s:Linear      b:[     -1.0000,       1.0000]   p:Uniform   []
sre_sino      id:   3  s:Linear      b:[     -1.0000,       1.0000]   p:Uniform   []
mean_long     id:   4  s:Linear      b:[     87.7889,     447.7889]   p:Uniform   []
e             derived (no id, space, bound)                           p:Gaussian   [0.    0.098]
omega         derived (no id, space, bound)                           p:Uniform   [0.0, 360.0]

----- common model:  c
P             id:   5  s:Log_Base2   b:[      0.3785,       6.6439]   p:Uniform   []
K             id:   6  s:Log_Base2   b:[     -9.9658,       3.3219]   p:Uniform   []
sre_coso      id:   7  s:Linear      b:[     -1.0000,       1.0000]   p:Uniform   []
sre_sino      id:   8  s:Linear      b:[     -1.0000,       1.0000]   p:Uniform   []
mean_long     id:   9  s:Linear      b:[    128.0377,     488.0377]   p:Uniform   []
e             derived (no id, space, bound)                           p:Gaussian   [0.    0.098]
omega         derived (no id, space, bound)                           p:Uniform   [0.0, 360.0]

----- common model:  activity
Prot          id:  10  s:Linear      b:[     20.0000,      35.0000]   p:Gaussian   [28.   0.5]
Pdec          id:  11  s:Linear      b:[     30.0000,    1000.0000]   p:Uniform   []
Oamp          id:  12  s:Log_Base2   b:[     -6.6439,       0.0000]   p:Gaussian   [0.35  0.035]

----- common model:  star_parameters
mass          derived (no id, space, bound)                           p:Gaussian   [1.e+00 1.e-06]
radius        derived (no id, space, bound)                           p:Gaussian   [1.e+00 1.e-06]
density       derived (no id, space, bound)                           p:Gaussian   [1.e+00 1.e-06]


****************************************************************************************************
****************************************************************************************************

 Confidence intervals (median value, 34.135th percentile from the median on the left and right side)

====================================================================================================
     Statistics on the posterior of the sampler parameters     
====================================================================================================

----- dataset:  RVdata
jitter_0        13         1.270       -0.053        0.057   (15-84 p)   [    0.0009,    12.4000]
offset_0        14          8.80        -0.45         0.48   (15-84 p)   [-9996.0180, 10014.1890]
offset_1        15         11.03        -0.56         0.58   (15-84 p)   [-9996.0180, 10014.1890]
offset_2        16         10.05        -0.45         0.49   (15-84 p)   [-9996.0180, 10014.1890]
offset_3        17         10.10        -0.46         0.49   (15-84 p)   [-9996.0180, 10014.1890]

----- dataset: RVdata                    ----- model: gp_multidimensional           
rot_amp         18           5.9         -1.2          1.7   (15-84 p)   [    0.0000,    10.0000]
con_amp         19          0.93        -0.20         0.26   (15-84 p)   [  -20.0000,    20.0000]

----- dataset:  BISdata
jitter_0        20         1.949       -0.094         0.10   (15-84 p)   [    0.0095,    95.0000]
offset_0        21        -73.63        -0.21         0.21   (15-84 p)   [-10078.4500,  9961.4333]
offset_1        22        -43.76        -0.56         0.55   (15-84 p)   [-10078.4500,  9961.4333]
offset_2        23        -52.51        -0.24         0.24   (15-84 p)   [-10078.4500,  9961.4333]
offset_3        24        -59.93        -0.25         0.25   (15-84 p)   [-10078.4500,  9961.4333]

----- dataset: BISdata                   ----- model: gp_multidimensional           
rot_amp         25         -0.58        -0.90         0.85   (15-84 p)   [  -10.0000,    10.0000]
con_amp         26          0.01        -0.14         0.14   (15-84 p)   [  -20.0000,    20.0000]

----- dataset:  FWHMdata
jitter_0        27          0.35        -0.21         0.33   (15-84 p)   [    0.0500,   500.0000]
offset_0        28        6693.6         -2.1          2.1   (15-84 p)   [-3321.0090, 16950.9434]
offset_1        29        6938.8         -2.5          2.4   (15-84 p)   [-3321.0090, 16950.9434]
offset_2        30        6856.9         -2.2          2.1   (15-84 p)   [-3321.0090, 16950.9434]
offset_3        31        6896.0         -2.2          2.1   (15-84 p)   [-3321.0090, 16950.9434]

----- dataset: FWHMdata                  ----- model: gp_multidimensional           
rot_amp         32           3.0         -2.6          2.6   (15-84 p)   [  -10.0000,    10.0000]
con_amp         33         -4.34         -1.1         0.80   (15-84 p)   [  -20.0000,    20.0000]

----- common model:  b
P                0        1.4846      -0.0042       0.0047   (15-84 p)   [    0.3785,     6.6439]
K                1         -0.71        -0.35         0.29   (15-84 p)   [   -9.9658,     3.3219]
sre_coso         2          0.04        -0.21         0.20   (15-84 p)   [   -1.0000,     1.0000]
sre_sino         3          0.17        -0.23         0.18   (15-84 p)   [   -1.0000,     1.0000]
mean_long        4           266          -23           24   (15-84 p)   [   87.7889,   447.7889]

----- common model:  c
P                5        0.6085      -0.0032       0.0038   (15-84 p)   [    0.3785,     6.6439]
K                6         -0.95        -0.42         0.31   (15-84 p)   [   -9.9658,     3.3219]
sre_coso         7         -0.07        -0.20         0.22   (15-84 p)   [   -1.0000,     1.0000]
sre_sino         8          0.03        -0.21         0.21   (15-84 p)   [   -1.0000,     1.0000]
mean_long        9           310          -25           25   (15-84 p)   [  128.0377,   488.0377]

----- common model:  activity
Prot            10         27.60        -0.43         0.45   (15-84 p)   [   20.0000,    35.0000]
Pdec            11          33.4         -2.5          4.8   (15-84 p)   [   30.0000,  1000.0000]
Oamp            12         -1.29        -0.12         0.11   (15-84 p)   [   -6.6439,     0.0000]

----- common model:  star_parameters

====================================================================================================
     Statistics on the model parameters obtained from the posteriors samples     
====================================================================================================

----- dataset:  RVdata
jitter_0                 1.270       -0.053        0.057    (15-84 p)
offset_0                  8.80        -0.45         0.48    (15-84 p)
offset_1                 11.03        -0.56         0.58    (15-84 p)
offset_2                 10.05        -0.45         0.49    (15-84 p)
offset_3                 10.10        -0.46         0.49    (15-84 p)


----- dataset: RVdata                    ----- model: gp_multidimensional           
rot_amp                    5.9         -1.2          1.7    (15-84 p)
con_amp                   0.93        -0.20         0.26    (15-84 p)

----- dataset:  BISdata
jitter_0                 1.949       -0.094         0.10    (15-84 p)
offset_0                -73.63        -0.21         0.21    (15-84 p)
offset_1                -43.76        -0.56         0.55    (15-84 p)
offset_2                -52.51        -0.24         0.24    (15-84 p)
offset_3                -59.93        -0.25         0.25    (15-84 p)


----- dataset: BISdata                   ----- model: gp_multidimensional           
rot_amp                  -0.58        -0.90         0.85    (15-84 p)
con_amp                   0.01        -0.14         0.14    (15-84 p)

----- dataset:  FWHMdata
jitter_0                  0.35        -0.21         0.33    (15-84 p)
offset_0                6693.6         -2.1          2.1    (15-84 p)
offset_1                6938.8         -2.5          2.4    (15-84 p)
offset_2                6856.9         -2.2          2.1    (15-84 p)
offset_3                6896.0         -2.2          2.1    (15-84 p)


----- dataset: FWHMdata                  ----- model: gp_multidimensional           
rot_amp                    3.0         -2.6          2.6    (15-84 p)
con_amp                  -4.34         -1.1         0.80    (15-84 p)

----- common model:  b
P                       2.7984      -0.0082       0.0091    (15-84 p)
K                         0.61        -0.13         0.13    (15-84 p)
mean_long                  266          -23           24    (15-84 p)
e                        0.085       -0.059        0.084    (15-84 p)
omega                       59         -112           60    (15-84 p)

----- common model:  c
P                       1.5247      -0.0034       0.0040    (15-84 p)
K                         0.52        -0.13         0.12    (15-84 p)
mean_long                  310          -25           25    (15-84 p)
e                        0.071       -0.050        0.074    (15-84 p)
omega                     -178          -90          123    (15-84 p)

----- common model:  activity
Prot                     27.60        -0.43         0.45    (15-84 p)
Pdec                      33.4         -2.5          4.8    (15-84 p)
Oamp                     0.410       -0.032        0.031    (15-84 p)

----- common model:  star_parameters

====================================================================================================
     Statistics on the derived parameters obtained from the posteriors samples     
====================================================================================================

----- common model:  b
Inclination fixed to 90 deg!
Computing planetary mass under the approximation M_planet << M_star (threshold at 30.0 Me)
a_Rs                     8.353       -0.016        0.018    (15-84 p)
M_Mj                   0.00422     -0.00090      0.00092    (15-84 p)
M_Me                      1.34        -0.29         0.29    (15-84 p)
Tc                    59336.12        -0.19         0.18    (15-84 p)
a_AU_(M)              0.038863    -0.000076     0.000084    (15-84 p)
a_AU_(rho,R)          0.038863    -0.000076     0.000084    (15-84 p)

----- common model:  c
Inclination fixed to 90 deg!
Computing planetary mass under the approximation M_planet << M_star (threshold at 30.0 Me)
a_Rs                    5.5723      -0.0083       0.0097    (15-84 p)
M_Mj                   0.00292     -0.00074      0.00069    (15-84 p)
M_Me                      0.93        -0.24         0.22    (15-84 p)
Tc                    59335.31        -0.11         0.10    (15-84 p)
a_AU_(M)              0.025925    -0.000038     0.000045    (15-84 p)
a_AU_(rho,R)          0.025925    -0.000038     0.000045    (15-84 p)


====================================================================================================
     ------------------------------------------------------------------------------------------     
====================================================================================================



****************************************************************************************************

 Parameters corresponding to the Maximum a Posteriori probability ( -2379.6340818548683 )

====================================================================================================
     Statistics on the posterior of the sampler parameters     
====================================================================================================

----- dataset:  RVdata
jitter_0        13      1.291191 [    0.0009,    12.4000]
offset_0        14      8.729657 [-9996.0180, 10014.1890]
offset_1        15     11.007807 [-9996.0180, 10014.1890]
offset_2        16      9.900042 [-9996.0180, 10014.1890]
offset_3        17      9.901458 [-9996.0180, 10014.1890]

----- dataset: RVdata                    ----- model: gp_multidimensional           
rot_amp         18      5.146406 [    0.0000,    10.0000]
con_amp         19      0.607831 [  -20.0000,    20.0000]

----- dataset:  BISdata
jitter_0        20      1.966268 [    0.0095,    95.0000]
offset_0        21    -73.566409 [-10078.4500,  9961.4333]
offset_1        22    -43.421019 [-10078.4500,  9961.4333]
offset_2        23    -52.585742 [-10078.4500,  9961.4333]
offset_3        24    -59.733658 [-10078.4500,  9961.4333]

----- dataset: BISdata                   ----- model: gp_multidimensional           
rot_amp         25     -0.459367 [  -10.0000,    10.0000]
con_amp         26     -0.028874 [  -20.0000,    20.0000]

----- dataset:  FWHMdata
jitter_0        27      0.379703 [    0.0500,   500.0000]
offset_0        28   6694.611544 [-3321.0090, 16950.9434]
offset_1        29   6938.988084 [-3321.0090, 16950.9434]
offset_2        30   6857.535171 [-3321.0090, 16950.9434]
offset_3        31   6896.287911 [-3321.0090, 16950.9434]

----- dataset: FWHMdata                  ----- model: gp_multidimensional           
rot_amp         32      2.677642 [  -10.0000,    10.0000]
con_amp         33     -3.180101 [  -20.0000,    20.0000]

----- common model:  b
P                0      1.485879 [    0.3785,     6.6439]
K                1     -0.504219 [   -9.9658,     3.3219]
sre_coso         2      0.211277 [   -1.0000,     1.0000]
sre_sino         3     -0.023297 [   -1.0000,     1.0000]
mean_long        4    279.012603 [   87.7889,   447.7889]

----- common model:  c
P                5      0.608480 [    0.3785,     6.6439]
K                6     -0.873442 [   -9.9658,     3.3219]
sre_coso         7     -0.170137 [   -1.0000,     1.0000]
sre_sino         8     -0.112689 [   -1.0000,     1.0000]
mean_long        9    314.908195 [  128.0377,   488.0377]

----- common model:  activity
Prot            10     27.743917 [   20.0000,    35.0000]
Pdec            11     31.141318 [   30.0000,  1000.0000]
Oamp            12     -1.265971 [   -6.6439,     0.0000]

----- common model:  star_parameters

====================================================================================================
     Statistics on the model parameters obtained from the posteriors samples     
====================================================================================================

----- dataset:  RVdata
jitter_0              1.291191 
offset_0              8.729657 
offset_1             11.007807 
offset_2              9.900042 
offset_3              9.901458 


----- dataset: RVdata                    ----- model: gp_multidimensional           
rot_amp               5.146406 
con_amp               0.607831 

----- dataset:  BISdata
jitter_0              1.966268 
offset_0            -73.566409 
offset_1            -43.421019 
offset_2            -52.585742 
offset_3            -59.733658 


----- dataset: BISdata                   ----- model: gp_multidimensional           
rot_amp              -0.459367 
con_amp              -0.028874 

----- dataset:  FWHMdata
jitter_0              0.379703 
offset_0           6694.611544 
offset_1           6938.988084 
offset_2           6857.535171 
offset_3           6896.287911 


----- dataset: FWHMdata                  ----- model: gp_multidimensional           
rot_amp               2.677642 
con_amp              -3.180101 

----- common model:  b
P                     2.800878 
K                     0.705042 
mean_long           279.012603 
e                     0.045181 
omega                -6.292325 

----- common model:  c
P                     1.524652 
K                     0.545843 
mean_long           314.908195 
e                     0.041645 
omega              -146.481879 

----- common model:  activity
Prot                 27.743917 
Pdec                 31.141318 
Oamp                  0.415819 

----- common model:  star_parameters

====================================================================================================
     Statistics on the derived parameters obtained from the posteriors samples     
====================================================================================================

----- common model:  b
Inclination fixed to 90 deg!
a_Rs                  8.358187 
M_Mj                  0.004884 
M_Me                  1.552575 
Tc                59335.990329 
a_AU_(M)              0.038886 
a_AU_(rho,R)          0.038886 

----- common model:  c
Inclination fixed to 90 deg!
a_Rs                  5.572245 
M_Mj                  0.003088 
M_Me                  0.981592 
Tc                59335.289459 
a_AU_(M)              0.025925 
a_AU_(rho,R)          0.025925 


====================================================================================================
     ------------------------------------------------------------------------------------------     
====================================================================================================



****************************************************************************************************

 Parameters corresponding to the sample closest to the median values ( -2382.381753573923 )

====================================================================================================
     Statistics on the posterior of the sampler parameters     
====================================================================================================

----- dataset:  RVdata
jitter_0        13      1.310766 [    0.0009,    12.4000]
offset_0        14      8.830135 [-9996.0180, 10014.1890]
offset_1        15     10.944625 [-9996.0180, 10014.1890]
offset_2        16      9.957966 [-9996.0180, 10014.1890]
offset_3        17     10.057580 [-9996.0180, 10014.1890]

----- dataset: RVdata                    ----- model: gp_multidimensional           
rot_amp         18      6.007962 [    0.0000,    10.0000]
con_amp         19      0.888743 [  -20.0000,    20.0000]

----- dataset:  BISdata
jitter_0        20      1.909225 [    0.0095,    95.0000]
offset_0        21    -73.559092 [-10078.4500,  9961.4333]
offset_1        22    -43.649554 [-10078.4500,  9961.4333]
offset_2        23    -52.411246 [-10078.4500,  9961.4333]
offset_3        24    -59.774124 [-10078.4500,  9961.4333]

----- dataset: BISdata                   ----- model: gp_multidimensional           
rot_amp         25     -0.487523 [  -10.0000,    10.0000]
con_amp         26     -0.089948 [  -20.0000,    20.0000]

----- dataset:  FWHMdata
jitter_0        27      0.564627 [    0.0500,   500.0000]
offset_0        28   6693.267230 [-3321.0090, 16950.9434]
offset_1        29   6939.365448 [-3321.0090, 16950.9434]
offset_2        30   6856.650804 [-3321.0090, 16950.9434]
offset_3        31   6895.436968 [-3321.0090, 16950.9434]

----- dataset: FWHMdata                  ----- model: gp_multidimensional           
rot_amp         32      3.590503 [  -10.0000,    10.0000]
con_amp         33     -4.156892 [  -20.0000,    20.0000]

----- common model:  b
P                0      1.488881 [    0.3785,     6.6439]
K                1     -0.664574 [   -9.9658,     3.3219]
sre_coso         2      0.066368 [   -1.0000,     1.0000]
sre_sino         3      0.336165 [   -1.0000,     1.0000]
mean_long        4    283.067607 [   87.7889,   447.7889]

----- common model:  c
P                5      0.611121 [    0.3785,     6.6439]
K                6     -0.832002 [   -9.9658,     3.3219]
sre_coso         7      0.009285 [   -1.0000,     1.0000]
sre_sino         8      0.045262 [   -1.0000,     1.0000]
mean_long        9    308.349756 [  128.0377,   488.0377]

----- common model:  activity
Prot            10     27.699267 [   20.0000,    35.0000]
Pdec            11     32.092140 [   30.0000,  1000.0000]
Oamp            12     -1.312089 [   -6.6439,     0.0000]

----- common model:  star_parameters

====================================================================================================
     Statistics on the model parameters obtained from the posteriors samples     
====================================================================================================

----- dataset:  RVdata
jitter_0              1.310766 
offset_0              8.830135 
offset_1             10.944625 
offset_2              9.957966 
offset_3             10.057580 


----- dataset: RVdata                    ----- model: gp_multidimensional           
rot_amp               6.007962 
con_amp               0.888743 

----- dataset:  BISdata
jitter_0              1.909225 
offset_0            -73.559092 
offset_1            -43.649554 
offset_2            -52.411246 
offset_3            -59.774124 


----- dataset: BISdata                   ----- model: gp_multidimensional           
rot_amp              -0.487523 
con_amp              -0.089948 

----- dataset:  FWHMdata
jitter_0              0.564627 
offset_0           6693.267230 
offset_1           6939.365448 
offset_2           6856.650804 
offset_3           6895.436968 


----- dataset: FWHMdata                  ----- model: gp_multidimensional           
rot_amp               3.590503 
con_amp              -4.156892 

----- common model:  b
P                     2.806713 
K                     0.630875 
mean_long           283.067607 
e                     0.117412 
omega                78.831963 

----- common model:  c
P                     1.527446 
K                     0.561749 
mean_long           308.349756 
e                     0.002135 
omega                78.407545 

----- common model:  activity
Prot                 27.699267 
Pdec                 32.092140 
Oamp                  0.402737 

----- common model:  star_parameters

====================================================================================================
     Statistics on the derived parameters obtained from the posteriors samples     
====================================================================================================

----- common model:  b
Inclination fixed to 90 deg!
a_Rs                  8.369803 
M_Mj                  0.004347 
M_Me                  1.382012 
Tc                59335.982977 
a_AU_(M)              0.038940 
a_AU_(rho,R)          0.038940 

----- common model:  c
Inclination fixed to 90 deg!
a_Rs                  5.579047 
M_Mj                  0.003182 
M_Me                  1.011689 
Tc                59335.300984 
a_AU_(M)              0.025956 
a_AU_(rho,R)          0.025956 


====================================================================================================
     ------------------------------------------------------------------------------------------     
====================================================================================================



****************************************************************************************************

Inclination fixed to 90 deg!
Inclination fixed to 90 deg!
Note: stellar density derived from stellar mass and radius

Inclination fixed to 90 deg!
Inclination fixed to 90 deg!
Inclination fixed to 90 deg!
Inclination fixed to 90 deg!
 Plot FLAT chain 

****************************************************************************************************

 Skipping full correlation plot due to the high number of parameters
 To avoid this behaviour, set the keyword parameters:force_full_correlation_plot to True

****************************************************************************************************

 Plotting the chains... 

****************************************************************************************************

 Plotting the Gelman-Rubin traces... 

     Gelman-Rubin:    13     1.009862 RVdata_jitter_0 
     Gelman-Rubin:    14     1.010516 RVdata_offset_0 
     Gelman-Rubin:    15     1.009235 RVdata_offset_1 
     Gelman-Rubin:    16     1.010155 RVdata_offset_2 
     Gelman-Rubin:    17     1.010431 RVdata_offset_3 
     Gelman-Rubin:    18     1.009296 RVdata_gp_multidimensional_rot_amp 
     Gelman-Rubin:    19     1.009980 RVdata_gp_multidimensional_con_amp 
     Gelman-Rubin:    20     1.008338 BISdata_jitter_0 
     Gelman-Rubin:    21     1.007791 BISdata_offset_0 
     Gelman-Rubin:    22     1.007488 BISdata_offset_1 
     Gelman-Rubin:    23     1.009337 BISdata_offset_2 
     Gelman-Rubin:    24     1.007089 BISdata_offset_3 
     Gelman-Rubin:    25     1.008986 BISdata_gp_multidimensional_rot_amp 
     Gelman-Rubin:    26     1.010937 BISdata_gp_multidimensional_con_amp 
     Gelman-Rubin:    27     1.008752 FWHMdata_jitter_0 
     Gelman-Rubin:    28     1.010637 FWHMdata_offset_0 
     Gelman-Rubin:    29     1.010869 FWHMdata_offset_1 
     Gelman-Rubin:    30     1.010473 FWHMdata_offset_2 
     Gelman-Rubin:    31     1.009407 FWHMdata_offset_3 
     Gelman-Rubin:    32     1.010747 FWHMdata_gp_multidimensional_rot_amp 
     Gelman-Rubin:    33     1.010252 FWHMdata_gp_multidimensional_con_amp 
     Gelman-Rubin:     0     1.023779 b_P 
     Gelman-Rubin:     1     1.107878 b_K 
     Gelman-Rubin:     2     1.007727 b_sre_coso 
     Gelman-Rubin:     3     1.009503 b_sre_sino 
     Gelman-Rubin:     4     1.008937 b_mean_long 
     Gelman-Rubin:     5     1.191166 c_P 
     Gelman-Rubin:     6     1.175129 c_K 
     Gelman-Rubin:     7     1.009102 c_sre_coso 
     Gelman-Rubin:     8     1.009494 c_sre_sino 
     Gelman-Rubin:     9     1.018008 c_mean_long 
     Gelman-Rubin:    10     1.007389 activity_Prot 
     Gelman-Rubin:    11     1.008430 activity_Pdec 
     Gelman-Rubin:    12     1.008574 activity_Oamp 

****************************************************************************************************

Plotting the common models corner plots
     Common model:  b
     Common model:  c
     Common model:  activity
     Common model:  star_parameters

****************************************************************************************************

Plotting the dataset + models corner plots 

     Dataset:  RVdata     model:  gp_multidimensional  corner plot  starting 
     Dataset:  RVdata     model:  gp_multidimensional  corner plot  done 
     Dataset:  RVdata     model:  radial_velocities_b  corner plot  starting 
     Dataset:  RVdata     model:  radial_velocities_b  corner plot  done 
     Dataset:  RVdata     model:  radial_velocities_c  corner plot  starting 
     Dataset:  RVdata     model:  radial_velocities_c  corner plot  done 
     Dataset:  BISdata     model:  gp_multidimensional  corner plot  starting 
     Dataset:  BISdata     model:  gp_multidimensional  corner plot  done 
     Dataset:  FWHMdata     model:  gp_multidimensional  corner plot  starting 
     Dataset:  FWHMdata     model:  gp_multidimensional  corner plot  done 

****************************************************************************************************

 Saving the planet parameter samplings to files (with plots)

****************************************************************************************************

 Saving all the parameter samplings to files (with plots)

****************************************************************************************************

 Computing the models for plot/data writing 
     Splitting the plot array to allow GP prediction of extended datasets, it may take a while...
     # 65 chunks of 100 times each
     Check the documentation if the code is taking too long or if it crashes...
     Splitting the plot array to allow GP prediction of extended datasets, it may take a while...
     # 39 chunks of 100 times each
     Check the documentation if the code is taking too long or if it crashes...
     Splitting the plot array to allow GP prediction of extended datasets, it may take a while...
     # 39 chunks of 100 times each
     Check the documentation if the code is taking too long or if it crashes...
     Splitting the plot array to allow GP prediction of extended datasets, it may take a while...
     # 65 chunks of 100 times each
     Check the documentation if the code is taking too long or if it crashes...
     Splitting the plot array to allow GP prediction of extended datasets, it may take a while...
     # 39 chunks of 100 times each
     Check the documentation if the code is taking too long or if it crashes...
     Splitting the plot array to allow GP prediction of extended datasets, it may take a while...
     # 39 chunks of 100 times each
     Check the documentation if the code is taking too long or if it crashes...
     Splitting the plot array to allow GP prediction of extended datasets, it may take a while...
     # 65 chunks of 100 times each
     Check the documentation if the code is taking too long or if it crashes...
     Splitting the plot array to allow GP prediction of extended datasets, it may take a while...
     # 39 chunks of 100 times each
     Check the documentation if the code is taking too long or if it crashes...
     Splitting the plot array to allow GP prediction of extended datasets, it may take a while...
     # 39 chunks of 100 times each
     Check the documentation if the code is taking too long or if it crashes...
 Writing the plots 
 Writing the   data files 
 Writing the  MAP_ data files 
 Writing the  sampleMED_ data files 

****************************************************************************************************

