
:::---::: PyORBIT v11.0.1 :::---:::

Python version in use:
3.10.18 (main, Jun  5 2025, 13:14:17) [GCC 11.2.0]

reloaded_optimize:  False
reloaded_pyde:  False
reloaded_emcee:  False

number of multiprocessing threads: 16
multiprocessing method (should be fork):  fork

parameters/safe_reload flag (must be True for tinygp):  False

Opening:  RVdata_expres
Opening:  RVdata_harps
Opening:  RVdata_neid
Opening:  FIESTAdata_expres_mode1
Opening:  FIESTAdata_expres_mode2
Opening:  FIESTAdata_harps_mode1
Opening:  FIESTAdata_harps_mode2
Opening:  FIESTAdata_harpsn_mode1
Opening:  FIESTAdata_harpsn_mode2
Opening:  FIESTAdata_neid_mode1
Opening:  FIESTAdata_neid_mode2

gp_multidimensional  S+LEAF model, number of harmonics: 4

GP model: gp_multidimensional  hyperparameters_condition:    True
GP model: gp_multidimensional  rotation_decay_condition:     True

====================================================================================================
     Ids, spaces (s), boundaries (b) and priors (p) of the sampler parameters     
====================================================================================================

----- dataset:  RVdata_expres
jitter_0      id:   3  s:Linear      b:[      0.0010,      11.5000]   p:Uniform   []
offset_0      id:   4  s:Linear      b:[  -9997.8210,   10014.4770]   p:Uniform   []

----- dataset: RVdata_expres             ----- model: gp_multidimensional           
rot_amp       id:   5  s:Linear      b:[      0.0000,      10.0000]   p:Uniform   []
con_amp       id:   6  s:Linear      b:[    -20.0000,      20.0000]   p:Uniform   []

----- dataset:  RVdata_harps
jitter_0      id:   7  s:Linear      b:[      0.0009,      13.3000]   p:Uniform   []
offset_0      id:   8  s:Linear      b:[  -9996.1123,   10015.3455]   p:Uniform   []
offset_1      id:   9  s:Linear      b:[  -9996.1123,   10015.3455]   p:Uniform   []

----- dataset: RVdata_harps              ----- model: gp_multidimensional           
rot_amp       id:  10  s:Linear      b:[      0.0000,      10.0000]   p:Uniform   []
con_amp       id:  11  s:Linear      b:[    -20.0000,      20.0000]   p:Uniform   []

----- dataset:  RVdata_neid
jitter_0      id:  12  s:Linear      b:[      0.0010,      12.2000]   p:Uniform   []
offset_0      id:  13  s:Linear      b:[  -9996.9356,   10015.5004]   p:Uniform   []

----- dataset: RVdata_neid               ----- model: gp_multidimensional           
rot_amp       id:  14  s:Linear      b:[      0.0000,      10.0000]   p:Uniform   []
con_amp       id:  15  s:Linear      b:[    -20.0000,      20.0000]   p:Uniform   []

----- dataset:  FIESTAdata_expres_mode1
jitter_0      id:  16  s:Linear      b:[      0.0017,      18.9426]   p:Uniform   []
offset_0      id:  17  s:Linear      b:[ -10002.2130,   10002.1618]   p:Uniform   []

----- dataset: FIESTAdata_expres_mode1   ----- model: gp_multidimensional           
rot_amp       id:  18  s:Linear      b:[    -10.0000,      10.0000]   p:Uniform   []
con_amp       id:  19  s:Linear      b:[    -20.0000,      20.0000]   p:Uniform   []

----- dataset:  FIESTAdata_expres_mode2
jitter_0      id:  20  s:Linear      b:[      0.0019,      21.7012]   p:Uniform   []
offset_0      id:  21  s:Linear      b:[ -10003.3445,   10002.7002]   p:Uniform   []

----- dataset: FIESTAdata_expres_mode2   ----- model: gp_multidimensional           
rot_amp       id:  22  s:Linear      b:[    -10.0000,      10.0000]   p:Uniform   []
con_amp       id:  23  s:Linear      b:[    -20.0000,      20.0000]   p:Uniform   []

----- dataset:  FIESTAdata_harps_mode1
jitter_0      id:  24  s:Linear      b:[      0.0013,      15.1700]   p:Uniform   []
offset_0      id:  25  s:Linear      b:[ -10001.0951,   10001.4773]   p:Uniform   []

----- dataset: FIESTAdata_harps_mode1    ----- model: gp_multidimensional           
rot_amp       id:  26  s:Linear      b:[    -10.0000,      10.0000]   p:Uniform   []
con_amp       id:  27  s:Linear      b:[    -20.0000,      20.0000]   p:Uniform   []

----- dataset:  FIESTAdata_harps_mode2
jitter_0      id:  28  s:Linear      b:[      0.0016,      17.9392]   p:Uniform   []
offset_0      id:  29  s:Linear      b:[ -10001.9722,   10002.0457]   p:Uniform   []

----- dataset: FIESTAdata_harps_mode2    ----- model: gp_multidimensional           
rot_amp       id:  30  s:Linear      b:[    -10.0000,      10.0000]   p:Uniform   []
con_amp       id:  31  s:Linear      b:[    -20.0000,      20.0000]   p:Uniform   []

----- dataset:  FIESTAdata_harpsn_mode1
jitter_0      id:  32  s:Linear      b:[      0.0010,      12.1173]   p:Uniform   []
offset_0      id:  33  s:Linear      b:[ -10003.2049,   10003.1077]   p:Uniform   []

----- dataset: FIESTAdata_harpsn_mode1   ----- model: gp_multidimensional           
rot_amp       id:  34  s:Linear      b:[    -10.0000,      10.0000]   p:Uniform   []
con_amp       id:  35  s:Linear      b:[    -20.0000,      20.0000]   p:Uniform   []

----- dataset:  FIESTAdata_harpsn_mode2
jitter_0      id:  36  s:Linear      b:[      0.0011,      14.0174]   p:Uniform   []
offset_0      id:  37  s:Linear      b:[ -10003.3816,   10003.8502]   p:Uniform   []

----- dataset: FIESTAdata_harpsn_mode2   ----- model: gp_multidimensional           
rot_amp       id:  38  s:Linear      b:[    -10.0000,      10.0000]   p:Uniform   []
con_amp       id:  39  s:Linear      b:[    -20.0000,      20.0000]   p:Uniform   []

----- dataset:  FIESTAdata_neid_mode1
jitter_0      id:  40  s:Linear      b:[      0.0016,      19.0220]   p:Uniform   []
offset_0      id:  41  s:Linear      b:[ -10001.7697,   10001.9115]   p:Uniform   []

----- dataset: FIESTAdata_neid_mode1     ----- model: gp_multidimensional           
rot_amp       id:  42  s:Linear      b:[    -10.0000,      10.0000]   p:Uniform   []
con_amp       id:  43  s:Linear      b:[    -20.0000,      20.0000]   p:Uniform   []

----- dataset:  FIESTAdata_neid_mode2
jitter_0      id:  44  s:Linear      b:[      0.0020,      22.9785]   p:Uniform   []
offset_0      id:  45  s:Linear      b:[ -10002.4417,   10003.1502]   p:Uniform   []

----- dataset: FIESTAdata_neid_mode2     ----- model: gp_multidimensional           
rot_amp       id:  46  s:Linear      b:[    -10.0000,      10.0000]   p:Uniform   []
con_amp       id:  47  s:Linear      b:[    -20.0000,      20.0000]   p:Uniform   []

----- common model:  activity
Prot          id:   0  s:Linear      b:[     20.0000,      35.0000]   p:Gaussian   [28.   0.5]
Pdec          id:   1  s:Linear      b:[     30.0000,    1000.0000]   p:Uniform   []
Oamp          id:   2  s:Log_Base2   b:[     -6.6439,       0.0000]   p:Gaussian   [0.35  0.035]

----- common model:  star_parameters
mass          derived (no id, space, bound)                           p:Gaussian   [1.e+00 1.e-06]
radius        derived (no id, space, bound)                           p:Gaussian   [1.e+00 1.e-06]
density       derived (no id, space, bound)                           p:Gaussian   [1.e+00 1.e-06]

Include priors:  True

Reference Time Tref:  59334.700184

Dimensions =  48
Nwalkers =  192

Using threading pool for PyDE: True
PyDE running
Boundaries redefined after PyDE output
PyDE completed, it took        291.3 seconds

====================================================================================================
     Starting point of the sample/optimization routines    
====================================================================================================

----- dataset:  RVdata_expres
jitter_0         3      1.022164 [    0.0010,    11.5000]
offset_0         4      7.799996 [-9997.8210, 10014.4770]

----- dataset: RVdata_expres             ----- model: gp_multidimensional           
rot_amp          5      1.783620 [    0.0000,    10.0000]
con_amp          6      3.471332 [  -20.0000,    20.0000]

----- dataset:  RVdata_harps
jitter_0         7      1.098662 [    0.0009,    13.3000]
offset_0         8      8.507318 [-9996.1123, 10015.3455]
offset_1         9      8.762501 [-9996.1123, 10015.3455]

----- dataset: RVdata_harps              ----- model: gp_multidimensional           
rot_amp         10      0.000355 [    0.0000,    10.0000]
con_amp         11      2.538966 [  -20.0000,    20.0000]

----- dataset:  RVdata_neid
jitter_0        12      1.219153 [    0.0010,    12.2000]
offset_0        13      8.880560 [-9996.9356, 10015.5004]

----- dataset: RVdata_neid               ----- model: gp_multidimensional           
rot_amp         14      1.675399 [    0.0000,    10.0000]
con_amp         15      2.754735 [  -20.0000,    20.0000]

----- dataset:  FIESTAdata_expres_mode1
jitter_0        16      0.996548 [    0.0017,    18.9426]
offset_0        17     -0.049543 [-10002.2130, 10002.1618]

----- dataset: FIESTAdata_expres_mode1   ----- model: gp_multidimensional           
rot_amp         18     -1.674949 [  -10.0000,    10.0000]
con_amp         19      0.053139 [  -20.0000,    20.0000]

----- dataset:  FIESTAdata_expres_mode2
jitter_0        20      1.298915 [    0.0019,    21.7012]
offset_0        21     -0.089908 [-10003.3445, 10002.7002]

----- dataset: FIESTAdata_expres_mode2   ----- model: gp_multidimensional           
rot_amp         22      0.640509 [  -10.0000,    10.0000]
con_amp         23     -0.399506 [  -20.0000,    20.0000]

----- dataset:  FIESTAdata_harps_mode1
jitter_0        24      0.664642 [    0.0013,    15.1700]
offset_0        25     -1.462546 [-10001.0951, 10001.4773]

----- dataset: FIESTAdata_harps_mode1    ----- model: gp_multidimensional           
rot_amp         26     -0.021110 [  -10.0000,    10.0000]
con_amp         27     -1.597373 [  -20.0000,    20.0000]

----- dataset:  FIESTAdata_harps_mode2
jitter_0        28      1.054965 [    0.0016,    17.9392]
offset_0        29      2.704587 [-10001.9722, 10002.0457]

----- dataset: FIESTAdata_harps_mode2    ----- model: gp_multidimensional           
rot_amp         30      0.515310 [  -10.0000,    10.0000]
con_amp         31      2.934151 [  -20.0000,    20.0000]

----- dataset:  FIESTAdata_harpsn_mode1
jitter_0        32      0.975526 [    0.0010,    12.1173]
offset_0        33     -0.278477 [-10003.2049, 10003.1077]

----- dataset: FIESTAdata_harpsn_mode1   ----- model: gp_multidimensional           
rot_amp         34     -5.029369 [  -10.0000,    10.0000]
con_amp         35     -0.234908 [  -20.0000,    20.0000]

----- dataset:  FIESTAdata_harpsn_mode2
jitter_0        36      1.189568 [    0.0011,    14.0174]
offset_0        37      0.243439 [-10003.3816, 10003.8502]

----- dataset: FIESTAdata_harpsn_mode2   ----- model: gp_multidimensional           
rot_amp         38      5.131473 [  -10.0000,    10.0000]
con_amp         39      0.059705 [  -20.0000,    20.0000]

----- dataset:  FIESTAdata_neid_mode1
jitter_0        40      0.756931 [    0.0016,    19.0220]
offset_0        41      0.038115 [-10001.7697, 10001.9115]

----- dataset: FIESTAdata_neid_mode1     ----- model: gp_multidimensional           
rot_amp         42      0.993497 [  -10.0000,    10.0000]
con_amp         43      0.015593 [  -20.0000,    20.0000]

----- dataset:  FIESTAdata_neid_mode2
jitter_0        44      1.204220 [    0.0020,    22.9785]
offset_0        45     -0.115700 [-10002.4417, 10003.1502]

----- dataset: FIESTAdata_neid_mode2     ----- model: gp_multidimensional           
rot_amp         46     -2.186256 [  -10.0000,    10.0000]
con_amp         47     -0.189517 [  -20.0000,    20.0000]

----- common model:  activity
Prot             0     27.727644 [   20.0000,    35.0000]
Pdec             1     30.003018 [   30.0000,  1000.0000]
Oamp             2     -1.514151 [   -6.6439,     0.0000]

----- common model:  star_parameters

====================================================================================================
     Starting point projected onto the model parameter space     
====================================================================================================

----- dataset:  RVdata_expres
jitter_0              1.022164 
offset_0              7.799996 


----- dataset: RVdata_expres             ----- model: gp_multidimensional           
rot_amp               1.783620 
con_amp               3.471332 

----- dataset:  RVdata_harps
jitter_0              1.098662 
offset_0              8.507318 
offset_1              8.762501 


----- dataset: RVdata_harps              ----- model: gp_multidimensional           
rot_amp               0.000355 
con_amp               2.538966 

----- dataset:  RVdata_neid
jitter_0              1.219153 
offset_0              8.880560 


----- dataset: RVdata_neid               ----- model: gp_multidimensional           
rot_amp               1.675399 
con_amp               2.754735 

----- dataset:  FIESTAdata_expres_mode1
jitter_0              0.996548 
offset_0             -0.049543 


----- dataset: FIESTAdata_expres_mode1   ----- model: gp_multidimensional           
rot_amp              -1.674949 
con_amp               0.053139 

----- dataset:  FIESTAdata_expres_mode2
jitter_0              1.298915 
offset_0             -0.089908 


----- dataset: FIESTAdata_expres_mode2   ----- model: gp_multidimensional           
rot_amp               0.640509 
con_amp              -0.399506 

----- dataset:  FIESTAdata_harps_mode1
jitter_0              0.664642 
offset_0             -1.462546 


----- dataset: FIESTAdata_harps_mode1    ----- model: gp_multidimensional           
rot_amp              -0.021110 
con_amp              -1.597373 

----- dataset:  FIESTAdata_harps_mode2
jitter_0              1.054965 
offset_0              2.704587 


----- dataset: FIESTAdata_harps_mode2    ----- model: gp_multidimensional           
rot_amp               0.515310 
con_amp               2.934151 

----- dataset:  FIESTAdata_harpsn_mode1
jitter_0              0.975526 
offset_0             -0.278477 


----- dataset: FIESTAdata_harpsn_mode1   ----- model: gp_multidimensional           
rot_amp              -5.029369 
con_amp              -0.234908 

----- dataset:  FIESTAdata_harpsn_mode2
jitter_0              1.189568 
offset_0              0.243439 


----- dataset: FIESTAdata_harpsn_mode2   ----- model: gp_multidimensional           
rot_amp               5.131473 
con_amp               0.059705 

----- dataset:  FIESTAdata_neid_mode1
jitter_0              0.756931 
offset_0              0.038115 


----- dataset: FIESTAdata_neid_mode1     ----- model: gp_multidimensional           
rot_amp               0.993497 
con_amp               0.015593 

----- dataset:  FIESTAdata_neid_mode2
jitter_0              1.204220 
offset_0             -0.115700 


----- dataset: FIESTAdata_neid_mode2     ----- model: gp_multidimensional           
rot_amp              -2.186256 
con_amp              -0.189517 

----- common model:  activity
Prot                 27.727644 
Pdec                 30.003018 
Oamp                  0.350102 

----- common model:  star_parameters

====================================================================================================
     Derived parameters obtained from starting point     
====================================================================================================


====================================================================================================
     Statistics on the log-likelihood     
====================================================================================================

 LN probability: -1523.939678 

====================================================================================================
     ------------------------------------------------------------------------------------------     
====================================================================================================



*************************************************************

Running emcee

emcee version:  3.1.6
Using threading pool for emcee: True

Saving temporary steps


Computing the autocorrelation time of the chains

***** WARNING ******
The integrated autocorrelation time cannot be reliably estimated
likely the chains are too short, and ACF analysis is not fully reliable
emcee.autocorr.integrated_time tolerance lowered to 20
If you still get a warning, you should drop these results entirely
Chains too short to apply convergence criteria
They should be at least 21350*nthin = 213500

====================================================================================================
     Statistics on the posterior of the sampler parameters     
====================================================================================================

----- dataset:  RVdata_expres
jitter_0         3         1.022       -0.086        0.093   (15-84 p)   [    0.0010,    11.5000]
offset_0         4           9.1         -3.8          4.2   (15-84 p)   [-9997.8210, 10014.4770]

----- dataset: RVdata_expres             ----- model: gp_multidimensional           
rot_amp          5           4.0         -2.3          2.6   (15-84 p)   [    0.0000,    10.0000]
con_amp          6           8.7         -2.1          3.2   (15-84 p)   [  -20.0000,    20.0000]

----- dataset:  RVdata_harps
jitter_0         7         1.132       -0.086        0.095   (15-84 p)   [    0.0009,    13.3000]
offset_0         8           9.4         -2.7          3.0   (15-84 p)   [-9996.1123, 10015.3455]
offset_1         9           9.7         -2.7          3.0   (15-84 p)   [-9996.1123, 10015.3455]

----- dataset: RVdata_harps              ----- model: gp_multidimensional           
rot_amp         10          0.63        -0.48         1.00   (15-84 p)   [    0.0000,    10.0000]
con_amp         11           6.2         -1.5          2.2   (15-84 p)   [  -20.0000,    20.0000]

----- dataset:  RVdata_neid
jitter_0        12          1.24        -0.10         0.12   (15-84 p)   [    0.0010,    12.2000]
offset_0        13           9.9         -2.9          3.3   (15-84 p)   [-9996.9356, 10015.5004]

----- dataset: RVdata_neid               ----- model: gp_multidimensional           
rot_amp         14           4.8         -2.6          3.1   (15-84 p)   [    0.0000,    10.0000]
con_amp         15           6.8         -1.6          2.6   (15-84 p)   [  -20.0000,    20.0000]

----- dataset:  FIESTAdata_expres_mode1
jitter_0        16         1.019       -0.076        0.085   (15-84 p)   [    0.0017,    18.9426]
offset_0        17         -0.02        -0.17         0.19   (15-84 p)   [-10002.2130, 10002.1618]

----- dataset: FIESTAdata_expres_mode1   ----- model: gp_multidimensional           
rot_amp         18          -3.9         -2.5          2.0   (15-84 p)   [  -10.0000,    10.0000]
con_amp         19          0.11        -0.36         0.37   (15-84 p)   [  -20.0000,    20.0000]

----- dataset:  FIESTAdata_expres_mode2
jitter_0        20         1.328       -0.098         0.11   (15-84 p)   [    0.0019,    21.7012]
offset_0        21         -0.22        -0.57         0.41   (15-84 p)   [-10003.3445, 10002.7002]

----- dataset: FIESTAdata_expres_mode2   ----- model: gp_multidimensional           
rot_amp         22           1.6         -2.4          2.7   (15-84 p)   [  -10.0000,    10.0000]
con_amp         23         -1.00        -0.61         0.46   (15-84 p)   [  -20.0000,    20.0000]

----- dataset:  FIESTAdata_harps_mode1
jitter_0        24          0.75        -0.12         0.15   (15-84 p)   [    0.0013,    15.1700]
offset_0        25          -0.8         -2.7          1.5   (15-84 p)   [-10001.0951, 10001.4773]

----- dataset: FIESTAdata_harps_mode1    ----- model: gp_multidimensional           
rot_amp         26          -1.0         -4.1          3.4   (15-84 p)   [  -10.0000,    10.0000]
con_amp         27          -2.7         -3.6          3.5   (15-84 p)   [  -20.0000,    20.0000]

----- dataset:  FIESTAdata_harps_mode2
jitter_0        28          1.20        -0.19         0.23   (15-84 p)   [    0.0016,    17.9392]
offset_0        29           1.7         -2.3          4.5   (15-84 p)   [-10001.9722, 10002.0457]

----- dataset: FIESTAdata_harps_mode2    ----- model: gp_multidimensional           
rot_amp         30           2.3         -4.9          4.5   (15-84 p)   [  -10.0000,    10.0000]
con_amp         31           5.1         -5.2          5.5   (15-84 p)   [  -20.0000,    20.0000]

----- dataset:  FIESTAdata_harpsn_mode1
jitter_0        32         1.066       -0.094         0.11   (15-84 p)   [    0.0010,    12.1173]
offset_0        33         -0.20        -0.31         0.23   (15-84 p)   [-10003.2049, 10003.1077]

----- dataset: FIESTAdata_harpsn_mode1   ----- model: gp_multidimensional           
rot_amp         34          -8.5         -1.1          1.7   (15-84 p)   [  -10.0000,    10.0000]
con_amp         35         -0.41        -0.39         0.39   (15-84 p)   [  -20.0000,    20.0000]

----- dataset:  FIESTAdata_harpsn_mode2
jitter_0        36          1.28        -0.11         0.12   (15-84 p)   [    0.0011,    14.0174]
offset_0        37          0.12        -0.26         0.24   (15-84 p)   [-10003.3816, 10003.8502]

----- dataset: FIESTAdata_harpsn_mode2   ----- model: gp_multidimensional           
rot_amp         38           8.3         -2.0          1.2   (15-84 p)   [  -10.0000,    10.0000]
con_amp         39         -0.05        -0.47         0.44   (15-84 p)   [  -20.0000,    20.0000]

----- dataset:  FIESTAdata_neid_mode1
jitter_0        40         0.784       -0.065        0.073   (15-84 p)   [    0.0016,    19.0220]
offset_0        41          0.03        -0.15         0.15   (15-84 p)   [-10001.7697, 10001.9115]

----- dataset: FIESTAdata_neid_mode1     ----- model: gp_multidimensional           
rot_amp         42           1.7         -1.7          1.8   (15-84 p)   [  -10.0000,    10.0000]
con_amp         43          0.04        -0.26         0.29   (15-84 p)   [  -20.0000,    20.0000]

----- dataset:  FIESTAdata_neid_mode2
jitter_0        44          1.26        -0.11         0.12   (15-84 p)   [    0.0020,    22.9785]
offset_0        45         -0.13        -0.36         0.27   (15-84 p)   [-10002.4417, 10003.1502]

----- dataset: FIESTAdata_neid_mode2     ----- model: gp_multidimensional           
rot_amp         46          -3.6         -2.9          2.7   (15-84 p)   [  -10.0000,    10.0000]
con_amp         47         -0.50        -0.49         0.41   (15-84 p)   [  -20.0000,    20.0000]

----- common model:  activity
Prot             0         28.04        -0.60         0.50   (15-84 p)   [   20.0000,    35.0000]
Pdec             1            54          -17           24   (15-84 p)   [   30.0000,  1000.0000]
Oamp             2         -1.41        -0.14         0.12   (15-84 p)   [   -6.6439,     0.0000]

----- common model:  star_parameters

====================================================================================================
     Statistics on the model parameters obtained from the posteriors samples     
====================================================================================================

----- dataset:  RVdata_expres
jitter_0                 1.022       -0.086        0.093    (15-84 p)
offset_0                   9.1         -3.8          4.2    (15-84 p)


----- dataset: RVdata_expres             ----- model: gp_multidimensional           
rot_amp                    4.0         -2.3          2.6    (15-84 p)
con_amp                    8.7         -2.1          3.2    (15-84 p)

----- dataset:  RVdata_harps
jitter_0                 1.132       -0.086        0.095    (15-84 p)
offset_0                   9.4         -2.7          3.0    (15-84 p)
offset_1                   9.7         -2.7          3.0    (15-84 p)


----- dataset: RVdata_harps              ----- model: gp_multidimensional           
rot_amp                   0.63        -0.48         1.00    (15-84 p)
con_amp                    6.2         -1.5          2.2    (15-84 p)

----- dataset:  RVdata_neid
jitter_0                  1.24        -0.10         0.12    (15-84 p)
offset_0                   9.9         -2.9          3.3    (15-84 p)


----- dataset: RVdata_neid               ----- model: gp_multidimensional           
rot_amp                    4.8         -2.6          3.1    (15-84 p)
con_amp                    6.8         -1.6          2.6    (15-84 p)

----- dataset:  FIESTAdata_expres_mode1
jitter_0                 1.019       -0.076        0.085    (15-84 p)
offset_0                 -0.02        -0.17         0.19    (15-84 p)


----- dataset: FIESTAdata_expres_mode1   ----- model: gp_multidimensional           
rot_amp                   -3.9         -2.5          2.0    (15-84 p)
con_amp                   0.11        -0.36         0.37    (15-84 p)

----- dataset:  FIESTAdata_expres_mode2
jitter_0                 1.328       -0.098         0.11    (15-84 p)
offset_0                 -0.22        -0.57         0.41    (15-84 p)


----- dataset: FIESTAdata_expres_mode2   ----- model: gp_multidimensional           
rot_amp                    1.6         -2.4          2.7    (15-84 p)
con_amp                  -1.00        -0.61         0.46    (15-84 p)

----- dataset:  FIESTAdata_harps_mode1
jitter_0                  0.75        -0.12         0.15    (15-84 p)
offset_0                  -0.8         -2.7          1.5    (15-84 p)


----- dataset: FIESTAdata_harps_mode1    ----- model: gp_multidimensional           
rot_amp                   -1.0         -4.1          3.4    (15-84 p)
con_amp                   -2.7         -3.6          3.5    (15-84 p)

----- dataset:  FIESTAdata_harps_mode2
jitter_0                  1.20        -0.19         0.23    (15-84 p)
offset_0                   1.7         -2.3          4.5    (15-84 p)


----- dataset: FIESTAdata_harps_mode2    ----- model: gp_multidimensional           
rot_amp                    2.3         -4.9          4.5    (15-84 p)
con_amp                    5.1         -5.2          5.5    (15-84 p)

----- dataset:  FIESTAdata_harpsn_mode1
jitter_0                 1.066       -0.094         0.11    (15-84 p)
offset_0                 -0.20        -0.31         0.23    (15-84 p)


----- dataset: FIESTAdata_harpsn_mode1   ----- model: gp_multidimensional           
rot_amp                   -8.5         -1.1          1.7    (15-84 p)
con_amp                  -0.41        -0.39         0.39    (15-84 p)

----- dataset:  FIESTAdata_harpsn_mode2
jitter_0                  1.28        -0.11         0.12    (15-84 p)
offset_0                  0.12        -0.26         0.24    (15-84 p)


----- dataset: FIESTAdata_harpsn_mode2   ----- model: gp_multidimensional           
rot_amp                    8.3         -2.0          1.2    (15-84 p)
con_amp                  -0.05        -0.47         0.44    (15-84 p)

----- dataset:  FIESTAdata_neid_mode1
jitter_0                 0.784       -0.065        0.073    (15-84 p)
offset_0                  0.03        -0.15         0.15    (15-84 p)


----- dataset: FIESTAdata_neid_mode1     ----- model: gp_multidimensional           
rot_amp                    1.7         -1.7          1.8    (15-84 p)
con_amp                   0.04        -0.26         0.29    (15-84 p)

----- dataset:  FIESTAdata_neid_mode2
jitter_0                  1.26        -0.11         0.12    (15-84 p)
offset_0                 -0.13        -0.36         0.27    (15-84 p)


----- dataset: FIESTAdata_neid_mode2     ----- model: gp_multidimensional           
rot_amp                   -3.6         -2.9          2.7    (15-84 p)
con_amp                  -0.50        -0.49         0.41    (15-84 p)

----- common model:  activity
Prot                     28.04        -0.60         0.50    (15-84 p)
Pdec                        54          -17           24    (15-84 p)
Oamp                     0.377       -0.035        0.034    (15-84 p)

----- common model:  star_parameters

====================================================================================================
     Statistics on the derived parameters obtained from the posteriors samples     
====================================================================================================


====================================================================================================
     ------------------------------------------------------------------------------------------     
====================================================================================================



35000.0   steps completed, average lnprob:,  -1561.1516642184763


Computing the autocorrelation time of the chains

***** WARNING ******
The integrated autocorrelation time cannot be reliably estimated
likely the chains are too short, and ACF analysis is not fully reliable
emcee.autocorr.integrated_time tolerance lowered to 20
If you still get a warning, you should drop these results entirely
Chains too short to apply convergence criteria
They should be at least 35700*nthin = 357000

====================================================================================================
     Statistics on the posterior of the sampler parameters     
====================================================================================================

----- dataset:  RVdata_expres
jitter_0         3         1.016       -0.087        0.094   (15-84 p)   [    0.0010,    11.5000]
offset_0         4           9.2         -4.1          4.5   (15-84 p)   [-9997.8210, 10014.4770]

----- dataset: RVdata_expres             ----- model: gp_multidimensional           
rot_amp          5           4.1         -2.4          2.8   (15-84 p)   [    0.0000,    10.0000]
con_amp          6           9.5         -2.4          3.6   (15-84 p)   [  -20.0000,    20.0000]

----- dataset:  RVdata_harps
jitter_0         7         1.136       -0.084        0.093   (15-84 p)   [    0.0009,    13.3000]
offset_0         8           9.5         -3.0          3.2   (15-84 p)   [-9996.1123, 10015.3455]
offset_1         9           9.7         -3.0          3.2   (15-84 p)   [-9996.1123, 10015.3455]

----- dataset: RVdata_harps              ----- model: gp_multidimensional           
rot_amp         10          0.75        -0.56          1.3   (15-84 p)   [    0.0000,    10.0000]
con_amp         11           6.7         -1.7          2.5   (15-84 p)   [  -20.0000,    20.0000]

----- dataset:  RVdata_neid
jitter_0        12          1.24        -0.10         0.12   (15-84 p)   [    0.0010,    12.2000]
offset_0        13          10.0         -3.2          3.5   (15-84 p)   [-9996.9356, 10015.5004]

----- dataset: RVdata_neid               ----- model: gp_multidimensional           
rot_amp         14           5.1         -2.9          3.0   (15-84 p)   [    0.0000,    10.0000]
con_amp         15           7.4         -1.9          2.8   (15-84 p)   [  -20.0000,    20.0000]

----- dataset:  FIESTAdata_expres_mode1
jitter_0        16         1.019       -0.076        0.087   (15-84 p)   [    0.0017,    18.9426]
offset_0        17         -0.02        -0.19         0.20   (15-84 p)   [-10002.2130, 10002.1618]

----- dataset: FIESTAdata_expres_mode1   ----- model: gp_multidimensional           
rot_amp         18          -4.2         -2.6          2.1   (15-84 p)   [  -10.0000,    10.0000]
con_amp         19          0.09        -0.39         0.40   (15-84 p)   [  -20.0000,    20.0000]

----- dataset:  FIESTAdata_expres_mode2
jitter_0        20         1.329       -0.097         0.11   (15-84 p)   [    0.0019,    21.7012]
offset_0        21         -0.21        -0.58         0.43   (15-84 p)   [-10003.3445, 10002.7002]

----- dataset: FIESTAdata_expres_mode2   ----- model: gp_multidimensional           
rot_amp         22           1.9         -2.6          2.9   (15-84 p)   [  -10.0000,    10.0000]
con_amp         23         -1.03        -0.65         0.50   (15-84 p)   [  -20.0000,    20.0000]

----- dataset:  FIESTAdata_harps_mode1
jitter_0        24          0.75        -0.12         0.15   (15-84 p)   [    0.0013,    15.1700]
offset_0        25          -0.5         -2.8          1.5   (15-84 p)   [-10001.0951, 10001.4773]

----- dataset: FIESTAdata_harps_mode1    ----- model: gp_multidimensional           
rot_amp         26          -1.7         -4.2          3.9   (15-84 p)   [  -10.0000,    10.0000]
con_amp         27          -2.2         -3.8          3.7   (15-84 p)   [  -20.0000,    20.0000]

----- dataset:  FIESTAdata_harps_mode2
jitter_0        28          1.20        -0.18         0.23   (15-84 p)   [    0.0016,    17.9392]
offset_0        29           1.4         -2.3          4.7   (15-84 p)   [-10001.9722, 10002.0457]

----- dataset: FIESTAdata_harps_mode2    ----- model: gp_multidimensional           
rot_amp         30           2.8         -5.3          4.5   (15-84 p)   [  -10.0000,    10.0000]
con_amp         31           4.8         -5.5          5.7   (15-84 p)   [  -20.0000,    20.0000]

----- dataset:  FIESTAdata_harpsn_mode1
jitter_0        32         1.081       -0.094         0.10   (15-84 p)   [    0.0010,    12.1173]
offset_0        33         -0.18        -0.32         0.24   (15-84 p)   [-10003.2049, 10003.1077]

----- dataset: FIESTAdata_harpsn_mode1   ----- model: gp_multidimensional           
rot_amp         34          -8.5         -1.1          1.8   (15-84 p)   [  -10.0000,    10.0000]
con_amp         35         -0.44        -0.43         0.43   (15-84 p)   [  -20.0000,    20.0000]

----- dataset:  FIESTAdata_harpsn_mode2
jitter_0        36          1.29        -0.11         0.12   (15-84 p)   [    0.0011,    14.0174]
offset_0        37          0.10        -0.27         0.25   (15-84 p)   [-10003.3816, 10003.8502]

----- dataset: FIESTAdata_harpsn_mode2   ----- model: gp_multidimensional           
rot_amp         38           8.3         -2.1          1.2   (15-84 p)   [  -10.0000,    10.0000]
con_amp         39         -0.05        -0.51         0.46   (15-84 p)   [  -20.0000,    20.0000]

----- dataset:  FIESTAdata_neid_mode1
jitter_0        40         0.789       -0.066        0.074   (15-84 p)   [    0.0016,    19.0220]
offset_0        41          0.03        -0.15         0.16   (15-84 p)   [-10001.7697, 10001.9115]

----- dataset: FIESTAdata_neid_mode1     ----- model: gp_multidimensional           
rot_amp         42           1.7         -1.8          1.9   (15-84 p)   [  -10.0000,    10.0000]
con_amp         43          0.05        -0.29         0.30   (15-84 p)   [  -20.0000,    20.0000]

----- dataset:  FIESTAdata_neid_mode2
jitter_0        44          1.26        -0.10         0.12   (15-84 p)   [    0.0020,    22.9785]
offset_0        45         -0.12        -0.38         0.29   (15-84 p)   [-10002.4417, 10003.1502]

----- dataset: FIESTAdata_neid_mode2     ----- model: gp_multidimensional           
rot_amp         46          -3.5         -3.0          2.8   (15-84 p)   [  -10.0000,    10.0000]
con_amp         47         -0.53        -0.54         0.45   (15-84 p)   [  -20.0000,    20.0000]

----- common model:  activity
Prot             0         28.12        -0.55         0.45   (15-84 p)   [   20.0000,    35.0000]
Pdec             1            61          -20           24   (15-84 p)   [   30.0000,  1000.0000]
Oamp             2         -1.40        -0.14         0.12   (15-84 p)   [   -6.6439,     0.0000]

----- common model:  star_parameters

====================================================================================================
     Statistics on the model parameters obtained from the posteriors samples     
====================================================================================================

----- dataset:  RVdata_expres
jitter_0                 1.016       -0.087        0.094    (15-84 p)
offset_0                   9.2         -4.1          4.5    (15-84 p)


----- dataset: RVdata_expres             ----- model: gp_multidimensional           
rot_amp                    4.1         -2.4          2.8    (15-84 p)
con_amp                    9.5         -2.4          3.6    (15-84 p)

----- dataset:  RVdata_harps
jitter_0                 1.136       -0.084        0.093    (15-84 p)
offset_0                   9.5         -3.0          3.2    (15-84 p)
offset_1                   9.7         -3.0          3.2    (15-84 p)


----- dataset: RVdata_harps              ----- model: gp_multidimensional           
rot_amp                   0.75        -0.56          1.3    (15-84 p)
con_amp                    6.7         -1.7          2.5    (15-84 p)

----- dataset:  RVdata_neid
jitter_0                  1.24        -0.10         0.12    (15-84 p)
offset_0                  10.0         -3.2          3.5    (15-84 p)


----- dataset: RVdata_neid               ----- model: gp_multidimensional           
rot_amp                    5.1         -2.9          3.0    (15-84 p)
con_amp                    7.4         -1.9          2.8    (15-84 p)

----- dataset:  FIESTAdata_expres_mode1
jitter_0                 1.019       -0.076        0.087    (15-84 p)
offset_0                 -0.02        -0.19         0.20    (15-84 p)


----- dataset: FIESTAdata_expres_mode1   ----- model: gp_multidimensional           
rot_amp                   -4.2         -2.6          2.1    (15-84 p)
con_amp                   0.09        -0.39         0.40    (15-84 p)

----- dataset:  FIESTAdata_expres_mode2
jitter_0                 1.329       -0.097         0.11    (15-84 p)
offset_0                 -0.21        -0.58         0.43    (15-84 p)


----- dataset: FIESTAdata_expres_mode2   ----- model: gp_multidimensional           
rot_amp                    1.9         -2.6          2.9    (15-84 p)
con_amp                  -1.03        -0.65         0.50    (15-84 p)

----- dataset:  FIESTAdata_harps_mode1
jitter_0                  0.75        -0.12         0.15    (15-84 p)
offset_0                  -0.5         -2.8          1.5    (15-84 p)


----- dataset: FIESTAdata_harps_mode1    ----- model: gp_multidimensional           
rot_amp                   -1.7         -4.2          3.9    (15-84 p)
con_amp                   -2.2         -3.8          3.7    (15-84 p)

----- dataset:  FIESTAdata_harps_mode2
jitter_0                  1.20        -0.18         0.23    (15-84 p)
offset_0                   1.4         -2.3          4.7    (15-84 p)


----- dataset: FIESTAdata_harps_mode2    ----- model: gp_multidimensional           
rot_amp                    2.8         -5.3          4.5    (15-84 p)
con_amp                    4.8         -5.5          5.7    (15-84 p)

----- dataset:  FIESTAdata_harpsn_mode1
jitter_0                 1.081       -0.094         0.10    (15-84 p)
offset_0                 -0.18        -0.32         0.24    (15-84 p)


----- dataset: FIESTAdata_harpsn_mode1   ----- model: gp_multidimensional           
rot_amp                   -8.5         -1.1          1.8    (15-84 p)
con_amp                  -0.44        -0.43         0.43    (15-84 p)

----- dataset:  FIESTAdata_harpsn_mode2
jitter_0                  1.29        -0.11         0.12    (15-84 p)
offset_0                  0.10        -0.27         0.25    (15-84 p)


----- dataset: FIESTAdata_harpsn_mode2   ----- model: gp_multidimensional           
rot_amp                    8.3         -2.1          1.2    (15-84 p)
con_amp                  -0.05        -0.51         0.46    (15-84 p)

----- dataset:  FIESTAdata_neid_mode1
jitter_0                 0.789       -0.066        0.074    (15-84 p)
offset_0                  0.03        -0.15         0.16    (15-84 p)


----- dataset: FIESTAdata_neid_mode1     ----- model: gp_multidimensional           
rot_amp                    1.7         -1.8          1.9    (15-84 p)
con_amp                   0.05        -0.29         0.30    (15-84 p)

----- dataset:  FIESTAdata_neid_mode2
jitter_0                  1.26        -0.10         0.12    (15-84 p)
offset_0                 -0.12        -0.38         0.29    (15-84 p)


----- dataset: FIESTAdata_neid_mode2     ----- model: gp_multidimensional           
rot_amp                   -3.5         -3.0          2.8    (15-84 p)
con_amp                  -0.53        -0.54         0.45    (15-84 p)

----- common model:  activity
Prot                     28.12        -0.55         0.45    (15-84 p)
Pdec                        61          -20           24    (15-84 p)
Oamp                     0.379       -0.036        0.034    (15-84 p)

----- common model:  star_parameters

====================================================================================================
     Statistics on the derived parameters obtained from the posteriors samples     
====================================================================================================


====================================================================================================
     ------------------------------------------------------------------------------------------     
====================================================================================================



70000.0   steps completed, average lnprob:,  -1560.9275403356978


emcee completed


:::---::: PyORBIT v11.0.1 :::---:::

Python version in use:
3.10.18 (main, Jun  5 2025, 13:14:17) [GCC 11.2.0]
LaTeX disabled by default

gp_multidimensional  S+LEAF model, number of harmonics: 4

GP model: gp_multidimensional  hyperparameters_condition:    True
GP model: gp_multidimensional  rotation_decay_condition:     True

### PyORBIT version used in the analysis:  11.0.1

 emcee version:  3.1.6

 Reference Time Tref: 59334.700184

 Data points:836
 Dimensions: 48
 Nwalkers:   192
 Steps:      70000


Number of samplings: 1056000

Recomputing ln-prior, it may take a while...

ln-probability   distribution:  -1560.44       -7.36      6.76 (15-84 p) 
ln-prior         distribution:   -226.33       -1.47      0.73 (15-84 p) 
ln-likelihood    distribution:  -1333.76       -7.30      6.73 (15-84 p) 


*** Information criteria using the likelihood distribution

 BIC from distribution  (using likelihood)  =   2990.50    -13.46   14.60 (15-84 p)
 AIC from distribution  (using likelihood)  =   2763.53    -13.46   14.60 (15-84 p)
 AICc from distribution (using likelihood)  =   2769.51    -13.46   14.60 (15-84 p)


*** Information criteria using the median parameter set

 ln_probability of Median solution =  -1550.48
 ln_priors of Median solution      =   -225.71
 ln_likelihood of Median solution  =  -1324.77

 Median BIC  (using likelihood) =   2972.51
 Median AIC  (using likelihood) =   2745.53
 Median AICc (using likelihood) =   2751.51


*** Information criteria using the MAP parameter set

 ln_probability of MAP solution =  -1536.53
 ln_priors of MAP solution      =   -225.43
 ln_likelihood of MAP solution  =  -1311.10

 MAP BIC  (using likelihood)    =   2945.17
 MAP AIC  (using likelihood)    =   2718.20
 MAP AICc (using likelihood)    =   2724.18

 AICc suggested over AIC because NDATA ( 836 ) < 40 * NDIM ( 48 )

****************************************************************************************************


Computing the autocorrelation time of the chains

***** WARNING ******
The integrated autocorrelation time cannot be reliably estimated
likely the chains are too short, and ACF analysis is not fully reliable
emcee.autocorr.integrated_time tolerance lowered to 20
If you still get a warning, you should drop these results entirely
Chains too short to apply convergence criteria
They should be at least 35700*nthin = 357000

 ACF computation failed, no plot will be generated 


====================================================================================================
     Ids, spaces (s), boundaries (b) and priors (p) of the sampler parameters     
====================================================================================================

----- dataset:  RVdata_expres
jitter_0      id:   3  s:Linear      b:[      0.0010,      11.5000]   p:Uniform   []
offset_0      id:   4  s:Linear      b:[  -9997.8210,   10014.4770]   p:Uniform   []

----- dataset: RVdata_expres             ----- model: gp_multidimensional           
rot_amp       id:   5  s:Linear      b:[      0.0000,      10.0000]   p:Uniform   []
con_amp       id:   6  s:Linear      b:[    -20.0000,      20.0000]   p:Uniform   []

----- dataset:  RVdata_harps
jitter_0      id:   7  s:Linear      b:[      0.0009,      13.3000]   p:Uniform   []
offset_0      id:   8  s:Linear      b:[  -9996.1123,   10015.3455]   p:Uniform   []
offset_1      id:   9  s:Linear      b:[  -9996.1123,   10015.3455]   p:Uniform   []

----- dataset: RVdata_harps              ----- model: gp_multidimensional           
rot_amp       id:  10  s:Linear      b:[      0.0000,      10.0000]   p:Uniform   []
con_amp       id:  11  s:Linear      b:[    -20.0000,      20.0000]   p:Uniform   []

----- dataset:  RVdata_neid
jitter_0      id:  12  s:Linear      b:[      0.0010,      12.2000]   p:Uniform   []
offset_0      id:  13  s:Linear      b:[  -9996.9356,   10015.5004]   p:Uniform   []

----- dataset: RVdata_neid               ----- model: gp_multidimensional           
rot_amp       id:  14  s:Linear      b:[      0.0000,      10.0000]   p:Uniform   []
con_amp       id:  15  s:Linear      b:[    -20.0000,      20.0000]   p:Uniform   []

----- dataset:  FIESTAdata_expres_mode1
jitter_0      id:  16  s:Linear      b:[      0.0017,      18.9426]   p:Uniform   []
offset_0      id:  17  s:Linear      b:[ -10002.2130,   10002.1618]   p:Uniform   []

----- dataset: FIESTAdata_expres_mode1   ----- model: gp_multidimensional           
rot_amp       id:  18  s:Linear      b:[    -10.0000,      10.0000]   p:Uniform   []
con_amp       id:  19  s:Linear      b:[    -20.0000,      20.0000]   p:Uniform   []

----- dataset:  FIESTAdata_expres_mode2
jitter_0      id:  20  s:Linear      b:[      0.0019,      21.7012]   p:Uniform   []
offset_0      id:  21  s:Linear      b:[ -10003.3445,   10002.7002]   p:Uniform   []

----- dataset: FIESTAdata_expres_mode2   ----- model: gp_multidimensional           
rot_amp       id:  22  s:Linear      b:[    -10.0000,      10.0000]   p:Uniform   []
con_amp       id:  23  s:Linear      b:[    -20.0000,      20.0000]   p:Uniform   []

----- dataset:  FIESTAdata_harps_mode1
jitter_0      id:  24  s:Linear      b:[      0.0013,      15.1700]   p:Uniform   []
offset_0      id:  25  s:Linear      b:[ -10001.0951,   10001.4773]   p:Uniform   []

----- dataset: FIESTAdata_harps_mode1    ----- model: gp_multidimensional           
rot_amp       id:  26  s:Linear      b:[    -10.0000,      10.0000]   p:Uniform   []
con_amp       id:  27  s:Linear      b:[    -20.0000,      20.0000]   p:Uniform   []

----- dataset:  FIESTAdata_harps_mode2
jitter_0      id:  28  s:Linear      b:[      0.0016,      17.9392]   p:Uniform   []
offset_0      id:  29  s:Linear      b:[ -10001.9722,   10002.0457]   p:Uniform   []

----- dataset: FIESTAdata_harps_mode2    ----- model: gp_multidimensional           
rot_amp       id:  30  s:Linear      b:[    -10.0000,      10.0000]   p:Uniform   []
con_amp       id:  31  s:Linear      b:[    -20.0000,      20.0000]   p:Uniform   []

----- dataset:  FIESTAdata_harpsn_mode1
jitter_0      id:  32  s:Linear      b:[      0.0010,      12.1173]   p:Uniform   []
offset_0      id:  33  s:Linear      b:[ -10003.2049,   10003.1077]   p:Uniform   []

----- dataset: FIESTAdata_harpsn_mode1   ----- model: gp_multidimensional           
rot_amp       id:  34  s:Linear      b:[    -10.0000,      10.0000]   p:Uniform   []
con_amp       id:  35  s:Linear      b:[    -20.0000,      20.0000]   p:Uniform   []

----- dataset:  FIESTAdata_harpsn_mode2
jitter_0      id:  36  s:Linear      b:[      0.0011,      14.0174]   p:Uniform   []
offset_0      id:  37  s:Linear      b:[ -10003.3816,   10003.8502]   p:Uniform   []

----- dataset: FIESTAdata_harpsn_mode2   ----- model: gp_multidimensional           
rot_amp       id:  38  s:Linear      b:[    -10.0000,      10.0000]   p:Uniform   []
con_amp       id:  39  s:Linear      b:[    -20.0000,      20.0000]   p:Uniform   []

----- dataset:  FIESTAdata_neid_mode1
jitter_0      id:  40  s:Linear      b:[      0.0016,      19.0220]   p:Uniform   []
offset_0      id:  41  s:Linear      b:[ -10001.7697,   10001.9115]   p:Uniform   []

----- dataset: FIESTAdata_neid_mode1     ----- model: gp_multidimensional           
rot_amp       id:  42  s:Linear      b:[    -10.0000,      10.0000]   p:Uniform   []
con_amp       id:  43  s:Linear      b:[    -20.0000,      20.0000]   p:Uniform   []

----- dataset:  FIESTAdata_neid_mode2
jitter_0      id:  44  s:Linear      b:[      0.0020,      22.9785]   p:Uniform   []
offset_0      id:  45  s:Linear      b:[ -10002.4417,   10003.1502]   p:Uniform   []

----- dataset: FIESTAdata_neid_mode2     ----- model: gp_multidimensional           
rot_amp       id:  46  s:Linear      b:[    -10.0000,      10.0000]   p:Uniform   []
con_amp       id:  47  s:Linear      b:[    -20.0000,      20.0000]   p:Uniform   []

----- common model:  activity
Prot          id:   0  s:Linear      b:[     20.0000,      35.0000]   p:Gaussian   [28.   0.5]
Pdec          id:   1  s:Linear      b:[     30.0000,    1000.0000]   p:Uniform   []
Oamp          id:   2  s:Log_Base2   b:[     -6.6439,       0.0000]   p:Gaussian   [0.35  0.035]

----- common model:  star_parameters
mass          derived (no id, space, bound)                           p:Gaussian   [1.e+00 1.e-06]
radius        derived (no id, space, bound)                           p:Gaussian   [1.e+00 1.e-06]
density       derived (no id, space, bound)                           p:Gaussian   [1.e+00 1.e-06]


****************************************************************************************************
****************************************************************************************************

 Confidence intervals (median value, 34.135th percentile from the median on the left and right side)

====================================================================================================
     Statistics on the posterior of the sampler parameters     
====================================================================================================

----- dataset:  RVdata_expres
jitter_0         3         1.016       -0.087        0.094   (15-84 p)   [    0.0010,    11.5000]
offset_0         4           9.2         -4.1          4.5   (15-84 p)   [-9997.8210, 10014.4770]

----- dataset: RVdata_expres             ----- model: gp_multidimensional           
rot_amp          5           4.1         -2.4          2.8   (15-84 p)   [    0.0000,    10.0000]
con_amp          6           9.5         -2.4          3.6   (15-84 p)   [  -20.0000,    20.0000]

----- dataset:  RVdata_harps
jitter_0         7         1.136       -0.084        0.093   (15-84 p)   [    0.0009,    13.3000]
offset_0         8           9.5         -3.0          3.2   (15-84 p)   [-9996.1123, 10015.3455]
offset_1         9           9.7         -3.0          3.2   (15-84 p)   [-9996.1123, 10015.3455]

----- dataset: RVdata_harps              ----- model: gp_multidimensional           
rot_amp         10          0.75        -0.56          1.3   (15-84 p)   [    0.0000,    10.0000]
con_amp         11           6.7         -1.7          2.5   (15-84 p)   [  -20.0000,    20.0000]

----- dataset:  RVdata_neid
jitter_0        12          1.24        -0.10         0.12   (15-84 p)   [    0.0010,    12.2000]
offset_0        13          10.0         -3.2          3.5   (15-84 p)   [-9996.9356, 10015.5004]

----- dataset: RVdata_neid               ----- model: gp_multidimensional           
rot_amp         14           5.1         -2.9          3.0   (15-84 p)   [    0.0000,    10.0000]
con_amp         15           7.4         -1.9          2.8   (15-84 p)   [  -20.0000,    20.0000]

----- dataset:  FIESTAdata_expres_mode1
jitter_0        16         1.019       -0.076        0.087   (15-84 p)   [    0.0017,    18.9426]
offset_0        17         -0.02        -0.19         0.20   (15-84 p)   [-10002.2130, 10002.1618]

----- dataset: FIESTAdata_expres_mode1   ----- model: gp_multidimensional           
rot_amp         18          -4.2         -2.6          2.1   (15-84 p)   [  -10.0000,    10.0000]
con_amp         19          0.09        -0.39         0.40   (15-84 p)   [  -20.0000,    20.0000]

----- dataset:  FIESTAdata_expres_mode2
jitter_0        20         1.329       -0.097         0.11   (15-84 p)   [    0.0019,    21.7012]
offset_0        21         -0.21        -0.58         0.43   (15-84 p)   [-10003.3445, 10002.7002]

----- dataset: FIESTAdata_expres_mode2   ----- model: gp_multidimensional           
rot_amp         22           1.9         -2.6          2.9   (15-84 p)   [  -10.0000,    10.0000]
con_amp         23         -1.03        -0.65         0.50   (15-84 p)   [  -20.0000,    20.0000]

----- dataset:  FIESTAdata_harps_mode1
jitter_0        24          0.75        -0.12         0.15   (15-84 p)   [    0.0013,    15.1700]
offset_0        25          -0.5         -2.8          1.5   (15-84 p)   [-10001.0951, 10001.4773]

----- dataset: FIESTAdata_harps_mode1    ----- model: gp_multidimensional           
rot_amp         26          -1.7         -4.2          3.9   (15-84 p)   [  -10.0000,    10.0000]
con_amp         27          -2.2         -3.8          3.7   (15-84 p)   [  -20.0000,    20.0000]

----- dataset:  FIESTAdata_harps_mode2
jitter_0        28          1.20        -0.18         0.23   (15-84 p)   [    0.0016,    17.9392]
offset_0        29           1.4         -2.3          4.7   (15-84 p)   [-10001.9722, 10002.0457]

----- dataset: FIESTAdata_harps_mode2    ----- model: gp_multidimensional           
rot_amp         30           2.8         -5.3          4.5   (15-84 p)   [  -10.0000,    10.0000]
con_amp         31           4.8         -5.5          5.7   (15-84 p)   [  -20.0000,    20.0000]

----- dataset:  FIESTAdata_harpsn_mode1
jitter_0        32         1.081       -0.094         0.10   (15-84 p)   [    0.0010,    12.1173]
offset_0        33         -0.18        -0.32         0.24   (15-84 p)   [-10003.2049, 10003.1077]

----- dataset: FIESTAdata_harpsn_mode1   ----- model: gp_multidimensional           
rot_amp         34          -8.5         -1.1          1.8   (15-84 p)   [  -10.0000,    10.0000]
con_amp         35         -0.44        -0.43         0.43   (15-84 p)   [  -20.0000,    20.0000]

----- dataset:  FIESTAdata_harpsn_mode2
jitter_0        36          1.29        -0.11         0.12   (15-84 p)   [    0.0011,    14.0174]
offset_0        37          0.10        -0.27         0.25   (15-84 p)   [-10003.3816, 10003.8502]

----- dataset: FIESTAdata_harpsn_mode2   ----- model: gp_multidimensional           
rot_amp         38           8.3         -2.1          1.2   (15-84 p)   [  -10.0000,    10.0000]
con_amp         39         -0.05        -0.51         0.46   (15-84 p)   [  -20.0000,    20.0000]

----- dataset:  FIESTAdata_neid_mode1
jitter_0        40         0.789       -0.066        0.074   (15-84 p)   [    0.0016,    19.0220]
offset_0        41          0.03        -0.15         0.16   (15-84 p)   [-10001.7697, 10001.9115]

----- dataset: FIESTAdata_neid_mode1     ----- model: gp_multidimensional           
rot_amp         42           1.7         -1.8          1.9   (15-84 p)   [  -10.0000,    10.0000]
con_amp         43          0.05        -0.29         0.30   (15-84 p)   [  -20.0000,    20.0000]

----- dataset:  FIESTAdata_neid_mode2
jitter_0        44          1.26        -0.10         0.12   (15-84 p)   [    0.0020,    22.9785]
offset_0        45         -0.12        -0.38         0.29   (15-84 p)   [-10002.4417, 10003.1502]

----- dataset: FIESTAdata_neid_mode2     ----- model: gp_multidimensional           
rot_amp         46          -3.5         -3.0          2.8   (15-84 p)   [  -10.0000,    10.0000]
con_amp         47         -0.53        -0.54         0.45   (15-84 p)   [  -20.0000,    20.0000]

----- common model:  activity
Prot             0         28.12        -0.55         0.45   (15-84 p)   [   20.0000,    35.0000]
Pdec             1            61          -20           24   (15-84 p)   [   30.0000,  1000.0000]
Oamp             2         -1.40        -0.14         0.12   (15-84 p)   [   -6.6439,     0.0000]

----- common model:  star_parameters

====================================================================================================
     Statistics on the model parameters obtained from the posteriors samples     
====================================================================================================

----- dataset:  RVdata_expres
jitter_0                 1.016       -0.087        0.094    (15-84 p)
offset_0                   9.2         -4.1          4.5    (15-84 p)


----- dataset: RVdata_expres             ----- model: gp_multidimensional           
rot_amp                    4.1         -2.4          2.8    (15-84 p)
con_amp                    9.5         -2.4          3.6    (15-84 p)

----- dataset:  RVdata_harps
jitter_0                 1.136       -0.084        0.093    (15-84 p)
offset_0                   9.5         -3.0          3.2    (15-84 p)
offset_1                   9.7         -3.0          3.2    (15-84 p)


----- dataset: RVdata_harps              ----- model: gp_multidimensional           
rot_amp                   0.75        -0.56          1.3    (15-84 p)
con_amp                    6.7         -1.7          2.5    (15-84 p)

----- dataset:  RVdata_neid
jitter_0                  1.24        -0.10         0.12    (15-84 p)
offset_0                  10.0         -3.2          3.5    (15-84 p)


----- dataset: RVdata_neid               ----- model: gp_multidimensional           
rot_amp                    5.1         -2.9          3.0    (15-84 p)
con_amp                    7.4         -1.9          2.8    (15-84 p)

----- dataset:  FIESTAdata_expres_mode1
jitter_0                 1.019       -0.076        0.087    (15-84 p)
offset_0                 -0.02        -0.19         0.20    (15-84 p)


----- dataset: FIESTAdata_expres_mode1   ----- model: gp_multidimensional           
rot_amp                   -4.2         -2.6          2.1    (15-84 p)
con_amp                   0.09        -0.39         0.40    (15-84 p)

----- dataset:  FIESTAdata_expres_mode2
jitter_0                 1.329       -0.097         0.11    (15-84 p)
offset_0                 -0.21        -0.58         0.43    (15-84 p)


----- dataset: FIESTAdata_expres_mode2   ----- model: gp_multidimensional           
rot_amp                    1.9         -2.6          2.9    (15-84 p)
con_amp                  -1.03        -0.65         0.50    (15-84 p)

----- dataset:  FIESTAdata_harps_mode1
jitter_0                  0.75        -0.12         0.15    (15-84 p)
offset_0                  -0.5         -2.8          1.5    (15-84 p)


----- dataset: FIESTAdata_harps_mode1    ----- model: gp_multidimensional           
rot_amp                   -1.7         -4.2          3.9    (15-84 p)
con_amp                   -2.2         -3.8          3.7    (15-84 p)

----- dataset:  FIESTAdata_harps_mode2
jitter_0                  1.20        -0.18         0.23    (15-84 p)
offset_0                   1.4         -2.3          4.7    (15-84 p)


----- dataset: FIESTAdata_harps_mode2    ----- model: gp_multidimensional           
rot_amp                    2.8         -5.3          4.5    (15-84 p)
con_amp                    4.8         -5.5          5.7    (15-84 p)

----- dataset:  FIESTAdata_harpsn_mode1
jitter_0                 1.081       -0.094         0.10    (15-84 p)
offset_0                 -0.18        -0.32         0.24    (15-84 p)


----- dataset: FIESTAdata_harpsn_mode1   ----- model: gp_multidimensional           
rot_amp                   -8.5         -1.1          1.8    (15-84 p)
con_amp                  -0.44        -0.43         0.43    (15-84 p)

----- dataset:  FIESTAdata_harpsn_mode2
jitter_0                  1.29        -0.11         0.12    (15-84 p)
offset_0                  0.10        -0.27         0.25    (15-84 p)


----- dataset: FIESTAdata_harpsn_mode2   ----- model: gp_multidimensional           
rot_amp                    8.3         -2.1          1.2    (15-84 p)
con_amp                  -0.05        -0.51         0.46    (15-84 p)

----- dataset:  FIESTAdata_neid_mode1
jitter_0                 0.789       -0.066        0.074    (15-84 p)
offset_0                  0.03        -0.15         0.16    (15-84 p)


----- dataset: FIESTAdata_neid_mode1     ----- model: gp_multidimensional           
rot_amp                    1.7         -1.8          1.9    (15-84 p)
con_amp                   0.05        -0.29         0.30    (15-84 p)

----- dataset:  FIESTAdata_neid_mode2
jitter_0                  1.26        -0.10         0.12    (15-84 p)
offset_0                 -0.12        -0.38         0.29    (15-84 p)


----- dataset: FIESTAdata_neid_mode2     ----- model: gp_multidimensional           
rot_amp                   -3.5         -3.0          2.8    (15-84 p)
con_amp                  -0.53        -0.54         0.45    (15-84 p)

----- common model:  activity
Prot                     28.12        -0.55         0.45    (15-84 p)
Pdec                        61          -20           24    (15-84 p)
Oamp                     0.379       -0.036        0.034    (15-84 p)

----- common model:  star_parameters

====================================================================================================
     Statistics on the derived parameters obtained from the posteriors samples     
====================================================================================================


====================================================================================================
     ------------------------------------------------------------------------------------------     
====================================================================================================



****************************************************************************************************

 Parameters corresponding to the Maximum a Posteriori probability ( -1536.5276256150203 )

====================================================================================================
     Statistics on the posterior of the sampler parameters     
====================================================================================================

----- dataset:  RVdata_expres
jitter_0         3      1.028063 [    0.0010,    11.5000]
offset_0         4      8.083441 [-9997.8210, 10014.4770]

----- dataset: RVdata_expres             ----- model: gp_multidimensional           
rot_amp          5      2.112968 [    0.0000,    10.0000]
con_amp          6      5.538279 [  -20.0000,    20.0000]

----- dataset:  RVdata_harps
jitter_0         7      1.162614 [    0.0009,    13.3000]
offset_0         8      8.619242 [-9996.1123, 10015.3455]
offset_1         9      8.830417 [-9996.1123, 10015.3455]

----- dataset: RVdata_harps              ----- model: gp_multidimensional           
rot_amp         10      0.163409 [    0.0000,    10.0000]
con_amp         11      4.105717 [  -20.0000,    20.0000]

----- dataset:  RVdata_neid
jitter_0        12      1.136138 [    0.0010,    12.2000]
offset_0        13      8.917808 [-9996.9356, 10015.5004]

----- dataset: RVdata_neid               ----- model: gp_multidimensional           
rot_amp         14      3.117022 [    0.0000,    10.0000]
con_amp         15      4.473514 [  -20.0000,    20.0000]

----- dataset:  FIESTAdata_expres_mode1
jitter_0        16      1.008751 [    0.0017,    18.9426]
offset_0        17     -0.018614 [-10002.2130, 10002.1618]

----- dataset: FIESTAdata_expres_mode1   ----- model: gp_multidimensional           
rot_amp         18     -3.577626 [  -10.0000,    10.0000]
con_amp         19     -0.046319 [  -20.0000,    20.0000]

----- dataset:  FIESTAdata_expres_mode2
jitter_0        20      1.305769 [    0.0019,    21.7012]
offset_0        21     -0.146363 [-10003.3445, 10002.7002]

----- dataset: FIESTAdata_expres_mode2   ----- model: gp_multidimensional           
rot_amp         22     -0.479077 [  -10.0000,    10.0000]
con_amp         23     -0.492727 [  -20.0000,    20.0000]

----- dataset:  FIESTAdata_harps_mode1
jitter_0        24      0.800542 [    0.0013,    15.1700]
offset_0        25     -1.192580 [-10001.0951, 10001.4773]

----- dataset: FIESTAdata_harps_mode1    ----- model: gp_multidimensional           
rot_amp         26     -2.039052 [  -10.0000,    10.0000]
con_amp         27     -1.998998 [  -20.0000,    20.0000]

----- dataset:  FIESTAdata_harps_mode2
jitter_0        28      1.065393 [    0.0016,    17.9392]
offset_0        29      2.414625 [-10001.9722, 10002.0457]

----- dataset: FIESTAdata_harps_mode2    ----- model: gp_multidimensional           
rot_amp         30      0.478881 [  -10.0000,    10.0000]
con_amp         31      3.620081 [  -20.0000,    20.0000]

----- dataset:  FIESTAdata_harpsn_mode1
jitter_0        32      0.968417 [    0.0010,    12.1173]
offset_0        33     -0.290392 [-10003.2049, 10003.1077]

----- dataset: FIESTAdata_harpsn_mode1   ----- model: gp_multidimensional           
rot_amp         34     -7.382042 [  -10.0000,    10.0000]
con_amp         35     -0.686878 [  -20.0000,    20.0000]

----- dataset:  FIESTAdata_harpsn_mode2
jitter_0        36      1.144893 [    0.0011,    14.0174]
offset_0        37      0.351344 [-10003.3816, 10003.8502]

----- dataset: FIESTAdata_harpsn_mode2   ----- model: gp_multidimensional           
rot_amp         38      9.377860 [  -10.0000,    10.0000]
con_amp         39      0.440883 [  -20.0000,    20.0000]

----- dataset:  FIESTAdata_neid_mode1
jitter_0        40      0.691986 [    0.0016,    19.0220]
offset_0        41      0.096543 [-10001.7697, 10001.9115]

----- dataset: FIESTAdata_neid_mode1     ----- model: gp_multidimensional           
rot_amp         42      0.819364 [  -10.0000,    10.0000]
con_amp         43      0.057236 [  -20.0000,    20.0000]

----- dataset:  FIESTAdata_neid_mode2
jitter_0        44      1.231227 [    0.0020,    22.9785]
offset_0        45     -0.029305 [-10002.4417, 10003.1502]

----- dataset: FIESTAdata_neid_mode2     ----- model: gp_multidimensional           
rot_amp         46     -3.537603 [  -10.0000,    10.0000]
con_amp         47     -0.270226 [  -20.0000,    20.0000]

----- common model:  activity
Prot             0     27.800997 [   20.0000,    35.0000]
Pdec             1     39.998848 [   30.0000,  1000.0000]
Oamp             2     -1.535279 [   -6.6439,     0.0000]

----- common model:  star_parameters

====================================================================================================
     Statistics on the model parameters obtained from the posteriors samples     
====================================================================================================

----- dataset:  RVdata_expres
jitter_0              1.028063 
offset_0              8.083441 


----- dataset: RVdata_expres             ----- model: gp_multidimensional           
rot_amp               2.112968 
con_amp               5.538279 

----- dataset:  RVdata_harps
jitter_0              1.162614 
offset_0              8.619242 
offset_1              8.830417 


----- dataset: RVdata_harps              ----- model: gp_multidimensional           
rot_amp               0.163409 
con_amp               4.105717 

----- dataset:  RVdata_neid
jitter_0              1.136138 
offset_0              8.917808 


----- dataset: RVdata_neid               ----- model: gp_multidimensional           
rot_amp               3.117022 
con_amp               4.473514 

----- dataset:  FIESTAdata_expres_mode1
jitter_0              1.008751 
offset_0             -0.018614 


----- dataset: FIESTAdata_expres_mode1   ----- model: gp_multidimensional           
rot_amp              -3.577626 
con_amp              -0.046319 

----- dataset:  FIESTAdata_expres_mode2
jitter_0              1.305769 
offset_0             -0.146363 


----- dataset: FIESTAdata_expres_mode2   ----- model: gp_multidimensional           
rot_amp              -0.479077 
con_amp              -0.492727 

----- dataset:  FIESTAdata_harps_mode1
jitter_0              0.800542 
offset_0             -1.192580 


----- dataset: FIESTAdata_harps_mode1    ----- model: gp_multidimensional           
rot_amp              -2.039052 
con_amp              -1.998998 

----- dataset:  FIESTAdata_harps_mode2
jitter_0              1.065393 
offset_0              2.414625 


----- dataset: FIESTAdata_harps_mode2    ----- model: gp_multidimensional           
rot_amp               0.478881 
con_amp               3.620081 

----- dataset:  FIESTAdata_harpsn_mode1
jitter_0              0.968417 
offset_0             -0.290392 


----- dataset: FIESTAdata_harpsn_mode1   ----- model: gp_multidimensional           
rot_amp              -7.382042 
con_amp              -0.686878 

----- dataset:  FIESTAdata_harpsn_mode2
jitter_0              1.144893 
offset_0              0.351344 


----- dataset: FIESTAdata_harpsn_mode2   ----- model: gp_multidimensional           
rot_amp               9.377860 
con_amp               0.440883 

----- dataset:  FIESTAdata_neid_mode1
jitter_0              0.691986 
offset_0              0.096543 


----- dataset: FIESTAdata_neid_mode1     ----- model: gp_multidimensional           
rot_amp               0.819364 
con_amp               0.057236 

----- dataset:  FIESTAdata_neid_mode2
jitter_0              1.231227 
offset_0             -0.029305 


----- dataset: FIESTAdata_neid_mode2     ----- model: gp_multidimensional           
rot_amp              -3.537603 
con_amp              -0.270226 

----- common model:  activity
Prot                 27.800997 
Pdec                 39.998848 
Oamp                  0.345012 

----- common model:  star_parameters

====================================================================================================
     Statistics on the derived parameters obtained from the posteriors samples     
====================================================================================================


====================================================================================================
     ------------------------------------------------------------------------------------------     
====================================================================================================



****************************************************************************************************

 Parameters corresponding to the sample closest to the median values ( -1546.9641247392458 )

====================================================================================================
     Statistics on the posterior of the sampler parameters     
====================================================================================================

----- dataset:  RVdata_expres
jitter_0         3      1.011231 [    0.0010,    11.5000]
offset_0         4      8.361189 [-9997.8210, 10014.4770]

----- dataset: RVdata_expres             ----- model: gp_multidimensional           
rot_amp          5      4.534061 [    0.0000,    10.0000]
con_amp          6      9.458238 [  -20.0000,    20.0000]

----- dataset:  RVdata_harps
jitter_0         7      1.144629 [    0.0009,    13.3000]
offset_0         8      8.855882 [-9996.1123, 10015.3455]
offset_1         9      9.041483 [-9996.1123, 10015.3455]

----- dataset: RVdata_harps              ----- model: gp_multidimensional           
rot_amp         10      1.064054 [    0.0000,    10.0000]
con_amp         11      6.987481 [  -20.0000,    20.0000]

----- dataset:  RVdata_neid
jitter_0        12      1.155415 [    0.0010,    12.2000]
offset_0        13      9.394248 [-9996.9356, 10015.5004]

----- dataset: RVdata_neid               ----- model: gp_multidimensional           
rot_amp         14      5.563358 [    0.0000,    10.0000]
con_amp         15      7.685506 [  -20.0000,    20.0000]

----- dataset:  FIESTAdata_expres_mode1
jitter_0        16      0.929943 [    0.0017,    18.9426]
offset_0        17     -0.074523 [-10002.2130, 10002.1618]

----- dataset: FIESTAdata_expres_mode1   ----- model: gp_multidimensional           
rot_amp         18     -5.541287 [  -10.0000,    10.0000]
con_amp         19     -0.168731 [  -20.0000,    20.0000]

----- dataset:  FIESTAdata_expres_mode2
jitter_0        20      1.202705 [    0.0019,    21.7012]
offset_0        21     -0.164897 [-10003.3445, 10002.7002]

----- dataset: FIESTAdata_expres_mode2   ----- model: gp_multidimensional           
rot_amp         22     -0.069580 [  -10.0000,    10.0000]
con_amp         23     -0.725598 [  -20.0000,    20.0000]

----- dataset:  FIESTAdata_harps_mode1
jitter_0        24      0.817859 [    0.0013,    15.1700]
offset_0        25     -0.851636 [-10001.0951, 10001.4773]

----- dataset: FIESTAdata_harps_mode1    ----- model: gp_multidimensional           
rot_amp         26     -1.211327 [  -10.0000,    10.0000]
con_amp         27     -2.378470 [  -20.0000,    20.0000]

----- dataset:  FIESTAdata_harps_mode2
jitter_0        28      1.118509 [    0.0016,    17.9392]
offset_0        29      0.517824 [-10001.9722, 10002.0457]

----- dataset: FIESTAdata_harps_mode2    ----- model: gp_multidimensional           
rot_amp         30      1.622453 [  -10.0000,    10.0000]
con_amp         31      0.647118 [  -20.0000,    20.0000]

----- dataset:  FIESTAdata_harpsn_mode1
jitter_0        32      0.981495 [    0.0010,    12.1173]
offset_0        33     -0.224753 [-10003.2049, 10003.1077]

----- dataset: FIESTAdata_harpsn_mode1   ----- model: gp_multidimensional           
rot_amp         34     -8.567869 [  -10.0000,    10.0000]
con_amp         35     -0.689926 [  -20.0000,    20.0000]

----- dataset:  FIESTAdata_harpsn_mode2
jitter_0        36      1.308918 [    0.0011,    14.0174]
offset_0        37      0.205084 [-10003.3816, 10003.8502]

----- dataset: FIESTAdata_harpsn_mode2   ----- model: gp_multidimensional           
rot_amp         38      8.993097 [  -10.0000,    10.0000]
con_amp         39     -0.354280 [  -20.0000,    20.0000]

----- dataset:  FIESTAdata_neid_mode1
jitter_0        40      0.749295 [    0.0016,    19.0220]
offset_0        41      0.148394 [-10001.7697, 10001.9115]

----- dataset: FIESTAdata_neid_mode1     ----- model: gp_multidimensional           
rot_amp         42      0.269875 [  -10.0000,    10.0000]
con_amp         43      0.159999 [  -20.0000,    20.0000]

----- dataset:  FIESTAdata_neid_mode2
jitter_0        44      1.330582 [    0.0020,    22.9785]
offset_0        45     -0.012568 [-10002.4417, 10003.1502]

----- dataset: FIESTAdata_neid_mode2     ----- model: gp_multidimensional           
rot_amp         46     -2.842889 [  -10.0000,    10.0000]
con_amp         47     -0.724383 [  -20.0000,    20.0000]

----- common model:  activity
Prot             0     27.843114 [   20.0000,    35.0000]
Pdec             1     51.105877 [   30.0000,  1000.0000]
Oamp             2     -1.392620 [   -6.6439,     0.0000]

----- common model:  star_parameters

====================================================================================================
     Statistics on the model parameters obtained from the posteriors samples     
====================================================================================================

----- dataset:  RVdata_expres
jitter_0              1.011231 
offset_0              8.361189 


----- dataset: RVdata_expres             ----- model: gp_multidimensional           
rot_amp               4.534061 
con_amp               9.458238 

----- dataset:  RVdata_harps
jitter_0              1.144629 
offset_0              8.855882 
offset_1              9.041483 


----- dataset: RVdata_harps              ----- model: gp_multidimensional           
rot_amp               1.064054 
con_amp               6.987481 

----- dataset:  RVdata_neid
jitter_0              1.155415 
offset_0              9.394248 


----- dataset: RVdata_neid               ----- model: gp_multidimensional           
rot_amp               5.563358 
con_amp               7.685506 

----- dataset:  FIESTAdata_expres_mode1
jitter_0              0.929943 
offset_0             -0.074523 


----- dataset: FIESTAdata_expres_mode1   ----- model: gp_multidimensional           
rot_amp              -5.541287 
con_amp              -0.168731 

----- dataset:  FIESTAdata_expres_mode2
jitter_0              1.202705 
offset_0             -0.164897 


----- dataset: FIESTAdata_expres_mode2   ----- model: gp_multidimensional           
rot_amp              -0.069580 
con_amp              -0.725598 

----- dataset:  FIESTAdata_harps_mode1
jitter_0              0.817859 
offset_0             -0.851636 


----- dataset: FIESTAdata_harps_mode1    ----- model: gp_multidimensional           
rot_amp              -1.211327 
con_amp              -2.378470 

----- dataset:  FIESTAdata_harps_mode2
jitter_0              1.118509 
offset_0              0.517824 


----- dataset: FIESTAdata_harps_mode2    ----- model: gp_multidimensional           
rot_amp               1.622453 
con_amp               0.647118 

----- dataset:  FIESTAdata_harpsn_mode1
jitter_0              0.981495 
offset_0             -0.224753 


----- dataset: FIESTAdata_harpsn_mode1   ----- model: gp_multidimensional           
rot_amp              -8.567869 
con_amp              -0.689926 

----- dataset:  FIESTAdata_harpsn_mode2
jitter_0              1.308918 
offset_0              0.205084 


----- dataset: FIESTAdata_harpsn_mode2   ----- model: gp_multidimensional           
rot_amp               8.993097 
con_amp              -0.354280 

----- dataset:  FIESTAdata_neid_mode1
jitter_0              0.749295 
offset_0              0.148394 


----- dataset: FIESTAdata_neid_mode1     ----- model: gp_multidimensional           
rot_amp               0.269875 
con_amp               0.159999 

----- dataset:  FIESTAdata_neid_mode2
jitter_0              1.330582 
offset_0             -0.012568 


----- dataset: FIESTAdata_neid_mode2     ----- model: gp_multidimensional           
rot_amp              -2.842889 
con_amp              -0.724383 

----- common model:  activity
Prot                 27.843114 
Pdec                 51.105877 
Oamp                  0.380872 

----- common model:  star_parameters

====================================================================================================
     Statistics on the derived parameters obtained from the posteriors samples     
====================================================================================================


====================================================================================================
     ------------------------------------------------------------------------------------------     
====================================================================================================



****************************************************************************************************

Note: stellar density derived from stellar mass and radius

 Plot FLAT chain 

****************************************************************************************************

 Skipping full correlation plot due to the high number of parameters
 To avoid this behaviour, set the keyword parameters:force_full_correlation_plot to True

****************************************************************************************************

 Plotting the chains... 

****************************************************************************************************

 Plotting the Gelman-Rubin traces... 

     Gelman-Rubin:     3     1.041984 RVdata_expres_jitter_0 
     Gelman-Rubin:     4     1.328623 RVdata_expres_offset_0 
     Gelman-Rubin:     5     1.054039 RVdata_expres_gp_multidimensional_rot_amp 
     Gelman-Rubin:     6     1.051955 RVdata_expres_gp_multidimensional_con_amp 
     Gelman-Rubin:     7     1.045111 RVdata_harps_jitter_0 
     Gelman-Rubin:     8     1.328085 RVdata_harps_offset_0 
     Gelman-Rubin:     9     1.324234 RVdata_harps_offset_1 
     Gelman-Rubin:    10     1.067004 RVdata_harps_gp_multidimensional_rot_amp 
     Gelman-Rubin:    11     1.051937 RVdata_harps_gp_multidimensional_con_amp 
     Gelman-Rubin:    12     1.042524 RVdata_neid_jitter_0 
     Gelman-Rubin:    13     1.331360 RVdata_neid_offset_0 
     Gelman-Rubin:    14     1.043152 RVdata_neid_gp_multidimensional_rot_amp 
     Gelman-Rubin:    15     1.053151 RVdata_neid_gp_multidimensional_con_amp 
     Gelman-Rubin:    16     1.039893 FIESTAdata_expres_mode1_jitter_0 
     Gelman-Rubin:    17     1.098028 FIESTAdata_expres_mode1_offset_0 
     Gelman-Rubin:    18     1.049461 FIESTAdata_expres_mode1_gp_multidimensional_rot_amp 
     Gelman-Rubin:    19     1.068644 FIESTAdata_expres_mode1_gp_multidimensional_con_amp 
     Gelman-Rubin:    20     1.035077 FIESTAdata_expres_mode2_jitter_0 
     Gelman-Rubin:    21     1.240720 FIESTAdata_expres_mode2_offset_0 
     Gelman-Rubin:    22     1.046352 FIESTAdata_expres_mode2_gp_multidimensional_rot_amp 
     Gelman-Rubin:    23     1.060719 FIESTAdata_expres_mode2_gp_multidimensional_con_amp 
     Gelman-Rubin:    24     1.049587 FIESTAdata_harps_mode1_jitter_0 
     Gelman-Rubin:    25     1.132698 FIESTAdata_harps_mode1_offset_0 
     Gelman-Rubin:    26     1.058357 FIESTAdata_harps_mode1_gp_multidimensional_rot_amp 
     Gelman-Rubin:    27     1.080323 FIESTAdata_harps_mode1_gp_multidimensional_con_amp 
     Gelman-Rubin:    28     1.051344 FIESTAdata_harps_mode2_jitter_0 
     Gelman-Rubin:    29     1.153566 FIESTAdata_harps_mode2_offset_0 
     Gelman-Rubin:    30     1.048593 FIESTAdata_harps_mode2_gp_multidimensional_rot_amp 
     Gelman-Rubin:    31     1.081249 FIESTAdata_harps_mode2_gp_multidimensional_con_amp 
     Gelman-Rubin:    32     1.037128 FIESTAdata_harpsn_mode1_jitter_0 
     Gelman-Rubin:    33     1.170537 FIESTAdata_harpsn_mode1_offset_0 
     Gelman-Rubin:    34     1.051259 FIESTAdata_harpsn_mode1_gp_multidimensional_rot_amp 
     Gelman-Rubin:    35     1.058012 FIESTAdata_harpsn_mode1_gp_multidimensional_con_amp 
     Gelman-Rubin:    36     1.037305 FIESTAdata_harpsn_mode2_jitter_0 
     Gelman-Rubin:    37     1.080340 FIESTAdata_harpsn_mode2_offset_0 
     Gelman-Rubin:    38     1.053967 FIESTAdata_harpsn_mode2_gp_multidimensional_rot_amp 
     Gelman-Rubin:    39     1.057813 FIESTAdata_harpsn_mode2_gp_multidimensional_con_amp 
     Gelman-Rubin:    40     1.049515 FIESTAdata_neid_mode1_jitter_0 
     Gelman-Rubin:    41     1.093916 FIESTAdata_neid_mode1_offset_0 
     Gelman-Rubin:    42     1.054030 FIESTAdata_neid_mode1_gp_multidimensional_rot_amp 
     Gelman-Rubin:    43     1.066303 FIESTAdata_neid_mode1_gp_multidimensional_con_amp 
     Gelman-Rubin:    44     1.046693 FIESTAdata_neid_mode2_jitter_0 
     Gelman-Rubin:    45     1.185754 FIESTAdata_neid_mode2_offset_0 
     Gelman-Rubin:    46     1.047576 FIESTAdata_neid_mode2_gp_multidimensional_rot_amp 
     Gelman-Rubin:    47     1.062208 FIESTAdata_neid_mode2_gp_multidimensional_con_amp 
     Gelman-Rubin:     0     1.045375 activity_Prot 
     Gelman-Rubin:     1     1.045465 activity_Pdec 
     Gelman-Rubin:     2     1.037358 activity_Oamp 

****************************************************************************************************

Plotting the common models corner plots
     Common model:  activity
     Common model:  star_parameters

****************************************************************************************************

Plotting the dataset + models corner plots 

     Dataset:  RVdata_expres     model:  gp_multidimensional  corner plot  starting 
     Dataset:  RVdata_expres     model:  gp_multidimensional  corner plot  done 
     Dataset:  RVdata_harps     model:  gp_multidimensional  corner plot  starting 
     Dataset:  RVdata_harps     model:  gp_multidimensional  corner plot  done 
     Dataset:  RVdata_neid     model:  gp_multidimensional  corner plot  starting 
     Dataset:  RVdata_neid     model:  gp_multidimensional  corner plot  done 
     Dataset:  FIESTAdata_expres_mode1     model:  gp_multidimensional  corner plot  starting 
     Dataset:  FIESTAdata_expres_mode1     model:  gp_multidimensional  corner plot  done 
     Dataset:  FIESTAdata_expres_mode2     model:  gp_multidimensional  corner plot  starting 
     Dataset:  FIESTAdata_expres_mode2     model:  gp_multidimensional  corner plot  done 
     Dataset:  FIESTAdata_harps_mode1     model:  gp_multidimensional  corner plot  starting 
     Dataset:  FIESTAdata_harps_mode1     model:  gp_multidimensional  corner plot  done 
     Dataset:  FIESTAdata_harps_mode2     model:  gp_multidimensional  corner plot  starting 
     Dataset:  FIESTAdata_harps_mode2     model:  gp_multidimensional  corner plot  done 
     Dataset:  FIESTAdata_harpsn_mode1     model:  gp_multidimensional  corner plot  starting 
     Dataset:  FIESTAdata_harpsn_mode1     model:  gp_multidimensional  corner plot  done 
     Dataset:  FIESTAdata_harpsn_mode2     model:  gp_multidimensional  corner plot  starting 
     Dataset:  FIESTAdata_harpsn_mode2     model:  gp_multidimensional  corner plot  done 
     Dataset:  FIESTAdata_neid_mode1     model:  gp_multidimensional  corner plot  starting 
     Dataset:  FIESTAdata_neid_mode1     model:  gp_multidimensional  corner plot  done 
     Dataset:  FIESTAdata_neid_mode2     model:  gp_multidimensional  corner plot  starting 
     Dataset:  FIESTAdata_neid_mode2     model:  gp_multidimensional  corner plot  done 

****************************************************************************************************

 Saving the planet parameter samplings to files (with plots)

****************************************************************************************************

 Saving all the parameter samplings to files (with plots)

****************************************************************************************************

 Computing the models for plot/data writing 
     Splitting the plot array to allow GP prediction of extended datasets, it may take a while...
     # 24 chunks of 78 times each
     Check the documentation if the code is taking too long or if it crashes...
     Splitting the plot array to allow GP prediction of extended datasets, it may take a while...
     # 24 chunks of 78 times each
     Check the documentation if the code is taking too long or if it crashes...
     Splitting the plot array to allow GP prediction of extended datasets, it may take a while...
     # 24 chunks of 78 times each
     Check the documentation if the code is taking too long or if it crashes...
     Splitting the plot array to allow GP prediction of extended datasets, it may take a while...
     # 15 chunks of 78 times each
     Check the documentation if the code is taking too long or if it crashes...
     Splitting the plot array to allow GP prediction of extended datasets, it may take a while...
     # 15 chunks of 78 times each
     Check the documentation if the code is taking too long or if it crashes...
     Splitting the plot array to allow GP prediction of extended datasets, it may take a while...
     # 4 chunks of 78 times each
     Check the documentation if the code is taking too long or if it crashes...
     Splitting the plot array to allow GP prediction of extended datasets, it may take a while...
     # 4 chunks of 78 times each
     Check the documentation if the code is taking too long or if it crashes...
     Splitting the plot array to allow GP prediction of extended datasets, it may take a while...
     # 15 chunks of 78 times each
     Check the documentation if the code is taking too long or if it crashes...
     Splitting the plot array to allow GP prediction of extended datasets, it may take a while...
     # 15 chunks of 78 times each
     Check the documentation if the code is taking too long or if it crashes...
     Splitting the plot array to allow GP prediction of extended datasets, it may take a while...
     # 14 chunks of 78 times each
     Check the documentation if the code is taking too long or if it crashes...
     Splitting the plot array to allow GP prediction of extended datasets, it may take a while...
     # 14 chunks of 78 times each
     Check the documentation if the code is taking too long or if it crashes...
     Splitting the plot array to allow GP prediction of extended datasets, it may take a while...
     # 24 chunks of 78 times each
     Check the documentation if the code is taking too long or if it crashes...
     Splitting the plot array to allow GP prediction of extended datasets, it may take a while...
     # 24 chunks of 78 times each
     Check the documentation if the code is taking too long or if it crashes...
     Splitting the plot array to allow GP prediction of extended datasets, it may take a while...
     # 24 chunks of 78 times each
     Check the documentation if the code is taking too long or if it crashes...
     Splitting the plot array to allow GP prediction of extended datasets, it may take a while...
     # 15 chunks of 78 times each
     Check the documentation if the code is taking too long or if it crashes...
     Splitting the plot array to allow GP prediction of extended datasets, it may take a while...
     # 15 chunks of 78 times each
     Check the documentation if the code is taking too long or if it crashes...
     Splitting the plot array to allow GP prediction of extended datasets, it may take a while...
     # 4 chunks of 78 times each
     Check the documentation if the code is taking too long or if it crashes...
     Splitting the plot array to allow GP prediction of extended datasets, it may take a while...
     # 4 chunks of 78 times each
     Check the documentation if the code is taking too long or if it crashes...
     Splitting the plot array to allow GP prediction of extended datasets, it may take a while...
     # 15 chunks of 78 times each
     Check the documentation if the code is taking too long or if it crashes...
     Splitting the plot array to allow GP prediction of extended datasets, it may take a while...
     # 15 chunks of 78 times each
     Check the documentation if the code is taking too long or if it crashes...
     Splitting the plot array to allow GP prediction of extended datasets, it may take a while...
     # 14 chunks of 78 times each
     Check the documentation if the code is taking too long or if it crashes...
     Splitting the plot array to allow GP prediction of extended datasets, it may take a while...
     # 14 chunks of 78 times each
     Check the documentation if the code is taking too long or if it crashes...
     Splitting the plot array to allow GP prediction of extended datasets, it may take a while...
     # 24 chunks of 78 times each
     Check the documentation if the code is taking too long or if it crashes...
     Splitting the plot array to allow GP prediction of extended datasets, it may take a while...
     # 24 chunks of 78 times each
     Check the documentation if the code is taking too long or if it crashes...
     Splitting the plot array to allow GP prediction of extended datasets, it may take a while...
     # 24 chunks of 78 times each
     Check the documentation if the code is taking too long or if it crashes...
     Splitting the plot array to allow GP prediction of extended datasets, it may take a while...
     # 15 chunks of 78 times each
     Check the documentation if the code is taking too long or if it crashes...
     Splitting the plot array to allow GP prediction of extended datasets, it may take a while...
     # 15 chunks of 78 times each
     Check the documentation if the code is taking too long or if it crashes...
     Splitting the plot array to allow GP prediction of extended datasets, it may take a while...
     # 4 chunks of 78 times each
     Check the documentation if the code is taking too long or if it crashes...
     Splitting the plot array to allow GP prediction of extended datasets, it may take a while...
     # 4 chunks of 78 times each
     Check the documentation if the code is taking too long or if it crashes...
     Splitting the plot array to allow GP prediction of extended datasets, it may take a while...
     # 15 chunks of 78 times each
     Check the documentation if the code is taking too long or if it crashes...
     Splitting the plot array to allow GP prediction of extended datasets, it may take a while...
     # 15 chunks of 78 times each
     Check the documentation if the code is taking too long or if it crashes...
     Splitting the plot array to allow GP prediction of extended datasets, it may take a while...
     # 14 chunks of 78 times each
     Check the documentation if the code is taking too long or if it crashes...
     Splitting the plot array to allow GP prediction of extended datasets, it may take a while...
     # 14 chunks of 78 times each
     Check the documentation if the code is taking too long or if it crashes...
 Writing the plots 
 Writing the   data files 
 Writing the  MAP_ data files 
 Writing the  sampleMED_ data files 

****************************************************************************************************

