
PyORBIT v10.9.1

Python version in use:
3.10.16 (main, Dec 11 2024, 10:24:41) [Clang 14.0.6 ]
 LaTeX disabled by default
Using orbital model:  keplerian
Using orbital parametrization:  Eastman2013

gp_multidimensional  S+LEAF model, number of harmonics: 4


 emcee version:  3.1.6

 Reference Time Tref: 59332.189797

 Dimensions: 17
 Nwalkers:   204
 Steps:      300000


Recomputing ln-prior, it may take a while...

ln-probability distribution:   -552.89       -3.45      3.46 (15-84 p) 
ln-prior       distribution:    -88.18       -0.29      0.10 (15-84 p) 
ln-likelihood  distribution:   -464.66       -3.44      3.44 (15-84 p) 


*** Information criteria using the likelihood distribution

 BIC from distribution  (using likelihood)  =   1020.69     -6.87    6.88 (15-84 p)
 AIC from distribution  (using likelihood)  =    963.31     -6.87    6.88 (15-84 p)
 AICc from distribution (using likelihood)  =    966.40     -6.87    6.88 (15-84 p)


*** Information criteria using the median parameter set

 Median ln_probability =   -550.55
 Median ln_priors      =    -88.09
 Median ln_likelihood  =   -462.46

 Median BIC  (using likelihood) =   1016.30
 Median AIC  (using likelihood) =    958.92
 Median AICc (using likelihood) =    962.01


*** Information criteria using the MAP parameter set

 MAP ln_priors     =   -527.52
 MAP ln_priors     =    -88.47
 MAP ln_likelihood =   -439.06

 MAP BIC  (using likelihood)    =    969.50
 MAP AIC  (using likelihood)    =    912.12
 MAP AICc (using likelihood)    =    915.21

 AICc suggested over AIC because NDATA ( 216 ) < 40 * NDIM ( 17 )

****************************************************************************************************


Computing the autocorrelation time of the chains

***** WARNING ******
The integrated autocorrelation time cannot be reliably estimated
likely the chains are too short, and ACF analysis is not fully reliable
emcee.autocorr.integrated_time tolerance lowered to 20
If you still get a warning, you should drop these results entirely
Chains too short to apply convergence criteria
They should be at least 67450*nthin = 1349000

 ACF computation failed, no plot will be generated 


====================================================================================================
     Ids, spaces (s), boundaries (b) and priors (p) of the sampler parameters     
====================================================================================================

----- dataset:  ESSP_EXPRES
jitter_0      id:   8  s:Linear      b:[      0.0017,      18.9000]   p:Uniform   []
offset_0      id:   9  s:Linear      b:[ -10004.1700,   10004.5630]   p:Uniform   []

----- dataset: ESSP_EXPRES               ----- model: gp_multidimensional           
con_amp       id:  10  s:Linear      b:[   -500.0000,     500.0000]   p:Uniform   []
rot_amp       derived (no id, space, bound)                           p:None   []

----- dataset:  ESSP_BIS_EXPRES
jitter_0      id:  11  s:Linear      b:[      0.0095,      95.0000]   p:Uniform   []
offset_0      id:  12  s:Linear      b:[ -10007.9920,   10006.5920]   p:Uniform   []

----- dataset: ESSP_BIS_EXPRES           ----- model: gp_multidimensional           
con_amp       id:  13  s:Linear      b:[   -500.0000,     500.0000]   p:Uniform   []
rot_amp       derived (no id, space, bound)                           p:None   []

----- dataset:  ESSP_FIESTA1_EXPRES
jitter_0      id:  14  s:Linear      b:[      0.0077,      77.7000]   p:Uniform   []
offset_0      id:  15  s:Linear      b:[ -10004.9930,   10004.7140]   p:Uniform   []

----- dataset: ESSP_FIESTA1_EXPRES       ----- model: gp_multidimensional           
con_amp       id:  16  s:Linear      b:[   -500.0000,     500.0000]   p:Uniform   []
rot_amp       derived (no id, space, bound)                           p:None   []

----- common model:  b
P             id:   0  s:Log_Base2   b:[      0.5850,       3.3219]   p:Gaussian   [2.9 1. ]
K             id:   1  s:Log_Base2   b:[     -3.3219,       2.0000]   p:Uniform   []
sre_coso      id:   2  s:Linear      b:[     -1.0000,       1.0000]   p:Uniform   []
sre_sino      id:   3  s:Linear      b:[     -1.0000,       1.0000]   p:Uniform   []
mean_long     id:   4  s:Linear      b:[    -65.9833,     294.0167]   p:Uniform   []
e             derived (no id, space, bound)                           p:Uniform   [0.  0.5]
omega         derived (no id, space, bound)                           p:Uniform   [0.0, 360.0]

----- common model:  activity
Prot          id:   5  s:Linear      b:[     20.0000,      35.0000]   p:Gaussian   [28.  5.]
Pdec          id:   6  s:Linear      b:[     10.0000,    2000.0000]   p:Uniform   []
Oamp          id:   7  s:Log_Base2   b:[     -6.6439,       3.3219]   p:Uniform   []

----- common model:  star_parameters
mass          derived (no id, space, bound)                           p:Gaussian   [1.e+00 1.e-10]


****************************************************************************************************
****************************************************************************************************

 Confidence intervals (median value, 34.135th percentile from the median on the left and right side)

====================================================================================================
     Statistics on the posterior of the sampler parameters     
====================================================================================================

----- dataset:  ESSP_EXPRES
jitter_0         8         1.127       -0.099         0.12   (15-84 p)   [    0.0017,    18.9000]
offset_0         9            -0         -107           91   (15-84 p)   [-10004.1700, 10004.5630]

----- dataset: ESSP_EXPRES               ----- model: gp_multidimensional           
con_amp         10            28         -238          211   (15-84 p)   [ -500.0000,   500.0000]

----- dataset:  ESSP_BIS_EXPRES
jitter_0        11          2.82        -0.28         0.31   (15-84 p)   [    0.0095,    95.0000]
offset_0        12             0         -144          190   (15-84 p)   [-10007.9920, 10006.5920]

----- dataset: ESSP_BIS_EXPRES           ----- model: gp_multidimensional           
con_amp         13           -51         -348          413   (15-84 p)   [ -500.0000,   500.0000]

----- dataset:  ESSP_FIESTA1_EXPRES
jitter_0        14          1.84        -0.17         0.20   (15-84 p)   [    0.0077,    77.7000]
offset_0        15            -0          -47           36   (15-84 p)   [-10004.9930, 10004.7140]

----- dataset: ESSP_FIESTA1_EXPRES       ----- model: gp_multidimensional           
con_amp         16             0          -96          112   (15-84 p)   [ -500.0000,   500.0000]

----- common model:  b
P                0        1.5263      -0.0064       0.0068   (15-84 p)   [    0.5850,     3.3219]
K                1          1.33        -0.15         0.15   (15-84 p)   [   -3.3219,     2.0000]
sre_coso         2         -0.31        -0.14         0.20   (15-84 p)   [   -1.0000,     1.0000]
sre_sino         3         -0.23        -0.19         0.24   (15-84 p)   [   -1.0000,     1.0000]
mean_long        4           114          -11           11   (15-84 p)   [  -65.9833,   294.0167]

----- common model:  activity
Prot             5          29.0         -3.6          3.0   (15-84 p)   [   20.0000,    35.0000]
Pdec             6          1071         -587          610   (15-84 p)   [   10.0000,  2000.0000]
Oamp             7          2.35         -1.2         0.54   (15-84 p)   [   -6.6439,     3.3219]

----- common model:  star_parameters

====================================================================================================
     Statistics on the model parameters obtained from the posteriors samples     
====================================================================================================

----- dataset:  ESSP_EXPRES
jitter_0                 1.127       -0.099         0.12    (15-84 p)
offset_0                    -0         -107           91    (15-84 p)


----- dataset: ESSP_EXPRES               ----- model: gp_multidimensional           
rot_amp                   0.00                              [fixed]
con_amp                     28         -238          211    (15-84 p)

----- dataset:  ESSP_BIS_EXPRES
jitter_0                  2.82        -0.28         0.31    (15-84 p)
offset_0                     0         -144          190    (15-84 p)


----- dataset: ESSP_BIS_EXPRES           ----- model: gp_multidimensional           
rot_amp                   0.00                              [fixed]
con_amp                    -51         -348          413    (15-84 p)

----- dataset:  ESSP_FIESTA1_EXPRES
jitter_0                  1.84        -0.17         0.20    (15-84 p)
offset_0                    -0          -47           36    (15-84 p)


----- dataset: ESSP_FIESTA1_EXPRES       ----- model: gp_multidimensional           
rot_amp                   0.00                              [fixed]
con_amp                      0          -96          112    (15-84 p)

----- common model:  b
P                        2.881       -0.013        0.014    (15-84 p)
K                         2.51        -0.25         0.28    (15-84 p)
mean_long                  114          -11           11    (15-84 p)
e                        0.201        -0.10        0.096    (15-84 p)
omega                     -143          -37           33    (15-84 p)

----- common model:  activity
Prot                      29.0         -3.6          3.0    (15-84 p)
Pdec                      1071         -587          610    (15-84 p)
Oamp                       5.1         -2.9          2.3    (15-84 p)

----- common model:  star_parameters

====================================================================================================
     Statistics on the derived parameters obtained from the posteriors samples     
====================================================================================================

----- common model:  b
Inclination fixed to 90 deg!
Computing planetary mass under the approximation M_planet << M_star (threshold at 30.0 Me)
M_Mj                    0.0172      -0.0017       0.0018    (15-84 p)
M_Me                      5.46        -0.53         0.57    (15-84 p)
Tc                    59334.87         -2.6         0.14    (15-84 p)
a_AU_(M)               0.03962     -0.00012      0.00012    (15-84 p)


====================================================================================================
     ------------------------------------------------------------------------------------------     
====================================================================================================



****************************************************************************************************

 Parameters corresponding to the Maximum a Posteriori probability ( -527.5246390664081 )

====================================================================================================
     Statistics on the posterior of the sampler parameters     
====================================================================================================

----- dataset:  ESSP_EXPRES
jitter_0         8      0.974150 [    0.0017,    18.9000]
offset_0         9      0.023439 [-10004.1700, 10004.5630]

----- dataset: ESSP_EXPRES               ----- model: gp_multidimensional           
con_amp         10      0.635339 [ -500.0000,   500.0000]

----- dataset:  ESSP_BIS_EXPRES
jitter_0        11      2.525539 [    0.0095,    95.0000]
offset_0        12     -0.105567 [-10007.9920, 10006.5920]

----- dataset: ESSP_BIS_EXPRES           ----- model: gp_multidimensional           
con_amp         13     -1.514031 [ -500.0000,   500.0000]

----- dataset:  ESSP_FIESTA1_EXPRES
jitter_0        14      1.769649 [    0.0077,    77.7000]
offset_0        15      0.015798 [-10004.9930, 10004.7140]

----- dataset: ESSP_FIESTA1_EXPRES       ----- model: gp_multidimensional           
con_amp         16      0.124296 [ -500.0000,   500.0000]

----- common model:  b
P                0      1.526741 [    0.5850,     3.3219]
K                1      1.387646 [   -3.3219,     2.0000]
sre_coso         2     -0.313478 [   -1.0000,     1.0000]
sre_sino         3     -0.362651 [   -1.0000,     1.0000]
mean_long        4    114.830252 [  -65.9833,   294.0167]

----- common model:  activity
Prot             5     23.524369 [   20.0000,    35.0000]
Pdec             6   1173.131746 [   10.0000,  2000.0000]
Oamp             7     -6.056175 [   -6.6439,     3.3219]

----- common model:  star_parameters

====================================================================================================
     Statistics on the model parameters obtained from the posteriors samples     
====================================================================================================

----- dataset:  ESSP_EXPRES
jitter_0              0.974150 
offset_0              0.023439 


----- dataset: ESSP_EXPRES               ----- model: gp_multidimensional           
rot_amp                   0.00 
con_amp               0.635339 

----- dataset:  ESSP_BIS_EXPRES
jitter_0              2.525539 
offset_0             -0.105567 


----- dataset: ESSP_BIS_EXPRES           ----- model: gp_multidimensional           
rot_amp                   0.00 
con_amp              -1.514031 

----- dataset:  ESSP_FIESTA1_EXPRES
jitter_0              1.769649 
offset_0              0.015798 


----- dataset: ESSP_FIESTA1_EXPRES       ----- model: gp_multidimensional           
rot_amp                   0.00 
con_amp               0.124296 

----- common model:  b
P                     2.881341 
K                     2.616514 
mean_long           114.830252 
e                     0.229785 
omega              -130.840342 

----- common model:  activity
Prot                 23.524369 
Pdec               1173.131746 
Oamp                  0.015028 

----- common model:  star_parameters

====================================================================================================
     Statistics on the derived parameters obtained from the posteriors samples     
====================================================================================================

----- common model:  b
Inclination fixed to 90 deg!
M_Mj                  0.017826 
M_Me                  5.666687 
Tc                59335.029997 
a_AU_(M)              0.039628 


====================================================================================================
     ------------------------------------------------------------------------------------------     
====================================================================================================



****************************************************************************************************

 Parameters corresponding to the sample closest to the median values ( -549.1715148373487 )

====================================================================================================
     Statistics on the posterior of the sampler parameters     
====================================================================================================

----- dataset:  ESSP_EXPRES
jitter_0         8      1.160761 [    0.0017,    18.9000]
offset_0         9    -30.087586 [-10004.1700, 10004.5630]

----- dataset: ESSP_EXPRES               ----- model: gp_multidimensional           
con_amp         10     62.966363 [ -500.0000,   500.0000]

----- dataset:  ESSP_BIS_EXPRES
jitter_0        11      2.769680 [    0.0095,    95.0000]
offset_0        12     34.131775 [-10007.9920, 10006.5920]

----- dataset: ESSP_BIS_EXPRES           ----- model: gp_multidimensional           
con_amp         13    -71.180332 [ -500.0000,   500.0000]

----- dataset:  ESSP_FIESTA1_EXPRES
jitter_0        14      1.779212 [    0.0077,    77.7000]
offset_0        15     -3.412140 [-10004.9930, 10004.7140]

----- dataset: ESSP_FIESTA1_EXPRES       ----- model: gp_multidimensional           
con_amp         16      7.453281 [ -500.0000,   500.0000]

----- common model:  b
P                0      1.529505 [    0.5850,     3.3219]
K                1      1.279255 [   -3.3219,     2.0000]
sre_coso         2     -0.373456 [   -1.0000,     1.0000]
sre_sino         3     -0.136723 [   -1.0000,     1.0000]
mean_long        4    111.230818 [  -65.9833,   294.0167]

----- common model:  activity
Prot             5     29.130522 [   20.0000,    35.0000]
Pdec             6   1016.702843 [   10.0000,  2000.0000]
Oamp             7      2.215624 [   -6.6439,     3.3219]

----- common model:  star_parameters

====================================================================================================
     Statistics on the model parameters obtained from the posteriors samples     
====================================================================================================

----- dataset:  ESSP_EXPRES
jitter_0              1.160761 
offset_0            -30.087586 


----- dataset: ESSP_EXPRES               ----- model: gp_multidimensional           
rot_amp                   0.00 
con_amp              62.966363 

----- dataset:  ESSP_BIS_EXPRES
jitter_0              2.769680 
offset_0             34.131775 


----- dataset: ESSP_BIS_EXPRES           ----- model: gp_multidimensional           
rot_amp                   0.00 
con_amp             -71.180332 

----- dataset:  ESSP_FIESTA1_EXPRES
jitter_0              1.779212 
offset_0             -3.412140 


----- dataset: ESSP_FIESTA1_EXPRES       ----- model: gp_multidimensional           
rot_amp                   0.00 
con_amp               7.453281 

----- common model:  b
P                     2.886867 
K                     2.427136 
mean_long           111.230818 
e                     0.158163 
omega              -159.892288 

----- common model:  activity
Prot                 29.130522 
Pdec               1016.702843 
Oamp                  4.644825 

----- common model:  star_parameters

====================================================================================================
     Statistics on the derived parameters obtained from the posteriors samples     
====================================================================================================

----- common model:  b
Inclination fixed to 90 deg!
M_Mj                  0.016787 
M_Me                  5.336489 
Tc                59335.048134 
a_AU_(M)              0.039678 


====================================================================================================
     ------------------------------------------------------------------------------------------     
====================================================================================================



****************************************************************************************************

Inclination fixed to 90 deg!
 *** Please provide a prior on stellar mass, radius or density *** 

Inclination fixed to 90 deg!
Inclination fixed to 90 deg!
 Plot FLAT chain 

****************************************************************************************************

Plotting full_correlation plot with pygtc

****************************************************************************************************

 Plotting the chains... 

****************************************************************************************************

 Plotting the Gelman-Rubin traces... 

     Gelman-Rubin:     8     1.030006 ESSP_EXPRES_jitter_0 
     Gelman-Rubin:     9     1.323238 ESSP_EXPRES_offset_0 
