
:::---::: PyORBIT v11.0.1 :::---:::

Python version in use:
3.10.18 (main, Jun  5 2025, 13:14:17) [GCC 11.2.0]

reloaded_optimize:  False
reloaded_pyde:  False
reloaded_emcee:  False

number of multiprocessing threads: 16
multiprocessing method (should be fork):  fork

parameters/safe_reload flag (must be True for tinygp):  False

Opening:  RVdata
Opening:  FWHMdata
Opening:  Contrastdata

Adding common model of planet:  b
Adding common model of planet:  c
Using orbital model:  keplerian
Using orbital parametrization:  Eastman2013

Using orbital model:  keplerian
Using orbital parametrization:  Eastman2013

gp_multidimensional  S+LEAF model, number of harmonics: 4

GP model: gp_multidimensional  hyperparameters_condition:    True
GP model: gp_multidimensional  rotation_decay_condition:     True

====================================================================================================
     Ids, spaces (s), boundaries (b) and priors (p) of the sampler parameters     
====================================================================================================

----- dataset:  RVdata
jitter_0      id:  13  s:Linear      b:[      0.0009,      13.3000]   p:Uniform   []
offset_0      id:  14  s:Linear      b:[ -10006.2420,   10013.7830]   p:Uniform   []
offset_1      id:  15  s:Linear      b:[ -10006.2420,   10013.7830]   p:Uniform   []
offset_2      id:  16  s:Linear      b:[ -10006.2420,   10013.7830]   p:Uniform   []
offset_3      id:  17  s:Linear      b:[ -10006.2420,   10013.7830]   p:Uniform   []

----- dataset: RVdata                    ----- model: gp_multidimensional           
rot_amp       id:  18  s:Linear      b:[      0.0000,      10.0000]   p:Uniform   []
con_amp       id:  19  s:Linear      b:[    -20.0000,      20.0000]   p:Uniform   []

----- dataset:  FWHMdata
jitter_0      id:  20  s:Linear      b:[      0.0500,     500.0000]   p:Uniform   []
offset_0      id:  21  s:Linear      b:[  -3317.3615,   16947.7259]   p:Uniform   []
offset_1      id:  22  s:Linear      b:[  -3317.3615,   16947.7259]   p:Uniform   []
offset_2      id:  23  s:Linear      b:[  -3317.3615,   16947.7259]   p:Uniform   []
offset_3      id:  24  s:Linear      b:[  -3317.3615,   16947.7259]   p:Uniform   []

----- dataset: FWHMdata                  ----- model: gp_multidimensional           
rot_amp       id:  25  s:Linear      b:[    -10.0000,      10.0000]   p:Uniform   []
con_amp       id:  26  s:Linear      b:[    -20.0000,      20.0000]   p:Uniform   []

----- dataset:  Contrastdata
jitter_0      id:  27  s:Linear      b:[      1.3000,   13000.0000]   p:Uniform   []
offset_0      id:  28  s:Linear      b:[-468150.6036, -342997.0736]   p:Uniform   []
offset_1      id:  29  s:Linear      b:[-468150.6036, -342997.0736]   p:Uniform   []
offset_2      id:  30  s:Linear      b:[-468150.6036, -342997.0736]   p:Uniform   []
offset_3      id:  31  s:Linear      b:[-468150.6036, -342997.0736]   p:Uniform   []

----- dataset: Contrastdata              ----- model: gp_multidimensional           
rot_amp       id:  32  s:Linear      b:[    -10.0000,      10.0000]   p:Uniform   []
con_amp       id:  33  s:Linear      b:[    -20.0000,      20.0000]   p:Uniform   []

----- common model:  b
P             id:   0  s:Log_Base2   b:[      0.3785,       6.6439]   p:Uniform   []
K             id:   1  s:Log_Base2   b:[     -9.9658,       3.3219]   p:Uniform   []
sre_coso      id:   2  s:Linear      b:[     -1.0000,       1.0000]   p:Uniform   []
sre_sino      id:   3  s:Linear      b:[     -1.0000,       1.0000]   p:Uniform   []
mean_long     id:   4  s:Linear      b:[      0.0000,     360.0000]   p:Uniform   []
e             derived (no id, space, bound)                           p:Gaussian   [0.    0.098]
omega         derived (no id, space, bound)                           p:Uniform   [0.0, 360.0]

----- common model:  c
P             id:   5  s:Log_Base2   b:[      0.3785,       6.6439]   p:Uniform   []
K             id:   6  s:Log_Base2   b:[     -9.9658,       3.3219]   p:Uniform   []
sre_coso      id:   7  s:Linear      b:[     -1.0000,       1.0000]   p:Uniform   []
sre_sino      id:   8  s:Linear      b:[     -1.0000,       1.0000]   p:Uniform   []
mean_long     id:   9  s:Linear      b:[      0.0000,     360.0000]   p:Uniform   []
e             derived (no id, space, bound)                           p:Gaussian   [0.    0.098]
omega         derived (no id, space, bound)                           p:Uniform   [0.0, 360.0]

----- common model:  activity
Prot          id:  10  s:Linear      b:[     20.0000,      35.0000]   p:Gaussian   [28.   0.5]
Pdec          id:  11  s:Linear      b:[     30.0000,    1000.0000]   p:Uniform   []
Oamp          id:  12  s:Log_Base2   b:[     -6.6439,       0.0000]   p:Gaussian   [0.35  0.035]

----- common model:  star_parameters
mass          derived (no id, space, bound)                           p:Gaussian   [1.e+00 1.e-06]
radius        derived (no id, space, bound)                           p:Gaussian   [1.e+00 1.e-06]
density       derived (no id, space, bound)                           p:Gaussian   [1.e+00 1.e-06]

Include priors:  True

Reference Time Tref:  59334.700184

Dimensions =  34
Nwalkers =  136

Using threading pool for PyDE: True
PyDE running
Boundaries redefined after PyDE output
PyDE completed, it took        210.9 seconds

====================================================================================================
     Starting point of the sample/optimization routines    
====================================================================================================

----- dataset:  RVdata
jitter_0        13      1.197378 [    0.0009,    13.3000]
offset_0        14      1.677964 [-10006.2420, 10013.7830]
offset_1        15      4.091705 [-10006.2420, 10013.7830]
offset_2        16      3.054796 [-10006.2420, 10013.7830]
offset_3        17      2.866249 [-10006.2420, 10013.7830]

----- dataset: RVdata                    ----- model: gp_multidimensional           
rot_amp         18      7.451956 [    0.0000,    10.0000]
con_amp         19      2.023501 [  -20.0000,    20.0000]

----- dataset:  FWHMdata
jitter_0        20      0.051731 [    0.0500,   500.0000]
offset_0        21   6694.787328 [-3317.3615, 16947.7259]
offset_1        22   6939.238674 [-3317.3615, 16947.7259]
offset_2        23   6857.760347 [-3317.3615, 16947.7259]
offset_3        24   6897.846784 [-3317.3615, 16947.7259]

----- dataset: FWHMdata                  ----- model: gp_multidimensional           
rot_amp         25     -0.302847 [  -10.0000,    10.0000]
con_amp         26     -1.816107 [  -20.0000,    20.0000]

----- dataset:  Contrastdata
jitter_0        27    185.593948 [    1.3000, 13000.0000]
offset_0        28  -353748.188505 [-468150.6036, -342997.0736]
offset_1        29  -433557.502046 [-468150.6036, -342997.0736]
offset_2        30  -457697.710792 [-468150.6036, -342997.0736]
offset_3        31  -362643.791448 [-468150.6036, -342997.0736]

----- dataset: Contrastdata              ----- model: gp_multidimensional           
rot_amp         32      9.969479 [  -10.0000,    10.0000]
con_amp         33    -19.999205 [  -20.0000,    20.0000]

----- common model:  b
P                0      2.186343 [    0.3785,     6.6439]
K                1     -0.065897 [   -9.9658,     3.3219]
sre_coso         2     -0.010632 [   -1.0000,     1.0000]
sre_sino         3      0.217777 [   -1.0000,     1.0000]
mean_long        4    359.767284 [  179.7673,   539.7673]

----- common model:  c
P                5      1.066457 [    0.3785,     6.6439]
K                6      0.083408 [   -9.9658,     3.3219]
sre_coso         7      0.215442 [   -1.0000,     1.0000]
sre_sino         8      0.491212 [   -1.0000,     1.0000]
mean_long        9     80.829520 [  -99.1705,   260.8295]

----- common model:  activity
Prot            10     28.426409 [   20.0000,    35.0000]
Pdec            11     30.001197 [   30.0000,  1000.0000]
Oamp            12     -1.289129 [   -6.6439,     0.0000]

----- common model:  star_parameters

====================================================================================================
     Starting point projected onto the model parameter space     
====================================================================================================

----- dataset:  RVdata
jitter_0              1.197378 
offset_0              1.677964 
offset_1              4.091705 
offset_2              3.054796 
offset_3              2.866249 


----- dataset: RVdata                    ----- model: gp_multidimensional           
rot_amp               7.451956 
con_amp               2.023501 

----- dataset:  FWHMdata
jitter_0              0.051731 
offset_0           6694.787328 
offset_1           6939.238674 
offset_2           6857.760347 
offset_3           6897.846784 


----- dataset: FWHMdata                  ----- model: gp_multidimensional           
rot_amp              -0.302847 
con_amp              -1.816107 

----- dataset:  Contrastdata
jitter_0            185.593948 
offset_0        -353748.188505 
offset_1        -433557.502046 
offset_2        -457697.710792 
offset_3        -362643.791448 


----- dataset: Contrastdata              ----- model: gp_multidimensional           
rot_amp               9.969479 
con_amp             -19.999205 

----- common model:  b
P                     4.551504 
K                     0.955351 
mean_long           359.767284 
e                     0.047540 
omega                92.795027 

----- common model:  c
P                     2.094284 
K                     1.059518 
mean_long            80.829520 
e                     0.287705 
omega                66.318077 

----- common model:  activity
Prot                 28.426409 
Pdec                 30.001197 
Oamp                  0.409198 

----- common model:  star_parameters

====================================================================================================
     Derived parameters obtained from starting point     
====================================================================================================

----- common model:  b
Inclination fixed to 90 deg!
a_Rs                 11.552760 
M_Mj                  0.007780 
M_Me                  2.473096 
Tc                59335.844245 
a_AU_(M)              0.053749 
a_AU_(rho,R)          0.053749 

----- common model:  c
Inclination fixed to 90 deg!
a_Rs                  6.885549 
M_Mj                  0.006386 
M_Me                  2.030219 
Tc                59336.783970 
a_AU_(M)              0.032035 
a_AU_(rho,R)          0.032035 


====================================================================================================
     Statistics on the log-likelihood     
====================================================================================================

 LN probability: -3874.362177 

====================================================================================================
     ------------------------------------------------------------------------------------------     
====================================================================================================



*************************************************************

Running emcee

emcee version:  3.1.6
Using threading pool for emcee: True

Saving temporary steps


Computing the autocorrelation time of the chains

***** WARNING ******
The integrated autocorrelation time cannot be reliably estimated
likely the chains are too short, and ACF analysis is not fully reliable
emcee.autocorr.integrated_time tolerance lowered to 20
If you still get a warning, you should drop these results entirely
Chains too short to apply convergence criteria
They should be at least 350*nthin = 52500

====================================================================================================
     Statistics on the posterior of the sampler parameters     
====================================================================================================

----- dataset:  RVdata
jitter_0        13         1.241       -0.051        0.057   (15-84 p)   [    0.0009,    13.3000]
offset_0        14           2.0         -1.1          1.1   (15-84 p)   [-10006.2420, 10013.7830]
offset_1        15           4.4         -1.1          1.1   (15-84 p)   [-10006.2420, 10013.7830]
offset_2        16           3.4         -1.1          1.1   (15-84 p)   [-10006.2420, 10013.7830]
offset_3        17           3.2         -1.1          1.1   (15-84 p)   [-10006.2420, 10013.7830]

----- dataset: RVdata                    ----- model: gp_multidimensional           
rot_amp         18           8.0         -1.4          1.3   (15-84 p)   [    0.0000,    10.0000]
con_amp         19          2.36        -0.33         0.43   (15-84 p)   [  -20.0000,    20.0000]

----- dataset:  FWHMdata
jitter_0        20          0.35        -0.21         0.31   (15-84 p)   [    0.0500,   500.0000]
offset_0        21        6694.6         -1.1          1.1   (15-84 p)   [-3317.3615, 16947.7259]
offset_1        22        6939.1         -1.4          1.3   (15-84 p)   [-3317.3615, 16947.7259]
offset_2        23        6857.6         -1.1          1.1   (15-84 p)   [-3317.3615, 16947.7259]
offset_3        24        6897.7         -1.1          1.1   (15-84 p)   [-3317.3615, 16947.7259]

----- dataset: FWHMdata                  ----- model: gp_multidimensional           
rot_amp         25           0.0         -1.9          2.0   (15-84 p)   [  -10.0000,    10.0000]
con_amp         26         -2.12        -0.43         0.35   (15-84 p)   [  -20.0000,    20.0000]

----- dataset:  Contrastdata
jitter_0        27           192          -11           12   (15-84 p)   [    1.3000, 13000.0000]
offset_0        28       -353749          -23           24   (15-84 p)   [-468150.6036, -342997.0736]
offset_1        29       -433551          -43           42   (15-84 p)   [-468150.6036, -342997.0736]
offset_2        30       -457699          -28           27   (15-84 p)   [-468150.6036, -342997.0736]
offset_3        31       -362644          -26           27   (15-84 p)   [-468150.6036, -342997.0736]

----- dataset: Contrastdata              ----- model: gp_multidimensional           
rot_amp         32           1.1         -7.0          6.2   (15-84 p)   [  -10.0000,    10.0000]
con_amp         33        -19.52        -0.36         0.85   (15-84 p)   [  -20.0000,    20.0000]

----- common model:  b
P                0        2.1892      -0.0083       0.0095   (15-84 p)   [    0.3785,     6.6439]
K                1         -0.31        -0.36         0.28   (15-84 p)   [   -9.9658,     3.3219]
sre_coso         2          0.00        -0.20         0.20   (15-84 p)   [   -1.0000,     1.0000]
sre_sino         3          0.09        -0.22         0.20   (15-84 p)   [   -1.0000,     1.0000]
mean_long        4           366          -28           31   (15-84 p)   [  179.7673,   539.7673]

----- common model:  c
P                5        1.0671      -0.0025       0.0028   (15-84 p)   [    0.3785,     6.6439]
K                6         -0.15        -0.29         0.24   (15-84 p)   [   -9.9658,     3.3219]
sre_coso         7          0.08        -0.25         0.21   (15-84 p)   [   -1.0000,     1.0000]
sre_sino         8          0.36        -0.19         0.12   (15-84 p)   [   -1.0000,     1.0000]
mean_long        9            84          -18           20   (15-84 p)   [  -99.1705,   260.8295]

----- common model:  activity
Prot            10         28.37        -0.36         0.38   (15-84 p)   [   20.0000,    35.0000]
Pdec            11         31.09        -0.81          1.6   (15-84 p)   [   30.0000,  1000.0000]
Oamp            12        -1.308        -0.11        0.099   (15-84 p)   [   -6.6439,     0.0000]

----- common model:  star_parameters

====================================================================================================
     Statistics on the model parameters obtained from the posteriors samples     
====================================================================================================

----- dataset:  RVdata
jitter_0                 1.241       -0.051        0.057    (15-84 p)
offset_0                   2.0         -1.1          1.1    (15-84 p)
offset_1                   4.4         -1.1          1.1    (15-84 p)
offset_2                   3.4         -1.1          1.1    (15-84 p)
offset_3                   3.2         -1.1          1.1    (15-84 p)


----- dataset: RVdata                    ----- model: gp_multidimensional           
rot_amp                    8.0         -1.4          1.3    (15-84 p)
con_amp                   2.36        -0.33         0.43    (15-84 p)

----- dataset:  FWHMdata
jitter_0                  0.35        -0.21         0.31    (15-84 p)
offset_0                6694.6         -1.1          1.1    (15-84 p)
offset_1                6939.1         -1.4          1.3    (15-84 p)
offset_2                6857.6         -1.1          1.1    (15-84 p)
offset_3                6897.7         -1.1          1.1    (15-84 p)


----- dataset: FWHMdata                  ----- model: gp_multidimensional           
rot_amp                    0.0         -1.9          2.0    (15-84 p)
con_amp                  -2.12        -0.43         0.35    (15-84 p)

----- dataset:  Contrastdata
jitter_0                   192          -11           12    (15-84 p)
offset_0               -353749          -23           24    (15-84 p)
offset_1               -433551          -43           42    (15-84 p)
offset_2               -457699          -28           27    (15-84 p)
offset_3               -362644          -26           27    (15-84 p)


----- dataset: Contrastdata              ----- model: gp_multidimensional           
rot_amp                    1.1         -7.0          6.2    (15-84 p)
con_amp                 -19.52        -0.36         0.85    (15-84 p)

----- common model:  b
P                        4.561       -0.026        0.030    (15-84 p)
K                         0.80        -0.18         0.17    (15-84 p)
mean_long                  366          -28           31    (15-84 p)
e                        0.068       -0.047        0.072    (15-84 p)
omega                       50         -152           77    (15-84 p)

----- common model:  c
P                       2.0953      -0.0036       0.0041    (15-84 p)
K                         0.90        -0.17         0.16    (15-84 p)
mean_long                   84          -18           20    (15-84 p)
e                        0.182       -0.098         0.10    (15-84 p)
omega                       76          -34           41    (15-84 p)

----- common model:  activity
Prot                     28.37        -0.36         0.38    (15-84 p)
Pdec                     31.09        -0.81          1.6    (15-84 p)
Oamp                     0.404       -0.030        0.029    (15-84 p)

----- common model:  star_parameters

====================================================================================================
     Statistics on the derived parameters obtained from the posteriors samples     
====================================================================================================

----- common model:  b
Inclination fixed to 90 deg!
Computing planetary mass under the approximation M_planet << M_star (threshold at 30.0 Me)
a_Rs                    11.568       -0.045        0.051    (15-84 p)
M_Mj                    0.0065      -0.0014       0.0014    (15-84 p)
M_Me                      2.08        -0.46         0.44    (15-84 p)
Tc                    59335.79        -0.38         0.40    (15-84 p)
a_AU_(M)               0.05382     -0.00021      0.00024    (15-84 p)
a_AU_(rho,R)           0.05382     -0.00021      0.00024    (15-84 p)

----- common model:  c
Inclination fixed to 90 deg!
Computing planetary mass under the approximation M_planet << M_star (threshold at 30.0 Me)
a_Rs                    6.8877      -0.0080       0.0089    (15-84 p)
M_Mj                   0.00557     -0.00100      0.00096    (15-84 p)
M_Me                      1.77        -0.32         0.30    (15-84 p)
Tc                    59334.94        -0.20          1.8    (15-84 p)
a_AU_(M)              0.032045    -0.000037     0.000041    (15-84 p)
a_AU_(rho,R)          0.032045    -0.000037     0.000041    (15-84 p)


====================================================================================================
     ------------------------------------------------------------------------------------------     
====================================================================================================



15000.0   steps completed, average lnprob:,  -3892.975571742798


Computing the autocorrelation time of the chains

***** WARNING ******
The integrated autocorrelation time cannot be reliably estimated
likely the chains are too short, and ACF analysis is not fully reliable
emcee.autocorr.integrated_time tolerance lowered to 20
If you still get a warning, you should drop these results entirely

Reference thinning used in the analysis: 150
Maximum value of the integrated ACF: 9
Step length used in the analysis: 9*nthin = 1350

Convergence criteria: less than 1% variation in ACF after 20 times the integrated ACF
At least 50*ACF after convergence, 100*ACF would be ideal
Negative values: not converged yet

   sampler parameter              |    ACF   | ACF*nthin | converged at | nsteps/ACF | to 100*ACF
                                  |          |           |              |            | 
   RVdata_jitter_0                |    6.38  |      956  |       -1     |      -1    |   96601 
   RVdata_offset_0                |    6.55  |      983  |       -1     |      -1    |   99266 
   RVdata_offset_1                |    6.51  |      976  |       -1     |      -1    |   98614 
   RVdata_offset_2                |    6.54  |      981  |       -1     |      -1    |   99090 
   RVdata_offset_3                |    6.43  |      964  |       -1     |      -1    |   97409 
   RVdata_gp_multidimensional_rot_amp |    6.90  |     1035  |       -1     |      -1    |  104518 
   RVdata_gp_multidimensional_con_amp |    7.41  |     1111  |       -1     |      -1    |  112244 
   FWHMdata_jitter_0              |    6.79  |     1018  |       -1     |      -1    |  102798 
   FWHMdata_offset_0              |    6.58  |      986  |       -1     |      -1    |   99623 
   FWHMdata_offset_1              |    6.20  |      930  |       -1     |      -1    |   93970 
   FWHMdata_offset_2              |    6.59  |      989  |       -1     |      -1    |   99860 
   FWHMdata_offset_3              |    6.24  |      936  |       -1     |      -1    |   94520 
   FWHMdata_gp_multidimensional_rot_amp |    5.99  |      898  |       -1     |      -1    |   90719 
   FWHMdata_gp_multidimensional_con_amp |    7.37  |     1105  |       -1     |      -1    |  111630 
   Contrastdata_jitter_0          |    5.75  |      863  |       -1     |      -1    |   87172 
   Contrastdata_offset_0          |    6.62  |      993  |       -1     |      -1    |  100291 
   Contrastdata_offset_1          |    6.52  |      978  |       -1     |      -1    |   98756 
   Contrastdata_offset_2          |    6.39  |      959  |       -1     |      -1    |   96853 
   Contrastdata_offset_3          |    7.13  |     1070  |       -1     |      -1    |  108061 
   Contrastdata_gp_multidimensional_rot_amp |    7.19  |     1079  |       -1     |      -1    |  108952 
   Contrastdata_gp_multidimensional_con_amp |    9.47  |     1420  |       -1     |      -1    |  143411 
   b_P                            |    6.87  |     1030  |       -1     |      -1    |  104062 
   b_K                            |    6.54  |      982  |       -1     |      -1    |   99140 
   b_sre_coso                     |    6.78  |     1017  |       -1     |      -1    |  102711 
   b_sre_sino                     |    6.78  |     1018  |       -1     |      -1    |  102784 
   b_mean_long                    |    6.75  |     1013  |       -1     |      -1    |  102282 
   c_P                            |    6.85  |     1027  |       -1     |      -1    |  103705 
   c_K                            |    6.40  |      960  |       -1     |      -1    |   96930 
   c_sre_coso                     |    7.59  |     1138  |       -1     |      -1    |  114945 
   c_sre_sino                     |    7.32  |     1099  |       -1     |      -1    |  110962 
   c_mean_long                    |    6.87  |     1030  |       -1     |      -1    |  104028 
   activity_Prot                  |    6.11  |      917  |       -1     |      -1    |   92589 
   activity_Pdec                  |    9.80  |     1469  |       -1     |      -1    |  148408 
   activity_Oamp                  |    6.59  |      988  |       -1     |      -1    |   99826 

    34 chains have not converged yet, keep going 

Check the documentation for the correct interpretation of these results:
https://pyorbit.readthedocs.io/running_pyorbit/terminal_output/#autocorrelation-analysis

====================================================================================================
     Statistics on the posterior of the sampler parameters     
====================================================================================================

----- dataset:  RVdata
jitter_0        13         1.240       -0.054        0.056   (15-84 p)   [    0.0009,    13.3000]
offset_0        14           2.0         -1.1          1.1   (15-84 p)   [-10006.2420, 10013.7830]
offset_1        15           4.4         -1.1          1.1   (15-84 p)   [-10006.2420, 10013.7830]
offset_2        16           3.4         -1.1          1.1   (15-84 p)   [-10006.2420, 10013.7830]
offset_3        17           3.2         -1.1          1.1   (15-84 p)   [-10006.2420, 10013.7830]

----- dataset: RVdata                    ----- model: gp_multidimensional           
rot_amp         18           8.1         -1.4          1.2   (15-84 p)   [    0.0000,    10.0000]
con_amp         19          2.37        -0.34         0.43   (15-84 p)   [  -20.0000,    20.0000]

----- dataset:  FWHMdata
jitter_0        20          0.33        -0.20         0.30   (15-84 p)   [    0.0500,   500.0000]
offset_0        21        6694.6         -1.1          1.1   (15-84 p)   [-3317.3615, 16947.7259]
offset_1        22        6939.1         -1.4          1.4   (15-84 p)   [-3317.3615, 16947.7259]
offset_2        23        6857.6         -1.1          1.1   (15-84 p)   [-3317.3615, 16947.7259]
offset_3        24        6897.6         -1.1          1.1   (15-84 p)   [-3317.3615, 16947.7259]

----- dataset: FWHMdata                  ----- model: gp_multidimensional           
rot_amp         25           0.1         -2.0          2.0   (15-84 p)   [  -10.0000,    10.0000]
con_amp         26         -2.13        -0.42         0.34   (15-84 p)   [  -20.0000,    20.0000]

----- dataset:  Contrastdata
jitter_0        27           192          -11           12   (15-84 p)   [    1.3000, 13000.0000]
offset_0        28       -353749          -24           24   (15-84 p)   [-468150.6036, -342997.0736]
offset_1        29       -433551          -45           44   (15-84 p)   [-468150.6036, -342997.0736]
offset_2        30       -457697          -27           26   (15-84 p)   [-468150.6036, -342997.0736]
offset_3        31       -362644          -26           26   (15-84 p)   [-468150.6036, -342997.0736]

----- dataset: Contrastdata              ----- model: gp_multidimensional           
rot_amp         32           1.0         -7.1          6.3   (15-84 p)   [  -10.0000,    10.0000]
con_amp         33        -19.44        -0.42         0.92   (15-84 p)   [  -20.0000,    20.0000]

----- common model:  b
P                0        2.1888      -0.0082       0.0089   (15-84 p)   [    0.3785,     6.6439]
K                1         -0.32        -0.33         0.27   (15-84 p)   [   -9.9658,     3.3219]
sre_coso         2          0.00        -0.19         0.20   (15-84 p)   [   -1.0000,     1.0000]
sre_sino         3          0.09        -0.22         0.20   (15-84 p)   [   -1.0000,     1.0000]
mean_long        4           365          -27           30   (15-84 p)   [  179.7673,   539.7673]

----- common model:  c
P                5        1.0670      -0.0025       0.0028   (15-84 p)   [    0.3785,     6.6439]
K                6         -0.15        -0.30         0.24   (15-84 p)   [   -9.9658,     3.3219]
sre_coso         7          0.07        -0.25         0.22   (15-84 p)   [   -1.0000,     1.0000]
sre_sino         8          0.35        -0.20         0.13   (15-84 p)   [   -1.0000,     1.0000]
mean_long        9            84          -19           20   (15-84 p)   [  -99.1705,   260.8295]

----- common model:  activity
Prot            10         28.38        -0.39         0.38   (15-84 p)   [   20.0000,    35.0000]
Pdec            11          31.3         -1.0          1.9   (15-84 p)   [   30.0000,  1000.0000]
Oamp            12        -1.311        -0.10        0.099   (15-84 p)   [   -6.6439,     0.0000]

----- common model:  star_parameters

====================================================================================================
     Statistics on the model parameters obtained from the posteriors samples     
====================================================================================================

----- dataset:  RVdata
jitter_0                 1.240       -0.054        0.056    (15-84 p)
offset_0                   2.0         -1.1          1.1    (15-84 p)
offset_1                   4.4         -1.1          1.1    (15-84 p)
offset_2                   3.4         -1.1          1.1    (15-84 p)
offset_3                   3.2         -1.1          1.1    (15-84 p)


----- dataset: RVdata                    ----- model: gp_multidimensional           
rot_amp                    8.1         -1.4          1.2    (15-84 p)
con_amp                   2.37        -0.34         0.43    (15-84 p)

----- dataset:  FWHMdata
jitter_0                  0.33        -0.20         0.30    (15-84 p)
offset_0                6694.6         -1.1          1.1    (15-84 p)
offset_1                6939.1         -1.4          1.4    (15-84 p)
offset_2                6857.6         -1.1          1.1    (15-84 p)
offset_3                6897.6         -1.1          1.1    (15-84 p)


----- dataset: FWHMdata                  ----- model: gp_multidimensional           
rot_amp                    0.1         -2.0          2.0    (15-84 p)
con_amp                  -2.13        -0.42         0.34    (15-84 p)

----- dataset:  Contrastdata
jitter_0                   192          -11           12    (15-84 p)
offset_0               -353749          -24           24    (15-84 p)
offset_1               -433551          -45           44    (15-84 p)
offset_2               -457697          -27           26    (15-84 p)
offset_3               -362644          -26           26    (15-84 p)


----- dataset: Contrastdata              ----- model: gp_multidimensional           
rot_amp                    1.0         -7.1          6.3    (15-84 p)
con_amp                 -19.44        -0.42         0.92    (15-84 p)

----- common model:  b
P                        4.559       -0.026        0.028    (15-84 p)
K                         0.80        -0.17         0.16    (15-84 p)
mean_long                  365          -27           30    (15-84 p)
e                        0.066       -0.047        0.074    (15-84 p)
omega                       50         -151           76    (15-84 p)

----- common model:  c
P                       2.0951      -0.0037       0.0041    (15-84 p)
K                         0.90        -0.17         0.16    (15-84 p)
mean_long                   84          -19           20    (15-84 p)
e                        0.177       -0.099         0.11    (15-84 p)
omega                       75          -37           42    (15-84 p)

----- common model:  activity
Prot                     28.38        -0.39         0.38    (15-84 p)
Pdec                      31.3         -1.0          1.9    (15-84 p)
Oamp                     0.403       -0.028        0.029    (15-84 p)

----- common model:  star_parameters

====================================================================================================
     Statistics on the derived parameters obtained from the posteriors samples     
====================================================================================================

----- common model:  b
Inclination fixed to 90 deg!
Computing planetary mass under the approximation M_planet << M_star (threshold at 30.0 Me)
a_Rs                    11.566       -0.044        0.048    (15-84 p)
M_Mj                    0.0065      -0.0013       0.0013    (15-84 p)
M_Me                      2.07        -0.42         0.43    (15-84 p)
Tc                    59335.79        -0.36         0.38    (15-84 p)
a_AU_(M)               0.05381     -0.00020      0.00022    (15-84 p)
a_AU_(rho,R)           0.05381     -0.00020      0.00022    (15-84 p)

----- common model:  c
Inclination fixed to 90 deg!
Computing planetary mass under the approximation M_planet << M_star (threshold at 30.0 Me)
a_Rs                    6.8874      -0.0081       0.0089    (15-84 p)
M_Mj                   0.00556      -0.0010      0.00096    (15-84 p)
M_Me                      1.77        -0.32         0.31    (15-84 p)
Tc                    59334.93        -0.19          1.8    (15-84 p)
a_AU_(M)              0.032044    -0.000037     0.000041    (15-84 p)
a_AU_(rho,R)          0.032044    -0.000038     0.000041    (15-84 p)


====================================================================================================
     ------------------------------------------------------------------------------------------     
====================================================================================================



30000.0   steps completed, average lnprob:,  -3893.0701311381645


Computing the autocorrelation time of the chains

***** WARNING ******
The integrated autocorrelation time cannot be reliably estimated
likely the chains are too short, and ACF analysis is not fully reliable
emcee.autocorr.integrated_time tolerance lowered to 20
If you still get a warning, you should drop these results entirely

Reference thinning used in the analysis: 150
Maximum value of the integrated ACF: 10
Step length used in the analysis: 10*nthin = 1500

Convergence criteria: less than 1% variation in ACF after 20 times the integrated ACF
At least 50*ACF after convergence, 100*ACF would be ideal
Negative values: not converged yet

   sampler parameter              |    ACF   | ACF*nthin | converged at | nsteps/ACF | to 100*ACF
                                  |          |           |              |            | 
   RVdata_jitter_0                |    7.10  |     1065  |    42000     |       3    |  103480 
   RVdata_offset_0                |    7.36  |     1103  |    39000     |       5    |  104343 
   RVdata_offset_1                |    7.29  |     1093  |    39000     |       5    |  103282 
   RVdata_offset_2                |    7.38  |     1108  |    39000     |       5    |  104763 
   RVdata_offset_3                |    7.28  |     1091  |    42000     |       3    |  106144 
   RVdata_gp_multidimensional_rot_amp |    7.67  |     1151  |    42000     |       3    |  112091 
   RVdata_gp_multidimensional_con_amp |    8.70  |     1304  |       -1     |      -1    |  131748 
   FWHMdata_jitter_0              |    7.49  |     1124  |       -1     |      -1    |  113493 
   FWHMdata_offset_0              |    7.47  |     1120  |       -1     |      -1    |  113167 
   FWHMdata_offset_1              |    7.09  |     1063  |    42000     |       3    |  103292 
   FWHMdata_offset_2              |    7.25  |     1088  |    42000     |       3    |  105784 
   FWHMdata_offset_3              |    7.06  |     1059  |    40500     |       4    |  101419 
   FWHMdata_gp_multidimensional_rot_amp |    6.79  |     1019  |    39000     |       6    |   95888 
   FWHMdata_gp_multidimensional_con_amp |    8.63  |     1294  |       -1     |      -1    |  130733 
   Contrastdata_jitter_0          |    6.70  |     1004  |    37500     |       7    |   92947 
   Contrastdata_offset_0          |    7.30  |     1095  |    43500     |       1    |  108045 
   Contrastdata_offset_1          |    7.13  |     1069  |    40500     |       4    |  102427 
   Contrastdata_offset_2          |    7.30  |     1094  |    42000     |       3    |  106426 
   Contrastdata_offset_3          |    7.52  |     1128  |    37500     |       7    |  105264 
   Contrastdata_gp_multidimensional_rot_amp |    7.88  |     1182  |    40500     |       4    |  113713 
   Contrastdata_gp_multidimensional_con_amp |   10.20  |     1530  |    43500     |       1    |  151490 
   b_P                            |    7.47  |     1121  |    40500     |       4    |  107576 
   b_K                            |    7.54  |     1132  |       -1     |      -1    |  114301 
   b_sre_coso                     |    7.49  |     1123  |    39000     |       5    |  106299 
   b_sre_sino                     |    7.58  |     1136  |    37500     |       7    |  106129 
   b_mean_long                    |    7.39  |     1108  |    43500     |       1    |  109312 
   c_P                            |    7.76  |     1164  |       -1     |      -1    |  117608 
   c_K                            |    7.56  |     1134  |    40500     |       4    |  108862 
   c_sre_coso                     |    8.19  |     1229  |    43500     |       1    |  121420 
   c_sre_sino                     |    8.70  |     1305  |       -1     |      -1    |  131830 
   c_mean_long                    |    7.69  |     1154  |       -1     |      -1    |  116507 
   activity_Prot                  |    7.00  |     1050  |    39000     |       6    |   99040 
   activity_Pdec                  |   10.32  |     1548  |    37500     |       5    |  147256 
   activity_Oamp                  |    7.05  |     1057  |    34500     |      10    |   95249 

     8 chains have not converged yet, keep going 

Check the documentation for the correct interpretation of these results:
https://pyorbit.readthedocs.io/running_pyorbit/terminal_output/#autocorrelation-analysis

====================================================================================================
     Statistics on the posterior of the sampler parameters     
====================================================================================================

----- dataset:  RVdata
jitter_0        13         1.240       -0.053        0.058   (15-84 p)   [    0.0009,    13.3000]
offset_0        14           2.0         -1.1          1.1   (15-84 p)   [-10006.2420, 10013.7830]
offset_1        15           4.4         -1.1          1.1   (15-84 p)   [-10006.2420, 10013.7830]
offset_2        16           3.4         -1.1          1.1   (15-84 p)   [-10006.2420, 10013.7830]
offset_3        17           3.2         -1.1          1.1   (15-84 p)   [-10006.2420, 10013.7830]

----- dataset: RVdata                    ----- model: gp_multidimensional           
rot_amp         18           8.1         -1.4          1.2   (15-84 p)   [    0.0000,    10.0000]
con_amp         19          2.38        -0.34         0.45   (15-84 p)   [  -20.0000,    20.0000]

----- dataset:  FWHMdata
jitter_0        20          0.33        -0.20         0.30   (15-84 p)   [    0.0500,   500.0000]
offset_0        21        6694.6         -1.1          1.1   (15-84 p)   [-3317.3615, 16947.7259]
offset_1        22        6939.1         -1.4          1.4   (15-84 p)   [-3317.3615, 16947.7259]
offset_2        23        6857.6         -1.1          1.1   (15-84 p)   [-3317.3615, 16947.7259]
offset_3        24        6897.7         -1.1          1.1   (15-84 p)   [-3317.3615, 16947.7259]

----- dataset: FWHMdata                  ----- model: gp_multidimensional           
rot_amp         25           0.1         -2.1          2.0   (15-84 p)   [  -10.0000,    10.0000]
con_amp         26         -2.13        -0.43         0.35   (15-84 p)   [  -20.0000,    20.0000]

----- dataset:  Contrastdata
jitter_0        27           192          -11           12   (15-84 p)   [    1.3000, 13000.0000]
offset_0        28       -353748          -24           24   (15-84 p)   [-468150.6036, -342997.0736]
offset_1        29       -433551          -44           44   (15-84 p)   [-468150.6036, -342997.0736]
offset_2        30       -457697          -27           27   (15-84 p)   [-468150.6036, -342997.0736]
offset_3        31       -362644          -26           26   (15-84 p)   [-468150.6036, -342997.0736]

----- dataset: Contrastdata              ----- model: gp_multidimensional           
rot_amp         32           1.1         -7.2          6.3   (15-84 p)   [  -10.0000,    10.0000]
con_amp         33        -19.42        -0.43         0.98   (15-84 p)   [  -20.0000,    20.0000]

----- common model:  b
P                0        2.1888      -0.0081       0.0087   (15-84 p)   [    0.3785,     6.6439]
K                1         -0.31        -0.33         0.27   (15-84 p)   [   -9.9658,     3.3219]
sre_coso         2          0.00        -0.19         0.20   (15-84 p)   [   -1.0000,     1.0000]
sre_sino         3          0.10        -0.22         0.20   (15-84 p)   [   -1.0000,     1.0000]
mean_long        4           365          -27           29   (15-84 p)   [  179.7673,   539.7673]

----- common model:  c
P                5        1.0670      -0.0025       0.0028   (15-84 p)   [    0.3785,     6.6439]
K                6         -0.15        -0.30         0.24   (15-84 p)   [   -9.9658,     3.3219]
sre_coso         7          0.07        -0.26         0.23   (15-84 p)   [   -1.0000,     1.0000]
sre_sino         8          0.35        -0.20         0.13   (15-84 p)   [   -1.0000,     1.0000]
mean_long        9            84          -19           20   (15-84 p)   [  -99.1705,   260.8295]

----- common model:  activity
Prot            10         28.37        -0.38         0.38   (15-84 p)   [   20.0000,    35.0000]
Pdec            11         31.28        -0.96          1.9   (15-84 p)   [   30.0000,  1000.0000]
Oamp            12        -1.313        -0.11        0.098   (15-84 p)   [   -6.6439,     0.0000]

----- common model:  star_parameters

====================================================================================================
     Statistics on the model parameters obtained from the posteriors samples     
====================================================================================================

----- dataset:  RVdata
jitter_0                 1.240       -0.053        0.058    (15-84 p)
offset_0                   2.0         -1.1          1.1    (15-84 p)
offset_1                   4.4         -1.1          1.1    (15-84 p)
offset_2                   3.4         -1.1          1.1    (15-84 p)
offset_3                   3.2         -1.1          1.1    (15-84 p)


----- dataset: RVdata                    ----- model: gp_multidimensional           
rot_amp                    8.1         -1.4          1.2    (15-84 p)
con_amp                   2.38        -0.34         0.45    (15-84 p)

----- dataset:  FWHMdata
jitter_0                  0.33        -0.20         0.30    (15-84 p)
offset_0                6694.6         -1.1          1.1    (15-84 p)
offset_1                6939.1         -1.4          1.4    (15-84 p)
offset_2                6857.6         -1.1          1.1    (15-84 p)
offset_3                6897.7         -1.1          1.1    (15-84 p)


----- dataset: FWHMdata                  ----- model: gp_multidimensional           
rot_amp                    0.1         -2.1          2.0    (15-84 p)
con_amp                  -2.13        -0.43         0.35    (15-84 p)

----- dataset:  Contrastdata
jitter_0                   192          -11           12    (15-84 p)
offset_0               -353748          -24           24    (15-84 p)
offset_1               -433551          -44           44    (15-84 p)
offset_2               -457697          -27           27    (15-84 p)
offset_3               -362644          -26           26    (15-84 p)


----- dataset: Contrastdata              ----- model: gp_multidimensional           
rot_amp                    1.1         -7.2          6.3    (15-84 p)
con_amp                 -19.42        -0.43         0.98    (15-84 p)

----- common model:  b
P                        4.559       -0.025        0.028    (15-84 p)
K                         0.80        -0.17         0.17    (15-84 p)
mean_long                  365          -27           29    (15-84 p)
e                        0.066       -0.047        0.073    (15-84 p)
omega                       53         -150           74    (15-84 p)

----- common model:  c
P                       2.0951      -0.0037       0.0040    (15-84 p)
K                         0.90        -0.17         0.16    (15-84 p)
mean_long                   84          -19           20    (15-84 p)
e                        0.176       -0.100         0.11    (15-84 p)
omega                       76          -36           43    (15-84 p)

----- common model:  activity
Prot                     28.37        -0.38         0.38    (15-84 p)
Pdec                     31.28        -0.96          1.9    (15-84 p)
Oamp                     0.403       -0.029        0.028    (15-84 p)

----- common model:  star_parameters

====================================================================================================
     Statistics on the derived parameters obtained from the posteriors samples     
====================================================================================================

----- common model:  b
Inclination fixed to 90 deg!
Computing planetary mass under the approximation M_planet << M_star (threshold at 30.0 Me)
a_Rs                    11.566       -0.043        0.047    (15-84 p)
M_Mj                    0.0065      -0.0013       0.0013    (15-84 p)
M_Me                      2.08        -0.43         0.43    (15-84 p)
Tc                    59335.79        -0.37         0.38    (15-84 p)
a_AU_(M)               0.05381     -0.00020      0.00022    (15-84 p)
a_AU_(rho,R)           0.05381     -0.00020      0.00022    (15-84 p)

----- common model:  c
Inclination fixed to 90 deg!
Computing planetary mass under the approximation M_planet << M_star (threshold at 30.0 Me)
a_Rs                    6.8874      -0.0080       0.0089    (15-84 p)
M_Mj                   0.00557     -0.00100      0.00096    (15-84 p)
M_Me                      1.77        -0.32         0.31    (15-84 p)
Tc                    59334.93        -0.18          1.8    (15-84 p)
a_AU_(M)              0.032043    -0.000037     0.000041    (15-84 p)
a_AU_(rho,R)          0.032043    -0.000037     0.000041    (15-84 p)


====================================================================================================
     ------------------------------------------------------------------------------------------     
====================================================================================================



45000.0   steps completed, average lnprob:,  -3892.964435576724


Computing the autocorrelation time of the chains

***** WARNING ******
The integrated autocorrelation time cannot be reliably estimated
likely the chains are too short, and ACF analysis is not fully reliable
emcee.autocorr.integrated_time tolerance lowered to 20
If you still get a warning, you should drop these results entirely

Reference thinning used in the analysis: 150
Maximum value of the integrated ACF: 11
Step length used in the analysis: 11*nthin = 1650

Convergence criteria: less than 1% variation in ACF after 20 times the integrated ACF
At least 50*ACF after convergence, 100*ACF would be ideal
Negative values: not converged yet

   sampler parameter              |    ACF   | ACF*nthin | converged at | nsteps/ACF | to 100*ACF
                                  |          |           |              |            | 
   RVdata_jitter_0                |    7.56  |     1135  |    46200     |      12    |   99662 
   RVdata_offset_0                |    7.69  |     1153  |    41250     |      16    |   96597 
   RVdata_offset_1                |    7.72  |     1158  |    41250     |      16    |   97092 
   RVdata_offset_2                |    7.76  |     1164  |    47850     |      10    |  104290 
   RVdata_offset_3                |    7.69  |     1153  |    39600     |      18    |   94936 
   RVdata_gp_multidimensional_rot_amp |    8.11  |     1217  |    42900     |      14    |  104606 
   RVdata_gp_multidimensional_con_amp |    8.99  |     1349  |    51150     |       7    |  126021 
   FWHMdata_jitter_0              |    8.11  |     1216  |    44550     |      13    |  106137 
   FWHMdata_offset_0              |    7.80  |     1169  |    47850     |      10    |  104798 
   FWHMdata_offset_1              |    7.78  |     1167  |    49500     |       9    |  106209 
   FWHMdata_offset_2              |    7.59  |     1139  |    41250     |      16    |   95169 
   FWHMdata_offset_3              |    7.60  |     1140  |    47850     |      11    |  101852 
   FWHMdata_gp_multidimensional_rot_amp |    7.20  |     1080  |    41250     |      17    |   89276 
   FWHMdata_gp_multidimensional_con_amp |    8.78  |     1317  |    54450     |       4    |  126121 
   Contrastdata_jitter_0          |    7.39  |     1108  |    42900     |      15    |   93687 
   Contrastdata_offset_0          |    7.79  |     1169  |    42900     |      15    |   99797 
   Contrastdata_offset_1          |    7.75  |     1162  |    46200     |      12    |  102449 
   Contrastdata_offset_2          |    7.69  |     1154  |    42900     |      15    |   98300 
   Contrastdata_offset_3          |    8.01  |     1201  |    39600     |      17    |   99734 
   Contrastdata_gp_multidimensional_rot_amp |    8.79  |     1319  |    41250     |      14    |  113103 
   Contrastdata_gp_multidimensional_con_amp |   10.52  |     1579  |    46200     |       9    |  144075 
   b_P                            |    7.95  |     1193  |    41250     |      16    |  100513 
   b_K                            |    7.80  |     1169  |    41250     |      16    |   98188 
   b_sre_coso                     |    7.96  |     1194  |    41250     |      16    |  100676 
   b_sre_sino                     |    8.19  |     1228  |    39600     |      17    |  102429 
   b_mean_long                    |    7.98  |     1196  |    44550     |      13    |  104182 
   c_P                            |    8.31  |     1246  |    44550     |      12    |  109174 
   c_K                            |    8.17  |     1226  |    46200     |      11    |  108770 
   c_sre_coso                     |    8.79  |     1319  |    46200     |      10    |  118078 
   c_sre_sino                     |    9.36  |     1404  |    54450     |       4    |  134816 
   c_mean_long                    |    8.26  |     1239  |    44550     |      12    |  108494 
   activity_Prot                  |    7.54  |     1131  |    47850     |      11    |  100980 
   activity_Pdec                  |   11.18  |     1677  |    44550     |       9    |  152237 
   activity_Oamp                  |    7.82  |     1173  |    36300     |      20    |   93618 

All the chains have converged, but PyORBIT should keep running for about:
45698 more steps to reach 50*ACF,
106943 more steps to reach 100*ACF
Suggested value for burnin: 44453

Check the documentation for the correct interpretation of these results:
https://pyorbit.readthedocs.io/running_pyorbit/terminal_output/#autocorrelation-analysis

====================================================================================================
     Statistics on the posterior of the sampler parameters     
====================================================================================================

----- dataset:  RVdata
jitter_0        13         1.241       -0.054        0.057   (15-84 p)   [    0.0009,    13.3000]
offset_0        14           2.0         -1.1          1.1   (15-84 p)   [-10006.2420, 10013.7830]
offset_1        15           4.4         -1.1          1.1   (15-84 p)   [-10006.2420, 10013.7830]
offset_2        16           3.4         -1.1          1.1   (15-84 p)   [-10006.2420, 10013.7830]
offset_3        17           3.2         -1.1          1.1   (15-84 p)   [-10006.2420, 10013.7830]

----- dataset: RVdata                    ----- model: gp_multidimensional           
rot_amp         18           8.1         -1.4          1.2   (15-84 p)   [    0.0000,    10.0000]
con_amp         19          2.38        -0.34         0.45   (15-84 p)   [  -20.0000,    20.0000]

----- dataset:  FWHMdata
jitter_0        20          0.33        -0.20         0.31   (15-84 p)   [    0.0500,   500.0000]
offset_0        21        6694.6         -1.1          1.1   (15-84 p)   [-3317.3615, 16947.7259]
offset_1        22        6939.1         -1.4          1.4   (15-84 p)   [-3317.3615, 16947.7259]
offset_2        23        6857.6         -1.1          1.1   (15-84 p)   [-3317.3615, 16947.7259]
offset_3        24        6897.7         -1.1          1.1   (15-84 p)   [-3317.3615, 16947.7259]

----- dataset: FWHMdata                  ----- model: gp_multidimensional           
rot_amp         25           0.0         -2.0          2.0   (15-84 p)   [  -10.0000,    10.0000]
con_amp         26         -2.13        -0.43         0.35   (15-84 p)   [  -20.0000,    20.0000]

----- dataset:  Contrastdata
jitter_0        27           192          -11           12   (15-84 p)   [    1.3000, 13000.0000]
offset_0        28       -353748          -23           24   (15-84 p)   [-468150.6036, -342997.0736]
offset_1        29       -433551          -44           44   (15-84 p)   [-468150.6036, -342997.0736]
offset_2        30       -457697          -27           27   (15-84 p)   [-468150.6036, -342997.0736]
offset_3        31       -362644          -26           26   (15-84 p)   [-468150.6036, -342997.0736]

----- dataset: Contrastdata              ----- model: gp_multidimensional           
rot_amp         32           1.1         -7.2          6.2   (15-84 p)   [  -10.0000,    10.0000]
con_amp         33        -19.42        -0.44         0.99   (15-84 p)   [  -20.0000,    20.0000]

----- common model:  b
P                0        2.1886      -0.0081       0.0087   (15-84 p)   [    0.3785,     6.6439]
K                1         -0.31        -0.33         0.27   (15-84 p)   [   -9.9658,     3.3219]
sre_coso         2          0.00        -0.20         0.20   (15-84 p)   [   -1.0000,     1.0000]
sre_sino         3          0.10        -0.22         0.20   (15-84 p)   [   -1.0000,     1.0000]
mean_long        4           364          -27           29   (15-84 p)   [  179.7673,   539.7673]

----- common model:  c
P                5        1.0670      -0.0025       0.0027   (15-84 p)   [    0.3785,     6.6439]
K                6         -0.15        -0.29         0.24   (15-84 p)   [   -9.9658,     3.3219]
sre_coso         7          0.07        -0.25         0.22   (15-84 p)   [   -1.0000,     1.0000]
sre_sino         8          0.35        -0.20         0.13   (15-84 p)   [   -1.0000,     1.0000]
mean_long        9            84          -19           20   (15-84 p)   [  -99.1705,   260.8295]

----- common model:  activity
Prot            10         28.37        -0.38         0.38   (15-84 p)   [   20.0000,    35.0000]
Pdec            11         31.28        -0.95          1.9   (15-84 p)   [   30.0000,  1000.0000]
Oamp            12        -1.312        -0.11        0.098   (15-84 p)   [   -6.6439,     0.0000]

----- common model:  star_parameters

====================================================================================================
     Statistics on the model parameters obtained from the posteriors samples     
====================================================================================================

----- dataset:  RVdata
jitter_0                 1.241       -0.054        0.057    (15-84 p)
offset_0                   2.0         -1.1          1.1    (15-84 p)
offset_1                   4.4         -1.1          1.1    (15-84 p)
offset_2                   3.4         -1.1          1.1    (15-84 p)
offset_3                   3.2         -1.1          1.1    (15-84 p)


----- dataset: RVdata                    ----- model: gp_multidimensional           
rot_amp                    8.1         -1.4          1.2    (15-84 p)
con_amp                   2.38        -0.34         0.45    (15-84 p)

----- dataset:  FWHMdata
jitter_0                  0.33        -0.20         0.31    (15-84 p)
offset_0                6694.6         -1.1          1.1    (15-84 p)
offset_1                6939.1         -1.4          1.4    (15-84 p)
offset_2                6857.6         -1.1          1.1    (15-84 p)
offset_3                6897.7         -1.1          1.1    (15-84 p)


----- dataset: FWHMdata                  ----- model: gp_multidimensional           
rot_amp                    0.0         -2.0          2.0    (15-84 p)
con_amp                  -2.13        -0.43         0.35    (15-84 p)

----- dataset:  Contrastdata
jitter_0                   192          -11           12    (15-84 p)
offset_0               -353748          -23           24    (15-84 p)
offset_1               -433551          -44           44    (15-84 p)
offset_2               -457697          -27           27    (15-84 p)
offset_3               -362644          -26           26    (15-84 p)


----- dataset: Contrastdata              ----- model: gp_multidimensional           
rot_amp                    1.1         -7.2          6.2    (15-84 p)
con_amp                 -19.42        -0.44         0.99    (15-84 p)

----- common model:  b
P                        4.559       -0.025        0.027    (15-84 p)
K                         0.81        -0.16         0.16    (15-84 p)
mean_long                  364          -27           29    (15-84 p)
e                        0.066       -0.047        0.072    (15-84 p)
omega                       52         -148           75    (15-84 p)

----- common model:  c
P                       2.0951      -0.0036       0.0040    (15-84 p)
K                         0.90        -0.17         0.17    (15-84 p)
mean_long                   84          -19           20    (15-84 p)
e                         0.18        -0.10         0.11    (15-84 p)
omega                       75          -36           43    (15-84 p)

----- common model:  activity
Prot                     28.37        -0.38         0.38    (15-84 p)
Pdec                     31.28        -0.95          1.9    (15-84 p)
Oamp                     0.403       -0.028        0.028    (15-84 p)

----- common model:  star_parameters

====================================================================================================
     Statistics on the derived parameters obtained from the posteriors samples     
====================================================================================================

----- common model:  b
Inclination fixed to 90 deg!
Computing planetary mass under the approximation M_planet << M_star (threshold at 30.0 Me)
a_Rs                    11.565       -0.043        0.046    (15-84 p)
M_Mj                    0.0065      -0.0013       0.0013    (15-84 p)
M_Me                      2.08        -0.42         0.42    (15-84 p)
Tc                    59335.79        -0.37         0.38    (15-84 p)
a_AU_(M)               0.05381     -0.00020      0.00022    (15-84 p)
a_AU_(rho,R)           0.05381     -0.00020      0.00022    (15-84 p)

----- common model:  c
Inclination fixed to 90 deg!
Computing planetary mass under the approximation M_planet << M_star (threshold at 30.0 Me)
a_Rs                    6.8873      -0.0080       0.0088    (15-84 p)
M_Mj                   0.00556     -0.00099      0.00097    (15-84 p)
M_Me                      1.77        -0.32         0.31    (15-84 p)
Tc                    59334.92        -0.18          1.8    (15-84 p)
a_AU_(M)              0.032043    -0.000037     0.000041    (15-84 p)
a_AU_(rho,R)          0.032043    -0.000037     0.000041    (15-84 p)


====================================================================================================
     ------------------------------------------------------------------------------------------     
====================================================================================================



60000.0   steps completed, average lnprob:,  -3893.3284581614053


emcee completed


:::---::: PyORBIT v11.0.1 :::---:::

Python version in use:
3.10.18 (main, Jun  5 2025, 13:14:17) [GCC 11.2.0]
LaTeX disabled by default

Using orbital model:  keplerian
Using orbital parametrization:  Eastman2013

Using orbital model:  keplerian
Using orbital parametrization:  Eastman2013

gp_multidimensional  S+LEAF model, number of harmonics: 4

GP model: gp_multidimensional  hyperparameters_condition:    True
GP model: gp_multidimensional  rotation_decay_condition:     True

### PyORBIT version used in the analysis:  11.0.1

 emcee version:  3.1.6

 Reference Time Tref: 59334.700184

 Data points:960
 Dimensions: 34
 Nwalkers:   136
 Steps:      60000


Number of samplings: 40800

Recomputing ln-prior, it may take a while...

ln-probability   distribution:  -3892.97       -4.92      4.16 (15-84 p) 
ln-prior         distribution:   -207.35       -3.07      2.11 (15-84 p) 
ln-likelihood    distribution:  -3685.31       -5.68      5.18 (15-84 p) 


*** Information criteria using the likelihood distribution

 BIC from distribution  (using likelihood)  =   7604.10    -10.37   11.35 (15-84 p)
 AIC from distribution  (using likelihood)  =   7438.62    -10.37   11.35 (15-84 p)
 AICc from distribution (using likelihood)  =   7441.20    -10.37   11.35 (15-84 p)


*** Information criteria using the median parameter set

 ln_probability of Median solution =  -3878.38
 ln_priors of Median solution      =   -205.31
 ln_likelihood of Median solution  =  -3673.07

 Median BIC  (using likelihood) =   7579.61
 Median AIC  (using likelihood) =   7414.13
 Median AICc (using likelihood) =   7416.70


*** Information criteria using the MAP parameter set

 ln_probability of MAP solution =  -3880.18
 ln_priors of MAP solution      =   -208.99
 ln_likelihood of MAP solution  =  -3671.20

 MAP BIC  (using likelihood)    =   7575.87
 MAP AIC  (using likelihood)    =   7410.39
 MAP AICc (using likelihood)    =   7412.97

 AICc suggested over AIC because NDATA ( 960 ) < 40 * NDIM ( 34 )

****************************************************************************************************


Computing the autocorrelation time of the chains

***** WARNING ******
The integrated autocorrelation time cannot be reliably estimated
likely the chains are too short, and ACF analysis is not fully reliable
emcee.autocorr.integrated_time tolerance lowered to 20
If you still get a warning, you should drop these results entirely

Reference thinning used in the analysis: 150
Maximum value of the integrated ACF: 11
Step length used in the analysis: 11*nthin = 1650

Convergence criteria: less than 1% variation in ACF after 20 times the integrated ACF
At least 50*ACF after convergence, 100*ACF would be ideal
Negative values: not converged yet

   sampler parameter              |    ACF   | ACF*nthin | converged at | nsteps/ACF | to 100*ACF
                                  |          |           |              |            | 
   RVdata_jitter_0                |    7.56  |     1135  |    46200     |      12    |   99662 
   RVdata_offset_0                |    7.69  |     1153  |    41250     |      16    |   96597 
   RVdata_offset_1                |    7.72  |     1158  |    41250     |      16    |   97092 
   RVdata_offset_2                |    7.76  |     1164  |    47850     |      10    |  104290 
   RVdata_offset_3                |    7.69  |     1153  |    39600     |      18    |   94936 
   RVdata_gp_multidimensional_rot_amp |    8.11  |     1217  |    42900     |      14    |  104606 
   RVdata_gp_multidimensional_con_amp |    8.99  |     1349  |    51150     |       7    |  126021 
   FWHMdata_jitter_0              |    8.11  |     1216  |    44550     |      13    |  106137 
   FWHMdata_offset_0              |    7.80  |     1169  |    47850     |      10    |  104798 
   FWHMdata_offset_1              |    7.78  |     1167  |    49500     |       9    |  106209 
   FWHMdata_offset_2              |    7.59  |     1139  |    41250     |      16    |   95169 
   FWHMdata_offset_3              |    7.60  |     1140  |    47850     |      11    |  101852 
   FWHMdata_gp_multidimensional_rot_amp |    7.20  |     1080  |    41250     |      17    |   89276 
   FWHMdata_gp_multidimensional_con_amp |    8.78  |     1317  |    54450     |       4    |  126121 
   Contrastdata_jitter_0          |    7.39  |     1108  |    42900     |      15    |   93687 
   Contrastdata_offset_0          |    7.79  |     1169  |    42900     |      15    |   99797 
   Contrastdata_offset_1          |    7.75  |     1162  |    46200     |      12    |  102449 
   Contrastdata_offset_2          |    7.69  |     1154  |    42900     |      15    |   98300 
   Contrastdata_offset_3          |    8.01  |     1201  |    39600     |      17    |   99734 
   Contrastdata_gp_multidimensional_rot_amp |    8.79  |     1319  |    41250     |      14    |  113103 
   Contrastdata_gp_multidimensional_con_amp |   10.52  |     1579  |    46200     |       9    |  144075 
   b_P                            |    7.95  |     1193  |    41250     |      16    |  100513 
   b_K                            |    7.80  |     1169  |    41250     |      16    |   98188 
   b_sre_coso                     |    7.96  |     1194  |    41250     |      16    |  100676 
   b_sre_sino                     |    8.19  |     1228  |    39600     |      17    |  102429 
   b_mean_long                    |    7.98  |     1196  |    44550     |      13    |  104182 
   c_P                            |    8.31  |     1246  |    44550     |      12    |  109174 
   c_K                            |    8.17  |     1226  |    46200     |      11    |  108770 
   c_sre_coso                     |    8.79  |     1319  |    46200     |      10    |  118078 
   c_sre_sino                     |    9.36  |     1404  |    54450     |       4    |  134816 
   c_mean_long                    |    8.26  |     1239  |    44550     |      12    |  108494 
   activity_Prot                  |    7.54  |     1131  |    47850     |      11    |  100980 
   activity_Pdec                  |   11.18  |     1677  |    44550     |       9    |  152237 
   activity_Oamp                  |    7.82  |     1173  |    36300     |      20    |   93618 

All the chains have converged, but PyORBIT should keep running for about:
45698 more steps to reach 50*ACF,
106943 more steps to reach 100*ACF
Suggested value for burnin: 44453

Check the documentation for the correct interpretation of these results:
https://pyorbit.readthedocs.io/running_pyorbit/terminal_output/#autocorrelation-analysis

 Plotting the ACF... 


====================================================================================================
     Ids, spaces (s), boundaries (b) and priors (p) of the sampler parameters     
====================================================================================================

----- dataset:  RVdata
jitter_0      id:  13  s:Linear      b:[      0.0009,      13.3000]   p:Uniform   []
offset_0      id:  14  s:Linear      b:[ -10006.2420,   10013.7830]   p:Uniform   []
offset_1      id:  15  s:Linear      b:[ -10006.2420,   10013.7830]   p:Uniform   []
offset_2      id:  16  s:Linear      b:[ -10006.2420,   10013.7830]   p:Uniform   []
offset_3      id:  17  s:Linear      b:[ -10006.2420,   10013.7830]   p:Uniform   []

----- dataset: RVdata                    ----- model: gp_multidimensional           
rot_amp       id:  18  s:Linear      b:[      0.0000,      10.0000]   p:Uniform   []
con_amp       id:  19  s:Linear      b:[    -20.0000,      20.0000]   p:Uniform   []

----- dataset:  FWHMdata
jitter_0      id:  20  s:Linear      b:[      0.0500,     500.0000]   p:Uniform   []
offset_0      id:  21  s:Linear      b:[  -3317.3615,   16947.7259]   p:Uniform   []
offset_1      id:  22  s:Linear      b:[  -3317.3615,   16947.7259]   p:Uniform   []
offset_2      id:  23  s:Linear      b:[  -3317.3615,   16947.7259]   p:Uniform   []
offset_3      id:  24  s:Linear      b:[  -3317.3615,   16947.7259]   p:Uniform   []

----- dataset: FWHMdata                  ----- model: gp_multidimensional           
rot_amp       id:  25  s:Linear      b:[    -10.0000,      10.0000]   p:Uniform   []
con_amp       id:  26  s:Linear      b:[    -20.0000,      20.0000]   p:Uniform   []

----- dataset:  Contrastdata
jitter_0      id:  27  s:Linear      b:[      1.3000,   13000.0000]   p:Uniform   []
offset_0      id:  28  s:Linear      b:[-468150.6036, -342997.0736]   p:Uniform   []
offset_1      id:  29  s:Linear      b:[-468150.6036, -342997.0736]   p:Uniform   []
offset_2      id:  30  s:Linear      b:[-468150.6036, -342997.0736]   p:Uniform   []
offset_3      id:  31  s:Linear      b:[-468150.6036, -342997.0736]   p:Uniform   []

----- dataset: Contrastdata              ----- model: gp_multidimensional           
rot_amp       id:  32  s:Linear      b:[    -10.0000,      10.0000]   p:Uniform   []
con_amp       id:  33  s:Linear      b:[    -20.0000,      20.0000]   p:Uniform   []

----- common model:  b
P             id:   0  s:Log_Base2   b:[      0.3785,       6.6439]   p:Uniform   []
K             id:   1  s:Log_Base2   b:[     -9.9658,       3.3219]   p:Uniform   []
sre_coso      id:   2  s:Linear      b:[     -1.0000,       1.0000]   p:Uniform   []
sre_sino      id:   3  s:Linear      b:[     -1.0000,       1.0000]   p:Uniform   []
mean_long     id:   4  s:Linear      b:[    179.7673,     539.7673]   p:Uniform   []
e             derived (no id, space, bound)                           p:Gaussian   [0.    0.098]
omega         derived (no id, space, bound)                           p:Uniform   [0.0, 360.0]

----- common model:  c
P             id:   5  s:Log_Base2   b:[      0.3785,       6.6439]   p:Uniform   []
K             id:   6  s:Log_Base2   b:[     -9.9658,       3.3219]   p:Uniform   []
sre_coso      id:   7  s:Linear      b:[     -1.0000,       1.0000]   p:Uniform   []
sre_sino      id:   8  s:Linear      b:[     -1.0000,       1.0000]   p:Uniform   []
mean_long     id:   9  s:Linear      b:[    -99.1705,     260.8295]   p:Uniform   []
e             derived (no id, space, bound)                           p:Gaussian   [0.    0.098]
omega         derived (no id, space, bound)                           p:Uniform   [0.0, 360.0]

----- common model:  activity
Prot          id:  10  s:Linear      b:[     20.0000,      35.0000]   p:Gaussian   [28.   0.5]
Pdec          id:  11  s:Linear      b:[     30.0000,    1000.0000]   p:Uniform   []
Oamp          id:  12  s:Log_Base2   b:[     -6.6439,       0.0000]   p:Gaussian   [0.35  0.035]

----- common model:  star_parameters
mass          derived (no id, space, bound)                           p:Gaussian   [1.e+00 1.e-06]
radius        derived (no id, space, bound)                           p:Gaussian   [1.e+00 1.e-06]
density       derived (no id, space, bound)                           p:Gaussian   [1.e+00 1.e-06]


****************************************************************************************************
****************************************************************************************************

 Confidence intervals (median value, 34.135th percentile from the median on the left and right side)

====================================================================================================
     Statistics on the posterior of the sampler parameters     
====================================================================================================

----- dataset:  RVdata
jitter_0        13         1.241       -0.054        0.057   (15-84 p)   [    0.0009,    13.3000]
offset_0        14           2.0         -1.1          1.1   (15-84 p)   [-10006.2420, 10013.7830]
offset_1        15           4.4         -1.1          1.1   (15-84 p)   [-10006.2420, 10013.7830]
offset_2        16           3.4         -1.1          1.1   (15-84 p)   [-10006.2420, 10013.7830]
offset_3        17           3.2         -1.1          1.1   (15-84 p)   [-10006.2420, 10013.7830]

----- dataset: RVdata                    ----- model: gp_multidimensional           
rot_amp         18           8.1         -1.4          1.2   (15-84 p)   [    0.0000,    10.0000]
con_amp         19          2.38        -0.34         0.45   (15-84 p)   [  -20.0000,    20.0000]

----- dataset:  FWHMdata
jitter_0        20          0.33        -0.20         0.31   (15-84 p)   [    0.0500,   500.0000]
offset_0        21        6694.6         -1.1          1.1   (15-84 p)   [-3317.3615, 16947.7259]
offset_1        22        6939.1         -1.4          1.4   (15-84 p)   [-3317.3615, 16947.7259]
offset_2        23        6857.6         -1.1          1.1   (15-84 p)   [-3317.3615, 16947.7259]
offset_3        24        6897.7         -1.1          1.1   (15-84 p)   [-3317.3615, 16947.7259]

----- dataset: FWHMdata                  ----- model: gp_multidimensional           
rot_amp         25           0.0         -2.0          2.0   (15-84 p)   [  -10.0000,    10.0000]
con_amp         26         -2.13        -0.43         0.35   (15-84 p)   [  -20.0000,    20.0000]

----- dataset:  Contrastdata
jitter_0        27           192          -11           12   (15-84 p)   [    1.3000, 13000.0000]
offset_0        28       -353748          -23           24   (15-84 p)   [-468150.6036, -342997.0736]
offset_1        29       -433551          -44           44   (15-84 p)   [-468150.6036, -342997.0736]
offset_2        30       -457697          -27           27   (15-84 p)   [-468150.6036, -342997.0736]
offset_3        31       -362644          -26           26   (15-84 p)   [-468150.6036, -342997.0736]

----- dataset: Contrastdata              ----- model: gp_multidimensional           
rot_amp         32           1.1         -7.2          6.2   (15-84 p)   [  -10.0000,    10.0000]
con_amp         33        -19.42        -0.44         0.99   (15-84 p)   [  -20.0000,    20.0000]

----- common model:  b
P                0        2.1886      -0.0081       0.0087   (15-84 p)   [    0.3785,     6.6439]
K                1         -0.31        -0.33         0.27   (15-84 p)   [   -9.9658,     3.3219]
sre_coso         2          0.00        -0.20         0.20   (15-84 p)   [   -1.0000,     1.0000]
sre_sino         3          0.10        -0.22         0.20   (15-84 p)   [   -1.0000,     1.0000]
mean_long        4           364          -27           29   (15-84 p)   [  179.7673,   539.7673]

----- common model:  c
P                5        1.0670      -0.0025       0.0027   (15-84 p)   [    0.3785,     6.6439]
K                6         -0.15        -0.29         0.24   (15-84 p)   [   -9.9658,     3.3219]
sre_coso         7          0.07        -0.25         0.22   (15-84 p)   [   -1.0000,     1.0000]
sre_sino         8          0.35        -0.20         0.13   (15-84 p)   [   -1.0000,     1.0000]
mean_long        9            84          -19           20   (15-84 p)   [  -99.1705,   260.8295]

----- common model:  activity
Prot            10         28.37        -0.38         0.38   (15-84 p)   [   20.0000,    35.0000]
Pdec            11         31.28        -0.95          1.9   (15-84 p)   [   30.0000,  1000.0000]
Oamp            12        -1.312        -0.11        0.098   (15-84 p)   [   -6.6439,     0.0000]

----- common model:  star_parameters

====================================================================================================
     Statistics on the model parameters obtained from the posteriors samples     
====================================================================================================

----- dataset:  RVdata
jitter_0                 1.241       -0.054        0.057    (15-84 p)
offset_0                   2.0         -1.1          1.1    (15-84 p)
offset_1                   4.4         -1.1          1.1    (15-84 p)
offset_2                   3.4         -1.1          1.1    (15-84 p)
offset_3                   3.2         -1.1          1.1    (15-84 p)


----- dataset: RVdata                    ----- model: gp_multidimensional           
rot_amp                    8.1         -1.4          1.2    (15-84 p)
con_amp                   2.38        -0.34         0.45    (15-84 p)

----- dataset:  FWHMdata
jitter_0                  0.33        -0.20         0.31    (15-84 p)
offset_0                6694.6         -1.1          1.1    (15-84 p)
offset_1                6939.1         -1.4          1.4    (15-84 p)
offset_2                6857.6         -1.1          1.1    (15-84 p)
offset_3                6897.7         -1.1          1.1    (15-84 p)


----- dataset: FWHMdata                  ----- model: gp_multidimensional           
rot_amp                    0.0         -2.0          2.0    (15-84 p)
con_amp                  -2.13        -0.43         0.35    (15-84 p)

----- dataset:  Contrastdata
jitter_0                   192          -11           12    (15-84 p)
offset_0               -353748          -23           24    (15-84 p)
offset_1               -433551          -44           44    (15-84 p)
offset_2               -457697          -27           27    (15-84 p)
offset_3               -362644          -26           26    (15-84 p)


----- dataset: Contrastdata              ----- model: gp_multidimensional           
rot_amp                    1.1         -7.2          6.2    (15-84 p)
con_amp                 -19.42        -0.44         0.99    (15-84 p)

----- common model:  b
P                        4.559       -0.025        0.027    (15-84 p)
K                         0.81        -0.16         0.16    (15-84 p)
mean_long                  364          -27           29    (15-84 p)
e                        0.066       -0.047        0.072    (15-84 p)
omega                       90          -90           98    (15-84 p)

----- common model:  c
P                       2.0951      -0.0036       0.0040    (15-84 p)
K                         0.90        -0.17         0.17    (15-84 p)
mean_long                   84          -19           20    (15-84 p)
e                         0.18        -0.10         0.11    (15-84 p)
omega                       78          -34           47    (15-84 p)

----- common model:  activity
Prot                     28.37        -0.38         0.38    (15-84 p)
Pdec                     31.28        -0.95          1.9    (15-84 p)
Oamp                     0.403       -0.028        0.028    (15-84 p)

----- common model:  star_parameters

====================================================================================================
     Statistics on the derived parameters obtained from the posteriors samples     
====================================================================================================

----- common model:  b
Inclination fixed to 90 deg!
Computing planetary mass under the approximation M_planet << M_star (threshold at 30.0 Me)
a_Rs                    11.565       -0.043        0.046    (15-84 p)
M_Mj                    0.0065      -0.0013       0.0013    (15-84 p)
M_Me                      2.08        -0.42         0.42    (15-84 p)
Tc                    59335.79        -0.37         0.38    (15-84 p)
a_AU_(M)               0.05381     -0.00020      0.00022    (15-84 p)
a_AU_(rho,R)           0.05381     -0.00020      0.00022    (15-84 p)

----- common model:  c
Inclination fixed to 90 deg!
Computing planetary mass under the approximation M_planet << M_star (threshold at 30.0 Me)
a_Rs                    6.8873      -0.0080       0.0087    (15-84 p)
M_Mj                   0.00556     -0.00099      0.00097    (15-84 p)
M_Me                      1.77        -0.32         0.31    (15-84 p)
Tc                    59334.92        -0.18          1.8    (15-84 p)
a_AU_(M)              0.032043    -0.000037     0.000041    (15-84 p)
a_AU_(rho,R)          0.032043    -0.000037     0.000041    (15-84 p)


====================================================================================================
     ------------------------------------------------------------------------------------------     
====================================================================================================



****************************************************************************************************

 Parameters corresponding to the Maximum a Posteriori probability ( -3880.183360965254 )

====================================================================================================
     Statistics on the posterior of the sampler parameters     
====================================================================================================

----- dataset:  RVdata
jitter_0        13      1.220024 [    0.0009,    13.3000]
offset_0        14      1.581965 [-10006.2420, 10013.7830]
offset_1        15      4.057476 [-10006.2420, 10013.7830]
offset_2        16      2.883009 [-10006.2420, 10013.7830]
offset_3        17      2.727229 [-10006.2420, 10013.7830]

----- dataset: RVdata                    ----- model: gp_multidimensional           
rot_amp         18      7.486392 [    0.0000,    10.0000]
con_amp         19      2.189956 [  -20.0000,    20.0000]

----- dataset:  FWHMdata
jitter_0        20      0.112752 [    0.0500,   500.0000]
offset_0        21   6694.750617 [-3317.3615, 16947.7259]
offset_1        22   6940.125921 [-3317.3615, 16947.7259]
offset_2        23   6857.961038 [-3317.3615, 16947.7259]
offset_3        24   6897.681418 [-3317.3615, 16947.7259]

----- dataset: FWHMdata                  ----- model: gp_multidimensional           
rot_amp         25      2.171368 [  -10.0000,    10.0000]
con_amp         26     -2.006952 [  -20.0000,    20.0000]

----- dataset:  Contrastdata
jitter_0        27    183.221013 [    1.3000, 13000.0000]
offset_0        28  -353753.163811 [-468150.6036, -342997.0736]
offset_1        29  -433540.805272 [-468150.6036, -342997.0736]
offset_2        30  -457681.950749 [-468150.6036, -342997.0736]
offset_3        31  -362640.339499 [-468150.6036, -342997.0736]

----- dataset: Contrastdata              ----- model: gp_multidimensional           
rot_amp         32      4.107521 [  -10.0000,    10.0000]
con_amp         33    -19.195068 [  -20.0000,    20.0000]

----- common model:  b
P                0      2.186636 [    0.3785,     6.6439]
K                1     -0.489692 [   -9.9658,     3.3219]
sre_coso         2     -0.014927 [   -1.0000,     1.0000]
sre_sino         3      0.199133 [   -1.0000,     1.0000]
mean_long        4    356.731615 [  179.7673,   539.7673]

----- common model:  c
P                5      1.067299 [    0.3785,     6.6439]
K                6     -0.156090 [   -9.9658,     3.3219]
sre_coso         7      0.143314 [   -1.0000,     1.0000]
sre_sino         8      0.525023 [   -1.0000,     1.0000]
mean_long        9     84.118472 [  -99.1705,   260.8295]

----- common model:  activity
Prot            10     28.461279 [   20.0000,    35.0000]
Pdec            11     30.502247 [   30.0000,  1000.0000]
Oamp            12     -1.338163 [   -6.6439,     0.0000]

----- common model:  star_parameters

====================================================================================================
     Statistics on the model parameters obtained from the posteriors samples     
====================================================================================================

----- dataset:  RVdata
jitter_0              1.220024 
offset_0              1.581965 
offset_1              4.057476 
offset_2              2.883009 
offset_3              2.727229 


----- dataset: RVdata                    ----- model: gp_multidimensional           
rot_amp               7.486392 
con_amp               2.189956 

----- dataset:  FWHMdata
jitter_0              0.112752 
offset_0           6694.750617 
offset_1           6940.125921 
offset_2           6857.961038 
offset_3           6897.681418 


----- dataset: FWHMdata                  ----- model: gp_multidimensional           
rot_amp               2.171368 
con_amp              -2.006952 

----- dataset:  Contrastdata
jitter_0            183.221013 
offset_0        -353753.163811 
offset_1        -433540.805272 
offset_2        -457681.950749 
offset_3        -362640.339499 


----- dataset: Contrastdata              ----- model: gp_multidimensional           
rot_amp               4.107521 
con_amp             -19.195068 

----- common model:  b
P                     4.552426 
K                     0.712177 
mean_long           356.731615 
e                     0.039877 
omega                94.286761 

----- common model:  c
P                     2.095507 
K                     0.897454 
mean_long            84.118472 
e                     0.296188 
omega                74.732052 

----- common model:  activity
Prot                 28.461279 
Pdec                 30.502247 
Oamp                  0.395524 

----- common model:  star_parameters

====================================================================================================
     Statistics on the derived parameters obtained from the posteriors samples     
====================================================================================================

----- common model:  b
Inclination fixed to 90 deg!
a_Rs                 11.554344 
M_Mj                  0.005802 
M_Me                  1.844340 
Tc                59335.883815 
a_AU_(M)              0.053756 
a_AU_(rho,R)          0.053756 

----- common model:  c
Inclination fixed to 90 deg!
a_Rs                  6.888257 
M_Mj                  0.005396 
M_Me                  1.715357 
Tc                59336.787395 
a_AU_(M)              0.032048 
a_AU_(rho,R)          0.032047 


====================================================================================================
     ------------------------------------------------------------------------------------------     
====================================================================================================



****************************************************************************************************

 Parameters corresponding to the sample closest to the median values ( -3883.8248908272376 )

====================================================================================================
     Statistics on the posterior of the sampler parameters     
====================================================================================================

----- dataset:  RVdata
jitter_0        13      1.204994 [    0.0009,    13.3000]
offset_0        14      2.023291 [-10006.2420, 10013.7830]
offset_1        15      4.567918 [-10006.2420, 10013.7830]
offset_2        16      3.600724 [-10006.2420, 10013.7830]
offset_3        17      3.452729 [-10006.2420, 10013.7830]

----- dataset: RVdata                    ----- model: gp_multidimensional           
rot_amp         18      8.733414 [    0.0000,    10.0000]
con_amp         19      2.319846 [  -20.0000,    20.0000]

----- dataset:  FWHMdata
jitter_0        20      0.259165 [    0.0500,   500.0000]
offset_0        21   6694.650091 [-3317.3615, 16947.7259]
offset_1        22   6938.388413 [-3317.3615, 16947.7259]
offset_2        23   6857.803005 [-3317.3615, 16947.7259]
offset_3        24   6898.500541 [-3317.3615, 16947.7259]

----- dataset: FWHMdata                  ----- model: gp_multidimensional           
rot_amp         25     -0.380675 [  -10.0000,    10.0000]
con_amp         26     -2.076500 [  -20.0000,    20.0000]

----- dataset:  Contrastdata
jitter_0        27    193.251020 [    1.3000, 13000.0000]
offset_0        28  -353756.472388 [-468150.6036, -342997.0736]
offset_1        29  -433522.011004 [-468150.6036, -342997.0736]
offset_2        30  -457691.053640 [-468150.6036, -342997.0736]
offset_3        31  -362641.699518 [-468150.6036, -342997.0736]

----- dataset: Contrastdata              ----- model: gp_multidimensional           
rot_amp         32     -1.214205 [  -10.0000,    10.0000]
con_amp         33    -19.452277 [  -20.0000,    20.0000]

----- common model:  b
P                0      2.182791 [    0.3785,     6.6439]
K                1     -0.551500 [   -9.9658,     3.3219]
sre_coso         2     -0.051424 [   -1.0000,     1.0000]
sre_sino         3      0.004934 [   -1.0000,     1.0000]
mean_long        4    342.867300 [  179.7673,   539.7673]

----- common model:  c
P                5      1.067897 [    0.3785,     6.6439]
K                6     -0.285103 [   -9.9658,     3.3219]
sre_coso         7      0.093145 [   -1.0000,     1.0000]
sre_sino         8      0.366783 [   -1.0000,     1.0000]
mean_long        9     89.476126 [  -99.1705,   260.8295]

----- common model:  activity
Prot            10     28.447110 [   20.0000,    35.0000]
Pdec            11     31.096007 [   30.0000,  1000.0000]
Oamp            12     -1.169505 [   -6.6439,     0.0000]

----- common model:  star_parameters

====================================================================================================
     Statistics on the model parameters obtained from the posteriors samples     
====================================================================================================

----- dataset:  RVdata
jitter_0              1.204994 
offset_0              2.023291 
offset_1              4.567918 
offset_2              3.600724 
offset_3              3.452729 


----- dataset: RVdata                    ----- model: gp_multidimensional           
rot_amp               8.733414 
con_amp               2.319846 

----- dataset:  FWHMdata
jitter_0              0.259165 
offset_0           6694.650091 
offset_1           6938.388413 
offset_2           6857.803005 
offset_3           6898.500541 


----- dataset: FWHMdata                  ----- model: gp_multidimensional           
rot_amp              -0.380675 
con_amp              -2.076500 

----- dataset:  Contrastdata
jitter_0            193.251020 
offset_0        -353756.472388 
offset_1        -433522.011004 
offset_2        -457691.053640 
offset_3        -362641.699518 


----- dataset: Contrastdata              ----- model: gp_multidimensional           
rot_amp              -1.214205 
con_amp             -19.452277 

----- common model:  b
P                     4.540310 
K                     0.682311 
mean_long           342.867300 
e                     0.002669 
omega               174.519249 

----- common model:  c
P                     2.096376 
K                     0.820683 
mean_long            89.476126 
e                     0.143205 
omega                75.750891 

----- common model:  activity
Prot                 28.447110 
Pdec                 31.096007 
Oamp                  0.444574 

----- common model:  star_parameters

====================================================================================================
     Statistics on the derived parameters obtained from the posteriors samples     
====================================================================================================

----- common model:  b
Inclination fixed to 90 deg!
a_Rs                 11.533815 
M_Mj                  0.005558 
M_Me                  1.766821 
Tc                59336.055177 
a_AU_(M)              0.053661 
a_AU_(rho,R)          0.053661 

----- common model:  c
Inclination fixed to 90 deg!
a_Rs                  6.890166 
M_Mj                  0.005114 
M_Me                  1.625609 
Tc                59336.778340 
a_AU_(M)              0.032056 
a_AU_(rho,R)          0.032056 


====================================================================================================
     ------------------------------------------------------------------------------------------     
====================================================================================================



****************************************************************************************************

Inclination fixed to 90 deg!
Inclination fixed to 90 deg!
Note: stellar density derived from stellar mass and radius

Inclination fixed to 90 deg!
Inclination fixed to 90 deg!
Inclination fixed to 90 deg!
Inclination fixed to 90 deg!
 Plot FLAT chain 

****************************************************************************************************

 Skipping full correlation plot due to the high number of parameters
 To avoid this behaviour, set the keyword parameters:force_full_correlation_plot to True

****************************************************************************************************

 Plotting the chains... 

****************************************************************************************************

 Plotting the Gelman-Rubin traces... 

     Gelman-Rubin:    13     1.010669 RVdata_jitter_0 
     Gelman-Rubin:    14     1.012993 RVdata_offset_0 
     Gelman-Rubin:    15     1.012663 RVdata_offset_1 
     Gelman-Rubin:    16     1.012904 RVdata_offset_2 
     Gelman-Rubin:    17     1.013050 RVdata_offset_3 
     Gelman-Rubin:    18     1.011669 RVdata_gp_multidimensional_rot_amp 
     Gelman-Rubin:    19     1.012309 RVdata_gp_multidimensional_con_amp 
     Gelman-Rubin:    20     1.014725 FWHMdata_jitter_0 
     Gelman-Rubin:    21     1.011756 FWHMdata_offset_0 
     Gelman-Rubin:    22     1.011039 FWHMdata_offset_1 
     Gelman-Rubin:    23     1.011216 FWHMdata_offset_2 
     Gelman-Rubin:    24     1.013965 FWHMdata_offset_3 
     Gelman-Rubin:    25     1.009126 FWHMdata_gp_multidimensional_rot_amp 
     Gelman-Rubin:    26     1.012947 FWHMdata_gp_multidimensional_con_amp 
     Gelman-Rubin:    27     1.009081 Contrastdata_jitter_0 
     Gelman-Rubin:    28     1.010724 Contrastdata_offset_0 
     Gelman-Rubin:    29     1.010582 Contrastdata_offset_1 
     Gelman-Rubin:    30     1.010569 Contrastdata_offset_2 
     Gelman-Rubin:    31     1.007950 Contrastdata_offset_3 
     Gelman-Rubin:    32     1.007773 Contrastdata_gp_multidimensional_rot_amp 
     Gelman-Rubin:    33     1.014728 Contrastdata_gp_multidimensional_con_amp 
     Gelman-Rubin:     0     1.012777 b_P 
     Gelman-Rubin:     1     1.013816 b_K 
     Gelman-Rubin:     2     1.011040 b_sre_coso 
     Gelman-Rubin:     3     1.009226 b_sre_sino 
     Gelman-Rubin:     4     1.012481 b_mean_long 
     Gelman-Rubin:     5     1.011752 c_P 
     Gelman-Rubin:     6     1.010085 c_K 
     Gelman-Rubin:     7     1.013758 c_sre_coso 
     Gelman-Rubin:     8     1.016412 c_sre_sino 
     Gelman-Rubin:     9     1.011779 c_mean_long 
     Gelman-Rubin:    10     1.012949 activity_Prot 
     Gelman-Rubin:    11     1.012854 activity_Pdec 
     Gelman-Rubin:    12     1.010863 activity_Oamp 

****************************************************************************************************

Plotting the common models corner plots
     Common model:  b
     Common model:  c
     Common model:  activity
     Common model:  star_parameters

****************************************************************************************************

Plotting the dataset + models corner plots 

     Dataset:  RVdata     model:  gp_multidimensional  corner plot  starting 
     Dataset:  RVdata     model:  gp_multidimensional  corner plot  done 
     Dataset:  RVdata     model:  radial_velocities_b  corner plot  starting 
     Dataset:  RVdata     model:  radial_velocities_b  corner plot  done 
     Dataset:  RVdata     model:  radial_velocities_c  corner plot  starting 
     Dataset:  RVdata     model:  radial_velocities_c  corner plot  done 
     Dataset:  FWHMdata     model:  gp_multidimensional  corner plot  starting 
     Dataset:  FWHMdata     model:  gp_multidimensional  corner plot  done 
     Dataset:  Contrastdata     model:  gp_multidimensional  corner plot  starting 
     Dataset:  Contrastdata     model:  gp_multidimensional  corner plot  done 

****************************************************************************************************

 Saving the planet parameter samplings to files (with plots)

****************************************************************************************************

 Saving all the parameter samplings to files (with plots)

****************************************************************************************************

 Computing the models for plot/data writing 
     Splitting the plot array to allow GP prediction of extended datasets, it may take a while...
     # 65 chunks of 100 times each
     Check the documentation if the code is taking too long or if it crashes...
     Splitting the plot array to allow GP prediction of extended datasets, it may take a while...
     # 39 chunks of 100 times each
     Check the documentation if the code is taking too long or if it crashes...
     Splitting the plot array to allow GP prediction of extended datasets, it may take a while...
     # 39 chunks of 100 times each
     Check the documentation if the code is taking too long or if it crashes...
     Splitting the plot array to allow GP prediction of extended datasets, it may take a while...
     # 65 chunks of 100 times each
     Check the documentation if the code is taking too long or if it crashes...
     Splitting the plot array to allow GP prediction of extended datasets, it may take a while...
     # 39 chunks of 100 times each
     Check the documentation if the code is taking too long or if it crashes...
     Splitting the plot array to allow GP prediction of extended datasets, it may take a while...
     # 39 chunks of 100 times each
     Check the documentation if the code is taking too long or if it crashes...
     Splitting the plot array to allow GP prediction of extended datasets, it may take a while...
     # 65 chunks of 100 times each
     Check the documentation if the code is taking too long or if it crashes...
     Splitting the plot array to allow GP prediction of extended datasets, it may take a while...
     # 39 chunks of 100 times each
     Check the documentation if the code is taking too long or if it crashes...
     Splitting the plot array to allow GP prediction of extended datasets, it may take a while...
     # 39 chunks of 100 times each
     Check the documentation if the code is taking too long or if it crashes...
 Writing the plots 
 Writing the   data files 
 Writing the  MAP_ data files 
 Writing the  sampleMED_ data files 

****************************************************************************************************

