
:::---::: PyORBIT v11.0.1 :::---:::

Python version in use:
3.10.18 (main, Jun  5 2025, 13:14:17) [GCC 11.2.0]

Internal reformatting for Nested Sampling compatibility of priors
    planet b - parametrization changed from Eastman2013 to Standard
    planet c - parametrization changed from Eastman2013 to Standard

Opening:  RVdata_expres
Opening:  RVdata_harps
Opening:  RVdata_neid
Opening:  FIESTAdata_expres_mode1
Opening:  FIESTAdata_expres_mode2
Opening:  FIESTAdata_expres_mode3
Opening:  FIESTAdata_harps_mode1
Opening:  FIESTAdata_harps_mode2
Opening:  FIESTAdata_harps_mode3
Opening:  FIESTAdata_harpsn_mode1
Opening:  FIESTAdata_harpsn_mode2
Opening:  FIESTAdata_harpsn_mode3
Opening:  FIESTAdata_neid_mode1
Opening:  FIESTAdata_neid_mode2
Opening:  FIESTAdata_neid_mode3

Adding common model of planet:  b
Adding common model of planet:  c
Using orbital model:  keplerian
Using orbital parametrization:  Standard

Using orbital model:  keplerian
Using orbital parametrization:  Standard

gp_multidimensional  S+LEAF model, number of harmonics: 4

GP model: gp_multidimensional  hyperparameters_condition:    True
GP model: gp_multidimensional  rotation_decay_condition:     True

====================================================================================================
     Ids, spaces (s), boundaries (b) and priors (p) of the sampler parameters     
====================================================================================================

----- dataset:  RVdata_expres
jitter_0      id:  13  s:Linear      b:[      0.0010,      13.2000]   p:Uniform   []
offset_0      id:  14  s:Linear      b:[  -9995.2560,   10011.7850]   p:Uniform   []

----- dataset: RVdata_expres             ----- model: gp_multidimensional           
rot_amp       id:  15  s:Linear      b:[      0.0000,      10.0000]   p:Uniform   []
con_amp       id:  16  s:Linear      b:[    -20.0000,      20.0000]   p:Uniform   []

----- dataset:  RVdata_harps
jitter_0      id:  17  s:Linear      b:[      0.0009,      12.4000]   p:Uniform   []
offset_0      id:  18  s:Linear      b:[  -9994.3075,   10013.5087]   p:Uniform   []
offset_1      id:  19  s:Linear      b:[  -9994.3075,   10013.5087]   p:Uniform   []

----- dataset: RVdata_harps              ----- model: gp_multidimensional           
rot_amp       id:  20  s:Linear      b:[      0.0000,      10.0000]   p:Uniform   []
con_amp       id:  21  s:Linear      b:[    -20.0000,      20.0000]   p:Uniform   []

----- dataset:  RVdata_neid
jitter_0      id:  22  s:Linear      b:[      0.0010,      12.3000]   p:Uniform   []
offset_0      id:  23  s:Linear      b:[  -9994.4136,   10013.1384]   p:Uniform   []

----- dataset: RVdata_neid               ----- model: gp_multidimensional           
rot_amp       id:  24  s:Linear      b:[      0.0000,      10.0000]   p:Uniform   []
con_amp       id:  25  s:Linear      b:[    -20.0000,      20.0000]   p:Uniform   []

----- dataset:  FIESTAdata_expres_mode1
jitter_0      id:  26  s:Linear      b:[      0.0017,      25.0503]   p:Uniform   []
offset_0      id:  27  s:Linear      b:[ -10002.1097,   10002.2693]   p:Uniform   []

----- dataset: FIESTAdata_expres_mode1   ----- model: gp_multidimensional           
rot_amp       id:  28  s:Linear      b:[    -10.0000,      10.0000]   p:Uniform   []
con_amp       id:  29  s:Linear      b:[    -20.0000,      20.0000]   p:Uniform   []

----- dataset:  FIESTAdata_expres_mode2
jitter_0      id:  30  s:Linear      b:[      0.0019,      28.7598]   p:Uniform   []
offset_0      id:  31  s:Linear      b:[ -10003.4482,   10002.9389]   p:Uniform   []

----- dataset: FIESTAdata_expres_mode2   ----- model: gp_multidimensional           
rot_amp       id:  32  s:Linear      b:[    -10.0000,      10.0000]   p:Uniform   []
con_amp       id:  33  s:Linear      b:[    -20.0000,      20.0000]   p:Uniform   []

----- dataset:  FIESTAdata_expres_mode3
jitter_0      id:  34  s:Linear      b:[      0.0044,      66.9305]   p:Uniform   []
offset_0      id:  35  s:Linear      b:[ -10009.5094,   10007.6113]   p:Uniform   []

----- dataset: FIESTAdata_expres_mode3   ----- model: gp_multidimensional           
rot_amp       id:  36  s:Linear      b:[    -10.0000,      10.0000]   p:Uniform   []
con_amp       id:  37  s:Linear      b:[    -20.0000,      20.0000]   p:Uniform   []

----- dataset:  FIESTAdata_harps_mode1
jitter_0      id:  38  s:Linear      b:[      0.0013,      14.0662]   p:Uniform   []
offset_0      id:  39  s:Linear      b:[ -10001.8133,   10002.5041]   p:Uniform   []

----- dataset: FIESTAdata_harps_mode1    ----- model: gp_multidimensional           
rot_amp       id:  40  s:Linear      b:[    -10.0000,      10.0000]   p:Uniform   []
con_amp       id:  41  s:Linear      b:[    -20.0000,      20.0000]   p:Uniform   []

----- dataset:  FIESTAdata_harps_mode2
jitter_0      id:  42  s:Linear      b:[      0.0016,      16.6180]   p:Uniform   []
offset_0      id:  43  s:Linear      b:[ -10003.5565,   10001.9037]   p:Uniform   []

----- dataset: FIESTAdata_harps_mode2    ----- model: gp_multidimensional           
rot_amp       id:  44  s:Linear      b:[    -10.0000,      10.0000]   p:Uniform   []
con_amp       id:  45  s:Linear      b:[    -20.0000,      20.0000]   p:Uniform   []

----- dataset:  FIESTAdata_harps_mode3
jitter_0      id:  46  s:Linear      b:[      0.0044,      47.5109]   p:Uniform   []
offset_0      id:  47  s:Linear      b:[ -10008.9791,   10011.9671]   p:Uniform   []

----- dataset: FIESTAdata_harps_mode3    ----- model: gp_multidimensional           
rot_amp       id:  48  s:Linear      b:[    -10.0000,      10.0000]   p:Uniform   []
con_amp       id:  49  s:Linear      b:[    -20.0000,      20.0000]   p:Uniform   []

----- dataset:  FIESTAdata_harpsn_mode1
jitter_0      id:  50  s:Linear      b:[      0.0010,      12.1214]   p:Uniform   []
offset_0      id:  51  s:Linear      b:[ -10002.8709,   10003.2575]   p:Uniform   []

----- dataset: FIESTAdata_harpsn_mode1   ----- model: gp_multidimensional           
rot_amp       id:  52  s:Linear      b:[    -10.0000,      10.0000]   p:Uniform   []
con_amp       id:  53  s:Linear      b:[    -20.0000,      20.0000]   p:Uniform   []

----- dataset:  FIESTAdata_harpsn_mode2
jitter_0      id:  54  s:Linear      b:[      0.0011,      14.0279]   p:Uniform   []
offset_0      id:  55  s:Linear      b:[ -10004.2807,   10004.3031]   p:Uniform   []

----- dataset: FIESTAdata_harpsn_mode2   ----- model: gp_multidimensional           
rot_amp       id:  56  s:Linear      b:[    -10.0000,      10.0000]   p:Uniform   []
con_amp       id:  57  s:Linear      b:[    -20.0000,      20.0000]   p:Uniform   []

----- dataset:  FIESTAdata_harpsn_mode3
jitter_0      id:  58  s:Linear      b:[      0.0032,      39.3660]   p:Uniform   []
offset_0      id:  59  s:Linear      b:[ -10009.8611,   10009.4438]   p:Uniform   []

----- dataset: FIESTAdata_harpsn_mode3   ----- model: gp_multidimensional           
rot_amp       id:  60  s:Linear      b:[    -10.0000,      10.0000]   p:Uniform   []
con_amp       id:  61  s:Linear      b:[    -20.0000,      20.0000]   p:Uniform   []

----- dataset:  FIESTAdata_neid_mode1
jitter_0      id:  62  s:Linear      b:[      0.0016,      19.1721]   p:Uniform   []
offset_0      id:  63  s:Linear      b:[ -10002.5191,   10002.0921]   p:Uniform   []

----- dataset: FIESTAdata_neid_mode1     ----- model: gp_multidimensional           
rot_amp       id:  64  s:Linear      b:[    -10.0000,      10.0000]   p:Uniform   []
con_amp       id:  65  s:Linear      b:[    -20.0000,      20.0000]   p:Uniform   []

----- dataset:  FIESTAdata_neid_mode2
jitter_0      id:  66  s:Linear      b:[      0.0020,      23.1467]   p:Uniform   []
offset_0      id:  67  s:Linear      b:[ -10002.4052,   10004.2542]   p:Uniform   []

----- dataset: FIESTAdata_neid_mode2     ----- model: gp_multidimensional           
rot_amp       id:  68  s:Linear      b:[    -10.0000,      10.0000]   p:Uniform   []
con_amp       id:  69  s:Linear      b:[    -20.0000,      20.0000]   p:Uniform   []

----- dataset:  FIESTAdata_neid_mode3
jitter_0      id:  70  s:Linear      b:[      0.0049,      58.2853]   p:Uniform   []
offset_0      id:  71  s:Linear      b:[ -10010.0578,   10009.4503]   p:Uniform   []

----- dataset: FIESTAdata_neid_mode3     ----- model: gp_multidimensional           
rot_amp       id:  72  s:Linear      b:[    -10.0000,      10.0000]   p:Uniform   []
con_amp       id:  73  s:Linear      b:[    -20.0000,      20.0000]   p:Uniform   []

----- common model:  b
P             id:   0  s:Log_Base2   b:[      0.1375,       6.6439]   p:Uniform   []
K             id:   1  s:Log_Base2   b:[     -9.9658,       3.3219]   p:Uniform   []
e             id:   2  s:Linear      b:[      0.0000,       0.7000]   p:Gaussian   [0.    0.098]
omega         id:   3  s:Linear      b:[      0.0000,     360.0000]   p:Uniform   []
mean_long     id:   4  s:Linear      b:[      0.0000,     360.0000]   p:Uniform   []

----- common model:  c
P             id:   5  s:Log_Base2   b:[      0.1375,       6.6439]   p:Uniform   []
K             id:   6  s:Log_Base2   b:[     -9.9658,       3.3219]   p:Uniform   []
e             id:   7  s:Linear      b:[      0.0000,       0.7000]   p:Gaussian   [0.    0.098]
omega         id:   8  s:Linear      b:[      0.0000,     360.0000]   p:Uniform   []
mean_long     id:   9  s:Linear      b:[      0.0000,     360.0000]   p:Uniform   []

----- common model:  activity
Prot          id:  10  s:Linear      b:[     22.0000,      32.0000]   p:Gaussian   [27.  2.]
Pdec          id:  11  s:Linear      b:[     10.0000,     300.0000]   p:Uniform   []
Oamp          id:  12  s:Log_Base2   b:[     -6.6439,       0.0000]   p:Gaussian   [0.35  0.035]

----- common model:  star_parameters
mass          derived (no id, space, bound)                           p:Gaussian   [1.e+00 1.e-06]
radius        derived (no id, space, bound)                           p:Gaussian   [1.e+00 1.e-06]
density       derived (no id, space, bound)                           p:Gaussian   [1.e+00 1.e-06]

Number of live points: 2000

number of multiprocessing threads: 16

Reference Time Tref:  59334.700184

*************************************************************

Using threading pool for dynesty: True
Setting up the Dynamic Nested Sampling, number of live points =   2000
                                        posterior/evidence split = 0.000
                                        initial stopping criterion = 0.0100
                                        bound =  multi
                                        sample =  rwalk

Running Dynamic Nested Sampling


Getting the results

Summary
=======
niter: 649297
ncall: 60638450
eff(%):  1.071
logz: -2790.349 +/-  0.392


:::---::: PyORBIT v11.0.1 :::---:::

Python version in use:
3.10.18 (main, Jun  5 2025, 13:14:17) [GCC 11.2.0]
LaTeX disabled by default

Using orbital model:  keplerian
Using orbital parametrization:  Standard

Using orbital model:  keplerian
Using orbital parametrization:  Standard

gp_multidimensional  S+LEAF model, number of harmonics: 4

GP model: gp_multidimensional  hyperparameters_condition:    True
GP model: gp_multidimensional  rotation_decay_condition:     True

### PyORBIT version used in the analysis:  11.0.1
Posteriors analysis from dynesty run with posterior/evidence split = 0.000

Summary - 
=======
niter: 649297
ncall: 60638450
eff(%):  1.071
logz: -2790.349 +/-  0.392

Computation of statistical+sampling errors skipped - workaround after dynesty>1.2 update

Plot a summary of the run.
Plot traces and 1-D marginalized posteriors.
Unable to plot traces and 1-D marginalized posteriors using the internal dynesty routine - skipped
Plot the 2-D marginalized posteriors.

Weighted mean and convariance from original samplings
  RVdata_expres_jitter_0         1.512046 +-        0.007537
  RVdata_expres_offset_0        38.940753 +-      132.229724
  RVdata_expres_gp_multidimensional_rot_amp         9.012362 +-        0.654258
  RVdata_expres_gp_multidimensional_con_amp        -5.495745 +-        4.305633
  RVdata_harps_jitter_0         1.437975 +-        0.005601
  RVdata_harps_offset_0        29.175644 +-       69.377072
  RVdata_harps_offset_1        30.527686 +-       69.575310
  RVdata_harps_gp_multidimensional_rot_amp         2.670505 +-        1.748457
  RVdata_harps_gp_multidimensional_con_amp        -3.653000 +-        2.263187
  RVdata_neid_jitter_0         1.331485 +-        0.005172
  RVdata_neid_offset_0        29.221943 +-      104.513793
  RVdata_neid_gp_multidimensional_rot_amp         3.934200 +-        2.751565
  RVdata_neid_gp_multidimensional_con_amp        -3.586176 +-        3.408218
  FIESTAdata_expres_mode1_jitter_0         0.855557 +-        0.002437
  FIESTAdata_expres_mode1_offset_0        25.007032 +-       36.170614
  FIESTAdata_expres_mode1_gp_multidimensional_rot_amp         0.564634 +-        4.539354
  FIESTAdata_expres_mode1_gp_multidimensional_con_amp        -4.507566 +-        1.178399
  FIESTAdata_expres_mode2_jitter_0         1.256020 +-        0.003246
  FIESTAdata_expres_mode2_offset_0       -28.972289 +-       69.428498
  FIESTAdata_expres_mode2_gp_multidimensional_rot_amp         2.557075 +-        6.397740
  FIESTAdata_expres_mode2_gp_multidimensional_con_amp         5.238705 +-        2.268017
  FIESTAdata_expres_mode3_jitter_0         3.508579 +-        0.028417
  FIESTAdata_expres_mode3_offset_0       -78.041620 +-      205.055006
  FIESTAdata_expres_mode3_gp_multidimensional_rot_amp         3.208928 +-       10.719548
  FIESTAdata_expres_mode3_gp_multidimensional_con_amp        14.065275 +-        6.678280
  FIESTAdata_harps_mode1_jitter_0         1.036687 +-        0.013505
  FIESTAdata_harps_mode1_offset_0       -41.686602 +-      110.549892
  FIESTAdata_harps_mode1_gp_multidimensional_rot_amp         4.736970 +-        7.070708
  FIESTAdata_harps_mode1_gp_multidimensional_con_amp         7.518630 +-        3.613489
  FIESTAdata_harps_mode2_jitter_0         1.403309 +-        0.024520
  FIESTAdata_harps_mode2_offset_0        37.494754 +-      144.064545
  FIESTAdata_harps_mode2_gp_multidimensional_rot_amp        -0.639521 +-       13.051747
  FIESTAdata_harps_mode2_gp_multidimensional_con_amp        -6.759631 +-        4.666950
  FIESTAdata_harps_mode3_jitter_0         4.924870 +-        0.189151
  FIESTAdata_harps_mode3_offset_0        87.812961 +-      164.643363
  FIESTAdata_harps_mode3_gp_multidimensional_rot_amp        -1.202161 +-       13.531447
  FIESTAdata_harps_mode3_gp_multidimensional_con_amp       -15.831442 +-        5.382447
  FIESTAdata_harpsn_mode1_jitter_0         1.404983 +-        0.008206
  FIESTAdata_harpsn_mode1_offset_0        34.092918 +-      110.955563
  FIESTAdata_harpsn_mode1_gp_multidimensional_rot_amp         0.893053 +-        6.636172
  FIESTAdata_harpsn_mode1_gp_multidimensional_con_amp        -6.143434 +-        3.607811
  FIESTAdata_harpsn_mode2_jitter_0         1.798226 +-        0.008744
  FIESTAdata_harpsn_mode2_offset_0       -44.015100 +-      157.354373
  FIESTAdata_harpsn_mode2_gp_multidimensional_rot_amp        -3.757005 +-        7.841850
  FIESTAdata_harpsn_mode2_gp_multidimensional_con_amp         7.950823 +-        5.113621
  FIESTAdata_harpsn_mode3_jitter_0         3.809214 +-        0.043377
  FIESTAdata_harpsn_mode3_offset_0       -65.352082 +-      347.744385
  FIESTAdata_harpsn_mode3_gp_multidimensional_rot_amp         1.397340 +-       11.964955
  FIESTAdata_harpsn_mode3_gp_multidimensional_con_amp        11.827065 +-       11.427052
  FIESTAdata_neid_mode1_jitter_0         0.803342 +-        0.002858
  FIESTAdata_neid_mode1_offset_0        27.243028 +-       44.712821
  FIESTAdata_neid_mode1_gp_multidimensional_rot_amp        -0.459682 +-        4.950891
  FIESTAdata_neid_mode1_gp_multidimensional_con_amp        -4.924162 +-        1.446089
  FIESTAdata_neid_mode2_jitter_0         1.087386 +-        0.004235
  FIESTAdata_neid_mode2_offset_0       -41.076510 +-      121.227894
  FIESTAdata_neid_mode2_gp_multidimensional_rot_amp        -2.356672 +-        8.748777
  FIESTAdata_neid_mode2_gp_multidimensional_con_amp         7.423671 +-        3.929584
  FIESTAdata_neid_mode3_jitter_0         3.497441 +-        0.026116
  FIESTAdata_neid_mode3_offset_0        12.076608 +-      435.062771
  FIESTAdata_neid_mode3_gp_multidimensional_rot_amp         2.264699 +-       14.242273
  FIESTAdata_neid_mode3_gp_multidimensional_con_amp        -2.193189 +-       14.218929
  b_P         3.188454 +-        1.259425
  b_K        -7.235600 +-        3.841313
  b_e         0.089710 +-        0.001837
  b_omega       112.202150 +-     4798.166783
  b_mean_long       173.153344 +-     5608.725188
  c_P         3.701334 +-        0.022808
  c_K        -0.908216 +-        0.599595
  c_e         0.035150 +-        0.000404
  c_omega       117.838044 +-     3706.525136
  c_mean_long       185.157446 +-      944.289283
  activity_Prot        30.613711 +-        0.066864
  activity_Pdec       270.439777 +-      306.767982
  activity_Oamp        -1.079976 +-        0.007508

From now on, all results are from weighted samples

 Reference Time Tref: 59334.700184

 Data points:1291
 Dimensions: 74
 Samples:    649297

Number of samplings: 649297

ln-probability   distribution:  -2492.47       -6.12      6.94 (15-84 p) 
ln-prior         distribution:      0.00        0.00      0.00 (15-84 p) 
ln-likelihood    distribution:  -2492.47       -6.12      6.94 (15-84 p) 


*** Information criteria using the likelihood distribution

 BIC from distribution  (using likelihood)  =   5515.02    -13.88   12.23 (15-84 p)
 AIC from distribution  (using likelihood)  =   5132.95    -13.88   12.23 (15-84 p)
 AICc from distribution (using likelihood)  =   5142.07    -13.88   12.23 (15-84 p)


*** Information criteria using the median parameter set

 ln_probability of Median solution =  -2476.70
 ln_priors of Median solution      =      0.00
 ln_likelihood of Median solution  =  -2476.70

 Median BIC  (using likelihood) =   5483.48
 Median AIC  (using likelihood) =   5101.41
 Median AICc (using likelihood) =   5110.53


*** Information criteria using the MAP parameter set

 ln_probability of MAP solution =  -2848.08
 ln_priors of MAP solution      =   -348.12
 ln_likelihood of MAP solution  =  -2499.96

 MAP BIC  (using likelihood)    =   5529.99
 MAP AIC  (using likelihood)    =   5147.92
 MAP AICc (using likelihood)    =   5157.05

 AICc suggested over AIC because NDATA ( 1291 ) < 40 * NDIM ( 74 )

****************************************************************************************************


====================================================================================================
     Ids, spaces (s), boundaries (b) and priors (p) of the sampler parameters     
====================================================================================================

----- dataset:  RVdata_expres
jitter_0      id:  13  s:Linear      b:[      0.0010,      13.2000]   p:Uniform   []
offset_0      id:  14  s:Linear      b:[  -9995.2560,   10011.7850]   p:Uniform   []

----- dataset: RVdata_expres             ----- model: gp_multidimensional           
rot_amp       id:  15  s:Linear      b:[      0.0000,      10.0000]   p:Uniform   []
con_amp       id:  16  s:Linear      b:[    -20.0000,      20.0000]   p:Uniform   []

----- dataset:  RVdata_harps
jitter_0      id:  17  s:Linear      b:[      0.0009,      12.4000]   p:Uniform   []
offset_0      id:  18  s:Linear      b:[  -9994.3075,   10013.5087]   p:Uniform   []
offset_1      id:  19  s:Linear      b:[  -9994.3075,   10013.5087]   p:Uniform   []

----- dataset: RVdata_harps              ----- model: gp_multidimensional           
rot_amp       id:  20  s:Linear      b:[      0.0000,      10.0000]   p:Uniform   []
con_amp       id:  21  s:Linear      b:[    -20.0000,      20.0000]   p:Uniform   []

----- dataset:  RVdata_neid
jitter_0      id:  22  s:Linear      b:[      0.0010,      12.3000]   p:Uniform   []
offset_0      id:  23  s:Linear      b:[  -9994.4136,   10013.1384]   p:Uniform   []

----- dataset: RVdata_neid               ----- model: gp_multidimensional           
rot_amp       id:  24  s:Linear      b:[      0.0000,      10.0000]   p:Uniform   []
con_amp       id:  25  s:Linear      b:[    -20.0000,      20.0000]   p:Uniform   []

----- dataset:  FIESTAdata_expres_mode1
jitter_0      id:  26  s:Linear      b:[      0.0017,      25.0503]   p:Uniform   []
offset_0      id:  27  s:Linear      b:[ -10002.1097,   10002.2693]   p:Uniform   []

----- dataset: FIESTAdata_expres_mode1   ----- model: gp_multidimensional           
rot_amp       id:  28  s:Linear      b:[    -10.0000,      10.0000]   p:Uniform   []
con_amp       id:  29  s:Linear      b:[    -20.0000,      20.0000]   p:Uniform   []

----- dataset:  FIESTAdata_expres_mode2
jitter_0      id:  30  s:Linear      b:[      0.0019,      28.7598]   p:Uniform   []
offset_0      id:  31  s:Linear      b:[ -10003.4482,   10002.9389]   p:Uniform   []

----- dataset: FIESTAdata_expres_mode2   ----- model: gp_multidimensional           
rot_amp       id:  32  s:Linear      b:[    -10.0000,      10.0000]   p:Uniform   []
con_amp       id:  33  s:Linear      b:[    -20.0000,      20.0000]   p:Uniform   []

----- dataset:  FIESTAdata_expres_mode3
jitter_0      id:  34  s:Linear      b:[      0.0044,      66.9305]   p:Uniform   []
offset_0      id:  35  s:Linear      b:[ -10009.5094,   10007.6113]   p:Uniform   []

----- dataset: FIESTAdata_expres_mode3   ----- model: gp_multidimensional           
rot_amp       id:  36  s:Linear      b:[    -10.0000,      10.0000]   p:Uniform   []
con_amp       id:  37  s:Linear      b:[    -20.0000,      20.0000]   p:Uniform   []

----- dataset:  FIESTAdata_harps_mode1
jitter_0      id:  38  s:Linear      b:[      0.0013,      14.0662]   p:Uniform   []
offset_0      id:  39  s:Linear      b:[ -10001.8133,   10002.5041]   p:Uniform   []

----- dataset: FIESTAdata_harps_mode1    ----- model: gp_multidimensional           
rot_amp       id:  40  s:Linear      b:[    -10.0000,      10.0000]   p:Uniform   []
con_amp       id:  41  s:Linear      b:[    -20.0000,      20.0000]   p:Uniform   []

----- dataset:  FIESTAdata_harps_mode2
jitter_0      id:  42  s:Linear      b:[      0.0016,      16.6180]   p:Uniform   []
offset_0      id:  43  s:Linear      b:[ -10003.5565,   10001.9037]   p:Uniform   []

----- dataset: FIESTAdata_harps_mode2    ----- model: gp_multidimensional           
rot_amp       id:  44  s:Linear      b:[    -10.0000,      10.0000]   p:Uniform   []
con_amp       id:  45  s:Linear      b:[    -20.0000,      20.0000]   p:Uniform   []

----- dataset:  FIESTAdata_harps_mode3
jitter_0      id:  46  s:Linear      b:[      0.0044,      47.5109]   p:Uniform   []
offset_0      id:  47  s:Linear      b:[ -10008.9791,   10011.9671]   p:Uniform   []

----- dataset: FIESTAdata_harps_mode3    ----- model: gp_multidimensional           
rot_amp       id:  48  s:Linear      b:[    -10.0000,      10.0000]   p:Uniform   []
con_amp       id:  49  s:Linear      b:[    -20.0000,      20.0000]   p:Uniform   []

----- dataset:  FIESTAdata_harpsn_mode1
jitter_0      id:  50  s:Linear      b:[      0.0010,      12.1214]   p:Uniform   []
offset_0      id:  51  s:Linear      b:[ -10002.8709,   10003.2575]   p:Uniform   []

----- dataset: FIESTAdata_harpsn_mode1   ----- model: gp_multidimensional           
rot_amp       id:  52  s:Linear      b:[    -10.0000,      10.0000]   p:Uniform   []
con_amp       id:  53  s:Linear      b:[    -20.0000,      20.0000]   p:Uniform   []

----- dataset:  FIESTAdata_harpsn_mode2
jitter_0      id:  54  s:Linear      b:[      0.0011,      14.0279]   p:Uniform   []
offset_0      id:  55  s:Linear      b:[ -10004.2807,   10004.3031]   p:Uniform   []

----- dataset: FIESTAdata_harpsn_mode2   ----- model: gp_multidimensional           
rot_amp       id:  56  s:Linear      b:[    -10.0000,      10.0000]   p:Uniform   []
con_amp       id:  57  s:Linear      b:[    -20.0000,      20.0000]   p:Uniform   []

----- dataset:  FIESTAdata_harpsn_mode3
jitter_0      id:  58  s:Linear      b:[      0.0032,      39.3660]   p:Uniform   []
offset_0      id:  59  s:Linear      b:[ -10009.8611,   10009.4438]   p:Uniform   []

----- dataset: FIESTAdata_harpsn_mode3   ----- model: gp_multidimensional           
rot_amp       id:  60  s:Linear      b:[    -10.0000,      10.0000]   p:Uniform   []
con_amp       id:  61  s:Linear      b:[    -20.0000,      20.0000]   p:Uniform   []

----- dataset:  FIESTAdata_neid_mode1
jitter_0      id:  62  s:Linear      b:[      0.0016,      19.1721]   p:Uniform   []
offset_0      id:  63  s:Linear      b:[ -10002.5191,   10002.0921]   p:Uniform   []

----- dataset: FIESTAdata_neid_mode1     ----- model: gp_multidimensional           
rot_amp       id:  64  s:Linear      b:[    -10.0000,      10.0000]   p:Uniform   []
con_amp       id:  65  s:Linear      b:[    -20.0000,      20.0000]   p:Uniform   []

----- dataset:  FIESTAdata_neid_mode2
jitter_0      id:  66  s:Linear      b:[      0.0020,      23.1467]   p:Uniform   []
offset_0      id:  67  s:Linear      b:[ -10002.4052,   10004.2542]   p:Uniform   []

----- dataset: FIESTAdata_neid_mode2     ----- model: gp_multidimensional           
rot_amp       id:  68  s:Linear      b:[    -10.0000,      10.0000]   p:Uniform   []
con_amp       id:  69  s:Linear      b:[    -20.0000,      20.0000]   p:Uniform   []

----- dataset:  FIESTAdata_neid_mode3
jitter_0      id:  70  s:Linear      b:[      0.0049,      58.2853]   p:Uniform   []
offset_0      id:  71  s:Linear      b:[ -10010.0578,   10009.4503]   p:Uniform   []

----- dataset: FIESTAdata_neid_mode3     ----- model: gp_multidimensional           
rot_amp       id:  72  s:Linear      b:[    -10.0000,      10.0000]   p:Uniform   []
con_amp       id:  73  s:Linear      b:[    -20.0000,      20.0000]   p:Uniform   []

----- common model:  b
P             id:   0  s:Log_Base2   b:[      0.1375,       6.6439]   p:Uniform   []
K             id:   1  s:Log_Base2   b:[     -9.9658,       3.3219]   p:Uniform   []
e             id:   2  s:Linear      b:[      0.0000,       0.7000]   p:Gaussian   [0.    0.098]
omega         id:   3  s:Linear      b:[      0.0000,     360.0000]   p:Uniform   []
mean_long     id:   4  s:Linear      b:[      0.0000,     360.0000]   p:Uniform   []

----- common model:  c
P             id:   5  s:Log_Base2   b:[      0.1375,       6.6439]   p:Uniform   []
K             id:   6  s:Log_Base2   b:[     -9.9658,       3.3219]   p:Uniform   []
e             id:   7  s:Linear      b:[      0.0000,       0.7000]   p:Gaussian   [0.    0.098]
omega         id:   8  s:Linear      b:[      0.0000,     360.0000]   p:Uniform   []
mean_long     id:   9  s:Linear      b:[      0.0000,     360.0000]   p:Uniform   []

----- common model:  activity
Prot          id:  10  s:Linear      b:[     22.0000,      32.0000]   p:Gaussian   [27.  2.]
Pdec          id:  11  s:Linear      b:[     10.0000,     300.0000]   p:Uniform   []
Oamp          id:  12  s:Log_Base2   b:[     -6.6439,       0.0000]   p:Gaussian   [0.35  0.035]

----- common model:  star_parameters
mass          derived (no id, space, bound)                           p:Gaussian   [1.e+00 1.e-06]
radius        derived (no id, space, bound)                           p:Gaussian   [1.e+00 1.e-06]
density       derived (no id, space, bound)                           p:Gaussian   [1.e+00 1.e-06]


****************************************************************************************************
****************************************************************************************************

 Confidence intervals (median value, 34.135th percentile from the median on the left and right side)

====================================================================================================
     Statistics on the posterior of the sampler parameters     
====================================================================================================

----- dataset:  RVdata_expres
jitter_0        13         1.512       -0.087        0.085   (15-84 p)   [    0.0010,    13.2000]
offset_0        14            38          -11           13   (15-84 p)   [-9995.2560, 10011.7850]

----- dataset: RVdata_expres             ----- model: gp_multidimensional           
rot_amp         15          9.20        -0.96         0.58   (15-84 p)   [    0.0000,    10.0000]
con_amp         16          -5.4         -2.3          2.0   (15-84 p)   [  -20.0000,    20.0000]

----- dataset:  RVdata_harps
jitter_0        17         1.436       -0.072        0.077   (15-84 p)   [    0.0009,    12.4000]
offset_0        18          29.0         -8.2          8.2   (15-84 p)   [-9994.3075, 10013.5087]
offset_1        19          30.4         -8.3          8.2   (15-84 p)   [-9994.3075, 10013.5087]

----- dataset: RVdata_harps              ----- model: gp_multidimensional           
rot_amp         20           2.6         -1.4          1.4   (15-84 p)   [    0.0000,    10.0000]
con_amp         21          -3.6         -1.5          1.5   (15-84 p)   [  -20.0000,    20.0000]

----- dataset:  RVdata_neid
jitter_0        22         1.328       -0.066        0.073   (15-84 p)   [    0.0010,    12.3000]
offset_0        23          29.0         -9.9           10   (15-84 p)   [-9994.4136, 10013.1384]

----- dataset: RVdata_neid               ----- model: gp_multidimensional           
rot_amp         24           3.8         -1.6          1.9   (15-84 p)   [    0.0000,    10.0000]
con_amp         25          -3.5         -1.9          1.8   (15-84 p)   [  -20.0000,    20.0000]

----- dataset:  FIESTAdata_expres_mode1
jitter_0        26         0.856       -0.047        0.049   (15-84 p)   [    0.0017,    25.0503]
offset_0        27          24.4         -5.4          6.6   (15-84 p)   [-10002.1097, 10002.2693]

----- dataset: FIESTAdata_expres_mode1   ----- model: gp_multidimensional           
rot_amp         28           0.5         -2.1          2.3   (15-84 p)   [  -10.0000,    10.0000]
con_amp         29         -4.40         -1.2         0.98   (15-84 p)   [  -20.0000,    20.0000]

----- dataset:  FIESTAdata_expres_mode2
jitter_0        30         1.254       -0.054        0.060   (15-84 p)   [    0.0019,    28.7598]
offset_0        31         -28.4         -8.7          7.5   (15-84 p)   [-10003.4482, 10002.9389]

----- dataset: FIESTAdata_expres_mode2   ----- model: gp_multidimensional           
rot_amp         32           2.5         -2.6          2.7   (15-84 p)   [  -10.0000,    10.0000]
con_amp         33           5.1         -1.4          1.6   (15-84 p)   [  -20.0000,    20.0000]

----- dataset:  FIESTAdata_expres_mode3
jitter_0        34          3.51        -0.17         0.17   (15-84 p)   [    0.0044,    66.9305]
offset_0        35           -79          -14           15   (15-84 p)   [-10009.5094, 10007.6113]

----- dataset: FIESTAdata_expres_mode3   ----- model: gp_multidimensional           
rot_amp         36           3.3         -3.5          3.4   (15-84 p)   [  -10.0000,    10.0000]
con_amp         37          14.2         -2.8          2.6   (15-84 p)   [  -20.0000,    20.0000]

----- dataset:  FIESTAdata_harps_mode1
jitter_0        38          1.03        -0.11         0.11   (15-84 p)   [    0.0013,    14.0662]
offset_0        39         -41.0          -11          9.6   (15-84 p)   [-10001.8133, 10002.5041]

----- dataset: FIESTAdata_harps_mode1    ----- model: gp_multidimensional           
rot_amp         40           5.0         -2.8          2.4   (15-84 p)   [  -10.0000,    10.0000]
con_amp         41           7.4         -1.7          2.0   (15-84 p)   [  -20.0000,    20.0000]

----- dataset:  FIESTAdata_harps_mode2
jitter_0        42          1.39        -0.15         0.17   (15-84 p)   [    0.0016,    16.6180]
offset_0        43            37          -11           12   (15-84 p)   [-10003.5565, 10001.9037]

----- dataset: FIESTAdata_harps_mode2    ----- model: gp_multidimensional           
rot_amp         44          -0.5         -3.8          3.4   (15-84 p)   [  -10.0000,    10.0000]
con_amp         45          -6.7         -2.2          2.1   (15-84 p)   [  -20.0000,    20.0000]

----- dataset:  FIESTAdata_harps_mode3
jitter_0        46          4.93        -0.44         0.43   (15-84 p)   [    0.0044,    47.5109]
offset_0        47            88          -14           13   (15-84 p)   [-10008.9791, 10011.9671]

----- dataset: FIESTAdata_harps_mode3    ----- model: gp_multidimensional           
rot_amp         48          -1.3         -3.5          3.9   (15-84 p)   [  -10.0000,    10.0000]
con_amp         49         -15.9         -2.4          2.6   (15-84 p)   [  -20.0000,    20.0000]

----- dataset:  FIESTAdata_harpsn_mode1
jitter_0        50         1.403       -0.089        0.091   (15-84 p)   [    0.0010,    12.1214]
offset_0        51            34          -10           11   (15-84 p)   [-10002.8709, 10003.2575]

----- dataset: FIESTAdata_harpsn_mode1   ----- model: gp_multidimensional           
rot_amp         52           0.9         -2.6          2.5   (15-84 p)   [  -10.0000,    10.0000]
con_amp         53          -6.1         -2.0          1.8   (15-84 p)   [  -20.0000,    20.0000]

----- dataset:  FIESTAdata_harpsn_mode2
jitter_0        54         1.799       -0.092        0.093   (15-84 p)   [    0.0011,    14.0279]
offset_0        55           -44          -13           12   (15-84 p)   [-10004.2807, 10004.3031]

----- dataset: FIESTAdata_harpsn_mode2   ----- model: gp_multidimensional           
rot_amp         56          -3.8         -2.9          2.9   (15-84 p)   [  -10.0000,    10.0000]
con_amp         57           7.9         -2.2          2.3   (15-84 p)   [  -20.0000,    20.0000]

----- dataset:  FIESTAdata_harpsn_mode3
jitter_0        58          3.81        -0.21         0.20   (15-84 p)   [    0.0032,    39.3660]
offset_0        59           -67          -17           20   (15-84 p)   [-10009.8611, 10009.4438]

----- dataset: FIESTAdata_harpsn_mode3   ----- model: gp_multidimensional           
rot_amp         60           1.5         -3.5          3.3   (15-84 p)   [  -10.0000,    10.0000]
con_amp         61          12.0         -3.6          3.1   (15-84 p)   [  -20.0000,    20.0000]

----- dataset:  FIESTAdata_neid_mode1
jitter_0        62         0.801       -0.049        0.055   (15-84 p)   [    0.0016,    19.1721]
offset_0        63          27.0         -6.1          6.7   (15-84 p)   [-10002.5191, 10002.0921]

----- dataset: FIESTAdata_neid_mode1     ----- model: gp_multidimensional           
rot_amp         64          -0.5         -2.3          2.3   (15-84 p)   [  -10.0000,    10.0000]
con_amp         65          -4.9         -1.2          1.1   (15-84 p)   [  -20.0000,    20.0000]

----- dataset:  FIESTAdata_neid_mode2
jitter_0        66         1.087       -0.064        0.065   (15-84 p)   [    0.0020,    23.1467]
offset_0        67           -41          -11           12   (15-84 p)   [-10002.4052, 10004.2542]

----- dataset: FIESTAdata_neid_mode2     ----- model: gp_multidimensional           
rot_amp         68          -2.4         -2.8          3.0   (15-84 p)   [  -10.0000,    10.0000]
con_amp         69           7.4         -2.1          2.0   (15-84 p)   [  -20.0000,    20.0000]

----- dataset:  FIESTAdata_neid_mode3
jitter_0        70          3.50        -0.16         0.16   (15-84 p)   [    0.0049,    58.2853]
offset_0        71            11          -18           21   (15-84 p)   [-10010.0578, 10009.4503]

----- dataset: FIESTAdata_neid_mode3     ----- model: gp_multidimensional           
rot_amp         72           2.3         -3.8          4.0   (15-84 p)   [  -10.0000,    10.0000]
con_amp         73          -1.9         -3.9          3.3   (15-84 p)   [  -20.0000,    20.0000]

----- common model:  b
P                0           3.2         -1.1          1.1   (15-84 p)   [    0.1375,     6.6439]
K                1          -7.6         -1.5          2.1   (15-84 p)   [   -9.9658,     3.3219]
e                2         0.083       -0.032        0.043   (15-84 p)   [    0.0000,     0.7000]
omega            3           104          -65           80   (15-84 p)   [    0.0000,   360.0000]
mean_long        4           173          -80           78   (15-84 p)   [    0.0000,   360.0000]

----- common model:  c
P                5         3.716       -0.033        0.030   (15-84 p)   [    0.1375,     6.6439]
K                6         -0.78        -0.39         0.28   (15-84 p)   [   -9.9658,     3.3219]
e                7         0.033       -0.018        0.022   (15-84 p)   [    0.0000,     0.7000]
omega            8           113          -57           63   (15-84 p)   [    0.0000,   360.0000]
mean_long        9           187          -28           26   (15-84 p)   [    0.0000,   360.0000]

----- common model:  activity
Prot            10         30.60        -0.25         0.27   (15-84 p)   [   22.0000,    32.0000]
Pdec            11           272          -20           17   (15-84 p)   [   10.0000,   300.0000]
Oamp            12        -1.077       -0.090        0.083   (15-84 p)   [   -6.6439,     0.0000]

----- common model:  star_parameters

====================================================================================================
     Statistics on the model parameters obtained from the posteriors samples     
====================================================================================================

----- dataset:  RVdata_expres
jitter_0                 1.512       -0.087        0.085    (15-84 p)
offset_0                    38          -11           13    (15-84 p)


----- dataset: RVdata_expres             ----- model: gp_multidimensional           
rot_amp                   9.20        -0.96         0.58    (15-84 p)
con_amp                   -5.4         -2.3          2.0    (15-84 p)

----- dataset:  RVdata_harps
jitter_0                 1.436       -0.072        0.077    (15-84 p)
offset_0                  29.0         -8.2          8.2    (15-84 p)
offset_1                  30.4         -8.3          8.2    (15-84 p)


----- dataset: RVdata_harps              ----- model: gp_multidimensional           
rot_amp                    2.6         -1.4          1.4    (15-84 p)
con_amp                   -3.6         -1.5          1.5    (15-84 p)

----- dataset:  RVdata_neid
jitter_0                 1.328       -0.066        0.073    (15-84 p)
offset_0                  29.0         -9.9           10    (15-84 p)


----- dataset: RVdata_neid               ----- model: gp_multidimensional           
rot_amp                    3.8         -1.6          1.9    (15-84 p)
con_amp                   -3.5         -1.9          1.8    (15-84 p)

----- dataset:  FIESTAdata_expres_mode1
jitter_0                 0.856       -0.047        0.049    (15-84 p)
offset_0                  24.4         -5.4          6.6    (15-84 p)


----- dataset: FIESTAdata_expres_mode1   ----- model: gp_multidimensional           
rot_amp                    0.5         -2.1          2.3    (15-84 p)
con_amp                  -4.40         -1.2         0.98    (15-84 p)

----- dataset:  FIESTAdata_expres_mode2
jitter_0                 1.254       -0.054        0.060    (15-84 p)
offset_0                 -28.4         -8.7          7.5    (15-84 p)


----- dataset: FIESTAdata_expres_mode2   ----- model: gp_multidimensional           
rot_amp                    2.5         -2.6          2.7    (15-84 p)
con_amp                    5.1         -1.4          1.6    (15-84 p)

----- dataset:  FIESTAdata_expres_mode3
jitter_0                  3.51        -0.17         0.17    (15-84 p)
offset_0                   -79          -14           15    (15-84 p)


----- dataset: FIESTAdata_expres_mode3   ----- model: gp_multidimensional           
rot_amp                    3.3         -3.5          3.4    (15-84 p)
con_amp                   14.2         -2.8          2.6    (15-84 p)

----- dataset:  FIESTAdata_harps_mode1
jitter_0                  1.03        -0.11         0.11    (15-84 p)
offset_0                 -41.0          -11          9.6    (15-84 p)


----- dataset: FIESTAdata_harps_mode1    ----- model: gp_multidimensional           
rot_amp                    5.0         -2.8          2.4    (15-84 p)
con_amp                    7.4         -1.7          2.0    (15-84 p)

----- dataset:  FIESTAdata_harps_mode2
jitter_0                  1.39        -0.15         0.17    (15-84 p)
offset_0                    37          -11           12    (15-84 p)


----- dataset: FIESTAdata_harps_mode2    ----- model: gp_multidimensional           
rot_amp                   -0.5         -3.8          3.4    (15-84 p)
con_amp                   -6.7         -2.2          2.1    (15-84 p)

----- dataset:  FIESTAdata_harps_mode3
jitter_0                  4.93        -0.44         0.43    (15-84 p)
offset_0                    88          -14           13    (15-84 p)


----- dataset: FIESTAdata_harps_mode3    ----- model: gp_multidimensional           
rot_amp                   -1.3         -3.5          3.9    (15-84 p)
con_amp                  -15.9         -2.4          2.6    (15-84 p)

----- dataset:  FIESTAdata_harpsn_mode1
jitter_0                 1.403       -0.089        0.091    (15-84 p)
offset_0                    34          -10           11    (15-84 p)


----- dataset: FIESTAdata_harpsn_mode1   ----- model: gp_multidimensional           
rot_amp                    0.9         -2.6          2.5    (15-84 p)
con_amp                   -6.1         -2.0          1.8    (15-84 p)

----- dataset:  FIESTAdata_harpsn_mode2
jitter_0                 1.799       -0.092        0.093    (15-84 p)
offset_0                   -44          -13           12    (15-84 p)


----- dataset: FIESTAdata_harpsn_mode2   ----- model: gp_multidimensional           
rot_amp                   -3.8         -2.9          2.9    (15-84 p)
con_amp                    7.9         -2.2          2.3    (15-84 p)

----- dataset:  FIESTAdata_harpsn_mode3
jitter_0                  3.81        -0.21         0.20    (15-84 p)
offset_0                   -67          -17           20    (15-84 p)


----- dataset: FIESTAdata_harpsn_mode3   ----- model: gp_multidimensional           
rot_amp                    1.5         -3.5          3.3    (15-84 p)
con_amp                   12.0         -3.6          3.1    (15-84 p)

----- dataset:  FIESTAdata_neid_mode1
jitter_0                 0.801       -0.049        0.055    (15-84 p)
offset_0                  27.0         -6.1          6.7    (15-84 p)


----- dataset: FIESTAdata_neid_mode1     ----- model: gp_multidimensional           
rot_amp                   -0.5         -2.3          2.3    (15-84 p)
con_amp                   -4.9         -1.2          1.1    (15-84 p)

----- dataset:  FIESTAdata_neid_mode2
jitter_0                 1.087       -0.064        0.065    (15-84 p)
offset_0                   -41          -11           12    (15-84 p)


----- dataset: FIESTAdata_neid_mode2     ----- model: gp_multidimensional           
rot_amp                   -2.4         -2.8          3.0    (15-84 p)
con_amp                    7.4         -2.1          2.0    (15-84 p)

----- dataset:  FIESTAdata_neid_mode3
jitter_0                  3.50        -0.16         0.16    (15-84 p)
offset_0                    11          -18           21    (15-84 p)


----- dataset: FIESTAdata_neid_mode3     ----- model: gp_multidimensional           
rot_amp                    2.3         -3.8          4.0    (15-84 p)
con_amp                   -1.9         -3.9          3.3    (15-84 p)

----- common model:  b
P                          9.1         -4.9           11    (15-84 p)
K                       0.0051      -0.0033        0.017    (15-84 p)
e                        0.083       -0.032        0.043    (15-84 p)
omega                      100          -66           77    (15-84 p)
mean_long                  215          -71          191    (15-84 p)

----- common model:  c
P                        13.14        -0.30         0.27    (15-84 p)
K                         0.58        -0.14         0.13    (15-84 p)
e                        0.033       -0.018        0.022    (15-84 p)
omega                      111          -59           61    (15-84 p)
mean_long                  187          -28           26    (15-84 p)

----- common model:  activity
Prot                     30.60        -0.25         0.27    (15-84 p)
Pdec                       272          -20           17    (15-84 p)
Oamp                     0.474       -0.029        0.028    (15-84 p)

----- common model:  star_parameters

====================================================================================================
     Statistics on the derived parameters obtained from the posteriors samples     
====================================================================================================

----- common model:  b
Inclination fixed to 90 deg!
Computing planetary mass under the approximation M_planet << M_star (threshold at 30.0 Me)
a_Rs                      18.4         -7.4           13    (15-84 p)
M_Mj                  0.000052    -0.000033      0.00018    (15-84 p)
M_Me                     0.017       -0.011        0.057    (15-84 p)
Tc                     59340.1         -3.9          7.9    (15-84 p)
a_AU_(M)                 0.085       -0.034        0.059    (15-84 p)
a_AU_(rho,R)             0.085       -0.034        0.059    (15-84 p)

----- common model:  c
Inclination fixed to 90 deg!
Computing planetary mass under the approximation M_planet << M_star (threshold at 30.0 Me)
a_Rs                     23.42        -0.36         0.32    (15-84 p)
M_Mj                    0.0068      -0.0016       0.0015    (15-84 p)
M_Me                      2.15        -0.51         0.47    (15-84 p)
Tc                    59344.30        -0.83         0.78    (15-84 p)
a_AU_(M)                0.1090      -0.0017       0.0015    (15-84 p)
a_AU_(rho,R)            0.1090      -0.0017       0.0015    (15-84 p)


====================================================================================================
     ------------------------------------------------------------------------------------------     
====================================================================================================



****************************************************************************************************

 Parameters corresponding to the Maximum a Posteriori probability ( -2470.7623425071115 )

====================================================================================================
     Statistics on the posterior of the sampler parameters     
====================================================================================================

----- dataset:  RVdata_expres
jitter_0        13      1.700608 [    0.0010,    13.2000]
offset_0        14     19.846829 [-9995.2560, 10011.7850]

----- dataset: RVdata_expres             ----- model: gp_multidimensional           
rot_amp         15      9.621355 [    0.0000,    10.0000]
con_amp         16     -2.045235 [  -20.0000,    20.0000]

----- dataset:  RVdata_harps
jitter_0        17      1.352871 [    0.0009,    12.4000]
offset_0        18     34.463429 [-9994.3075, 10013.5087]
offset_1        19     35.786682 [-9994.3075, 10013.5087]

----- dataset: RVdata_harps              ----- model: gp_multidimensional           
rot_amp         20      1.917122 [    0.0000,    10.0000]
con_amp         21     -4.607228 [  -20.0000,    20.0000]

----- dataset:  RVdata_neid
jitter_0        22      1.419131 [    0.0010,    12.3000]
offset_0        23     26.190563 [-9994.4136, 10013.1384]

----- dataset: RVdata_neid               ----- model: gp_multidimensional           
rot_amp         24      2.447804 [    0.0000,    10.0000]
con_amp         25     -3.005015 [  -20.0000,    20.0000]

----- dataset:  FIESTAdata_expres_mode1
jitter_0        26      0.847054 [    0.0017,    25.0503]
offset_0        27     25.682366 [-10002.1097, 10002.2693]

----- dataset: FIESTAdata_expres_mode1   ----- model: gp_multidimensional           
rot_amp         28      4.110486 [  -10.0000,    10.0000]
con_amp         29     -4.625849 [  -20.0000,    20.0000]

----- dataset:  FIESTAdata_expres_mode2
jitter_0        30      1.294966 [    0.0019,    28.7598]
offset_0        31    -28.468175 [-10003.4482, 10002.9389]

----- dataset: FIESTAdata_expres_mode2   ----- model: gp_multidimensional           
rot_amp         32      2.131226 [  -10.0000,    10.0000]
con_amp         33      5.144396 [  -20.0000,    20.0000]

----- dataset:  FIESTAdata_expres_mode3
jitter_0        34      3.805497 [    0.0044,    66.9305]
offset_0        35    -57.166025 [-10009.5094, 10007.6113]

----- dataset: FIESTAdata_expres_mode3   ----- model: gp_multidimensional           
rot_amp         36      2.171911 [  -10.0000,    10.0000]
con_amp         37     10.215173 [  -20.0000,    20.0000]

----- dataset:  FIESTAdata_harps_mode1
jitter_0        38      0.954071 [    0.0013,    14.0662]
offset_0        39    -17.148354 [-10001.8133, 10002.5041]

----- dataset: FIESTAdata_harps_mode1    ----- model: gp_multidimensional           
rot_amp         40     -1.157478 [  -10.0000,    10.0000]
con_amp         41      3.099740 [  -20.0000,    20.0000]

----- dataset:  FIESTAdata_harps_mode2
jitter_0        42      1.772614 [    0.0016,    16.6180]
offset_0        43     15.450351 [-10003.5565, 10001.9037]

----- dataset: FIESTAdata_harps_mode2    ----- model: gp_multidimensional           
rot_amp         44      0.998192 [  -10.0000,    10.0000]
con_amp         45     -2.757241 [  -20.0000,    20.0000]

----- dataset:  FIESTAdata_harps_mode3
jitter_0        46      4.759178 [    0.0044,    47.5109]
offset_0        47     90.465086 [-10008.9791, 10011.9671]

----- dataset: FIESTAdata_harps_mode3    ----- model: gp_multidimensional           
rot_amp         48      4.962050 [  -10.0000,    10.0000]
con_amp         49    -16.319138 [  -20.0000,    20.0000]

----- dataset:  FIESTAdata_harpsn_mode1
jitter_0        50      1.499162 [    0.0010,    12.1214]
offset_0        51     11.872788 [-10002.8709, 10003.2575]

----- dataset: FIESTAdata_harpsn_mode1   ----- model: gp_multidimensional           
rot_amp         52      5.338981 [  -10.0000,    10.0000]
con_amp         53     -2.133594 [  -20.0000,    20.0000]

----- dataset:  FIESTAdata_harpsn_mode2
jitter_0        54      1.878832 [    0.0011,    14.0279]
offset_0        55    -25.610055 [-10004.2807, 10004.3031]

----- dataset: FIESTAdata_harpsn_mode2   ----- model: gp_multidimensional           
rot_amp         56     -6.012287 [  -10.0000,    10.0000]
con_amp         57      4.614157 [  -20.0000,    20.0000]

----- dataset:  FIESTAdata_harpsn_mode3
jitter_0        58      3.489776 [    0.0032,    39.3660]
offset_0        59    -32.551424 [-10009.8611, 10009.4438]

----- dataset: FIESTAdata_harpsn_mode3   ----- model: gp_multidimensional           
rot_amp         60      0.975085 [  -10.0000,    10.0000]
con_amp         61      5.932475 [  -20.0000,    20.0000]

----- dataset:  FIESTAdata_neid_mode1
jitter_0        62      0.799280 [    0.0016,    19.1721]
offset_0        63     24.884262 [-10002.5191, 10002.0921]

----- dataset: FIESTAdata_neid_mode1     ----- model: gp_multidimensional           
rot_amp         64     -0.147117 [  -10.0000,    10.0000]
con_amp         65     -4.517090 [  -20.0000,    20.0000]

----- dataset:  FIESTAdata_neid_mode2
jitter_0        66      1.033986 [    0.0020,    23.1467]
offset_0        67    -36.914868 [-10002.4052, 10004.2542]

----- dataset: FIESTAdata_neid_mode2     ----- model: gp_multidimensional           
rot_amp         68     -9.693879 [  -10.0000,    10.0000]
con_amp         69      6.657957 [  -20.0000,    20.0000]

----- dataset:  FIESTAdata_neid_mode3
jitter_0        70      3.647775 [    0.0049,    58.2853]
offset_0        71     -4.098493 [-10010.0578, 10009.4503]

----- dataset: FIESTAdata_neid_mode3     ----- model: gp_multidimensional           
rot_amp         72      6.542023 [  -10.0000,    10.0000]
con_amp         73      0.769027 [  -20.0000,    20.0000]

----- common model:  b
P                0      2.275307 [    0.1375,     6.6439]
K                1     -3.013182 [   -9.9658,     3.3219]
e                2      0.064357 [    0.0000,     0.7000]
omega            3     84.207790 [    0.0000,   360.0000]
mean_long        4    285.858702 [    0.0000,   360.0000]

----- common model:  c
P                5      3.713950 [    0.1375,     6.6439]
K                6     -0.893160 [   -9.9658,     3.3219]
e                7      0.033490 [    0.0000,     0.7000]
omega            8     87.771088 [    0.0000,   360.0000]
mean_long        9    176.471599 [    0.0000,   360.0000]

----- common model:  activity
Prot            10     30.617215 [   22.0000,    32.0000]
Pdec            11    289.040730 [   10.0000,   300.0000]
Oamp            12     -1.175665 [   -6.6439,     0.0000]

----- common model:  star_parameters

====================================================================================================
     Statistics on the model parameters obtained from the posteriors samples     
====================================================================================================

----- dataset:  RVdata_expres
jitter_0              1.700608 
offset_0             19.846829 


----- dataset: RVdata_expres             ----- model: gp_multidimensional           
rot_amp               9.621355 
con_amp              -2.045235 

----- dataset:  RVdata_harps
jitter_0              1.352871 
offset_0             34.463429 
offset_1             35.786682 


----- dataset: RVdata_harps              ----- model: gp_multidimensional           
rot_amp               1.917122 
con_amp              -4.607228 

----- dataset:  RVdata_neid
jitter_0              1.419131 
offset_0             26.190563 


----- dataset: RVdata_neid               ----- model: gp_multidimensional           
rot_amp               2.447804 
con_amp              -3.005015 

----- dataset:  FIESTAdata_expres_mode1
jitter_0              0.847054 
offset_0             25.682366 


----- dataset: FIESTAdata_expres_mode1   ----- model: gp_multidimensional           
rot_amp               4.110486 
con_amp              -4.625849 

----- dataset:  FIESTAdata_expres_mode2
jitter_0              1.294966 
offset_0            -28.468175 


----- dataset: FIESTAdata_expres_mode2   ----- model: gp_multidimensional           
rot_amp               2.131226 
con_amp               5.144396 

----- dataset:  FIESTAdata_expres_mode3
jitter_0              3.805497 
offset_0            -57.166025 


----- dataset: FIESTAdata_expres_mode3   ----- model: gp_multidimensional           
rot_amp               2.171911 
con_amp              10.215173 

----- dataset:  FIESTAdata_harps_mode1
jitter_0              0.954071 
offset_0            -17.148354 


----- dataset: FIESTAdata_harps_mode1    ----- model: gp_multidimensional           
rot_amp              -1.157478 
con_amp               3.099740 

----- dataset:  FIESTAdata_harps_mode2
jitter_0              1.772614 
offset_0             15.450351 


----- dataset: FIESTAdata_harps_mode2    ----- model: gp_multidimensional           
rot_amp               0.998192 
con_amp              -2.757241 

----- dataset:  FIESTAdata_harps_mode3
jitter_0              4.759178 
offset_0             90.465086 


----- dataset: FIESTAdata_harps_mode3    ----- model: gp_multidimensional           
rot_amp               4.962050 
con_amp             -16.319138 

----- dataset:  FIESTAdata_harpsn_mode1
jitter_0              1.499162 
offset_0             11.872788 


----- dataset: FIESTAdata_harpsn_mode1   ----- model: gp_multidimensional           
rot_amp               5.338981 
con_amp              -2.133594 

----- dataset:  FIESTAdata_harpsn_mode2
jitter_0              1.878832 
offset_0            -25.610055 


----- dataset: FIESTAdata_harpsn_mode2   ----- model: gp_multidimensional           
rot_amp              -6.012287 
con_amp               4.614157 

----- dataset:  FIESTAdata_harpsn_mode3
jitter_0              3.489776 
offset_0            -32.551424 


----- dataset: FIESTAdata_harpsn_mode3   ----- model: gp_multidimensional           
rot_amp               0.975085 
con_amp               5.932475 

----- dataset:  FIESTAdata_neid_mode1
jitter_0              0.799280 
offset_0             24.884262 


----- dataset: FIESTAdata_neid_mode1     ----- model: gp_multidimensional           
rot_amp              -0.147117 
con_amp              -4.517090 

----- dataset:  FIESTAdata_neid_mode2
jitter_0              1.033986 
offset_0            -36.914868 


----- dataset: FIESTAdata_neid_mode2     ----- model: gp_multidimensional           
rot_amp              -9.693879 
con_amp               6.657957 

----- dataset:  FIESTAdata_neid_mode3
jitter_0              3.647775 
offset_0             -4.098493 


----- dataset: FIESTAdata_neid_mode3     ----- model: gp_multidimensional           
rot_amp               6.542023 
con_amp               0.769027 

----- common model:  b
P                     4.841008 
K                     0.123863 
e                     0.064357 
omega                84.207790 
mean_long           285.858702 

----- common model:  c
P                    13.122315 
K                     0.538433 
e                     0.033490 
omega                87.771088 
mean_long           176.471599 

----- common model:  activity
Prot                 30.617215 
Pdec                289.040730 
Oamp                  0.442680 

----- common model:  star_parameters

====================================================================================================
     Statistics on the derived parameters obtained from the posteriors samples     
====================================================================================================

----- common model:  b
Inclination fixed to 90 deg!
a_Rs                 12.037601 
M_Mj                  0.001029 
M_Me                  0.326991 
Tc                59336.897885 
a_AU_(M)              0.056005 
a_AU_(rho,R)          0.056005 

----- common model:  c
Inclination fixed to 90 deg!
a_Rs                 23.402141 
M_Mj                  0.006244 
M_Me                  1.984917 
Tc                59344.665226 
a_AU_(M)              0.108878 
a_AU_(rho,R)          0.108878 


====================================================================================================
     ------------------------------------------------------------------------------------------     
====================================================================================================



****************************************************************************************************

 Parameters corresponding to the sample closest to the median values ( -2487.2123980408114 )

====================================================================================================
     Statistics on the posterior of the sampler parameters     
====================================================================================================

----- dataset:  RVdata_expres
jitter_0        13      1.594026 [    0.0010,    13.2000]
offset_0        14     38.759163 [-9995.2560, 10011.7850]

----- dataset: RVdata_expres             ----- model: gp_multidimensional           
rot_amp         15      9.324210 [    0.0000,    10.0000]
con_amp         16     -5.473927 [  -20.0000,    20.0000]

----- dataset:  RVdata_harps
jitter_0        17      1.368732 [    0.0009,    12.4000]
offset_0        18     28.457602 [-9994.3075, 10013.5087]
offset_1        19     29.774251 [-9994.3075, 10013.5087]

----- dataset: RVdata_harps              ----- model: gp_multidimensional           
rot_amp         20      2.622284 [    0.0000,    10.0000]
con_amp         21     -3.523944 [  -20.0000,    20.0000]

----- dataset:  RVdata_neid
jitter_0        22      1.280966 [    0.0010,    12.3000]
offset_0        23     36.400856 [-9994.4136, 10013.1384]

----- dataset: RVdata_neid               ----- model: gp_multidimensional           
rot_amp         24      4.187092 [    0.0000,    10.0000]
con_amp         25     -4.885990 [  -20.0000,    20.0000]

----- dataset:  FIESTAdata_expres_mode1
jitter_0        26      0.850560 [    0.0017,    25.0503]
offset_0        27     24.940095 [-10002.1097, 10002.2693]

----- dataset: FIESTAdata_expres_mode1   ----- model: gp_multidimensional           
rot_amp         28      1.011059 [  -10.0000,    10.0000]
con_amp         29     -4.504321 [  -20.0000,    20.0000]

----- dataset:  FIESTAdata_expres_mode2
jitter_0        30      1.310917 [    0.0019,    28.7598]
offset_0        31    -25.244445 [-10003.4482, 10002.9389]

----- dataset: FIESTAdata_expres_mode2   ----- model: gp_multidimensional           
rot_amp         32      3.704353 [  -10.0000,    10.0000]
con_amp         33      4.563682 [  -20.0000,    20.0000]

----- dataset:  FIESTAdata_expres_mode3
jitter_0        34      3.322769 [    0.0044,    66.9305]
offset_0        35    -72.998630 [-10009.5094, 10007.6113]

----- dataset: FIESTAdata_expres_mode3   ----- model: gp_multidimensional           
rot_amp         36      1.522931 [  -10.0000,    10.0000]
con_amp         37     13.178371 [  -20.0000,    20.0000]

----- dataset:  FIESTAdata_harps_mode1
jitter_0        38      1.061882 [    0.0013,    14.0662]
offset_0        39    -45.709678 [-10001.8133, 10002.5041]

----- dataset: FIESTAdata_harps_mode1    ----- model: gp_multidimensional           
rot_amp         40      5.608226 [  -10.0000,    10.0000]
con_amp         41      8.267870 [  -20.0000,    20.0000]

----- dataset:  FIESTAdata_harps_mode2
jitter_0        42      1.444129 [    0.0016,    16.6180]
offset_0        43     33.800665 [-10003.5565, 10001.9037]

----- dataset: FIESTAdata_harps_mode2    ----- model: gp_multidimensional           
rot_amp         44     -0.032270 [  -10.0000,    10.0000]
con_amp         45     -6.177146 [  -20.0000,    20.0000]

----- dataset:  FIESTAdata_harps_mode3
jitter_0        46      4.813626 [    0.0044,    47.5109]
offset_0        47     86.821413 [-10008.9791, 10011.9671]

----- dataset: FIESTAdata_harps_mode3    ----- model: gp_multidimensional           
rot_amp         48     -2.153888 [  -10.0000,    10.0000]
con_amp         49    -15.732154 [  -20.0000,    20.0000]

----- dataset:  FIESTAdata_harpsn_mode1
jitter_0        50      1.463326 [    0.0010,    12.1214]
offset_0        51     26.844670 [-10002.8709, 10003.2575]

----- dataset: FIESTAdata_harpsn_mode1   ----- model: gp_multidimensional           
rot_amp         52     -0.366386 [  -10.0000,    10.0000]
con_amp         53     -4.835013 [  -20.0000,    20.0000]

----- dataset:  FIESTAdata_harpsn_mode2
jitter_0        54      1.684319 [    0.0011,    14.0279]
offset_0        55    -39.242653 [-10004.2807, 10004.3031]

----- dataset: FIESTAdata_harpsn_mode2   ----- model: gp_multidimensional           
rot_amp         56     -5.453845 [  -10.0000,    10.0000]
con_amp         57      7.131703 [  -20.0000,    20.0000]

----- dataset:  FIESTAdata_harpsn_mode3
jitter_0        58      3.823338 [    0.0032,    39.3660]
offset_0        59    -77.204640 [-10009.8611, 10009.4438]

----- dataset: FIESTAdata_harpsn_mode3   ----- model: gp_multidimensional           
rot_amp         60      3.352741 [  -10.0000,    10.0000]
con_amp         61     14.007931 [  -20.0000,    20.0000]

----- dataset:  FIESTAdata_neid_mode1
jitter_0        62      0.816134 [    0.0016,    19.1721]
offset_0        63     24.333511 [-10002.5191, 10002.0921]

----- dataset: FIESTAdata_neid_mode1     ----- model: gp_multidimensional           
rot_amp         64      0.759075 [  -10.0000,    10.0000]
con_amp         65     -4.395097 [  -20.0000,    20.0000]

----- dataset:  FIESTAdata_neid_mode2
jitter_0        66      1.034825 [    0.0020,    23.1467]
offset_0        67    -36.747156 [-10002.4052, 10004.2542]

----- dataset: FIESTAdata_neid_mode2     ----- model: gp_multidimensional           
rot_amp         68     -2.399525 [  -10.0000,    10.0000]
con_amp         69      6.635636 [  -20.0000,    20.0000]

----- dataset:  FIESTAdata_neid_mode3
jitter_0        70      3.495219 [    0.0049,    58.2853]
offset_0        71      7.701602 [-10010.0578, 10009.4503]

----- dataset: FIESTAdata_neid_mode3     ----- model: gp_multidimensional           
rot_amp         72      3.096103 [  -10.0000,    10.0000]
con_amp         73     -1.394801 [  -20.0000,    20.0000]

----- common model:  b
P                0      3.965124 [    0.1375,     6.6439]
K                1     -8.518155 [   -9.9658,     3.3219]
e                2      0.083765 [    0.0000,     0.7000]
omega            3     35.630996 [    0.0000,   360.0000]
mean_long        4    177.223798 [    0.0000,   360.0000]

----- common model:  c
P                5      3.709150 [    0.1375,     6.6439]
K                6     -0.728409 [   -9.9658,     3.3219]
e                7      0.041278 [    0.0000,     0.7000]
omega            8     78.701246 [    0.0000,   360.0000]
mean_long        9    173.013628 [    0.0000,   360.0000]

----- common model:  activity
Prot            10     30.557983 [   22.0000,    32.0000]
Pdec            11    276.169135 [   10.0000,   300.0000]
Oamp            12     -1.111192 [   -6.6439,     0.0000]

----- common model:  star_parameters

====================================================================================================
     Statistics on the model parameters obtained from the posteriors samples     
====================================================================================================

----- dataset:  RVdata_expres
jitter_0              1.594026 
offset_0             38.759163 


----- dataset: RVdata_expres             ----- model: gp_multidimensional           
rot_amp               9.324210 
con_amp              -5.473927 

----- dataset:  RVdata_harps
jitter_0              1.368732 
offset_0             28.457602 
offset_1             29.774251 


----- dataset: RVdata_harps              ----- model: gp_multidimensional           
rot_amp               2.622284 
con_amp              -3.523944 

----- dataset:  RVdata_neid
jitter_0              1.280966 
offset_0             36.400856 


----- dataset: RVdata_neid               ----- model: gp_multidimensional           
rot_amp               4.187092 
con_amp              -4.885990 

----- dataset:  FIESTAdata_expres_mode1
jitter_0              0.850560 
offset_0             24.940095 


----- dataset: FIESTAdata_expres_mode1   ----- model: gp_multidimensional           
rot_amp               1.011059 
con_amp              -4.504321 

----- dataset:  FIESTAdata_expres_mode2
jitter_0              1.310917 
offset_0            -25.244445 


----- dataset: FIESTAdata_expres_mode2   ----- model: gp_multidimensional           
rot_amp               3.704353 
con_amp               4.563682 

----- dataset:  FIESTAdata_expres_mode3
jitter_0              3.322769 
offset_0            -72.998630 


----- dataset: FIESTAdata_expres_mode3   ----- model: gp_multidimensional           
rot_amp               1.522931 
con_amp              13.178371 

----- dataset:  FIESTAdata_harps_mode1
jitter_0              1.061882 
offset_0            -45.709678 


----- dataset: FIESTAdata_harps_mode1    ----- model: gp_multidimensional           
rot_amp               5.608226 
con_amp               8.267870 

----- dataset:  FIESTAdata_harps_mode2
jitter_0              1.444129 
offset_0             33.800665 


----- dataset: FIESTAdata_harps_mode2    ----- model: gp_multidimensional           
rot_amp              -0.032270 
con_amp              -6.177146 

----- dataset:  FIESTAdata_harps_mode3
jitter_0              4.813626 
offset_0             86.821413 


----- dataset: FIESTAdata_harps_mode3    ----- model: gp_multidimensional           
rot_amp              -2.153888 
con_amp             -15.732154 

----- dataset:  FIESTAdata_harpsn_mode1
jitter_0              1.463326 
offset_0             26.844670 


----- dataset: FIESTAdata_harpsn_mode1   ----- model: gp_multidimensional           
rot_amp              -0.366386 
con_amp              -4.835013 

----- dataset:  FIESTAdata_harpsn_mode2
jitter_0              1.684319 
offset_0            -39.242653 


----- dataset: FIESTAdata_harpsn_mode2   ----- model: gp_multidimensional           
rot_amp              -5.453845 
con_amp               7.131703 

----- dataset:  FIESTAdata_harpsn_mode3
jitter_0              3.823338 
offset_0            -77.204640 


----- dataset: FIESTAdata_harpsn_mode3   ----- model: gp_multidimensional           
rot_amp               3.352741 
con_amp              14.007931 

----- dataset:  FIESTAdata_neid_mode1
jitter_0              0.816134 
offset_0             24.333511 


----- dataset: FIESTAdata_neid_mode1     ----- model: gp_multidimensional           
rot_amp               0.759075 
con_amp              -4.395097 

----- dataset:  FIESTAdata_neid_mode2
jitter_0              1.034825 
offset_0            -36.747156 


----- dataset: FIESTAdata_neid_mode2     ----- model: gp_multidimensional           
rot_amp              -2.399525 
con_amp               6.635636 

----- dataset:  FIESTAdata_neid_mode3
jitter_0              3.495219 
offset_0              7.701602 


----- dataset: FIESTAdata_neid_mode3     ----- model: gp_multidimensional           
rot_amp               3.096103 
con_amp              -1.394801 

----- common model:  b
P                    15.617856 
K                     0.002728 
e                     0.083765 
omega                35.630996 
mean_long           177.223798 

----- common model:  c
P                    13.078729 
K                     0.603569 
e                     0.041278 
omega                78.701246 
mean_long           173.013628 

----- common model:  activity
Prot                 30.557983 
Pdec                276.169135 
Oamp                  0.462911 

----- common model:  star_parameters

====================================================================================================
     Statistics on the derived parameters obtained from the posteriors samples     
====================================================================================================

----- common model:  b
Inclination fixed to 90 deg!
a_Rs                 26.282286 
M_Mj                  0.000033 
M_Me                  0.010624 
Tc                59346.207803 
a_AU_(M)              0.122278 
a_AU_(rho,R)          0.122278 

----- common model:  c
Inclination fixed to 90 deg!
a_Rs                 23.350332 
M_Mj                  0.006990 
M_Me                  2.221926 
Tc                59344.730372 
a_AU_(M)              0.108637 
a_AU_(rho,R)          0.108637 


====================================================================================================
     ------------------------------------------------------------------------------------------     
====================================================================================================



****************************************************************************************************

Inclination fixed to 90 deg!
Inclination fixed to 90 deg!
Note: stellar density derived from stellar mass and radius

Inclination fixed to 90 deg!
Inclination fixed to 90 deg!
Inclination fixed to 90 deg!
Inclination fixed to 90 deg!
 Skipping full correlation plot due to the high number of parameters
 To avoid this behaviour, set the keyword parameters:force_full_correlation_plot to True

****************************************************************************************************

Plotting the common models corner plots
     Common model:  b
     Common model:  c
     Common model:  activity
     Common model:  star_parameters

****************************************************************************************************

Plotting the dataset + models corner plots 

     Dataset:  RVdata_expres     model:  gp_multidimensional  corner plot  starting 
     Dataset:  RVdata_expres     model:  gp_multidimensional  corner plot  done 
     Dataset:  RVdata_expres     model:  radial_velocities_b  corner plot  starting 
     Dataset:  RVdata_expres     model:  radial_velocities_b  corner plot  done 
     Dataset:  RVdata_expres     model:  radial_velocities_c  corner plot  starting 
     Dataset:  RVdata_expres     model:  radial_velocities_c  corner plot  done 
     Dataset:  RVdata_harps     model:  gp_multidimensional  corner plot  starting 
     Dataset:  RVdata_harps     model:  gp_multidimensional  corner plot  done 
     Dataset:  RVdata_harps     model:  radial_velocities_b  corner plot  starting 
     Dataset:  RVdata_harps     model:  radial_velocities_b  corner plot  done 
     Dataset:  RVdata_harps     model:  radial_velocities_c  corner plot  starting 
     Dataset:  RVdata_harps     model:  radial_velocities_c  corner plot  done 
     Dataset:  RVdata_neid     model:  gp_multidimensional  corner plot  starting 
     Dataset:  RVdata_neid     model:  gp_multidimensional  corner plot  done 
     Dataset:  RVdata_neid     model:  radial_velocities_b  corner plot  starting 
     Dataset:  RVdata_neid     model:  radial_velocities_b  corner plot  done 
     Dataset:  RVdata_neid     model:  radial_velocities_c  corner plot  starting 
     Dataset:  RVdata_neid     model:  radial_velocities_c  corner plot  done 
     Dataset:  FIESTAdata_expres_mode1     model:  gp_multidimensional  corner plot  starting 
     Dataset:  FIESTAdata_expres_mode1     model:  gp_multidimensional  corner plot  done 
     Dataset:  FIESTAdata_expres_mode2     model:  gp_multidimensional  corner plot  starting 
     Dataset:  FIESTAdata_expres_mode2     model:  gp_multidimensional  corner plot  done 
     Dataset:  FIESTAdata_expres_mode3     model:  gp_multidimensional  corner plot  starting 
     Dataset:  FIESTAdata_expres_mode3     model:  gp_multidimensional  corner plot  done 
     Dataset:  FIESTAdata_harps_mode1     model:  gp_multidimensional  corner plot  starting 
     Dataset:  FIESTAdata_harps_mode1     model:  gp_multidimensional  corner plot  done 
     Dataset:  FIESTAdata_harps_mode2     model:  gp_multidimensional  corner plot  starting 
     Dataset:  FIESTAdata_harps_mode2     model:  gp_multidimensional  corner plot  done 
     Dataset:  FIESTAdata_harps_mode3     model:  gp_multidimensional  corner plot  starting 
     Dataset:  FIESTAdata_harps_mode3     model:  gp_multidimensional  corner plot  done 
     Dataset:  FIESTAdata_harpsn_mode1     model:  gp_multidimensional  corner plot  starting 
     Dataset:  FIESTAdata_harpsn_mode1     model:  gp_multidimensional  corner plot  done 
     Dataset:  FIESTAdata_harpsn_mode2     model:  gp_multidimensional  corner plot  starting 
     Dataset:  FIESTAdata_harpsn_mode2     model:  gp_multidimensional  corner plot  done 
     Dataset:  FIESTAdata_harpsn_mode3     model:  gp_multidimensional  corner plot  starting 
     Dataset:  FIESTAdata_harpsn_mode3     model:  gp_multidimensional  corner plot  done 
     Dataset:  FIESTAdata_neid_mode1     model:  gp_multidimensional  corner plot  starting 
     Dataset:  FIESTAdata_neid_mode1     model:  gp_multidimensional  corner plot  done 
     Dataset:  FIESTAdata_neid_mode2     model:  gp_multidimensional  corner plot  starting 
     Dataset:  FIESTAdata_neid_mode2     model:  gp_multidimensional  corner plot  done 
     Dataset:  FIESTAdata_neid_mode3     model:  gp_multidimensional  corner plot  starting 
     Dataset:  FIESTAdata_neid_mode3     model:  gp_multidimensional  corner plot  done 

****************************************************************************************************

 Saving the planet parameter samplings to files (with plots)

****************************************************************************************************

 Saving all the parameter samplings to files (with plots)

****************************************************************************************************

 Computing the models for plot/data writing 
     Splitting the plot array to allow GP prediction of extended datasets, it may take a while...
     # 21 chunks of 90 times each
     Check the documentation if the code is taking too long or if it crashes...
     Splitting the plot array to allow GP prediction of extended datasets, it may take a while...
     # 21 chunks of 90 times each
     Check the documentation if the code is taking too long or if it crashes...
     Splitting the plot array to allow GP prediction of extended datasets, it may take a while...
     # 21 chunks of 90 times each
     Check the documentation if the code is taking too long or if it crashes...
     Splitting the plot array to allow GP prediction of extended datasets, it may take a while...
     # 15 chunks of 90 times each
     Check the documentation if the code is taking too long or if it crashes...
     Splitting the plot array to allow GP prediction of extended datasets, it may take a while...
     # 15 chunks of 90 times each
     Check the documentation if the code is taking too long or if it crashes...
     Splitting the plot array to allow GP prediction of extended datasets, it may take a while...
     # 15 chunks of 90 times each
     Check the documentation if the code is taking too long or if it crashes...
     Splitting the plot array to allow GP prediction of extended datasets, it may take a while...
     # 5 chunks of 90 times each
     Check the documentation if the code is taking too long or if it crashes...
     Splitting the plot array to allow GP prediction of extended datasets, it may take a while...
     # 5 chunks of 90 times each
     Check the documentation if the code is taking too long or if it crashes...
     Splitting the plot array to allow GP prediction of extended datasets, it may take a while...
     # 5 chunks of 90 times each
     Check the documentation if the code is taking too long or if it crashes...
     Splitting the plot array to allow GP prediction of extended datasets, it may take a while...
     # 13 chunks of 90 times each
     Check the documentation if the code is taking too long or if it crashes...
     Splitting the plot array to allow GP prediction of extended datasets, it may take a while...
     # 13 chunks of 90 times each
     Check the documentation if the code is taking too long or if it crashes...
     Splitting the plot array to allow GP prediction of extended datasets, it may take a while...
     # 13 chunks of 90 times each
     Check the documentation if the code is taking too long or if it crashes...
     Splitting the plot array to allow GP prediction of extended datasets, it may take a while...
     # 13 chunks of 90 times each
     Check the documentation if the code is taking too long or if it crashes...
     Splitting the plot array to allow GP prediction of extended datasets, it may take a while...
     # 13 chunks of 90 times each
     Check the documentation if the code is taking too long or if it crashes...
     Splitting the plot array to allow GP prediction of extended datasets, it may take a while...
     # 13 chunks of 90 times each
     Check the documentation if the code is taking too long or if it crashes...
     Splitting the plot array to allow GP prediction of extended datasets, it may take a while...
     # 21 chunks of 90 times each
     Check the documentation if the code is taking too long or if it crashes...
     Splitting the plot array to allow GP prediction of extended datasets, it may take a while...
     # 21 chunks of 90 times each
     Check the documentation if the code is taking too long or if it crashes...
     Splitting the plot array to allow GP prediction of extended datasets, it may take a while...
     # 21 chunks of 90 times each
     Check the documentation if the code is taking too long or if it crashes...
     Splitting the plot array to allow GP prediction of extended datasets, it may take a while...
     # 15 chunks of 90 times each
     Check the documentation if the code is taking too long or if it crashes...
     Splitting the plot array to allow GP prediction of extended datasets, it may take a while...
     # 15 chunks of 90 times each
     Check the documentation if the code is taking too long or if it crashes...
     Splitting the plot array to allow GP prediction of extended datasets, it may take a while...
     # 15 chunks of 90 times each
     Check the documentation if the code is taking too long or if it crashes...
     Splitting the plot array to allow GP prediction of extended datasets, it may take a while...
     # 5 chunks of 90 times each
     Check the documentation if the code is taking too long or if it crashes...
     Splitting the plot array to allow GP prediction of extended datasets, it may take a while...
     # 5 chunks of 90 times each
     Check the documentation if the code is taking too long or if it crashes...
     Splitting the plot array to allow GP prediction of extended datasets, it may take a while...
     # 5 chunks of 90 times each
     Check the documentation if the code is taking too long or if it crashes...
     Splitting the plot array to allow GP prediction of extended datasets, it may take a while...
     # 13 chunks of 90 times each
     Check the documentation if the code is taking too long or if it crashes...
     Splitting the plot array to allow GP prediction of extended datasets, it may take a while...
     # 13 chunks of 90 times each
     Check the documentation if the code is taking too long or if it crashes...
     Splitting the plot array to allow GP prediction of extended datasets, it may take a while...
     # 13 chunks of 90 times each
     Check the documentation if the code is taking too long or if it crashes...
     Splitting the plot array to allow GP prediction of extended datasets, it may take a while...
     # 13 chunks of 90 times each
     Check the documentation if the code is taking too long or if it crashes...
     Splitting the plot array to allow GP prediction of extended datasets, it may take a while...
     # 13 chunks of 90 times each
     Check the documentation if the code is taking too long or if it crashes...
     Splitting the plot array to allow GP prediction of extended datasets, it may take a while...
     # 13 chunks of 90 times each
     Check the documentation if the code is taking too long or if it crashes...
     Splitting the plot array to allow GP prediction of extended datasets, it may take a while...
     # 21 chunks of 90 times each
     Check the documentation if the code is taking too long or if it crashes...
     Splitting the plot array to allow GP prediction of extended datasets, it may take a while...
     # 21 chunks of 90 times each
     Check the documentation if the code is taking too long or if it crashes...
     Splitting the plot array to allow GP prediction of extended datasets, it may take a while...
     # 21 chunks of 90 times each
     Check the documentation if the code is taking too long or if it crashes...
     Splitting the plot array to allow GP prediction of extended datasets, it may take a while...
     # 15 chunks of 90 times each
     Check the documentation if the code is taking too long or if it crashes...
     Splitting the plot array to allow GP prediction of extended datasets, it may take a while...
     # 15 chunks of 90 times each
     Check the documentation if the code is taking too long or if it crashes...
     Splitting the plot array to allow GP prediction of extended datasets, it may take a while...
     # 15 chunks of 90 times each
     Check the documentation if the code is taking too long or if it crashes...
     Splitting the plot array to allow GP prediction of extended datasets, it may take a while...
     # 5 chunks of 90 times each
     Check the documentation if the code is taking too long or if it crashes...
     Splitting the plot array to allow GP prediction of extended datasets, it may take a while...
     # 5 chunks of 90 times each
     Check the documentation if the code is taking too long or if it crashes...
     Splitting the plot array to allow GP prediction of extended datasets, it may take a while...
     # 5 chunks of 90 times each
     Check the documentation if the code is taking too long or if it crashes...
     Splitting the plot array to allow GP prediction of extended datasets, it may take a while...
     # 13 chunks of 90 times each
     Check the documentation if the code is taking too long or if it crashes...
     Splitting the plot array to allow GP prediction of extended datasets, it may take a while...
     # 13 chunks of 90 times each
     Check the documentation if the code is taking too long or if it crashes...
     Splitting the plot array to allow GP prediction of extended datasets, it may take a while...
     # 13 chunks of 90 times each
     Check the documentation if the code is taking too long or if it crashes...
     Splitting the plot array to allow GP prediction of extended datasets, it may take a while...
     # 13 chunks of 90 times each
     Check the documentation if the code is taking too long or if it crashes...
     Splitting the plot array to allow GP prediction of extended datasets, it may take a while...
     # 13 chunks of 90 times each
     Check the documentation if the code is taking too long or if it crashes...
     Splitting the plot array to allow GP prediction of extended datasets, it may take a while...
     # 13 chunks of 90 times each
     Check the documentation if the code is taking too long or if it crashes...
 Writing the plots 
 Writing the   data files 
 Writing the  MAP_ data files 
 Writing the  sampleMED_ data files 

****************************************************************************************************

